[2023-04-14T22:48:40.620-0400][gc,init] CardTable entry size: 512
[2023-04-14T22:48:40.620-0400][gc     ] Using G1
[2023-04-14T22:48:40.625-0400][gc,init] Version: 19.0.2+7-44 (release)
[2023-04-14T22:48:40.625-0400][gc,init] CPUs: 8 total, 8 available
[2023-04-14T22:48:40.625-0400][gc,init] Memory: 16384M
[2023-04-14T22:48:40.625-0400][gc,init] Large Page Support: Disabled
[2023-04-14T22:48:40.625-0400][gc,init] NUMA Support: Disabled
[2023-04-14T22:48:40.625-0400][gc,init] Compressed Oops: Enabled (Zero based)
[2023-04-14T22:48:40.625-0400][gc,init] Heap Region Size: 1M
[2023-04-14T22:48:40.625-0400][gc,init] Heap Min Capacity: 1G
[2023-04-14T22:48:40.625-0400][gc,init] Heap Initial Capacity: 1G
[2023-04-14T22:48:40.625-0400][gc,init] Heap Max Capacity: 1G
[2023-04-14T22:48:40.625-0400][gc,init] Pre-touch: Disabled
[2023-04-14T22:48:40.625-0400][gc,init] Parallel Workers: 8
[2023-04-14T22:48:40.625-0400][gc,init] Concurrent Workers: 2
[2023-04-14T22:48:40.625-0400][gc,init] Concurrent Refinement Workers: 8
[2023-04-14T22:48:40.625-0400][gc,init] Periodic GC: Disabled
[2023-04-14T22:48:40.626-0400][gc,metaspace] CDS archive(s) mapped at: [0x0000000800000000-0x0000000800c44000-0x0000000800c44000), size 12861440, SharedBaseAddress: 0x0000000800000000, ArchiveRelocationMode: 0.
[2023-04-14T22:48:40.626-0400][gc,metaspace] Compressed class space mapped at: 0x0000000801000000-0x0000000841000000, reserved size: 1073741824
[2023-04-14T22:48:40.626-0400][gc,metaspace] Narrow klass base: 0x0000000800000000, Narrow klass shift: 0, Narrow klass range: 0x100000000
[2023-04-14T22:48:41.908-0400][gc,start    ] GC(0) Pause Young (Normal) (G1 Evacuation Pause)
[2023-04-14T22:48:41.909-0400][gc,task     ] GC(0) Using 8 workers of 8 for evacuation
[2023-04-14T22:48:41.913-0400][gc,phases   ] GC(0)   Pre Evacuate Collection Set: 0.1ms
[2023-04-14T22:48:41.930-0400][gc,phases   ] GC(0)   Merge Heap Roots: 0.1ms
[2023-04-14T22:48:41.930-0400][gc,phases   ] GC(0)   Evacuate Collection Set: 3.1ms
[2023-04-14T22:48:41.930-0400][gc,phases   ] GC(0)   Post Evacuate Collection Set: 0.3ms
[2023-04-14T22:48:41.930-0400][gc,phases   ] GC(0)   Other: 0.4ms
[2023-04-14T22:48:41.930-0400][gc,heap     ] GC(0) Eden regions: 51->0(44)
[2023-04-14T22:48:41.930-0400][gc,heap     ] GC(0) Survivor regions: 0->7(7)
[2023-04-14T22:48:41.930-0400][gc,heap     ] GC(0) Old regions: 0->1
[2023-04-14T22:48:41.930-0400][gc,heap     ] GC(0) Archive regions: 2->2
[2023-04-14T22:48:41.930-0400][gc,heap     ] GC(0) Humongous regions: 0->0
[2023-04-14T22:48:41.930-0400][gc,metaspace] GC(0) Metaspace: 18661K(18880K)->18661K(18880K) NonClass: 16549K(16640K)->16549K(16640K) Class: 2112K(2240K)->2112K(2240K)
[2023-04-14T22:48:41.930-0400][gc          ] GC(0) Pause Young (Normal) (G1 Evacuation Pause) 51M->8M(1024M) 21.841ms
[2023-04-14T22:48:41.930-0400][gc,cpu      ] GC(0) User=0.02s Sys=0.01s Real=0.03s
[2023-04-14T22:48:42.091-0400][gc,start    ] GC(1) Pause Young (Concurrent Start) (Metadata GC Threshold)
[2023-04-14T22:48:42.091-0400][gc,task     ] GC(1) Using 8 workers of 8 for evacuation
[2023-04-14T22:48:42.096-0400][gc,phases   ] GC(1)   Pre Evacuate Collection Set: 0.2ms
[2023-04-14T22:48:42.096-0400][gc,phases   ] GC(1)   Merge Heap Roots: 0.1ms
[2023-04-14T22:48:42.096-0400][gc,phases   ] GC(1)   Evacuate Collection Set: 4.3ms
[2023-04-14T22:48:42.096-0400][gc,phases   ] GC(1)   Post Evacuate Collection Set: 0.3ms
[2023-04-14T22:48:42.096-0400][gc,phases   ] GC(1)   Other: 0.1ms
[2023-04-14T22:48:42.096-0400][gc,heap     ] GC(1) Eden regions: 11->0(50)
[2023-04-14T22:48:42.096-0400][gc,heap     ] GC(1) Survivor regions: 7->1(7)
[2023-04-14T22:48:42.096-0400][gc,heap     ] GC(1) Old regions: 1->8
[2023-04-14T22:48:42.096-0400][gc,heap     ] GC(1) Archive regions: 2->2
[2023-04-14T22:48:42.096-0400][gc,heap     ] GC(1) Humongous regions: 0->0
[2023-04-14T22:48:42.096-0400][gc,metaspace] GC(1) Metaspace: 21285K(21504K)->21285K(21504K) NonClass: 18851K(18944K)->18851K(18944K) Class: 2433K(2560K)->2433K(2560K)
[2023-04-14T22:48:42.096-0400][gc          ] GC(1) Pause Young (Concurrent Start) (Metadata GC Threshold) 18M->9M(1024M) 5.165ms
[2023-04-14T22:48:42.096-0400][gc,cpu      ] GC(1) User=0.02s Sys=0.01s Real=0.00s
[2023-04-14T22:48:42.096-0400][gc          ] GC(2) Concurrent Mark Cycle
[2023-04-14T22:48:42.096-0400][gc,marking  ] GC(2) Concurrent Clear Claimed Marks
[2023-04-14T22:48:42.096-0400][gc,marking  ] GC(2) Concurrent Clear Claimed Marks 0.032ms
[2023-04-14T22:48:42.096-0400][gc,marking  ] GC(2) Concurrent Scan Root Regions
[2023-04-14T22:48:42.098-0400][gc,marking  ] GC(2) Concurrent Scan Root Regions 1.750ms
[2023-04-14T22:48:42.098-0400][gc,marking  ] GC(2) Concurrent Mark
[2023-04-14T22:48:42.098-0400][gc,marking  ] GC(2) Concurrent Mark From Roots
[2023-04-14T22:48:42.098-0400][gc,task     ] GC(2) Using 2 workers of 2 for marking
[2023-04-14T22:48:42.098-0400][gc,marking  ] GC(2) Concurrent Mark From Roots 0.636ms
[2023-04-14T22:48:42.098-0400][gc,marking  ] GC(2) Concurrent Preclean
[2023-04-14T22:48:42.098-0400][gc,marking  ] GC(2) Concurrent Preclean 0.019ms
[2023-04-14T22:48:42.099-0400][gc,start    ] GC(2) Pause Remark
[2023-04-14T22:48:42.100-0400][gc          ] GC(2) Pause Remark 9M->9M(1024M) 1.314ms
[2023-04-14T22:48:42.100-0400][gc,cpu      ] GC(2) User=0.00s Sys=0.00s Real=0.01s
[2023-04-14T22:48:42.100-0400][gc,marking  ] GC(2) Concurrent Mark 2.163ms
[2023-04-14T22:48:42.100-0400][gc,marking  ] GC(2) Concurrent Rebuild Remembered Sets
[2023-04-14T22:48:42.102-0400][gc,marking  ] GC(2) Concurrent Rebuild Remembered Sets 1.749ms
[2023-04-14T22:48:42.102-0400][gc,start    ] GC(2) Pause Cleanup
[2023-04-14T22:48:42.102-0400][gc          ] GC(2) Pause Cleanup 9M->9M(1024M) 0.122ms
[2023-04-14T22:48:42.102-0400][gc,cpu      ] GC(2) User=0.00s Sys=0.00s Real=0.00s
[2023-04-14T22:48:42.102-0400][gc,marking  ] GC(2) Concurrent Cleanup for Next Mark
[2023-04-14T22:48:42.107-0400][gc,marking  ] GC(2) Concurrent Cleanup for Next Mark 4.796ms
[2023-04-14T22:48:42.107-0400][gc          ] GC(2) Concurrent Mark Cycle 10.945ms
[2023-04-14T22:48:44.194-0400][gc,start    ] GC(3) Pause Young (Normal) (G1 Evacuation Pause)
[2023-04-14T22:48:44.194-0400][gc,task     ] GC(3) Using 8 workers of 8 for evacuation
[2023-04-14T22:48:44.198-0400][gc,phases   ] GC(3)   Pre Evacuate Collection Set: 0.1ms
[2023-04-14T22:48:44.198-0400][gc,phases   ] GC(3)   Merge Heap Roots: 0.1ms
[2023-04-14T22:48:44.198-0400][gc,phases   ] GC(3)   Evacuate Collection Set: 3.8ms
[2023-04-14T22:48:44.198-0400][gc,phases   ] GC(3)   Post Evacuate Collection Set: 0.5ms
[2023-04-14T22:48:44.198-0400][gc,phases   ] GC(3)   Other: 0.1ms
[2023-04-14T22:48:44.198-0400][gc,heap     ] GC(3) Eden regions: 50->0(45)
[2023-04-14T22:48:44.198-0400][gc,heap     ] GC(3) Survivor regions: 1->6(7)
[2023-04-14T22:48:44.198-0400][gc,heap     ] GC(3) Old regions: 8->8
[2023-04-14T22:48:44.198-0400][gc,heap     ] GC(3) Archive regions: 2->2
[2023-04-14T22:48:44.198-0400][gc,heap     ] GC(3) Humongous regions: 129->129
[2023-04-14T22:48:44.198-0400][gc,metaspace] GC(3) Metaspace: 31465K(31808K)->31465K(31808K) NonClass: 28028K(28224K)->28028K(28224K) Class: 3437K(3584K)->3437K(3584K)
[2023-04-14T22:48:44.198-0400][gc          ] GC(3) Pause Young (Normal) (G1 Evacuation Pause) 188M->142M(1024M) 4.771ms
[2023-04-14T22:48:44.198-0400][gc,cpu      ] GC(3) User=0.03s Sys=0.01s Real=0.00s
[2023-04-14T22:48:44.392-0400][gc,start    ] GC(4) Pause Young (Concurrent Start) (GCLocker Initiated GC)
[2023-04-14T22:48:44.392-0400][gc,task     ] GC(4) Using 8 workers of 8 for evacuation
[2023-04-14T22:48:44.397-0400][gc,phases   ] GC(4)   Pre Evacuate Collection Set: 0.2ms
[2023-04-14T22:48:44.397-0400][gc,phases   ] GC(4)   Merge Heap Roots: 0.1ms
[2023-04-14T22:48:44.397-0400][gc,phases   ] GC(4)   Evacuate Collection Set: 3.9ms
[2023-04-14T22:48:44.397-0400][gc,phases   ] GC(4)   Post Evacuate Collection Set: 0.4ms
[2023-04-14T22:48:44.397-0400][gc,phases   ] GC(4)   Other: 0.0ms
[2023-04-14T22:48:44.397-0400][gc,heap     ] GC(4) Eden regions: 17->0(49)
[2023-04-14T22:48:44.397-0400][gc,heap     ] GC(4) Survivor regions: 6->2(7)
[2023-04-14T22:48:44.397-0400][gc,heap     ] GC(4) Old regions: 8->13
[2023-04-14T22:48:44.397-0400][gc,heap     ] GC(4) Archive regions: 2->2
[2023-04-14T22:48:44.397-0400][gc,heap     ] GC(4) Humongous regions: 129->129
[2023-04-14T22:48:44.397-0400][gc,metaspace] GC(4) Metaspace: 35689K(36032K)->35689K(36032K) NonClass: 31858K(32000K)->31858K(32000K) Class: 3831K(4032K)->3831K(4032K)
[2023-04-14T22:48:44.397-0400][gc          ] GC(4) Pause Young (Concurrent Start) (GCLocker Initiated GC) 158M->143M(1024M) 4.880ms
[2023-04-14T22:48:44.397-0400][gc,cpu      ] GC(4) User=0.03s Sys=0.00s Real=0.00s
[2023-04-14T22:48:44.397-0400][gc          ] GC(5) Concurrent Mark Cycle
[2023-04-14T22:48:44.397-0400][gc,marking  ] GC(5) Concurrent Clear Claimed Marks
[2023-04-14T22:48:44.397-0400][gc,marking  ] GC(5) Concurrent Clear Claimed Marks 0.022ms
[2023-04-14T22:48:44.397-0400][gc,marking  ] GC(5) Concurrent Scan Root Regions
[2023-04-14T22:48:44.401-0400][gc,marking  ] GC(5) Concurrent Scan Root Regions 3.147ms
[2023-04-14T22:48:44.401-0400][gc,marking  ] GC(5) Concurrent Mark
[2023-04-14T22:48:44.401-0400][gc,marking  ] GC(5) Concurrent Mark From Roots
[2023-04-14T22:48:44.401-0400][gc,task     ] GC(5) Using 2 workers of 2 for marking
[2023-04-14T22:48:44.406-0400][gc,marking  ] GC(5) Concurrent Mark From Roots 5.015ms
[2023-04-14T22:48:44.406-0400][gc,marking  ] GC(5) Concurrent Preclean
[2023-04-14T22:48:44.406-0400][gc,marking  ] GC(5) Concurrent Preclean 0.040ms
[2023-04-14T22:48:44.406-0400][gc,start    ] GC(5) Pause Remark
[2023-04-14T22:48:44.407-0400][gc          ] GC(5) Pause Remark 145M->145M(1024M) 1.136ms
[2023-04-14T22:48:44.407-0400][gc,cpu      ] GC(5) User=0.01s Sys=0.00s Real=0.00s
[2023-04-14T22:48:44.407-0400][gc,marking  ] GC(5) Concurrent Mark 6.543ms
[2023-04-14T22:48:44.407-0400][gc,marking  ] GC(5) Concurrent Rebuild Remembered Sets
[2023-04-14T22:48:44.413-0400][gc,marking  ] GC(5) Concurrent Rebuild Remembered Sets 5.608ms
[2023-04-14T22:48:44.413-0400][gc,start    ] GC(5) Pause Cleanup
[2023-04-14T22:48:44.413-0400][gc          ] GC(5) Pause Cleanup 146M->146M(1024M) 0.123ms
[2023-04-14T22:48:44.413-0400][gc,cpu      ] GC(5) User=0.00s Sys=0.00s Real=0.00s
[2023-04-14T22:48:44.413-0400][gc,marking  ] GC(5) Concurrent Cleanup for Next Mark
[2023-04-14T22:48:44.419-0400][gc,marking  ] GC(5) Concurrent Cleanup for Next Mark 6.057ms
[2023-04-14T22:48:44.419-0400][gc          ] GC(5) Concurrent Mark Cycle 21.876ms
[2023-04-14T23:08:39.203-0400][gc,start    ] GC(6) Pause Young (Prepare Mixed) (G1 Evacuation Pause)
[2023-04-14T23:08:39.203-0400][gc,task     ] GC(6) Using 8 workers of 8 for evacuation
[2023-04-14T23:08:39.222-0400][gc,phases   ] GC(6)   Pre Evacuate Collection Set: 0.8ms
[2023-04-14T23:08:39.222-0400][gc,phases   ] GC(6)   Merge Heap Roots: 0.2ms
[2023-04-14T23:08:39.222-0400][gc,phases   ] GC(6)   Evacuate Collection Set: 16.9ms
[2023-04-14T23:08:39.222-0400][gc,phases   ] GC(6)   Post Evacuate Collection Set: 0.7ms
[2023-04-14T23:08:39.222-0400][gc,phases   ] GC(6)   Other: 0.1ms
[2023-04-14T23:08:39.222-0400][gc,heap     ] GC(6) Eden regions: 49->0(48)
[2023-04-14T23:08:39.222-0400][gc,heap     ] GC(6) Survivor regions: 2->3(7)
[2023-04-14T23:08:39.222-0400][gc,heap     ] GC(6) Old regions: 13->13
[2023-04-14T23:08:39.222-0400][gc,heap     ] GC(6) Archive regions: 2->2
[2023-04-14T23:08:39.222-0400][gc,heap     ] GC(6) Humongous regions: 183->129
[2023-04-14T23:08:39.222-0400][gc,metaspace] GC(6) Metaspace: 39933K(40512K)->39933K(40512K) NonClass: 35419K(35776K)->35419K(35776K) Class: 4513K(4736K)->4513K(4736K)
[2023-04-14T23:08:39.222-0400][gc          ] GC(6) Pause Young (Prepare Mixed) (G1 Evacuation Pause) 246M->145M(1024M) 19.192ms
[2023-04-14T23:08:39.222-0400][gc,cpu      ] GC(6) User=0.03s Sys=0.07s Real=0.02s
[2023-04-14T23:30:35.460-0400][gc,start    ] GC(7) Pause Young (Mixed) (G1 Evacuation Pause)
[2023-04-14T23:30:35.461-0400][gc,task     ] GC(7) Using 8 workers of 8 for evacuation
[2023-04-14T23:30:35.469-0400][gc,phases   ] GC(7)   Pre Evacuate Collection Set: 0.1ms
[2023-04-14T23:30:35.469-0400][gc,phases   ] GC(7)   Merge Heap Roots: 0.1ms
[2023-04-14T23:30:35.469-0400][gc,phases   ] GC(7)   Evacuate Collection Set: 7.5ms
[2023-04-14T23:30:35.469-0400][gc,phases   ] GC(7)   Post Evacuate Collection Set: 0.5ms
[2023-04-14T23:30:35.469-0400][gc,phases   ] GC(7)   Other: 0.1ms
[2023-04-14T23:30:35.469-0400][gc,heap     ] GC(7) Eden regions: 48->0(45)
[2023-04-14T23:30:35.469-0400][gc,heap     ] GC(7) Survivor regions: 3->6(7)
[2023-04-14T23:30:35.469-0400][gc,heap     ] GC(7) Old regions: 13->12
[2023-04-14T23:30:35.469-0400][gc,heap     ] GC(7) Archive regions: 2->2
[2023-04-14T23:30:35.469-0400][gc,heap     ] GC(7) Humongous regions: 129->129
[2023-04-14T23:30:35.469-0400][gc,metaspace] GC(7) Metaspace: 41975K(42560K)->41975K(42560K) NonClass: 37221K(37568K)->37221K(37568K) Class: 4754K(4992K)->4754K(4992K)
[2023-04-14T23:30:35.469-0400][gc          ] GC(7) Pause Young (Mixed) (G1 Evacuation Pause) 193M->147M(1024M) 9.211ms
[2023-04-14T23:30:35.469-0400][gc,cpu      ] GC(7) User=0.03s Sys=0.03s Real=0.00s
[2023-04-14T23:44:29.948-0400][gc,start    ] GC(8) Pause Young (Normal) (G1 Evacuation Pause)
[2023-04-14T23:44:29.950-0400][gc,task     ] GC(8) Using 8 workers of 8 for evacuation
[2023-04-14T23:44:29.967-0400][gc,phases   ] GC(8)   Pre Evacuate Collection Set: 2.8ms
[2023-04-14T23:44:29.967-0400][gc,phases   ] GC(8)   Merge Heap Roots: 0.6ms
[2023-04-14T23:44:29.967-0400][gc,phases   ] GC(8)   Evacuate Collection Set: 13.0ms
[2023-04-14T23:44:29.967-0400][gc,phases   ] GC(8)   Post Evacuate Collection Set: 0.6ms
[2023-04-14T23:44:29.967-0400][gc,phases   ] GC(8)   Other: 0.5ms
[2023-04-14T23:44:29.967-0400][gc,heap     ] GC(8) Eden regions: 45->0(48)
[2023-04-14T23:44:29.967-0400][gc,heap     ] GC(8) Survivor regions: 6->3(7)
[2023-04-14T23:44:29.967-0400][gc,heap     ] GC(8) Old regions: 12->15
[2023-04-14T23:44:29.967-0400][gc,heap     ] GC(8) Archive regions: 2->2
[2023-04-14T23:44:29.967-0400][gc,heap     ] GC(8) Humongous regions: 129->129
[2023-04-14T23:44:29.967-0400][gc,metaspace] GC(8) Metaspace: 42086K(42624K)->42086K(42624K) NonClass: 37328K(37632K)->37328K(37632K) Class: 4758K(4992K)->4758K(4992K)
[2023-04-14T23:44:29.967-0400][gc          ] GC(8) Pause Young (Normal) (G1 Evacuation Pause) 192M->147M(1024M) 19.087ms
[2023-04-14T23:44:29.967-0400][gc,cpu      ] GC(8) User=0.04s Sys=0.06s Real=0.02s
[2023-04-14T23:59:23.863-0400][gc,start    ] GC(9) Pause Young (Normal) (G1 Evacuation Pause)
[2023-04-14T23:59:23.864-0400][gc,task     ] GC(9) Using 8 workers of 8 for evacuation
[2023-04-14T23:59:23.872-0400][gc,phases   ] GC(9)   Pre Evacuate Collection Set: 0.1ms
[2023-04-14T23:59:23.872-0400][gc,phases   ] GC(9)   Merge Heap Roots: 0.1ms
[2023-04-14T23:59:23.872-0400][gc,phases   ] GC(9)   Evacuate Collection Set: 7.6ms
[2023-04-14T23:59:23.872-0400][gc,phases   ] GC(9)   Post Evacuate Collection Set: 0.3ms
[2023-04-14T23:59:23.872-0400][gc,phases   ] GC(9)   Other: 0.1ms
[2023-04-14T23:59:23.872-0400][gc,heap     ] GC(9) Eden regions: 48->0(48)
[2023-04-14T23:59:23.872-0400][gc,heap     ] GC(9) Survivor regions: 3->3(7)
[2023-04-14T23:59:23.872-0400][gc,heap     ] GC(9) Old regions: 15->15
[2023-04-14T23:59:23.872-0400][gc,heap     ] GC(9) Archive regions: 2->2
[2023-04-14T23:59:23.872-0400][gc,heap     ] GC(9) Humongous regions: 129->129
[2023-04-14T23:59:23.872-0400][gc,metaspace] GC(9) Metaspace: 42195K(42880K)->42195K(42880K) NonClass: 37433K(37824K)->37433K(37824K) Class: 4762K(5056K)->4762K(5056K)
[2023-04-14T23:59:23.872-0400][gc          ] GC(9) Pause Young (Normal) (G1 Evacuation Pause) 195M->147M(1024M) 9.065ms
[2023-04-14T23:59:23.872-0400][gc,cpu      ] GC(9) User=0.01s Sys=0.02s Real=0.01s
[2023-04-15T00:16:29.245-0400][gc,start    ] GC(10) Pause Young (Normal) (G1 Evacuation Pause)
[2023-04-15T00:16:29.246-0400][gc,task     ] GC(10) Using 8 workers of 8 for evacuation
[2023-04-15T00:16:29.255-0400][gc,phases   ] GC(10)   Pre Evacuate Collection Set: 2.3ms
[2023-04-15T00:16:29.255-0400][gc,phases   ] GC(10)   Merge Heap Roots: 0.3ms
[2023-04-15T00:16:29.255-0400][gc,phases   ] GC(10)   Evacuate Collection Set: 5.5ms
[2023-04-15T00:16:29.255-0400][gc,phases   ] GC(10)   Post Evacuate Collection Set: 0.4ms
[2023-04-15T00:16:29.255-0400][gc,phases   ] GC(10)   Other: 0.4ms
[2023-04-15T00:16:29.255-0400][gc,heap     ] GC(10) Eden regions: 48->0(48)
[2023-04-15T00:16:29.255-0400][gc,heap     ] GC(10) Survivor regions: 3->3(7)
[2023-04-15T00:16:29.255-0400][gc,heap     ] GC(10) Old regions: 15->15
[2023-04-15T00:16:29.255-0400][gc,heap     ] GC(10) Archive regions: 2->2
[2023-04-15T00:16:29.255-0400][gc,heap     ] GC(10) Humongous regions: 129->129
[2023-04-15T00:16:29.255-0400][gc,metaspace] GC(10) Metaspace: 42202K(42880K)->42202K(42880K) NonClass: 37440K(37824K)->37440K(37824K) Class: 4762K(5056K)->4762K(5056K)
[2023-04-15T00:16:29.255-0400][gc          ] GC(10) Pause Young (Normal) (G1 Evacuation Pause) 195M->147M(1024M) 9.731ms
[2023-04-15T00:16:29.255-0400][gc,cpu      ] GC(10) User=0.02s Sys=0.02s Real=0.01s
[2023-04-15T00:34:02.162-0400][gc,start    ] GC(11) Pause Young (Normal) (G1 Evacuation Pause)
[2023-04-15T00:34:02.163-0400][gc,task     ] GC(11) Using 8 workers of 8 for evacuation
[2023-04-15T00:34:02.169-0400][gc,phases   ] GC(11)   Pre Evacuate Collection Set: 0.3ms
[2023-04-15T00:34:02.169-0400][gc,phases   ] GC(11)   Merge Heap Roots: 0.1ms
[2023-04-15T00:34:02.169-0400][gc,phases   ] GC(11)   Evacuate Collection Set: 5.4ms
[2023-04-15T00:34:02.169-0400][gc,phases   ] GC(11)   Post Evacuate Collection Set: 0.6ms
[2023-04-15T00:34:02.169-0400][gc,phases   ] GC(11)   Other: 0.2ms
[2023-04-15T00:34:02.169-0400][gc,heap     ] GC(11) Eden regions: 48->0(62)
[2023-04-15T00:34:02.169-0400][gc,heap     ] GC(11) Survivor regions: 3->4(7)
[2023-04-15T00:34:02.169-0400][gc,heap     ] GC(11) Old regions: 15->15
[2023-04-15T00:34:02.169-0400][gc,heap     ] GC(11) Archive regions: 2->2
[2023-04-15T00:34:02.169-0400][gc,heap     ] GC(11) Humongous regions: 129->129
[2023-04-15T00:34:02.169-0400][gc,metaspace] GC(11) Metaspace: 42217K(42880K)->42217K(42880K) NonClass: 37455K(37824K)->37455K(37824K) Class: 4762K(5056K)->4762K(5056K)
[2023-04-15T00:34:02.169-0400][gc          ] GC(11) Pause Young (Normal) (G1 Evacuation Pause) 195M->147M(1024M) 7.895ms
[2023-04-15T00:34:02.169-0400][gc,cpu      ] GC(11) User=0.03s Sys=0.01s Real=0.00s
[2023-04-15T00:56:21.002-0400][gc,start    ] GC(12) Pause Young (Normal) (G1 Evacuation Pause)
[2023-04-15T00:56:21.005-0400][gc,task     ] GC(12) Using 8 workers of 8 for evacuation
[2023-04-15T00:56:21.011-0400][gc,phases   ] GC(12)   Pre Evacuate Collection Set: 0.2ms
[2023-04-15T00:56:21.011-0400][gc,phases   ] GC(12)   Merge Heap Roots: 0.1ms
[2023-04-15T00:56:21.011-0400][gc,phases   ] GC(12)   Evacuate Collection Set: 5.2ms
[2023-04-15T00:56:21.011-0400][gc,phases   ] GC(12)   Post Evacuate Collection Set: 0.4ms
[2023-04-15T00:56:21.011-0400][gc,phases   ] GC(12)   Other: 0.2ms
[2023-04-15T00:56:21.011-0400][gc,heap     ] GC(12) Eden regions: 62->0(415)
[2023-04-15T00:56:21.011-0400][gc,heap     ] GC(12) Survivor regions: 4->4(9)
[2023-04-15T00:56:21.011-0400][gc,heap     ] GC(12) Old regions: 15->15
[2023-04-15T00:56:21.011-0400][gc,heap     ] GC(12) Archive regions: 2->2
[2023-04-15T00:56:21.011-0400][gc,heap     ] GC(12) Humongous regions: 129->129
[2023-04-15T00:56:21.011-0400][gc,metaspace] GC(12) Metaspace: 42229K(42880K)->42229K(42880K) NonClass: 37467K(37824K)->37467K(37824K) Class: 4762K(5056K)->4762K(5056K)
[2023-04-15T00:56:21.011-0400][gc          ] GC(12) Pause Young (Normal) (G1 Evacuation Pause) 209M->148M(1024M) 8.550ms
[2023-04-15T00:56:21.011-0400][gc,cpu      ] GC(12) User=0.01s Sys=0.01s Real=0.01s
[2023-04-15T10:18:17.871-0400][gc,start    ] GC(13) Pause Young (Normal) (G1 Evacuation Pause)
[2023-04-15T10:18:17.874-0400][gc,task     ] GC(13) Using 8 workers of 8 for evacuation
[2023-04-15T10:18:17.938-0400][gc,mmu      ] GC(13) MMU target violated: 21.0ms (20.0ms/21.0ms)
[2023-04-15T10:18:17.939-0400][gc,phases   ] GC(13)   Pre Evacuate Collection Set: 1.8ms
[2023-04-15T10:18:17.939-0400][gc,phases   ] GC(13)   Merge Heap Roots: 0.2ms
[2023-04-15T10:18:17.939-0400][gc,phases   ] GC(13)   Evacuate Collection Set: 60.9ms
[2023-04-15T10:18:17.939-0400][gc,phases   ] GC(13)   Post Evacuate Collection Set: 1.1ms
[2023-04-15T10:18:17.939-0400][gc,phases   ] GC(13)   Other: 0.9ms
[2023-04-15T10:18:17.939-0400][gc,heap     ] GC(13) Eden regions: 415->0(74)
[2023-04-15T10:18:17.939-0400][gc,heap     ] GC(13) Survivor regions: 4->5(53)
[2023-04-15T10:18:17.939-0400][gc,heap     ] GC(13) Old regions: 15->15
[2023-04-15T10:18:17.939-0400][gc,heap     ] GC(13) Archive regions: 2->2
[2023-04-15T10:18:17.939-0400][gc,heap     ] GC(13) Humongous regions: 129->129
[2023-04-15T10:18:17.939-0400][gc,metaspace] GC(13) Metaspace: 42508K(43200K)->42508K(43200K) NonClass: 37718K(38080K)->37718K(38080K) Class: 4790K(5120K)->4790K(5120K)
[2023-04-15T10:18:17.939-0400][gc          ] GC(13) Pause Young (Normal) (G1 Evacuation Pause) 563M->148M(1024M) 68.477ms
[2023-04-15T10:18:17.939-0400][gc,cpu      ] GC(13) User=0.08s Sys=0.07s Real=0.06s
[2023-04-15T10:43:51.743-0400][gc,start    ] GC(14) Pause Young (Normal) (G1 Evacuation Pause)
[2023-04-15T10:43:51.744-0400][gc,task     ] GC(14) Using 8 workers of 8 for evacuation
[2023-04-15T10:43:51.765-0400][gc,mmu      ] GC(14) MMU target violated: 20.6ms (20.0ms/21.0ms)
[2023-04-15T10:43:51.765-0400][gc,phases   ] GC(14)   Pre Evacuate Collection Set: 2.6ms
[2023-04-15T10:43:51.765-0400][gc,phases   ] GC(14)   Merge Heap Roots: 0.7ms
[2023-04-15T10:43:51.765-0400][gc,phases   ] GC(14)   Evacuate Collection Set: 16.1ms
[2023-04-15T10:43:51.765-0400][gc,phases   ] GC(14)   Post Evacuate Collection Set: 0.9ms
[2023-04-15T10:43:51.765-0400][gc,phases   ] GC(14)   Other: 0.7ms
[2023-04-15T10:43:51.765-0400][gc,heap     ] GC(14) Eden regions: 74->0(55)
[2023-04-15T10:43:51.765-0400][gc,heap     ] GC(14) Survivor regions: 5->5(10)
[2023-04-15T10:43:51.765-0400][gc,heap     ] GC(14) Old regions: 15->15
[2023-04-15T10:43:51.765-0400][gc,heap     ] GC(14) Archive regions: 2->2
[2023-04-15T10:43:51.765-0400][gc,heap     ] GC(14) Humongous regions: 129->129
[2023-04-15T10:43:51.765-0400][gc,metaspace] GC(14) Metaspace: 42514K(43200K)->42514K(43200K) NonClass: 37723K(38080K)->37723K(38080K) Class: 4790K(5120K)->4790K(5120K)
[2023-04-15T10:43:51.765-0400][gc          ] GC(14) Pause Young (Normal) (G1 Evacuation Pause) 222M->148M(1024M) 22.310ms
[2023-04-15T10:43:51.765-0400][gc,cpu      ] GC(14) User=0.04s Sys=0.07s Real=0.02s
[2023-04-15T11:03:54.513-0400][gc,start    ] GC(15) Pause Young (Normal) (G1 Evacuation Pause)
[2023-04-15T11:03:54.514-0400][gc,task     ] GC(15) Using 8 workers of 8 for evacuation
[2023-04-15T11:03:54.526-0400][gc,phases   ] GC(15)   Pre Evacuate Collection Set: 0.7ms
[2023-04-15T11:03:54.526-0400][gc,phases   ] GC(15)   Merge Heap Roots: 0.2ms
[2023-04-15T11:03:54.526-0400][gc,phases   ] GC(15)   Evacuate Collection Set: 9.6ms
[2023-04-15T11:03:54.526-0400][gc,phases   ] GC(15)   Post Evacuate Collection Set: 1.0ms
[2023-04-15T11:03:54.526-0400][gc,phases   ] GC(15)   Other: 0.9ms
[2023-04-15T11:03:54.526-0400][gc,heap     ] GC(15) Eden regions: 55->0(354)
[2023-04-15T11:03:54.526-0400][gc,heap     ] GC(15) Survivor regions: 5->4(8)
[2023-04-15T11:03:54.526-0400][gc,heap     ] GC(15) Old regions: 15->15
[2023-04-15T11:03:54.526-0400][gc,heap     ] GC(15) Archive regions: 2->2
[2023-04-15T11:03:54.526-0400][gc,heap     ] GC(15) Humongous regions: 129->129
[2023-04-15T11:03:54.526-0400][gc,metaspace] GC(15) Metaspace: 42515K(43200K)->42515K(43200K) NonClass: 37724K(38080K)->37724K(38080K) Class: 4790K(5120K)->4790K(5120K)
[2023-04-15T11:03:54.526-0400][gc          ] GC(15) Pause Young (Normal) (G1 Evacuation Pause) 203M->148M(1024M) 13.395ms
[2023-04-15T11:03:54.526-0400][gc,cpu      ] GC(15) User=0.01s Sys=0.04s Real=0.01s
[2023-04-15T13:12:32.912-0400][gc,start    ] GC(16) Pause Young (Normal) (G1 Evacuation Pause)
[2023-04-15T13:12:32.917-0400][gc,task     ] GC(16) Using 8 workers of 8 for evacuation
[2023-04-15T13:12:33.025-0400][gc,mmu      ] GC(16) MMU target violated: 21.0ms (20.0ms/21.0ms)
[2023-04-15T13:12:33.025-0400][gc,phases   ] GC(16)   Pre Evacuate Collection Set: 10.2ms
[2023-04-15T13:12:33.025-0400][gc,phases   ] GC(16)   Merge Heap Roots: 2.0ms
[2023-04-15T13:12:33.025-0400][gc,phases   ] GC(16)   Evacuate Collection Set: 87.4ms
[2023-04-15T13:12:33.025-0400][gc,phases   ] GC(16)   Post Evacuate Collection Set: 3.6ms
[2023-04-15T13:12:33.025-0400][gc,phases   ] GC(16)   Other: 8.1ms
[2023-04-15T13:12:33.025-0400][gc,heap     ] GC(16) Eden regions: 354->0(47)
[2023-04-15T13:12:33.025-0400][gc,heap     ] GC(16) Survivor regions: 4->4(45)
[2023-04-15T13:12:33.025-0400][gc,heap     ] GC(16) Old regions: 15->15
[2023-04-15T13:12:33.025-0400][gc,heap     ] GC(16) Archive regions: 2->2
[2023-04-15T13:12:33.025-0400][gc,heap     ] GC(16) Humongous regions: 129->129
[2023-04-15T13:12:33.025-0400][gc,metaspace] GC(16) Metaspace: 42586K(43264K)->42586K(43264K) NonClass: 37792K(38144K)->37792K(38144K) Class: 4794K(5120K)->4794K(5120K)
[2023-04-15T13:12:33.026-0400][gc          ] GC(16) Pause Young (Normal) (G1 Evacuation Pause) 502M->148M(1024M) 113.564ms
[2023-04-15T13:12:33.026-0400][gc,cpu      ] GC(16) User=0.04s Sys=0.15s Real=0.11s
[2023-04-15T13:29:10.661-0400][gc,start    ] GC(17) Pause Young (Normal) (G1 Evacuation Pause)
[2023-04-15T13:29:10.663-0400][gc,task     ] GC(17) Using 8 workers of 8 for evacuation
[2023-04-15T13:29:10.684-0400][gc,mmu      ] GC(17) MMU target violated: 21.0ms (20.0ms/21.0ms)
[2023-04-15T13:29:10.684-0400][gc,phases   ] GC(17)   Pre Evacuate Collection Set: 1.8ms
[2023-04-15T13:29:10.684-0400][gc,phases   ] GC(17)   Merge Heap Roots: 0.6ms
[2023-04-15T13:29:10.684-0400][gc,phases   ] GC(17)   Evacuate Collection Set: 17.1ms
[2023-04-15T13:29:10.684-0400][gc,phases   ] GC(17)   Post Evacuate Collection Set: 1.3ms
[2023-04-15T13:29:10.684-0400][gc,phases   ] GC(17)   Other: 0.8ms
[2023-04-15T13:29:10.684-0400][gc,heap     ] GC(17) Eden regions: 47->0(47)
[2023-04-15T13:29:10.684-0400][gc,heap     ] GC(17) Survivor regions: 4->4(7)
[2023-04-15T13:29:10.684-0400][gc,heap     ] GC(17) Old regions: 15->15
[2023-04-15T13:29:10.684-0400][gc,heap     ] GC(17) Archive regions: 2->2
[2023-04-15T13:29:10.684-0400][gc,heap     ] GC(17) Humongous regions: 129->129
[2023-04-15T13:29:10.684-0400][gc,metaspace] GC(17) Metaspace: 42587K(43264K)->42587K(43264K) NonClass: 37792K(38144K)->37792K(38144K) Class: 4794K(5120K)->4794K(5120K)
[2023-04-15T13:29:10.684-0400][gc          ] GC(17) Pause Young (Normal) (G1 Evacuation Pause) 195M->148M(1024M) 22.906ms
[2023-04-15T13:29:10.684-0400][gc,cpu      ] GC(17) User=0.02s Sys=0.04s Real=0.02s
[2023-04-15T13:45:22.051-0400][gc,start    ] GC(18) Pause Young (Normal) (G1 Evacuation Pause)
[2023-04-15T13:45:22.052-0400][gc,task     ] GC(18) Using 8 workers of 8 for evacuation
[2023-04-15T13:45:22.079-0400][gc,mmu      ] GC(18) MMU target violated: 21.0ms (20.0ms/21.0ms)
[2023-04-15T13:45:22.079-0400][gc,phases   ] GC(18)   Pre Evacuate Collection Set: 1.0ms
[2023-04-15T13:45:22.079-0400][gc,phases   ] GC(18)   Merge Heap Roots: 0.1ms
[2023-04-15T13:45:22.079-0400][gc,phases   ] GC(18)   Evacuate Collection Set: 24.4ms
[2023-04-15T13:45:22.079-0400][gc,phases   ] GC(18)   Post Evacuate Collection Set: 0.6ms
[2023-04-15T13:45:22.079-0400][gc,phases   ] GC(18)   Other: 1.1ms
[2023-04-15T13:45:22.079-0400][gc,heap     ] GC(18) Eden regions: 47->0(47)
[2023-04-15T13:45:22.079-0400][gc,heap     ] GC(18) Survivor regions: 4->4(7)
[2023-04-15T13:45:22.079-0400][gc,heap     ] GC(18) Old regions: 15->15
[2023-04-15T13:45:22.079-0400][gc,heap     ] GC(18) Archive regions: 2->2
[2023-04-15T13:45:22.079-0400][gc,heap     ] GC(18) Humongous regions: 129->129
[2023-04-15T13:45:22.079-0400][gc,metaspace] GC(18) Metaspace: 42587K(43264K)->42587K(43264K) NonClass: 37793K(38144K)->37793K(38144K) Class: 4794K(5120K)->4794K(5120K)
[2023-04-15T13:45:22.079-0400][gc          ] GC(18) Pause Young (Normal) (G1 Evacuation Pause) 195M->148M(1024M) 27.462ms
[2023-04-15T13:45:22.079-0400][gc,cpu      ] GC(18) User=0.02s Sys=0.04s Real=0.02s
[2023-04-15T14:02:26.761-0400][gc,start    ] GC(19) Pause Young (Normal) (G1 Evacuation Pause)
[2023-04-15T14:02:26.762-0400][gc,task     ] GC(19) Using 8 workers of 8 for evacuation
[2023-04-15T14:02:26.769-0400][gc,phases   ] GC(19)   Pre Evacuate Collection Set: 0.7ms
[2023-04-15T14:02:26.769-0400][gc,phases   ] GC(19)   Merge Heap Roots: 0.1ms
[2023-04-15T14:02:26.769-0400][gc,phases   ] GC(19)   Evacuate Collection Set: 5.4ms
[2023-04-15T14:02:26.769-0400][gc,phases   ] GC(19)   Post Evacuate Collection Set: 1.0ms
[2023-04-15T14:02:26.769-0400][gc,phases   ] GC(19)   Other: 0.2ms
[2023-04-15T14:02:26.769-0400][gc,heap     ] GC(19) Eden regions: 47->0(47)
[2023-04-15T14:02:26.769-0400][gc,heap     ] GC(19) Survivor regions: 4->4(7)
[2023-04-15T14:02:26.769-0400][gc,heap     ] GC(19) Old regions: 15->15
[2023-04-15T14:02:26.769-0400][gc,heap     ] GC(19) Archive regions: 2->2
[2023-04-15T14:02:26.769-0400][gc,heap     ] GC(19) Humongous regions: 129->129
[2023-04-15T14:02:26.769-0400][gc,metaspace] GC(19) Metaspace: 42594K(43264K)->42594K(43264K) NonClass: 37799K(38144K)->37799K(38144K) Class: 4794K(5120K)->4794K(5120K)
[2023-04-15T14:02:26.769-0400][gc          ] GC(19) Pause Young (Normal) (G1 Evacuation Pause) 195M->148M(1024M) 8.167ms
[2023-04-15T14:02:26.769-0400][gc,cpu      ] GC(19) User=0.02s Sys=0.01s Real=0.00s
[2023-04-15T14:19:41.387-0400][gc,start    ] GC(20) Pause Young (Normal) (G1 Evacuation Pause)
[2023-04-15T14:19:41.388-0400][gc,task     ] GC(20) Using 8 workers of 8 for evacuation
[2023-04-15T14:19:41.409-0400][gc,mmu      ] GC(20) MMU target violated: 21.0ms (20.0ms/21.0ms)
[2023-04-15T14:19:41.409-0400][gc,phases   ] GC(20)   Pre Evacuate Collection Set: 1.9ms
[2023-04-15T14:19:41.409-0400][gc,phases   ] GC(20)   Merge Heap Roots: 0.3ms
[2023-04-15T14:19:41.409-0400][gc,phases   ] GC(20)   Evacuate Collection Set: 17.1ms
[2023-04-15T14:19:41.409-0400][gc,phases   ] GC(20)   Post Evacuate Collection Set: 0.8ms
[2023-04-15T14:19:41.409-0400][gc,phases   ] GC(20)   Other: 1.2ms
[2023-04-15T14:19:41.409-0400][gc,heap     ] GC(20) Eden regions: 47->0(47)
[2023-04-15T14:19:41.409-0400][gc,heap     ] GC(20) Survivor regions: 4->4(7)
[2023-04-15T14:19:41.409-0400][gc,heap     ] GC(20) Old regions: 15->15
[2023-04-15T14:19:41.409-0400][gc,heap     ] GC(20) Archive regions: 2->2
[2023-04-15T14:19:41.409-0400][gc,heap     ] GC(20) Humongous regions: 129->129
[2023-04-15T14:19:41.409-0400][gc,metaspace] GC(20) Metaspace: 42609K(43264K)->42609K(43264K) NonClass: 37814K(38144K)->37814K(38144K) Class: 4794K(5120K)->4794K(5120K)
[2023-04-15T14:19:41.410-0400][gc          ] GC(20) Pause Young (Normal) (G1 Evacuation Pause) 195M->148M(1024M) 22.988ms
[2023-04-15T14:19:41.410-0400][gc,cpu      ] GC(20) User=0.03s Sys=0.06s Real=0.03s
[2023-04-15T14:36:54.984-0400][gc,start    ] GC(21) Pause Young (Normal) (G1 Evacuation Pause)
[2023-04-15T14:36:54.985-0400][gc,task     ] GC(21) Using 8 workers of 8 for evacuation
[2023-04-15T14:36:55.015-0400][gc,mmu      ] GC(21) MMU target violated: 21.0ms (20.0ms/21.0ms)
[2023-04-15T14:36:55.015-0400][gc,phases   ] GC(21)   Pre Evacuate Collection Set: 1.6ms
[2023-04-15T14:36:55.015-0400][gc,phases   ] GC(21)   Merge Heap Roots: 0.5ms
[2023-04-15T14:36:55.015-0400][gc,phases   ] GC(21)   Evacuate Collection Set: 25.5ms
[2023-04-15T14:36:55.015-0400][gc,phases   ] GC(21)   Post Evacuate Collection Set: 2.0ms
[2023-04-15T14:36:55.015-0400][gc,phases   ] GC(21)   Other: 0.7ms
[2023-04-15T14:36:55.015-0400][gc,heap     ] GC(21) Eden regions: 47->0(47)
[2023-04-15T14:36:55.015-0400][gc,heap     ] GC(21) Survivor regions: 4->4(7)
[2023-04-15T14:36:55.015-0400][gc,heap     ] GC(21) Old regions: 15->15
[2023-04-15T14:36:55.015-0400][gc,heap     ] GC(21) Archive regions: 2->2
[2023-04-15T14:36:55.015-0400][gc,heap     ] GC(21) Humongous regions: 129->129
[2023-04-15T14:36:55.015-0400][gc,metaspace] GC(21) Metaspace: 42609K(43264K)->42609K(43264K) NonClass: 37815K(38144K)->37815K(38144K) Class: 4794K(5120K)->4794K(5120K)
[2023-04-15T14:36:55.015-0400][gc          ] GC(21) Pause Young (Normal) (G1 Evacuation Pause) 195M->148M(1024M) 31.525ms
[2023-04-15T14:36:55.015-0400][gc,cpu      ] GC(21) User=0.04s Sys=0.08s Real=0.03s
[2023-04-15T14:52:57.886-0400][gc,start    ] GC(22) Pause Young (Normal) (G1 Evacuation Pause)
[2023-04-15T14:52:57.886-0400][gc,task     ] GC(22) Using 8 workers of 8 for evacuation
[2023-04-15T14:52:57.901-0400][gc,phases   ] GC(22)   Pre Evacuate Collection Set: 0.9ms
[2023-04-15T14:52:57.901-0400][gc,phases   ] GC(22)   Merge Heap Roots: 0.2ms
[2023-04-15T14:52:57.901-0400][gc,phases   ] GC(22)   Evacuate Collection Set: 12.0ms
[2023-04-15T14:52:57.901-0400][gc,phases   ] GC(22)   Post Evacuate Collection Set: 1.2ms
[2023-04-15T14:52:57.901-0400][gc,phases   ] GC(22)   Other: 0.4ms
[2023-04-15T14:52:57.901-0400][gc,heap     ] GC(22) Eden regions: 47->0(47)
[2023-04-15T14:52:57.901-0400][gc,heap     ] GC(22) Survivor regions: 4->4(7)
[2023-04-15T14:52:57.901-0400][gc,heap     ] GC(22) Old regions: 15->16
[2023-04-15T14:52:57.901-0400][gc,heap     ] GC(22) Archive regions: 2->2
[2023-04-15T14:52:57.901-0400][gc,heap     ] GC(22) Humongous regions: 129->129
[2023-04-15T14:52:57.901-0400][gc,metaspace] GC(22) Metaspace: 42611K(43264K)->42611K(43264K) NonClass: 37817K(38144K)->37817K(38144K) Class: 4794K(5120K)->4794K(5120K)
[2023-04-15T14:52:57.901-0400][gc          ] GC(22) Pause Young (Normal) (G1 Evacuation Pause) 195M->148M(1024M) 15.322ms
[2023-04-15T14:52:57.901-0400][gc,cpu      ] GC(22) User=0.02s Sys=0.06s Real=0.02s
[2023-04-15T15:10:08.193-0400][gc,start    ] GC(23) Pause Young (Normal) (G1 Evacuation Pause)
[2023-04-15T15:10:08.195-0400][gc,task     ] GC(23) Using 8 workers of 8 for evacuation
[2023-04-15T15:10:08.215-0400][gc,phases   ] GC(23)   Pre Evacuate Collection Set: 3.6ms
[2023-04-15T15:10:08.215-0400][gc,phases   ] GC(23)   Merge Heap Roots: 0.2ms
[2023-04-15T15:10:08.215-0400][gc,phases   ] GC(23)   Evacuate Collection Set: 14.7ms
[2023-04-15T15:10:08.215-0400][gc,phases   ] GC(23)   Post Evacuate Collection Set: 1.2ms
[2023-04-15T15:10:08.215-0400][gc,phases   ] GC(23)   Other: 1.0ms
[2023-04-15T15:10:08.215-0400][gc,heap     ] GC(23) Eden regions: 47->0(47)
[2023-04-15T15:10:08.215-0400][gc,heap     ] GC(23) Survivor regions: 4->4(7)
[2023-04-15T15:10:08.215-0400][gc,heap     ] GC(23) Old regions: 16->16
[2023-04-15T15:10:08.215-0400][gc,heap     ] GC(23) Archive regions: 2->2
[2023-04-15T15:10:08.215-0400][gc,heap     ] GC(23) Humongous regions: 129->129
[2023-04-15T15:10:08.215-0400][gc,metaspace] GC(23) Metaspace: 42614K(43264K)->42614K(43264K) NonClass: 37819K(38144K)->37819K(38144K) Class: 4794K(5120K)->4794K(5120K)
[2023-04-15T15:10:08.215-0400][gc          ] GC(23) Pause Young (Normal) (G1 Evacuation Pause) 195M->148M(1024M) 22.158ms
[2023-04-15T15:10:08.215-0400][gc,cpu      ] GC(23) User=0.02s Sys=0.05s Real=0.02s
[2023-04-15T15:27:16.142-0400][gc,start    ] GC(24) Pause Young (Normal) (G1 Evacuation Pause)
[2023-04-15T15:27:16.143-0400][gc,task     ] GC(24) Using 8 workers of 8 for evacuation
[2023-04-15T15:27:16.165-0400][gc,mmu      ] GC(24) MMU target violated: 21.0ms (20.0ms/21.0ms)
[2023-04-15T15:27:16.165-0400][gc,phases   ] GC(24)   Pre Evacuate Collection Set: 3.2ms
[2023-04-15T15:27:16.165-0400][gc,phases   ] GC(24)   Merge Heap Roots: 0.7ms
[2023-04-15T15:27:16.165-0400][gc,phases   ] GC(24)   Evacuate Collection Set: 15.3ms
[2023-04-15T15:27:16.165-0400][gc,phases   ] GC(24)   Post Evacuate Collection Set: 0.9ms
[2023-04-15T15:27:16.165-0400][gc,phases   ] GC(24)   Other: 2.3ms
[2023-04-15T15:27:16.165-0400][gc,heap     ] GC(24) Eden regions: 47->0(47)
[2023-04-15T15:27:16.165-0400][gc,heap     ] GC(24) Survivor regions: 4->4(7)
[2023-04-15T15:27:16.165-0400][gc,heap     ] GC(24) Old regions: 16->16
[2023-04-15T15:27:16.165-0400][gc,heap     ] GC(24) Archive regions: 2->2
[2023-04-15T15:27:16.165-0400][gc,heap     ] GC(24) Humongous regions: 129->129
[2023-04-15T15:27:16.165-0400][gc,metaspace] GC(24) Metaspace: 42615K(43264K)->42615K(43264K) NonClass: 37820K(38144K)->37820K(38144K) Class: 4794K(5120K)->4794K(5120K)
[2023-04-15T15:27:16.165-0400][gc          ] GC(24) Pause Young (Normal) (G1 Evacuation Pause) 195M->148M(1024M) 23.062ms
[2023-04-15T15:27:16.165-0400][gc,cpu      ] GC(24) User=0.02s Sys=0.05s Real=0.02s
[2023-04-15T15:43:28.052-0400][gc,start    ] GC(25) Pause Young (Normal) (G1 Evacuation Pause)
[2023-04-15T15:43:28.053-0400][gc,task     ] GC(25) Using 8 workers of 8 for evacuation
[2023-04-15T15:43:28.134-0400][gc,mmu      ] GC(25) MMU target violated: 21.0ms (20.0ms/21.0ms)
[2023-04-15T15:43:28.134-0400][gc,phases   ] GC(25)   Pre Evacuate Collection Set: 2.2ms
[2023-04-15T15:43:28.134-0400][gc,phases   ] GC(25)   Merge Heap Roots: 1.8ms
[2023-04-15T15:43:28.134-0400][gc,phases   ] GC(25)   Evacuate Collection Set: 69.2ms
[2023-04-15T15:43:28.134-0400][gc,phases   ] GC(25)   Post Evacuate Collection Set: 5.4ms
[2023-04-15T15:43:28.134-0400][gc,phases   ] GC(25)   Other: 2.3ms
[2023-04-15T15:43:28.135-0400][gc,heap     ] GC(25) Eden regions: 47->0(47)
[2023-04-15T15:43:28.135-0400][gc,heap     ] GC(25) Survivor regions: 4->4(7)
[2023-04-15T15:43:28.135-0400][gc,heap     ] GC(25) Old regions: 16->16
[2023-04-15T15:43:28.135-0400][gc,heap     ] GC(25) Archive regions: 2->2
[2023-04-15T15:43:28.135-0400][gc,heap     ] GC(25) Humongous regions: 129->129
[2023-04-15T15:43:28.135-0400][gc,metaspace] GC(25) Metaspace: 42619K(43264K)->42619K(43264K) NonClass: 37825K(38144K)->37825K(38144K) Class: 4794K(5120K)->4794K(5120K)
[2023-04-15T15:43:28.135-0400][gc          ] GC(25) Pause Young (Normal) (G1 Evacuation Pause) 195M->148M(1024M) 82.686ms
[2023-04-15T15:43:28.135-0400][gc,cpu      ] GC(25) User=0.03s Sys=0.03s Real=0.08s
[2023-04-15T16:00:39.007-0400][gc,start    ] GC(26) Pause Young (Normal) (G1 Evacuation Pause)
[2023-04-15T16:00:39.009-0400][gc,task     ] GC(26) Using 8 workers of 8 for evacuation
[2023-04-15T16:00:39.076-0400][gc,mmu      ] GC(26) MMU target violated: 21.0ms (20.0ms/21.0ms)
[2023-04-15T16:00:39.077-0400][gc,phases   ] GC(26)   Pre Evacuate Collection Set: 8.2ms
[2023-04-15T16:00:39.077-0400][gc,phases   ] GC(26)   Merge Heap Roots: 1.3ms
[2023-04-15T16:00:39.077-0400][gc,phases   ] GC(26)   Evacuate Collection Set: 51.8ms
[2023-04-15T16:00:39.077-0400][gc,phases   ] GC(26)   Post Evacuate Collection Set: 2.1ms
[2023-04-15T16:00:39.077-0400][gc,phases   ] GC(26)   Other: 4.1ms
[2023-04-15T16:00:39.077-0400][gc,heap     ] GC(26) Eden regions: 47->0(47)
[2023-04-15T16:00:39.077-0400][gc,heap     ] GC(26) Survivor regions: 4->4(7)
[2023-04-15T16:00:39.077-0400][gc,heap     ] GC(26) Old regions: 16->16
[2023-04-15T16:00:39.077-0400][gc,heap     ] GC(26) Archive regions: 2->2
[2023-04-15T16:00:39.077-0400][gc,heap     ] GC(26) Humongous regions: 129->129
[2023-04-15T16:00:39.077-0400][gc,metaspace] GC(26) Metaspace: 42634K(43264K)->42634K(43264K) NonClass: 37840K(38144K)->37840K(38144K) Class: 4794K(5120K)->4794K(5120K)
[2023-04-15T16:00:39.077-0400][gc          ] GC(26) Pause Young (Normal) (G1 Evacuation Pause) 195M->148M(1024M) 69.401ms
[2023-04-15T16:00:39.077-0400][gc,cpu      ] GC(26) User=0.04s Sys=0.11s Real=0.07s
[2023-04-15T16:17:51.416-0400][gc,start    ] GC(27) Pause Young (Normal) (G1 Evacuation Pause)
[2023-04-15T16:17:51.417-0400][gc,task     ] GC(27) Using 8 workers of 8 for evacuation
[2023-04-15T16:17:51.433-0400][gc,phases   ] GC(27)   Pre Evacuate Collection Set: 0.2ms
[2023-04-15T16:17:51.433-0400][gc,phases   ] GC(27)   Merge Heap Roots: 0.1ms
[2023-04-15T16:17:51.433-0400][gc,phases   ] GC(27)   Evacuate Collection Set: 13.7ms
[2023-04-15T16:17:51.433-0400][gc,phases   ] GC(27)   Post Evacuate Collection Set: 1.3ms
[2023-04-15T16:17:51.433-0400][gc,phases   ] GC(27)   Other: 0.3ms
[2023-04-15T16:17:51.433-0400][gc,heap     ] GC(27) Eden regions: 47->0(47)
[2023-04-15T16:17:51.433-0400][gc,heap     ] GC(27) Survivor regions: 4->4(7)
[2023-04-15T16:17:51.433-0400][gc,heap     ] GC(27) Old regions: 16->16
[2023-04-15T16:17:51.433-0400][gc,heap     ] GC(27) Archive regions: 2->2
[2023-04-15T16:17:51.433-0400][gc,heap     ] GC(27) Humongous regions: 129->129
[2023-04-15T16:17:51.433-0400][gc,metaspace] GC(27) Metaspace: 42646K(43264K)->42646K(43264K) NonClass: 37851K(38144K)->37851K(38144K) Class: 4794K(5120K)->4794K(5120K)
[2023-04-15T16:17:51.433-0400][gc          ] GC(27) Pause Young (Normal) (G1 Evacuation Pause) 195M->148M(1024M) 17.441ms
[2023-04-15T16:17:51.433-0400][gc,cpu      ] GC(27) User=0.02s Sys=0.01s Real=0.02s
[2023-04-15T16:35:08.012-0400][gc,start    ] GC(28) Pause Young (Normal) (G1 Evacuation Pause)
[2023-04-15T16:35:08.013-0400][gc,task     ] GC(28) Using 8 workers of 8 for evacuation
[2023-04-15T16:35:08.041-0400][gc,mmu      ] GC(28) MMU target violated: 21.0ms (20.0ms/21.0ms)
[2023-04-15T16:35:08.041-0400][gc,phases   ] GC(28)   Pre Evacuate Collection Set: 4.3ms
[2023-04-15T16:35:08.041-0400][gc,phases   ] GC(28)   Merge Heap Roots: 0.5ms
[2023-04-15T16:35:08.041-0400][gc,phases   ] GC(28)   Evacuate Collection Set: 18.3ms
[2023-04-15T16:35:08.041-0400][gc,phases   ] GC(28)   Post Evacuate Collection Set: 2.1ms
[2023-04-15T16:35:08.041-0400][gc,phases   ] GC(28)   Other: 2.5ms
[2023-04-15T16:35:08.041-0400][gc,heap     ] GC(28) Eden regions: 47->0(48)
[2023-04-15T16:35:08.041-0400][gc,heap     ] GC(28) Survivor regions: 4->3(7)
[2023-04-15T16:35:08.041-0400][gc,heap     ] GC(28) Old regions: 16->16
[2023-04-15T16:35:08.041-0400][gc,heap     ] GC(28) Archive regions: 2->2
[2023-04-15T16:35:08.041-0400][gc,heap     ] GC(28) Humongous regions: 129->129
[2023-04-15T16:35:08.041-0400][gc,metaspace] GC(28) Metaspace: 42651K(43328K)->42651K(43328K) NonClass: 37856K(38208K)->37856K(38208K) Class: 4794K(5120K)->4794K(5120K)
[2023-04-15T16:35:08.041-0400][gc          ] GC(28) Pause Young (Normal) (G1 Evacuation Pause) 195M->148M(1024M) 28.645ms
[2023-04-15T16:35:08.041-0400][gc,cpu      ] GC(28) User=0.03s Sys=0.05s Real=0.03s
[2023-04-15T16:51:37.014-0400][gc,start    ] GC(29) Pause Young (Normal) (G1 Evacuation Pause)
[2023-04-15T16:51:37.017-0400][gc,task     ] GC(29) Using 8 workers of 8 for evacuation
[2023-04-15T16:51:37.045-0400][gc,mmu      ] GC(29) MMU target violated: 21.0ms (20.0ms/21.0ms)
[2023-04-15T16:51:37.045-0400][gc,phases   ] GC(29)   Pre Evacuate Collection Set: 2.4ms
[2023-04-15T16:51:37.045-0400][gc,phases   ] GC(29)   Merge Heap Roots: 0.2ms
[2023-04-15T16:51:37.045-0400][gc,phases   ] GC(29)   Evacuate Collection Set: 23.5ms
[2023-04-15T16:51:37.045-0400][gc,phases   ] GC(29)   Post Evacuate Collection Set: 1.6ms
[2023-04-15T16:51:37.045-0400][gc,phases   ] GC(29)   Other: 0.5ms
[2023-04-15T16:51:37.045-0400][gc,heap     ] GC(29) Eden regions: 48->0(48)
[2023-04-15T16:51:37.045-0400][gc,heap     ] GC(29) Survivor regions: 3->3(7)
[2023-04-15T16:51:37.045-0400][gc,heap     ] GC(29) Old regions: 16->16
[2023-04-15T16:51:37.045-0400][gc,heap     ] GC(29) Archive regions: 2->2
[2023-04-15T16:51:37.045-0400][gc,heap     ] GC(29) Humongous regions: 129->129
[2023-04-15T16:51:37.045-0400][gc,metaspace] GC(29) Metaspace: 42652K(43328K)->42652K(43328K) NonClass: 37857K(38208K)->37857K(38208K) Class: 4794K(5120K)->4794K(5120K)
[2023-04-15T16:51:37.045-0400][gc          ] GC(29) Pause Young (Normal) (G1 Evacuation Pause) 196M->148M(1024M) 30.722ms
[2023-04-15T16:51:37.045-0400][gc,cpu      ] GC(29) User=0.02s Sys=0.04s Real=0.03s
[2023-04-15T17:09:04.856-0400][gc,start    ] GC(30) Pause Young (Normal) (G1 Evacuation Pause)
[2023-04-15T17:09:04.857-0400][gc,task     ] GC(30) Using 8 workers of 8 for evacuation
[2023-04-15T17:09:04.868-0400][gc,phases   ] GC(30)   Pre Evacuate Collection Set: 0.8ms
[2023-04-15T17:09:04.868-0400][gc,phases   ] GC(30)   Merge Heap Roots: 0.2ms
[2023-04-15T17:09:04.868-0400][gc,phases   ] GC(30)   Evacuate Collection Set: 8.1ms
[2023-04-15T17:09:04.868-0400][gc,phases   ] GC(30)   Post Evacuate Collection Set: 1.6ms
[2023-04-15T17:09:04.868-0400][gc,phases   ] GC(30)   Other: 0.3ms
[2023-04-15T17:09:04.868-0400][gc,heap     ] GC(30) Eden regions: 48->0(48)
[2023-04-15T17:09:04.868-0400][gc,heap     ] GC(30) Survivor regions: 3->3(7)
[2023-04-15T17:09:04.868-0400][gc,heap     ] GC(30) Old regions: 16->16
[2023-04-15T17:09:04.868-0400][gc,heap     ] GC(30) Archive regions: 2->2
[2023-04-15T17:09:04.868-0400][gc,heap     ] GC(30) Humongous regions: 129->129
[2023-04-15T17:09:04.868-0400][gc,metaspace] GC(30) Metaspace: 42654K(43328K)->42654K(43328K) NonClass: 37859K(38208K)->37859K(38208K) Class: 4794K(5120K)->4794K(5120K)
[2023-04-15T17:09:04.868-0400][gc          ] GC(30) Pause Young (Normal) (G1 Evacuation Pause) 196M->148M(1024M) 12.831ms
[2023-04-15T17:09:04.869-0400][gc,cpu      ] GC(30) User=0.02s Sys=0.03s Real=0.01s
[2023-04-15T17:26:42.512-0400][gc,start    ] GC(31) Pause Young (Normal) (G1 Evacuation Pause)
[2023-04-15T17:26:42.513-0400][gc,task     ] GC(31) Using 8 workers of 8 for evacuation
[2023-04-15T17:26:42.523-0400][gc,phases   ] GC(31)   Pre Evacuate Collection Set: 1.7ms
[2023-04-15T17:26:42.523-0400][gc,phases   ] GC(31)   Merge Heap Roots: 0.1ms
[2023-04-15T17:26:42.523-0400][gc,phases   ] GC(31)   Evacuate Collection Set: 7.7ms
[2023-04-15T17:26:42.523-0400][gc,phases   ] GC(31)   Post Evacuate Collection Set: 0.4ms
[2023-04-15T17:26:42.523-0400][gc,phases   ] GC(31)   Other: 0.2ms
[2023-04-15T17:26:42.523-0400][gc,heap     ] GC(31) Eden regions: 48->0(48)
[2023-04-15T17:26:42.523-0400][gc,heap     ] GC(31) Survivor regions: 3->3(7)
[2023-04-15T17:26:42.523-0400][gc,heap     ] GC(31) Old regions: 16->16
[2023-04-15T17:26:42.523-0400][gc,heap     ] GC(31) Archive regions: 2->2
[2023-04-15T17:26:42.523-0400][gc,heap     ] GC(31) Humongous regions: 129->129
[2023-04-15T17:26:42.523-0400][gc,metaspace] GC(31) Metaspace: 42655K(43328K)->42655K(43328K) NonClass: 37860K(38208K)->37860K(38208K) Class: 4794K(5120K)->4794K(5120K)
[2023-04-15T17:26:42.523-0400][gc          ] GC(31) Pause Young (Normal) (G1 Evacuation Pause) 196M->148M(1024M) 10.509ms
[2023-04-15T17:26:42.523-0400][gc,cpu      ] GC(31) User=0.01s Sys=0.01s Real=0.01s
[2023-04-15T17:43:15.690-0400][gc,start    ] GC(32) Pause Young (Normal) (G1 Evacuation Pause)
[2023-04-15T17:43:15.691-0400][gc,task     ] GC(32) Using 8 workers of 8 for evacuation
[2023-04-15T17:43:15.703-0400][gc,phases   ] GC(32)   Pre Evacuate Collection Set: 0.4ms
[2023-04-15T17:43:15.703-0400][gc,phases   ] GC(32)   Merge Heap Roots: 0.2ms
[2023-04-15T17:43:15.703-0400][gc,phases   ] GC(32)   Evacuate Collection Set: 8.5ms
[2023-04-15T17:43:15.703-0400][gc,phases   ] GC(32)   Post Evacuate Collection Set: 0.3ms
[2023-04-15T17:43:15.703-0400][gc,phases   ] GC(32)   Other: 2.2ms
[2023-04-15T17:43:15.703-0400][gc,heap     ] GC(32) Eden regions: 48->0(47)
[2023-04-15T17:43:15.703-0400][gc,heap     ] GC(32) Survivor regions: 3->4(7)
[2023-04-15T17:43:15.703-0400][gc,heap     ] GC(32) Old regions: 16->16
[2023-04-15T17:43:15.703-0400][gc,heap     ] GC(32) Archive regions: 2->2
[2023-04-15T17:43:15.703-0400][gc,heap     ] GC(32) Humongous regions: 129->129
[2023-04-15T17:43:15.703-0400][gc,metaspace] GC(32) Metaspace: 42655K(43328K)->42655K(43328K) NonClass: 37860K(38208K)->37860K(38208K) Class: 4794K(5120K)->4794K(5120K)
[2023-04-15T17:43:15.703-0400][gc          ] GC(32) Pause Young (Normal) (G1 Evacuation Pause) 196M->148M(1024M) 12.851ms
[2023-04-15T17:43:15.703-0400][gc,cpu      ] GC(32) User=0.03s Sys=0.02s Real=0.01s
[2023-04-15T20:13:06.106-0400][gc,start    ] GC(33) Pause Young (Normal) (G1 Evacuation Pause)
[2023-04-15T20:13:06.107-0400][gc,task     ] GC(33) Using 8 workers of 8 for evacuation
[2023-04-15T20:13:06.119-0400][gc,phases   ] GC(33)   Pre Evacuate Collection Set: 0.7ms
[2023-04-15T20:13:06.119-0400][gc,phases   ] GC(33)   Merge Heap Roots: 0.2ms
[2023-04-15T20:13:06.119-0400][gc,phases   ] GC(33)   Evacuate Collection Set: 9.9ms
[2023-04-15T20:13:06.119-0400][gc,phases   ] GC(33)   Post Evacuate Collection Set: 0.7ms
[2023-04-15T20:13:06.119-0400][gc,phases   ] GC(33)   Other: 0.3ms
[2023-04-15T20:13:06.119-0400][gc,heap     ] GC(33) Eden regions: 47->0(47)
[2023-04-15T20:13:06.119-0400][gc,heap     ] GC(33) Survivor regions: 4->4(7)
[2023-04-15T20:13:06.119-0400][gc,heap     ] GC(33) Old regions: 16->16
[2023-04-15T20:13:06.119-0400][gc,heap     ] GC(33) Archive regions: 2->2
[2023-04-15T20:13:06.119-0400][gc,heap     ] GC(33) Humongous regions: 129->129
[2023-04-15T20:13:06.119-0400][gc,metaspace] GC(33) Metaspace: 42664K(43328K)->42664K(43328K) NonClass: 37869K(38208K)->37869K(38208K) Class: 4794K(5120K)->4794K(5120K)
[2023-04-15T20:13:06.119-0400][gc          ] GC(33) Pause Young (Normal) (G1 Evacuation Pause) 195M->148M(1024M) 12.911ms
[2023-04-15T20:13:06.119-0400][gc,cpu      ] GC(33) User=0.02s Sys=0.04s Real=0.01s
[2023-04-15T20:30:20.779-0400][gc,start    ] GC(34) Pause Young (Normal) (G1 Evacuation Pause)
[2023-04-15T20:30:20.779-0400][gc,task     ] GC(34) Using 8 workers of 8 for evacuation
[2023-04-15T20:30:20.790-0400][gc,phases   ] GC(34)   Pre Evacuate Collection Set: 0.3ms
[2023-04-15T20:30:20.790-0400][gc,phases   ] GC(34)   Merge Heap Roots: 0.1ms
[2023-04-15T20:30:20.790-0400][gc,phases   ] GC(34)   Evacuate Collection Set: 9.4ms
[2023-04-15T20:30:20.790-0400][gc,phases   ] GC(34)   Post Evacuate Collection Set: 0.5ms
[2023-04-15T20:30:20.790-0400][gc,phases   ] GC(34)   Other: 0.2ms
[2023-04-15T20:30:20.790-0400][gc,heap     ] GC(34) Eden regions: 47->0(138)
[2023-04-15T20:30:20.790-0400][gc,heap     ] GC(34) Survivor regions: 4->4(7)
[2023-04-15T20:30:20.790-0400][gc,heap     ] GC(34) Old regions: 16->16
[2023-04-15T20:30:20.790-0400][gc,heap     ] GC(34) Archive regions: 2->2
[2023-04-15T20:30:20.790-0400][gc,heap     ] GC(34) Humongous regions: 129->129
[2023-04-15T20:30:20.790-0400][gc,metaspace] GC(34) Metaspace: 42664K(43328K)->42664K(43328K) NonClass: 37870K(38208K)->37870K(38208K) Class: 4794K(5120K)->4794K(5120K)
[2023-04-15T20:30:20.790-0400][gc          ] GC(34) Pause Young (Normal) (G1 Evacuation Pause) 195M->148M(1024M) 10.869ms
[2023-04-15T20:30:20.790-0400][gc,cpu      ] GC(34) User=0.03s Sys=0.02s Real=0.02s
[2023-04-16T02:01:27.898-0400][gc,start    ] GC(35) Pause Young (Normal) (G1 Evacuation Pause)
[2023-04-16T02:01:27.899-0400][gc,task     ] GC(35) Using 8 workers of 8 for evacuation
[2023-04-16T02:01:27.936-0400][gc,mmu      ] GC(35) MMU target violated: 21.0ms (20.0ms/21.0ms)
[2023-04-16T02:01:27.936-0400][gc,phases   ] GC(35)   Pre Evacuate Collection Set: 4.3ms
[2023-04-16T02:01:27.936-0400][gc,phases   ] GC(35)   Merge Heap Roots: 0.3ms
[2023-04-16T02:01:27.936-0400][gc,phases   ] GC(35)   Evacuate Collection Set: 27.6ms
[2023-04-16T02:01:27.936-0400][gc,phases   ] GC(35)   Post Evacuate Collection Set: 2.4ms
[2023-04-16T02:01:27.936-0400][gc,phases   ] GC(35)   Other: 2.0ms
[2023-04-16T02:01:27.936-0400][gc,heap     ] GC(35) Eden regions: 138->0(48)
[2023-04-16T02:01:27.936-0400][gc,heap     ] GC(35) Survivor regions: 4->3(18)
[2023-04-16T02:01:27.936-0400][gc,heap     ] GC(35) Old regions: 16->16
[2023-04-16T02:01:27.936-0400][gc,heap     ] GC(35) Archive regions: 2->2
[2023-04-16T02:01:27.936-0400][gc,heap     ] GC(35) Humongous regions: 129->129
[2023-04-16T02:01:27.936-0400][gc,metaspace] GC(35) Metaspace: 42681K(43392K)->42681K(43392K) NonClass: 37886K(38272K)->37886K(38272K) Class: 4794K(5120K)->4794K(5120K)
[2023-04-16T02:01:27.936-0400][gc          ] GC(35) Pause Young (Normal) (G1 Evacuation Pause) 286M->148M(1024M) 37.979ms
[2023-04-16T02:01:27.936-0400][gc,cpu      ] GC(35) User=0.01s Sys=0.05s Real=0.04s
[2023-04-16T02:19:01.116-0400][gc,start    ] GC(36) Pause Young (Normal) (G1 Evacuation Pause)
[2023-04-16T02:19:01.117-0400][gc,task     ] GC(36) Using 8 workers of 8 for evacuation
[2023-04-16T02:19:01.126-0400][gc,phases   ] GC(36)   Pre Evacuate Collection Set: 0.8ms
[2023-04-16T02:19:01.126-0400][gc,phases   ] GC(36)   Merge Heap Roots: 0.6ms
[2023-04-16T02:19:01.126-0400][gc,phases   ] GC(36)   Evacuate Collection Set: 5.6ms
[2023-04-16T02:19:01.126-0400][gc,phases   ] GC(36)   Post Evacuate Collection Set: 1.6ms
[2023-04-16T02:19:01.126-0400][gc,phases   ] GC(36)   Other: 0.2ms
[2023-04-16T02:19:01.126-0400][gc,heap     ] GC(36) Eden regions: 48->0(47)
[2023-04-16T02:19:01.126-0400][gc,heap     ] GC(36) Survivor regions: 3->4(7)
[2023-04-16T02:19:01.126-0400][gc,heap     ] GC(36) Old regions: 16->16
[2023-04-16T02:19:01.126-0400][gc,heap     ] GC(36) Archive regions: 2->2
[2023-04-16T02:19:01.126-0400][gc,heap     ] GC(36) Humongous regions: 129->129
[2023-04-16T02:19:01.126-0400][gc,metaspace] GC(36) Metaspace: 42682K(43392K)->42682K(43392K) NonClass: 37887K(38272K)->37887K(38272K) Class: 4794K(5120K)->4794K(5120K)
[2023-04-16T02:19:01.126-0400][gc          ] GC(36) Pause Young (Normal) (G1 Evacuation Pause) 196M->148M(1024M) 10.507ms
[2023-04-16T02:19:01.126-0400][gc,cpu      ] GC(36) User=0.01s Sys=0.02s Real=0.01s
[2023-04-16T02:35:35.190-0400][gc,start    ] GC(37) Pause Young (Normal) (G1 Evacuation Pause)
[2023-04-16T02:35:35.190-0400][gc,task     ] GC(37) Using 8 workers of 8 for evacuation
[2023-04-16T02:35:35.205-0400][gc,phases   ] GC(37)   Pre Evacuate Collection Set: 1.8ms
[2023-04-16T02:35:35.205-0400][gc,phases   ] GC(37)   Merge Heap Roots: 0.2ms
[2023-04-16T02:35:35.205-0400][gc,phases   ] GC(37)   Evacuate Collection Set: 10.7ms
[2023-04-16T02:35:35.205-0400][gc,phases   ] GC(37)   Post Evacuate Collection Set: 0.9ms
[2023-04-16T02:35:35.205-0400][gc,phases   ] GC(37)   Other: 1.1ms
[2023-04-16T02:35:35.205-0400][gc,heap     ] GC(37) Eden regions: 47->0(47)
[2023-04-16T02:35:35.205-0400][gc,heap     ] GC(37) Survivor regions: 4->4(7)
[2023-04-16T02:35:35.205-0400][gc,heap     ] GC(37) Old regions: 16->16
[2023-04-16T02:35:35.205-0400][gc,heap     ] GC(37) Archive regions: 2->2
[2023-04-16T02:35:35.205-0400][gc,heap     ] GC(37) Humongous regions: 129->129
[2023-04-16T02:35:35.205-0400][gc,metaspace] GC(37) Metaspace: 42689K(43392K)->42689K(43392K) NonClass: 37893K(38272K)->37893K(38272K) Class: 4796K(5120K)->4796K(5120K)
[2023-04-16T02:35:35.205-0400][gc          ] GC(37) Pause Young (Normal) (G1 Evacuation Pause) 195M->149M(1024M) 15.461ms
[2023-04-16T02:35:35.205-0400][gc,cpu      ] GC(37) User=0.02s Sys=0.04s Real=0.01s
[2023-04-16T02:52:09.341-0400][gc,start    ] GC(38) Pause Young (Normal) (G1 Evacuation Pause)
[2023-04-16T02:52:09.343-0400][gc,task     ] GC(38) Using 8 workers of 8 for evacuation
[2023-04-16T02:52:09.362-0400][gc,phases   ] GC(38)   Pre Evacuate Collection Set: 1.9ms
[2023-04-16T02:52:09.374-0400][gc,phases   ] GC(38)   Merge Heap Roots: 0.3ms
[2023-04-16T02:52:09.374-0400][gc,phases   ] GC(38)   Evacuate Collection Set: 14.1ms
[2023-04-16T02:52:09.374-0400][gc,phases   ] GC(38)   Post Evacuate Collection Set: 1.0ms
[2023-04-16T02:52:09.374-0400][gc,phases   ] GC(38)   Other: 2.2ms
[2023-04-16T02:52:09.374-0400][gc,heap     ] GC(38) Eden regions: 47->0(48)
[2023-04-16T02:52:09.374-0400][gc,heap     ] GC(38) Survivor regions: 4->3(7)
[2023-04-16T02:52:09.374-0400][gc,heap     ] GC(38) Old regions: 16->16
[2023-04-16T02:52:09.374-0400][gc,heap     ] GC(38) Archive regions: 2->2
[2023-04-16T02:52:09.374-0400][gc,heap     ] GC(38) Humongous regions: 129->129
[2023-04-16T02:52:09.374-0400][gc,metaspace] GC(38) Metaspace: 42692K(43392K)->42692K(43392K) NonClass: 37896K(38272K)->37896K(38272K) Class: 4796K(5120K)->4796K(5120K)
[2023-04-16T02:52:09.375-0400][gc          ] GC(38) Pause Young (Normal) (G1 Evacuation Pause) 196M->148M(1024M) 33.744ms
[2023-04-16T02:52:09.377-0400][gc,cpu      ] GC(38) User=0.02s Sys=0.06s Real=0.03s
[2023-04-16T03:09:17.804-0400][gc,start    ] GC(39) Pause Young (Normal) (G1 Evacuation Pause)
[2023-04-16T03:09:17.806-0400][gc,task     ] GC(39) Using 8 workers of 8 for evacuation
[2023-04-16T03:09:17.830-0400][gc,mmu      ] GC(39) MMU target violated: 21.0ms (20.0ms/21.0ms)
[2023-04-16T03:09:17.830-0400][gc,phases   ] GC(39)   Pre Evacuate Collection Set: 3.3ms
[2023-04-16T03:09:17.830-0400][gc,phases   ] GC(39)   Merge Heap Roots: 0.6ms
[2023-04-16T03:09:17.830-0400][gc,phases   ] GC(39)   Evacuate Collection Set: 16.0ms
[2023-04-16T03:09:17.830-0400][gc,phases   ] GC(39)   Post Evacuate Collection Set: 1.7ms
[2023-04-16T03:09:17.830-0400][gc,phases   ] GC(39)   Other: 2.1ms
[2023-04-16T03:09:17.830-0400][gc,heap     ] GC(39) Eden regions: 48->0(47)
[2023-04-16T03:09:17.830-0400][gc,heap     ] GC(39) Survivor regions: 3->4(7)
[2023-04-16T03:09:17.830-0400][gc,heap     ] GC(39) Old regions: 16->16
[2023-04-16T03:09:17.830-0400][gc,heap     ] GC(39) Archive regions: 2->2
[2023-04-16T03:09:17.830-0400][gc,heap     ] GC(39) Humongous regions: 129->129
[2023-04-16T03:09:17.830-0400][gc,metaspace] GC(39) Metaspace: 42703K(43392K)->42703K(43392K) NonClass: 37906K(38272K)->37906K(38272K) Class: 4796K(5120K)->4796K(5120K)
[2023-04-16T03:09:17.830-0400][gc          ] GC(39) Pause Young (Normal) (G1 Evacuation Pause) 196M->149M(1024M) 26.106ms
[2023-04-16T03:09:17.830-0400][gc,cpu      ] GC(39) User=0.03s Sys=0.06s Real=0.03s
[2023-04-16T03:26:07.566-0400][gc,start    ] GC(40) Pause Young (Normal) (G1 Evacuation Pause)
[2023-04-16T03:26:07.568-0400][gc,task     ] GC(40) Using 8 workers of 8 for evacuation
[2023-04-16T03:26:07.581-0400][gc,phases   ] GC(40)   Pre Evacuate Collection Set: 0.6ms
[2023-04-16T03:26:07.581-0400][gc,phases   ] GC(40)   Merge Heap Roots: 0.2ms
[2023-04-16T03:26:07.581-0400][gc,phases   ] GC(40)   Evacuate Collection Set: 11.2ms
[2023-04-16T03:26:07.581-0400][gc,phases   ] GC(40)   Post Evacuate Collection Set: 0.6ms
[2023-04-16T03:26:07.581-0400][gc,phases   ] GC(40)   Other: 0.5ms
[2023-04-16T03:26:07.581-0400][gc,heap     ] GC(40) Eden regions: 47->0(47)
[2023-04-16T03:26:07.581-0400][gc,heap     ] GC(40) Survivor regions: 4->4(7)
[2023-04-16T03:26:07.581-0400][gc,heap     ] GC(40) Old regions: 16->16
[2023-04-16T03:26:07.581-0400][gc,heap     ] GC(40) Archive regions: 2->2
[2023-04-16T03:26:07.581-0400][gc,heap     ] GC(40) Humongous regions: 129->129
[2023-04-16T03:26:07.581-0400][gc,metaspace] GC(40) Metaspace: 42705K(43392K)->42705K(43392K) NonClass: 37909K(38272K)->37909K(38272K) Class: 4796K(5120K)->4796K(5120K)
[2023-04-16T03:26:07.582-0400][gc          ] GC(40) Pause Young (Normal) (G1 Evacuation Pause) 196M->149M(1024M) 15.460ms
[2023-04-16T03:26:07.582-0400][gc,cpu      ] GC(40) User=0.03s Sys=0.04s Real=0.02s
[2023-04-16T03:42:13.017-0400][gc,start    ] GC(41) Pause Young (Normal) (G1 Evacuation Pause)
[2023-04-16T03:42:13.021-0400][gc,task     ] GC(41) Using 8 workers of 8 for evacuation
[2023-04-16T03:42:13.042-0400][gc,mmu      ] GC(41) MMU target violated: 21.0ms (20.0ms/21.0ms)
[2023-04-16T03:42:13.042-0400][gc,phases   ] GC(41)   Pre Evacuate Collection Set: 2.7ms
[2023-04-16T03:42:13.042-0400][gc,phases   ] GC(41)   Merge Heap Roots: 0.7ms
[2023-04-16T03:42:13.042-0400][gc,phases   ] GC(41)   Evacuate Collection Set: 16.1ms
[2023-04-16T03:42:13.042-0400][gc,phases   ] GC(41)   Post Evacuate Collection Set: 1.2ms
[2023-04-16T03:42:13.042-0400][gc,phases   ] GC(41)   Other: 1.0ms
[2023-04-16T03:42:13.042-0400][gc,heap     ] GC(41) Eden regions: 47->0(47)
[2023-04-16T03:42:13.042-0400][gc,heap     ] GC(41) Survivor regions: 4->4(7)
[2023-04-16T03:42:13.042-0400][gc,heap     ] GC(41) Old regions: 16->16
[2023-04-16T03:42:13.042-0400][gc,heap     ] GC(41) Archive regions: 2->2
[2023-04-16T03:42:13.042-0400][gc,heap     ] GC(41) Humongous regions: 129->129
[2023-04-16T03:42:13.042-0400][gc,metaspace] GC(41) Metaspace: 42708K(43392K)->42708K(43392K) NonClass: 37912K(38272K)->37912K(38272K) Class: 4796K(5120K)->4796K(5120K)
[2023-04-16T03:42:13.042-0400][gc          ] GC(41) Pause Young (Normal) (G1 Evacuation Pause) 196M->149M(1024M) 25.578ms
[2023-04-16T03:42:13.042-0400][gc,cpu      ] GC(41) User=0.02s Sys=0.07s Real=0.03s
[2023-04-16T03:59:20.229-0400][gc,start    ] GC(42) Pause Young (Normal) (G1 Evacuation Pause)
[2023-04-16T03:59:20.232-0400][gc,task     ] GC(42) Using 8 workers of 8 for evacuation
[2023-04-16T03:59:20.249-0400][gc,phases   ] GC(42)   Pre Evacuate Collection Set: 3.0ms
[2023-04-16T03:59:20.249-0400][gc,phases   ] GC(42)   Merge Heap Roots: 0.3ms
[2023-04-16T03:59:20.249-0400][gc,phases   ] GC(42)   Evacuate Collection Set: 11.9ms
[2023-04-16T03:59:20.249-0400][gc,phases   ] GC(42)   Post Evacuate Collection Set: 1.6ms
[2023-04-16T03:59:20.249-0400][gc,phases   ] GC(42)   Other: 0.5ms
[2023-04-16T03:59:20.249-0400][gc,heap     ] GC(42) Eden regions: 47->0(88)
[2023-04-16T03:59:20.249-0400][gc,heap     ] GC(42) Survivor regions: 4->4(7)
[2023-04-16T03:59:20.249-0400][gc,heap     ] GC(42) Old regions: 16->16
[2023-04-16T03:59:20.249-0400][gc,heap     ] GC(42) Archive regions: 2->2
[2023-04-16T03:59:20.249-0400][gc,heap     ] GC(42) Humongous regions: 129->129
[2023-04-16T03:59:20.249-0400][gc,metaspace] GC(42) Metaspace: 42709K(43392K)->42709K(43392K) NonClass: 37912K(38272K)->37912K(38272K) Class: 4796K(5120K)->4796K(5120K)
[2023-04-16T03:59:20.249-0400][gc          ] GC(42) Pause Young (Normal) (G1 Evacuation Pause) 196M->149M(1024M) 19.542ms
[2023-04-16T03:59:20.249-0400][gc,cpu      ] GC(42) User=0.02s Sys=0.05s Real=0.02s
[2023-04-16T04:31:48.285-0400][gc,start    ] GC(43) Pause Young (Normal) (G1 Evacuation Pause)
[2023-04-16T04:31:48.288-0400][gc,task     ] GC(43) Using 8 workers of 8 for evacuation
[2023-04-16T04:31:48.303-0400][gc,phases   ] GC(43)   Pre Evacuate Collection Set: 1.5ms
[2023-04-16T04:31:48.303-0400][gc,phases   ] GC(43)   Merge Heap Roots: 1.1ms
[2023-04-16T04:31:48.303-0400][gc,phases   ] GC(43)   Evacuate Collection Set: 11.1ms
[2023-04-16T04:31:48.303-0400][gc,phases   ] GC(43)   Post Evacuate Collection Set: 1.1ms
[2023-04-16T04:31:48.303-0400][gc,phases   ] GC(43)   Other: 0.2ms
[2023-04-16T04:31:48.303-0400][gc,heap     ] GC(43) Eden regions: 88->0(220)
[2023-04-16T04:31:48.303-0400][gc,heap     ] GC(43) Survivor regions: 4->3(12)
[2023-04-16T04:31:48.303-0400][gc,heap     ] GC(43) Old regions: 16->16
[2023-04-16T04:31:48.303-0400][gc,heap     ] GC(43) Archive regions: 2->2
[2023-04-16T04:31:48.303-0400][gc,heap     ] GC(43) Humongous regions: 129->129
[2023-04-16T04:31:48.303-0400][gc,metaspace] GC(43) Metaspace: 42711K(43392K)->42711K(43392K) NonClass: 37914K(38272K)->37914K(38272K) Class: 4796K(5120K)->4796K(5120K)
[2023-04-16T04:31:48.303-0400][gc          ] GC(43) Pause Young (Normal) (G1 Evacuation Pause) 237M->148M(1024M) 17.982ms
[2023-04-16T04:31:48.303-0400][gc,cpu      ] GC(43) User=0.02s Sys=0.04s Real=0.02s
[2023-04-16T09:46:00.829-0400][gc,start    ] GC(44) Pause Young (Normal) (G1 Evacuation Pause)
[2023-04-16T09:46:00.832-0400][gc,task     ] GC(44) Using 8 workers of 8 for evacuation
[2023-04-16T09:46:00.865-0400][gc,mmu      ] GC(44) MMU target violated: 21.0ms (20.0ms/21.0ms)
[2023-04-16T09:46:00.866-0400][gc,phases   ] GC(44)   Pre Evacuate Collection Set: 3.4ms
[2023-04-16T09:46:00.866-0400][gc,phases   ] GC(44)   Merge Heap Roots: 0.3ms
[2023-04-16T09:46:00.866-0400][gc,phases   ] GC(44)   Evacuate Collection Set: 28.4ms
[2023-04-16T09:46:00.866-0400][gc,phases   ] GC(44)   Post Evacuate Collection Set: 1.2ms
[2023-04-16T09:46:00.866-0400][gc,phases   ] GC(44)   Other: 0.8ms
[2023-04-16T09:46:00.866-0400][gc,heap     ] GC(44) Eden regions: 220->0(47)
[2023-04-16T09:46:00.866-0400][gc,heap     ] GC(44) Survivor regions: 3->4(28)
[2023-04-16T09:46:00.866-0400][gc,heap     ] GC(44) Old regions: 16->16
[2023-04-16T09:46:00.866-0400][gc,heap     ] GC(44) Archive regions: 2->2
[2023-04-16T09:46:00.866-0400][gc,heap     ] GC(44) Humongous regions: 129->129
[2023-04-16T09:46:00.867-0400][gc,metaspace] GC(44) Metaspace: 42788K(43456K)->42788K(43456K) NonClass: 37992K(38336K)->37992K(38336K) Class: 4796K(5120K)->4796K(5120K)
[2023-04-16T09:46:00.867-0400][gc          ] GC(44) Pause Young (Normal) (G1 Evacuation Pause) 368M->149M(1024M) 38.295ms
[2023-04-16T09:46:00.867-0400][gc,cpu      ] GC(44) User=0.04s Sys=0.09s Real=0.04s
[2023-04-16T09:59:58.466-0400][gc,start    ] GC(45) Pause Young (Normal) (G1 Evacuation Pause)
[2023-04-16T09:59:58.467-0400][gc,task     ] GC(45) Using 8 workers of 8 for evacuation
[2023-04-16T09:59:58.480-0400][gc,phases   ] GC(45)   Pre Evacuate Collection Set: 0.7ms
[2023-04-16T09:59:58.480-0400][gc,phases   ] GC(45)   Merge Heap Roots: 0.2ms
[2023-04-16T09:59:58.480-0400][gc,phases   ] GC(45)   Evacuate Collection Set: 11.6ms
[2023-04-16T09:59:58.480-0400][gc,phases   ] GC(45)   Post Evacuate Collection Set: 0.6ms
[2023-04-16T09:59:58.480-0400][gc,phases   ] GC(45)   Other: 0.3ms
[2023-04-16T09:59:58.480-0400][gc,heap     ] GC(45) Eden regions: 47->0(47)
[2023-04-16T09:59:58.480-0400][gc,heap     ] GC(45) Survivor regions: 4->4(7)
[2023-04-16T09:59:58.480-0400][gc,heap     ] GC(45) Old regions: 16->16
[2023-04-16T09:59:58.480-0400][gc,heap     ] GC(45) Archive regions: 2->2
[2023-04-16T09:59:58.480-0400][gc,heap     ] GC(45) Humongous regions: 129->129
[2023-04-16T09:59:58.480-0400][gc,metaspace] GC(45) Metaspace: 44047K(44736K)->44047K(44736K) NonClass: 38931K(39296K)->38931K(39296K) Class: 5115K(5440K)->5115K(5440K)
[2023-04-16T09:59:58.481-0400][gc          ] GC(45) Pause Young (Normal) (G1 Evacuation Pause) 196M->149M(1024M) 14.966ms
[2023-04-16T09:59:58.481-0400][gc,cpu      ] GC(45) User=0.03s Sys=0.04s Real=0.02s
[2023-04-16T10:15:37.797-0400][gc,start    ] GC(46) Pause Young (Normal) (G1 Evacuation Pause)
[2023-04-16T10:15:37.798-0400][gc,task     ] GC(46) Using 8 workers of 8 for evacuation
[2023-04-16T10:15:37.805-0400][gc,phases   ] GC(46)   Pre Evacuate Collection Set: 0.2ms
[2023-04-16T10:15:37.805-0400][gc,phases   ] GC(46)   Merge Heap Roots: 0.1ms
[2023-04-16T10:15:37.805-0400][gc,phases   ] GC(46)   Evacuate Collection Set: 6.1ms
[2023-04-16T10:15:37.805-0400][gc,phases   ] GC(46)   Post Evacuate Collection Set: 1.1ms
[2023-04-16T10:15:37.805-0400][gc,phases   ] GC(46)   Other: 0.1ms
[2023-04-16T10:15:37.805-0400][gc,heap     ] GC(46) Eden regions: 47->0(69)
[2023-04-16T10:15:37.805-0400][gc,heap     ] GC(46) Survivor regions: 4->4(7)
[2023-04-16T10:15:37.806-0400][gc,heap     ] GC(46) Old regions: 16->16
[2023-04-16T10:15:37.806-0400][gc,heap     ] GC(46) Archive regions: 2->2
[2023-04-16T10:15:37.806-0400][gc,heap     ] GC(46) Humongous regions: 129->129
[2023-04-16T10:15:37.806-0400][gc,metaspace] GC(46) Metaspace: 44073K(44736K)->44073K(44736K) NonClass: 38957K(39296K)->38957K(39296K) Class: 5115K(5440K)->5115K(5440K)
[2023-04-16T10:15:37.806-0400][gc          ] GC(46) Pause Young (Normal) (G1 Evacuation Pause) 196M->149M(1024M) 8.726ms
[2023-04-16T10:15:37.806-0400][gc,cpu      ] GC(46) User=0.01s Sys=0.02s Real=0.01s
[2023-04-16T10:16:22.188-0400][gc,start    ] GC(47) Pause Young (Normal) (G1 Evacuation Pause)
[2023-04-16T10:16:22.189-0400][gc,task     ] GC(47) Using 8 workers of 8 for evacuation
[2023-04-16T10:16:22.196-0400][gc,phases   ] GC(47)   Pre Evacuate Collection Set: 0.2ms
[2023-04-16T10:16:22.196-0400][gc,phases   ] GC(47)   Merge Heap Roots: 0.2ms
[2023-04-16T10:16:22.196-0400][gc,phases   ] GC(47)   Evacuate Collection Set: 6.2ms
[2023-04-16T10:16:22.196-0400][gc,phases   ] GC(47)   Post Evacuate Collection Set: 0.5ms
[2023-04-16T10:16:22.196-0400][gc,phases   ] GC(47)   Other: 0.1ms
[2023-04-16T10:16:22.196-0400][gc,heap     ] GC(47) Eden regions: 69->0(46)
[2023-04-16T10:16:22.196-0400][gc,heap     ] GC(47) Survivor regions: 4->5(10)
[2023-04-16T10:16:22.196-0400][gc,heap     ] GC(47) Old regions: 16->16
[2023-04-16T10:16:22.196-0400][gc,heap     ] GC(47) Archive regions: 2->2
[2023-04-16T10:16:22.196-0400][gc,heap     ] GC(47) Humongous regions: 129->129
[2023-04-16T10:16:22.196-0400][gc,metaspace] GC(47) Metaspace: 44131K(44800K)->44131K(44800K) NonClass: 39015K(39360K)->39015K(39360K) Class: 5116K(5440K)->5116K(5440K)
[2023-04-16T10:16:22.196-0400][gc          ] GC(47) Pause Young (Normal) (G1 Evacuation Pause) 218M->150M(1024M) 8.119ms
[2023-04-16T10:16:22.196-0400][gc,cpu      ] GC(47) User=0.02s Sys=0.02s Real=0.01s
[2023-04-16T10:16:52.884-0400][gc,start    ] GC(48) Pause Young (Normal) (G1 Evacuation Pause)
[2023-04-16T10:16:52.886-0400][gc,task     ] GC(48) Using 8 workers of 8 for evacuation
[2023-04-16T10:16:52.891-0400][gc,phases   ] GC(48)   Pre Evacuate Collection Set: 0.2ms
[2023-04-16T10:16:52.891-0400][gc,phases   ] GC(48)   Merge Heap Roots: 0.1ms
[2023-04-16T10:16:52.891-0400][gc,phases   ] GC(48)   Evacuate Collection Set: 3.4ms
[2023-04-16T10:16:52.891-0400][gc,phases   ] GC(48)   Post Evacuate Collection Set: 0.7ms
[2023-04-16T10:16:52.891-0400][gc,phases   ] GC(48)   Other: 0.2ms
[2023-04-16T10:16:52.891-0400][gc,heap     ] GC(48) Eden regions: 46->0(88)
[2023-04-16T10:16:52.891-0400][gc,heap     ] GC(48) Survivor regions: 5->4(7)
[2023-04-16T10:16:52.891-0400][gc,heap     ] GC(48) Old regions: 16->17
[2023-04-16T10:16:52.891-0400][gc,heap     ] GC(48) Archive regions: 2->2
[2023-04-16T10:16:52.891-0400][gc,heap     ] GC(48) Humongous regions: 129->129
[2023-04-16T10:16:52.891-0400][gc,metaspace] GC(48) Metaspace: 44131K(44800K)->44131K(44800K) NonClass: 39015K(39360K)->39015K(39360K) Class: 5116K(5440K)->5116K(5440K)
[2023-04-16T10:16:52.891-0400][gc          ] GC(48) Pause Young (Normal) (G1 Evacuation Pause) 196M->150M(1024M) 7.220ms
[2023-04-16T10:16:52.891-0400][gc,cpu      ] GC(48) User=0.01s Sys=0.00s Real=0.01s
[2023-04-16T10:17:52.559-0400][gc,start    ] GC(49) Pause Young (Normal) (G1 Evacuation Pause)
[2023-04-16T10:17:52.560-0400][gc,task     ] GC(49) Using 8 workers of 8 for evacuation
[2023-04-16T10:17:52.573-0400][gc,phases   ] GC(49)   Pre Evacuate Collection Set: 0.5ms
[2023-04-16T10:17:52.573-0400][gc,phases   ] GC(49)   Merge Heap Roots: 0.1ms
[2023-04-16T10:17:52.573-0400][gc,phases   ] GC(49)   Evacuate Collection Set: 11.6ms
[2023-04-16T10:17:52.573-0400][gc,phases   ] GC(49)   Post Evacuate Collection Set: 0.4ms
[2023-04-16T10:17:52.573-0400][gc,phases   ] GC(49)   Other: 0.2ms
[2023-04-16T10:17:52.573-0400][gc,heap     ] GC(49) Eden regions: 88->0(89)
[2023-04-16T10:17:52.573-0400][gc,heap     ] GC(49) Survivor regions: 4->4(12)
[2023-04-16T10:17:52.573-0400][gc,heap     ] GC(49) Old regions: 17->17
[2023-04-16T10:17:52.573-0400][gc,heap     ] GC(49) Archive regions: 2->2
[2023-04-16T10:17:52.573-0400][gc,heap     ] GC(49) Humongous regions: 129->129
[2023-04-16T10:17:52.573-0400][gc,metaspace] GC(49) Metaspace: 44138K(44864K)->44138K(44864K) NonClass: 39022K(39424K)->39022K(39424K) Class: 5116K(5440K)->5116K(5440K)
[2023-04-16T10:17:52.573-0400][gc          ] GC(49) Pause Young (Normal) (G1 Evacuation Pause) 238M->149M(1024M) 14.140ms
[2023-04-16T10:17:52.573-0400][gc,cpu      ] GC(49) User=0.02s Sys=0.03s Real=0.02s
[2023-04-16T10:18:51.986-0400][gc,start    ] GC(50) Pause Young (Normal) (G1 Evacuation Pause)
[2023-04-16T10:18:51.987-0400][gc,task     ] GC(50) Using 8 workers of 8 for evacuation
[2023-04-16T10:18:51.994-0400][gc,phases   ] GC(50)   Pre Evacuate Collection Set: 0.3ms
[2023-04-16T10:18:51.994-0400][gc,phases   ] GC(50)   Merge Heap Roots: 0.2ms
[2023-04-16T10:18:51.994-0400][gc,phases   ] GC(50)   Evacuate Collection Set: 6.1ms
[2023-04-16T10:18:51.995-0400][gc,phases   ] GC(50)   Post Evacuate Collection Set: 0.6ms
[2023-04-16T10:18:51.995-0400][gc,phases   ] GC(50)   Other: 0.2ms
[2023-04-16T10:18:51.995-0400][gc,heap     ] GC(50) Eden regions: 89->0(125)
[2023-04-16T10:18:51.995-0400][gc,heap     ] GC(50) Survivor regions: 4->4(12)
[2023-04-16T10:18:51.995-0400][gc,heap     ] GC(50) Old regions: 17->17
[2023-04-16T10:18:51.995-0400][gc,heap     ] GC(50) Archive regions: 2->2
[2023-04-16T10:18:51.995-0400][gc,heap     ] GC(50) Humongous regions: 129->129
[2023-04-16T10:18:51.995-0400][gc,metaspace] GC(50) Metaspace: 44138K(44864K)->44138K(44864K) NonClass: 39022K(39424K)->39022K(39424K) Class: 5116K(5440K)->5116K(5440K)
[2023-04-16T10:18:51.995-0400][gc          ] GC(50) Pause Young (Normal) (G1 Evacuation Pause) 238M->149M(1024M) 8.763ms
[2023-04-16T10:18:51.995-0400][gc,cpu      ] GC(50) User=0.03s Sys=0.01s Real=0.01s
[2023-04-16T10:20:13.923-0400][gc,start    ] GC(51) Pause Young (Normal) (G1 Evacuation Pause)
[2023-04-16T10:20:13.924-0400][gc,task     ] GC(51) Using 8 workers of 8 for evacuation
[2023-04-16T10:20:13.931-0400][gc,phases   ] GC(51)   Pre Evacuate Collection Set: 0.2ms
[2023-04-16T10:20:13.931-0400][gc,phases   ] GC(51)   Merge Heap Roots: 0.1ms
[2023-04-16T10:20:13.932-0400][gc,phases   ] GC(51)   Evacuate Collection Set: 7.1ms
[2023-04-16T10:20:13.932-0400][gc,phases   ] GC(51)   Post Evacuate Collection Set: 0.4ms
[2023-04-16T10:20:13.932-0400][gc,phases   ] GC(51)   Other: 0.1ms
[2023-04-16T10:20:13.932-0400][gc,heap     ] GC(51) Eden regions: 125->0(163)
[2023-04-16T10:20:13.932-0400][gc,heap     ] GC(51) Survivor regions: 4->4(17)
[2023-04-16T10:20:13.932-0400][gc,heap     ] GC(51) Old regions: 17->17
[2023-04-16T10:20:13.932-0400][gc,heap     ] GC(51) Archive regions: 2->2
[2023-04-16T10:20:13.932-0400][gc,heap     ] GC(51) Humongous regions: 129->129
[2023-04-16T10:20:13.932-0400][gc,metaspace] GC(51) Metaspace: 44138K(44864K)->44138K(44864K) NonClass: 39022K(39424K)->39022K(39424K) Class: 5116K(5440K)->5116K(5440K)
[2023-04-16T10:20:13.932-0400][gc          ] GC(51) Pause Young (Normal) (G1 Evacuation Pause) 274M->150M(1024M) 8.755ms
[2023-04-16T10:20:13.932-0400][gc,cpu      ] GC(51) User=0.01s Sys=0.03s Real=0.01s
[2023-04-16T10:22:00.749-0400][gc,start    ] GC(52) Pause Young (Normal) (G1 Evacuation Pause)
[2023-04-16T10:22:00.750-0400][gc,task     ] GC(52) Using 8 workers of 8 for evacuation
[2023-04-16T10:22:00.759-0400][gc,phases   ] GC(52)   Pre Evacuate Collection Set: 0.2ms
[2023-04-16T10:22:00.759-0400][gc,phases   ] GC(52)   Merge Heap Roots: 0.9ms
[2023-04-16T10:22:00.759-0400][gc,phases   ] GC(52)   Evacuate Collection Set: 7.2ms
[2023-04-16T10:22:00.759-0400][gc,phases   ] GC(52)   Post Evacuate Collection Set: 0.3ms
[2023-04-16T10:22:00.759-0400][gc,phases   ] GC(52)   Other: 0.1ms
[2023-04-16T10:22:00.759-0400][gc,heap     ] GC(52) Eden regions: 163->0(209)
[2023-04-16T10:22:00.759-0400][gc,heap     ] GC(52) Survivor regions: 4->4(21)
[2023-04-16T10:22:00.759-0400][gc,heap     ] GC(52) Old regions: 17->17
[2023-04-16T10:22:00.759-0400][gc,heap     ] GC(52) Archive regions: 2->2
[2023-04-16T10:22:00.759-0400][gc,heap     ] GC(52) Humongous regions: 129->129
[2023-04-16T10:22:00.759-0400][gc,metaspace] GC(52) Metaspace: 44138K(44864K)->44138K(44864K) NonClass: 39022K(39424K)->39022K(39424K) Class: 5116K(5440K)->5116K(5440K)
[2023-04-16T10:22:00.759-0400][gc          ] GC(52) Pause Young (Normal) (G1 Evacuation Pause) 313M->149M(1024M) 9.790ms
[2023-04-16T10:22:00.759-0400][gc,cpu      ] GC(52) User=0.02s Sys=0.02s Real=0.01s
[2023-04-16T10:24:19.737-0400][gc,start    ] GC(53) Pause Young (Normal) (G1 Evacuation Pause)
[2023-04-16T10:24:19.738-0400][gc,task     ] GC(53) Using 8 workers of 8 for evacuation
[2023-04-16T10:24:19.753-0400][gc,phases   ] GC(53)   Pre Evacuate Collection Set: 0.8ms
[2023-04-16T10:24:19.753-0400][gc,phases   ] GC(53)   Merge Heap Roots: 1.1ms
[2023-04-16T10:24:19.753-0400][gc,phases   ] GC(53)   Evacuate Collection Set: 12.2ms
[2023-04-16T10:24:19.753-0400][gc,phases   ] GC(53)   Post Evacuate Collection Set: 0.6ms
[2023-04-16T10:24:19.753-0400][gc,phases   ] GC(53)   Other: 0.3ms
[2023-04-16T10:24:19.753-0400][gc,heap     ] GC(53) Eden regions: 209->0(195)
[2023-04-16T10:24:19.753-0400][gc,heap     ] GC(53) Survivor regions: 4->4(27)
[2023-04-16T10:24:19.753-0400][gc,heap     ] GC(53) Old regions: 17->17
[2023-04-16T10:24:19.753-0400][gc,heap     ] GC(53) Archive regions: 2->2
[2023-04-16T10:24:19.753-0400][gc,heap     ] GC(53) Humongous regions: 129->129
[2023-04-16T10:24:19.753-0400][gc,metaspace] GC(53) Metaspace: 44138K(44864K)->44138K(44864K) NonClass: 39022K(39424K)->39022K(39424K) Class: 5116K(5440K)->5116K(5440K)
[2023-04-16T10:24:19.753-0400][gc          ] GC(53) Pause Young (Normal) (G1 Evacuation Pause) 358M->149M(1024M) 16.174ms
[2023-04-16T10:24:19.753-0400][gc,cpu      ] GC(53) User=0.03s Sys=0.05s Real=0.02s
[2023-04-16T10:26:27.990-0400][gc,start    ] GC(54) Pause Young (Normal) (G1 Evacuation Pause)
[2023-04-16T10:26:27.992-0400][gc,task     ] GC(54) Using 8 workers of 8 for evacuation
[2023-04-16T10:26:27.998-0400][gc,phases   ] GC(54)   Pre Evacuate Collection Set: 0.3ms
[2023-04-16T10:26:27.998-0400][gc,phases   ] GC(54)   Merge Heap Roots: 0.2ms
[2023-04-16T10:26:27.998-0400][gc,phases   ] GC(54)   Evacuate Collection Set: 4.8ms
[2023-04-16T10:26:27.998-0400][gc,phases   ] GC(54)   Post Evacuate Collection Set: 0.6ms
[2023-04-16T10:26:27.998-0400][gc,phases   ] GC(54)   Other: 0.2ms
[2023-04-16T10:26:27.998-0400][gc,heap     ] GC(54) Eden regions: 195->0(292)
[2023-04-16T10:26:27.998-0400][gc,heap     ] GC(54) Survivor regions: 4->4(25)
[2023-04-16T10:26:27.998-0400][gc,heap     ] GC(54) Old regions: 17->17
[2023-04-16T10:26:27.998-0400][gc,heap     ] GC(54) Archive regions: 2->2
[2023-04-16T10:26:27.998-0400][gc,heap     ] GC(54) Humongous regions: 129->129
[2023-04-16T10:26:27.998-0400][gc,metaspace] GC(54) Metaspace: 44138K(44864K)->44138K(44864K) NonClass: 39022K(39424K)->39022K(39424K) Class: 5116K(5440K)->5116K(5440K)
[2023-04-16T10:26:27.998-0400][gc          ] GC(54) Pause Young (Normal) (G1 Evacuation Pause) 344M->150M(1024M) 8.469ms
[2023-04-16T10:26:27.998-0400][gc,cpu      ] GC(54) User=0.04s Sys=0.00s Real=0.00s
[2023-04-16T10:29:46.038-0400][gc,start    ] GC(55) Pause Young (Normal) (G1 Evacuation Pause)
[2023-04-16T10:29:46.039-0400][gc,task     ] GC(55) Using 8 workers of 8 for evacuation
[2023-04-16T10:29:46.062-0400][gc,mmu      ] GC(55) MMU target violated: 21.0ms (20.0ms/21.0ms)
[2023-04-16T10:29:46.062-0400][gc,phases   ] GC(55)   Pre Evacuate Collection Set: 1.5ms
[2023-04-16T10:29:46.062-0400][gc,phases   ] GC(55)   Merge Heap Roots: 0.2ms
[2023-04-16T10:29:46.062-0400][gc,phases   ] GC(55)   Evacuate Collection Set: 19.9ms
[2023-04-16T10:29:46.062-0400][gc,phases   ] GC(55)   Post Evacuate Collection Set: 1.1ms
[2023-04-16T10:29:46.062-0400][gc,phases   ] GC(55)   Other: 0.2ms
[2023-04-16T10:29:46.062-0400][gc,heap     ] GC(55) Eden regions: 292->0(128)
[2023-04-16T10:29:46.062-0400][gc,heap     ] GC(55) Survivor regions: 4->5(37)
[2023-04-16T10:29:46.062-0400][gc,heap     ] GC(55) Old regions: 17->17
[2023-04-16T10:29:46.062-0400][gc,heap     ] GC(55) Archive regions: 2->2
[2023-04-16T10:29:46.062-0400][gc,heap     ] GC(55) Humongous regions: 129->129
[2023-04-16T10:29:46.062-0400][gc,metaspace] GC(55) Metaspace: 44139K(44864K)->44139K(44864K) NonClass: 39023K(39424K)->39023K(39424K) Class: 5116K(5440K)->5116K(5440K)
[2023-04-16T10:29:46.062-0400][gc          ] GC(55) Pause Young (Normal) (G1 Evacuation Pause) 442M->150M(1024M) 23.985ms
[2023-04-16T10:29:46.062-0400][gc,cpu      ] GC(55) User=0.03s Sys=0.05s Real=0.03s
[2023-04-16T10:31:08.626-0400][gc,start    ] GC(56) Pause Young (Normal) (G1 Evacuation Pause)
[2023-04-16T10:31:08.627-0400][gc,task     ] GC(56) Using 8 workers of 8 for evacuation
[2023-04-16T10:31:08.634-0400][gc,phases   ] GC(56)   Pre Evacuate Collection Set: 0.3ms
[2023-04-16T10:31:08.634-0400][gc,phases   ] GC(56)   Merge Heap Roots: 0.2ms
[2023-04-16T10:31:08.634-0400][gc,phases   ] GC(56)   Evacuate Collection Set: 5.8ms
[2023-04-16T10:31:08.634-0400][gc,phases   ] GC(56)   Post Evacuate Collection Set: 0.5ms
[2023-04-16T10:31:08.634-0400][gc,phases   ] GC(56)   Other: 0.2ms
[2023-04-16T10:31:08.634-0400][gc,heap     ] GC(56) Eden regions: 128->0(184)
[2023-04-16T10:31:08.634-0400][gc,heap     ] GC(56) Survivor regions: 5->5(17)
[2023-04-16T10:31:08.635-0400][gc,heap     ] GC(56) Old regions: 17->17
[2023-04-16T10:31:08.635-0400][gc,heap     ] GC(56) Archive regions: 2->2
[2023-04-16T10:31:08.635-0400][gc,heap     ] GC(56) Humongous regions: 129->129
[2023-04-16T10:31:08.635-0400][gc,metaspace] GC(56) Metaspace: 44139K(44864K)->44139K(44864K) NonClass: 39023K(39424K)->39023K(39424K) Class: 5116K(5440K)->5116K(5440K)
[2023-04-16T10:31:08.635-0400][gc          ] GC(56) Pause Young (Normal) (G1 Evacuation Pause) 278M->150M(1024M) 8.437ms
[2023-04-16T10:31:08.635-0400][gc,cpu      ] GC(56) User=0.04s Sys=0.00s Real=0.01s
[2023-04-16T10:33:12.188-0400][gc,start    ] GC(57) Pause Young (Normal) (G1 Evacuation Pause)
[2023-04-16T10:33:12.190-0400][gc,task     ] GC(57) Using 8 workers of 8 for evacuation
[2023-04-16T10:33:12.196-0400][gc,phases   ] GC(57)   Pre Evacuate Collection Set: 0.3ms
[2023-04-16T10:33:12.196-0400][gc,phases   ] GC(57)   Merge Heap Roots: 0.2ms
[2023-04-16T10:33:12.196-0400][gc,phases   ] GC(57)   Evacuate Collection Set: 5.1ms
[2023-04-16T10:33:12.196-0400][gc,phases   ] GC(57)   Post Evacuate Collection Set: 0.6ms
[2023-04-16T10:33:12.197-0400][gc,phases   ] GC(57)   Other: 0.2ms
[2023-04-16T10:33:12.197-0400][gc,heap     ] GC(57) Eden regions: 184->0(319)
[2023-04-16T10:33:12.197-0400][gc,heap     ] GC(57) Survivor regions: 5->5(24)
[2023-04-16T10:33:12.197-0400][gc,heap     ] GC(57) Old regions: 17->17
[2023-04-16T10:33:12.197-0400][gc,heap     ] GC(57) Archive regions: 2->2
[2023-04-16T10:33:12.197-0400][gc,heap     ] GC(57) Humongous regions: 129->129
[2023-04-16T10:33:12.197-0400][gc,metaspace] GC(57) Metaspace: 44139K(44864K)->44139K(44864K) NonClass: 39023K(39424K)->39023K(39424K) Class: 5116K(5440K)->5116K(5440K)
[2023-04-16T10:33:12.197-0400][gc          ] GC(57) Pause Young (Normal) (G1 Evacuation Pause) 334M->151M(1024M) 8.707ms
[2023-04-16T10:33:12.197-0400][gc,cpu      ] GC(57) User=0.04s Sys=0.01s Real=0.01s
[2023-04-16T10:36:47.462-0400][gc,start    ] GC(58) Pause Young (Normal) (G1 Evacuation Pause)
[2023-04-16T10:36:47.462-0400][gc,task     ] GC(58) Using 8 workers of 8 for evacuation
[2023-04-16T10:36:47.484-0400][gc,mmu      ] GC(58) MMU target violated: 21.0ms (20.0ms/21.0ms)
[2023-04-16T10:36:47.484-0400][gc,phases   ] GC(58)   Pre Evacuate Collection Set: 1.4ms
[2023-04-16T10:36:47.484-0400][gc,phases   ] GC(58)   Merge Heap Roots: 0.1ms
[2023-04-16T10:36:47.484-0400][gc,phases   ] GC(58)   Evacuate Collection Set: 19.2ms
[2023-04-16T10:36:47.484-0400][gc,phases   ] GC(58)   Post Evacuate Collection Set: 0.6ms
[2023-04-16T10:36:47.484-0400][gc,phases   ] GC(58)   Other: 0.2ms
[2023-04-16T10:36:47.484-0400][gc,heap     ] GC(58) Eden regions: 319->0(128)
[2023-04-16T10:36:47.484-0400][gc,heap     ] GC(58) Survivor regions: 5->6(41)
[2023-04-16T10:36:47.484-0400][gc,heap     ] GC(58) Old regions: 17->17
[2023-04-16T10:36:47.484-0400][gc,heap     ] GC(58) Archive regions: 2->2
[2023-04-16T10:36:47.484-0400][gc,heap     ] GC(58) Humongous regions: 129->129
[2023-04-16T10:36:47.484-0400][gc,metaspace] GC(58) Metaspace: 44139K(44864K)->44139K(44864K) NonClass: 39023K(39424K)->39023K(39424K) Class: 5116K(5440K)->5116K(5440K)
[2023-04-16T10:36:47.484-0400][gc          ] GC(58) Pause Young (Normal) (G1 Evacuation Pause) 470M->151M(1024M) 22.594ms
[2023-04-16T10:36:47.484-0400][gc,cpu      ] GC(58) User=0.03s Sys=0.05s Real=0.02s
[2023-04-16T10:38:12.237-0400][gc,start    ] GC(59) Pause Young (Normal) (G1 Evacuation Pause)
[2023-04-16T10:38:12.239-0400][gc,task     ] GC(59) Using 8 workers of 8 for evacuation
[2023-04-16T10:38:12.247-0400][gc,phases   ] GC(59)   Pre Evacuate Collection Set: 0.3ms
[2023-04-16T10:38:12.247-0400][gc,phases   ] GC(59)   Merge Heap Roots: 0.2ms
[2023-04-16T10:38:12.247-0400][gc,phases   ] GC(59)   Evacuate Collection Set: 6.7ms
[2023-04-16T10:38:12.247-0400][gc,phases   ] GC(59)   Post Evacuate Collection Set: 0.6ms
[2023-04-16T10:38:12.247-0400][gc,phases   ] GC(59)   Other: 0.2ms
[2023-04-16T10:38:12.247-0400][gc,heap     ] GC(59) Eden regions: 128->0(187)
[2023-04-16T10:38:12.247-0400][gc,heap     ] GC(59) Survivor regions: 6->6(17)
[2023-04-16T10:38:12.247-0400][gc,heap     ] GC(59) Old regions: 17->17
[2023-04-16T10:38:12.247-0400][gc,heap     ] GC(59) Archive regions: 2->2
[2023-04-16T10:38:12.247-0400][gc,heap     ] GC(59) Humongous regions: 129->129
[2023-04-16T10:38:12.247-0400][gc,metaspace] GC(59) Metaspace: 44139K(44864K)->44139K(44864K) NonClass: 39023K(39424K)->39023K(39424K) Class: 5116K(5440K)->5116K(5440K)
[2023-04-16T10:38:12.247-0400][gc          ] GC(59) Pause Young (Normal) (G1 Evacuation Pause) 279M->151M(1024M) 10.171ms
[2023-04-16T10:38:12.247-0400][gc,cpu      ] GC(59) User=0.05s Sys=0.00s Real=0.01s
[2023-04-16T10:40:16.591-0400][gc,start    ] GC(60) Pause Young (Normal) (G1 Evacuation Pause)
[2023-04-16T10:40:16.592-0400][gc,task     ] GC(60) Using 8 workers of 8 for evacuation
[2023-04-16T10:40:16.595-0400][gc,phases   ] GC(60)   Pre Evacuate Collection Set: 0.1ms
[2023-04-16T10:40:16.595-0400][gc,phases   ] GC(60)   Merge Heap Roots: 0.1ms
[2023-04-16T10:40:16.595-0400][gc,phases   ] GC(60)   Evacuate Collection Set: 2.7ms
[2023-04-16T10:40:16.595-0400][gc,phases   ] GC(60)   Post Evacuate Collection Set: 0.4ms
[2023-04-16T10:40:16.595-0400][gc,phases   ] GC(60)   Other: 0.1ms
[2023-04-16T10:40:16.595-0400][gc,heap     ] GC(60) Eden regions: 187->0(450)
[2023-04-16T10:40:16.595-0400][gc,heap     ] GC(60) Survivor regions: 6->4(25)
[2023-04-16T10:40:16.595-0400][gc,heap     ] GC(60) Old regions: 17->18
[2023-04-16T10:40:16.595-0400][gc,heap     ] GC(60) Archive regions: 2->2
[2023-04-16T10:40:16.595-0400][gc,heap     ] GC(60) Humongous regions: 129->129
[2023-04-16T10:40:16.596-0400][gc,metaspace] GC(60) Metaspace: 44139K(44864K)->44139K(44864K) NonClass: 39023K(39424K)->39023K(39424K) Class: 5116K(5440K)->5116K(5440K)
[2023-04-16T10:40:16.596-0400][gc          ] GC(60) Pause Young (Normal) (G1 Evacuation Pause) 338M->150M(1024M) 4.447ms
[2023-04-16T10:40:16.596-0400][gc,cpu      ] GC(60) User=0.02s Sys=0.00s Real=0.00s
[2023-04-16T10:45:14.811-0400][gc,start    ] GC(61) Pause Young (Normal) (G1 Evacuation Pause)
[2023-04-16T10:45:14.812-0400][gc,task     ] GC(61) Using 8 workers of 8 for evacuation
[2023-04-16T10:45:14.821-0400][gc,phases   ] GC(61)   Pre Evacuate Collection Set: 1.1ms
[2023-04-16T10:45:14.822-0400][gc,phases   ] GC(61)   Merge Heap Roots: 0.3ms
[2023-04-16T10:45:14.822-0400][gc,phases   ] GC(61)   Evacuate Collection Set: 6.5ms
[2023-04-16T10:45:14.822-0400][gc,phases   ] GC(61)   Post Evacuate Collection Set: 0.8ms
[2023-04-16T10:45:14.822-0400][gc,phases   ] GC(61)   Other: 0.3ms
[2023-04-16T10:45:14.822-0400][gc,heap     ] GC(61) Eden regions: 450->0(609)
[2023-04-16T10:45:14.822-0400][gc,heap     ] GC(61) Survivor regions: 4->5(57)
[2023-04-16T10:45:14.822-0400][gc,heap     ] GC(61) Old regions: 18->18
[2023-04-16T10:45:14.822-0400][gc,heap     ] GC(61) Archive regions: 2->2
[2023-04-16T10:45:14.822-0400][gc,heap     ] GC(61) Humongous regions: 129->129
[2023-04-16T10:45:14.822-0400][gc,metaspace] GC(61) Metaspace: 44141K(44864K)->44141K(44864K) NonClass: 39024K(39424K)->39024K(39424K) Class: 5116K(5440K)->5116K(5440K)
[2023-04-16T10:45:14.822-0400][gc          ] GC(61) Pause Young (Normal) (G1 Evacuation Pause) 600M->151M(1024M) 10.236ms
[2023-04-16T10:45:14.822-0400][gc,cpu      ] GC(61) User=0.04s Sys=0.01s Real=0.01s
[2023-04-16T10:51:59.542-0400][gc,start    ] GC(62) Pause Young (Normal) (G1 Evacuation Pause)
[2023-04-16T10:51:59.544-0400][gc,task     ] GC(62) Using 8 workers of 8 for evacuation
[2023-04-16T10:51:59.553-0400][gc,phases   ] GC(62)   Pre Evacuate Collection Set: 2.1ms
[2023-04-16T10:51:59.553-0400][gc,phases   ] GC(62)   Merge Heap Roots: 0.2ms
[2023-04-16T10:51:59.553-0400][gc,phases   ] GC(62)   Evacuate Collection Set: 5.4ms
[2023-04-16T10:51:59.553-0400][gc,phases   ] GC(62)   Post Evacuate Collection Set: 0.9ms
[2023-04-16T10:51:59.553-0400][gc,phases   ] GC(62)   Other: 0.3ms
[2023-04-16T10:51:59.553-0400][gc,heap     ] GC(62) Eden regions: 609->0(610)
[2023-04-16T10:51:59.553-0400][gc,heap     ] GC(62) Survivor regions: 5->4(77)
[2023-04-16T10:51:59.553-0400][gc,heap     ] GC(62) Old regions: 18->18
[2023-04-16T10:51:59.553-0400][gc,heap     ] GC(62) Archive regions: 2->2
[2023-04-16T10:51:59.553-0400][gc,heap     ] GC(62) Humongous regions: 129->129
[2023-04-16T10:51:59.553-0400][gc,metaspace] GC(62) Metaspace: 44141K(44864K)->44141K(44864K) NonClass: 39024K(39424K)->39024K(39424K) Class: 5116K(5440K)->5116K(5440K)
[2023-04-16T10:51:59.553-0400][gc          ] GC(62) Pause Young (Normal) (G1 Evacuation Pause) 760M->151M(1024M) 10.699ms
[2023-04-16T10:51:59.553-0400][gc,cpu      ] GC(62) User=0.03s Sys=0.01s Real=0.01s
[2023-04-16T10:58:45.140-0400][gc,start    ] GC(63) Pause Young (Normal) (G1 Evacuation Pause)
[2023-04-16T10:58:45.141-0400][gc,task     ] GC(63) Using 8 workers of 8 for evacuation
[2023-04-16T10:58:45.148-0400][gc,phases   ] GC(63)   Pre Evacuate Collection Set: 0.2ms
[2023-04-16T10:58:45.148-0400][gc,phases   ] GC(63)   Merge Heap Roots: 0.1ms
[2023-04-16T10:58:45.148-0400][gc,phases   ] GC(63)   Evacuate Collection Set: 6.5ms
[2023-04-16T10:58:45.149-0400][gc,phases   ] GC(63)   Post Evacuate Collection Set: 1.0ms
[2023-04-16T10:58:45.149-0400][gc,phases   ] GC(63)   Other: 0.1ms
[2023-04-16T10:58:45.149-0400][gc,heap     ] GC(63) Eden regions: 610->0(610)
[2023-04-16T10:58:45.149-0400][gc,heap     ] GC(63) Survivor regions: 4->4(77)
[2023-04-16T10:58:45.149-0400][gc,heap     ] GC(63) Old regions: 18->18
[2023-04-16T10:58:45.149-0400][gc,heap     ] GC(63) Archive regions: 2->2
[2023-04-16T10:58:45.149-0400][gc,heap     ] GC(63) Humongous regions: 129->129
[2023-04-16T10:58:45.149-0400][gc,metaspace] GC(63) Metaspace: 44141K(44864K)->44141K(44864K) NonClass: 39025K(39424K)->39025K(39424K) Class: 5116K(5440K)->5116K(5440K)
[2023-04-16T10:58:45.149-0400][gc          ] GC(63) Pause Young (Normal) (G1 Evacuation Pause) 761M->151M(1024M) 8.654ms
[2023-04-16T10:58:45.149-0400][gc,cpu      ] GC(63) User=0.02s Sys=0.02s Real=0.00s
[2023-04-16T11:05:30.989-0400][gc,start    ] GC(64) Pause Young (Normal) (G1 Evacuation Pause)
[2023-04-16T11:05:30.990-0400][gc,task     ] GC(64) Using 8 workers of 8 for evacuation
[2023-04-16T11:05:30.994-0400][gc,phases   ] GC(64)   Pre Evacuate Collection Set: 0.2ms
[2023-04-16T11:05:30.994-0400][gc,phases   ] GC(64)   Merge Heap Roots: 0.1ms
[2023-04-16T11:05:30.994-0400][gc,phases   ] GC(64)   Evacuate Collection Set: 2.6ms
[2023-04-16T11:05:30.994-0400][gc,phases   ] GC(64)   Post Evacuate Collection Set: 0.5ms
[2023-04-16T11:05:30.994-0400][gc,phases   ] GC(64)   Other: 0.2ms
[2023-04-16T11:05:30.994-0400][gc,heap     ] GC(64) Eden regions: 610->0(610)
[2023-04-16T11:05:30.994-0400][gc,heap     ] GC(64) Survivor regions: 4->4(77)
[2023-04-16T11:05:30.994-0400][gc,heap     ] GC(64) Old regions: 18->18
[2023-04-16T11:05:30.994-0400][gc,heap     ] GC(64) Archive regions: 2->2
[2023-04-16T11:05:30.994-0400][gc,heap     ] GC(64) Humongous regions: 129->129
[2023-04-16T11:05:30.994-0400][gc,metaspace] GC(64) Metaspace: 44143K(44864K)->44143K(44864K) NonClass: 39027K(39424K)->39027K(39424K) Class: 5116K(5440K)->5116K(5440K)
[2023-04-16T11:05:30.994-0400][gc          ] GC(64) Pause Young (Normal) (G1 Evacuation Pause) 761M->150M(1024M) 5.561ms
[2023-04-16T11:05:30.994-0400][gc,cpu      ] GC(64) User=0.02s Sys=0.01s Real=0.01s
[2023-04-16T11:12:16.258-0400][gc,start    ] GC(65) Pause Young (Normal) (G1 Evacuation Pause)
[2023-04-16T11:12:16.260-0400][gc,task     ] GC(65) Using 8 workers of 8 for evacuation
[2023-04-16T11:12:16.267-0400][gc,phases   ] GC(65)   Pre Evacuate Collection Set: 0.4ms
[2023-04-16T11:12:16.267-0400][gc,phases   ] GC(65)   Merge Heap Roots: 0.2ms
[2023-04-16T11:12:16.267-0400][gc,phases   ] GC(65)   Evacuate Collection Set: 5.0ms
[2023-04-16T11:12:16.267-0400][gc,phases   ] GC(65)   Post Evacuate Collection Set: 0.8ms
[2023-04-16T11:12:16.267-0400][gc,phases   ] GC(65)   Other: 0.3ms
[2023-04-16T11:12:16.267-0400][gc,heap     ] GC(65) Eden regions: 610->0(610)
[2023-04-16T11:12:16.267-0400][gc,heap     ] GC(65) Survivor regions: 4->4(77)
[2023-04-16T11:12:16.267-0400][gc,heap     ] GC(65) Old regions: 18->18
[2023-04-16T11:12:16.267-0400][gc,heap     ] GC(65) Archive regions: 2->2
[2023-04-16T11:12:16.267-0400][gc,heap     ] GC(65) Humongous regions: 129->129
[2023-04-16T11:12:16.267-0400][gc,metaspace] GC(65) Metaspace: 44144K(44864K)->44144K(44864K) NonClass: 39028K(39424K)->39028K(39424K) Class: 5116K(5440K)->5116K(5440K)
[2023-04-16T11:12:16.267-0400][gc          ] GC(65) Pause Young (Normal) (G1 Evacuation Pause) 760M->150M(1024M) 9.050ms
[2023-04-16T11:12:16.267-0400][gc,cpu      ] GC(65) User=0.04s Sys=0.01s Real=0.01s
[2023-04-16T11:18:57.038-0400][gc,start    ] GC(66) Pause Young (Normal) (G1 Evacuation Pause)
[2023-04-16T11:18:57.039-0400][gc,task     ] GC(66) Using 8 workers of 8 for evacuation
[2023-04-16T11:18:57.048-0400][gc,phases   ] GC(66)   Pre Evacuate Collection Set: 0.4ms
[2023-04-16T11:18:57.048-0400][gc,phases   ] GC(66)   Merge Heap Roots: 0.3ms
[2023-04-16T11:18:57.048-0400][gc,phases   ] GC(66)   Evacuate Collection Set: 7.9ms
[2023-04-16T11:18:57.048-0400][gc,phases   ] GC(66)   Post Evacuate Collection Set: 0.7ms
[2023-04-16T11:18:57.049-0400][gc,phases   ] GC(66)   Other: 0.2ms
[2023-04-16T11:18:57.049-0400][gc,heap     ] GC(66) Eden regions: 610->0(609)
[2023-04-16T11:18:57.049-0400][gc,heap     ] GC(66) Survivor regions: 4->5(77)
[2023-04-16T11:18:57.049-0400][gc,heap     ] GC(66) Old regions: 18->18
[2023-04-16T11:18:57.049-0400][gc,heap     ] GC(66) Archive regions: 2->2
[2023-04-16T11:18:57.049-0400][gc,heap     ] GC(66) Humongous regions: 129->129
[2023-04-16T11:18:57.049-0400][gc,metaspace] GC(66) Metaspace: 44144K(44864K)->44144K(44864K) NonClass: 39028K(39424K)->39028K(39424K) Class: 5116K(5440K)->5116K(5440K)
[2023-04-16T11:18:57.049-0400][gc          ] GC(66) Pause Young (Normal) (G1 Evacuation Pause) 760M->151M(1024M) 10.888ms
[2023-04-16T11:18:57.049-0400][gc,cpu      ] GC(66) User=0.04s Sys=0.02s Real=0.01s
[2023-04-16T11:25:44.769-0400][gc,start    ] GC(67) Pause Young (Normal) (G1 Evacuation Pause)
[2023-04-16T11:25:44.771-0400][gc,task     ] GC(67) Using 8 workers of 8 for evacuation
[2023-04-16T11:25:44.782-0400][gc,phases   ] GC(67)   Pre Evacuate Collection Set: 0.6ms
[2023-04-16T11:25:44.782-0400][gc,phases   ] GC(67)   Merge Heap Roots: 0.3ms
[2023-04-16T11:25:44.782-0400][gc,phases   ] GC(67)   Evacuate Collection Set: 8.3ms
[2023-04-16T11:25:44.782-0400][gc,phases   ] GC(67)   Post Evacuate Collection Set: 0.7ms
[2023-04-16T11:25:44.782-0400][gc,phases   ] GC(67)   Other: 0.3ms
[2023-04-16T11:25:44.782-0400][gc,heap     ] GC(67) Eden regions: 609->0(609)
[2023-04-16T11:25:44.782-0400][gc,heap     ] GC(67) Survivor regions: 5->5(77)
[2023-04-16T11:25:44.782-0400][gc,heap     ] GC(67) Old regions: 18->18
[2023-04-16T11:25:44.782-0400][gc,heap     ] GC(67) Archive regions: 2->2
[2023-04-16T11:25:44.782-0400][gc,heap     ] GC(67) Humongous regions: 129->129
[2023-04-16T11:25:44.782-0400][gc,metaspace] GC(67) Metaspace: 44148K(44864K)->44148K(44864K) NonClass: 39031K(39424K)->39031K(39424K) Class: 5116K(5440K)->5116K(5440K)
[2023-04-16T11:25:44.782-0400][gc          ] GC(67) Pause Young (Normal) (G1 Evacuation Pause) 760M->151M(1024M) 12.608ms
[2023-04-16T11:25:44.782-0400][gc,cpu      ] GC(67) User=0.04s Sys=0.02s Real=0.02s
[2023-04-16T11:32:25.570-0400][gc,start    ] GC(68) Pause Young (Normal) (G1 Evacuation Pause)
[2023-04-16T11:32:25.571-0400][gc,task     ] GC(68) Using 8 workers of 8 for evacuation
[2023-04-16T11:32:25.580-0400][gc,phases   ] GC(68)   Pre Evacuate Collection Set: 1.6ms
[2023-04-16T11:32:25.580-0400][gc,phases   ] GC(68)   Merge Heap Roots: 0.3ms
[2023-04-16T11:32:25.580-0400][gc,phases   ] GC(68)   Evacuate Collection Set: 5.9ms
[2023-04-16T11:32:25.580-0400][gc,phases   ] GC(68)   Post Evacuate Collection Set: 0.9ms
[2023-04-16T11:32:25.580-0400][gc,phases   ] GC(68)   Other: 0.4ms
[2023-04-16T11:32:25.580-0400][gc,heap     ] GC(68) Eden regions: 609->0(610)
[2023-04-16T11:32:25.580-0400][gc,heap     ] GC(68) Survivor regions: 5->4(77)
[2023-04-16T11:32:25.580-0400][gc,heap     ] GC(68) Old regions: 18->18
[2023-04-16T11:32:25.581-0400][gc,heap     ] GC(68) Archive regions: 2->2
[2023-04-16T11:32:25.581-0400][gc,heap     ] GC(68) Humongous regions: 129->129
[2023-04-16T11:32:25.581-0400][gc,metaspace] GC(68) Metaspace: 44154K(44864K)->44154K(44864K) NonClass: 39038K(39424K)->39038K(39424K) Class: 5116K(5440K)->5116K(5440K)
[2023-04-16T11:32:25.581-0400][gc          ] GC(68) Pause Young (Normal) (G1 Evacuation Pause) 760M->151M(1024M) 10.539ms
[2023-04-16T11:32:25.581-0400][gc,cpu      ] GC(68) User=0.04s Sys=0.01s Real=0.01s
[2023-04-16T11:39:05.396-0400][gc,start    ] GC(69) Pause Young (Normal) (G1 Evacuation Pause)
[2023-04-16T11:39:05.398-0400][gc,task     ] GC(69) Using 8 workers of 8 for evacuation
[2023-04-16T11:39:05.411-0400][gc,phases   ] GC(69)   Pre Evacuate Collection Set: 1.7ms
[2023-04-16T11:39:05.411-0400][gc,phases   ] GC(69)   Merge Heap Roots: 0.4ms
[2023-04-16T11:39:05.411-0400][gc,phases   ] GC(69)   Evacuate Collection Set: 9.0ms
[2023-04-16T11:39:05.411-0400][gc,phases   ] GC(69)   Post Evacuate Collection Set: 0.9ms
[2023-04-16T11:39:05.411-0400][gc,phases   ] GC(69)   Other: 1.5ms
[2023-04-16T11:39:05.411-0400][gc,heap     ] GC(69) Eden regions: 610->0(610)
[2023-04-16T11:39:05.411-0400][gc,heap     ] GC(69) Survivor regions: 4->4(77)
[2023-04-16T11:39:05.411-0400][gc,heap     ] GC(69) Old regions: 18->18
[2023-04-16T11:39:05.411-0400][gc,heap     ] GC(69) Archive regions: 2->2
[2023-04-16T11:39:05.411-0400][gc,heap     ] GC(69) Humongous regions: 129->129
[2023-04-16T11:39:05.411-0400][gc,metaspace] GC(69) Metaspace: 44156K(44864K)->44156K(44864K) NonClass: 39039K(39424K)->39039K(39424K) Class: 5116K(5440K)->5116K(5440K)
[2023-04-16T11:39:05.411-0400][gc          ] GC(69) Pause Young (Normal) (G1 Evacuation Pause) 761M->151M(1024M) 15.147ms
[2023-04-16T11:39:05.411-0400][gc,cpu      ] GC(69) User=0.03s Sys=0.03s Real=0.02s
[2023-04-16T11:45:46.595-0400][gc,start    ] GC(70) Pause Young (Normal) (G1 Evacuation Pause)
[2023-04-16T11:45:46.596-0400][gc,task     ] GC(70) Using 8 workers of 8 for evacuation
[2023-04-16T11:45:46.605-0400][gc,phases   ] GC(70)   Pre Evacuate Collection Set: 2.6ms
[2023-04-16T11:45:46.605-0400][gc,phases   ] GC(70)   Merge Heap Roots: 0.4ms
[2023-04-16T11:45:46.605-0400][gc,phases   ] GC(70)   Evacuate Collection Set: 4.5ms
[2023-04-16T11:45:46.605-0400][gc,phases   ] GC(70)   Post Evacuate Collection Set: 1.5ms
[2023-04-16T11:45:46.605-0400][gc,phases   ] GC(70)   Other: 0.4ms
[2023-04-16T11:45:46.605-0400][gc,heap     ] GC(70) Eden regions: 610->0(610)
[2023-04-16T11:45:46.605-0400][gc,heap     ] GC(70) Survivor regions: 4->4(77)
[2023-04-16T11:45:46.605-0400][gc,heap     ] GC(70) Old regions: 18->18
[2023-04-16T11:45:46.605-0400][gc,heap     ] GC(70) Archive regions: 2->2
[2023-04-16T11:45:46.605-0400][gc,heap     ] GC(70) Humongous regions: 129->129
[2023-04-16T11:45:46.606-0400][gc,metaspace] GC(70) Metaspace: 44158K(44864K)->44158K(44864K) NonClass: 39041K(39424K)->39041K(39424K) Class: 5116K(5440K)->5116K(5440K)
[2023-04-16T11:45:46.606-0400][gc          ] GC(70) Pause Young (Normal) (G1 Evacuation Pause) 761M->150M(1024M) 10.958ms
[2023-04-16T11:45:46.606-0400][gc,cpu      ] GC(70) User=0.02s Sys=0.03s Real=0.01s
[2023-04-16T11:52:25.937-0400][gc,start    ] GC(71) Pause Young (Normal) (G1 Evacuation Pause)
[2023-04-16T11:52:25.938-0400][gc,task     ] GC(71) Using 8 workers of 8 for evacuation
[2023-04-16T11:52:25.953-0400][gc,phases   ] GC(71)   Pre Evacuate Collection Set: 0.9ms
[2023-04-16T11:52:25.953-0400][gc,phases   ] GC(71)   Merge Heap Roots: 0.5ms
[2023-04-16T11:52:25.953-0400][gc,phases   ] GC(71)   Evacuate Collection Set: 12.4ms
[2023-04-16T11:52:25.953-0400][gc,phases   ] GC(71)   Post Evacuate Collection Set: 1.1ms
[2023-04-16T11:52:25.953-0400][gc,phases   ] GC(71)   Other: 0.5ms
[2023-04-16T11:52:25.953-0400][gc,heap     ] GC(71) Eden regions: 610->0(610)
[2023-04-16T11:52:25.953-0400][gc,heap     ] GC(71) Survivor regions: 4->4(77)
[2023-04-16T11:52:25.953-0400][gc,heap     ] GC(71) Old regions: 18->18
[2023-04-16T11:52:25.953-0400][gc,heap     ] GC(71) Archive regions: 2->2
[2023-04-16T11:52:25.953-0400][gc,heap     ] GC(71) Humongous regions: 129->129
[2023-04-16T11:52:25.953-0400][gc,metaspace] GC(71) Metaspace: 44158K(44864K)->44158K(44864K) NonClass: 39041K(39424K)->39041K(39424K) Class: 5116K(5440K)->5116K(5440K)
[2023-04-16T11:52:25.954-0400][gc          ] GC(71) Pause Young (Normal) (G1 Evacuation Pause) 760M->151M(1024M) 16.986ms
[2023-04-16T11:52:25.954-0400][gc,cpu      ] GC(71) User=0.04s Sys=0.03s Real=0.02s
[2023-04-16T11:59:05.301-0400][gc,start    ] GC(72) Pause Young (Normal) (G1 Evacuation Pause)
[2023-04-16T11:59:05.302-0400][gc,task     ] GC(72) Using 8 workers of 8 for evacuation
[2023-04-16T11:59:05.310-0400][gc,phases   ] GC(72)   Pre Evacuate Collection Set: 0.5ms
[2023-04-16T11:59:05.310-0400][gc,phases   ] GC(72)   Merge Heap Roots: 0.2ms
[2023-04-16T11:59:05.310-0400][gc,phases   ] GC(72)   Evacuate Collection Set: 6.2ms
[2023-04-16T11:59:05.310-0400][gc,phases   ] GC(72)   Post Evacuate Collection Set: 0.8ms
[2023-04-16T11:59:05.310-0400][gc,phases   ] GC(72)   Other: 0.3ms
[2023-04-16T11:59:05.310-0400][gc,heap     ] GC(72) Eden regions: 610->0(610)
[2023-04-16T11:59:05.310-0400][gc,heap     ] GC(72) Survivor regions: 4->4(77)
[2023-04-16T11:59:05.310-0400][gc,heap     ] GC(72) Old regions: 18->18
[2023-04-16T11:59:05.310-0400][gc,heap     ] GC(72) Archive regions: 2->2
[2023-04-16T11:59:05.310-0400][gc,heap     ] GC(72) Humongous regions: 129->129
[2023-04-16T11:59:05.310-0400][gc,metaspace] GC(72) Metaspace: 44158K(44864K)->44158K(44864K) NonClass: 39041K(39424K)->39041K(39424K) Class: 5116K(5440K)->5116K(5440K)
[2023-04-16T11:59:05.310-0400][gc          ] GC(72) Pause Young (Normal) (G1 Evacuation Pause) 761M->151M(1024M) 9.278ms
[2023-04-16T11:59:05.310-0400][gc,cpu      ] GC(72) User=0.04s Sys=0.00s Real=0.01s
[2023-04-16T12:05:46.434-0400][gc,start    ] GC(73) Pause Young (Normal) (G1 Evacuation Pause)
[2023-04-16T12:05:46.436-0400][gc,task     ] GC(73) Using 8 workers of 8 for evacuation
[2023-04-16T12:05:46.440-0400][gc,phases   ] GC(73)   Pre Evacuate Collection Set: 0.2ms
[2023-04-16T12:05:46.440-0400][gc,phases   ] GC(73)   Merge Heap Roots: 0.1ms
[2023-04-16T12:05:46.440-0400][gc,phases   ] GC(73)   Evacuate Collection Set: 3.3ms
[2023-04-16T12:05:46.440-0400][gc,phases   ] GC(73)   Post Evacuate Collection Set: 0.5ms
[2023-04-16T12:05:46.440-0400][gc,phases   ] GC(73)   Other: 0.2ms
[2023-04-16T12:05:46.440-0400][gc,heap     ] GC(73) Eden regions: 610->0(610)
[2023-04-16T12:05:46.440-0400][gc,heap     ] GC(73) Survivor regions: 4->4(77)
[2023-04-16T12:05:46.440-0400][gc,heap     ] GC(73) Old regions: 18->18
[2023-04-16T12:05:46.440-0400][gc,heap     ] GC(73) Archive regions: 2->2
[2023-04-16T12:05:46.440-0400][gc,heap     ] GC(73) Humongous regions: 129->129
[2023-04-16T12:05:46.440-0400][gc,metaspace] GC(73) Metaspace: 44158K(44864K)->44158K(44864K) NonClass: 39041K(39424K)->39041K(39424K) Class: 5116K(5440K)->5116K(5440K)
[2023-04-16T12:05:46.440-0400][gc          ] GC(73) Pause Young (Normal) (G1 Evacuation Pause) 761M->151M(1024M) 6.491ms
[2023-04-16T12:05:46.440-0400][gc,cpu      ] GC(73) User=0.01s Sys=0.01s Real=0.01s
[2023-04-16T12:12:31.878-0400][gc,start    ] GC(74) Pause Young (Normal) (G1 Evacuation Pause)
[2023-04-16T12:12:31.879-0400][gc,task     ] GC(74) Using 8 workers of 8 for evacuation
[2023-04-16T12:12:31.886-0400][gc,phases   ] GC(74)   Pre Evacuate Collection Set: 1.4ms
[2023-04-16T12:12:31.886-0400][gc,phases   ] GC(74)   Merge Heap Roots: 0.2ms
[2023-04-16T12:12:31.886-0400][gc,phases   ] GC(74)   Evacuate Collection Set: 4.5ms
[2023-04-16T12:12:31.886-0400][gc,phases   ] GC(74)   Post Evacuate Collection Set: 0.7ms
[2023-04-16T12:12:31.886-0400][gc,phases   ] GC(74)   Other: 0.4ms
[2023-04-16T12:12:31.886-0400][gc,heap     ] GC(74) Eden regions: 610->0(610)
[2023-04-16T12:12:31.886-0400][gc,heap     ] GC(74) Survivor regions: 4->4(77)
[2023-04-16T12:12:31.886-0400][gc,heap     ] GC(74) Old regions: 18->18
[2023-04-16T12:12:31.886-0400][gc,heap     ] GC(74) Archive regions: 2->2
[2023-04-16T12:12:31.886-0400][gc,heap     ] GC(74) Humongous regions: 129->129
[2023-04-16T12:12:31.886-0400][gc,metaspace] GC(74) Metaspace: 44158K(44864K)->44158K(44864K) NonClass: 39041K(39424K)->39041K(39424K) Class: 5116K(5440K)->5116K(5440K)
[2023-04-16T12:12:31.886-0400][gc          ] GC(74) Pause Young (Normal) (G1 Evacuation Pause) 761M->150M(1024M) 8.514ms
[2023-04-16T12:12:31.886-0400][gc,cpu      ] GC(74) User=0.03s Sys=0.01s Real=0.01s
[2023-04-16T12:19:18.541-0400][gc,start    ] GC(75) Pause Young (Normal) (G1 Evacuation Pause)
[2023-04-16T12:19:18.543-0400][gc,task     ] GC(75) Using 8 workers of 8 for evacuation
[2023-04-16T12:19:18.548-0400][gc,phases   ] GC(75)   Pre Evacuate Collection Set: 0.3ms
[2023-04-16T12:19:18.548-0400][gc,phases   ] GC(75)   Merge Heap Roots: 0.2ms
[2023-04-16T12:19:18.548-0400][gc,phases   ] GC(75)   Evacuate Collection Set: 3.8ms
[2023-04-16T12:19:18.548-0400][gc,phases   ] GC(75)   Post Evacuate Collection Set: 0.6ms
[2023-04-16T12:19:18.548-0400][gc,phases   ] GC(75)   Other: 0.2ms
[2023-04-16T12:19:18.548-0400][gc,heap     ] GC(75) Eden regions: 610->0(611)
[2023-04-16T12:19:18.548-0400][gc,heap     ] GC(75) Survivor regions: 4->3(77)
[2023-04-16T12:19:18.548-0400][gc,heap     ] GC(75) Old regions: 18->18
[2023-04-16T12:19:18.548-0400][gc,heap     ] GC(75) Archive regions: 2->2
[2023-04-16T12:19:18.548-0400][gc,heap     ] GC(75) Humongous regions: 129->129
[2023-04-16T12:19:18.548-0400][gc,metaspace] GC(75) Metaspace: 44173K(44864K)->44173K(44864K) NonClass: 39057K(39424K)->39057K(39424K) Class: 5116K(5440K)->5116K(5440K)
[2023-04-16T12:19:18.548-0400][gc          ] GC(75) Pause Young (Normal) (G1 Evacuation Pause) 760M->150M(1024M) 7.228ms
[2023-04-16T12:19:18.548-0400][gc,cpu      ] GC(75) User=0.02s Sys=0.00s Real=0.00s
[2023-04-16T12:26:04.539-0400][gc,start    ] GC(76) Pause Young (Normal) (G1 Evacuation Pause)
[2023-04-16T12:26:04.540-0400][gc,task     ] GC(76) Using 8 workers of 8 for evacuation
[2023-04-16T12:26:04.552-0400][gc,phases   ] GC(76)   Pre Evacuate Collection Set: 0.5ms
[2023-04-16T12:26:04.552-0400][gc,phases   ] GC(76)   Merge Heap Roots: 0.2ms
[2023-04-16T12:26:04.552-0400][gc,phases   ] GC(76)   Evacuate Collection Set: 9.8ms
[2023-04-16T12:26:04.552-0400][gc,phases   ] GC(76)   Post Evacuate Collection Set: 1.0ms
[2023-04-16T12:26:04.552-0400][gc,phases   ] GC(76)   Other: 0.4ms
[2023-04-16T12:26:04.552-0400][gc,heap     ] GC(76) Eden regions: 611->0(609)
[2023-04-16T12:26:04.552-0400][gc,heap     ] GC(76) Survivor regions: 3->5(77)
[2023-04-16T12:26:04.552-0400][gc,heap     ] GC(76) Old regions: 18->18
[2023-04-16T12:26:04.552-0400][gc,heap     ] GC(76) Archive regions: 2->2
[2023-04-16T12:26:04.552-0400][gc,heap     ] GC(76) Humongous regions: 129->129
[2023-04-16T12:26:04.552-0400][gc,metaspace] GC(76) Metaspace: 44173K(44864K)->44173K(44864K) NonClass: 39057K(39424K)->39057K(39424K) Class: 5116K(5440K)->5116K(5440K)
[2023-04-16T12:26:04.552-0400][gc          ] GC(76) Pause Young (Normal) (G1 Evacuation Pause) 761M->151M(1024M) 13.604ms
[2023-04-16T12:26:04.552-0400][gc,cpu      ] GC(76) User=0.03s Sys=0.02s Real=0.02s
[2023-04-16T12:32:45.067-0400][gc,start    ] GC(77) Pause Young (Normal) (G1 Evacuation Pause)
[2023-04-16T12:32:45.068-0400][gc,task     ] GC(77) Using 8 workers of 8 for evacuation
[2023-04-16T12:32:45.072-0400][gc,phases   ] GC(77)   Pre Evacuate Collection Set: 0.1ms
[2023-04-16T12:32:45.072-0400][gc,phases   ] GC(77)   Merge Heap Roots: 0.1ms
[2023-04-16T12:32:45.072-0400][gc,phases   ] GC(77)   Evacuate Collection Set: 3.5ms
[2023-04-16T12:32:45.072-0400][gc,phases   ] GC(77)   Post Evacuate Collection Set: 0.5ms
[2023-04-16T12:32:45.072-0400][gc,phases   ] GC(77)   Other: 0.1ms
[2023-04-16T12:32:45.072-0400][gc,heap     ] GC(77) Eden regions: 609->0(610)
[2023-04-16T12:32:45.072-0400][gc,heap     ] GC(77) Survivor regions: 5->4(77)
[2023-04-16T12:32:45.072-0400][gc,heap     ] GC(77) Old regions: 18->18
[2023-04-16T12:32:45.072-0400][gc,heap     ] GC(77) Archive regions: 2->2
[2023-04-16T12:32:45.072-0400][gc,heap     ] GC(77) Humongous regions: 129->129
[2023-04-16T12:32:45.072-0400][gc,metaspace] GC(77) Metaspace: 44173K(44864K)->44173K(44864K) NonClass: 39057K(39424K)->39057K(39424K) Class: 5116K(5440K)->5116K(5440K)
[2023-04-16T12:32:45.072-0400][gc          ] GC(77) Pause Young (Normal) (G1 Evacuation Pause) 760M->151M(1024M) 5.369ms
[2023-04-16T12:32:45.072-0400][gc,cpu      ] GC(77) User=0.02s Sys=0.00s Real=0.01s
[2023-04-16T12:39:28.083-0400][gc,start    ] GC(78) Pause Young (Normal) (G1 Evacuation Pause)
[2023-04-16T12:39:28.085-0400][gc,task     ] GC(78) Using 8 workers of 8 for evacuation
[2023-04-16T12:39:28.091-0400][gc,phases   ] GC(78)   Pre Evacuate Collection Set: 0.2ms
[2023-04-16T12:39:28.091-0400][gc,phases   ] GC(78)   Merge Heap Roots: 0.1ms
[2023-04-16T12:39:28.091-0400][gc,phases   ] GC(78)   Evacuate Collection Set: 3.8ms
[2023-04-16T12:39:28.091-0400][gc,phases   ] GC(78)   Post Evacuate Collection Set: 0.6ms
[2023-04-16T12:39:28.091-0400][gc,phases   ] GC(78)   Other: 1.0ms
[2023-04-16T12:39:28.091-0400][gc,heap     ] GC(78) Eden regions: 610->0(610)
[2023-04-16T12:39:28.091-0400][gc,heap     ] GC(78) Survivor regions: 4->4(77)
[2023-04-16T12:39:28.091-0400][gc,heap     ] GC(78) Old regions: 18->18
[2023-04-16T12:39:28.091-0400][gc,heap     ] GC(78) Archive regions: 2->2
[2023-04-16T12:39:28.091-0400][gc,heap     ] GC(78) Humongous regions: 129->129
[2023-04-16T12:39:28.091-0400][gc,metaspace] GC(78) Metaspace: 44173K(44864K)->44173K(44864K) NonClass: 39057K(39424K)->39057K(39424K) Class: 5116K(5440K)->5116K(5440K)
[2023-04-16T12:39:28.091-0400][gc          ] GC(78) Pause Young (Normal) (G1 Evacuation Pause) 761M->151M(1024M) 8.074ms
[2023-04-16T12:39:28.091-0400][gc,cpu      ] GC(78) User=0.02s Sys=0.01s Real=0.01s
[2023-04-16T12:46:11.937-0400][gc,start    ] GC(79) Pause Young (Normal) (G1 Evacuation Pause)
[2023-04-16T12:46:11.938-0400][gc,task     ] GC(79) Using 8 workers of 8 for evacuation
[2023-04-16T12:46:11.944-0400][gc,phases   ] GC(79)   Pre Evacuate Collection Set: 0.2ms
[2023-04-16T12:46:11.944-0400][gc,phases   ] GC(79)   Merge Heap Roots: 0.1ms
[2023-04-16T12:46:11.944-0400][gc,phases   ] GC(79)   Evacuate Collection Set: 3.8ms
[2023-04-16T12:46:11.944-0400][gc,phases   ] GC(79)   Post Evacuate Collection Set: 0.7ms
[2023-04-16T12:46:11.944-0400][gc,phases   ] GC(79)   Other: 0.7ms
[2023-04-16T12:46:11.944-0400][gc,heap     ] GC(79) Eden regions: 610->0(610)
[2023-04-16T12:46:11.944-0400][gc,heap     ] GC(79) Survivor regions: 4->4(77)
[2023-04-16T12:46:11.944-0400][gc,heap     ] GC(79) Old regions: 18->18
[2023-04-16T12:46:11.944-0400][gc,heap     ] GC(79) Archive regions: 2->2
[2023-04-16T12:46:11.944-0400][gc,heap     ] GC(79) Humongous regions: 129->129
[2023-04-16T12:46:11.944-0400][gc,metaspace] GC(79) Metaspace: 44173K(44864K)->44173K(44864K) NonClass: 39057K(39424K)->39057K(39424K) Class: 5116K(5440K)->5116K(5440K)
[2023-04-16T12:46:11.944-0400][gc          ] GC(79) Pause Young (Normal) (G1 Evacuation Pause) 761M->150M(1024M) 6.614ms
[2023-04-16T12:46:11.944-0400][gc,cpu      ] GC(79) User=0.02s Sys=0.01s Real=0.01s
[2023-04-16T12:52:52.673-0400][gc,start    ] GC(80) Pause Young (Normal) (G1 Evacuation Pause)
[2023-04-16T12:52:52.675-0400][gc,task     ] GC(80) Using 8 workers of 8 for evacuation
[2023-04-16T12:52:52.683-0400][gc,phases   ] GC(80)   Pre Evacuate Collection Set: 0.5ms
[2023-04-16T12:52:52.683-0400][gc,phases   ] GC(80)   Merge Heap Roots: 0.3ms
[2023-04-16T12:52:52.683-0400][gc,phases   ] GC(80)   Evacuate Collection Set: 5.8ms
[2023-04-16T12:52:52.683-0400][gc,phases   ] GC(80)   Post Evacuate Collection Set: 1.3ms
[2023-04-16T12:52:52.683-0400][gc,phases   ] GC(80)   Other: 0.2ms
[2023-04-16T12:52:52.683-0400][gc,heap     ] GC(80) Eden regions: 610->0(611)
[2023-04-16T12:52:52.683-0400][gc,heap     ] GC(80) Survivor regions: 4->3(77)
[2023-04-16T12:52:52.683-0400][gc,heap     ] GC(80) Old regions: 18->18
[2023-04-16T12:52:52.683-0400][gc,heap     ] GC(80) Archive regions: 2->2
[2023-04-16T12:52:52.683-0400][gc,heap     ] GC(80) Humongous regions: 129->129
[2023-04-16T12:52:52.683-0400][gc,metaspace] GC(80) Metaspace: 44174K(44864K)->44174K(44864K) NonClass: 39057K(39424K)->39057K(39424K) Class: 5116K(5440K)->5116K(5440K)
[2023-04-16T12:52:52.683-0400][gc          ] GC(80) Pause Young (Normal) (G1 Evacuation Pause) 760M->150M(1024M) 10.052ms
[2023-04-16T12:52:52.683-0400][gc,cpu      ] GC(80) User=0.02s Sys=0.01s Real=0.01s
[2023-04-16T12:59:37.390-0400][gc,start    ] GC(81) Pause Young (Normal) (G1 Evacuation Pause)
[2023-04-16T12:59:37.392-0400][gc,task     ] GC(81) Using 8 workers of 8 for evacuation
[2023-04-16T12:59:37.403-0400][gc,phases   ] GC(81)   Pre Evacuate Collection Set: 0.3ms
[2023-04-16T12:59:37.403-0400][gc,phases   ] GC(81)   Merge Heap Roots: 0.3ms
[2023-04-16T12:59:37.403-0400][gc,phases   ] GC(81)   Evacuate Collection Set: 8.6ms
[2023-04-16T12:59:37.403-0400][gc,phases   ] GC(81)   Post Evacuate Collection Set: 1.5ms
[2023-04-16T12:59:37.403-0400][gc,phases   ] GC(81)   Other: 0.3ms
[2023-04-16T12:59:37.403-0400][gc,heap     ] GC(81) Eden regions: 611->0(609)
[2023-04-16T12:59:37.403-0400][gc,heap     ] GC(81) Survivor regions: 3->5(77)
[2023-04-16T12:59:37.403-0400][gc,heap     ] GC(81) Old regions: 18->18
[2023-04-16T12:59:37.403-0400][gc,heap     ] GC(81) Archive regions: 2->2
[2023-04-16T12:59:37.403-0400][gc,heap     ] GC(81) Humongous regions: 129->129
[2023-04-16T12:59:37.403-0400][gc,metaspace] GC(81) Metaspace: 44174K(44864K)->44174K(44864K) NonClass: 39057K(39424K)->39057K(39424K) Class: 5116K(5440K)->5116K(5440K)
[2023-04-16T12:59:37.403-0400][gc          ] GC(81) Pause Young (Normal) (G1 Evacuation Pause) 761M->151M(1024M) 12.694ms
[2023-04-16T12:59:37.403-0400][gc,cpu      ] GC(81) User=0.03s Sys=0.01s Real=0.01s
[2023-04-16T13:06:31.078-0400][gc,start    ] GC(82) Pause Young (Normal) (G1 Evacuation Pause)
[2023-04-16T13:06:31.079-0400][gc,task     ] GC(82) Using 8 workers of 8 for evacuation
[2023-04-16T13:06:31.084-0400][gc,phases   ] GC(82)   Pre Evacuate Collection Set: 0.2ms
[2023-04-16T13:06:31.084-0400][gc,phases   ] GC(82)   Merge Heap Roots: 0.1ms
[2023-04-16T13:06:31.084-0400][gc,phases   ] GC(82)   Evacuate Collection Set: 3.4ms
[2023-04-16T13:06:31.084-0400][gc,phases   ] GC(82)   Post Evacuate Collection Set: 0.5ms
[2023-04-16T13:06:31.084-0400][gc,phases   ] GC(82)   Other: 0.2ms
[2023-04-16T13:06:31.084-0400][gc,heap     ] GC(82) Eden regions: 609->0(610)
[2023-04-16T13:06:31.084-0400][gc,heap     ] GC(82) Survivor regions: 5->4(77)
[2023-04-16T13:06:31.084-0400][gc,heap     ] GC(82) Old regions: 18->18
[2023-04-16T13:06:31.084-0400][gc,heap     ] GC(82) Archive regions: 2->2
[2023-04-16T13:06:31.084-0400][gc,heap     ] GC(82) Humongous regions: 129->129
[2023-04-16T13:06:31.084-0400][gc,metaspace] GC(82) Metaspace: 44174K(44864K)->44174K(44864K) NonClass: 39057K(39424K)->39057K(39424K) Class: 5116K(5440K)->5116K(5440K)
[2023-04-16T13:06:31.084-0400][gc          ] GC(82) Pause Young (Normal) (G1 Evacuation Pause) 760M->151M(1024M) 5.993ms
[2023-04-16T13:06:31.084-0400][gc,cpu      ] GC(82) User=0.02s Sys=0.00s Real=0.01s
[2023-04-16T13:13:18.304-0400][gc,start    ] GC(83) Pause Young (Normal) (G1 Evacuation Pause)
[2023-04-16T13:13:18.305-0400][gc,task     ] GC(83) Using 8 workers of 8 for evacuation
[2023-04-16T13:13:18.309-0400][gc,phases   ] GC(83)   Pre Evacuate Collection Set: 0.2ms
[2023-04-16T13:13:18.309-0400][gc,phases   ] GC(83)   Merge Heap Roots: 0.1ms
[2023-04-16T13:13:18.309-0400][gc,phases   ] GC(83)   Evacuate Collection Set: 3.7ms
[2023-04-16T13:13:18.309-0400][gc,phases   ] GC(83)   Post Evacuate Collection Set: 0.6ms
[2023-04-16T13:13:18.310-0400][gc,phases   ] GC(83)   Other: 0.2ms
[2023-04-16T13:13:18.310-0400][gc,heap     ] GC(83) Eden regions: 610->0(610)
[2023-04-16T13:13:18.310-0400][gc,heap     ] GC(83) Survivor regions: 4->4(77)
[2023-04-16T13:13:18.310-0400][gc,heap     ] GC(83) Old regions: 18->18
[2023-04-16T13:13:18.310-0400][gc,heap     ] GC(83) Archive regions: 2->2
[2023-04-16T13:13:18.310-0400][gc,heap     ] GC(83) Humongous regions: 129->129
[2023-04-16T13:13:18.310-0400][gc,metaspace] GC(83) Metaspace: 44174K(44864K)->44174K(44864K) NonClass: 39057K(39424K)->39057K(39424K) Class: 5116K(5440K)->5116K(5440K)
[2023-04-16T13:13:18.310-0400][gc          ] GC(83) Pause Young (Normal) (G1 Evacuation Pause) 761M->151M(1024M) 5.191ms
[2023-04-16T13:13:18.310-0400][gc,cpu      ] GC(83) User=0.02s Sys=0.01s Real=0.01s
[2023-04-16T13:19:32.260-0400][gc,start    ] GC(84) Pause Young (Normal) (G1 Evacuation Pause)
[2023-04-16T13:19:32.260-0400][gc,task     ] GC(84) Using 8 workers of 8 for evacuation
[2023-04-16T13:19:32.263-0400][gc,phases   ] GC(84)   Pre Evacuate Collection Set: 0.1ms
[2023-04-16T13:19:32.263-0400][gc,phases   ] GC(84)   Merge Heap Roots: 0.1ms
[2023-04-16T13:19:32.263-0400][gc,phases   ] GC(84)   Evacuate Collection Set: 1.8ms
[2023-04-16T13:19:32.263-0400][gc,phases   ] GC(84)   Post Evacuate Collection Set: 0.3ms
[2023-04-16T13:19:32.263-0400][gc,phases   ] GC(84)   Other: 0.1ms
[2023-04-16T13:19:32.263-0400][gc,heap     ] GC(84) Eden regions: 610->0(610)
[2023-04-16T13:19:32.263-0400][gc,heap     ] GC(84) Survivor regions: 4->4(77)
[2023-04-16T13:19:32.263-0400][gc,heap     ] GC(84) Old regions: 18->18
[2023-04-16T13:19:32.263-0400][gc,heap     ] GC(84) Archive regions: 2->2
[2023-04-16T13:19:32.263-0400][gc,heap     ] GC(84) Humongous regions: 129->129
[2023-04-16T13:19:32.263-0400][gc,metaspace] GC(84) Metaspace: 44174K(44864K)->44174K(44864K) NonClass: 39057K(39424K)->39057K(39424K) Class: 5116K(5440K)->5116K(5440K)
[2023-04-16T13:19:32.263-0400][gc          ] GC(84) Pause Young (Normal) (G1 Evacuation Pause) 761M->151M(1024M) 2.844ms
[2023-04-16T13:19:32.263-0400][gc,cpu      ] GC(84) User=0.01s Sys=0.00s Real=0.00s
[2023-04-16T13:25:58.932-0400][gc,start    ] GC(85) Pause Young (Normal) (G1 Evacuation Pause)
[2023-04-16T13:25:58.932-0400][gc,task     ] GC(85) Using 8 workers of 8 for evacuation
[2023-04-16T13:25:58.936-0400][gc,phases   ] GC(85)   Pre Evacuate Collection Set: 0.1ms
[2023-04-16T13:25:58.936-0400][gc,phases   ] GC(85)   Merge Heap Roots: 0.1ms
[2023-04-16T13:25:58.936-0400][gc,phases   ] GC(85)   Evacuate Collection Set: 2.8ms
[2023-04-16T13:25:58.936-0400][gc,phases   ] GC(85)   Post Evacuate Collection Set: 0.4ms
[2023-04-16T13:25:58.936-0400][gc,phases   ] GC(85)   Other: 0.1ms
[2023-04-16T13:25:58.936-0400][gc,heap     ] GC(85) Eden regions: 610->0(611)
[2023-04-16T13:25:58.936-0400][gc,heap     ] GC(85) Survivor regions: 4->3(77)
[2023-04-16T13:25:58.936-0400][gc,heap     ] GC(85) Old regions: 18->18
[2023-04-16T13:25:58.936-0400][gc,heap     ] GC(85) Archive regions: 2->2
[2023-04-16T13:25:58.936-0400][gc,heap     ] GC(85) Humongous regions: 129->129
[2023-04-16T13:25:58.936-0400][gc,metaspace] GC(85) Metaspace: 44175K(44864K)->44175K(44864K) NonClass: 39059K(39424K)->39059K(39424K) Class: 5116K(5440K)->5116K(5440K)
[2023-04-16T13:25:58.936-0400][gc          ] GC(85) Pause Young (Normal) (G1 Evacuation Pause) 761M->150M(1024M) 4.553ms
[2023-04-16T13:25:58.936-0400][gc,cpu      ] GC(85) User=0.02s Sys=0.00s Real=0.00s
[2023-04-16T13:32:44.074-0400][gc,start    ] GC(86) Pause Young (Normal) (G1 Evacuation Pause)
[2023-04-16T13:32:44.075-0400][gc,task     ] GC(86) Using 8 workers of 8 for evacuation
[2023-04-16T13:32:44.097-0400][gc,mmu      ] GC(86) MMU target violated: 21.0ms (20.0ms/21.0ms)
[2023-04-16T13:32:44.097-0400][gc,phases   ] GC(86)   Pre Evacuate Collection Set: 0.9ms
[2023-04-16T13:32:44.097-0400][gc,phases   ] GC(86)   Merge Heap Roots: 0.3ms
[2023-04-16T13:32:44.097-0400][gc,phases   ] GC(86)   Evacuate Collection Set: 19.3ms
[2023-04-16T13:32:44.097-0400][gc,phases   ] GC(86)   Post Evacuate Collection Set: 1.1ms
[2023-04-16T13:32:44.097-0400][gc,phases   ] GC(86)   Other: 0.6ms
[2023-04-16T13:32:44.097-0400][gc,heap     ] GC(86) Eden regions: 611->0(610)
[2023-04-16T13:32:44.097-0400][gc,heap     ] GC(86) Survivor regions: 3->4(77)
[2023-04-16T13:32:44.097-0400][gc,heap     ] GC(86) Old regions: 18->18
[2023-04-16T13:32:44.097-0400][gc,heap     ] GC(86) Archive regions: 2->2
[2023-04-16T13:32:44.097-0400][gc,heap     ] GC(86) Humongous regions: 129->129
[2023-04-16T13:32:44.097-0400][gc,metaspace] GC(86) Metaspace: 44177K(44864K)->44177K(44864K) NonClass: 39061K(39424K)->39061K(39424K) Class: 5116K(5440K)->5116K(5440K)
[2023-04-16T13:32:44.097-0400][gc          ] GC(86) Pause Young (Normal) (G1 Evacuation Pause) 761M->151M(1024M) 22.817ms
[2023-04-16T13:32:44.097-0400][gc,cpu      ] GC(86) User=0.04s Sys=0.07s Real=0.02s
[2023-04-16T13:39:08.734-0400][gc,start    ] GC(87) Pause Young (Normal) (G1 Evacuation Pause)
[2023-04-16T13:39:08.734-0400][gc,task     ] GC(87) Using 8 workers of 8 for evacuation
[2023-04-16T13:39:08.738-0400][gc,phases   ] GC(87)   Pre Evacuate Collection Set: 0.1ms
[2023-04-16T13:39:08.738-0400][gc,phases   ] GC(87)   Merge Heap Roots: 0.1ms
[2023-04-16T13:39:08.738-0400][gc,phases   ] GC(87)   Evacuate Collection Set: 2.7ms
[2023-04-16T13:39:08.738-0400][gc,phases   ] GC(87)   Post Evacuate Collection Set: 0.9ms
[2023-04-16T13:39:08.738-0400][gc,phases   ] GC(87)   Other: 0.1ms
[2023-04-16T13:39:08.738-0400][gc,heap     ] GC(87) Eden regions: 610->0(610)
[2023-04-16T13:39:08.738-0400][gc,heap     ] GC(87) Survivor regions: 4->4(77)
[2023-04-16T13:39:08.738-0400][gc,heap     ] GC(87) Old regions: 18->18
[2023-04-16T13:39:08.738-0400][gc,heap     ] GC(87) Archive regions: 2->2
[2023-04-16T13:39:08.738-0400][gc,heap     ] GC(87) Humongous regions: 129->129
[2023-04-16T13:39:08.738-0400][gc,metaspace] GC(87) Metaspace: 44178K(44864K)->44178K(44864K) NonClass: 39062K(39424K)->39062K(39424K) Class: 5116K(5440K)->5116K(5440K)
[2023-04-16T13:39:08.738-0400][gc          ] GC(87) Pause Young (Normal) (G1 Evacuation Pause) 761M->151M(1024M) 4.535ms
[2023-04-16T13:39:08.738-0400][gc,cpu      ] GC(87) User=0.01s Sys=0.01s Real=0.00s
[2023-04-16T13:45:16.144-0400][gc,start    ] GC(88) Pause Young (Normal) (G1 Evacuation Pause)
[2023-04-16T13:45:16.313-0400][gc,task     ] GC(88) Using 8 workers of 8 for evacuation
[2023-04-16T13:45:16.342-0400][gc,phases   ] GC(88)   Pre Evacuate Collection Set: 0.3ms
[2023-04-16T13:45:16.357-0400][gc,phases   ] GC(88)   Merge Heap Roots: 0.1ms
[2023-04-16T13:45:16.359-0400][gc,phases   ] GC(88)   Evacuate Collection Set: 3.4ms
[2023-04-16T13:45:16.378-0400][gc,phases   ] GC(88)   Post Evacuate Collection Set: 0.5ms
[2023-04-16T13:45:16.378-0400][gc,phases   ] GC(88)   Other: 24.5ms
[2023-04-16T13:45:16.379-0400][gc,heap     ] GC(88) Eden regions: 610->0(610)
[2023-04-16T13:45:16.379-0400][gc,heap     ] GC(88) Survivor regions: 4->4(77)
[2023-04-16T13:45:16.379-0400][gc,heap     ] GC(88) Old regions: 18->18
[2023-04-16T13:45:16.379-0400][gc,heap     ] GC(88) Archive regions: 2->2
[2023-04-16T13:45:16.379-0400][gc,heap     ] GC(88) Humongous regions: 129->129
[2023-04-16T13:45:16.379-0400][gc,metaspace] GC(88) Metaspace: 44178K(44864K)->44178K(44864K) NonClass: 39062K(39424K)->39062K(39424K) Class: 5116K(5440K)->5116K(5440K)
[2023-04-16T13:45:16.379-0400][gc          ] GC(88) Pause Young (Normal) (G1 Evacuation Pause) 761M->151M(1024M) 235.176ms
[2023-04-16T13:45:16.379-0400][gc,cpu      ] GC(88) User=0.02s Sys=0.01s Real=0.23s
[2023-04-16T13:51:34.912-0400][gc,start    ] GC(89) Pause Young (Normal) (G1 Evacuation Pause)
[2023-04-16T13:51:34.913-0400][gc,task     ] GC(89) Using 8 workers of 8 for evacuation
[2023-04-16T13:51:34.919-0400][gc,phases   ] GC(89)   Pre Evacuate Collection Set: 1.0ms
[2023-04-16T13:51:34.919-0400][gc,phases   ] GC(89)   Merge Heap Roots: 0.2ms
[2023-04-16T13:51:34.919-0400][gc,phases   ] GC(89)   Evacuate Collection Set: 3.4ms
[2023-04-16T13:51:34.919-0400][gc,phases   ] GC(89)   Post Evacuate Collection Set: 1.2ms
[2023-04-16T13:51:34.919-0400][gc,phases   ] GC(89)   Other: 0.5ms
[2023-04-16T13:51:34.919-0400][gc,heap     ] GC(89) Eden regions: 610->0(611)
[2023-04-16T13:51:34.919-0400][gc,heap     ] GC(89) Survivor regions: 4->3(77)
[2023-04-16T13:51:34.919-0400][gc,heap     ] GC(89) Old regions: 18->18
[2023-04-16T13:51:34.919-0400][gc,heap     ] GC(89) Archive regions: 2->2
[2023-04-16T13:51:34.919-0400][gc,heap     ] GC(89) Humongous regions: 129->129
[2023-04-16T13:51:34.919-0400][gc,metaspace] GC(89) Metaspace: 44184K(44928K)->44184K(44928K) NonClass: 39068K(39488K)->39068K(39488K) Class: 5116K(5440K)->5116K(5440K)
[2023-04-16T13:51:34.919-0400][gc          ] GC(89) Pause Young (Normal) (G1 Evacuation Pause) 761M->150M(1024M) 7.372ms
[2023-04-16T13:51:34.919-0400][gc,cpu      ] GC(89) User=0.02s Sys=0.02s Real=0.00s
[2023-04-16T13:58:02.185-0400][gc,start    ] GC(90) Pause Young (Normal) (G1 Evacuation Pause)
[2023-04-16T13:58:02.185-0400][gc,task     ] GC(90) Using 8 workers of 8 for evacuation
[2023-04-16T13:58:02.193-0400][gc,phases   ] GC(90)   Pre Evacuate Collection Set: 0.3ms
[2023-04-16T13:58:02.194-0400][gc,phases   ] GC(90)   Merge Heap Roots: 0.1ms
[2023-04-16T13:58:02.194-0400][gc,phases   ] GC(90)   Evacuate Collection Set: 6.3ms
[2023-04-16T13:58:02.194-0400][gc,phases   ] GC(90)   Post Evacuate Collection Set: 0.4ms
[2023-04-16T13:58:02.194-0400][gc,phases   ] GC(90)   Other: 1.1ms
[2023-04-16T13:58:02.194-0400][gc,heap     ] GC(90) Eden regions: 611->0(610)
[2023-04-16T13:58:02.194-0400][gc,heap     ] GC(90) Survivor regions: 3->4(77)
[2023-04-16T13:58:02.194-0400][gc,heap     ] GC(90) Old regions: 18->18
[2023-04-16T13:58:02.194-0400][gc,heap     ] GC(90) Archive regions: 2->2
[2023-04-16T13:58:02.194-0400][gc,heap     ] GC(90) Humongous regions: 129->129
[2023-04-16T13:58:02.194-0400][gc,metaspace] GC(90) Metaspace: 44184K(44928K)->44184K(44928K) NonClass: 39068K(39488K)->39068K(39488K) Class: 5116K(5440K)->5116K(5440K)
[2023-04-16T13:58:02.194-0400][gc          ] GC(90) Pause Young (Normal) (G1 Evacuation Pause) 761M->151M(1024M) 9.702ms
[2023-04-16T13:58:02.194-0400][gc,cpu      ] GC(90) User=0.01s Sys=0.01s Real=0.01s
[2023-04-16T14:04:33.554-0400][gc,start    ] GC(91) Pause Young (Normal) (G1 Evacuation Pause)
[2023-04-16T14:04:33.555-0400][gc,task     ] GC(91) Using 8 workers of 8 for evacuation
[2023-04-16T14:04:33.560-0400][gc,phases   ] GC(91)   Pre Evacuate Collection Set: 0.2ms
[2023-04-16T14:04:33.560-0400][gc,phases   ] GC(91)   Merge Heap Roots: 0.1ms
[2023-04-16T14:04:33.560-0400][gc,phases   ] GC(91)   Evacuate Collection Set: 4.2ms
[2023-04-16T14:04:33.560-0400][gc,phases   ] GC(91)   Post Evacuate Collection Set: 0.4ms
[2023-04-16T14:04:33.560-0400][gc,phases   ] GC(91)   Other: 0.2ms
[2023-04-16T14:04:33.560-0400][gc,heap     ] GC(91) Eden regions: 610->0(610)
[2023-04-16T14:04:33.560-0400][gc,heap     ] GC(91) Survivor regions: 4->4(77)
[2023-04-16T14:04:33.560-0400][gc,heap     ] GC(91) Old regions: 18->18
[2023-04-16T14:04:33.560-0400][gc,heap     ] GC(91) Archive regions: 2->2
[2023-04-16T14:04:33.560-0400][gc,heap     ] GC(91) Humongous regions: 129->129
[2023-04-16T14:04:33.560-0400][gc,metaspace] GC(91) Metaspace: 44184K(44928K)->44184K(44928K) NonClass: 39068K(39488K)->39068K(39488K) Class: 5116K(5440K)->5116K(5440K)
[2023-04-16T14:04:33.561-0400][gc          ] GC(91) Pause Young (Normal) (G1 Evacuation Pause) 761M->151M(1024M) 6.156ms
[2023-04-16T14:04:33.561-0400][gc,cpu      ] GC(91) User=0.02s Sys=0.00s Real=0.01s
[2023-04-16T14:11:01.095-0400][gc,start    ] GC(92) Pause Young (Normal) (G1 Evacuation Pause)
[2023-04-16T14:11:01.095-0400][gc,task     ] GC(92) Using 8 workers of 8 for evacuation
[2023-04-16T14:11:01.100-0400][gc,phases   ] GC(92)   Pre Evacuate Collection Set: 0.1ms
[2023-04-16T14:11:01.100-0400][gc,phases   ] GC(92)   Merge Heap Roots: 0.1ms
[2023-04-16T14:11:01.100-0400][gc,phases   ] GC(92)   Evacuate Collection Set: 3.2ms
[2023-04-16T14:11:01.100-0400][gc,phases   ] GC(92)   Post Evacuate Collection Set: 0.6ms
[2023-04-16T14:11:01.100-0400][gc,phases   ] GC(92)   Other: 0.2ms
[2023-04-16T14:11:01.100-0400][gc,heap     ] GC(92) Eden regions: 610->0(610)
[2023-04-16T14:11:01.100-0400][gc,heap     ] GC(92) Survivor regions: 4->4(77)
[2023-04-16T14:11:01.100-0400][gc,heap     ] GC(92) Old regions: 18->18
[2023-04-16T14:11:01.100-0400][gc,heap     ] GC(92) Archive regions: 2->2
[2023-04-16T14:11:01.100-0400][gc,heap     ] GC(92) Humongous regions: 129->129
[2023-04-16T14:11:01.100-0400][gc,metaspace] GC(92) Metaspace: 44184K(44928K)->44184K(44928K) NonClass: 39068K(39488K)->39068K(39488K) Class: 5116K(5440K)->5116K(5440K)
[2023-04-16T14:11:01.100-0400][gc          ] GC(92) Pause Young (Normal) (G1 Evacuation Pause) 761M->151M(1024M) 5.322ms
[2023-04-16T14:11:01.100-0400][gc,cpu      ] GC(92) User=0.02s Sys=0.01s Real=0.01s
[2023-04-16T14:17:27.664-0400][gc,start    ] GC(93) Pause Young (Normal) (G1 Evacuation Pause)
[2023-04-16T14:17:27.664-0400][gc,task     ] GC(93) Using 8 workers of 8 for evacuation
[2023-04-16T14:17:27.668-0400][gc,phases   ] GC(93)   Pre Evacuate Collection Set: 0.1ms
[2023-04-16T14:17:27.668-0400][gc,phases   ] GC(93)   Merge Heap Roots: 0.1ms
[2023-04-16T14:17:27.668-0400][gc,phases   ] GC(93)   Evacuate Collection Set: 2.8ms
[2023-04-16T14:17:27.668-0400][gc,phases   ] GC(93)   Post Evacuate Collection Set: 0.5ms
[2023-04-16T14:17:27.668-0400][gc,phases   ] GC(93)   Other: 0.1ms
[2023-04-16T14:17:27.668-0400][gc,heap     ] GC(93) Eden regions: 610->0(611)
[2023-04-16T14:17:27.668-0400][gc,heap     ] GC(93) Survivor regions: 4->3(77)
[2023-04-16T14:17:27.668-0400][gc,heap     ] GC(93) Old regions: 18->18
[2023-04-16T14:17:27.668-0400][gc,heap     ] GC(93) Archive regions: 2->2
[2023-04-16T14:17:27.668-0400][gc,heap     ] GC(93) Humongous regions: 129->129
[2023-04-16T14:17:27.668-0400][gc,metaspace] GC(93) Metaspace: 44184K(44928K)->44184K(44928K) NonClass: 39068K(39488K)->39068K(39488K) Class: 5116K(5440K)->5116K(5440K)
[2023-04-16T14:17:27.668-0400][gc          ] GC(93) Pause Young (Normal) (G1 Evacuation Pause) 761M->150M(1024M) 4.375ms
[2023-04-16T14:17:27.668-0400][gc,cpu      ] GC(93) User=0.02s Sys=0.01s Real=0.00s
[2023-04-16T14:23:57.145-0400][gc,start    ] GC(94) Pause Young (Normal) (G1 Evacuation Pause)
[2023-04-16T14:23:57.145-0400][gc,task     ] GC(94) Using 8 workers of 8 for evacuation
[2023-04-16T14:23:57.151-0400][gc,phases   ] GC(94)   Pre Evacuate Collection Set: 0.4ms
[2023-04-16T14:23:57.151-0400][gc,phases   ] GC(94)   Merge Heap Roots: 0.1ms
[2023-04-16T14:23:57.151-0400][gc,phases   ] GC(94)   Evacuate Collection Set: 4.9ms
[2023-04-16T14:23:57.151-0400][gc,phases   ] GC(94)   Post Evacuate Collection Set: 0.4ms
[2023-04-16T14:23:57.152-0400][gc,phases   ] GC(94)   Other: 0.3ms
[2023-04-16T14:23:57.152-0400][gc,heap     ] GC(94) Eden regions: 611->0(609)
[2023-04-16T14:23:57.152-0400][gc,heap     ] GC(94) Survivor regions: 3->5(77)
[2023-04-16T14:23:57.152-0400][gc,heap     ] GC(94) Old regions: 18->18
[2023-04-16T14:23:57.152-0400][gc,heap     ] GC(94) Archive regions: 2->2
[2023-04-16T14:23:57.152-0400][gc,heap     ] GC(94) Humongous regions: 129->129
[2023-04-16T14:23:57.152-0400][gc,metaspace] GC(94) Metaspace: 44184K(44928K)->44184K(44928K) NonClass: 39068K(39488K)->39068K(39488K) Class: 5116K(5440K)->5116K(5440K)
[2023-04-16T14:23:57.152-0400][gc          ] GC(94) Pause Young (Normal) (G1 Evacuation Pause) 761M->152M(1024M) 6.612ms
[2023-04-16T14:23:57.152-0400][gc,cpu      ] GC(94) User=0.02s Sys=0.01s Real=0.01s
[2023-04-16T14:30:24.609-0400][gc,start    ] GC(95) Pause Young (Normal) (G1 Evacuation Pause)
[2023-04-16T14:30:24.611-0400][gc,task     ] GC(95) Using 8 workers of 8 for evacuation
[2023-04-16T14:30:24.618-0400][gc,phases   ] GC(95)   Pre Evacuate Collection Set: 0.2ms
[2023-04-16T14:30:24.618-0400][gc,phases   ] GC(95)   Merge Heap Roots: 0.2ms
[2023-04-16T14:30:24.618-0400][gc,phases   ] GC(95)   Evacuate Collection Set: 5.0ms
[2023-04-16T14:30:24.618-0400][gc,phases   ] GC(95)   Post Evacuate Collection Set: 1.3ms
[2023-04-16T14:30:24.618-0400][gc,phases   ] GC(95)   Other: 0.3ms
[2023-04-16T14:30:24.618-0400][gc,heap     ] GC(95) Eden regions: 609->0(610)
[2023-04-16T14:30:24.618-0400][gc,heap     ] GC(95) Survivor regions: 5->4(77)
[2023-04-16T14:30:24.618-0400][gc,heap     ] GC(95) Old regions: 18->18
[2023-04-16T14:30:24.618-0400][gc,heap     ] GC(95) Archive regions: 2->2
[2023-04-16T14:30:24.618-0400][gc,heap     ] GC(95) Humongous regions: 129->129
[2023-04-16T14:30:24.618-0400][gc,metaspace] GC(95) Metaspace: 44184K(44928K)->44184K(44928K) NonClass: 39068K(39488K)->39068K(39488K) Class: 5116K(5440K)->5116K(5440K)
[2023-04-16T14:30:24.618-0400][gc          ] GC(95) Pause Young (Normal) (G1 Evacuation Pause) 761M->151M(1024M) 8.285ms
[2023-04-16T14:30:24.618-0400][gc,cpu      ] GC(95) User=0.03s Sys=0.00s Real=0.01s
[2023-04-16T14:36:52.286-0400][gc,start    ] GC(96) Pause Young (Normal) (G1 Evacuation Pause)
[2023-04-16T14:36:52.287-0400][gc,task     ] GC(96) Using 8 workers of 8 for evacuation
[2023-04-16T14:36:52.290-0400][gc,phases   ] GC(96)   Pre Evacuate Collection Set: 0.1ms
[2023-04-16T14:36:52.290-0400][gc,phases   ] GC(96)   Merge Heap Roots: 0.1ms
[2023-04-16T14:36:52.290-0400][gc,phases   ] GC(96)   Evacuate Collection Set: 2.5ms
[2023-04-16T14:36:52.290-0400][gc,phases   ] GC(96)   Post Evacuate Collection Set: 0.5ms
[2023-04-16T14:36:52.290-0400][gc,phases   ] GC(96)   Other: 0.1ms
[2023-04-16T14:36:52.290-0400][gc,heap     ] GC(96) Eden regions: 610->0(610)
[2023-04-16T14:36:52.290-0400][gc,heap     ] GC(96) Survivor regions: 4->4(77)
[2023-04-16T14:36:52.290-0400][gc,heap     ] GC(96) Old regions: 18->18
[2023-04-16T14:36:52.290-0400][gc,heap     ] GC(96) Archive regions: 2->2
[2023-04-16T14:36:52.290-0400][gc,heap     ] GC(96) Humongous regions: 129->129
[2023-04-16T14:36:52.290-0400][gc,metaspace] GC(96) Metaspace: 44184K(44928K)->44184K(44928K) NonClass: 39068K(39488K)->39068K(39488K) Class: 5116K(5440K)->5116K(5440K)
[2023-04-16T14:36:52.290-0400][gc          ] GC(96) Pause Young (Normal) (G1 Evacuation Pause) 761M->151M(1024M) 4.780ms
[2023-04-16T14:36:52.291-0400][gc,cpu      ] GC(96) User=0.02s Sys=0.00s Real=0.01s
[2023-04-16T14:43:18.962-0400][gc,start    ] GC(97) Pause Young (Normal) (G1 Evacuation Pause)
[2023-04-16T14:43:18.964-0400][gc,task     ] GC(97) Using 8 workers of 8 for evacuation
[2023-04-16T14:43:18.974-0400][gc,phases   ] GC(97)   Pre Evacuate Collection Set: 1.5ms
[2023-04-16T14:43:18.974-0400][gc,phases   ] GC(97)   Merge Heap Roots: 1.0ms
[2023-04-16T14:43:18.974-0400][gc,phases   ] GC(97)   Evacuate Collection Set: 6.2ms
[2023-04-16T14:43:18.974-0400][gc,phases   ] GC(97)   Post Evacuate Collection Set: 1.0ms
[2023-04-16T14:43:18.974-0400][gc,phases   ] GC(97)   Other: 0.3ms
[2023-04-16T14:43:18.974-0400][gc,heap     ] GC(97) Eden regions: 610->0(610)
[2023-04-16T14:43:18.974-0400][gc,heap     ] GC(97) Survivor regions: 4->4(77)
[2023-04-16T14:43:18.974-0400][gc,heap     ] GC(97) Old regions: 18->18
[2023-04-16T14:43:18.974-0400][gc,heap     ] GC(97) Archive regions: 2->2
[2023-04-16T14:43:18.974-0400][gc,heap     ] GC(97) Humongous regions: 129->129
[2023-04-16T14:43:18.974-0400][gc,metaspace] GC(97) Metaspace: 44184K(44928K)->44184K(44928K) NonClass: 39068K(39488K)->39068K(39488K) Class: 5116K(5440K)->5116K(5440K)
[2023-04-16T14:43:18.974-0400][gc          ] GC(97) Pause Young (Normal) (G1 Evacuation Pause) 761M->150M(1024M) 11.813ms
[2023-04-16T14:43:18.974-0400][gc,cpu      ] GC(97) User=0.02s Sys=0.03s Real=0.01s
[2023-04-16T14:49:56.739-0400][gc,start    ] GC(98) Pause Young (Normal) (G1 Evacuation Pause)
[2023-04-16T14:49:56.741-0400][gc,task     ] GC(98) Using 8 workers of 8 for evacuation
[2023-04-16T14:49:56.746-0400][gc,phases   ] GC(98)   Pre Evacuate Collection Set: 0.3ms
[2023-04-16T14:49:56.746-0400][gc,phases   ] GC(98)   Merge Heap Roots: 0.2ms
[2023-04-16T14:49:56.746-0400][gc,phases   ] GC(98)   Evacuate Collection Set: 4.3ms
[2023-04-16T14:49:56.746-0400][gc,phases   ] GC(98)   Post Evacuate Collection Set: 0.6ms
[2023-04-16T14:49:56.746-0400][gc,phases   ] GC(98)   Other: 0.2ms
[2023-04-16T14:49:56.746-0400][gc,heap     ] GC(98) Eden regions: 610->0(611)
[2023-04-16T14:49:56.746-0400][gc,heap     ] GC(98) Survivor regions: 4->3(77)
[2023-04-16T14:49:56.746-0400][gc,heap     ] GC(98) Old regions: 18->18
[2023-04-16T14:49:56.746-0400][gc,heap     ] GC(98) Archive regions: 2->2
[2023-04-16T14:49:56.746-0400][gc,heap     ] GC(98) Humongous regions: 129->129
[2023-04-16T14:49:56.746-0400][gc,metaspace] GC(98) Metaspace: 44184K(44928K)->44184K(44928K) NonClass: 39068K(39488K)->39068K(39488K) Class: 5116K(5440K)->5116K(5440K)
[2023-04-16T14:49:56.746-0400][gc          ] GC(98) Pause Young (Normal) (G1 Evacuation Pause) 760M->150M(1024M) 7.008ms
[2023-04-16T14:49:56.746-0400][gc,cpu      ] GC(98) User=0.02s Sys=0.01s Real=0.01s
[2023-04-16T14:56:38.853-0400][gc,start    ] GC(99) Pause Young (Normal) (G1 Evacuation Pause)
[2023-04-16T14:56:38.855-0400][gc,task     ] GC(99) Using 8 workers of 8 for evacuation
[2023-04-16T14:56:38.877-0400][gc,mmu      ] GC(99) MMU target violated: 21.0ms (20.0ms/21.0ms)
[2023-04-16T14:56:38.877-0400][gc,phases   ] GC(99)   Pre Evacuate Collection Set: 2.1ms
[2023-04-16T14:56:38.877-0400][gc,phases   ] GC(99)   Merge Heap Roots: 0.4ms
[2023-04-16T14:56:38.877-0400][gc,phases   ] GC(99)   Evacuate Collection Set: 15.8ms
[2023-04-16T14:56:38.877-0400][gc,phases   ] GC(99)   Post Evacuate Collection Set: 1.4ms
[2023-04-16T14:56:38.877-0400][gc,phases   ] GC(99)   Other: 2.1ms
[2023-04-16T14:56:38.877-0400][gc,heap     ] GC(99) Eden regions: 611->0(610)
[2023-04-16T14:56:38.877-0400][gc,heap     ] GC(99) Survivor regions: 3->4(77)
[2023-04-16T14:56:38.877-0400][gc,heap     ] GC(99) Old regions: 18->18
[2023-04-16T14:56:38.877-0400][gc,heap     ] GC(99) Archive regions: 2->2
[2023-04-16T14:56:38.877-0400][gc,heap     ] GC(99) Humongous regions: 129->129
[2023-04-16T14:56:38.877-0400][gc,metaspace] GC(99) Metaspace: 44184K(44928K)->44184K(44928K) NonClass: 39068K(39488K)->39068K(39488K) Class: 5116K(5440K)->5116K(5440K)
[2023-04-16T14:56:38.877-0400][gc          ] GC(99) Pause Young (Normal) (G1 Evacuation Pause) 761M->151M(1024M) 24.110ms
[2023-04-16T14:56:38.877-0400][gc,cpu      ] GC(99) User=0.04s Sys=0.06s Real=0.02s
[2023-04-16T15:03:26.246-0400][gc,start    ] GC(100) Pause Young (Normal) (G1 Evacuation Pause)
[2023-04-16T15:03:26.247-0400][gc,task     ] GC(100) Using 8 workers of 8 for evacuation
[2023-04-16T15:03:26.262-0400][gc,phases   ] GC(100)   Pre Evacuate Collection Set: 0.7ms
[2023-04-16T15:03:26.262-0400][gc,phases   ] GC(100)   Merge Heap Roots: 0.4ms
[2023-04-16T15:03:26.262-0400][gc,phases   ] GC(100)   Evacuate Collection Set: 10.0ms
[2023-04-16T15:03:26.262-0400][gc,phases   ] GC(100)   Post Evacuate Collection Set: 0.7ms
[2023-04-16T15:03:26.262-0400][gc,phases   ] GC(100)   Other: 3.4ms
[2023-04-16T15:03:26.262-0400][gc,heap     ] GC(100) Eden regions: 610->0(610)
[2023-04-16T15:03:26.262-0400][gc,heap     ] GC(100) Survivor regions: 4->4(77)
[2023-04-16T15:03:26.262-0400][gc,heap     ] GC(100) Old regions: 18->18
[2023-04-16T15:03:26.262-0400][gc,heap     ] GC(100) Archive regions: 2->2
[2023-04-16T15:03:26.262-0400][gc,heap     ] GC(100) Humongous regions: 129->129
[2023-04-16T15:03:26.262-0400][gc,metaspace] GC(100) Metaspace: 44184K(44928K)->44184K(44928K) NonClass: 39068K(39488K)->39068K(39488K) Class: 5116K(5440K)->5116K(5440K)
[2023-04-16T15:03:26.263-0400][gc          ] GC(100) Pause Young (Normal) (G1 Evacuation Pause) 761M->151M(1024M) 17.276ms
[2023-04-16T15:03:26.263-0400][gc,cpu      ] GC(100) User=0.04s Sys=0.03s Real=0.02s
[2023-04-16T15:10:13.309-0400][gc,start    ] GC(101) Pause Young (Normal) (G1 Evacuation Pause)
[2023-04-16T15:10:13.310-0400][gc,task     ] GC(101) Using 8 workers of 8 for evacuation
[2023-04-16T15:10:13.313-0400][gc,phases   ] GC(101)   Pre Evacuate Collection Set: 0.2ms
[2023-04-16T15:10:13.313-0400][gc,phases   ] GC(101)   Merge Heap Roots: 0.1ms
[2023-04-16T15:10:13.313-0400][gc,phases   ] GC(101)   Evacuate Collection Set: 2.1ms
[2023-04-16T15:10:13.313-0400][gc,phases   ] GC(101)   Post Evacuate Collection Set: 0.4ms
[2023-04-16T15:10:13.313-0400][gc,phases   ] GC(101)   Other: 0.2ms
[2023-04-16T15:10:13.313-0400][gc,heap     ] GC(101) Eden regions: 610->0(610)
[2023-04-16T15:10:13.313-0400][gc,heap     ] GC(101) Survivor regions: 4->4(77)
[2023-04-16T15:10:13.313-0400][gc,heap     ] GC(101) Old regions: 18->18
[2023-04-16T15:10:13.313-0400][gc,heap     ] GC(101) Archive regions: 2->2
[2023-04-16T15:10:13.313-0400][gc,heap     ] GC(101) Humongous regions: 129->129
[2023-04-16T15:10:13.313-0400][gc,metaspace] GC(101) Metaspace: 44184K(44928K)->44184K(44928K) NonClass: 39068K(39488K)->39068K(39488K) Class: 5116K(5440K)->5116K(5440K)
[2023-04-16T15:10:13.313-0400][gc          ] GC(101) Pause Young (Normal) (G1 Evacuation Pause) 761M->151M(1024M) 3.551ms
[2023-04-16T15:10:13.313-0400][gc,cpu      ] GC(101) User=0.02s Sys=0.00s Real=0.01s
[2023-04-16T15:23:15.341-0400][gc,start    ] GC(102) Pause Young (Normal) (G1 Evacuation Pause)
[2023-04-16T15:23:15.341-0400][gc,task     ] GC(102) Using 8 workers of 8 for evacuation
[2023-04-16T15:23:15.357-0400][gc,phases   ] GC(102)   Pre Evacuate Collection Set: 2.4ms
[2023-04-16T15:23:15.357-0400][gc,phases   ] GC(102)   Merge Heap Roots: 0.9ms
[2023-04-16T15:23:15.357-0400][gc,phases   ] GC(102)   Evacuate Collection Set: 10.2ms
[2023-04-16T15:23:15.357-0400][gc,phases   ] GC(102)   Post Evacuate Collection Set: 1.7ms
[2023-04-16T15:23:15.357-0400][gc,phases   ] GC(102)   Other: 0.6ms
[2023-04-16T15:23:15.357-0400][gc,heap     ] GC(102) Eden regions: 610->0(610)
[2023-04-16T15:23:15.357-0400][gc,heap     ] GC(102) Survivor regions: 4->4(77)
[2023-04-16T15:23:15.357-0400][gc,heap     ] GC(102) Old regions: 18->18
[2023-04-16T15:23:15.357-0400][gc,heap     ] GC(102) Archive regions: 2->2
[2023-04-16T15:23:15.357-0400][gc,heap     ] GC(102) Humongous regions: 129->129
[2023-04-16T15:23:15.357-0400][gc,metaspace] GC(102) Metaspace: 44187K(44928K)->44187K(44928K) NonClass: 39071K(39488K)->39071K(39488K) Class: 5116K(5440K)->5116K(5440K)
[2023-04-16T15:23:15.357-0400][gc          ] GC(102) Pause Young (Normal) (G1 Evacuation Pause) 761M->151M(1024M) 16.540ms
[2023-04-16T15:23:15.357-0400][gc,cpu      ] GC(102) User=0.01s Sys=0.02s Real=0.01s
[2023-04-16T15:29:54.036-0400][gc,start    ] GC(103) Pause Young (Normal) (G1 Evacuation Pause)
[2023-04-16T15:29:54.037-0400][gc,task     ] GC(103) Using 8 workers of 8 for evacuation
[2023-04-16T15:29:54.058-0400][gc,mmu      ] GC(103) MMU target violated: 20.7ms (20.0ms/21.0ms)
[2023-04-16T15:29:54.058-0400][gc,phases   ] GC(103)   Pre Evacuate Collection Set: 2.4ms
[2023-04-16T15:29:54.058-0400][gc,phases   ] GC(103)   Merge Heap Roots: 1.5ms
[2023-04-16T15:29:54.058-0400][gc,phases   ] GC(103)   Evacuate Collection Set: 11.9ms
[2023-04-16T15:29:54.058-0400][gc,phases   ] GC(103)   Post Evacuate Collection Set: 2.4ms
[2023-04-16T15:29:54.058-0400][gc,phases   ] GC(103)   Other: 2.6ms
[2023-04-16T15:29:54.058-0400][gc,heap     ] GC(103) Eden regions: 610->0(611)
[2023-04-16T15:29:54.058-0400][gc,heap     ] GC(103) Survivor regions: 4->3(77)
[2023-04-16T15:29:54.058-0400][gc,heap     ] GC(103) Old regions: 18->18
[2023-04-16T15:29:54.058-0400][gc,heap     ] GC(103) Archive regions: 2->2
[2023-04-16T15:29:54.058-0400][gc,heap     ] GC(103) Humongous regions: 129->129
[2023-04-16T15:29:54.058-0400][gc,metaspace] GC(103) Metaspace: 44187K(44928K)->44187K(44928K) NonClass: 39071K(39488K)->39071K(39488K) Class: 5116K(5440K)->5116K(5440K)
[2023-04-16T15:29:54.059-0400][gc          ] GC(103) Pause Young (Normal) (G1 Evacuation Pause) 761M->150M(1024M) 22.284ms
[2023-04-16T15:29:54.059-0400][gc,cpu      ] GC(103) User=0.02s Sys=0.03s Real=0.02s
[2023-04-16T15:36:33.961-0400][gc,start    ] GC(104) Pause Young (Normal) (G1 Evacuation Pause)
[2023-04-16T15:36:33.962-0400][gc,task     ] GC(104) Using 8 workers of 8 for evacuation
[2023-04-16T15:36:33.977-0400][gc,phases   ] GC(104)   Pre Evacuate Collection Set: 0.3ms
[2023-04-16T15:36:33.977-0400][gc,phases   ] GC(104)   Merge Heap Roots: 0.2ms
[2023-04-16T15:36:33.977-0400][gc,phases   ] GC(104)   Evacuate Collection Set: 12.9ms
[2023-04-16T15:36:33.977-0400][gc,phases   ] GC(104)   Post Evacuate Collection Set: 0.8ms
[2023-04-16T15:36:33.977-0400][gc,phases   ] GC(104)   Other: 1.0ms
[2023-04-16T15:36:33.977-0400][gc,heap     ] GC(104) Eden regions: 611->0(610)
[2023-04-16T15:36:33.977-0400][gc,heap     ] GC(104) Survivor regions: 3->4(77)
[2023-04-16T15:36:33.977-0400][gc,heap     ] GC(104) Old regions: 18->18
[2023-04-16T15:36:33.977-0400][gc,heap     ] GC(104) Archive regions: 2->2
[2023-04-16T15:36:33.977-0400][gc,heap     ] GC(104) Humongous regions: 129->129
[2023-04-16T15:36:33.977-0400][gc,metaspace] GC(104) Metaspace: 44187K(44928K)->44187K(44928K) NonClass: 39071K(39488K)->39071K(39488K) Class: 5116K(5440K)->5116K(5440K)
[2023-04-16T15:36:33.977-0400][gc          ] GC(104) Pause Young (Normal) (G1 Evacuation Pause) 761M->151M(1024M) 16.176ms
[2023-04-16T15:36:33.977-0400][gc,cpu      ] GC(104) User=0.03s Sys=0.02s Real=0.01s
[2023-04-16T15:43:20.457-0400][gc,start    ] GC(105) Pause Young (Normal) (G1 Evacuation Pause)
[2023-04-16T15:43:20.458-0400][gc,task     ] GC(105) Using 8 workers of 8 for evacuation
[2023-04-16T15:43:20.470-0400][gc,phases   ] GC(105)   Pre Evacuate Collection Set: 0.9ms
[2023-04-16T15:43:20.470-0400][gc,phases   ] GC(105)   Merge Heap Roots: 1.4ms
[2023-04-16T15:43:20.471-0400][gc,phases   ] GC(105)   Evacuate Collection Set: 7.1ms
[2023-04-16T15:43:20.471-0400][gc,phases   ] GC(105)   Post Evacuate Collection Set: 2.3ms
[2023-04-16T15:43:20.471-0400][gc,phases   ] GC(105)   Other: 0.3ms
[2023-04-16T15:43:20.471-0400][gc,heap     ] GC(105) Eden regions: 610->0(610)
[2023-04-16T15:43:20.471-0400][gc,heap     ] GC(105) Survivor regions: 4->4(77)
[2023-04-16T15:43:20.471-0400][gc,heap     ] GC(105) Old regions: 18->18
[2023-04-16T15:43:20.471-0400][gc,heap     ] GC(105) Archive regions: 2->2
[2023-04-16T15:43:20.471-0400][gc,heap     ] GC(105) Humongous regions: 129->129
[2023-04-16T15:43:20.471-0400][gc,metaspace] GC(105) Metaspace: 44187K(44928K)->44187K(44928K) NonClass: 39071K(39488K)->39071K(39488K) Class: 5116K(5440K)->5116K(5440K)
[2023-04-16T15:43:20.471-0400][gc          ] GC(105) Pause Young (Normal) (G1 Evacuation Pause) 761M->151M(1024M) 13.955ms
[2023-04-16T15:43:20.471-0400][gc,cpu      ] GC(105) User=0.03s Sys=0.01s Real=0.02s
[2023-04-16T15:50:44.246-0400][gc,start    ] GC(106) Pause Young (Normal) (G1 Evacuation Pause)
[2023-04-16T15:50:44.247-0400][gc,task     ] GC(106) Using 8 workers of 8 for evacuation
[2023-04-16T15:50:44.270-0400][gc,mmu      ] GC(106) MMU target violated: 21.0ms (20.0ms/21.0ms)
[2023-04-16T15:50:44.270-0400][gc,phases   ] GC(106)   Pre Evacuate Collection Set: 1.9ms
[2023-04-16T15:50:44.270-0400][gc,phases   ] GC(106)   Merge Heap Roots: 0.4ms
[2023-04-16T15:50:44.270-0400][gc,phases   ] GC(106)   Evacuate Collection Set: 16.9ms
[2023-04-16T15:50:44.270-0400][gc,phases   ] GC(106)   Post Evacuate Collection Set: 1.8ms
[2023-04-16T15:50:44.270-0400][gc,phases   ] GC(106)   Other: 2.6ms
[2023-04-16T15:50:44.271-0400][gc,heap     ] GC(106) Eden regions: 610->0(515)
[2023-04-16T15:50:44.271-0400][gc,heap     ] GC(106) Survivor regions: 4->4(77)
[2023-04-16T15:50:44.271-0400][gc,heap     ] GC(106) Old regions: 18->18
[2023-04-16T15:50:44.271-0400][gc,heap     ] GC(106) Archive regions: 2->2
[2023-04-16T15:50:44.271-0400][gc,heap     ] GC(106) Humongous regions: 129->129
[2023-04-16T15:50:44.271-0400][gc,metaspace] GC(106) Metaspace: 44187K(44928K)->44187K(44928K) NonClass: 39071K(39488K)->39071K(39488K) Class: 5116K(5440K)->5116K(5440K)
[2023-04-16T15:50:44.271-0400][gc          ] GC(106) Pause Young (Normal) (G1 Evacuation Pause) 761M->151M(1024M) 24.487ms
[2023-04-16T15:50:44.271-0400][gc,cpu      ] GC(106) User=0.03s Sys=0.03s Real=0.03s
[2023-04-16T15:56:32.435-0400][gc,start    ] GC(107) Pause Young (Normal) (G1 Evacuation Pause)
[2023-04-16T15:56:32.437-0400][gc,task     ] GC(107) Using 8 workers of 8 for evacuation
[2023-04-16T15:56:32.455-0400][gc,phases   ] GC(107)   Pre Evacuate Collection Set: 2.6ms
[2023-04-16T15:56:32.455-0400][gc,phases   ] GC(107)   Merge Heap Roots: 0.2ms
[2023-04-16T15:56:32.455-0400][gc,phases   ] GC(107)   Evacuate Collection Set: 13.0ms
[2023-04-16T15:56:32.455-0400][gc,phases   ] GC(107)   Post Evacuate Collection Set: 1.4ms
[2023-04-16T15:56:32.455-0400][gc,phases   ] GC(107)   Other: 1.0ms
[2023-04-16T15:56:32.455-0400][gc,heap     ] GC(107) Eden regions: 515->0(516)
[2023-04-16T15:56:32.455-0400][gc,heap     ] GC(107) Survivor regions: 4->4(65)
[2023-04-16T15:56:32.455-0400][gc,heap     ] GC(107) Old regions: 18->18
[2023-04-16T15:56:32.455-0400][gc,heap     ] GC(107) Archive regions: 2->2
[2023-04-16T15:56:32.455-0400][gc,heap     ] GC(107) Humongous regions: 129->129
[2023-04-16T15:56:32.455-0400][gc,metaspace] GC(107) Metaspace: 44187K(44928K)->44187K(44928K) NonClass: 39071K(39488K)->39071K(39488K) Class: 5116K(5440K)->5116K(5440K)
[2023-04-16T15:56:32.455-0400][gc          ] GC(107) Pause Young (Normal) (G1 Evacuation Pause) 666M->151M(1024M) 20.275ms
[2023-04-16T15:56:32.456-0400][gc,cpu      ] GC(107) User=0.02s Sys=0.05s Real=0.02s
[2023-04-16T16:02:13.866-0400][gc,start    ] GC(108) Pause Young (Normal) (G1 Evacuation Pause)
[2023-04-16T16:02:13.867-0400][gc,task     ] GC(108) Using 8 workers of 8 for evacuation
[2023-04-16T16:02:13.915-0400][gc,mmu      ] GC(108) MMU target violated: 21.0ms (20.0ms/21.0ms)
[2023-04-16T16:02:13.915-0400][gc,phases   ] GC(108)   Pre Evacuate Collection Set: 0.3ms
[2023-04-16T16:02:13.915-0400][gc,phases   ] GC(108)   Merge Heap Roots: 0.2ms
[2023-04-16T16:02:13.915-0400][gc,phases   ] GC(108)   Evacuate Collection Set: 40.3ms
[2023-04-16T16:02:13.915-0400][gc,phases   ] GC(108)   Post Evacuate Collection Set: 4.6ms
[2023-04-16T16:02:13.915-0400][gc,phases   ] GC(108)   Other: 2.1ms
[2023-04-16T16:02:13.915-0400][gc,heap     ] GC(108) Eden regions: 516->0(130)
[2023-04-16T16:02:13.915-0400][gc,heap     ] GC(108) Survivor regions: 4->5(65)
[2023-04-16T16:02:13.915-0400][gc,heap     ] GC(108) Old regions: 18->18
[2023-04-16T16:02:13.915-0400][gc,heap     ] GC(108) Archive regions: 2->2
[2023-04-16T16:02:13.915-0400][gc,heap     ] GC(108) Humongous regions: 129->129
[2023-04-16T16:02:13.915-0400][gc,metaspace] GC(108) Metaspace: 44187K(44928K)->44187K(44928K) NonClass: 39071K(39488K)->39071K(39488K) Class: 5116K(5440K)->5116K(5440K)
[2023-04-16T16:02:13.916-0400][gc          ] GC(108) Pause Young (Normal) (G1 Evacuation Pause) 667M->151M(1024M) 49.332ms
[2023-04-16T16:02:13.916-0400][gc,cpu      ] GC(108) User=0.04s Sys=0.04s Real=0.05s
[2023-04-16T16:03:46.773-0400][gc,start    ] GC(109) Pause Young (Normal) (G1 Evacuation Pause)
[2023-04-16T16:03:46.776-0400][gc,task     ] GC(109) Using 8 workers of 8 for evacuation
[2023-04-16T16:03:46.791-0400][gc,phases   ] GC(109)   Pre Evacuate Collection Set: 0.3ms
[2023-04-16T16:03:46.791-0400][gc,phases   ] GC(109)   Merge Heap Roots: 0.1ms
[2023-04-16T16:03:46.791-0400][gc,phases   ] GC(109)   Evacuate Collection Set: 11.1ms
[2023-04-16T16:03:46.791-0400][gc,phases   ] GC(109)   Post Evacuate Collection Set: 2.2ms
[2023-04-16T16:03:46.792-0400][gc,phases   ] GC(109)   Other: 1.2ms
[2023-04-16T16:03:46.792-0400][gc,heap     ] GC(109) Eden regions: 130->0(248)
[2023-04-16T16:03:46.792-0400][gc,heap     ] GC(109) Survivor regions: 5->4(17)
[2023-04-16T16:03:46.792-0400][gc,heap     ] GC(109) Old regions: 18->18
[2023-04-16T16:03:46.792-0400][gc,heap     ] GC(109) Archive regions: 2->2
[2023-04-16T16:03:46.792-0400][gc,heap     ] GC(109) Humongous regions: 129->129
[2023-04-16T16:03:46.792-0400][gc,metaspace] GC(109) Metaspace: 44187K(44928K)->44187K(44928K) NonClass: 39071K(39488K)->39071K(39488K) Class: 5116K(5440K)->5116K(5440K)
[2023-04-16T16:03:46.792-0400][gc          ] GC(109) Pause Young (Normal) (G1 Evacuation Pause) 281M->151M(1024M) 18.406ms
[2023-04-16T16:03:46.792-0400][gc,cpu      ] GC(109) User=0.03s Sys=0.01s Real=0.02s
[2023-04-16T16:06:45.026-0400][gc,start    ] GC(110) Pause Young (Normal) (G1 Evacuation Pause)
[2023-04-16T16:06:45.027-0400][gc,task     ] GC(110) Using 8 workers of 8 for evacuation
[2023-04-16T16:06:45.051-0400][gc,mmu      ] GC(110) MMU target violated: 21.0ms (20.0ms/21.0ms)
[2023-04-16T16:06:45.051-0400][gc,phases   ] GC(110)   Pre Evacuate Collection Set: 4.1ms
[2023-04-16T16:06:45.051-0400][gc,phases   ] GC(110)   Merge Heap Roots: 5.9ms
[2023-04-16T16:06:45.051-0400][gc,phases   ] GC(110)   Evacuate Collection Set: 10.8ms
[2023-04-16T16:06:45.051-0400][gc,phases   ] GC(110)   Post Evacuate Collection Set: 2.8ms
[2023-04-16T16:06:45.051-0400][gc,phases   ] GC(110)   Other: 0.6ms
[2023-04-16T16:06:45.051-0400][gc,heap     ] GC(110) Eden regions: 248->0(126)
[2023-04-16T16:06:45.052-0400][gc,heap     ] GC(110) Survivor regions: 4->4(32)
[2023-04-16T16:06:45.052-0400][gc,heap     ] GC(110) Old regions: 18->18
[2023-04-16T16:06:45.052-0400][gc,heap     ] GC(110) Archive regions: 2->2
[2023-04-16T16:06:45.052-0400][gc,heap     ] GC(110) Humongous regions: 129->129
[2023-04-16T16:06:45.052-0400][gc,metaspace] GC(110) Metaspace: 44187K(44928K)->44187K(44928K) NonClass: 39071K(39488K)->39071K(39488K) Class: 5116K(5440K)->5116K(5440K)
[2023-04-16T16:06:45.052-0400][gc          ] GC(110) Pause Young (Normal) (G1 Evacuation Pause) 399M->151M(1024M) 26.385ms
[2023-04-16T16:06:45.052-0400][gc,cpu      ] GC(110) User=0.04s Sys=0.01s Real=0.03s
[2023-04-16T16:08:20.728-0400][gc,start    ] GC(111) Pause Young (Normal) (G1 Evacuation Pause)
[2023-04-16T16:08:20.729-0400][gc,task     ] GC(111) Using 8 workers of 8 for evacuation
[2023-04-16T16:08:20.740-0400][gc,phases   ] GC(111)   Pre Evacuate Collection Set: 0.3ms
[2023-04-16T16:08:20.740-0400][gc,phases   ] GC(111)   Merge Heap Roots: 1.5ms
[2023-04-16T16:08:20.740-0400][gc,phases   ] GC(111)   Evacuate Collection Set: 7.7ms
[2023-04-16T16:08:20.740-0400][gc,phases   ] GC(111)   Post Evacuate Collection Set: 0.7ms
[2023-04-16T16:08:20.740-0400][gc,phases   ] GC(111)   Other: 0.2ms
[2023-04-16T16:08:20.740-0400][gc,heap     ] GC(111) Eden regions: 126->0(170)
[2023-04-16T16:08:20.740-0400][gc,heap     ] GC(111) Survivor regions: 4->4(17)
[2023-04-16T16:08:20.740-0400][gc,heap     ] GC(111) Old regions: 18->18
[2023-04-16T16:08:20.740-0400][gc,heap     ] GC(111) Archive regions: 2->2
[2023-04-16T16:08:20.740-0400][gc,heap     ] GC(111) Humongous regions: 129->129
[2023-04-16T16:08:20.740-0400][gc,metaspace] GC(111) Metaspace: 44187K(44928K)->44187K(44928K) NonClass: 39071K(39488K)->39071K(39488K) Class: 5116K(5440K)->5116K(5440K)
[2023-04-16T16:08:20.740-0400][gc          ] GC(111) Pause Young (Normal) (G1 Evacuation Pause) 277M->151M(1024M) 11.808ms
[2023-04-16T16:08:20.740-0400][gc,cpu      ] GC(111) User=0.03s Sys=0.01s Real=0.02s
[2023-04-16T16:10:17.279-0400][gc,start    ] GC(112) Pause Young (Normal) (G1 Evacuation Pause)
[2023-04-16T16:10:17.279-0400][gc,task     ] GC(112) Using 8 workers of 8 for evacuation
[2023-04-16T16:10:17.289-0400][gc,phases   ] GC(112)   Pre Evacuate Collection Set: 0.3ms
[2023-04-16T16:10:17.290-0400][gc,phases   ] GC(112)   Merge Heap Roots: 0.1ms
[2023-04-16T16:10:17.290-0400][gc,phases   ] GC(112)   Evacuate Collection Set: 7.2ms
[2023-04-16T16:10:17.290-0400][gc,phases   ] GC(112)   Post Evacuate Collection Set: 2.1ms
[2023-04-16T16:10:17.290-0400][gc,phases   ] GC(112)   Other: 0.2ms
[2023-04-16T16:10:17.290-0400][gc,heap     ] GC(112) Eden regions: 170->0(221)
[2023-04-16T16:10:17.290-0400][gc,heap     ] GC(112) Survivor regions: 4->5(22)
[2023-04-16T16:10:17.290-0400][gc,heap     ] GC(112) Old regions: 18->18
[2023-04-16T16:10:17.290-0400][gc,heap     ] GC(112) Archive regions: 2->2
[2023-04-16T16:10:17.290-0400][gc,heap     ] GC(112) Humongous regions: 129->129
[2023-04-16T16:10:17.290-0400][gc,metaspace] GC(112) Metaspace: 44187K(44928K)->44187K(44928K) NonClass: 39071K(39488K)->39071K(39488K) Class: 5116K(5440K)->5116K(5440K)
[2023-04-16T16:10:17.290-0400][gc          ] GC(112) Pause Young (Normal) (G1 Evacuation Pause) 321M->151M(1024M) 10.884ms
[2023-04-16T16:10:17.290-0400][gc,cpu      ] GC(112) User=0.03s Sys=0.00s Real=0.02s
[2023-04-16T16:12:46.583-0400][gc,start    ] GC(113) Pause Young (Normal) (G1 Evacuation Pause)
[2023-04-16T16:12:46.584-0400][gc,task     ] GC(113) Using 8 workers of 8 for evacuation
[2023-04-16T16:12:46.603-0400][gc,phases   ] GC(113)   Pre Evacuate Collection Set: 1.0ms
[2023-04-16T16:12:46.603-0400][gc,phases   ] GC(113)   Merge Heap Roots: 0.9ms
[2023-04-16T16:12:46.603-0400][gc,phases   ] GC(113)   Evacuate Collection Set: 15.2ms
[2023-04-16T16:12:46.603-0400][gc,phases   ] GC(113)   Post Evacuate Collection Set: 1.3ms
[2023-04-16T16:12:46.603-0400][gc,phases   ] GC(113)   Other: 0.2ms
[2023-04-16T16:12:46.603-0400][gc,heap     ] GC(113) Eden regions: 221->0(487)
[2023-04-16T16:12:46.603-0400][gc,heap     ] GC(113) Survivor regions: 5->4(29)
[2023-04-16T16:12:46.603-0400][gc,heap     ] GC(113) Old regions: 18->18
[2023-04-16T16:12:46.603-0400][gc,heap     ] GC(113) Archive regions: 2->2
[2023-04-16T16:12:46.603-0400][gc,heap     ] GC(113) Humongous regions: 129->129
[2023-04-16T16:12:46.603-0400][gc,metaspace] GC(113) Metaspace: 44187K(44928K)->44187K(44928K) NonClass: 39071K(39488K)->39071K(39488K) Class: 5116K(5440K)->5116K(5440K)
[2023-04-16T16:12:46.603-0400][gc          ] GC(113) Pause Young (Normal) (G1 Evacuation Pause) 372M->151M(1024M) 20.437ms
[2023-04-16T16:12:46.603-0400][gc,cpu      ] GC(113) User=0.02s Sys=0.01s Real=0.02s
[2023-04-16T16:18:21.012-0400][gc,start    ] GC(114) Pause Young (Normal) (G1 Evacuation Pause)
[2023-04-16T16:18:21.013-0400][gc,task     ] GC(114) Using 8 workers of 8 for evacuation
[2023-04-16T16:18:21.022-0400][gc,phases   ] GC(114)   Pre Evacuate Collection Set: 0.3ms
[2023-04-16T16:18:21.022-0400][gc,phases   ] GC(114)   Merge Heap Roots: 0.8ms
[2023-04-16T16:18:21.022-0400][gc,phases   ] GC(114)   Evacuate Collection Set: 6.6ms
[2023-04-16T16:18:21.022-0400][gc,phases   ] GC(114)   Post Evacuate Collection Set: 0.8ms
[2023-04-16T16:18:21.022-0400][gc,phases   ] GC(114)   Other: 0.2ms
[2023-04-16T16:18:21.022-0400][gc,heap     ] GC(114) Eden regions: 487->0(610)
[2023-04-16T16:18:21.022-0400][gc,heap     ] GC(114) Survivor regions: 4->4(62)
[2023-04-16T16:18:21.022-0400][gc,heap     ] GC(114) Old regions: 18->18
[2023-04-16T16:18:21.022-0400][gc,heap     ] GC(114) Archive regions: 2->2
[2023-04-16T16:18:21.022-0400][gc,heap     ] GC(114) Humongous regions: 129->129
[2023-04-16T16:18:21.022-0400][gc,metaspace] GC(114) Metaspace: 44187K(44928K)->44187K(44928K) NonClass: 39071K(39488K)->39071K(39488K) Class: 5116K(5440K)->5116K(5440K)
[2023-04-16T16:18:21.022-0400][gc          ] GC(114) Pause Young (Normal) (G1 Evacuation Pause) 638M->151M(1024M) 9.701ms
[2023-04-16T16:18:21.022-0400][gc,cpu      ] GC(114) User=0.02s Sys=0.01s Real=0.01s
[2023-04-16T16:25:17.534-0400][gc,start    ] GC(115) Pause Young (Normal) (G1 Evacuation Pause)
[2023-04-16T16:25:17.535-0400][gc,task     ] GC(115) Using 8 workers of 8 for evacuation
[2023-04-16T16:25:17.556-0400][gc,mmu      ] GC(115) MMU target violated: 20.9ms (20.0ms/21.0ms)
[2023-04-16T16:25:17.556-0400][gc,phases   ] GC(115)   Pre Evacuate Collection Set: 0.9ms
[2023-04-16T16:25:17.556-0400][gc,phases   ] GC(115)   Merge Heap Roots: 0.9ms
[2023-04-16T16:25:17.556-0400][gc,phases   ] GC(115)   Evacuate Collection Set: 17.7ms
[2023-04-16T16:25:17.557-0400][gc,phases   ] GC(115)   Post Evacuate Collection Set: 1.1ms
[2023-04-16T16:25:17.557-0400][gc,phases   ] GC(115)   Other: 0.5ms
[2023-04-16T16:25:17.557-0400][gc,heap     ] GC(115) Eden regions: 610->0(377)
[2023-04-16T16:25:17.557-0400][gc,heap     ] GC(115) Survivor regions: 4->4(77)
[2023-04-16T16:25:17.557-0400][gc,heap     ] GC(115) Old regions: 18->18
[2023-04-16T16:25:17.557-0400][gc,heap     ] GC(115) Archive regions: 2->2
[2023-04-16T16:25:17.557-0400][gc,heap     ] GC(115) Humongous regions: 129->129
[2023-04-16T16:25:17.557-0400][gc,metaspace] GC(115) Metaspace: 44187K(44928K)->44187K(44928K) NonClass: 39071K(39488K)->39071K(39488K) Class: 5116K(5440K)->5116K(5440K)
[2023-04-16T16:25:17.557-0400][gc          ] GC(115) Pause Young (Normal) (G1 Evacuation Pause) 761M->151M(1024M) 22.563ms
[2023-04-16T16:25:17.557-0400][gc,cpu      ] GC(115) User=0.04s Sys=0.03s Real=0.02s
[2023-04-16T16:29:34.786-0400][gc,start    ] GC(116) Pause Young (Normal) (G1 Evacuation Pause)
[2023-04-16T16:29:34.786-0400][gc,task     ] GC(116) Using 8 workers of 8 for evacuation
[2023-04-16T16:29:34.792-0400][gc,phases   ] GC(116)   Pre Evacuate Collection Set: 0.2ms
[2023-04-16T16:29:34.792-0400][gc,phases   ] GC(116)   Merge Heap Roots: 0.1ms
[2023-04-16T16:29:34.792-0400][gc,phases   ] GC(116)   Evacuate Collection Set: 4.8ms
[2023-04-16T16:29:34.792-0400][gc,phases   ] GC(116)   Post Evacuate Collection Set: 0.7ms
[2023-04-16T16:29:34.792-0400][gc,phases   ] GC(116)   Other: 0.2ms
[2023-04-16T16:29:34.793-0400][gc,heap     ] GC(116) Eden regions: 377->0(610)
[2023-04-16T16:29:34.793-0400][gc,heap     ] GC(116) Survivor regions: 4->4(48)
[2023-04-16T16:29:34.793-0400][gc,heap     ] GC(116) Old regions: 18->18
[2023-04-16T16:29:34.793-0400][gc,heap     ] GC(116) Archive regions: 2->2
[2023-04-16T16:29:34.793-0400][gc,heap     ] GC(116) Humongous regions: 129->129
[2023-04-16T16:29:34.793-0400][gc,metaspace] GC(116) Metaspace: 44187K(44928K)->44187K(44928K) NonClass: 39071K(39488K)->39071K(39488K) Class: 5116K(5440K)->5116K(5440K)
[2023-04-16T16:29:34.793-0400][gc          ] GC(116) Pause Young (Normal) (G1 Evacuation Pause) 528M->151M(1024M) 7.068ms
[2023-04-16T16:29:34.793-0400][gc,cpu      ] GC(116) User=0.02s Sys=0.01s Real=0.01s
[2023-04-16T16:36:40.254-0400][gc,start    ] GC(117) Pause Young (Normal) (G1 Evacuation Pause)
[2023-04-16T16:36:40.258-0400][gc,task     ] GC(117) Using 8 workers of 8 for evacuation
[2023-04-16T16:36:40.291-0400][gc,mmu      ] GC(117) MMU target violated: 21.0ms (20.0ms/21.0ms)
[2023-04-16T16:36:40.291-0400][gc,phases   ] GC(117)   Pre Evacuate Collection Set: 3.0ms
[2023-04-16T16:36:40.291-0400][gc,phases   ] GC(117)   Merge Heap Roots: 1.1ms
[2023-04-16T16:36:40.291-0400][gc,phases   ] GC(117)   Evacuate Collection Set: 24.4ms
[2023-04-16T16:36:40.291-0400][gc,phases   ] GC(117)   Post Evacuate Collection Set: 3.5ms
[2023-04-16T16:36:40.291-0400][gc,phases   ] GC(117)   Other: 1.9ms
[2023-04-16T16:36:40.291-0400][gc,heap     ] GC(117) Eden regions: 610->0(288)
[2023-04-16T16:36:40.291-0400][gc,heap     ] GC(117) Survivor regions: 4->5(77)
[2023-04-16T16:36:40.291-0400][gc,heap     ] GC(117) Old regions: 18->18
[2023-04-16T16:36:40.291-0400][gc,heap     ] GC(117) Archive regions: 2->2
[2023-04-16T16:36:40.291-0400][gc,heap     ] GC(117) Humongous regions: 129->129
[2023-04-16T16:36:40.291-0400][gc,metaspace] GC(117) Metaspace: 44187K(44928K)->44187K(44928K) NonClass: 39071K(39488K)->39071K(39488K) Class: 5116K(5440K)->5116K(5440K)
[2023-04-16T16:36:40.292-0400][gc          ] GC(117) Pause Young (Normal) (G1 Evacuation Pause) 761M->152M(1024M) 37.176ms
[2023-04-16T16:36:40.292-0400][gc,cpu      ] GC(117) User=0.05s Sys=0.06s Real=0.04s
[2023-04-16T16:39:59.650-0400][gc,start    ] GC(118) Pause Young (Normal) (G1 Evacuation Pause)
[2023-04-16T16:39:59.652-0400][gc,task     ] GC(118) Using 8 workers of 8 for evacuation
[2023-04-16T16:39:59.655-0400][gc,phases   ] GC(118)   Pre Evacuate Collection Set: 0.3ms
[2023-04-16T16:39:59.673-0400][gc,phases   ] GC(118)   Merge Heap Roots: 0.1ms
[2023-04-16T16:39:59.673-0400][gc,phases   ] GC(118)   Evacuate Collection Set: 2.3ms
[2023-04-16T16:39:59.674-0400][gc,phases   ] GC(118)   Post Evacuate Collection Set: 0.4ms
[2023-04-16T16:39:59.674-0400][gc,phases   ] GC(118)   Other: 0.3ms
[2023-04-16T16:39:59.674-0400][gc,heap     ] GC(118) Eden regions: 288->0(452)
[2023-04-16T16:39:59.674-0400][gc,heap     ] GC(118) Survivor regions: 5->4(37)
[2023-04-16T16:39:59.674-0400][gc,heap     ] GC(118) Old regions: 18->18
[2023-04-16T16:39:59.674-0400][gc,heap     ] GC(118) Archive regions: 2->2
[2023-04-16T16:39:59.674-0400][gc,heap     ] GC(118) Humongous regions: 129->129
[2023-04-16T16:39:59.674-0400][gc,metaspace] GC(118) Metaspace: 44187K(44928K)->44187K(44928K) NonClass: 39071K(39488K)->39071K(39488K) Class: 5116K(5440K)->5116K(5440K)
[2023-04-16T16:39:59.674-0400][gc          ] GC(118) Pause Young (Normal) (G1 Evacuation Pause) 440M->151M(1024M) 24.029ms
[2023-04-16T16:39:59.674-0400][gc,cpu      ] GC(118) User=0.01s Sys=0.00s Real=0.02s
[2023-04-16T16:44:44.256-0400][gc,start    ] GC(119) Pause Young (Normal) (G1 Evacuation Pause)
[2023-04-16T16:44:44.256-0400][gc,task     ] GC(119) Using 8 workers of 8 for evacuation
[2023-04-16T16:44:44.260-0400][gc,phases   ] GC(119)   Pre Evacuate Collection Set: 0.1ms
[2023-04-16T16:44:44.260-0400][gc,phases   ] GC(119)   Merge Heap Roots: 0.1ms
[2023-04-16T16:44:44.260-0400][gc,phases   ] GC(119)   Evacuate Collection Set: 3.0ms
[2023-04-16T16:44:44.260-0400][gc,phases   ] GC(119)   Post Evacuate Collection Set: 0.5ms
[2023-04-16T16:44:44.260-0400][gc,phases   ] GC(119)   Other: 0.1ms
[2023-04-16T16:44:44.260-0400][gc,heap     ] GC(119) Eden regions: 452->0(609)
[2023-04-16T16:44:44.260-0400][gc,heap     ] GC(119) Survivor regions: 4->5(57)
[2023-04-16T16:44:44.260-0400][gc,heap     ] GC(119) Old regions: 18->18
[2023-04-16T16:44:44.260-0400][gc,heap     ] GC(119) Archive regions: 2->2
[2023-04-16T16:44:44.260-0400][gc,heap     ] GC(119) Humongous regions: 129->129
[2023-04-16T16:44:44.260-0400][gc,metaspace] GC(119) Metaspace: 44187K(44928K)->44187K(44928K) NonClass: 39071K(39488K)->39071K(39488K) Class: 5116K(5440K)->5116K(5440K)
[2023-04-16T16:44:44.260-0400][gc          ] GC(119) Pause Young (Normal) (G1 Evacuation Pause) 603M->152M(1024M) 4.674ms
[2023-04-16T16:44:44.260-0400][gc,cpu      ] GC(119) User=0.03s Sys=0.00s Real=0.01s
[2023-04-16T16:51:05.878-0400][gc,start    ] GC(120) Pause Young (Normal) (G1 Evacuation Pause)
[2023-04-16T16:51:05.878-0400][gc,task     ] GC(120) Using 8 workers of 8 for evacuation
[2023-04-16T16:51:05.886-0400][gc,phases   ] GC(120)   Pre Evacuate Collection Set: 0.4ms
[2023-04-16T16:51:05.886-0400][gc,phases   ] GC(120)   Merge Heap Roots: 0.1ms
[2023-04-16T16:51:05.886-0400][gc,phases   ] GC(120)   Evacuate Collection Set: 6.8ms
[2023-04-16T16:51:05.886-0400][gc,phases   ] GC(120)   Post Evacuate Collection Set: 0.5ms
[2023-04-16T16:51:05.886-0400][gc,phases   ] GC(120)   Other: 0.1ms
[2023-04-16T16:51:05.886-0400][gc,heap     ] GC(120) Eden regions: 609->0(610)
[2023-04-16T16:51:05.886-0400][gc,heap     ] GC(120) Survivor regions: 5->4(77)
[2023-04-16T16:51:05.886-0400][gc,heap     ] GC(120) Old regions: 18->19
[2023-04-16T16:51:05.886-0400][gc,heap     ] GC(120) Archive regions: 2->2
[2023-04-16T16:51:05.886-0400][gc,heap     ] GC(120) Humongous regions: 129->129
[2023-04-16T16:51:05.886-0400][gc,metaspace] GC(120) Metaspace: 44188K(44928K)->44188K(44928K) NonClass: 39072K(39488K)->39072K(39488K) Class: 5116K(5440K)->5116K(5440K)
[2023-04-16T16:51:05.886-0400][gc          ] GC(120) Pause Young (Normal) (G1 Evacuation Pause) 761M->151M(1024M) 8.551ms
[2023-04-16T16:51:05.886-0400][gc,cpu      ] GC(120) User=0.02s Sys=0.02s Real=0.01s
[2023-04-16T16:57:45.078-0400][gc,start    ] GC(121) Pause Young (Normal) (G1 Evacuation Pause)
[2023-04-16T16:57:45.078-0400][gc,task     ] GC(121) Using 8 workers of 8 for evacuation
[2023-04-16T16:57:45.083-0400][gc,phases   ] GC(121)   Pre Evacuate Collection Set: 0.1ms
[2023-04-16T16:57:45.083-0400][gc,phases   ] GC(121)   Merge Heap Roots: 0.1ms
[2023-04-16T16:57:45.083-0400][gc,phases   ] GC(121)   Evacuate Collection Set: 3.7ms
[2023-04-16T16:57:45.083-0400][gc,phases   ] GC(121)   Post Evacuate Collection Set: 0.4ms
[2023-04-16T16:57:45.083-0400][gc,phases   ] GC(121)   Other: 0.1ms
[2023-04-16T16:57:45.083-0400][gc,heap     ] GC(121) Eden regions: 610->0(610)
[2023-04-16T16:57:45.083-0400][gc,heap     ] GC(121) Survivor regions: 4->4(77)
[2023-04-16T16:57:45.083-0400][gc,heap     ] GC(121) Old regions: 19->19
[2023-04-16T16:57:45.083-0400][gc,heap     ] GC(121) Archive regions: 2->2
[2023-04-16T16:57:45.083-0400][gc,heap     ] GC(121) Humongous regions: 129->129
[2023-04-16T16:57:45.083-0400][gc,metaspace] GC(121) Metaspace: 44188K(44928K)->44188K(44928K) NonClass: 39072K(39488K)->39072K(39488K) Class: 5116K(5440K)->5116K(5440K)
[2023-04-16T16:57:45.083-0400][gc          ] GC(121) Pause Young (Normal) (G1 Evacuation Pause) 761M->151M(1024M) 5.090ms
[2023-04-16T16:57:45.083-0400][gc,cpu      ] GC(121) User=0.02s Sys=0.01s Real=0.01s
[2023-04-16T17:05:06.642-0400][gc,start    ] GC(122) Pause Young (Normal) (G1 Evacuation Pause)
[2023-04-16T17:05:06.644-0400][gc,task     ] GC(122) Using 8 workers of 8 for evacuation
[2023-04-16T17:05:06.650-0400][gc,phases   ] GC(122)   Pre Evacuate Collection Set: 0.4ms
[2023-04-16T17:05:06.650-0400][gc,phases   ] GC(122)   Merge Heap Roots: 0.3ms
[2023-04-16T17:05:06.650-0400][gc,phases   ] GC(122)   Evacuate Collection Set: 4.7ms
[2023-04-16T17:05:06.650-0400][gc,phases   ] GC(122)   Post Evacuate Collection Set: 0.7ms
[2023-04-16T17:05:06.650-0400][gc,phases   ] GC(122)   Other: 0.3ms
[2023-04-16T17:05:06.650-0400][gc,heap     ] GC(122) Eden regions: 610->0(610)
[2023-04-16T17:05:06.650-0400][gc,heap     ] GC(122) Survivor regions: 4->4(77)
[2023-04-16T17:05:06.650-0400][gc,heap     ] GC(122) Old regions: 19->19
[2023-04-16T17:05:06.650-0400][gc,heap     ] GC(122) Archive regions: 2->2
[2023-04-16T17:05:06.650-0400][gc,heap     ] GC(122) Humongous regions: 129->129
[2023-04-16T17:05:06.650-0400][gc,metaspace] GC(122) Metaspace: 44188K(44928K)->44188K(44928K) NonClass: 39072K(39488K)->39072K(39488K) Class: 5116K(5440K)->5116K(5440K)
[2023-04-16T17:05:06.650-0400][gc          ] GC(122) Pause Young (Normal) (G1 Evacuation Pause) 761M->151M(1024M) 8.658ms
[2023-04-16T17:05:06.650-0400][gc,cpu      ] GC(122) User=0.04s Sys=0.00s Real=0.01s
[2023-04-16T17:12:50.046-0400][gc,start    ] GC(123) Pause Young (Normal) (G1 Evacuation Pause)
[2023-04-16T17:12:50.047-0400][gc,task     ] GC(123) Using 8 workers of 8 for evacuation
[2023-04-16T17:12:50.054-0400][gc,phases   ] GC(123)   Pre Evacuate Collection Set: 0.5ms
[2023-04-16T17:12:50.054-0400][gc,phases   ] GC(123)   Merge Heap Roots: 0.3ms
[2023-04-16T17:12:50.054-0400][gc,phases   ] GC(123)   Evacuate Collection Set: 4.5ms
[2023-04-16T17:12:50.054-0400][gc,phases   ] GC(123)   Post Evacuate Collection Set: 0.8ms
[2023-04-16T17:12:50.054-0400][gc,phases   ] GC(123)   Other: 0.3ms
[2023-04-16T17:12:50.054-0400][gc,heap     ] GC(123) Eden regions: 610->0(610)
[2023-04-16T17:12:50.054-0400][gc,heap     ] GC(123) Survivor regions: 4->4(77)
[2023-04-16T17:12:50.054-0400][gc,heap     ] GC(123) Old regions: 19->19
[2023-04-16T17:12:50.054-0400][gc,heap     ] GC(123) Archive regions: 2->2
[2023-04-16T17:12:50.054-0400][gc,heap     ] GC(123) Humongous regions: 129->129
[2023-04-16T17:12:50.054-0400][gc,metaspace] GC(123) Metaspace: 44188K(44928K)->44188K(44928K) NonClass: 39072K(39488K)->39072K(39488K) Class: 5116K(5440K)->5116K(5440K)
[2023-04-16T17:12:50.054-0400][gc          ] GC(123) Pause Young (Normal) (G1 Evacuation Pause) 761M->151M(1024M) 7.759ms
[2023-04-16T17:12:50.054-0400][gc,cpu      ] GC(123) User=0.04s Sys=0.01s Real=0.01s
[2023-04-16T17:19:51.428-0400][gc,start    ] GC(124) Pause Young (Normal) (G1 Evacuation Pause)
[2023-04-16T17:19:51.431-0400][gc,task     ] GC(124) Using 8 workers of 8 for evacuation
[2023-04-16T17:19:51.448-0400][gc,phases   ] GC(124)   Pre Evacuate Collection Set: 1.9ms
[2023-04-16T17:19:51.448-0400][gc,phases   ] GC(124)   Merge Heap Roots: 0.4ms
[2023-04-16T17:19:51.448-0400][gc,phases   ] GC(124)   Evacuate Collection Set: 10.4ms
[2023-04-16T17:19:51.448-0400][gc,phases   ] GC(124)   Post Evacuate Collection Set: 2.2ms
[2023-04-16T17:19:51.448-0400][gc,phases   ] GC(124)   Other: 2.6ms
[2023-04-16T17:19:51.448-0400][gc,heap     ] GC(124) Eden regions: 610->0(611)
[2023-04-16T17:19:51.448-0400][gc,heap     ] GC(124) Survivor regions: 4->3(77)
[2023-04-16T17:19:51.448-0400][gc,heap     ] GC(124) Old regions: 19->19
[2023-04-16T17:19:51.448-0400][gc,heap     ] GC(124) Archive regions: 2->2
[2023-04-16T17:19:51.448-0400][gc,heap     ] GC(124) Humongous regions: 129->129
[2023-04-16T17:19:51.448-0400][gc,metaspace] GC(124) Metaspace: 44188K(44928K)->44188K(44928K) NonClass: 39072K(39488K)->39072K(39488K) Class: 5116K(5440K)->5116K(5440K)
[2023-04-16T17:19:51.448-0400][gc          ] GC(124) Pause Young (Normal) (G1 Evacuation Pause) 761M->150M(1024M) 20.129ms
[2023-04-16T17:19:51.448-0400][gc,cpu      ] GC(124) User=0.02s Sys=0.03s Real=0.02s
[2023-04-16T17:26:41.959-0400][gc,start    ] GC(125) Pause Young (Normal) (G1 Evacuation Pause)
[2023-04-16T17:26:41.960-0400][gc,task     ] GC(125) Using 8 workers of 8 for evacuation
[2023-04-16T17:26:41.970-0400][gc,phases   ] GC(125)   Pre Evacuate Collection Set: 0.3ms
[2023-04-16T17:26:41.970-0400][gc,phases   ] GC(125)   Merge Heap Roots: 0.2ms
[2023-04-16T17:26:41.970-0400][gc,phases   ] GC(125)   Evacuate Collection Set: 9.1ms
[2023-04-16T17:26:41.970-0400][gc,phases   ] GC(125)   Post Evacuate Collection Set: 0.5ms
[2023-04-16T17:26:41.970-0400][gc,phases   ] GC(125)   Other: 0.2ms
[2023-04-16T17:26:41.970-0400][gc,heap     ] GC(125) Eden regions: 611->0(609)
[2023-04-16T17:26:41.970-0400][gc,heap     ] GC(125) Survivor regions: 3->5(77)
[2023-04-16T17:26:41.970-0400][gc,heap     ] GC(125) Old regions: 19->19
[2023-04-16T17:26:41.970-0400][gc,heap     ] GC(125) Archive regions: 2->2
[2023-04-16T17:26:41.970-0400][gc,heap     ] GC(125) Humongous regions: 129->129
[2023-04-16T17:26:41.970-0400][gc,metaspace] GC(125) Metaspace: 44188K(44928K)->44188K(44928K) NonClass: 39072K(39488K)->39072K(39488K) Class: 5116K(5440K)->5116K(5440K)
[2023-04-16T17:26:41.970-0400][gc          ] GC(125) Pause Young (Normal) (G1 Evacuation Pause) 761M->152M(1024M) 11.215ms
[2023-04-16T17:26:41.970-0400][gc,cpu      ] GC(125) User=0.02s Sys=0.02s Real=0.02s
[2023-04-16T17:33:26.163-0400][gc,start    ] GC(126) Pause Young (Normal) (G1 Evacuation Pause)
[2023-04-16T17:33:26.165-0400][gc,task     ] GC(126) Using 8 workers of 8 for evacuation
[2023-04-16T17:33:26.176-0400][gc,phases   ] GC(126)   Pre Evacuate Collection Set: 0.5ms
[2023-04-16T17:33:26.176-0400][gc,phases   ] GC(126)   Merge Heap Roots: 0.3ms
[2023-04-16T17:33:26.176-0400][gc,phases   ] GC(126)   Evacuate Collection Set: 9.0ms
[2023-04-16T17:33:26.176-0400][gc,phases   ] GC(126)   Post Evacuate Collection Set: 0.7ms
[2023-04-16T17:33:26.176-0400][gc,phases   ] GC(126)   Other: 0.3ms
[2023-04-16T17:33:26.176-0400][gc,heap     ] GC(126) Eden regions: 609->0(610)
[2023-04-16T17:33:26.176-0400][gc,heap     ] GC(126) Survivor regions: 5->4(77)
[2023-04-16T17:33:26.176-0400][gc,heap     ] GC(126) Old regions: 19->19
[2023-04-16T17:33:26.176-0400][gc,heap     ] GC(126) Archive regions: 2->2
[2023-04-16T17:33:26.176-0400][gc,heap     ] GC(126) Humongous regions: 129->129
[2023-04-16T17:33:26.176-0400][gc,metaspace] GC(126) Metaspace: 44188K(44928K)->44188K(44928K) NonClass: 39072K(39488K)->39072K(39488K) Class: 5116K(5440K)->5116K(5440K)
[2023-04-16T17:33:26.176-0400][gc          ] GC(126) Pause Young (Normal) (G1 Evacuation Pause) 761M->151M(1024M) 12.629ms
[2023-04-16T17:33:26.176-0400][gc,cpu      ] GC(126) User=0.03s Sys=0.01s Real=0.01s
[2023-04-16T17:40:20.205-0400][gc,start    ] GC(127) Pause Young (Normal) (G1 Evacuation Pause)
[2023-04-16T17:40:20.206-0400][gc,task     ] GC(127) Using 8 workers of 8 for evacuation
[2023-04-16T17:40:20.216-0400][gc,phases   ] GC(127)   Pre Evacuate Collection Set: 0.5ms
[2023-04-16T17:40:20.216-0400][gc,phases   ] GC(127)   Merge Heap Roots: 0.3ms
[2023-04-16T17:40:20.216-0400][gc,phases   ] GC(127)   Evacuate Collection Set: 7.4ms
[2023-04-16T17:40:20.216-0400][gc,phases   ] GC(127)   Post Evacuate Collection Set: 0.9ms
[2023-04-16T17:40:20.216-0400][gc,phases   ] GC(127)   Other: 0.3ms
[2023-04-16T17:40:20.216-0400][gc,heap     ] GC(127) Eden regions: 610->0(610)
[2023-04-16T17:40:20.216-0400][gc,heap     ] GC(127) Survivor regions: 4->4(77)
[2023-04-16T17:40:20.216-0400][gc,heap     ] GC(127) Old regions: 19->19
[2023-04-16T17:40:20.216-0400][gc,heap     ] GC(127) Archive regions: 2->2
[2023-04-16T17:40:20.216-0400][gc,heap     ] GC(127) Humongous regions: 129->129
[2023-04-16T17:40:20.216-0400][gc,metaspace] GC(127) Metaspace: 44188K(44928K)->44188K(44928K) NonClass: 39072K(39488K)->39072K(39488K) Class: 5116K(5440K)->5116K(5440K)
[2023-04-16T17:40:20.216-0400][gc          ] GC(127) Pause Young (Normal) (G1 Evacuation Pause) 761M->151M(1024M) 11.241ms
[2023-04-16T17:40:20.216-0400][gc,cpu      ] GC(127) User=0.04s Sys=0.01s Real=0.01s
[2023-04-16T17:46:50.423-0400][gc,start    ] GC(128) Pause Young (Normal) (G1 Evacuation Pause)
[2023-04-16T17:46:50.424-0400][gc,task     ] GC(128) Using 8 workers of 8 for evacuation
[2023-04-16T17:46:50.431-0400][gc,phases   ] GC(128)   Pre Evacuate Collection Set: 0.8ms
[2023-04-16T17:46:50.431-0400][gc,phases   ] GC(128)   Merge Heap Roots: 0.6ms
[2023-04-16T17:46:50.431-0400][gc,phases   ] GC(128)   Evacuate Collection Set: 3.8ms
[2023-04-16T17:46:50.431-0400][gc,phases   ] GC(128)   Post Evacuate Collection Set: 1.1ms
[2023-04-16T17:46:50.431-0400][gc,phases   ] GC(128)   Other: 0.8ms
[2023-04-16T17:46:50.431-0400][gc,heap     ] GC(128) Eden regions: 610->0(610)
[2023-04-16T17:46:50.431-0400][gc,heap     ] GC(128) Survivor regions: 4->4(77)
[2023-04-16T17:46:50.431-0400][gc,heap     ] GC(128) Old regions: 19->19
[2023-04-16T17:46:50.431-0400][gc,heap     ] GC(128) Archive regions: 2->2
[2023-04-16T17:46:50.431-0400][gc,heap     ] GC(128) Humongous regions: 129->129
[2023-04-16T17:46:50.431-0400][gc,metaspace] GC(128) Metaspace: 44190K(44928K)->44190K(44928K) NonClass: 39074K(39488K)->39074K(39488K) Class: 5116K(5440K)->5116K(5440K)
[2023-04-16T17:46:50.431-0400][gc          ] GC(128) Pause Young (Normal) (G1 Evacuation Pause) 761M->151M(1024M) 8.270ms
[2023-04-16T17:46:50.431-0400][gc,cpu      ] GC(128) User=0.02s Sys=0.00s Real=0.01s
[2023-04-16T17:53:21.709-0400][gc,start    ] GC(129) Pause Young (Normal) (G1 Evacuation Pause)
[2023-04-16T17:53:21.710-0400][gc,task     ] GC(129) Using 8 workers of 8 for evacuation
[2023-04-16T17:53:21.716-0400][gc,phases   ] GC(129)   Pre Evacuate Collection Set: 0.1ms
[2023-04-16T17:53:21.716-0400][gc,phases   ] GC(129)   Merge Heap Roots: 0.1ms
[2023-04-16T17:53:21.716-0400][gc,phases   ] GC(129)   Evacuate Collection Set: 3.9ms
[2023-04-16T17:53:21.716-0400][gc,phases   ] GC(129)   Post Evacuate Collection Set: 1.2ms
[2023-04-16T17:53:21.716-0400][gc,phases   ] GC(129)   Other: 0.1ms
[2023-04-16T17:53:21.716-0400][gc,heap     ] GC(129) Eden regions: 610->0(610)
[2023-04-16T17:53:21.716-0400][gc,heap     ] GC(129) Survivor regions: 4->4(77)
[2023-04-16T17:53:21.716-0400][gc,heap     ] GC(129) Old regions: 19->19
[2023-04-16T17:53:21.716-0400][gc,heap     ] GC(129) Archive regions: 2->2
[2023-04-16T17:53:21.716-0400][gc,heap     ] GC(129) Humongous regions: 129->129
[2023-04-16T17:53:21.716-0400][gc,metaspace] GC(129) Metaspace: 44190K(44928K)->44190K(44928K) NonClass: 39074K(39488K)->39074K(39488K) Class: 5116K(5440K)->5116K(5440K)
[2023-04-16T17:53:21.716-0400][gc          ] GC(129) Pause Young (Normal) (G1 Evacuation Pause) 761M->151M(1024M) 7.438ms
[2023-04-16T17:53:21.716-0400][gc,cpu      ] GC(129) User=0.02s Sys=0.00s Real=0.01s
[2023-04-16T18:00:06.111-0400][gc,start    ] GC(130) Pause Young (Normal) (G1 Evacuation Pause)
[2023-04-16T18:00:06.111-0400][gc,task     ] GC(130) Using 8 workers of 8 for evacuation
[2023-04-16T18:00:06.116-0400][gc,phases   ] GC(130)   Pre Evacuate Collection Set: 0.2ms
[2023-04-16T18:00:06.116-0400][gc,phases   ] GC(130)   Merge Heap Roots: 0.2ms
[2023-04-16T18:00:06.116-0400][gc,phases   ] GC(130)   Evacuate Collection Set: 3.3ms
[2023-04-16T18:00:06.116-0400][gc,phases   ] GC(130)   Post Evacuate Collection Set: 1.0ms
[2023-04-16T18:00:06.117-0400][gc,phases   ] GC(130)   Other: 0.7ms
[2023-04-16T18:00:06.117-0400][gc,heap     ] GC(130) Eden regions: 610->0(610)
[2023-04-16T18:00:06.117-0400][gc,heap     ] GC(130) Survivor regions: 4->4(77)
[2023-04-16T18:00:06.117-0400][gc,heap     ] GC(130) Old regions: 19->19
[2023-04-16T18:00:06.117-0400][gc,heap     ] GC(130) Archive regions: 2->2
[2023-04-16T18:00:06.117-0400][gc,heap     ] GC(130) Humongous regions: 129->129
[2023-04-16T18:00:06.117-0400][gc,metaspace] GC(130) Metaspace: 44190K(44928K)->44190K(44928K) NonClass: 39074K(39488K)->39074K(39488K) Class: 5116K(5440K)->5116K(5440K)
[2023-04-16T18:00:06.117-0400][gc          ] GC(130) Pause Young (Normal) (G1 Evacuation Pause) 761M->151M(1024M) 6.600ms
[2023-04-16T18:00:06.117-0400][gc,cpu      ] GC(130) User=0.02s Sys=0.00s Real=0.00s
[2023-04-16T18:06:50.323-0400][gc,start    ] GC(131) Pause Young (Normal) (G1 Evacuation Pause)
[2023-04-16T18:06:50.324-0400][gc,task     ] GC(131) Using 8 workers of 8 for evacuation
[2023-04-16T18:06:50.332-0400][gc,phases   ] GC(131)   Pre Evacuate Collection Set: 0.3ms
[2023-04-16T18:06:50.332-0400][gc,phases   ] GC(131)   Merge Heap Roots: 0.3ms
[2023-04-16T18:06:50.332-0400][gc,phases   ] GC(131)   Evacuate Collection Set: 6.3ms
[2023-04-16T18:06:50.333-0400][gc,phases   ] GC(131)   Post Evacuate Collection Set: 0.8ms
[2023-04-16T18:06:50.333-0400][gc,phases   ] GC(131)   Other: 0.2ms
[2023-04-16T18:06:50.333-0400][gc,heap     ] GC(131) Eden regions: 610->0(610)
[2023-04-16T18:06:50.333-0400][gc,heap     ] GC(131) Survivor regions: 4->4(77)
[2023-04-16T18:06:50.333-0400][gc,heap     ] GC(131) Old regions: 19->19
[2023-04-16T18:06:50.333-0400][gc,heap     ] GC(131) Archive regions: 2->2
[2023-04-16T18:06:50.333-0400][gc,heap     ] GC(131) Humongous regions: 129->129
[2023-04-16T18:06:50.333-0400][gc,metaspace] GC(131) Metaspace: 44190K(44928K)->44190K(44928K) NonClass: 39074K(39488K)->39074K(39488K) Class: 5116K(5440K)->5116K(5440K)
[2023-04-16T18:06:50.333-0400][gc          ] GC(131) Pause Young (Normal) (G1 Evacuation Pause) 761M->151M(1024M) 9.722ms
[2023-04-16T18:06:50.333-0400][gc,cpu      ] GC(131) User=0.04s Sys=0.01s Real=0.01s
[2023-04-16T18:13:35.062-0400][gc,start    ] GC(132) Pause Young (Normal) (G1 Evacuation Pause)
[2023-04-16T18:13:35.063-0400][gc,task     ] GC(132) Using 8 workers of 8 for evacuation
[2023-04-16T18:13:35.070-0400][gc,phases   ] GC(132)   Pre Evacuate Collection Set: 0.2ms
[2023-04-16T18:13:35.070-0400][gc,phases   ] GC(132)   Merge Heap Roots: 0.1ms
[2023-04-16T18:13:35.070-0400][gc,phases   ] GC(132)   Evacuate Collection Set: 6.3ms
[2023-04-16T18:13:35.070-0400][gc,phases   ] GC(132)   Post Evacuate Collection Set: 0.5ms
[2023-04-16T18:13:35.070-0400][gc,phases   ] GC(132)   Other: 0.2ms
[2023-04-16T18:13:35.070-0400][gc,heap     ] GC(132) Eden regions: 610->0(610)
[2023-04-16T18:13:35.070-0400][gc,heap     ] GC(132) Survivor regions: 4->4(77)
[2023-04-16T18:13:35.070-0400][gc,heap     ] GC(132) Old regions: 19->19
[2023-04-16T18:13:35.070-0400][gc,heap     ] GC(132) Archive regions: 2->2
[2023-04-16T18:13:35.070-0400][gc,heap     ] GC(132) Humongous regions: 129->129
[2023-04-16T18:13:35.070-0400][gc,metaspace] GC(132) Metaspace: 44190K(44928K)->44190K(44928K) NonClass: 39074K(39488K)->39074K(39488K) Class: 5116K(5440K)->5116K(5440K)
[2023-04-16T18:13:35.070-0400][gc          ] GC(132) Pause Young (Normal) (G1 Evacuation Pause) 761M->151M(1024M) 8.069ms
[2023-04-16T18:13:35.070-0400][gc,cpu      ] GC(132) User=0.03s Sys=0.01s Real=0.01s
[2023-04-16T18:20:19.180-0400][gc,start    ] GC(133) Pause Young (Normal) (G1 Evacuation Pause)
[2023-04-16T18:20:19.181-0400][gc,task     ] GC(133) Using 8 workers of 8 for evacuation
[2023-04-16T18:20:19.187-0400][gc,phases   ] GC(133)   Pre Evacuate Collection Set: 0.3ms
[2023-04-16T18:20:19.187-0400][gc,phases   ] GC(133)   Merge Heap Roots: 0.2ms
[2023-04-16T18:20:19.187-0400][gc,phases   ] GC(133)   Evacuate Collection Set: 4.7ms
[2023-04-16T18:20:19.187-0400][gc,phases   ] GC(133)   Post Evacuate Collection Set: 0.7ms
[2023-04-16T18:20:19.187-0400][gc,phases   ] GC(133)   Other: 0.2ms
[2023-04-16T18:20:19.187-0400][gc,heap     ] GC(133) Eden regions: 610->0(610)
[2023-04-16T18:20:19.187-0400][gc,heap     ] GC(133) Survivor regions: 4->4(77)
[2023-04-16T18:20:19.187-0400][gc,heap     ] GC(133) Old regions: 19->19
[2023-04-16T18:20:19.187-0400][gc,heap     ] GC(133) Archive regions: 2->2
[2023-04-16T18:20:19.187-0400][gc,heap     ] GC(133) Humongous regions: 129->129
[2023-04-16T18:20:19.187-0400][gc,metaspace] GC(133) Metaspace: 44190K(44928K)->44190K(44928K) NonClass: 39074K(39488K)->39074K(39488K) Class: 5116K(5440K)->5116K(5440K)
[2023-04-16T18:20:19.187-0400][gc          ] GC(133) Pause Young (Normal) (G1 Evacuation Pause) 761M->151M(1024M) 7.583ms
[2023-04-16T18:20:19.187-0400][gc,cpu      ] GC(133) User=0.03s Sys=0.00s Real=0.00s
[2023-04-16T18:27:05.971-0400][gc,start    ] GC(134) Pause Young (Normal) (G1 Evacuation Pause)
[2023-04-16T18:27:05.972-0400][gc,task     ] GC(134) Using 8 workers of 8 for evacuation
[2023-04-16T18:27:05.979-0400][gc,phases   ] GC(134)   Pre Evacuate Collection Set: 2.3ms
[2023-04-16T18:27:05.980-0400][gc,phases   ] GC(134)   Merge Heap Roots: 0.4ms
[2023-04-16T18:27:05.980-0400][gc,phases   ] GC(134)   Evacuate Collection Set: 4.0ms
[2023-04-16T18:27:05.980-0400][gc,phases   ] GC(134)   Post Evacuate Collection Set: 0.8ms
[2023-04-16T18:27:05.980-0400][gc,phases   ] GC(134)   Other: 0.3ms
[2023-04-16T18:27:05.980-0400][gc,heap     ] GC(134) Eden regions: 610->0(610)
[2023-04-16T18:27:05.980-0400][gc,heap     ] GC(134) Survivor regions: 4->4(77)
[2023-04-16T18:27:05.980-0400][gc,heap     ] GC(134) Old regions: 19->19
[2023-04-16T18:27:05.980-0400][gc,heap     ] GC(134) Archive regions: 2->2
[2023-04-16T18:27:05.980-0400][gc,heap     ] GC(134) Humongous regions: 129->129
[2023-04-16T18:27:05.980-0400][gc,metaspace] GC(134) Metaspace: 44190K(44928K)->44190K(44928K) NonClass: 39074K(39488K)->39074K(39488K) Class: 5116K(5440K)->5116K(5440K)
[2023-04-16T18:27:05.980-0400][gc          ] GC(134) Pause Young (Normal) (G1 Evacuation Pause) 761M->151M(1024M) 8.860ms
[2023-04-16T18:27:05.980-0400][gc,cpu      ] GC(134) User=0.03s Sys=0.01s Real=0.01s
[2023-04-16T18:33:49.671-0400][gc,start    ] GC(135) Pause Young (Normal) (G1 Evacuation Pause)
[2023-04-16T18:33:49.672-0400][gc,task     ] GC(135) Using 8 workers of 8 for evacuation
[2023-04-16T18:33:49.682-0400][gc,phases   ] GC(135)   Pre Evacuate Collection Set: 0.4ms
[2023-04-16T18:33:49.682-0400][gc,phases   ] GC(135)   Merge Heap Roots: 0.3ms
[2023-04-16T18:33:49.682-0400][gc,phases   ] GC(135)   Evacuate Collection Set: 8.0ms
[2023-04-16T18:33:49.682-0400][gc,phases   ] GC(135)   Post Evacuate Collection Set: 0.7ms
[2023-04-16T18:33:49.682-0400][gc,phases   ] GC(135)   Other: 0.3ms
[2023-04-16T18:33:49.682-0400][gc,heap     ] GC(135) Eden regions: 610->0(609)
[2023-04-16T18:33:49.682-0400][gc,heap     ] GC(135) Survivor regions: 4->5(77)
[2023-04-16T18:33:49.682-0400][gc,heap     ] GC(135) Old regions: 19->19
[2023-04-16T18:33:49.682-0400][gc,heap     ] GC(135) Archive regions: 2->2
[2023-04-16T18:33:49.682-0400][gc,heap     ] GC(135) Humongous regions: 129->129
[2023-04-16T18:33:49.682-0400][gc,metaspace] GC(135) Metaspace: 44190K(44928K)->44190K(44928K) NonClass: 39074K(39488K)->39074K(39488K) Class: 5116K(5440K)->5116K(5440K)
[2023-04-16T18:33:49.682-0400][gc          ] GC(135) Pause Young (Normal) (G1 Evacuation Pause) 761M->152M(1024M) 11.223ms
[2023-04-16T18:33:49.682-0400][gc,cpu      ] GC(135) User=0.04s Sys=0.01s Real=0.01s
[2023-04-16T18:40:31.509-0400][gc,start    ] GC(136) Pause Young (Normal) (G1 Evacuation Pause)
[2023-04-16T18:40:31.510-0400][gc,task     ] GC(136) Using 8 workers of 8 for evacuation
[2023-04-16T18:40:31.516-0400][gc,phases   ] GC(136)   Pre Evacuate Collection Set: 0.8ms
[2023-04-16T18:40:31.516-0400][gc,phases   ] GC(136)   Merge Heap Roots: 0.1ms
[2023-04-16T18:40:31.516-0400][gc,phases   ] GC(136)   Evacuate Collection Set: 4.0ms
[2023-04-16T18:40:31.516-0400][gc,phases   ] GC(136)   Post Evacuate Collection Set: 0.5ms
[2023-04-16T18:40:31.516-0400][gc,phases   ] GC(136)   Other: 0.7ms
[2023-04-16T18:40:31.516-0400][gc,heap     ] GC(136) Eden regions: 609->0(610)
[2023-04-16T18:40:31.516-0400][gc,heap     ] GC(136) Survivor regions: 5->4(77)
[2023-04-16T18:40:31.516-0400][gc,heap     ] GC(136) Old regions: 19->19
[2023-04-16T18:40:31.516-0400][gc,heap     ] GC(136) Archive regions: 2->2
[2023-04-16T18:40:31.516-0400][gc,heap     ] GC(136) Humongous regions: 129->129
[2023-04-16T18:40:31.516-0400][gc,metaspace] GC(136) Metaspace: 44190K(44928K)->44190K(44928K) NonClass: 39074K(39488K)->39074K(39488K) Class: 5116K(5440K)->5116K(5440K)
[2023-04-16T18:40:31.516-0400][gc          ] GC(136) Pause Young (Normal) (G1 Evacuation Pause) 761M->151M(1024M) 7.424ms
[2023-04-16T18:40:31.517-0400][gc,cpu      ] GC(136) User=0.02s Sys=0.00s Real=0.01s
[2023-04-16T18:47:13.853-0400][gc,start    ] GC(137) Pause Young (Normal) (G1 Evacuation Pause)
[2023-04-16T18:47:13.854-0400][gc,task     ] GC(137) Using 8 workers of 8 for evacuation
[2023-04-16T18:47:13.861-0400][gc,phases   ] GC(137)   Pre Evacuate Collection Set: 0.2ms
[2023-04-16T18:47:13.861-0400][gc,phases   ] GC(137)   Merge Heap Roots: 0.2ms
[2023-04-16T18:47:13.861-0400][gc,phases   ] GC(137)   Evacuate Collection Set: 5.7ms
[2023-04-16T18:47:13.861-0400][gc,phases   ] GC(137)   Post Evacuate Collection Set: 0.6ms
[2023-04-16T18:47:13.861-0400][gc,phases   ] GC(137)   Other: 0.2ms
[2023-04-16T18:47:13.861-0400][gc,heap     ] GC(137) Eden regions: 610->0(610)
[2023-04-16T18:47:13.861-0400][gc,heap     ] GC(137) Survivor regions: 4->4(77)
[2023-04-16T18:47:13.861-0400][gc,heap     ] GC(137) Old regions: 19->19
[2023-04-16T18:47:13.861-0400][gc,heap     ] GC(137) Archive regions: 2->2
[2023-04-16T18:47:13.861-0400][gc,heap     ] GC(137) Humongous regions: 129->129
[2023-04-16T18:47:13.861-0400][gc,metaspace] GC(137) Metaspace: 44190K(44928K)->44190K(44928K) NonClass: 39074K(39488K)->39074K(39488K) Class: 5116K(5440K)->5116K(5440K)
[2023-04-16T18:47:13.861-0400][gc          ] GC(137) Pause Young (Normal) (G1 Evacuation Pause) 761M->151M(1024M) 7.514ms
[2023-04-16T18:47:13.861-0400][gc,cpu      ] GC(137) User=0.03s Sys=0.02s Real=0.01s
[2023-04-16T18:53:59.576-0400][gc,start    ] GC(138) Pause Young (Normal) (G1 Evacuation Pause)
[2023-04-16T18:53:59.578-0400][gc,task     ] GC(138) Using 8 workers of 8 for evacuation
[2023-04-16T18:53:59.586-0400][gc,phases   ] GC(138)   Pre Evacuate Collection Set: 0.3ms
[2023-04-16T18:53:59.586-0400][gc,phases   ] GC(138)   Merge Heap Roots: 0.3ms
[2023-04-16T18:53:59.586-0400][gc,phases   ] GC(138)   Evacuate Collection Set: 6.0ms
[2023-04-16T18:53:59.586-0400][gc,phases   ] GC(138)   Post Evacuate Collection Set: 0.8ms
[2023-04-16T18:53:59.586-0400][gc,phases   ] GC(138)   Other: 0.3ms
[2023-04-16T18:53:59.586-0400][gc,heap     ] GC(138) Eden regions: 610->0(610)
[2023-04-16T18:53:59.586-0400][gc,heap     ] GC(138) Survivor regions: 4->4(77)
[2023-04-16T18:53:59.586-0400][gc,heap     ] GC(138) Old regions: 19->19
[2023-04-16T18:53:59.586-0400][gc,heap     ] GC(138) Archive regions: 2->2
[2023-04-16T18:53:59.586-0400][gc,heap     ] GC(138) Humongous regions: 129->129
[2023-04-16T18:53:59.586-0400][gc,metaspace] GC(138) Metaspace: 44190K(44928K)->44190K(44928K) NonClass: 39074K(39488K)->39074K(39488K) Class: 5116K(5440K)->5116K(5440K)
[2023-04-16T18:53:59.586-0400][gc          ] GC(138) Pause Young (Normal) (G1 Evacuation Pause) 761M->151M(1024M) 9.585ms
[2023-04-16T18:53:59.586-0400][gc,cpu      ] GC(138) User=0.03s Sys=0.01s Real=0.01s
[2023-04-16T19:01:06.268-0400][gc,start    ] GC(139) Pause Young (Normal) (G1 Evacuation Pause)
[2023-04-16T19:01:06.270-0400][gc,task     ] GC(139) Using 8 workers of 8 for evacuation
[2023-04-16T19:01:06.276-0400][gc,phases   ] GC(139)   Pre Evacuate Collection Set: 0.5ms
[2023-04-16T19:01:06.277-0400][gc,phases   ] GC(139)   Merge Heap Roots: 0.3ms
[2023-04-16T19:01:06.277-0400][gc,phases   ] GC(139)   Evacuate Collection Set: 4.3ms
[2023-04-16T19:01:06.277-0400][gc,phases   ] GC(139)   Post Evacuate Collection Set: 0.9ms
[2023-04-16T19:01:06.277-0400][gc,phases   ] GC(139)   Other: 0.3ms
[2023-04-16T19:01:06.277-0400][gc,heap     ] GC(139) Eden regions: 610->0(610)
[2023-04-16T19:01:06.277-0400][gc,heap     ] GC(139) Survivor regions: 4->4(77)
[2023-04-16T19:01:06.277-0400][gc,heap     ] GC(139) Old regions: 19->19
[2023-04-16T19:01:06.277-0400][gc,heap     ] GC(139) Archive regions: 2->2
[2023-04-16T19:01:06.277-0400][gc,heap     ] GC(139) Humongous regions: 129->129
[2023-04-16T19:01:06.277-0400][gc,metaspace] GC(139) Metaspace: 44190K(44928K)->44190K(44928K) NonClass: 39074K(39488K)->39074K(39488K) Class: 5116K(5440K)->5116K(5440K)
[2023-04-16T19:01:06.277-0400][gc          ] GC(139) Pause Young (Normal) (G1 Evacuation Pause) 761M->151M(1024M) 8.424ms
[2023-04-16T19:01:06.277-0400][gc,cpu      ] GC(139) User=0.03s Sys=0.00s Real=0.01s
[2023-04-16T19:07:57.704-0400][gc,start    ] GC(140) Pause Young (Normal) (G1 Evacuation Pause)
[2023-04-16T19:07:57.706-0400][gc,task     ] GC(140) Using 8 workers of 8 for evacuation
[2023-04-16T19:07:57.710-0400][gc,phases   ] GC(140)   Pre Evacuate Collection Set: 0.2ms
[2023-04-16T19:07:57.710-0400][gc,phases   ] GC(140)   Merge Heap Roots: 0.1ms
[2023-04-16T19:07:57.710-0400][gc,phases   ] GC(140)   Evacuate Collection Set: 2.4ms
[2023-04-16T19:07:57.710-0400][gc,phases   ] GC(140)   Post Evacuate Collection Set: 0.4ms
[2023-04-16T19:07:57.710-0400][gc,phases   ] GC(140)   Other: 0.9ms
[2023-04-16T19:07:57.710-0400][gc,heap     ] GC(140) Eden regions: 610->0(611)
[2023-04-16T19:07:57.710-0400][gc,heap     ] GC(140) Survivor regions: 4->3(77)
[2023-04-16T19:07:57.710-0400][gc,heap     ] GC(140) Old regions: 19->19
[2023-04-16T19:07:57.710-0400][gc,heap     ] GC(140) Archive regions: 2->2
[2023-04-16T19:07:57.710-0400][gc,heap     ] GC(140) Humongous regions: 129->129
[2023-04-16T19:07:57.710-0400][gc,metaspace] GC(140) Metaspace: 44190K(44928K)->44190K(44928K) NonClass: 39074K(39488K)->39074K(39488K) Class: 5116K(5440K)->5116K(5440K)
[2023-04-16T19:07:57.711-0400][gc          ] GC(140) Pause Young (Normal) (G1 Evacuation Pause) 761M->150M(1024M) 7.174ms
[2023-04-16T19:07:57.711-0400][gc,cpu      ] GC(140) User=0.02s Sys=0.01s Real=0.01s
[2023-04-16T19:15:11.492-0400][gc,start    ] GC(141) Pause Young (Normal) (G1 Evacuation Pause)
[2023-04-16T19:15:11.493-0400][gc,task     ] GC(141) Using 8 workers of 8 for evacuation
[2023-04-16T19:15:11.504-0400][gc,phases   ] GC(141)   Pre Evacuate Collection Set: 1.0ms
[2023-04-16T19:15:11.504-0400][gc,phases   ] GC(141)   Merge Heap Roots: 0.2ms
[2023-04-16T19:15:11.504-0400][gc,phases   ] GC(141)   Evacuate Collection Set: 8.6ms
[2023-04-16T19:15:11.504-0400][gc,phases   ] GC(141)   Post Evacuate Collection Set: 0.7ms
[2023-04-16T19:15:11.504-0400][gc,phases   ] GC(141)   Other: 0.2ms
[2023-04-16T19:15:11.504-0400][gc,heap     ] GC(141) Eden regions: 611->0(610)
[2023-04-16T19:15:11.504-0400][gc,heap     ] GC(141) Survivor regions: 3->4(77)
[2023-04-16T19:15:11.504-0400][gc,heap     ] GC(141) Old regions: 19->19
[2023-04-16T19:15:11.504-0400][gc,heap     ] GC(141) Archive regions: 2->2
[2023-04-16T19:15:11.504-0400][gc,heap     ] GC(141) Humongous regions: 129->129
[2023-04-16T19:15:11.504-0400][gc,metaspace] GC(141) Metaspace: 44192K(44928K)->44192K(44928K) NonClass: 39076K(39488K)->39076K(39488K) Class: 5116K(5440K)->5116K(5440K)
[2023-04-16T19:15:11.504-0400][gc          ] GC(141) Pause Young (Normal) (G1 Evacuation Pause) 761M->151M(1024M) 12.126ms
[2023-04-16T19:15:11.504-0400][gc,cpu      ] GC(141) User=0.03s Sys=0.02s Real=0.01s
[2023-04-16T19:22:26.850-0400][gc,start    ] GC(142) Pause Young (Normal) (G1 Evacuation Pause)
[2023-04-16T19:22:26.850-0400][gc,task     ] GC(142) Using 8 workers of 8 for evacuation
[2023-04-16T19:22:26.863-0400][gc,phases   ] GC(142)   Pre Evacuate Collection Set: 3.9ms
[2023-04-16T19:22:26.863-0400][gc,phases   ] GC(142)   Merge Heap Roots: 0.3ms
[2023-04-16T19:22:26.863-0400][gc,phases   ] GC(142)   Evacuate Collection Set: 4.2ms
[2023-04-16T19:22:26.863-0400][gc,phases   ] GC(142)   Post Evacuate Collection Set: 3.5ms
[2023-04-16T19:22:26.863-0400][gc,phases   ] GC(142)   Other: 0.2ms
[2023-04-16T19:22:26.863-0400][gc,heap     ] GC(142) Eden regions: 610->0(610)
[2023-04-16T19:22:26.863-0400][gc,heap     ] GC(142) Survivor regions: 4->4(77)
[2023-04-16T19:22:26.863-0400][gc,heap     ] GC(142) Old regions: 19->19
[2023-04-16T19:22:26.863-0400][gc,heap     ] GC(142) Archive regions: 2->2
[2023-04-16T19:22:26.863-0400][gc,heap     ] GC(142) Humongous regions: 129->129
[2023-04-16T19:22:26.863-0400][gc,metaspace] GC(142) Metaspace: 44192K(44928K)->44192K(44928K) NonClass: 39076K(39488K)->39076K(39488K) Class: 5116K(5440K)->5116K(5440K)
[2023-04-16T19:22:26.863-0400][gc          ] GC(142) Pause Young (Normal) (G1 Evacuation Pause) 761M->151M(1024M) 13.096ms
[2023-04-16T19:22:26.863-0400][gc,cpu      ] GC(142) User=0.02s Sys=0.01s Real=0.01s
[2023-04-16T19:29:11.531-0400][gc,start    ] GC(143) Pause Young (Normal) (G1 Evacuation Pause)
[2023-04-16T19:29:11.533-0400][gc,task     ] GC(143) Using 8 workers of 8 for evacuation
[2023-04-16T19:29:11.562-0400][gc,mmu      ] GC(143) MMU target violated: 21.0ms (20.0ms/21.0ms)
[2023-04-16T19:29:11.562-0400][gc,phases   ] GC(143)   Pre Evacuate Collection Set: 0.8ms
[2023-04-16T19:29:11.562-0400][gc,phases   ] GC(143)   Merge Heap Roots: 0.1ms
[2023-04-16T19:29:11.562-0400][gc,phases   ] GC(143)   Evacuate Collection Set: 27.1ms
[2023-04-16T19:29:11.562-0400][gc,phases   ] GC(143)   Post Evacuate Collection Set: 0.6ms
[2023-04-16T19:29:11.562-0400][gc,phases   ] GC(143)   Other: 0.4ms
[2023-04-16T19:29:11.562-0400][gc,heap     ] GC(143) Eden regions: 610->0(505)
[2023-04-16T19:29:11.562-0400][gc,heap     ] GC(143) Survivor regions: 4->4(77)
[2023-04-16T19:29:11.562-0400][gc,heap     ] GC(143) Old regions: 19->19
[2023-04-16T19:29:11.562-0400][gc,heap     ] GC(143) Archive regions: 2->2
[2023-04-16T19:29:11.562-0400][gc,heap     ] GC(143) Humongous regions: 129->129
[2023-04-16T19:29:11.562-0400][gc,metaspace] GC(143) Metaspace: 44192K(44928K)->44192K(44928K) NonClass: 39076K(39488K)->39076K(39488K) Class: 5116K(5440K)->5116K(5440K)
[2023-04-16T19:29:11.562-0400][gc          ] GC(143) Pause Young (Normal) (G1 Evacuation Pause) 761M->151M(1024M) 30.862ms
[2023-04-16T19:29:11.562-0400][gc,cpu      ] GC(143) User=0.03s Sys=0.06s Real=0.03s
[2023-04-16T19:34:47.683-0400][gc,start    ] GC(144) Pause Young (Normal) (G1 Evacuation Pause)
[2023-04-16T19:34:47.684-0400][gc,task     ] GC(144) Using 8 workers of 8 for evacuation
[2023-04-16T19:34:47.689-0400][gc,phases   ] GC(144)   Pre Evacuate Collection Set: 0.2ms
[2023-04-16T19:34:47.689-0400][gc,phases   ] GC(144)   Merge Heap Roots: 0.1ms
[2023-04-16T19:34:47.689-0400][gc,phases   ] GC(144)   Evacuate Collection Set: 2.8ms
[2023-04-16T19:34:47.689-0400][gc,phases   ] GC(144)   Post Evacuate Collection Set: 1.1ms
[2023-04-16T19:34:47.689-0400][gc,phases   ] GC(144)   Other: 0.2ms
[2023-04-16T19:34:47.689-0400][gc,heap     ] GC(144) Eden regions: 505->0(610)
[2023-04-16T19:34:47.689-0400][gc,heap     ] GC(144) Survivor regions: 4->4(64)
[2023-04-16T19:34:47.689-0400][gc,heap     ] GC(144) Old regions: 19->19
[2023-04-16T19:34:47.689-0400][gc,heap     ] GC(144) Archive regions: 2->2
[2023-04-16T19:34:47.689-0400][gc,heap     ] GC(144) Humongous regions: 129->129
[2023-04-16T19:34:47.689-0400][gc,metaspace] GC(144) Metaspace: 44192K(44928K)->44192K(44928K) NonClass: 39076K(39488K)->39076K(39488K) Class: 5116K(5440K)->5116K(5440K)
[2023-04-16T19:34:47.689-0400][gc          ] GC(144) Pause Young (Normal) (G1 Evacuation Pause) 656M->151M(1024M) 6.167ms
[2023-04-16T19:34:47.689-0400][gc,cpu      ] GC(144) User=0.01s Sys=0.00s Real=0.00s
[2023-04-16T19:41:30.321-0400][gc,start    ] GC(145) Pause Young (Normal) (G1 Evacuation Pause)
[2023-04-16T19:41:30.324-0400][gc,task     ] GC(145) Using 8 workers of 8 for evacuation
[2023-04-16T19:41:30.330-0400][gc,phases   ] GC(145)   Pre Evacuate Collection Set: 0.5ms
[2023-04-16T19:41:30.330-0400][gc,phases   ] GC(145)   Merge Heap Roots: 0.3ms
[2023-04-16T19:41:30.330-0400][gc,phases   ] GC(145)   Evacuate Collection Set: 4.4ms
[2023-04-16T19:41:30.330-0400][gc,phases   ] GC(145)   Post Evacuate Collection Set: 0.8ms
[2023-04-16T19:41:30.330-0400][gc,phases   ] GC(145)   Other: 0.3ms
[2023-04-16T19:41:30.330-0400][gc,heap     ] GC(145) Eden regions: 610->0(611)
[2023-04-16T19:41:30.330-0400][gc,heap     ] GC(145) Survivor regions: 4->3(77)
[2023-04-16T19:41:30.330-0400][gc,heap     ] GC(145) Old regions: 19->19
[2023-04-16T19:41:30.330-0400][gc,heap     ] GC(145) Archive regions: 2->2
[2023-04-16T19:41:30.330-0400][gc,heap     ] GC(145) Humongous regions: 129->129
[2023-04-16T19:41:30.330-0400][gc,metaspace] GC(145) Metaspace: 44192K(44928K)->44192K(44928K) NonClass: 39076K(39488K)->39076K(39488K) Class: 5116K(5440K)->5116K(5440K)
[2023-04-16T19:41:30.330-0400][gc          ] GC(145) Pause Young (Normal) (G1 Evacuation Pause) 761M->150M(1024M) 9.524ms
[2023-04-16T19:41:30.330-0400][gc,cpu      ] GC(145) User=0.02s Sys=0.01s Real=0.01s
[2023-04-16T19:48:13.325-0400][gc,start    ] GC(146) Pause Young (Normal) (G1 Evacuation Pause)
[2023-04-16T19:48:13.326-0400][gc,task     ] GC(146) Using 8 workers of 8 for evacuation
[2023-04-16T19:48:13.333-0400][gc,phases   ] GC(146)   Pre Evacuate Collection Set: 0.2ms
[2023-04-16T19:48:13.333-0400][gc,phases   ] GC(146)   Merge Heap Roots: 0.1ms
[2023-04-16T19:48:13.333-0400][gc,phases   ] GC(146)   Evacuate Collection Set: 6.1ms
[2023-04-16T19:48:13.333-0400][gc,phases   ] GC(146)   Post Evacuate Collection Set: 0.4ms
[2023-04-16T19:48:13.333-0400][gc,phases   ] GC(146)   Other: 0.1ms
[2023-04-16T19:48:13.333-0400][gc,heap     ] GC(146) Eden regions: 611->0(609)
[2023-04-16T19:48:13.333-0400][gc,heap     ] GC(146) Survivor regions: 3->5(77)
[2023-04-16T19:48:13.333-0400][gc,heap     ] GC(146) Old regions: 19->19
[2023-04-16T19:48:13.333-0400][gc,heap     ] GC(146) Archive regions: 2->2
[2023-04-16T19:48:13.333-0400][gc,heap     ] GC(146) Humongous regions: 129->129
[2023-04-16T19:48:13.333-0400][gc,metaspace] GC(146) Metaspace: 44192K(44928K)->44192K(44928K) NonClass: 39076K(39488K)->39076K(39488K) Class: 5116K(5440K)->5116K(5440K)
[2023-04-16T19:48:13.333-0400][gc          ] GC(146) Pause Young (Normal) (G1 Evacuation Pause) 761M->152M(1024M) 7.835ms
[2023-04-16T19:48:13.333-0400][gc,cpu      ] GC(146) User=0.02s Sys=0.01s Real=0.01s
[2023-04-16T19:54:58.061-0400][gc,start    ] GC(147) Pause Young (Normal) (G1 Evacuation Pause)
[2023-04-16T19:54:58.064-0400][gc,task     ] GC(147) Using 8 workers of 8 for evacuation
[2023-04-16T19:54:58.074-0400][gc,phases   ] GC(147)   Pre Evacuate Collection Set: 1.3ms
[2023-04-16T19:54:58.075-0400][gc,phases   ] GC(147)   Merge Heap Roots: 0.2ms
[2023-04-16T19:54:58.075-0400][gc,phases   ] GC(147)   Evacuate Collection Set: 7.7ms
[2023-04-16T19:54:58.075-0400][gc,phases   ] GC(147)   Post Evacuate Collection Set: 0.7ms
[2023-04-16T19:54:58.075-0400][gc,phases   ] GC(147)   Other: 0.4ms
[2023-04-16T19:54:58.075-0400][gc,heap     ] GC(147) Eden regions: 609->0(610)
[2023-04-16T19:54:58.075-0400][gc,heap     ] GC(147) Survivor regions: 5->4(77)
[2023-04-16T19:54:58.075-0400][gc,heap     ] GC(147) Old regions: 19->19
[2023-04-16T19:54:58.075-0400][gc,heap     ] GC(147) Archive regions: 2->2
[2023-04-16T19:54:58.075-0400][gc,heap     ] GC(147) Humongous regions: 129->129
[2023-04-16T19:54:58.075-0400][gc,metaspace] GC(147) Metaspace: 44192K(44928K)->44192K(44928K) NonClass: 39076K(39488K)->39076K(39488K) Class: 5116K(5440K)->5116K(5440K)
[2023-04-16T19:54:58.075-0400][gc          ] GC(147) Pause Young (Normal) (G1 Evacuation Pause) 761M->151M(1024M) 14.110ms
[2023-04-16T19:54:58.075-0400][gc,cpu      ] GC(147) User=0.03s Sys=0.02s Real=0.01s
[2023-04-16T20:01:48.137-0400][gc,start    ] GC(148) Pause Young (Normal) (G1 Evacuation Pause)
[2023-04-16T20:01:48.137-0400][gc,task     ] GC(148) Using 8 workers of 8 for evacuation
[2023-04-16T20:01:48.144-0400][gc,phases   ] GC(148)   Pre Evacuate Collection Set: 1.4ms
[2023-04-16T20:01:48.144-0400][gc,phases   ] GC(148)   Merge Heap Roots: 0.1ms
[2023-04-16T20:01:48.144-0400][gc,phases   ] GC(148)   Evacuate Collection Set: 4.7ms
[2023-04-16T20:01:48.144-0400][gc,phases   ] GC(148)   Post Evacuate Collection Set: 0.6ms
[2023-04-16T20:01:48.144-0400][gc,phases   ] GC(148)   Other: 0.1ms
[2023-04-16T20:01:48.144-0400][gc,heap     ] GC(148) Eden regions: 610->0(610)
[2023-04-16T20:01:48.144-0400][gc,heap     ] GC(148) Survivor regions: 4->4(77)
[2023-04-16T20:01:48.144-0400][gc,heap     ] GC(148) Old regions: 19->19
[2023-04-16T20:01:48.144-0400][gc,heap     ] GC(148) Archive regions: 2->2
[2023-04-16T20:01:48.144-0400][gc,heap     ] GC(148) Humongous regions: 129->129
[2023-04-16T20:01:48.144-0400][gc,metaspace] GC(148) Metaspace: 44192K(44928K)->44192K(44928K) NonClass: 39076K(39488K)->39076K(39488K) Class: 5116K(5440K)->5116K(5440K)
[2023-04-16T20:01:48.144-0400][gc          ] GC(148) Pause Young (Normal) (G1 Evacuation Pause) 761M->151M(1024M) 7.850ms
[2023-04-16T20:01:48.145-0400][gc,cpu      ] GC(148) User=0.02s Sys=0.01s Real=0.01s
[2023-04-16T20:08:29.859-0400][gc,start    ] GC(149) Pause Young (Normal) (G1 Evacuation Pause)
[2023-04-16T20:08:29.866-0400][gc,task     ] GC(149) Using 8 workers of 8 for evacuation
[2023-04-16T20:08:29.873-0400][gc,phases   ] GC(149)   Pre Evacuate Collection Set: 1.0ms
[2023-04-16T20:08:29.873-0400][gc,phases   ] GC(149)   Merge Heap Roots: 0.2ms
[2023-04-16T20:08:29.873-0400][gc,phases   ] GC(149)   Evacuate Collection Set: 3.9ms
[2023-04-16T20:08:29.873-0400][gc,phases   ] GC(149)   Post Evacuate Collection Set: 1.6ms
[2023-04-16T20:08:29.873-0400][gc,phases   ] GC(149)   Other: 0.9ms
[2023-04-16T20:08:29.873-0400][gc,heap     ] GC(149) Eden regions: 610->0(610)
[2023-04-16T20:08:29.873-0400][gc,heap     ] GC(149) Survivor regions: 4->4(77)
[2023-04-16T20:08:29.874-0400][gc,heap     ] GC(149) Old regions: 19->19
[2023-04-16T20:08:29.874-0400][gc,heap     ] GC(149) Archive regions: 2->2
[2023-04-16T20:08:29.874-0400][gc,heap     ] GC(149) Humongous regions: 129->129
[2023-04-16T20:08:29.874-0400][gc,metaspace] GC(149) Metaspace: 44192K(44928K)->44192K(44928K) NonClass: 39076K(39488K)->39076K(39488K) Class: 5116K(5440K)->5116K(5440K)
[2023-04-16T20:08:29.874-0400][gc          ] GC(149) Pause Young (Normal) (G1 Evacuation Pause) 761M->151M(1024M) 14.166ms
[2023-04-16T20:08:29.874-0400][gc,cpu      ] GC(149) User=0.03s Sys=0.01s Real=0.02s
[2023-04-16T20:15:14.059-0400][gc,start    ] GC(150) Pause Young (Normal) (G1 Evacuation Pause)
[2023-04-16T20:15:14.060-0400][gc,task     ] GC(150) Using 8 workers of 8 for evacuation
[2023-04-16T20:15:14.065-0400][gc,phases   ] GC(150)   Pre Evacuate Collection Set: 0.4ms
[2023-04-16T20:15:14.065-0400][gc,phases   ] GC(150)   Merge Heap Roots: 0.3ms
[2023-04-16T20:15:14.065-0400][gc,phases   ] GC(150)   Evacuate Collection Set: 3.2ms
[2023-04-16T20:15:14.065-0400][gc,phases   ] GC(150)   Post Evacuate Collection Set: 0.8ms
[2023-04-16T20:15:14.065-0400][gc,phases   ] GC(150)   Other: 0.3ms
[2023-04-16T20:15:14.065-0400][gc,heap     ] GC(150) Eden regions: 610->0(610)
[2023-04-16T20:15:14.065-0400][gc,heap     ] GC(150) Survivor regions: 4->4(77)
[2023-04-16T20:15:14.065-0400][gc,heap     ] GC(150) Old regions: 19->19
[2023-04-16T20:15:14.065-0400][gc,heap     ] GC(150) Archive regions: 2->2
[2023-04-16T20:15:14.065-0400][gc,heap     ] GC(150) Humongous regions: 129->129
[2023-04-16T20:15:14.065-0400][gc,metaspace] GC(150) Metaspace: 44192K(44928K)->44192K(44928K) NonClass: 39076K(39488K)->39076K(39488K) Class: 5116K(5440K)->5116K(5440K)
[2023-04-16T20:15:14.066-0400][gc          ] GC(150) Pause Young (Normal) (G1 Evacuation Pause) 761M->151M(1024M) 7.352ms
[2023-04-16T20:15:14.066-0400][gc,cpu      ] GC(150) User=0.02s Sys=0.00s Real=0.01s
[2023-04-16T20:21:56.840-0400][gc,start    ] GC(151) Pause Young (Normal) (G1 Evacuation Pause)
[2023-04-16T20:21:56.841-0400][gc,task     ] GC(151) Using 8 workers of 8 for evacuation
[2023-04-16T20:21:56.849-0400][gc,phases   ] GC(151)   Pre Evacuate Collection Set: 0.3ms
[2023-04-16T20:21:56.849-0400][gc,phases   ] GC(151)   Merge Heap Roots: 0.1ms
[2023-04-16T20:21:56.849-0400][gc,phases   ] GC(151)   Evacuate Collection Set: 6.1ms
[2023-04-16T20:21:56.849-0400][gc,phases   ] GC(151)   Post Evacuate Collection Set: 1.1ms
[2023-04-16T20:21:56.849-0400][gc,phases   ] GC(151)   Other: 0.1ms
[2023-04-16T20:21:56.849-0400][gc,heap     ] GC(151) Eden regions: 610->0(609)
[2023-04-16T20:21:56.849-0400][gc,heap     ] GC(151) Survivor regions: 4->5(77)
[2023-04-16T20:21:56.849-0400][gc,heap     ] GC(151) Old regions: 19->19
[2023-04-16T20:21:56.849-0400][gc,heap     ] GC(151) Archive regions: 2->2
[2023-04-16T20:21:56.849-0400][gc,heap     ] GC(151) Humongous regions: 129->129
[2023-04-16T20:21:56.849-0400][gc,metaspace] GC(151) Metaspace: 44192K(44928K)->44192K(44928K) NonClass: 39076K(39488K)->39076K(39488K) Class: 5116K(5440K)->5116K(5440K)
[2023-04-16T20:21:56.849-0400][gc          ] GC(151) Pause Young (Normal) (G1 Evacuation Pause) 761M->152M(1024M) 8.595ms
[2023-04-16T20:21:56.849-0400][gc,cpu      ] GC(151) User=0.02s Sys=0.01s Real=0.00s
[2023-04-16T20:28:19.355-0400][gc,start    ] GC(152) Pause Young (Normal) (G1 Evacuation Pause)
[2023-04-16T20:28:19.356-0400][gc,task     ] GC(152) Using 8 workers of 8 for evacuation
[2023-04-16T20:28:19.363-0400][gc,phases   ] GC(152)   Pre Evacuate Collection Set: 0.7ms
[2023-04-16T20:28:19.363-0400][gc,phases   ] GC(152)   Merge Heap Roots: 0.1ms
[2023-04-16T20:28:19.363-0400][gc,phases   ] GC(152)   Evacuate Collection Set: 5.4ms
[2023-04-16T20:28:19.363-0400][gc,phases   ] GC(152)   Post Evacuate Collection Set: 0.8ms
[2023-04-16T20:28:19.363-0400][gc,phases   ] GC(152)   Other: 0.1ms
[2023-04-16T20:28:19.363-0400][gc,heap     ] GC(152) Eden regions: 609->0(610)
[2023-04-16T20:28:19.363-0400][gc,heap     ] GC(152) Survivor regions: 5->4(77)
[2023-04-16T20:28:19.363-0400][gc,heap     ] GC(152) Old regions: 19->19
[2023-04-16T20:28:19.363-0400][gc,heap     ] GC(152) Archive regions: 2->2
[2023-04-16T20:28:19.363-0400][gc,heap     ] GC(152) Humongous regions: 129->129
[2023-04-16T20:28:19.363-0400][gc,metaspace] GC(152) Metaspace: 44192K(44928K)->44192K(44928K) NonClass: 39076K(39488K)->39076K(39488K) Class: 5116K(5440K)->5116K(5440K)
[2023-04-16T20:28:19.363-0400][gc          ] GC(152) Pause Young (Normal) (G1 Evacuation Pause) 761M->151M(1024M) 8.544ms
[2023-04-16T20:28:19.363-0400][gc,cpu      ] GC(152) User=0.02s Sys=0.01s Real=0.01s
[2023-04-16T20:34:34.749-0400][gc,start    ] GC(153) Pause Young (Normal) (G1 Evacuation Pause)
[2023-04-16T20:34:34.750-0400][gc,task     ] GC(153) Using 8 workers of 8 for evacuation
[2023-04-16T20:34:34.754-0400][gc,phases   ] GC(153)   Pre Evacuate Collection Set: 0.7ms
[2023-04-16T20:34:34.754-0400][gc,phases   ] GC(153)   Merge Heap Roots: 0.1ms
[2023-04-16T20:34:34.754-0400][gc,phases   ] GC(153)   Evacuate Collection Set: 2.2ms
[2023-04-16T20:34:34.754-0400][gc,phases   ] GC(153)   Post Evacuate Collection Set: 0.4ms
[2023-04-16T20:34:34.754-0400][gc,phases   ] GC(153)   Other: 1.1ms
[2023-04-16T20:34:34.754-0400][gc,heap     ] GC(153) Eden regions: 610->0(610)
[2023-04-16T20:34:34.754-0400][gc,heap     ] GC(153) Survivor regions: 4->4(77)
[2023-04-16T20:34:34.754-0400][gc,heap     ] GC(153) Old regions: 19->19
[2023-04-16T20:34:34.754-0400][gc,heap     ] GC(153) Archive regions: 2->2
[2023-04-16T20:34:34.754-0400][gc,heap     ] GC(153) Humongous regions: 129->129
[2023-04-16T20:34:34.754-0400][gc,metaspace] GC(153) Metaspace: 44192K(44928K)->44192K(44928K) NonClass: 39076K(39488K)->39076K(39488K) Class: 5116K(5440K)->5116K(5440K)
[2023-04-16T20:34:34.754-0400][gc          ] GC(153) Pause Young (Normal) (G1 Evacuation Pause) 761M->151M(1024M) 4.822ms
[2023-04-16T20:34:34.754-0400][gc,cpu      ] GC(153) User=0.01s Sys=0.01s Real=0.01s
[2023-04-16T20:40:54.266-0400][gc,start    ] GC(154) Pause Young (Normal) (G1 Evacuation Pause)
[2023-04-16T20:40:54.266-0400][gc,task     ] GC(154) Using 8 workers of 8 for evacuation
[2023-04-16T20:40:54.272-0400][gc,phases   ] GC(154)   Pre Evacuate Collection Set: 0.6ms
[2023-04-16T20:40:54.272-0400][gc,phases   ] GC(154)   Merge Heap Roots: 0.1ms
[2023-04-16T20:40:54.272-0400][gc,phases   ] GC(154)   Evacuate Collection Set: 2.8ms
[2023-04-16T20:40:54.272-0400][gc,phases   ] GC(154)   Post Evacuate Collection Set: 2.4ms
[2023-04-16T20:40:54.272-0400][gc,phases   ] GC(154)   Other: 0.2ms
[2023-04-16T20:40:54.273-0400][gc,heap     ] GC(154) Eden regions: 610->0(611)
[2023-04-16T20:40:54.273-0400][gc,heap     ] GC(154) Survivor regions: 4->3(77)
[2023-04-16T20:40:54.273-0400][gc,heap     ] GC(154) Old regions: 19->19
[2023-04-16T20:40:54.273-0400][gc,heap     ] GC(154) Archive regions: 2->2
[2023-04-16T20:40:54.273-0400][gc,heap     ] GC(154) Humongous regions: 129->129
[2023-04-16T20:40:54.273-0400][gc,metaspace] GC(154) Metaspace: 44192K(44928K)->44192K(44928K) NonClass: 39076K(39488K)->39076K(39488K) Class: 5116K(5440K)->5116K(5440K)
[2023-04-16T20:40:54.273-0400][gc          ] GC(154) Pause Young (Normal) (G1 Evacuation Pause) 761M->151M(1024M) 7.225ms
[2023-04-16T20:40:54.273-0400][gc,cpu      ] GC(154) User=0.01s Sys=0.01s Real=0.01s
[2023-04-16T20:47:13.856-0400][gc,start    ] GC(155) Pause Young (Normal) (G1 Evacuation Pause)
[2023-04-16T20:47:13.857-0400][gc,task     ] GC(155) Using 8 workers of 8 for evacuation
[2023-04-16T20:47:13.871-0400][gc,phases   ] GC(155)   Pre Evacuate Collection Set: 0.3ms
[2023-04-16T20:47:13.871-0400][gc,phases   ] GC(155)   Merge Heap Roots: 0.6ms
[2023-04-16T20:47:13.871-0400][gc,phases   ] GC(155)   Evacuate Collection Set: 10.9ms
[2023-04-16T20:47:13.871-0400][gc,phases   ] GC(155)   Post Evacuate Collection Set: 1.8ms
[2023-04-16T20:47:13.871-0400][gc,phases   ] GC(155)   Other: 0.3ms
[2023-04-16T20:47:13.871-0400][gc,heap     ] GC(155) Eden regions: 611->0(609)
[2023-04-16T20:47:13.871-0400][gc,heap     ] GC(155) Survivor regions: 3->5(77)
[2023-04-16T20:47:13.871-0400][gc,heap     ] GC(155) Old regions: 19->19
[2023-04-16T20:47:13.871-0400][gc,heap     ] GC(155) Archive regions: 2->2
[2023-04-16T20:47:13.871-0400][gc,heap     ] GC(155) Humongous regions: 129->129
[2023-04-16T20:47:13.871-0400][gc,metaspace] GC(155) Metaspace: 44192K(44928K)->44192K(44928K) NonClass: 39076K(39488K)->39076K(39488K) Class: 5116K(5440K)->5116K(5440K)
[2023-04-16T20:47:13.871-0400][gc          ] GC(155) Pause Young (Normal) (G1 Evacuation Pause) 762M->152M(1024M) 14.606ms
[2023-04-16T20:47:13.871-0400][gc,cpu      ] GC(155) User=0.02s Sys=0.02s Real=0.02s
[2023-04-16T20:53:37.891-0400][gc,start    ] GC(156) Pause Young (Normal) (G1 Evacuation Pause)
[2023-04-16T20:53:37.892-0400][gc,task     ] GC(156) Using 8 workers of 8 for evacuation
[2023-04-16T20:53:37.915-0400][gc,mmu      ] GC(156) MMU target violated: 21.0ms (20.0ms/21.0ms)
[2023-04-16T20:53:37.915-0400][gc,phases   ] GC(156)   Pre Evacuate Collection Set: 5.1ms
[2023-04-16T20:53:37.915-0400][gc,phases   ] GC(156)   Merge Heap Roots: 0.1ms
[2023-04-16T20:53:37.915-0400][gc,phases   ] GC(156)   Evacuate Collection Set: 15.2ms
[2023-04-16T20:53:37.915-0400][gc,phases   ] GC(156)   Post Evacuate Collection Set: 0.9ms
[2023-04-16T20:53:37.915-0400][gc,phases   ] GC(156)   Other: 2.0ms
[2023-04-16T20:53:37.915-0400][gc,heap     ] GC(156) Eden regions: 609->0(610)
[2023-04-16T20:53:37.915-0400][gc,heap     ] GC(156) Survivor regions: 5->4(77)
[2023-04-16T20:53:37.915-0400][gc,heap     ] GC(156) Old regions: 19->19
[2023-04-16T20:53:37.915-0400][gc,heap     ] GC(156) Archive regions: 2->2
[2023-04-16T20:53:37.915-0400][gc,heap     ] GC(156) Humongous regions: 129->129
[2023-04-16T20:53:37.915-0400][gc,metaspace] GC(156) Metaspace: 44192K(44928K)->44192K(44928K) NonClass: 39076K(39488K)->39076K(39488K) Class: 5116K(5440K)->5116K(5440K)
[2023-04-16T20:53:37.915-0400][gc          ] GC(156) Pause Young (Normal) (G1 Evacuation Pause) 761M->151M(1024M) 23.844ms
[2023-04-16T20:53:37.915-0400][gc,cpu      ] GC(156) User=0.02s Sys=0.02s Real=0.02s
[2023-04-16T21:00:14.257-0400][gc,start    ] GC(157) Pause Young (Normal) (G1 Evacuation Pause)
[2023-04-16T21:00:14.258-0400][gc,task     ] GC(157) Using 8 workers of 8 for evacuation
[2023-04-16T21:00:14.271-0400][gc,phases   ] GC(157)   Pre Evacuate Collection Set: 1.2ms
[2023-04-16T21:00:14.271-0400][gc,phases   ] GC(157)   Merge Heap Roots: 0.3ms
[2023-04-16T21:00:14.271-0400][gc,phases   ] GC(157)   Evacuate Collection Set: 10.1ms
[2023-04-16T21:00:14.271-0400][gc,phases   ] GC(157)   Post Evacuate Collection Set: 1.6ms
[2023-04-16T21:00:14.271-0400][gc,phases   ] GC(157)   Other: 0.4ms
[2023-04-16T21:00:14.272-0400][gc,heap     ] GC(157) Eden regions: 610->0(611)
[2023-04-16T21:00:14.272-0400][gc,heap     ] GC(157) Survivor regions: 4->3(77)
[2023-04-16T21:00:14.272-0400][gc,heap     ] GC(157) Old regions: 19->19
[2023-04-16T21:00:14.272-0400][gc,heap     ] GC(157) Archive regions: 2->2
[2023-04-16T21:00:14.272-0400][gc,heap     ] GC(157) Humongous regions: 129->129
[2023-04-16T21:00:14.272-0400][gc,metaspace] GC(157) Metaspace: 44204K(44928K)->44204K(44928K) NonClass: 39087K(39488K)->39087K(39488K) Class: 5116K(5440K)->5116K(5440K)
[2023-04-16T21:00:14.272-0400][gc          ] GC(157) Pause Young (Normal) (G1 Evacuation Pause) 761M->151M(1024M) 14.236ms
[2023-04-16T21:00:14.272-0400][gc,cpu      ] GC(157) User=0.02s Sys=0.04s Real=0.02s
[2023-04-16T21:06:46.953-0400][gc,start    ] GC(158) Pause Young (Normal) (G1 Evacuation Pause)
[2023-04-16T21:06:46.955-0400][gc,task     ] GC(158) Using 8 workers of 8 for evacuation
[2023-04-16T21:06:46.983-0400][gc,mmu      ] GC(158) MMU target violated: 21.0ms (20.0ms/21.0ms)
[2023-04-16T21:06:46.983-0400][gc,phases   ] GC(158)   Pre Evacuate Collection Set: 2.4ms
[2023-04-16T21:06:46.983-0400][gc,phases   ] GC(158)   Merge Heap Roots: 0.6ms
[2023-04-16T21:06:46.983-0400][gc,phases   ] GC(158)   Evacuate Collection Set: 22.4ms
[2023-04-16T21:06:46.983-0400][gc,phases   ] GC(158)   Post Evacuate Collection Set: 2.8ms
[2023-04-16T21:06:46.983-0400][gc,phases   ] GC(158)   Other: 0.6ms
[2023-04-16T21:06:46.984-0400][gc,heap     ] GC(158) Eden regions: 611->0(237)
[2023-04-16T21:06:46.984-0400][gc,heap     ] GC(158) Survivor regions: 3->4(77)
[2023-04-16T21:06:46.984-0400][gc,heap     ] GC(158) Old regions: 19->19
[2023-04-16T21:06:46.984-0400][gc,heap     ] GC(158) Archive regions: 2->2
[2023-04-16T21:06:46.984-0400][gc,heap     ] GC(158) Humongous regions: 129->129
[2023-04-16T21:06:46.984-0400][gc,metaspace] GC(158) Metaspace: 44204K(44928K)->44204K(44928K) NonClass: 39087K(39488K)->39087K(39488K) Class: 5116K(5440K)->5116K(5440K)
[2023-04-16T21:06:46.984-0400][gc          ] GC(158) Pause Young (Normal) (G1 Evacuation Pause) 762M->151M(1024M) 30.533ms
[2023-04-16T21:06:46.984-0400][gc,cpu      ] GC(158) User=0.03s Sys=0.06s Real=0.03s
[2023-04-16T21:09:26.488-0400][gc,start    ] GC(159) Pause Young (Normal) (G1 Evacuation Pause)
[2023-04-16T21:09:26.495-0400][gc,task     ] GC(159) Using 8 workers of 8 for evacuation
[2023-04-16T21:09:26.507-0400][gc,phases   ] GC(159)   Pre Evacuate Collection Set: 1.1ms
[2023-04-16T21:09:26.507-0400][gc,phases   ] GC(159)   Merge Heap Roots: 0.2ms
[2023-04-16T21:09:26.507-0400][gc,phases   ] GC(159)   Evacuate Collection Set: 6.1ms
[2023-04-16T21:09:26.507-0400][gc,phases   ] GC(159)   Post Evacuate Collection Set: 1.8ms
[2023-04-16T21:09:26.507-0400][gc,phases   ] GC(159)   Other: 2.4ms
[2023-04-16T21:09:26.507-0400][gc,heap     ] GC(159) Eden regions: 237->0(286)
[2023-04-16T21:09:26.507-0400][gc,heap     ] GC(159) Survivor regions: 4->4(31)
[2023-04-16T21:09:26.507-0400][gc,heap     ] GC(159) Old regions: 19->19
[2023-04-16T21:09:26.507-0400][gc,heap     ] GC(159) Archive regions: 2->2
[2023-04-16T21:09:26.507-0400][gc,heap     ] GC(159) Humongous regions: 129->129
[2023-04-16T21:09:26.507-0400][gc,metaspace] GC(159) Metaspace: 44204K(44928K)->44204K(44928K) NonClass: 39087K(39488K)->39087K(39488K) Class: 5116K(5440K)->5116K(5440K)
[2023-04-16T21:09:26.507-0400][gc          ] GC(159) Pause Young (Normal) (G1 Evacuation Pause) 388M->151M(1024M) 19.027ms
[2023-04-16T21:09:26.507-0400][gc,cpu      ] GC(159) User=0.03s Sys=0.01s Real=0.02s
[2023-04-16T21:12:41.468-0400][gc,start    ] GC(160) Pause Young (Normal) (G1 Evacuation Pause)
[2023-04-16T21:12:41.468-0400][gc,task     ] GC(160) Using 8 workers of 8 for evacuation
[2023-04-16T21:12:41.478-0400][gc,phases   ] GC(160)   Pre Evacuate Collection Set: 1.9ms
[2023-04-16T21:12:41.478-0400][gc,phases   ] GC(160)   Merge Heap Roots: 0.6ms
[2023-04-16T21:12:41.478-0400][gc,phases   ] GC(160)   Evacuate Collection Set: 6.3ms
[2023-04-16T21:12:41.478-0400][gc,phases   ] GC(160)   Post Evacuate Collection Set: 0.6ms
[2023-04-16T21:12:41.478-0400][gc,phases   ] GC(160)   Other: 0.2ms
[2023-04-16T21:12:41.478-0400][gc,heap     ] GC(160) Eden regions: 286->0(311)
[2023-04-16T21:12:41.478-0400][gc,heap     ] GC(160) Survivor regions: 4->5(37)
[2023-04-16T21:12:41.478-0400][gc,heap     ] GC(160) Old regions: 19->19
[2023-04-16T21:12:41.478-0400][gc,heap     ] GC(160) Archive regions: 2->2
[2023-04-16T21:12:41.478-0400][gc,heap     ] GC(160) Humongous regions: 129->129
[2023-04-16T21:12:41.478-0400][gc,metaspace] GC(160) Metaspace: 44208K(44928K)->44208K(44928K) NonClass: 39092K(39488K)->39092K(39488K) Class: 5116K(5440K)->5116K(5440K)
[2023-04-16T21:12:41.479-0400][gc          ] GC(160) Pause Young (Normal) (G1 Evacuation Pause) 437M->152M(1024M) 10.857ms
[2023-04-16T21:12:41.479-0400][gc,cpu      ] GC(160) User=0.04s Sys=0.01s Real=0.01s
[2023-04-16T21:16:18.143-0400][gc,start    ] GC(161) Pause Young (Normal) (G1 Evacuation Pause)
[2023-04-16T21:16:18.144-0400][gc,task     ] GC(161) Using 8 workers of 8 for evacuation
[2023-04-16T21:16:18.153-0400][gc,phases   ] GC(161)   Pre Evacuate Collection Set: 1.0ms
[2023-04-16T21:16:18.153-0400][gc,phases   ] GC(161)   Merge Heap Roots: 0.1ms
[2023-04-16T21:16:18.153-0400][gc,phases   ] GC(161)   Evacuate Collection Set: 7.7ms
[2023-04-16T21:16:18.153-0400][gc,phases   ] GC(161)   Post Evacuate Collection Set: 0.3ms
[2023-04-16T21:16:18.153-0400][gc,phases   ] GC(161)   Other: 0.1ms
[2023-04-16T21:16:18.153-0400][gc,heap     ] GC(161) Eden regions: 311->0(589)
[2023-04-16T21:16:18.153-0400][gc,heap     ] GC(161) Survivor regions: 5->4(40)
[2023-04-16T21:16:18.153-0400][gc,heap     ] GC(161) Old regions: 19->19
[2023-04-16T21:16:18.153-0400][gc,heap     ] GC(161) Archive regions: 2->2
[2023-04-16T21:16:18.153-0400][gc,heap     ] GC(161) Humongous regions: 129->129
[2023-04-16T21:16:18.153-0400][gc,metaspace] GC(161) Metaspace: 44208K(44928K)->44208K(44928K) NonClass: 39092K(39488K)->39092K(39488K) Class: 5116K(5440K)->5116K(5440K)
[2023-04-16T21:16:18.153-0400][gc          ] GC(161) Pause Young (Normal) (G1 Evacuation Pause) 463M->151M(1024M) 10.242ms
[2023-04-16T21:16:18.153-0400][gc,cpu      ] GC(161) User=0.02s Sys=0.03s Real=0.01s
[2023-04-16T21:53:22.334-0400][gc,start    ] GC(162) Pause Young (Normal) (G1 Evacuation Pause)
[2023-04-16T21:53:22.335-0400][gc,task     ] GC(162) Using 8 workers of 8 for evacuation
[2023-04-16T21:53:22.348-0400][gc,phases   ] GC(162)   Pre Evacuate Collection Set: 2.3ms
[2023-04-16T21:53:22.348-0400][gc,phases   ] GC(162)   Merge Heap Roots: 0.2ms
[2023-04-16T21:53:22.348-0400][gc,phases   ] GC(162)   Evacuate Collection Set: 9.9ms
[2023-04-16T21:53:22.348-0400][gc,phases   ] GC(162)   Post Evacuate Collection Set: 0.7ms
[2023-04-16T21:53:22.348-0400][gc,phases   ] GC(162)   Other: 0.2ms
[2023-04-16T21:53:22.348-0400][gc,heap     ] GC(162) Eden regions: 589->0(610)
[2023-04-16T21:53:22.348-0400][gc,heap     ] GC(162) Survivor regions: 4->4(75)
[2023-04-16T21:53:22.348-0400][gc,heap     ] GC(162) Old regions: 19->19
[2023-04-16T21:53:22.348-0400][gc,heap     ] GC(162) Archive regions: 2->2
[2023-04-16T21:53:22.348-0400][gc,heap     ] GC(162) Humongous regions: 129->129
[2023-04-16T21:53:22.348-0400][gc,metaspace] GC(162) Metaspace: 44209K(44928K)->44209K(44928K) NonClass: 39092K(39488K)->39092K(39488K) Class: 5116K(5440K)->5116K(5440K)
[2023-04-16T21:53:22.348-0400][gc          ] GC(162) Pause Young (Normal) (G1 Evacuation Pause) 740M->151M(1024M) 13.832ms
[2023-04-16T21:53:22.348-0400][gc,cpu      ] GC(162) User=0.02s Sys=0.04s Real=0.01s
[2023-04-16T22:16:12.573-0400][gc,start    ] GC(163) Pause Young (Normal) (G1 Evacuation Pause)
[2023-04-16T22:16:12.577-0400][gc,task     ] GC(163) Using 8 workers of 8 for evacuation
[2023-04-16T22:16:12.607-0400][gc,mmu      ] GC(163) MMU target violated: 21.0ms (20.0ms/21.0ms)
[2023-04-16T22:16:12.607-0400][gc,phases   ] GC(163)   Pre Evacuate Collection Set: 6.2ms
[2023-04-16T22:16:12.607-0400][gc,phases   ] GC(163)   Merge Heap Roots: 2.5ms
[2023-04-16T22:16:12.607-0400][gc,phases   ] GC(163)   Evacuate Collection Set: 17.0ms
[2023-04-16T22:16:12.607-0400][gc,phases   ] GC(163)   Post Evacuate Collection Set: 2.7ms
[2023-04-16T22:16:12.607-0400][gc,phases   ] GC(163)   Other: 1.6ms
[2023-04-16T22:16:12.607-0400][gc,heap     ] GC(163) Eden regions: 610->0(315)
[2023-04-16T22:16:12.607-0400][gc,heap     ] GC(163) Survivor regions: 4->3(77)
[2023-04-16T22:16:12.607-0400][gc,heap     ] GC(163) Old regions: 19->19
[2023-04-16T22:16:12.607-0400][gc,heap     ] GC(163) Archive regions: 2->2
[2023-04-16T22:16:12.607-0400][gc,heap     ] GC(163) Humongous regions: 129->129
[2023-04-16T22:16:12.607-0400][gc,metaspace] GC(163) Metaspace: 44209K(44928K)->44209K(44928K) NonClass: 39092K(39488K)->39092K(39488K) Class: 5116K(5440K)->5116K(5440K)
[2023-04-16T22:16:12.607-0400][gc          ] GC(163) Pause Young (Normal) (G1 Evacuation Pause) 761M->151M(1024M) 34.238ms
[2023-04-16T22:16:12.607-0400][gc,cpu      ] GC(163) User=0.02s Sys=0.08s Real=0.03s
[2023-04-16T22:19:43.350-0400][gc,start    ] GC(164) Pause Young (Normal) (G1 Evacuation Pause)
[2023-04-16T22:19:43.352-0400][gc,task     ] GC(164) Using 8 workers of 8 for evacuation
[2023-04-16T22:19:43.359-0400][gc,phases   ] GC(164)   Pre Evacuate Collection Set: 0.3ms
[2023-04-16T22:19:43.359-0400][gc,phases   ] GC(164)   Merge Heap Roots: 0.2ms
[2023-04-16T22:19:43.359-0400][gc,phases   ] GC(164)   Evacuate Collection Set: 5.8ms
[2023-04-16T22:19:43.359-0400][gc,phases   ] GC(164)   Post Evacuate Collection Set: 0.6ms
[2023-04-16T22:19:43.359-0400][gc,phases   ] GC(164)   Other: 0.2ms
[2023-04-16T22:19:43.359-0400][gc,heap     ] GC(164) Eden regions: 315->0(452)
[2023-04-16T22:19:43.359-0400][gc,heap     ] GC(164) Survivor regions: 3->4(40)
[2023-04-16T22:19:43.359-0400][gc,heap     ] GC(164) Old regions: 19->19
[2023-04-16T22:19:43.359-0400][gc,heap     ] GC(164) Archive regions: 2->2
[2023-04-16T22:19:43.359-0400][gc,heap     ] GC(164) Humongous regions: 129->129
[2023-04-16T22:19:43.359-0400][gc,metaspace] GC(164) Metaspace: 44209K(44928K)->44209K(44928K) NonClass: 39092K(39488K)->39092K(39488K) Class: 5116K(5440K)->5116K(5440K)
[2023-04-16T22:19:43.359-0400][gc          ] GC(164) Pause Young (Normal) (G1 Evacuation Pause) 466M->151M(1024M) 9.048ms
[2023-04-16T22:19:43.359-0400][gc,cpu      ] GC(164) User=0.03s Sys=0.00s Real=0.00s
[2023-04-16T22:24:45.108-0400][gc,start    ] GC(165) Pause Young (Normal) (G1 Evacuation Pause)
[2023-04-16T22:24:45.110-0400][gc,task     ] GC(165) Using 8 workers of 8 for evacuation
[2023-04-16T22:24:45.125-0400][gc,phases   ] GC(165)   Pre Evacuate Collection Set: 0.4ms
[2023-04-16T22:24:45.125-0400][gc,phases   ] GC(165)   Merge Heap Roots: 0.2ms
[2023-04-16T22:24:45.125-0400][gc,phases   ] GC(165)   Evacuate Collection Set: 13.2ms
[2023-04-16T22:24:45.125-0400][gc,phases   ] GC(165)   Post Evacuate Collection Set: 0.6ms
[2023-04-16T22:24:45.125-0400][gc,phases   ] GC(165)   Other: 0.3ms
[2023-04-16T22:24:45.125-0400][gc,heap     ] GC(165) Eden regions: 452->0(316)
[2023-04-16T22:24:45.125-0400][gc,heap     ] GC(165) Survivor regions: 4->4(57)
[2023-04-16T22:24:45.125-0400][gc,heap     ] GC(165) Old regions: 19->19
[2023-04-16T22:24:45.125-0400][gc,heap     ] GC(165) Archive regions: 2->2
[2023-04-16T22:24:45.125-0400][gc,heap     ] GC(165) Humongous regions: 129->129
[2023-04-16T22:24:45.125-0400][gc,metaspace] GC(165) Metaspace: 44209K(44928K)->44209K(44928K) NonClass: 39092K(39488K)->39092K(39488K) Class: 5116K(5440K)->5116K(5440K)
[2023-04-16T22:24:45.125-0400][gc          ] GC(165) Pause Young (Normal) (G1 Evacuation Pause) 603M->151M(1024M) 16.899ms
[2023-04-16T22:24:45.125-0400][gc,cpu      ] GC(165) User=0.02s Sys=0.04s Real=0.02s
[2023-04-16T22:28:18.206-0400][gc,start    ] GC(166) Pause Young (Normal) (G1 Evacuation Pause)
[2023-04-16T22:28:18.206-0400][gc,task     ] GC(166) Using 8 workers of 8 for evacuation
[2023-04-16T22:28:18.216-0400][gc,phases   ] GC(166)   Pre Evacuate Collection Set: 1.0ms
[2023-04-16T22:28:18.216-0400][gc,phases   ] GC(166)   Merge Heap Roots: 0.1ms
[2023-04-16T22:28:18.216-0400][gc,phases   ] GC(166)   Evacuate Collection Set: 3.7ms
[2023-04-16T22:28:18.216-0400][gc,phases   ] GC(166)   Post Evacuate Collection Set: 2.3ms
[2023-04-16T22:28:18.216-0400][gc,phases   ] GC(166)   Other: 2.7ms
[2023-04-16T22:28:18.216-0400][gc,heap     ] GC(166) Eden regions: 316->0(554)
[2023-04-16T22:28:18.216-0400][gc,heap     ] GC(166) Survivor regions: 4->4(40)
[2023-04-16T22:28:18.216-0400][gc,heap     ] GC(166) Old regions: 19->19
[2023-04-16T22:28:18.216-0400][gc,heap     ] GC(166) Archive regions: 2->2
[2023-04-16T22:28:18.216-0400][gc,heap     ] GC(166) Humongous regions: 129->129
[2023-04-16T22:28:18.216-0400][gc,metaspace] GC(166) Metaspace: 44209K(44928K)->44209K(44928K) NonClass: 39092K(39488K)->39092K(39488K) Class: 5116K(5440K)->5116K(5440K)
[2023-04-16T22:28:18.216-0400][gc          ] GC(166) Pause Young (Normal) (G1 Evacuation Pause) 467M->151M(1024M) 10.069ms
[2023-04-16T22:28:18.216-0400][gc,cpu      ] GC(166) User=0.02s Sys=0.01s Real=0.01s
[2023-04-16T22:34:28.592-0400][gc,start    ] GC(167) Pause Young (Normal) (G1 Evacuation Pause)
[2023-04-16T22:34:28.594-0400][gc,task     ] GC(167) Using 8 workers of 8 for evacuation
[2023-04-16T22:34:28.599-0400][gc,phases   ] GC(167)   Pre Evacuate Collection Set: 0.3ms
[2023-04-16T22:34:28.599-0400][gc,phases   ] GC(167)   Merge Heap Roots: 0.2ms
[2023-04-16T22:34:28.599-0400][gc,phases   ] GC(167)   Evacuate Collection Set: 4.1ms
[2023-04-16T22:34:28.599-0400][gc,phases   ] GC(167)   Post Evacuate Collection Set: 0.6ms
[2023-04-16T22:34:28.599-0400][gc,phases   ] GC(167)   Other: 0.2ms
[2023-04-16T22:34:28.599-0400][gc,heap     ] GC(167) Eden regions: 554->0(610)
[2023-04-16T22:34:28.599-0400][gc,heap     ] GC(167) Survivor regions: 4->4(70)
[2023-04-16T22:34:28.599-0400][gc,heap     ] GC(167) Old regions: 19->19
[2023-04-16T22:34:28.599-0400][gc,heap     ] GC(167) Archive regions: 2->2
[2023-04-16T22:34:28.599-0400][gc,heap     ] GC(167) Humongous regions: 129->129
[2023-04-16T22:34:28.599-0400][gc,metaspace] GC(167) Metaspace: 44209K(44928K)->44209K(44928K) NonClass: 39092K(39488K)->39092K(39488K) Class: 5116K(5440K)->5116K(5440K)
[2023-04-16T22:34:28.599-0400][gc          ] GC(167) Pause Young (Normal) (G1 Evacuation Pause) 705M->151M(1024M) 6.777ms
[2023-04-16T22:34:28.599-0400][gc,cpu      ] GC(167) User=0.03s Sys=0.01s Real=0.00s
[2023-04-16T22:41:14.665-0400][gc,start    ] GC(168) Pause Young (Normal) (G1 Evacuation Pause)
[2023-04-16T22:41:14.666-0400][gc,task     ] GC(168) Using 8 workers of 8 for evacuation
[2023-04-16T22:41:14.680-0400][gc,phases   ] GC(168)   Pre Evacuate Collection Set: 1.4ms
[2023-04-16T22:41:14.680-0400][gc,phases   ] GC(168)   Merge Heap Roots: 0.2ms
[2023-04-16T22:41:14.680-0400][gc,phases   ] GC(168)   Evacuate Collection Set: 10.6ms
[2023-04-16T22:41:14.680-0400][gc,phases   ] GC(168)   Post Evacuate Collection Set: 0.7ms
[2023-04-16T22:41:14.680-0400][gc,phases   ] GC(168)   Other: 0.4ms
[2023-04-16T22:41:14.680-0400][gc,heap     ] GC(168) Eden regions: 610->0(611)
[2023-04-16T22:41:14.680-0400][gc,heap     ] GC(168) Survivor regions: 4->3(77)
[2023-04-16T22:41:14.680-0400][gc,heap     ] GC(168) Old regions: 19->19
[2023-04-16T22:41:14.680-0400][gc,heap     ] GC(168) Archive regions: 2->2
[2023-04-16T22:41:14.680-0400][gc,heap     ] GC(168) Humongous regions: 129->129
[2023-04-16T22:41:14.680-0400][gc,metaspace] GC(168) Metaspace: 44209K(44928K)->44209K(44928K) NonClass: 39092K(39488K)->39092K(39488K) Class: 5116K(5440K)->5116K(5440K)
[2023-04-16T22:41:14.680-0400][gc          ] GC(168) Pause Young (Normal) (G1 Evacuation Pause) 761M->151M(1024M) 14.646ms
[2023-04-16T22:41:14.680-0400][gc,cpu      ] GC(168) User=0.03s Sys=0.03s Real=0.02s
[2023-04-16T22:47:57.848-0400][gc,start    ] GC(169) Pause Young (Normal) (G1 Evacuation Pause)
[2023-04-16T22:47:57.851-0400][gc,task     ] GC(169) Using 8 workers of 8 for evacuation
[2023-04-16T22:47:57.910-0400][gc,mmu      ] GC(169) MMU target violated: 21.0ms (20.0ms/21.0ms)
[2023-04-16T22:47:57.910-0400][gc,phases   ] GC(169)   Pre Evacuate Collection Set: 5.9ms
[2023-04-16T22:47:57.910-0400][gc,phases   ] GC(169)   Merge Heap Roots: 0.9ms
[2023-04-16T22:47:57.910-0400][gc,phases   ] GC(169)   Evacuate Collection Set: 48.9ms
[2023-04-16T22:47:57.910-0400][gc,phases   ] GC(169)   Post Evacuate Collection Set: 2.8ms
[2023-04-16T22:47:57.910-0400][gc,phases   ] GC(169)   Other: 1.1ms
[2023-04-16T22:47:57.910-0400][gc,heap     ] GC(169) Eden regions: 611->0(138)
[2023-04-16T22:47:57.910-0400][gc,heap     ] GC(169) Survivor regions: 3->5(77)
[2023-04-16T22:47:57.910-0400][gc,heap     ] GC(169) Old regions: 19->19
[2023-04-16T22:47:57.910-0400][gc,heap     ] GC(169) Archive regions: 2->2
[2023-04-16T22:47:57.910-0400][gc,heap     ] GC(169) Humongous regions: 129->129
[2023-04-16T22:47:57.910-0400][gc,metaspace] GC(169) Metaspace: 44209K(44928K)->44209K(44928K) NonClass: 39092K(39488K)->39092K(39488K) Class: 5116K(5440K)->5116K(5440K)
[2023-04-16T22:47:57.910-0400][gc          ] GC(169) Pause Young (Normal) (G1 Evacuation Pause) 762M->152M(1024M) 62.336ms
[2023-04-16T22:47:57.910-0400][gc,cpu      ] GC(169) User=0.05s Sys=0.09s Real=0.07s
[2023-04-16T22:49:27.913-0400][gc,start    ] GC(170) Pause Young (Normal) (G1 Evacuation Pause)
[2023-04-16T22:49:27.914-0400][gc,task     ] GC(170) Using 8 workers of 8 for evacuation
[2023-04-16T22:49:27.929-0400][gc,phases   ] GC(170)   Pre Evacuate Collection Set: 1.2ms
[2023-04-16T22:49:27.929-0400][gc,phases   ] GC(170)   Merge Heap Roots: 0.1ms
[2023-04-16T22:49:27.929-0400][gc,phases   ] GC(170)   Evacuate Collection Set: 13.2ms
[2023-04-16T22:49:27.929-0400][gc,phases   ] GC(170)   Post Evacuate Collection Set: 0.4ms
[2023-04-16T22:49:27.929-0400][gc,phases   ] GC(170)   Other: 0.2ms
[2023-04-16T22:49:27.929-0400][gc,heap     ] GC(170) Eden regions: 138->0(115)
[2023-04-16T22:49:27.929-0400][gc,heap     ] GC(170) Survivor regions: 5->5(18)
[2023-04-16T22:49:27.929-0400][gc,heap     ] GC(170) Old regions: 19->19
[2023-04-16T22:49:27.929-0400][gc,heap     ] GC(170) Archive regions: 2->2
[2023-04-16T22:49:27.929-0400][gc,heap     ] GC(170) Humongous regions: 129->129
[2023-04-16T22:49:27.929-0400][gc,metaspace] GC(170) Metaspace: 44209K(44928K)->44209K(44928K) NonClass: 39092K(39488K)->39092K(39488K) Class: 5116K(5440K)->5116K(5440K)
[2023-04-16T22:49:27.929-0400][gc          ] GC(170) Pause Young (Normal) (G1 Evacuation Pause) 290M->152M(1024M) 16.532ms
[2023-04-16T22:49:27.929-0400][gc,cpu      ] GC(170) User=0.03s Sys=0.04s Real=0.01s
[2023-04-16T22:50:43.810-0400][gc,start    ] GC(171) Pause Young (Normal) (G1 Evacuation Pause)
[2023-04-16T22:50:43.812-0400][gc,task     ] GC(171) Using 8 workers of 8 for evacuation
[2023-04-16T22:50:43.820-0400][gc,phases   ] GC(171)   Pre Evacuate Collection Set: 0.3ms
[2023-04-16T22:50:43.820-0400][gc,phases   ] GC(171)   Merge Heap Roots: 0.1ms
[2023-04-16T22:50:43.820-0400][gc,phases   ] GC(171)   Evacuate Collection Set: 6.6ms
[2023-04-16T22:50:43.820-0400][gc,phases   ] GC(171)   Post Evacuate Collection Set: 1.4ms
[2023-04-16T22:50:43.820-0400][gc,phases   ] GC(171)   Other: 0.2ms
[2023-04-16T22:50:43.820-0400][gc,heap     ] GC(171) Eden regions: 115->0(351)
[2023-04-16T22:50:43.820-0400][gc,heap     ] GC(171) Survivor regions: 5->4(15)
[2023-04-16T22:50:43.820-0400][gc,heap     ] GC(171) Old regions: 19->19
[2023-04-16T22:50:43.820-0400][gc,heap     ] GC(171) Archive regions: 2->2
[2023-04-16T22:50:43.820-0400][gc,heap     ] GC(171) Humongous regions: 129->129
[2023-04-16T22:50:43.820-0400][gc,metaspace] GC(171) Metaspace: 44209K(44928K)->44209K(44928K) NonClass: 39092K(39488K)->39092K(39488K) Class: 5116K(5440K)->5116K(5440K)
[2023-04-16T22:50:43.820-0400][gc          ] GC(171) Pause Young (Normal) (G1 Evacuation Pause) 267M->151M(1024M) 10.384ms
[2023-04-16T22:50:43.821-0400][gc,cpu      ] GC(171) User=0.03s Sys=0.01s Real=0.01s
[2023-04-16T22:54:36.202-0400][gc,start    ] GC(172) Pause Young (Normal) (G1 Evacuation Pause)
[2023-04-16T22:54:36.203-0400][gc,task     ] GC(172) Using 8 workers of 8 for evacuation
[2023-04-16T22:54:36.221-0400][gc,phases   ] GC(172)   Pre Evacuate Collection Set: 2.5ms
[2023-04-16T22:54:36.221-0400][gc,phases   ] GC(172)   Merge Heap Roots: 0.1ms
[2023-04-16T22:54:36.221-0400][gc,phases   ] GC(172)   Evacuate Collection Set: 13.5ms
[2023-04-16T22:54:36.221-0400][gc,phases   ] GC(172)   Post Evacuate Collection Set: 1.4ms
[2023-04-16T22:54:36.221-0400][gc,phases   ] GC(172)   Other: 0.3ms
[2023-04-16T22:54:36.221-0400][gc,heap     ] GC(172) Eden regions: 351->0(359)
[2023-04-16T22:54:36.221-0400][gc,heap     ] GC(172) Survivor regions: 4->4(45)
[2023-04-16T22:54:36.221-0400][gc,heap     ] GC(172) Old regions: 19->19
[2023-04-16T22:54:36.221-0400][gc,heap     ] GC(172) Archive regions: 2->2
[2023-04-16T22:54:36.221-0400][gc,heap     ] GC(172) Humongous regions: 129->129
[2023-04-16T22:54:36.221-0400][gc,metaspace] GC(172) Metaspace: 44209K(44928K)->44209K(44928K) NonClass: 39092K(39488K)->39092K(39488K) Class: 5116K(5440K)->5116K(5440K)
[2023-04-16T22:54:36.221-0400][gc          ] GC(172) Pause Young (Normal) (G1 Evacuation Pause) 502M->151M(1024M) 18.616ms
[2023-04-16T22:54:36.221-0400][gc,cpu      ] GC(172) User=0.02s Sys=0.04s Real=0.02s
[2023-04-16T22:58:33.531-0400][gc,start    ] GC(173) Pause Young (Normal) (G1 Evacuation Pause)
[2023-04-16T22:58:33.532-0400][gc,task     ] GC(173) Using 8 workers of 8 for evacuation
[2023-04-16T22:58:33.552-0400][gc,phases   ] GC(173)   Pre Evacuate Collection Set: 1.5ms
[2023-04-16T22:58:33.552-0400][gc,phases   ] GC(173)   Merge Heap Roots: 2.2ms
[2023-04-16T22:58:33.552-0400][gc,phases   ] GC(173)   Evacuate Collection Set: 13.5ms
[2023-04-16T22:58:33.552-0400][gc,phases   ] GC(173)   Post Evacuate Collection Set: 1.9ms
[2023-04-16T22:58:33.552-0400][gc,phases   ] GC(173)   Other: 0.5ms
[2023-04-16T22:58:33.552-0400][gc,heap     ] GC(173) Eden regions: 359->0(424)
[2023-04-16T22:58:33.552-0400][gc,heap     ] GC(173) Survivor regions: 4->3(46)
[2023-04-16T22:58:33.552-0400][gc,heap     ] GC(173) Old regions: 19->19
[2023-04-16T22:58:33.552-0400][gc,heap     ] GC(173) Archive regions: 2->2
[2023-04-16T22:58:33.552-0400][gc,heap     ] GC(173) Humongous regions: 129->129
[2023-04-16T22:58:33.552-0400][gc,metaspace] GC(173) Metaspace: 44210K(44928K)->44210K(44928K) NonClass: 39094K(39488K)->39094K(39488K) Class: 5116K(5440K)->5116K(5440K)
[2023-04-16T22:58:33.552-0400][gc          ] GC(173) Pause Young (Normal) (G1 Evacuation Pause) 510M->151M(1024M) 21.451ms
[2023-04-16T22:58:33.552-0400][gc,cpu      ] GC(173) User=0.02s Sys=0.05s Real=0.02s
[2023-04-16T23:03:08.676-0400][gc,start    ] GC(174) Pause Young (Normal) (G1 Evacuation Pause)
[2023-04-16T23:03:08.677-0400][gc,task     ] GC(174) Using 8 workers of 8 for evacuation
[2023-04-16T23:03:08.707-0400][gc,mmu      ] GC(174) MMU target violated: 21.0ms (20.0ms/21.0ms)
[2023-04-16T23:03:08.707-0400][gc,phases   ] GC(174)   Pre Evacuate Collection Set: 3.5ms
[2023-04-16T23:03:08.707-0400][gc,phases   ] GC(174)   Merge Heap Roots: 0.1ms
[2023-04-16T23:03:08.707-0400][gc,phases   ] GC(174)   Evacuate Collection Set: 25.7ms
[2023-04-16T23:03:08.707-0400][gc,phases   ] GC(174)   Post Evacuate Collection Set: 0.4ms
[2023-04-16T23:03:08.707-0400][gc,phases   ] GC(174)   Other: 0.2ms
[2023-04-16T23:03:08.707-0400][gc,heap     ] GC(174) Eden regions: 424->0(247)
[2023-04-16T23:03:08.707-0400][gc,heap     ] GC(174) Survivor regions: 3->4(54)
[2023-04-16T23:03:08.707-0400][gc,heap     ] GC(174) Old regions: 19->19
[2023-04-16T23:03:08.707-0400][gc,heap     ] GC(174) Archive regions: 2->2
[2023-04-16T23:03:08.707-0400][gc,heap     ] GC(174) Humongous regions: 129->129
[2023-04-16T23:03:08.707-0400][gc,metaspace] GC(174) Metaspace: 44210K(44928K)->44210K(44928K) NonClass: 39094K(39488K)->39094K(39488K) Class: 5116K(5440K)->5116K(5440K)
[2023-04-16T23:03:08.707-0400][gc          ] GC(174) Pause Young (Normal) (G1 Evacuation Pause) 575M->151M(1024M) 30.782ms
[2023-04-16T23:03:08.707-0400][gc,cpu      ] GC(174) User=0.04s Sys=0.05s Real=0.03s
[2023-04-16T23:05:51.794-0400][gc,start    ] GC(175) Pause Young (Normal) (G1 Evacuation Pause)
[2023-04-16T23:05:51.794-0400][gc,task     ] GC(175) Using 8 workers of 8 for evacuation
[2023-04-16T23:05:51.804-0400][gc,phases   ] GC(175)   Pre Evacuate Collection Set: 2.0ms
[2023-04-16T23:05:51.804-0400][gc,phases   ] GC(175)   Merge Heap Roots: 0.2ms
[2023-04-16T23:05:51.804-0400][gc,phases   ] GC(175)   Evacuate Collection Set: 6.0ms
[2023-04-16T23:05:51.804-0400][gc,phases   ] GC(175)   Post Evacuate Collection Set: 1.4ms
[2023-04-16T23:05:51.804-0400][gc,phases   ] GC(175)   Other: 0.2ms
[2023-04-16T23:05:51.804-0400][gc,heap     ] GC(175) Eden regions: 247->0(271)
[2023-04-16T23:05:51.804-0400][gc,heap     ] GC(175) Survivor regions: 4->5(32)
[2023-04-16T23:05:51.804-0400][gc,heap     ] GC(175) Old regions: 19->19
[2023-04-16T23:05:51.804-0400][gc,heap     ] GC(175) Archive regions: 2->2
[2023-04-16T23:05:51.804-0400][gc,heap     ] GC(175) Humongous regions: 129->129
[2023-04-16T23:05:51.804-0400][gc,metaspace] GC(175) Metaspace: 44211K(44928K)->44211K(44928K) NonClass: 39094K(39488K)->39094K(39488K) Class: 5116K(5440K)->5116K(5440K)
[2023-04-16T23:05:51.804-0400][gc          ] GC(175) Pause Young (Normal) (G1 Evacuation Pause) 398M->152M(1024M) 10.357ms
[2023-04-16T23:05:51.804-0400][gc,cpu      ] GC(175) User=0.04s Sys=0.00s Real=0.01s
[2023-04-16T23:08:50.731-0400][gc,start    ] GC(176) Pause Young (Normal) (G1 Evacuation Pause)
[2023-04-16T23:08:50.733-0400][gc,task     ] GC(176) Using 8 workers of 8 for evacuation
[2023-04-16T23:08:50.745-0400][gc,phases   ] GC(176)   Pre Evacuate Collection Set: 0.6ms
[2023-04-16T23:08:50.745-0400][gc,phases   ] GC(176)   Merge Heap Roots: 0.3ms
[2023-04-16T23:08:50.745-0400][gc,phases   ] GC(176)   Evacuate Collection Set: 11.1ms
[2023-04-16T23:08:50.745-0400][gc,phases   ] GC(176)   Post Evacuate Collection Set: 0.6ms
[2023-04-16T23:08:50.745-0400][gc,phases   ] GC(176)   Other: 0.3ms
[2023-04-16T23:08:50.745-0400][gc,heap     ] GC(176) Eden regions: 271->0(545)
[2023-04-16T23:08:50.745-0400][gc,heap     ] GC(176) Survivor regions: 5->4(35)
[2023-04-16T23:08:50.745-0400][gc,heap     ] GC(176) Old regions: 19->19
[2023-04-16T23:08:50.745-0400][gc,heap     ] GC(176) Archive regions: 2->2
[2023-04-16T23:08:50.745-0400][gc,heap     ] GC(176) Humongous regions: 129->129
[2023-04-16T23:08:50.745-0400][gc,metaspace] GC(176) Metaspace: 44211K(44928K)->44211K(44928K) NonClass: 39094K(39488K)->39094K(39488K) Class: 5116K(5440K)->5116K(5440K)
[2023-04-16T23:08:50.746-0400][gc          ] GC(176) Pause Young (Normal) (G1 Evacuation Pause) 423M->151M(1024M) 14.052ms
[2023-04-16T23:08:50.746-0400][gc,cpu      ] GC(176) User=0.02s Sys=0.03s Real=0.01s
[2023-04-16T23:14:52.840-0400][gc,start    ] GC(177) Pause Young (Normal) (G1 Evacuation Pause)
[2023-04-16T23:14:52.841-0400][gc,task     ] GC(177) Using 8 workers of 8 for evacuation
[2023-04-16T23:14:52.856-0400][gc,phases   ] GC(177)   Pre Evacuate Collection Set: 2.4ms
[2023-04-16T23:14:52.856-0400][gc,phases   ] GC(177)   Merge Heap Roots: 0.3ms
[2023-04-16T23:14:52.856-0400][gc,phases   ] GC(177)   Evacuate Collection Set: 11.2ms
[2023-04-16T23:14:52.856-0400][gc,phases   ] GC(177)   Post Evacuate Collection Set: 0.6ms
[2023-04-16T23:14:52.856-0400][gc,phases   ] GC(177)   Other: 0.4ms
[2023-04-16T23:14:52.856-0400][gc,heap     ] GC(177) Eden regions: 545->0(611)
[2023-04-16T23:14:52.856-0400][gc,heap     ] GC(177) Survivor regions: 4->3(69)
[2023-04-16T23:14:52.856-0400][gc,heap     ] GC(177) Old regions: 19->19
[2023-04-16T23:14:52.856-0400][gc,heap     ] GC(177) Archive regions: 2->2
[2023-04-16T23:14:52.856-0400][gc,heap     ] GC(177) Humongous regions: 129->129
[2023-04-16T23:14:52.856-0400][gc,metaspace] GC(177) Metaspace: 44211K(44928K)->44211K(44928K) NonClass: 39094K(39488K)->39094K(39488K) Class: 5116K(5440K)->5116K(5440K)
[2023-04-16T23:14:52.856-0400][gc          ] GC(177) Pause Young (Normal) (G1 Evacuation Pause) 696M->151M(1024M) 15.752ms
[2023-04-16T23:14:52.856-0400][gc,cpu      ] GC(177) User=0.02s Sys=0.04s Real=0.01s
[2023-04-16T23:21:37.916-0400][gc,start    ] GC(178) Pause Young (Normal) (G1 Evacuation Pause)
[2023-04-16T23:21:37.917-0400][gc,task     ] GC(178) Using 8 workers of 8 for evacuation
[2023-04-16T23:21:37.936-0400][gc,phases   ] GC(178)   Pre Evacuate Collection Set: 0.5ms
[2023-04-16T23:21:37.936-0400][gc,phases   ] GC(178)   Merge Heap Roots: 0.2ms
[2023-04-16T23:21:37.936-0400][gc,phases   ] GC(178)   Evacuate Collection Set: 17.2ms
[2023-04-16T23:21:37.936-0400][gc,phases   ] GC(178)   Post Evacuate Collection Set: 1.0ms
[2023-04-16T23:21:37.936-0400][gc,phases   ] GC(178)   Other: 0.2ms
[2023-04-16T23:21:37.936-0400][gc,heap     ] GC(178) Eden regions: 611->0(465)
[2023-04-16T23:21:37.936-0400][gc,heap     ] GC(178) Survivor regions: 3->4(77)
[2023-04-16T23:21:37.936-0400][gc,heap     ] GC(178) Old regions: 19->19
[2023-04-16T23:21:37.936-0400][gc,heap     ] GC(178) Archive regions: 2->2
[2023-04-16T23:21:37.936-0400][gc,heap     ] GC(178) Humongous regions: 129->129
[2023-04-16T23:21:37.936-0400][gc,metaspace] GC(178) Metaspace: 44211K(44928K)->44211K(44928K) NonClass: 39094K(39488K)->39094K(39488K) Class: 5116K(5440K)->5116K(5440K)
[2023-04-16T23:21:37.937-0400][gc          ] GC(178) Pause Young (Normal) (G1 Evacuation Pause) 762M->152M(1024M) 20.089ms
[2023-04-16T23:21:37.937-0400][gc,cpu      ] GC(178) User=0.02s Sys=0.04s Real=0.02s
[2023-04-16T23:26:41.736-0400][gc,start    ] GC(179) Pause Young (Normal) (G1 Evacuation Pause)
[2023-04-16T23:26:41.737-0400][gc,task     ] GC(179) Using 8 workers of 8 for evacuation
[2023-04-16T23:26:41.759-0400][gc,mmu      ] GC(179) MMU target violated: 21.0ms (20.0ms/21.0ms)
[2023-04-16T23:26:41.759-0400][gc,phases   ] GC(179)   Pre Evacuate Collection Set: 1.7ms
[2023-04-16T23:26:41.759-0400][gc,phases   ] GC(179)   Merge Heap Roots: 0.3ms
[2023-04-16T23:26:41.759-0400][gc,phases   ] GC(179)   Evacuate Collection Set: 14.4ms
[2023-04-16T23:26:41.759-0400][gc,phases   ] GC(179)   Post Evacuate Collection Set: 2.9ms
[2023-04-16T23:26:41.759-0400][gc,phases   ] GC(179)   Other: 2.5ms
[2023-04-16T23:26:41.759-0400][gc,heap     ] GC(179) Eden regions: 465->0(336)
[2023-04-16T23:26:41.759-0400][gc,heap     ] GC(179) Survivor regions: 4->4(59)
[2023-04-16T23:26:41.759-0400][gc,heap     ] GC(179) Old regions: 19->19
[2023-04-16T23:26:41.759-0400][gc,heap     ] GC(179) Archive regions: 2->2
[2023-04-16T23:26:41.759-0400][gc,heap     ] GC(179) Humongous regions: 129->129
[2023-04-16T23:26:41.759-0400][gc,metaspace] GC(179) Metaspace: 44211K(44928K)->44211K(44928K) NonClass: 39094K(39488K)->39094K(39488K) Class: 5116K(5440K)->5116K(5440K)
[2023-04-16T23:26:41.759-0400][gc          ] GC(179) Pause Young (Normal) (G1 Evacuation Pause) 617M->151M(1024M) 23.432ms
[2023-04-16T23:26:41.759-0400][gc,cpu      ] GC(179) User=0.02s Sys=0.06s Real=0.02s
[2023-04-16T23:30:21.348-0400][gc,start    ] GC(180) Pause Young (Normal) (G1 Evacuation Pause)
[2023-04-16T23:30:21.348-0400][gc,task     ] GC(180) Using 8 workers of 8 for evacuation
[2023-04-16T23:30:21.359-0400][gc,phases   ] GC(180)   Pre Evacuate Collection Set: 2.3ms
[2023-04-16T23:30:21.359-0400][gc,phases   ] GC(180)   Merge Heap Roots: 0.1ms
[2023-04-16T23:30:21.359-0400][gc,phases   ] GC(180)   Evacuate Collection Set: 6.1ms
[2023-04-16T23:30:21.359-0400][gc,phases   ] GC(180)   Post Evacuate Collection Set: 0.8ms
[2023-04-16T23:30:21.359-0400][gc,phases   ] GC(180)   Other: 1.1ms
[2023-04-16T23:30:21.359-0400][gc,heap     ] GC(180) Eden regions: 336->0(360)
[2023-04-16T23:30:21.359-0400][gc,heap     ] GC(180) Survivor regions: 4->4(43)
[2023-04-16T23:30:21.359-0400][gc,heap     ] GC(180) Old regions: 19->19
[2023-04-16T23:30:21.359-0400][gc,heap     ] GC(180) Archive regions: 2->2
[2023-04-16T23:30:21.359-0400][gc,heap     ] GC(180) Humongous regions: 129->129
[2023-04-16T23:30:21.359-0400][gc,metaspace] GC(180) Metaspace: 44211K(44928K)->44211K(44928K) NonClass: 39094K(39488K)->39094K(39488K) Class: 5116K(5440K)->5116K(5440K)
[2023-04-16T23:30:21.359-0400][gc          ] GC(180) Pause Young (Normal) (G1 Evacuation Pause) 487M->152M(1024M) 11.636ms
[2023-04-16T23:30:21.359-0400][gc,cpu      ] GC(180) User=0.02s Sys=0.01s Real=0.01s
[2023-04-16T23:34:17.617-0400][gc,start    ] GC(181) Pause Young (Normal) (G1 Evacuation Pause)
[2023-04-16T23:34:17.618-0400][gc,task     ] GC(181) Using 8 workers of 8 for evacuation
[2023-04-16T23:34:17.626-0400][gc,phases   ] GC(181)   Pre Evacuate Collection Set: 0.2ms
[2023-04-16T23:34:17.626-0400][gc,phases   ] GC(181)   Merge Heap Roots: 0.1ms
[2023-04-16T23:34:17.626-0400][gc,phases   ] GC(181)   Evacuate Collection Set: 7.1ms
[2023-04-16T23:34:17.626-0400][gc,phases   ] GC(181)   Post Evacuate Collection Set: 0.5ms
[2023-04-16T23:34:17.626-0400][gc,phases   ] GC(181)   Other: 0.2ms
[2023-04-16T23:34:17.626-0400][gc,heap     ] GC(181) Eden regions: 360->0(463)
[2023-04-16T23:34:17.626-0400][gc,heap     ] GC(181) Survivor regions: 4->4(46)
[2023-04-16T23:34:17.626-0400][gc,heap     ] GC(181) Old regions: 19->19
[2023-04-16T23:34:17.626-0400][gc,heap     ] GC(181) Archive regions: 2->2
[2023-04-16T23:34:17.626-0400][gc,heap     ] GC(181) Humongous regions: 129->129
[2023-04-16T23:34:17.626-0400][gc,metaspace] GC(181) Metaspace: 44211K(44928K)->44211K(44928K) NonClass: 39094K(39488K)->39094K(39488K) Class: 5116K(5440K)->5116K(5440K)
[2023-04-16T23:34:17.626-0400][gc          ] GC(181) Pause Young (Normal) (G1 Evacuation Pause) 512M->151M(1024M) 9.163ms
[2023-04-16T23:34:17.627-0400][gc,cpu      ] GC(181) User=0.02s Sys=0.01s Real=0.01s
[2023-04-16T23:39:23.381-0400][gc,start    ] GC(182) Pause Young (Normal) (G1 Evacuation Pause)
[2023-04-16T23:39:23.383-0400][gc,task     ] GC(182) Using 8 workers of 8 for evacuation
[2023-04-16T23:39:23.405-0400][gc,mmu      ] GC(182) MMU target violated: 21.0ms (20.0ms/21.0ms)
[2023-04-16T23:39:23.405-0400][gc,phases   ] GC(182)   Pre Evacuate Collection Set: 1.2ms
[2023-04-16T23:39:23.405-0400][gc,phases   ] GC(182)   Merge Heap Roots: 0.3ms
[2023-04-16T23:39:23.405-0400][gc,phases   ] GC(182)   Evacuate Collection Set: 18.9ms
[2023-04-16T23:39:23.405-0400][gc,phases   ] GC(182)   Post Evacuate Collection Set: 1.2ms
[2023-04-16T23:39:23.406-0400][gc,phases   ] GC(182)   Other: 0.4ms
[2023-04-16T23:39:23.406-0400][gc,heap     ] GC(182) Eden regions: 463->0(364)
[2023-04-16T23:39:23.406-0400][gc,heap     ] GC(182) Survivor regions: 4->5(59)
[2023-04-16T23:39:23.406-0400][gc,heap     ] GC(182) Old regions: 19->19
[2023-04-16T23:39:23.406-0400][gc,heap     ] GC(182) Archive regions: 2->2
[2023-04-16T23:39:23.406-0400][gc,heap     ] GC(182) Humongous regions: 129->129
[2023-04-16T23:39:23.406-0400][gc,metaspace] GC(182) Metaspace: 44211K(44928K)->44211K(44928K) NonClass: 39094K(39488K)->39094K(39488K) Class: 5116K(5440K)->5116K(5440K)
[2023-04-16T23:39:23.406-0400][gc          ] GC(182) Pause Young (Normal) (G1 Evacuation Pause) 614M->152M(1024M) 24.660ms
[2023-04-16T23:39:23.406-0400][gc,cpu      ] GC(182) User=0.03s Sys=0.06s Real=0.02s
[2023-04-16T23:43:24.819-0400][gc,start    ] GC(183) Pause Young (Normal) (G1 Evacuation Pause)
[2023-04-16T23:43:24.821-0400][gc,task     ] GC(183) Using 8 workers of 8 for evacuation
[2023-04-16T23:43:24.858-0400][gc,mmu      ] GC(183) MMU target violated: 21.0ms (20.0ms/21.0ms)
[2023-04-16T23:43:24.859-0400][gc,phases   ] GC(183)   Pre Evacuate Collection Set: 17.7ms
[2023-04-16T23:43:24.859-0400][gc,phases   ] GC(183)   Merge Heap Roots: 6.4ms
[2023-04-16T23:43:24.859-0400][gc,phases   ] GC(183)   Evacuate Collection Set: 3.1ms
[2023-04-16T23:43:24.859-0400][gc,phases   ] GC(183)   Post Evacuate Collection Set: 9.7ms
[2023-04-16T23:43:24.859-0400][gc,phases   ] GC(183)   Other: 1.1ms
[2023-04-16T23:43:24.859-0400][gc,heap     ] GC(183) Eden regions: 364->0(47)
[2023-04-16T23:43:24.859-0400][gc,heap     ] GC(183) Survivor regions: 5->4(47)
[2023-04-16T23:43:24.859-0400][gc,heap     ] GC(183) Old regions: 19->19
[2023-04-16T23:43:24.859-0400][gc,heap     ] GC(183) Archive regions: 2->2
[2023-04-16T23:43:24.859-0400][gc,heap     ] GC(183) Humongous regions: 129->129
[2023-04-16T23:43:24.859-0400][gc,metaspace] GC(183) Metaspace: 44211K(44928K)->44211K(44928K) NonClass: 39094K(39488K)->39094K(39488K) Class: 5116K(5440K)->5116K(5440K)
[2023-04-16T23:43:24.859-0400][gc          ] GC(183) Pause Young (Normal) (G1 Evacuation Pause) 516M->151M(1024M) 39.446ms
[2023-04-16T23:43:24.859-0400][gc,cpu      ] GC(183) User=0.01s Sys=0.01s Real=0.04s
[2023-04-16T23:43:54.024-0400][gc,start    ] GC(184) Pause Young (Normal) (G1 Evacuation Pause)
[2023-04-16T23:43:54.026-0400][gc,task     ] GC(184) Using 8 workers of 8 for evacuation
[2023-04-16T23:43:54.033-0400][gc,phases   ] GC(184)   Pre Evacuate Collection Set: 1.5ms
[2023-04-16T23:43:54.033-0400][gc,phases   ] GC(184)   Merge Heap Roots: 0.1ms
[2023-04-16T23:43:54.033-0400][gc,phases   ] GC(184)   Evacuate Collection Set: 4.5ms
[2023-04-16T23:43:54.033-0400][gc,phases   ] GC(184)   Post Evacuate Collection Set: 0.5ms
[2023-04-16T23:43:54.033-0400][gc,phases   ] GC(184)   Other: 0.3ms
[2023-04-16T23:43:54.033-0400][gc,heap     ] GC(184) Eden regions: 47->0(47)
[2023-04-16T23:43:54.033-0400][gc,heap     ] GC(184) Survivor regions: 4->4(7)
[2023-04-16T23:43:54.033-0400][gc,heap     ] GC(184) Old regions: 19->19
[2023-04-16T23:43:54.033-0400][gc,heap     ] GC(184) Archive regions: 2->2
[2023-04-16T23:43:54.033-0400][gc,heap     ] GC(184) Humongous regions: 129->129
[2023-04-16T23:43:54.033-0400][gc,metaspace] GC(184) Metaspace: 44211K(44928K)->44211K(44928K) NonClass: 39094K(39488K)->39094K(39488K) Class: 5116K(5440K)->5116K(5440K)
[2023-04-16T23:43:54.033-0400][gc          ] GC(184) Pause Young (Normal) (G1 Evacuation Pause) 198M->151M(1024M) 9.358ms
[2023-04-16T23:43:54.033-0400][gc,cpu      ] GC(184) User=0.03s Sys=0.00s Real=0.01s
[2023-04-16T23:44:24.493-0400][gc,start    ] GC(185) Pause Young (Normal) (G1 Evacuation Pause)
[2023-04-16T23:44:24.495-0400][gc,task     ] GC(185) Using 8 workers of 8 for evacuation
[2023-04-16T23:44:24.500-0400][gc,phases   ] GC(185)   Pre Evacuate Collection Set: 1.2ms
[2023-04-16T23:44:24.500-0400][gc,phases   ] GC(185)   Merge Heap Roots: 0.0ms
[2023-04-16T23:44:24.500-0400][gc,phases   ] GC(185)   Evacuate Collection Set: 2.9ms
[2023-04-16T23:44:24.500-0400][gc,phases   ] GC(185)   Post Evacuate Collection Set: 0.4ms
[2023-04-16T23:44:24.500-0400][gc,phases   ] GC(185)   Other: 0.7ms
[2023-04-16T23:44:24.500-0400][gc,heap     ] GC(185) Eden regions: 47->0(97)
[2023-04-16T23:44:24.500-0400][gc,heap     ] GC(185) Survivor regions: 4->4(7)
[2023-04-16T23:44:24.501-0400][gc,heap     ] GC(185) Old regions: 19->19
[2023-04-16T23:44:24.501-0400][gc,heap     ] GC(185) Archive regions: 2->2
[2023-04-16T23:44:24.501-0400][gc,heap     ] GC(185) Humongous regions: 129->129
[2023-04-16T23:44:24.501-0400][gc,metaspace] GC(185) Metaspace: 44211K(44928K)->44211K(44928K) NonClass: 39094K(39488K)->39094K(39488K) Class: 5116K(5440K)->5116K(5440K)
[2023-04-16T23:44:24.501-0400][gc          ] GC(185) Pause Young (Normal) (G1 Evacuation Pause) 198M->151M(1024M) 7.696ms
[2023-04-16T23:44:24.501-0400][gc,cpu      ] GC(185) User=0.02s Sys=0.00s Real=0.01s
[2023-04-16T23:45:27.642-0400][gc,start    ] GC(186) Pause Young (Normal) (G1 Evacuation Pause)
[2023-04-16T23:45:27.642-0400][gc,task     ] GC(186) Using 8 workers of 8 for evacuation
[2023-04-16T23:45:27.650-0400][gc,phases   ] GC(186)   Pre Evacuate Collection Set: 0.2ms
[2023-04-16T23:45:27.650-0400][gc,phases   ] GC(186)   Merge Heap Roots: 0.1ms
[2023-04-16T23:45:27.650-0400][gc,phases   ] GC(186)   Evacuate Collection Set: 5.5ms
[2023-04-16T23:45:27.650-0400][gc,phases   ] GC(186)   Post Evacuate Collection Set: 2.3ms
[2023-04-16T23:45:27.650-0400][gc,phases   ] GC(186)   Other: 0.2ms
[2023-04-16T23:45:27.650-0400][gc,heap     ] GC(186) Eden regions: 97->0(241)
[2023-04-16T23:45:27.650-0400][gc,heap     ] GC(186) Survivor regions: 4->4(13)
[2023-04-16T23:45:27.650-0400][gc,heap     ] GC(186) Old regions: 19->19
[2023-04-16T23:45:27.651-0400][gc,heap     ] GC(186) Archive regions: 2->2
[2023-04-16T23:45:27.651-0400][gc,heap     ] GC(186) Humongous regions: 129->129
[2023-04-16T23:45:27.651-0400][gc,metaspace] GC(186) Metaspace: 44211K(44928K)->44211K(44928K) NonClass: 39094K(39488K)->39094K(39488K) Class: 5116K(5440K)->5116K(5440K)
[2023-04-16T23:45:27.651-0400][gc          ] GC(186) Pause Young (Normal) (G1 Evacuation Pause) 248M->152M(1024M) 8.777ms
[2023-04-16T23:45:27.651-0400][gc,cpu      ] GC(186) User=0.03s Sys=0.01s Real=0.01s
[2023-04-16T23:48:09.093-0400][gc,start    ] GC(187) Pause Young (Normal) (G1 Evacuation Pause)
[2023-04-16T23:48:09.096-0400][gc,task     ] GC(187) Using 8 workers of 8 for evacuation
[2023-04-16T23:48:09.117-0400][gc,mmu      ] GC(187) MMU target violated: 20.6ms (20.0ms/21.0ms)
[2023-04-16T23:48:09.117-0400][gc,phases   ] GC(187)   Pre Evacuate Collection Set: 1.3ms
[2023-04-16T23:48:09.117-0400][gc,phases   ] GC(187)   Merge Heap Roots: 0.2ms
[2023-04-16T23:48:09.117-0400][gc,phases   ] GC(187)   Evacuate Collection Set: 17.9ms
[2023-04-16T23:48:09.117-0400][gc,phases   ] GC(187)   Post Evacuate Collection Set: 1.0ms
[2023-04-16T23:48:09.117-0400][gc,phases   ] GC(187)   Other: 0.3ms
[2023-04-16T23:48:09.117-0400][gc,heap     ] GC(187) Eden regions: 241->0(61)
[2023-04-16T23:48:09.117-0400][gc,heap     ] GC(187) Survivor regions: 4->5(31)
[2023-04-16T23:48:09.117-0400][gc,heap     ] GC(187) Old regions: 19->19
[2023-04-16T23:48:09.117-0400][gc,heap     ] GC(187) Archive regions: 2->2
[2023-04-16T23:48:09.117-0400][gc,heap     ] GC(187) Humongous regions: 129->129
[2023-04-16T23:48:09.117-0400][gc,metaspace] GC(187) Metaspace: 44211K(44928K)->44211K(44928K) NonClass: 39094K(39488K)->39094K(39488K) Class: 5116K(5440K)->5116K(5440K)
[2023-04-16T23:48:09.117-0400][gc          ] GC(187) Pause Young (Normal) (G1 Evacuation Pause) 393M->152M(1024M) 23.777ms
[2023-04-16T23:48:09.117-0400][gc,cpu      ] GC(187) User=0.03s Sys=0.06s Real=0.02s
[2023-04-16T23:48:49.287-0400][gc,start    ] GC(188) Pause Young (Normal) (G1 Evacuation Pause)
[2023-04-16T23:48:49.288-0400][gc,task     ] GC(188) Using 8 workers of 8 for evacuation
[2023-04-16T23:48:49.294-0400][gc,phases   ] GC(188)   Pre Evacuate Collection Set: 0.2ms
[2023-04-16T23:48:49.294-0400][gc,phases   ] GC(188)   Merge Heap Roots: 0.2ms
[2023-04-16T23:48:49.294-0400][gc,phases   ] GC(188)   Evacuate Collection Set: 3.9ms
[2023-04-16T23:48:49.294-0400][gc,phases   ] GC(188)   Post Evacuate Collection Set: 0.5ms
[2023-04-16T23:48:49.294-0400][gc,phases   ] GC(188)   Other: 1.3ms
[2023-04-16T23:48:49.294-0400][gc,heap     ] GC(188) Eden regions: 61->0(355)
[2023-04-16T23:48:49.294-0400][gc,heap     ] GC(188) Survivor regions: 5->3(9)
[2023-04-16T23:48:49.294-0400][gc,heap     ] GC(188) Old regions: 19->19
[2023-04-16T23:48:49.294-0400][gc,heap     ] GC(188) Archive regions: 2->2
[2023-04-16T23:48:49.294-0400][gc,heap     ] GC(188) Humongous regions: 129->129
[2023-04-16T23:48:49.294-0400][gc,metaspace] GC(188) Metaspace: 44211K(44928K)->44211K(44928K) NonClass: 39094K(39488K)->39094K(39488K) Class: 5116K(5440K)->5116K(5440K)
[2023-04-16T23:48:49.294-0400][gc          ] GC(188) Pause Young (Normal) (G1 Evacuation Pause) 213M->151M(1024M) 6.618ms
[2023-04-16T23:48:49.294-0400][gc,cpu      ] GC(188) User=0.03s Sys=0.01s Real=0.01s
[2023-04-16T23:52:47.297-0400][gc,start    ] GC(189) Pause Young (Normal) (G1 Evacuation Pause)
[2023-04-16T23:52:47.298-0400][gc,task     ] GC(189) Using 8 workers of 8 for evacuation
[2023-04-16T23:52:47.307-0400][gc,phases   ] GC(189)   Pre Evacuate Collection Set: 0.3ms
[2023-04-16T23:52:47.307-0400][gc,phases   ] GC(189)   Merge Heap Roots: 0.2ms
[2023-04-16T23:52:47.307-0400][gc,phases   ] GC(189)   Evacuate Collection Set: 7.0ms
[2023-04-16T23:52:47.307-0400][gc,phases   ] GC(189)   Post Evacuate Collection Set: 0.7ms
[2023-04-16T23:52:47.307-0400][gc,phases   ] GC(189)   Other: 0.2ms
[2023-04-16T23:52:47.307-0400][gc,heap     ] GC(189) Eden regions: 355->0(448)
[2023-04-16T23:52:47.307-0400][gc,heap     ] GC(189) Survivor regions: 3->4(45)
[2023-04-16T23:52:47.307-0400][gc,heap     ] GC(189) Old regions: 19->19
[2023-04-16T23:52:47.307-0400][gc,heap     ] GC(189) Archive regions: 2->2
[2023-04-16T23:52:47.307-0400][gc,heap     ] GC(189) Humongous regions: 129->129
[2023-04-16T23:52:47.307-0400][gc,metaspace] GC(189) Metaspace: 44211K(44928K)->44211K(44928K) NonClass: 39094K(39488K)->39094K(39488K) Class: 5116K(5440K)->5116K(5440K)
[2023-04-16T23:52:47.307-0400][gc          ] GC(189) Pause Young (Normal) (G1 Evacuation Pause) 506M->151M(1024M) 9.497ms
[2023-04-16T23:52:47.307-0400][gc,cpu      ] GC(189) User=0.03s Sys=0.01s Real=0.01s
[2023-04-16T23:58:18.404-0400][gc,start    ] GC(190) Pause Young (Normal) (G1 Evacuation Pause)
[2023-04-16T23:58:18.405-0400][gc,task     ] GC(190) Using 8 workers of 8 for evacuation
[2023-04-16T23:58:18.419-0400][gc,phases   ] GC(190)   Pre Evacuate Collection Set: 2.2ms
[2023-04-16T23:58:18.419-0400][gc,phases   ] GC(190)   Merge Heap Roots: 0.1ms
[2023-04-16T23:58:18.419-0400][gc,phases   ] GC(190)   Evacuate Collection Set: 8.5ms
[2023-04-16T23:58:18.419-0400][gc,phases   ] GC(190)   Post Evacuate Collection Set: 1.1ms
[2023-04-16T23:58:18.419-0400][gc,phases   ] GC(190)   Other: 1.5ms
[2023-04-16T23:58:18.419-0400][gc,heap     ] GC(190) Eden regions: 448->0(458)
[2023-04-16T23:58:18.419-0400][gc,heap     ] GC(190) Survivor regions: 4->4(57)
[2023-04-16T23:58:18.419-0400][gc,heap     ] GC(190) Old regions: 19->19
[2023-04-16T23:58:18.419-0400][gc,heap     ] GC(190) Archive regions: 2->2
[2023-04-16T23:58:18.419-0400][gc,heap     ] GC(190) Humongous regions: 129->129
[2023-04-16T23:58:18.419-0400][gc,metaspace] GC(190) Metaspace: 44211K(44928K)->44211K(44928K) NonClass: 39094K(39488K)->39094K(39488K) Class: 5116K(5440K)->5116K(5440K)
[2023-04-16T23:58:18.419-0400][gc          ] GC(190) Pause Young (Normal) (G1 Evacuation Pause) 599M->151M(1024M) 14.679ms
[2023-04-16T23:58:18.419-0400][gc,cpu      ] GC(190) User=0.02s Sys=0.03s Real=0.01s
[2023-04-17T00:03:58.456-0400][gc,start    ] GC(191) Pause Young (Normal) (G1 Evacuation Pause)
[2023-04-17T00:03:58.456-0400][gc,task     ] GC(191) Using 8 workers of 8 for evacuation
[2023-04-17T00:03:58.474-0400][gc,phases   ] GC(191)   Pre Evacuate Collection Set: 0.4ms
[2023-04-17T00:03:58.474-0400][gc,phases   ] GC(191)   Merge Heap Roots: 0.2ms
[2023-04-17T00:03:58.474-0400][gc,phases   ] GC(191)   Evacuate Collection Set: 16.2ms
[2023-04-17T00:03:58.474-0400][gc,phases   ] GC(191)   Post Evacuate Collection Set: 0.5ms
[2023-04-17T00:03:58.474-0400][gc,phases   ] GC(191)   Other: 0.2ms
[2023-04-17T00:03:58.474-0400][gc,heap     ] GC(191) Eden regions: 458->0(273)
[2023-04-17T00:03:58.474-0400][gc,heap     ] GC(191) Survivor regions: 4->5(58)
[2023-04-17T00:03:58.474-0400][gc,heap     ] GC(191) Old regions: 19->19
[2023-04-17T00:03:58.474-0400][gc,heap     ] GC(191) Archive regions: 2->2
[2023-04-17T00:03:58.474-0400][gc,heap     ] GC(191) Humongous regions: 129->129
[2023-04-17T00:03:58.474-0400][gc,metaspace] GC(191) Metaspace: 44211K(44928K)->44211K(44928K) NonClass: 39094K(39488K)->39094K(39488K) Class: 5116K(5440K)->5116K(5440K)
[2023-04-17T00:03:58.474-0400][gc          ] GC(191) Pause Young (Normal) (G1 Evacuation Pause) 609M->152M(1024M) 18.309ms
[2023-04-17T00:03:58.474-0400][gc,cpu      ] GC(191) User=0.03s Sys=0.05s Real=0.02s
[2023-04-17T00:07:07.594-0400][gc,start    ] GC(192) Pause Young (Normal) (G1 Evacuation Pause)
[2023-04-17T00:07:07.595-0400][gc,task     ] GC(192) Using 8 workers of 8 for evacuation
[2023-04-17T00:07:07.616-0400][gc,mmu      ] GC(192) MMU target violated: 20.9ms (20.0ms/21.0ms)
[2023-04-17T00:07:07.617-0400][gc,phases   ] GC(192)   Pre Evacuate Collection Set: 5.2ms
[2023-04-17T00:07:07.617-0400][gc,phases   ] GC(192)   Merge Heap Roots: 0.4ms
[2023-04-17T00:07:07.617-0400][gc,phases   ] GC(192)   Evacuate Collection Set: 7.7ms
[2023-04-17T00:07:07.617-0400][gc,phases   ] GC(192)   Post Evacuate Collection Set: 3.9ms
[2023-04-17T00:07:07.617-0400][gc,phases   ] GC(192)   Other: 4.2ms
[2023-04-17T00:07:07.617-0400][gc,heap     ] GC(192) Eden regions: 273->0(281)
[2023-04-17T00:07:07.617-0400][gc,heap     ] GC(192) Survivor regions: 5->4(35)
[2023-04-17T00:07:07.617-0400][gc,heap     ] GC(192) Old regions: 19->19
[2023-04-17T00:07:07.617-0400][gc,heap     ] GC(192) Archive regions: 2->2
[2023-04-17T00:07:07.617-0400][gc,heap     ] GC(192) Humongous regions: 129->129
[2023-04-17T00:07:07.617-0400][gc,metaspace] GC(192) Metaspace: 44211K(44928K)->44211K(44928K) NonClass: 39094K(39488K)->39094K(39488K) Class: 5116K(5440K)->5116K(5440K)
[2023-04-17T00:07:07.617-0400][gc          ] GC(192) Pause Young (Normal) (G1 Evacuation Pause) 425M->151M(1024M) 23.258ms
[2023-04-17T00:07:07.617-0400][gc,cpu      ] GC(192) User=0.02s Sys=0.05s Real=0.02s
[2023-04-17T00:10:17.584-0400][gc,start    ] GC(193) Pause Young (Normal) (G1 Evacuation Pause)
[2023-04-17T00:10:17.588-0400][gc,task     ] GC(193) Using 8 workers of 8 for evacuation
[2023-04-17T00:10:17.603-0400][gc,phases   ] GC(193)   Pre Evacuate Collection Set: 1.0ms
[2023-04-17T00:10:17.603-0400][gc,phases   ] GC(193)   Merge Heap Roots: 0.2ms
[2023-04-17T00:10:17.603-0400][gc,phases   ] GC(193)   Evacuate Collection Set: 10.7ms
[2023-04-17T00:10:17.603-0400][gc,phases   ] GC(193)   Post Evacuate Collection Set: 0.9ms
[2023-04-17T00:10:17.603-0400][gc,phases   ] GC(193)   Other: 2.4ms
[2023-04-17T00:10:17.603-0400][gc,heap     ] GC(193) Eden regions: 281->0(291)
[2023-04-17T00:10:17.603-0400][gc,heap     ] GC(193) Survivor regions: 4->4(36)
[2023-04-17T00:10:17.603-0400][gc,heap     ] GC(193) Old regions: 19->19
[2023-04-17T00:10:17.603-0400][gc,heap     ] GC(193) Archive regions: 2->2
[2023-04-17T00:10:17.603-0400][gc,heap     ] GC(193) Humongous regions: 129->129
[2023-04-17T00:10:17.603-0400][gc,metaspace] GC(193) Metaspace: 44211K(44928K)->44211K(44928K) NonClass: 39094K(39488K)->39094K(39488K) Class: 5116K(5440K)->5116K(5440K)
[2023-04-17T00:10:17.604-0400][gc          ] GC(193) Pause Young (Normal) (G1 Evacuation Pause) 432M->152M(1024M) 18.927ms
[2023-04-17T00:10:17.604-0400][gc,cpu      ] GC(193) User=0.03s Sys=0.04s Real=0.02s
[2023-04-17T00:13:49.661-0400][gc,start    ] GC(194) Pause Young (Normal) (G1 Evacuation Pause)
[2023-04-17T00:13:49.661-0400][gc,task     ] GC(194) Using 8 workers of 8 for evacuation
[2023-04-17T00:13:49.681-0400][gc,phases   ] GC(194)   Pre Evacuate Collection Set: 3.5ms
[2023-04-17T00:13:49.681-0400][gc,phases   ] GC(194)   Merge Heap Roots: 0.8ms
[2023-04-17T00:13:49.681-0400][gc,phases   ] GC(194)   Evacuate Collection Set: 11.4ms
[2023-04-17T00:13:49.681-0400][gc,phases   ] GC(194)   Post Evacuate Collection Set: 2.4ms
[2023-04-17T00:13:49.681-0400][gc,phases   ] GC(194)   Other: 1.6ms
[2023-04-17T00:13:49.681-0400][gc,heap     ] GC(194) Eden regions: 291->0(319)
[2023-04-17T00:13:49.681-0400][gc,heap     ] GC(194) Survivor regions: 4->3(37)
[2023-04-17T00:13:49.681-0400][gc,heap     ] GC(194) Old regions: 19->19
[2023-04-17T00:13:49.681-0400][gc,heap     ] GC(194) Archive regions: 2->2
[2023-04-17T00:13:49.681-0400][gc,heap     ] GC(194) Humongous regions: 129->129
[2023-04-17T00:13:49.681-0400][gc,metaspace] GC(194) Metaspace: 44211K(44928K)->44211K(44928K) NonClass: 39094K(39488K)->39094K(39488K) Class: 5116K(5440K)->5116K(5440K)
[2023-04-17T00:13:49.681-0400][gc          ] GC(194) Pause Young (Normal) (G1 Evacuation Pause) 443M->151M(1024M) 20.547ms
[2023-04-17T00:13:49.682-0400][gc,cpu      ] GC(194) User=0.01s Sys=0.05s Real=0.02s
[2023-04-17T00:17:21.511-0400][gc,start    ] GC(195) Pause Young (Normal) (G1 Evacuation Pause)
[2023-04-17T00:17:21.512-0400][gc,task     ] GC(195) Using 8 workers of 8 for evacuation
[2023-04-17T00:17:21.528-0400][gc,phases   ] GC(195)   Pre Evacuate Collection Set: 0.2ms
[2023-04-17T00:17:21.528-0400][gc,phases   ] GC(195)   Merge Heap Roots: 0.1ms
[2023-04-17T00:17:21.528-0400][gc,phases   ] GC(195)   Evacuate Collection Set: 9.1ms
[2023-04-17T00:17:21.528-0400][gc,phases   ] GC(195)   Post Evacuate Collection Set: 0.9ms
[2023-04-17T00:17:21.528-0400][gc,phases   ] GC(195)   Other: 5.8ms
[2023-04-17T00:17:21.528-0400][gc,heap     ] GC(195) Eden regions: 319->0(267)
[2023-04-17T00:17:21.528-0400][gc,heap     ] GC(195) Survivor regions: 3->4(41)
[2023-04-17T00:17:21.528-0400][gc,heap     ] GC(195) Old regions: 19->19
[2023-04-17T00:17:21.528-0400][gc,heap     ] GC(195) Archive regions: 2->2
[2023-04-17T00:17:21.528-0400][gc,heap     ] GC(195) Humongous regions: 129->129
[2023-04-17T00:17:21.528-0400][gc,metaspace] GC(195) Metaspace: 44211K(44928K)->44211K(44928K) NonClass: 39094K(39488K)->39094K(39488K) Class: 5116K(5440K)->5116K(5440K)
[2023-04-17T00:17:21.528-0400][gc          ] GC(195) Pause Young (Normal) (G1 Evacuation Pause) 470M->151M(1024M) 17.684ms
[2023-04-17T00:17:21.528-0400][gc,cpu      ] GC(195) User=0.02s Sys=0.02s Real=0.01s
[2023-04-17T00:20:18.812-0400][gc,start    ] GC(196) Pause Young (Normal) (G1 Evacuation Pause)
[2023-04-17T00:20:18.812-0400][gc,task     ] GC(196) Using 8 workers of 8 for evacuation
[2023-04-17T00:20:18.823-0400][gc,phases   ] GC(196)   Pre Evacuate Collection Set: 2.1ms
[2023-04-17T00:20:18.823-0400][gc,phases   ] GC(196)   Merge Heap Roots: 0.2ms
[2023-04-17T00:20:18.823-0400][gc,phases   ] GC(196)   Evacuate Collection Set: 5.3ms
[2023-04-17T00:20:18.823-0400][gc,phases   ] GC(196)   Post Evacuate Collection Set: 2.5ms
[2023-04-17T00:20:18.823-0400][gc,phases   ] GC(196)   Other: 1.0ms
[2023-04-17T00:20:18.823-0400][gc,heap     ] GC(196) Eden regions: 267->0(400)
[2023-04-17T00:20:18.824-0400][gc,heap     ] GC(196) Survivor regions: 4->4(34)
[2023-04-17T00:20:18.824-0400][gc,heap     ] GC(196) Old regions: 19->19
[2023-04-17T00:20:18.824-0400][gc,heap     ] GC(196) Archive regions: 2->2
[2023-04-17T00:20:18.824-0400][gc,heap     ] GC(196) Humongous regions: 129->129
[2023-04-17T00:20:18.824-0400][gc,metaspace] GC(196) Metaspace: 44211K(44928K)->44211K(44928K) NonClass: 39094K(39488K)->39094K(39488K) Class: 5116K(5440K)->5116K(5440K)
[2023-04-17T00:20:18.825-0400][gc          ] GC(196) Pause Young (Normal) (G1 Evacuation Pause) 418M->152M(1024M) 11.942ms
[2023-04-17T00:20:18.825-0400][gc,cpu      ] GC(196) User=0.04s Sys=0.01s Real=0.01s
[2023-04-17T00:24:43.484-0400][gc,start    ] GC(197) Pause Young (Normal) (G1 Evacuation Pause)
[2023-04-17T00:24:43.485-0400][gc,task     ] GC(197) Using 8 workers of 8 for evacuation
[2023-04-17T00:24:43.499-0400][gc,phases   ] GC(197)   Pre Evacuate Collection Set: 0.5ms
[2023-04-17T00:24:43.499-0400][gc,phases   ] GC(197)   Merge Heap Roots: 0.2ms
[2023-04-17T00:24:43.499-0400][gc,phases   ] GC(197)   Evacuate Collection Set: 13.3ms
[2023-04-17T00:24:43.499-0400][gc,phases   ] GC(197)   Post Evacuate Collection Set: 0.5ms
[2023-04-17T00:24:43.499-0400][gc,phases   ] GC(197)   Other: 0.2ms
[2023-04-17T00:24:43.499-0400][gc,heap     ] GC(197) Eden regions: 400->0(258)
[2023-04-17T00:24:43.499-0400][gc,heap     ] GC(197) Survivor regions: 4->4(51)
[2023-04-17T00:24:43.499-0400][gc,heap     ] GC(197) Old regions: 19->19
[2023-04-17T00:24:43.499-0400][gc,heap     ] GC(197) Archive regions: 2->2
[2023-04-17T00:24:43.499-0400][gc,heap     ] GC(197) Humongous regions: 129->129
[2023-04-17T00:24:43.499-0400][gc,metaspace] GC(197) Metaspace: 44211K(44928K)->44211K(44928K) NonClass: 39094K(39488K)->39094K(39488K) Class: 5116K(5440K)->5116K(5440K)
[2023-04-17T00:24:43.499-0400][gc          ] GC(197) Pause Young (Normal) (G1 Evacuation Pause) 552M->152M(1024M) 15.409ms
[2023-04-17T00:24:43.499-0400][gc,cpu      ] GC(197) User=0.03s Sys=0.04s Real=0.01s
[2023-04-17T00:27:32.221-0400][gc,start    ] GC(198) Pause Young (Normal) (G1 Evacuation Pause)
[2023-04-17T00:27:32.223-0400][gc,task     ] GC(198) Using 8 workers of 8 for evacuation
[2023-04-17T00:27:32.231-0400][gc,phases   ] GC(198)   Pre Evacuate Collection Set: 0.4ms
[2023-04-17T00:27:32.231-0400][gc,phases   ] GC(198)   Merge Heap Roots: 0.3ms
[2023-04-17T00:27:32.231-0400][gc,phases   ] GC(198)   Evacuate Collection Set: 5.3ms
[2023-04-17T00:27:32.231-0400][gc,phases   ] GC(198)   Post Evacuate Collection Set: 1.7ms
[2023-04-17T00:27:32.231-0400][gc,phases   ] GC(198)   Other: 0.4ms
[2023-04-17T00:27:32.231-0400][gc,heap     ] GC(198) Eden regions: 258->0(368)
[2023-04-17T00:27:32.231-0400][gc,heap     ] GC(198) Survivor regions: 4->5(33)
[2023-04-17T00:27:32.232-0400][gc,heap     ] GC(198) Old regions: 19->19
[2023-04-17T00:27:32.232-0400][gc,heap     ] GC(198) Archive regions: 2->2
[2023-04-17T00:27:32.232-0400][gc,heap     ] GC(198) Humongous regions: 129->129
[2023-04-17T00:27:32.232-0400][gc,metaspace] GC(198) Metaspace: 44211K(44928K)->44211K(44928K) NonClass: 39094K(39488K)->39094K(39488K) Class: 5116K(5440K)->5116K(5440K)
[2023-04-17T00:27:32.232-0400][gc          ] GC(198) Pause Young (Normal) (G1 Evacuation Pause) 410M->153M(1024M) 10.201ms
[2023-04-17T00:27:32.232-0400][gc,cpu      ] GC(198) User=0.03s Sys=0.01s Real=0.01s
[2023-04-17T00:31:37.202-0400][gc,start    ] GC(199) Pause Young (Normal) (G1 Evacuation Pause)
[2023-04-17T00:31:37.204-0400][gc,task     ] GC(199) Using 8 workers of 8 for evacuation
[2023-04-17T00:31:37.220-0400][gc,phases   ] GC(199)   Pre Evacuate Collection Set: 0.5ms
[2023-04-17T00:31:37.220-0400][gc,phases   ] GC(199)   Merge Heap Roots: 0.1ms
[2023-04-17T00:31:37.220-0400][gc,phases   ] GC(199)   Evacuate Collection Set: 12.7ms
[2023-04-17T00:31:37.220-0400][gc,phases   ] GC(199)   Post Evacuate Collection Set: 1.0ms
[2023-04-17T00:31:37.220-0400][gc,phases   ] GC(199)   Other: 1.6ms
[2023-04-17T00:31:37.220-0400][gc,heap     ] GC(199) Eden regions: 368->0(502)
[2023-04-17T00:31:37.220-0400][gc,heap     ] GC(199) Survivor regions: 5->4(47)
[2023-04-17T00:31:37.220-0400][gc,heap     ] GC(199) Old regions: 19->19
[2023-04-17T00:31:37.220-0400][gc,heap     ] GC(199) Archive regions: 2->2
[2023-04-17T00:31:37.220-0400][gc,heap     ] GC(199) Humongous regions: 129->129
[2023-04-17T00:31:37.220-0400][gc,metaspace] GC(199) Metaspace: 44211K(44928K)->44211K(44928K) NonClass: 39094K(39488K)->39094K(39488K) Class: 5116K(5440K)->5116K(5440K)
[2023-04-17T00:31:37.220-0400][gc          ] GC(199) Pause Young (Normal) (G1 Evacuation Pause) 521M->152M(1024M) 17.775ms
[2023-04-17T00:31:37.220-0400][gc,cpu      ] GC(199) User=0.02s Sys=0.04s Real=0.02s
[2023-04-17T00:37:11.535-0400][gc,start    ] GC(200) Pause Young (Normal) (G1 Evacuation Pause)
[2023-04-17T00:37:11.536-0400][gc,task     ] GC(200) Using 8 workers of 8 for evacuation
[2023-04-17T00:37:11.570-0400][gc,mmu      ] GC(200) MMU target violated: 21.0ms (20.0ms/21.0ms)
[2023-04-17T00:37:11.570-0400][gc,phases   ] GC(200)   Pre Evacuate Collection Set: 2.2ms
[2023-04-17T00:37:11.570-0400][gc,phases   ] GC(200)   Merge Heap Roots: 0.8ms
[2023-04-17T00:37:11.570-0400][gc,phases   ] GC(200)   Evacuate Collection Set: 28.7ms
[2023-04-17T00:37:11.570-0400][gc,phases   ] GC(200)   Post Evacuate Collection Set: 1.7ms
[2023-04-17T00:37:11.570-0400][gc,phases   ] GC(200)   Other: 1.4ms
[2023-04-17T00:37:11.570-0400][gc,heap     ] GC(200) Eden regions: 502->0(177)
[2023-04-17T00:37:11.570-0400][gc,heap     ] GC(200) Survivor regions: 4->5(64)
[2023-04-17T00:37:11.570-0400][gc,heap     ] GC(200) Old regions: 19->19
[2023-04-17T00:37:11.570-0400][gc,heap     ] GC(200) Archive regions: 2->2
[2023-04-17T00:37:11.570-0400][gc,heap     ] GC(200) Humongous regions: 129->129
[2023-04-17T00:37:11.570-0400][gc,metaspace] GC(200) Metaspace: 44211K(44928K)->44211K(44928K) NonClass: 39094K(39488K)->39094K(39488K) Class: 5116K(5440K)->5116K(5440K)
[2023-04-17T00:37:11.570-0400][gc          ] GC(200) Pause Young (Normal) (G1 Evacuation Pause) 654M->153M(1024M) 35.377ms
[2023-04-17T00:37:11.570-0400][gc,cpu      ] GC(200) User=0.03s Sys=0.05s Real=0.04s
[2023-04-17T00:39:08.155-0400][gc,start    ] GC(201) Pause Young (Normal) (G1 Evacuation Pause)
[2023-04-17T00:39:08.156-0400][gc,task     ] GC(201) Using 8 workers of 8 for evacuation
[2023-04-17T00:39:08.168-0400][gc,phases   ] GC(201)   Pre Evacuate Collection Set: 2.8ms
[2023-04-17T00:39:08.168-0400][gc,phases   ] GC(201)   Merge Heap Roots: 0.1ms
[2023-04-17T00:39:08.168-0400][gc,phases   ] GC(201)   Evacuate Collection Set: 3.5ms
[2023-04-17T00:39:08.168-0400][gc,phases   ] GC(201)   Post Evacuate Collection Set: 2.0ms
[2023-04-17T00:39:08.168-0400][gc,phases   ] GC(201)   Other: 3.4ms
[2023-04-17T00:39:08.168-0400][gc,heap     ] GC(201) Eden regions: 177->0(464)
[2023-04-17T00:39:08.168-0400][gc,heap     ] GC(201) Survivor regions: 5->4(23)
[2023-04-17T00:39:08.168-0400][gc,heap     ] GC(201) Old regions: 19->19
[2023-04-17T00:39:08.168-0400][gc,heap     ] GC(201) Archive regions: 2->2
[2023-04-17T00:39:08.168-0400][gc,heap     ] GC(201) Humongous regions: 129->129
[2023-04-17T00:39:08.168-0400][gc,metaspace] GC(201) Metaspace: 44211K(44928K)->44211K(44928K) NonClass: 39095K(39488K)->39095K(39488K) Class: 5116K(5440K)->5116K(5440K)
[2023-04-17T00:39:08.168-0400][gc          ] GC(201) Pause Young (Normal) (G1 Evacuation Pause) 330M->152M(1024M) 12.887ms
[2023-04-17T00:39:08.169-0400][gc,cpu      ] GC(201) User=0.02s Sys=0.01s Real=0.01s
[2023-04-17T00:44:15.015-0400][gc,start    ] GC(202) Pause Young (Normal) (G1 Evacuation Pause)
[2023-04-17T00:44:15.017-0400][gc,task     ] GC(202) Using 8 workers of 8 for evacuation
[2023-04-17T00:44:15.027-0400][gc,phases   ] GC(202)   Pre Evacuate Collection Set: 1.7ms
[2023-04-17T00:44:15.027-0400][gc,phases   ] GC(202)   Merge Heap Roots: 0.2ms
[2023-04-17T00:44:15.027-0400][gc,phases   ] GC(202)   Evacuate Collection Set: 5.6ms
[2023-04-17T00:44:15.027-0400][gc,phases   ] GC(202)   Post Evacuate Collection Set: 1.7ms
[2023-04-17T00:44:15.027-0400][gc,phases   ] GC(202)   Other: 0.3ms
[2023-04-17T00:44:15.027-0400][gc,heap     ] GC(202) Eden regions: 464->0(609)
[2023-04-17T00:44:15.027-0400][gc,heap     ] GC(202) Survivor regions: 4->5(59)
[2023-04-17T00:44:15.027-0400][gc,heap     ] GC(202) Old regions: 19->19
[2023-04-17T00:44:15.027-0400][gc,heap     ] GC(202) Archive regions: 2->2
[2023-04-17T00:44:15.027-0400][gc,heap     ] GC(202) Humongous regions: 129->129
[2023-04-17T00:44:15.027-0400][gc,metaspace] GC(202) Metaspace: 44211K(44928K)->44211K(44928K) NonClass: 39095K(39488K)->39095K(39488K) Class: 5116K(5440K)->5116K(5440K)
[2023-04-17T00:44:15.027-0400][gc          ] GC(202) Pause Young (Normal) (G1 Evacuation Pause) 616M->152M(1024M) 11.831ms
[2023-04-17T00:44:15.027-0400][gc,cpu      ] GC(202) User=0.03s Sys=0.00s Real=0.01s
[2023-04-17T00:51:06.672-0400][gc,start    ] GC(203) Pause Young (Normal) (G1 Evacuation Pause)
[2023-04-17T00:51:06.674-0400][gc,task     ] GC(203) Using 8 workers of 8 for evacuation
[2023-04-17T00:51:06.701-0400][gc,mmu      ] GC(203) MMU target violated: 21.0ms (20.0ms/21.0ms)
[2023-04-17T00:51:06.701-0400][gc,phases   ] GC(203)   Pre Evacuate Collection Set: 1.8ms
[2023-04-17T00:51:06.701-0400][gc,phases   ] GC(203)   Merge Heap Roots: 0.3ms
[2023-04-17T00:51:06.701-0400][gc,phases   ] GC(203)   Evacuate Collection Set: 18.8ms
[2023-04-17T00:51:06.701-0400][gc,phases   ] GC(203)   Post Evacuate Collection Set: 5.3ms
[2023-04-17T00:51:06.701-0400][gc,phases   ] GC(203)   Other: 1.1ms
[2023-04-17T00:51:06.701-0400][gc,heap     ] GC(203) Eden regions: 609->0(298)
[2023-04-17T00:51:06.701-0400][gc,heap     ] GC(203) Survivor regions: 5->5(77)
[2023-04-17T00:51:06.701-0400][gc,heap     ] GC(203) Old regions: 19->19
[2023-04-17T00:51:06.701-0400][gc,heap     ] GC(203) Archive regions: 2->2
[2023-04-17T00:51:06.701-0400][gc,heap     ] GC(203) Humongous regions: 129->129
[2023-04-17T00:51:06.701-0400][gc,metaspace] GC(203) Metaspace: 44211K(44928K)->44211K(44928K) NonClass: 39095K(39488K)->39095K(39488K) Class: 5116K(5440K)->5116K(5440K)
[2023-04-17T00:51:06.701-0400][gc          ] GC(203) Pause Young (Normal) (G1 Evacuation Pause) 761M->152M(1024M) 28.867ms
[2023-04-17T00:51:06.701-0400][gc,cpu      ] GC(203) User=0.03s Sys=0.05s Real=0.03s
[2023-04-17T00:54:26.800-0400][gc,start    ] GC(204) Pause Young (Normal) (G1 Evacuation Pause)
[2023-04-17T00:54:26.801-0400][gc,task     ] GC(204) Using 8 workers of 8 for evacuation
[2023-04-17T00:54:26.825-0400][gc,mmu      ] GC(204) MMU target violated: 21.0ms (20.0ms/21.0ms)
[2023-04-17T00:54:26.825-0400][gc,phases   ] GC(204)   Pre Evacuate Collection Set: 4.6ms
[2023-04-17T00:54:26.825-0400][gc,phases   ] GC(204)   Merge Heap Roots: 0.2ms
[2023-04-17T00:54:26.825-0400][gc,phases   ] GC(204)   Evacuate Collection Set: 14.3ms
[2023-04-17T00:54:26.825-0400][gc,phases   ] GC(204)   Post Evacuate Collection Set: 1.9ms
[2023-04-17T00:54:26.825-0400][gc,phases   ] GC(204)   Other: 2.9ms
[2023-04-17T00:54:26.825-0400][gc,heap     ] GC(204) Eden regions: 298->0(238)
[2023-04-17T00:54:26.825-0400][gc,heap     ] GC(204) Survivor regions: 5->5(38)
[2023-04-17T00:54:26.825-0400][gc,heap     ] GC(204) Old regions: 19->19
[2023-04-17T00:54:26.825-0400][gc,heap     ] GC(204) Archive regions: 2->2
[2023-04-17T00:54:26.825-0400][gc,heap     ] GC(204) Humongous regions: 129->129
[2023-04-17T00:54:26.825-0400][gc,metaspace] GC(204) Metaspace: 44211K(44928K)->44211K(44928K) NonClass: 39095K(39488K)->39095K(39488K) Class: 5116K(5440K)->5116K(5440K)
[2023-04-17T00:54:26.825-0400][gc          ] GC(204) Pause Young (Normal) (G1 Evacuation Pause) 450M->153M(1024M) 24.698ms
[2023-04-17T00:54:26.825-0400][gc,cpu      ] GC(204) User=0.02s Sys=0.07s Real=0.02s
[2023-04-17T00:57:04.373-0400][gc,start    ] GC(205) Pause Young (Normal) (G1 Evacuation Pause)
[2023-04-17T00:57:04.375-0400][gc,task     ] GC(205) Using 8 workers of 8 for evacuation
[2023-04-17T00:57:04.383-0400][gc,phases   ] GC(205)   Pre Evacuate Collection Set: 0.2ms
[2023-04-17T00:57:04.383-0400][gc,phases   ] GC(205)   Merge Heap Roots: 0.1ms
[2023-04-17T00:57:04.383-0400][gc,phases   ] GC(205)   Evacuate Collection Set: 6.1ms
[2023-04-17T00:57:04.383-0400][gc,phases   ] GC(205)   Post Evacuate Collection Set: 1.0ms
[2023-04-17T00:57:04.383-0400][gc,phases   ] GC(205)   Other: 0.7ms
[2023-04-17T00:57:04.383-0400][gc,heap     ] GC(205) Eden regions: 238->0(610)
[2023-04-17T00:57:04.383-0400][gc,heap     ] GC(205) Survivor regions: 5->4(31)
[2023-04-17T00:57:04.383-0400][gc,heap     ] GC(205) Old regions: 19->19
[2023-04-17T00:57:04.383-0400][gc,heap     ] GC(205) Archive regions: 2->2
[2023-04-17T00:57:04.383-0400][gc,heap     ] GC(205) Humongous regions: 129->129
[2023-04-17T00:57:04.383-0400][gc,metaspace] GC(205) Metaspace: 44211K(44928K)->44211K(44928K) NonClass: 39095K(39488K)->39095K(39488K) Class: 5116K(5440K)->5116K(5440K)
[2023-04-17T00:57:04.383-0400][gc          ] GC(205) Pause Young (Normal) (G1 Evacuation Pause) 391M->152M(1024M) 10.023ms
[2023-04-17T00:57:04.383-0400][gc,cpu      ] GC(205) User=0.02s Sys=0.01s Real=0.01s
[2023-04-17T01:03:51.730-0400][gc,start    ] GC(206) Pause Young (Normal) (G1 Evacuation Pause)
[2023-04-17T01:03:51.731-0400][gc,task     ] GC(206) Using 8 workers of 8 for evacuation
[2023-04-17T01:03:51.749-0400][gc,phases   ] GC(206)   Pre Evacuate Collection Set: 2.8ms
[2023-04-17T01:03:51.749-0400][gc,phases   ] GC(206)   Merge Heap Roots: 0.3ms
[2023-04-17T01:03:51.749-0400][gc,phases   ] GC(206)   Evacuate Collection Set: 11.3ms
[2023-04-17T01:03:51.749-0400][gc,phases   ] GC(206)   Post Evacuate Collection Set: 2.3ms
[2023-04-17T01:03:51.749-0400][gc,phases   ] GC(206)   Other: 0.7ms
[2023-04-17T01:03:51.749-0400][gc,heap     ] GC(206) Eden regions: 610->0(589)
[2023-04-17T01:03:51.749-0400][gc,heap     ] GC(206) Survivor regions: 4->4(77)
[2023-04-17T01:03:51.749-0400][gc,heap     ] GC(206) Old regions: 19->19
[2023-04-17T01:03:51.749-0400][gc,heap     ] GC(206) Archive regions: 2->2
[2023-04-17T01:03:51.749-0400][gc,heap     ] GC(206) Humongous regions: 129->129
[2023-04-17T01:03:51.749-0400][gc,metaspace] GC(206) Metaspace: 44216K(44928K)->44216K(44928K) NonClass: 39100K(39488K)->39100K(39488K) Class: 5116K(5440K)->5116K(5440K)
[2023-04-17T01:03:51.749-0400][gc          ] GC(206) Pause Young (Normal) (G1 Evacuation Pause) 762M->152M(1024M) 18.481ms
[2023-04-17T01:03:51.750-0400][gc,cpu      ] GC(206) User=0.04s Sys=0.04s Real=0.02s
[2023-04-17T01:10:26.589-0400][gc,start    ] GC(207) Pause Young (Normal) (G1 Evacuation Pause)
[2023-04-17T01:10:26.591-0400][gc,task     ] GC(207) Using 8 workers of 8 for evacuation
[2023-04-17T01:10:26.610-0400][gc,phases   ] GC(207)   Pre Evacuate Collection Set: 3.7ms
[2023-04-17T01:10:26.610-0400][gc,phases   ] GC(207)   Merge Heap Roots: 1.7ms
[2023-04-17T01:10:26.610-0400][gc,phases   ] GC(207)   Evacuate Collection Set: 10.5ms
[2023-04-17T01:10:26.610-0400][gc,phases   ] GC(207)   Post Evacuate Collection Set: 2.4ms
[2023-04-17T01:10:26.610-0400][gc,phases   ] GC(207)   Other: 0.8ms
[2023-04-17T01:10:26.610-0400][gc,heap     ] GC(207) Eden regions: 589->0(447)
[2023-04-17T01:10:26.610-0400][gc,heap     ] GC(207) Survivor regions: 4->5(75)
[2023-04-17T01:10:26.610-0400][gc,heap     ] GC(207) Old regions: 19->19
[2023-04-17T01:10:26.610-0400][gc,heap     ] GC(207) Archive regions: 2->2
[2023-04-17T01:10:26.610-0400][gc,heap     ] GC(207) Humongous regions: 129->129
[2023-04-17T01:10:26.610-0400][gc,metaspace] GC(207) Metaspace: 44218K(44928K)->44218K(44928K) NonClass: 39102K(39488K)->39102K(39488K) Class: 5116K(5440K)->5116K(5440K)
[2023-04-17T01:10:26.610-0400][gc          ] GC(207) Pause Young (Normal) (G1 Evacuation Pause) 741M->153M(1024M) 21.132ms
[2023-04-17T01:10:26.610-0400][gc,cpu      ] GC(207) User=0.04s Sys=0.04s Real=0.03s
[2023-04-17T01:15:24.597-0400][gc,start    ] GC(208) Pause Young (Normal) (G1 Evacuation Pause)
[2023-04-17T01:15:24.598-0400][gc,task     ] GC(208) Using 8 workers of 8 for evacuation
[2023-04-17T01:15:24.633-0400][gc,mmu      ] GC(208) MMU target violated: 21.0ms (20.0ms/21.0ms)
[2023-04-17T01:15:24.634-0400][gc,phases   ] GC(208)   Pre Evacuate Collection Set: 4.6ms
[2023-04-17T01:15:24.634-0400][gc,phases   ] GC(208)   Merge Heap Roots: 0.8ms
[2023-04-17T01:15:24.634-0400][gc,phases   ] GC(208)   Evacuate Collection Set: 26.9ms
[2023-04-17T01:15:24.634-0400][gc,phases   ] GC(208)   Post Evacuate Collection Set: 0.5ms
[2023-04-17T01:15:24.634-0400][gc,phases   ] GC(208)   Other: 3.1ms
[2023-04-17T01:15:24.634-0400][gc,heap     ] GC(208) Eden regions: 447->0(499)
[2023-04-17T01:15:24.634-0400][gc,heap     ] GC(208) Survivor regions: 5->4(57)
[2023-04-17T01:15:24.634-0400][gc,heap     ] GC(208) Old regions: 19->19
[2023-04-17T01:15:24.634-0400][gc,heap     ] GC(208) Archive regions: 2->2
[2023-04-17T01:15:24.634-0400][gc,heap     ] GC(208) Humongous regions: 129->129
[2023-04-17T01:15:24.634-0400][gc,metaspace] GC(208) Metaspace: 44218K(44928K)->44218K(44928K) NonClass: 39102K(39488K)->39102K(39488K) Class: 5116K(5440K)->5116K(5440K)
[2023-04-17T01:15:24.634-0400][gc          ] GC(208) Pause Young (Normal) (G1 Evacuation Pause) 600M->152M(1024M) 36.947ms
[2023-04-17T01:15:24.634-0400][gc,cpu      ] GC(208) User=0.05s Sys=0.03s Real=0.04s
[2023-04-17T01:20:59.680-0400][gc,start    ] GC(209) Pause Young (Normal) (G1 Evacuation Pause)
[2023-04-17T01:20:59.682-0400][gc,task     ] GC(209) Using 8 workers of 8 for evacuation
[2023-04-17T01:20:59.701-0400][gc,phases   ] GC(209)   Pre Evacuate Collection Set: 2.4ms
[2023-04-17T01:20:59.701-0400][gc,phases   ] GC(209)   Merge Heap Roots: 0.1ms
[2023-04-17T01:20:59.701-0400][gc,phases   ] GC(209)   Evacuate Collection Set: 13.7ms
[2023-04-17T01:20:59.701-0400][gc,phases   ] GC(209)   Post Evacuate Collection Set: 3.1ms
[2023-04-17T01:20:59.701-0400][gc,phases   ] GC(209)   Other: 0.2ms
[2023-04-17T01:20:59.701-0400][gc,heap     ] GC(209) Eden regions: 499->0(452)
[2023-04-17T01:20:59.701-0400][gc,heap     ] GC(209) Survivor regions: 4->4(63)
[2023-04-17T01:20:59.701-0400][gc,heap     ] GC(209) Old regions: 19->19
[2023-04-17T01:20:59.701-0400][gc,heap     ] GC(209) Archive regions: 2->2
[2023-04-17T01:20:59.701-0400][gc,heap     ] GC(209) Humongous regions: 129->129
[2023-04-17T01:20:59.701-0400][gc,metaspace] GC(209) Metaspace: 44219K(44928K)->44219K(44928K) NonClass: 39103K(39488K)->39103K(39488K) Class: 5116K(5440K)->5116K(5440K)
[2023-04-17T01:20:59.702-0400][gc          ] GC(209) Pause Young (Normal) (G1 Evacuation Pause) 651M->152M(1024M) 20.913ms
[2023-04-17T01:20:59.702-0400][gc,cpu      ] GC(209) User=0.02s Sys=0.03s Real=0.02s
[2023-04-17T01:25:58.569-0400][gc,start    ] GC(210) Pause Young (Normal) (G1 Evacuation Pause)
[2023-04-17T01:25:58.570-0400][gc,task     ] GC(210) Using 8 workers of 8 for evacuation
[2023-04-17T01:25:58.711-0400][gc,mmu      ] GC(210) MMU target violated: 21.0ms (20.0ms/21.0ms)
[2023-04-17T01:25:58.711-0400][gc,phases   ] GC(210)   Pre Evacuate Collection Set: 8.2ms
[2023-04-17T01:25:58.711-0400][gc,phases   ] GC(210)   Merge Heap Roots: 1.4ms
[2023-04-17T01:25:58.711-0400][gc,phases   ] GC(210)   Evacuate Collection Set: 119.5ms
[2023-04-17T01:25:58.711-0400][gc,phases   ] GC(210)   Post Evacuate Collection Set: 7.0ms
[2023-04-17T01:25:58.711-0400][gc,phases   ] GC(210)   Other: 4.4ms
[2023-04-17T01:25:58.711-0400][gc,heap     ] GC(210) Eden regions: 452->0(47)
[2023-04-17T01:25:58.711-0400][gc,heap     ] GC(210) Survivor regions: 4->4(57)
[2023-04-17T01:25:58.711-0400][gc,heap     ] GC(210) Old regions: 19->20
[2023-04-17T01:25:58.711-0400][gc,heap     ] GC(210) Archive regions: 2->2
[2023-04-17T01:25:58.711-0400][gc,heap     ] GC(210) Humongous regions: 129->129
[2023-04-17T01:25:58.711-0400][gc,metaspace] GC(210) Metaspace: 44220K(44928K)->44220K(44928K) NonClass: 39104K(39488K)->39104K(39488K) Class: 5116K(5440K)->5116K(5440K)
[2023-04-17T01:25:58.712-0400][gc          ] GC(210) Pause Young (Normal) (G1 Evacuation Pause) 604M->152M(1024M) 143.517ms
[2023-04-17T01:25:58.713-0400][gc,cpu      ] GC(210) User=0.08s Sys=0.07s Real=0.15s
[2023-04-17T01:26:27.836-0400][gc,start    ] GC(211) Pause Young (Normal) (G1 Evacuation Pause)
[2023-04-17T01:26:27.846-0400][gc,task     ] GC(211) Using 8 workers of 8 for evacuation
[2023-04-17T01:26:27.857-0400][gc,phases   ] GC(211)   Pre Evacuate Collection Set: 0.1ms
[2023-04-17T01:26:27.857-0400][gc,phases   ] GC(211)   Merge Heap Roots: 0.1ms
[2023-04-17T01:26:27.857-0400][gc,phases   ] GC(211)   Evacuate Collection Set: 7.7ms
[2023-04-17T01:26:27.857-0400][gc,phases   ] GC(211)   Post Evacuate Collection Set: 1.6ms
[2023-04-17T01:26:27.857-0400][gc,phases   ] GC(211)   Other: 0.6ms
[2023-04-17T01:26:27.857-0400][gc,heap     ] GC(211) Eden regions: 47->0(47)
[2023-04-17T01:26:27.857-0400][gc,heap     ] GC(211) Survivor regions: 4->4(7)
[2023-04-17T01:26:27.857-0400][gc,heap     ] GC(211) Old regions: 20->20
[2023-04-17T01:26:27.857-0400][gc,heap     ] GC(211) Archive regions: 2->2
[2023-04-17T01:26:27.857-0400][gc,heap     ] GC(211) Humongous regions: 129->129
[2023-04-17T01:26:27.857-0400][gc,metaspace] GC(211) Metaspace: 44220K(44928K)->44220K(44928K) NonClass: 39104K(39488K)->39104K(39488K) Class: 5116K(5440K)->5116K(5440K)
[2023-04-17T01:26:27.857-0400][gc          ] GC(211) Pause Young (Normal) (G1 Evacuation Pause) 199M->153M(1024M) 20.896ms
[2023-04-17T01:26:27.857-0400][gc,cpu      ] GC(211) User=0.01s Sys=0.01s Real=0.02s
[2023-04-17T01:26:59.250-0400][gc,start    ] GC(212) Pause Young (Normal) (G1 Evacuation Pause)
[2023-04-17T01:26:59.251-0400][gc,task     ] GC(212) Using 8 workers of 8 for evacuation
[2023-04-17T01:26:59.258-0400][gc,phases   ] GC(212)   Pre Evacuate Collection Set: 0.1ms
[2023-04-17T01:26:59.258-0400][gc,phases   ] GC(212)   Merge Heap Roots: 0.1ms
[2023-04-17T01:26:59.258-0400][gc,phases   ] GC(212)   Evacuate Collection Set: 5.9ms
[2023-04-17T01:26:59.258-0400][gc,phases   ] GC(212)   Post Evacuate Collection Set: 0.9ms
[2023-04-17T01:26:59.258-0400][gc,phases   ] GC(212)   Other: 0.6ms
[2023-04-17T01:26:59.258-0400][gc,heap     ] GC(212) Eden regions: 47->0(47)
[2023-04-17T01:26:59.258-0400][gc,heap     ] GC(212) Survivor regions: 4->4(7)
[2023-04-17T01:26:59.258-0400][gc,heap     ] GC(212) Old regions: 20->20
[2023-04-17T01:26:59.258-0400][gc,heap     ] GC(212) Archive regions: 2->2
[2023-04-17T01:26:59.258-0400][gc,heap     ] GC(212) Humongous regions: 129->129
[2023-04-17T01:26:59.258-0400][gc,metaspace] GC(212) Metaspace: 44220K(44928K)->44220K(44928K) NonClass: 39104K(39488K)->39104K(39488K) Class: 5116K(5440K)->5116K(5440K)
[2023-04-17T01:26:59.259-0400][gc          ] GC(212) Pause Young (Normal) (G1 Evacuation Pause) 200M->153M(1024M) 8.034ms
[2023-04-17T01:26:59.259-0400][gc,cpu      ] GC(212) User=0.02s Sys=0.01s Real=0.00s
[2023-04-17T01:27:30.057-0400][gc,start    ] GC(213) Pause Young (Normal) (G1 Evacuation Pause)
[2023-04-17T01:27:30.058-0400][gc,task     ] GC(213) Using 8 workers of 8 for evacuation
[2023-04-17T01:27:30.062-0400][gc,phases   ] GC(213)   Pre Evacuate Collection Set: 1.2ms
[2023-04-17T01:27:30.062-0400][gc,phases   ] GC(213)   Merge Heap Roots: 0.1ms
[2023-04-17T01:27:30.062-0400][gc,phases   ] GC(213)   Evacuate Collection Set: 2.1ms
[2023-04-17T01:27:30.062-0400][gc,phases   ] GC(213)   Post Evacuate Collection Set: 0.4ms
[2023-04-17T01:27:30.062-0400][gc,phases   ] GC(213)   Other: 0.6ms
[2023-04-17T01:27:30.062-0400][gc,heap     ] GC(213) Eden regions: 47->0(47)
[2023-04-17T01:27:30.062-0400][gc,heap     ] GC(213) Survivor regions: 4->4(7)
[2023-04-17T01:27:30.062-0400][gc,heap     ] GC(213) Old regions: 20->20
[2023-04-17T01:27:30.062-0400][gc,heap     ] GC(213) Archive regions: 2->2
[2023-04-17T01:27:30.062-0400][gc,heap     ] GC(213) Humongous regions: 129->129
[2023-04-17T01:27:30.062-0400][gc,metaspace] GC(213) Metaspace: 44220K(44928K)->44220K(44928K) NonClass: 39104K(39488K)->39104K(39488K) Class: 5116K(5440K)->5116K(5440K)
[2023-04-17T01:27:30.062-0400][gc          ] GC(213) Pause Young (Normal) (G1 Evacuation Pause) 200M->153M(1024M) 5.703ms
[2023-04-17T01:27:30.062-0400][gc,cpu      ] GC(213) User=0.01s Sys=0.00s Real=0.01s
[2023-04-17T01:28:01.124-0400][gc,start    ] GC(214) Pause Young (Normal) (G1 Evacuation Pause)
[2023-04-17T01:28:01.124-0400][gc,task     ] GC(214) Using 8 workers of 8 for evacuation
[2023-04-17T01:28:01.129-0400][gc,phases   ] GC(214)   Pre Evacuate Collection Set: 0.2ms
[2023-04-17T01:28:01.129-0400][gc,phases   ] GC(214)   Merge Heap Roots: 0.0ms
[2023-04-17T01:28:01.129-0400][gc,phases   ] GC(214)   Evacuate Collection Set: 3.9ms
[2023-04-17T01:28:01.129-0400][gc,phases   ] GC(214)   Post Evacuate Collection Set: 0.3ms
[2023-04-17T01:28:01.129-0400][gc,phases   ] GC(214)   Other: 0.1ms
[2023-04-17T01:28:01.129-0400][gc,heap     ] GC(214) Eden regions: 47->0(300)
[2023-04-17T01:28:01.129-0400][gc,heap     ] GC(214) Survivor regions: 4->2(7)
[2023-04-17T01:28:01.129-0400][gc,heap     ] GC(214) Old regions: 20->22
[2023-04-17T01:28:01.129-0400][gc,heap     ] GC(214) Archive regions: 2->2
[2023-04-17T01:28:01.129-0400][gc,heap     ] GC(214) Humongous regions: 129->129
[2023-04-17T01:28:01.129-0400][gc,metaspace] GC(214) Metaspace: 44220K(44928K)->44220K(44928K) NonClass: 39104K(39488K)->39104K(39488K) Class: 5116K(5440K)->5116K(5440K)
[2023-04-17T01:28:01.129-0400][gc          ] GC(214) Pause Young (Normal) (G1 Evacuation Pause) 200M->153M(1024M) 5.183ms
[2023-04-17T01:28:01.129-0400][gc,cpu      ] GC(214) User=0.02s Sys=0.01s Real=0.00s
[2023-04-17T01:31:22.331-0400][gc,start    ] GC(215) Pause Young (Normal) (G1 Evacuation Pause)
[2023-04-17T01:31:22.333-0400][gc,task     ] GC(215) Using 8 workers of 8 for evacuation
[2023-04-17T01:31:22.346-0400][gc,phases   ] GC(215)   Pre Evacuate Collection Set: 0.4ms
[2023-04-17T01:31:22.346-0400][gc,phases   ] GC(215)   Merge Heap Roots: 0.2ms
[2023-04-17T01:31:22.346-0400][gc,phases   ] GC(215)   Evacuate Collection Set: 8.9ms
[2023-04-17T01:31:22.346-0400][gc,phases   ] GC(215)   Post Evacuate Collection Set: 0.5ms
[2023-04-17T01:31:22.346-0400][gc,phases   ] GC(215)   Other: 2.8ms
[2023-04-17T01:31:22.346-0400][gc,heap     ] GC(215) Eden regions: 300->0(44)
[2023-04-17T01:31:22.346-0400][gc,heap     ] GC(215) Survivor regions: 2->7(38)
[2023-04-17T01:31:22.346-0400][gc,heap     ] GC(215) Old regions: 22->22
[2023-04-17T01:31:22.346-0400][gc,heap     ] GC(215) Archive regions: 2->2
[2023-04-17T01:31:22.346-0400][gc,heap     ] GC(215) Humongous regions: 129->129
[2023-04-17T01:31:22.346-0400][gc,metaspace] GC(215) Metaspace: 44220K(44928K)->44220K(44928K) NonClass: 39104K(39488K)->39104K(39488K) Class: 5116K(5440K)->5116K(5440K)
[2023-04-17T01:31:22.346-0400][gc          ] GC(215) Pause Young (Normal) (G1 Evacuation Pause) 453M->158M(1024M) 14.541ms
[2023-04-17T01:31:22.346-0400][gc,cpu      ] GC(215) User=0.06s Sys=0.01s Real=0.01s
[2023-04-17T01:31:50.261-0400][gc,start    ] GC(216) Pause Young (Normal) (G1 Evacuation Pause)
[2023-04-17T01:31:50.273-0400][gc,task     ] GC(216) Using 8 workers of 8 for evacuation
[2023-04-17T01:31:50.285-0400][gc,phases   ] GC(216)   Pre Evacuate Collection Set: 0.3ms
[2023-04-17T01:31:50.285-0400][gc,phases   ] GC(216)   Merge Heap Roots: 0.1ms
[2023-04-17T01:31:50.285-0400][gc,phases   ] GC(216)   Evacuate Collection Set: 9.9ms
[2023-04-17T01:31:50.285-0400][gc,phases   ] GC(216)   Post Evacuate Collection Set: 0.4ms
[2023-04-17T01:31:50.285-0400][gc,phases   ] GC(216)   Other: 1.0ms
[2023-04-17T01:31:50.285-0400][gc,heap     ] GC(216) Eden regions: 44->0(238)
[2023-04-17T01:31:50.285-0400][gc,heap     ] GC(216) Survivor regions: 7->2(7)
[2023-04-17T01:31:50.285-0400][gc,heap     ] GC(216) Old regions: 22->29
[2023-04-17T01:31:50.285-0400][gc,heap     ] GC(216) Archive regions: 2->2
[2023-04-17T01:31:50.285-0400][gc,heap     ] GC(216) Humongous regions: 129->129
[2023-04-17T01:31:50.285-0400][gc,metaspace] GC(216) Metaspace: 44220K(44928K)->44220K(44928K) NonClass: 39104K(39488K)->39104K(39488K) Class: 5116K(5440K)->5116K(5440K)
[2023-04-17T01:31:50.285-0400][gc          ] GC(216) Pause Young (Normal) (G1 Evacuation Pause) 202M->159M(1024M) 23.995ms
[2023-04-17T01:31:50.285-0400][gc,cpu      ] GC(216) User=0.04s Sys=0.01s Real=0.02s
[2023-04-17T01:34:24.503-0400][gc,start    ] GC(217) Pause Young (Normal) (G1 Evacuation Pause)
[2023-04-17T01:34:24.504-0400][gc,task     ] GC(217) Using 8 workers of 8 for evacuation
[2023-04-17T01:34:24.516-0400][gc,phases   ] GC(217)   Pre Evacuate Collection Set: 0.3ms
[2023-04-17T01:34:24.516-0400][gc,phases   ] GC(217)   Merge Heap Roots: 0.2ms
[2023-04-17T01:34:24.516-0400][gc,phases   ] GC(217)   Evacuate Collection Set: 7.9ms
[2023-04-17T01:34:24.516-0400][gc,phases   ] GC(217)   Post Evacuate Collection Set: 1.3ms
[2023-04-17T01:34:24.516-0400][gc,phases   ] GC(217)   Other: 2.4ms
[2023-04-17T01:34:24.516-0400][gc,heap     ] GC(217) Eden regions: 231->0(215)
[2023-04-17T01:34:24.516-0400][gc,heap     ] GC(217) Survivor regions: 2->4(30)
[2023-04-17T01:34:24.516-0400][gc,heap     ] GC(217) Old regions: 29->29
[2023-04-17T01:34:24.516-0400][gc,heap     ] GC(217) Archive regions: 2->2
[2023-04-17T01:34:24.516-0400][gc,heap     ] GC(217) Humongous regions: 129->129
[2023-04-17T01:34:24.516-0400][gc,metaspace] GC(217) Metaspace: 44220K(44928K)->44220K(44928K) NonClass: 39104K(39488K)->39104K(39488K) Class: 5116K(5440K)->5116K(5440K)
[2023-04-17T01:34:24.516-0400][gc          ] GC(217) Pause Young (Normal) (G1 Evacuation Pause) 390M->161M(1024M) 13.414ms
[2023-04-17T01:34:24.516-0400][gc,cpu      ] GC(217) User=0.04s Sys=0.01s Real=0.01s
[2023-04-17T01:36:45.871-0400][gc,start    ] GC(218) Pause Young (Normal) (G1 Evacuation Pause)
[2023-04-17T01:36:45.874-0400][gc,task     ] GC(218) Using 8 workers of 8 for evacuation
[2023-04-17T01:36:45.888-0400][gc,phases   ] GC(218)   Pre Evacuate Collection Set: 0.5ms
[2023-04-17T01:36:45.888-0400][gc,phases   ] GC(218)   Merge Heap Roots: 0.3ms
[2023-04-17T01:36:45.888-0400][gc,phases   ] GC(218)   Evacuate Collection Set: 7.7ms
[2023-04-17T01:36:45.888-0400][gc,phases   ] GC(218)   Post Evacuate Collection Set: 1.8ms
[2023-04-17T01:36:45.888-0400][gc,phases   ] GC(218)   Other: 3.4ms
[2023-04-17T01:36:45.888-0400][gc,heap     ] GC(218) Eden regions: 210->0(171)
[2023-04-17T01:36:45.888-0400][gc,heap     ] GC(218) Survivor regions: 4->6(27)
[2023-04-17T01:36:45.888-0400][gc,heap     ] GC(218) Old regions: 29->29
[2023-04-17T01:36:45.888-0400][gc,heap     ] GC(218) Archive regions: 2->2
[2023-04-17T01:36:45.888-0400][gc,heap     ] GC(218) Humongous regions: 129->129
[2023-04-17T01:36:45.888-0400][gc,metaspace] GC(218) Metaspace: 44220K(44928K)->44220K(44928K) NonClass: 39104K(39488K)->39104K(39488K) Class: 5116K(5440K)->5116K(5440K)
[2023-04-17T01:36:45.888-0400][gc          ] GC(218) Pause Young (Normal) (G1 Evacuation Pause) 371M->163M(1024M) 17.656ms
[2023-04-17T01:36:45.888-0400][gc,cpu      ] GC(218) User=0.05s Sys=0.00s Real=0.01s
[2023-04-17T01:38:33.348-0400][gc,start    ] GC(219) Pause Young (Normal) (G1 Evacuation Pause)
[2023-04-17T01:38:33.350-0400][gc,task     ] GC(219) Using 8 workers of 8 for evacuation
[2023-04-17T01:38:33.357-0400][gc,phases   ] GC(219)   Pre Evacuate Collection Set: 0.2ms
[2023-04-17T01:38:33.357-0400][gc,phases   ] GC(219)   Merge Heap Roots: 0.2ms
[2023-04-17T01:38:33.357-0400][gc,phases   ] GC(219)   Evacuate Collection Set: 6.0ms
[2023-04-17T01:38:33.357-0400][gc,phases   ] GC(219)   Post Evacuate Collection Set: 0.4ms
[2023-04-17T01:38:33.357-0400][gc,phases   ] GC(219)   Other: 0.2ms
[2023-04-17T01:38:33.357-0400][gc,heap     ] GC(219) Eden regions: 161->0(254)
[2023-04-17T01:38:33.357-0400][gc,heap     ] GC(219) Survivor regions: 6->8(21)
[2023-04-17T01:38:33.357-0400][gc,heap     ] GC(219) Old regions: 29->29
[2023-04-17T01:38:33.357-0400][gc,heap     ] GC(219) Archive regions: 2->2
[2023-04-17T01:38:33.357-0400][gc,heap     ] GC(219) Humongous regions: 129->129
[2023-04-17T01:38:33.357-0400][gc,metaspace] GC(219) Metaspace: 44220K(44928K)->44220K(44928K) NonClass: 39104K(39488K)->39104K(39488K) Class: 5116K(5440K)->5116K(5440K)
[2023-04-17T01:38:33.357-0400][gc          ] GC(219) Pause Young (Normal) (G1 Evacuation Pause) 324M->165M(1024M) 8.878ms
[2023-04-17T01:38:33.357-0400][gc,cpu      ] GC(219) User=0.05s Sys=0.00s Real=0.01s
[2023-04-17T01:41:11.152-0400][gc,start    ] GC(220) Pause Young (Normal) (G1 Evacuation Pause)
[2023-04-17T01:41:11.153-0400][gc,task     ] GC(220) Using 8 workers of 8 for evacuation
[2023-04-17T01:41:11.194-0400][gc,mmu      ] GC(220) MMU target violated: 21.0ms (20.0ms/21.0ms)
[2023-04-17T01:41:11.194-0400][gc,phases   ] GC(220)   Pre Evacuate Collection Set: 0.3ms
[2023-04-17T01:41:11.194-0400][gc,phases   ] GC(220)   Merge Heap Roots: 0.3ms
[2023-04-17T01:41:11.194-0400][gc,phases   ] GC(220)   Evacuate Collection Set: 39.7ms
[2023-04-17T01:41:11.194-0400][gc,phases   ] GC(220)   Post Evacuate Collection Set: 0.9ms
[2023-04-17T01:41:11.194-0400][gc,phases   ] GC(220)   Other: 0.3ms
[2023-04-17T01:41:11.194-0400][gc,heap     ] GC(220) Eden regions: 238->0(41)
[2023-04-17T01:41:11.194-0400][gc,heap     ] GC(220) Survivor regions: 8->10(31)
[2023-04-17T01:41:11.194-0400][gc,heap     ] GC(220) Old regions: 29->29
[2023-04-17T01:41:11.194-0400][gc,heap     ] GC(220) Archive regions: 2->2
[2023-04-17T01:41:11.194-0400][gc,heap     ] GC(220) Humongous regions: 129->129
[2023-04-17T01:41:11.194-0400][gc,metaspace] GC(220) Metaspace: 44220K(44928K)->44220K(44928K) NonClass: 39104K(39488K)->39104K(39488K) Class: 5116K(5440K)->5116K(5440K)
[2023-04-17T01:41:11.195-0400][gc          ] GC(220) Pause Young (Normal) (G1 Evacuation Pause) 403M->167M(1024M) 43.059ms
[2023-04-17T01:41:11.195-0400][gc,cpu      ] GC(220) User=0.06s Sys=0.12s Real=0.04s
[2023-04-17T01:41:37.982-0400][gc,start    ] GC(221) Pause Young (Normal) (G1 Evacuation Pause)
[2023-04-17T01:41:37.982-0400][gc,task     ] GC(221) Using 8 workers of 8 for evacuation
[2023-04-17T01:41:37.997-0400][gc,phases   ] GC(221)   Pre Evacuate Collection Set: 0.3ms
[2023-04-17T01:41:37.997-0400][gc,phases   ] GC(221)   Merge Heap Roots: 0.2ms
[2023-04-17T01:41:37.997-0400][gc,phases   ] GC(221)   Evacuate Collection Set: 14.0ms
[2023-04-17T01:41:37.997-0400][gc,phases   ] GC(221)   Post Evacuate Collection Set: 0.3ms
[2023-04-17T01:41:37.997-0400][gc,phases   ] GC(221)   Other: 0.2ms
[2023-04-17T01:41:37.997-0400][gc,heap     ] GC(221) Eden regions: 41->0(140)
[2023-04-17T01:41:37.997-0400][gc,heap     ] GC(221) Survivor regions: 10->5(7)
[2023-04-17T01:41:37.997-0400][gc,heap     ] GC(221) Old regions: 29->35
[2023-04-17T01:41:37.997-0400][gc,heap     ] GC(221) Archive regions: 2->2
[2023-04-17T01:41:37.997-0400][gc,heap     ] GC(221) Humongous regions: 129->129
[2023-04-17T01:41:37.997-0400][gc,metaspace] GC(221) Metaspace: 44220K(44928K)->44220K(44928K) NonClass: 39104K(39488K)->39104K(39488K) Class: 5116K(5440K)->5116K(5440K)
[2023-04-17T01:41:37.997-0400][gc          ] GC(221) Pause Young (Normal) (G1 Evacuation Pause) 208M->168M(1024M) 15.400ms
[2023-04-17T01:41:37.997-0400][gc,cpu      ] GC(221) User=0.07s Sys=0.01s Real=0.01s
[2023-04-17T01:43:10.844-0400][gc,start    ] GC(222) Pause Young (Normal) (G1 Evacuation Pause)
[2023-04-17T01:43:10.844-0400][gc,task     ] GC(222) Using 8 workers of 8 for evacuation
[2023-04-17T01:43:10.851-0400][gc,phases   ] GC(222)   Pre Evacuate Collection Set: 0.2ms
[2023-04-17T01:43:10.851-0400][gc,phases   ] GC(222)   Merge Heap Roots: 0.1ms
[2023-04-17T01:43:10.851-0400][gc,phases   ] GC(222)   Evacuate Collection Set: 5.3ms
[2023-04-17T01:43:10.851-0400][gc,phases   ] GC(222)   Post Evacuate Collection Set: 0.5ms
[2023-04-17T01:43:10.851-0400][gc,phases   ] GC(222)   Other: 0.9ms
[2023-04-17T01:43:10.851-0400][gc,heap     ] GC(222) Eden regions: 140->0(118)
[2023-04-17T01:43:10.851-0400][gc,heap     ] GC(222) Survivor regions: 5->7(19)
[2023-04-17T01:43:10.851-0400][gc,heap     ] GC(222) Old regions: 35->35
[2023-04-17T01:43:10.851-0400][gc,heap     ] GC(222) Archive regions: 2->2
[2023-04-17T01:43:10.851-0400][gc,heap     ] GC(222) Humongous regions: 129->129
[2023-04-17T01:43:10.851-0400][gc,metaspace] GC(222) Metaspace: 44220K(44928K)->44220K(44928K) NonClass: 39104K(39488K)->39104K(39488K) Class: 5116K(5440K)->5116K(5440K)
[2023-04-17T01:43:10.851-0400][gc          ] GC(222) Pause Young (Normal) (G1 Evacuation Pause) 308M->170M(1024M) 7.389ms
[2023-04-17T01:43:10.851-0400][gc,cpu      ] GC(222) User=0.04s Sys=0.00s Real=0.01s
[2023-04-17T01:44:27.757-0400][gc,start    ] GC(223) Pause Young (Normal) (G1 Evacuation Pause)
[2023-04-17T01:44:27.758-0400][gc,task     ] GC(223) Using 8 workers of 8 for evacuation
[2023-04-17T01:44:27.763-0400][gc,phases   ] GC(223)   Pre Evacuate Collection Set: 0.7ms
[2023-04-17T01:44:27.763-0400][gc,phases   ] GC(223)   Merge Heap Roots: 0.0ms
[2023-04-17T01:44:27.763-0400][gc,phases   ] GC(223)   Evacuate Collection Set: 3.5ms
[2023-04-17T01:44:27.763-0400][gc,phases   ] GC(223)   Post Evacuate Collection Set: 0.3ms
[2023-04-17T01:44:27.763-0400][gc,phases   ] GC(223)   Other: 0.1ms
[2023-04-17T01:44:27.763-0400][gc,heap     ] GC(223) Eden regions: 118->0(171)
[2023-04-17T01:44:27.763-0400][gc,heap     ] GC(223) Survivor regions: 7->8(16)
[2023-04-17T01:44:27.763-0400][gc,heap     ] GC(223) Old regions: 35->35
[2023-04-17T01:44:27.763-0400][gc,heap     ] GC(223) Archive regions: 2->2
[2023-04-17T01:44:27.763-0400][gc,heap     ] GC(223) Humongous regions: 129->129
[2023-04-17T01:44:27.763-0400][gc,metaspace] GC(223) Metaspace: 44220K(44928K)->44220K(44928K) NonClass: 39104K(39488K)->39104K(39488K) Class: 5116K(5440K)->5116K(5440K)
[2023-04-17T01:44:27.763-0400][gc          ] GC(223) Pause Young (Normal) (G1 Evacuation Pause) 288M->171M(1024M) 6.254ms
[2023-04-17T01:44:27.763-0400][gc,cpu      ] GC(223) User=0.02s Sys=0.01s Real=0.01s
[2023-04-17T01:46:21.447-0400][gc,start    ] GC(224) Pause Young (Normal) (G1 Evacuation Pause)
[2023-04-17T01:46:21.448-0400][gc,task     ] GC(224) Using 8 workers of 8 for evacuation
[2023-04-17T01:46:21.456-0400][gc,phases   ] GC(224)   Pre Evacuate Collection Set: 0.1ms
[2023-04-17T01:46:21.456-0400][gc,phases   ] GC(224)   Merge Heap Roots: 0.1ms
[2023-04-17T01:46:21.456-0400][gc,phases   ] GC(224)   Evacuate Collection Set: 6.5ms
[2023-04-17T01:46:21.456-0400][gc,phases   ] GC(224)   Post Evacuate Collection Set: 1.0ms
[2023-04-17T01:46:21.456-0400][gc,phases   ] GC(224)   Other: 0.1ms
[2023-04-17T01:46:21.456-0400][gc,heap     ] GC(224) Eden regions: 171->0(251)
[2023-04-17T01:46:21.456-0400][gc,heap     ] GC(224) Survivor regions: 8->9(23)
[2023-04-17T01:46:21.456-0400][gc,heap     ] GC(224) Old regions: 35->35
[2023-04-17T01:46:21.456-0400][gc,heap     ] GC(224) Archive regions: 2->2
[2023-04-17T01:46:21.456-0400][gc,heap     ] GC(224) Humongous regions: 129->129
[2023-04-17T01:46:21.456-0400][gc,metaspace] GC(224) Metaspace: 44220K(44928K)->44220K(44928K) NonClass: 39104K(39488K)->39104K(39488K) Class: 5116K(5440K)->5116K(5440K)
[2023-04-17T01:46:21.456-0400][gc          ] GC(224) Pause Young (Normal) (G1 Evacuation Pause) 342M->172M(1024M) 8.730ms
[2023-04-17T01:46:21.456-0400][gc,cpu      ] GC(224) User=0.04s Sys=0.01s Real=0.01s
[2023-04-17T01:49:08.222-0400][gc,start    ] GC(225) Pause Young (Normal) (G1 Evacuation Pause)
[2023-04-17T01:49:08.223-0400][gc,task     ] GC(225) Using 8 workers of 8 for evacuation
[2023-04-17T01:49:08.277-0400][gc,mmu      ] GC(225) MMU target violated: 21.0ms (20.0ms/21.0ms)
[2023-04-17T01:49:08.277-0400][gc,phases   ] GC(225)   Pre Evacuate Collection Set: 0.2ms
[2023-04-17T01:49:08.277-0400][gc,phases   ] GC(225)   Merge Heap Roots: 0.1ms
[2023-04-17T01:49:08.277-0400][gc,phases   ] GC(225)   Evacuate Collection Set: 51.6ms
[2023-04-17T01:49:08.277-0400][gc,phases   ] GC(225)   Post Evacuate Collection Set: 1.6ms
[2023-04-17T01:49:08.277-0400][gc,phases   ] GC(225)   Other: 0.3ms
[2023-04-17T01:49:08.277-0400][gc,heap     ] GC(225) Eden regions: 251->0(39)
[2023-04-17T01:49:08.277-0400][gc,heap     ] GC(225) Survivor regions: 9->12(33)
[2023-04-17T01:49:08.277-0400][gc,heap     ] GC(225) Old regions: 35->35
[2023-04-17T01:49:08.277-0400][gc,heap     ] GC(225) Archive regions: 2->2
[2023-04-17T01:49:08.277-0400][gc,heap     ] GC(225) Humongous regions: 129->129
[2023-04-17T01:49:08.277-0400][gc,metaspace] GC(225) Metaspace: 44220K(44928K)->44220K(44928K) NonClass: 39104K(39488K)->39104K(39488K) Class: 5116K(5440K)->5116K(5440K)
[2023-04-17T01:49:08.277-0400][gc          ] GC(225) Pause Young (Normal) (G1 Evacuation Pause) 423M->175M(1024M) 55.038ms
[2023-04-17T01:49:08.277-0400][gc,cpu      ] GC(225) User=0.05s Sys=0.06s Real=0.05s
[2023-04-17T01:49:34.176-0400][gc,start    ] GC(226) Pause Young (Normal) (G1 Evacuation Pause)
[2023-04-17T01:49:34.177-0400][gc,task     ] GC(226) Using 8 workers of 8 for evacuation
[2023-04-17T01:49:34.193-0400][gc,phases   ] GC(226)   Pre Evacuate Collection Set: 0.4ms
[2023-04-17T01:49:34.193-0400][gc,phases   ] GC(226)   Merge Heap Roots: 0.2ms
[2023-04-17T01:49:34.193-0400][gc,phases   ] GC(226)   Evacuate Collection Set: 14.6ms
[2023-04-17T01:49:34.193-0400][gc,phases   ] GC(226)   Post Evacuate Collection Set: 0.5ms
[2023-04-17T01:49:34.193-0400][gc,phases   ] GC(226)   Other: 0.2ms
[2023-04-17T01:49:34.193-0400][gc,heap     ] GC(226) Eden regions: 39->0(176)
[2023-04-17T01:49:34.193-0400][gc,heap     ] GC(226) Survivor regions: 12->5(7)
[2023-04-17T01:49:34.193-0400][gc,heap     ] GC(226) Old regions: 35->42
[2023-04-17T01:49:34.193-0400][gc,heap     ] GC(226) Archive regions: 2->2
[2023-04-17T01:49:34.193-0400][gc,heap     ] GC(226) Humongous regions: 129->129
[2023-04-17T01:49:34.193-0400][gc,metaspace] GC(226) Metaspace: 44220K(44928K)->44220K(44928K) NonClass: 39104K(39488K)->39104K(39488K) Class: 5116K(5440K)->5116K(5440K)
[2023-04-17T01:49:34.193-0400][gc          ] GC(226) Pause Young (Normal) (G1 Evacuation Pause) 214M->176M(1024M) 16.939ms
[2023-04-17T01:49:34.193-0400][gc,cpu      ] GC(226) User=0.08s Sys=0.03s Real=0.02s
[2023-04-17T01:51:32.652-0400][gc,start    ] GC(227) Pause Young (Normal) (G1 Evacuation Pause)
[2023-04-17T01:51:32.652-0400][gc,task     ] GC(227) Using 8 workers of 8 for evacuation
[2023-04-17T01:51:32.659-0400][gc,phases   ] GC(227)   Pre Evacuate Collection Set: 0.2ms
[2023-04-17T01:51:32.659-0400][gc,phases   ] GC(227)   Merge Heap Roots: 0.1ms
[2023-04-17T01:51:32.659-0400][gc,phases   ] GC(227)   Evacuate Collection Set: 6.5ms
[2023-04-17T01:51:32.659-0400][gc,phases   ] GC(227)   Post Evacuate Collection Set: 0.4ms
[2023-04-17T01:51:32.659-0400][gc,phases   ] GC(227)   Other: 0.2ms
[2023-04-17T01:51:32.659-0400][gc,heap     ] GC(227) Eden regions: 176->0(131)
[2023-04-17T01:51:32.659-0400][gc,heap     ] GC(227) Survivor regions: 5->7(23)
[2023-04-17T01:51:32.659-0400][gc,heap     ] GC(227) Old regions: 42->42
[2023-04-17T01:51:32.659-0400][gc,heap     ] GC(227) Archive regions: 2->2
[2023-04-17T01:51:32.659-0400][gc,heap     ] GC(227) Humongous regions: 129->129
[2023-04-17T01:51:32.659-0400][gc,metaspace] GC(227) Metaspace: 44220K(44928K)->44220K(44928K) NonClass: 39104K(39488K)->39104K(39488K) Class: 5116K(5440K)->5116K(5440K)
[2023-04-17T01:51:32.659-0400][gc          ] GC(227) Pause Young (Normal) (G1 Evacuation Pause) 352M->178M(1024M) 7.826ms
[2023-04-17T01:51:32.660-0400][gc,cpu      ] GC(227) User=0.05s Sys=0.00s Real=0.01s
[2023-04-17T01:52:59.890-0400][gc,start    ] GC(228) Pause Young (Normal) (G1 Evacuation Pause)
[2023-04-17T01:52:59.891-0400][gc,task     ] GC(228) Using 8 workers of 8 for evacuation
[2023-04-17T01:52:59.902-0400][gc,phases   ] GC(228)   Pre Evacuate Collection Set: 0.1ms
[2023-04-17T01:52:59.902-0400][gc,phases   ] GC(228)   Merge Heap Roots: 0.1ms
[2023-04-17T01:52:59.902-0400][gc,phases   ] GC(228)   Evacuate Collection Set: 10.1ms
[2023-04-17T01:52:59.902-0400][gc,phases   ] GC(228)   Post Evacuate Collection Set: 0.4ms
[2023-04-17T01:52:59.902-0400][gc,phases   ] GC(228)   Other: 0.3ms
[2023-04-17T01:52:59.902-0400][gc,heap     ] GC(228) Eden regions: 131->0(41)
[2023-04-17T01:52:59.902-0400][gc,heap     ] GC(228) Survivor regions: 7->10(18)
[2023-04-17T01:52:59.902-0400][gc,heap     ] GC(228) Old regions: 42->42
[2023-04-17T01:52:59.902-0400][gc,heap     ] GC(228) Archive regions: 2->2
[2023-04-17T01:52:59.902-0400][gc,heap     ] GC(228) Humongous regions: 129->129
[2023-04-17T01:52:59.902-0400][gc,metaspace] GC(228) Metaspace: 44220K(44928K)->44220K(44928K) NonClass: 39104K(39488K)->39104K(39488K) Class: 5116K(5440K)->5116K(5440K)
[2023-04-17T01:52:59.902-0400][gc          ] GC(228) Pause Young (Normal) (G1 Evacuation Pause) 309M->180M(1024M) 12.398ms
[2023-04-17T01:52:59.902-0400][gc,cpu      ] GC(228) User=0.04s Sys=0.01s Real=0.01s
[2023-04-17T01:53:26.304-0400][gc,start    ] GC(229) Pause Young (Normal) (G1 Evacuation Pause)
[2023-04-17T01:53:26.304-0400][gc,task     ] GC(229) Using 8 workers of 8 for evacuation
[2023-04-17T01:53:26.317-0400][gc,phases   ] GC(229)   Pre Evacuate Collection Set: 0.3ms
[2023-04-17T01:53:26.317-0400][gc,phases   ] GC(229)   Merge Heap Roots: 0.2ms
[2023-04-17T01:53:26.317-0400][gc,phases   ] GC(229)   Evacuate Collection Set: 11.9ms
[2023-04-17T01:53:26.317-0400][gc,phases   ] GC(229)   Post Evacuate Collection Set: 0.4ms
[2023-04-17T01:53:26.317-0400][gc,phases   ] GC(229)   Other: 0.1ms
[2023-04-17T01:53:26.317-0400][gc,heap     ] GC(229) Eden regions: 41->0(411)
[2023-04-17T01:53:26.317-0400][gc,heap     ] GC(229) Survivor regions: 10->4(7)
[2023-04-17T01:53:26.317-0400][gc,heap     ] GC(229) Old regions: 42->49
[2023-04-17T01:53:26.317-0400][gc,heap     ] GC(229) Archive regions: 2->2
[2023-04-17T01:53:26.317-0400][gc,heap     ] GC(229) Humongous regions: 129->129
[2023-04-17T01:53:26.317-0400][gc,metaspace] GC(229) Metaspace: 44220K(44928K)->44220K(44928K) NonClass: 39104K(39488K)->39104K(39488K) Class: 5116K(5440K)->5116K(5440K)
[2023-04-17T01:53:26.317-0400][gc          ] GC(229) Pause Young (Normal) (G1 Evacuation Pause) 221M->181M(1024M) 13.587ms
[2023-04-17T01:53:26.317-0400][gc,cpu      ] GC(229) User=0.06s Sys=0.02s Real=0.01s
[2023-04-17T01:57:58.892-0400][gc,start    ] GC(230) Pause Young (Normal) (G1 Evacuation Pause)
[2023-04-17T01:57:58.893-0400][gc,task     ] GC(230) Using 8 workers of 8 for evacuation
[2023-04-17T01:57:58.930-0400][gc,mmu      ] GC(230) MMU target violated: 21.0ms (20.0ms/21.0ms)
[2023-04-17T01:57:58.930-0400][gc,phases   ] GC(230)   Pre Evacuate Collection Set: 3.7ms
[2023-04-17T01:57:58.930-0400][gc,phases   ] GC(230)   Merge Heap Roots: 0.2ms
[2023-04-17T01:57:58.930-0400][gc,phases   ] GC(230)   Evacuate Collection Set: 31.9ms
[2023-04-17T01:57:58.930-0400][gc,phases   ] GC(230)   Post Evacuate Collection Set: 1.1ms
[2023-04-17T01:57:58.930-0400][gc,phases   ] GC(230)   Other: 0.2ms
[2023-04-17T01:57:58.930-0400][gc,heap     ] GC(230) Eden regions: 411->0(41)
[2023-04-17T01:57:58.930-0400][gc,heap     ] GC(230) Survivor regions: 4->10(52)
[2023-04-17T01:57:58.930-0400][gc,heap     ] GC(230) Old regions: 49->49
[2023-04-17T01:57:58.930-0400][gc,heap     ] GC(230) Archive regions: 2->2
[2023-04-17T01:57:58.930-0400][gc,heap     ] GC(230) Humongous regions: 129->129
[2023-04-17T01:57:58.930-0400][gc,metaspace] GC(230) Metaspace: 44220K(44928K)->44220K(44928K) NonClass: 39104K(39488K)->39104K(39488K) Class: 5116K(5440K)->5116K(5440K)
[2023-04-17T01:57:58.930-0400][gc          ] GC(230) Pause Young (Normal) (G1 Evacuation Pause) 592M->188M(1024M) 37.855ms
[2023-04-17T01:57:58.930-0400][gc,cpu      ] GC(230) User=0.07s Sys=0.09s Real=0.04s
[2023-04-17T01:58:25.377-0400][gc,start    ] GC(231) Pause Young (Normal) (G1 Evacuation Pause)
[2023-04-17T01:58:25.378-0400][gc,task     ] GC(231) Using 8 workers of 8 for evacuation
[2023-04-17T01:58:25.394-0400][gc,phases   ] GC(231)   Pre Evacuate Collection Set: 0.8ms
[2023-04-17T01:58:25.394-0400][gc,phases   ] GC(231)   Merge Heap Roots: 0.1ms
[2023-04-17T01:58:25.394-0400][gc,phases   ] GC(231)   Evacuate Collection Set: 13.0ms
[2023-04-17T01:58:25.394-0400][gc,phases   ] GC(231)   Post Evacuate Collection Set: 0.3ms
[2023-04-17T01:58:25.394-0400][gc,phases   ] GC(231)   Other: 1.9ms
[2023-04-17T01:58:25.394-0400][gc,heap     ] GC(231) Eden regions: 41->0(247)
[2023-04-17T01:58:25.394-0400][gc,heap     ] GC(231) Survivor regions: 10->2(7)
[2023-04-17T01:58:25.394-0400][gc,heap     ] GC(231) Old regions: 49->58
[2023-04-17T01:58:25.394-0400][gc,heap     ] GC(231) Archive regions: 2->2
[2023-04-17T01:58:25.394-0400][gc,heap     ] GC(231) Humongous regions: 129->129
[2023-04-17T01:58:25.394-0400][gc,metaspace] GC(231) Metaspace: 44220K(44928K)->44220K(44928K) NonClass: 39104K(39488K)->39104K(39488K) Class: 5116K(5440K)->5116K(5440K)
[2023-04-17T01:58:25.395-0400][gc          ] GC(231) Pause Young (Normal) (G1 Evacuation Pause) 229M->189M(1024M) 17.313ms
[2023-04-17T01:58:25.395-0400][gc,cpu      ] GC(231) User=0.05s Sys=0.02s Real=0.02s
[2023-04-17T02:01:08.540-0400][gc,start    ] GC(232) Pause Young (Normal) (G1 Evacuation Pause)
[2023-04-17T02:01:08.541-0400][gc,task     ] GC(232) Using 8 workers of 8 for evacuation
[2023-04-17T02:01:08.558-0400][gc,phases   ] GC(232)   Pre Evacuate Collection Set: 0.4ms
[2023-04-17T02:01:08.558-0400][gc,phases   ] GC(232)   Merge Heap Roots: 1.2ms
[2023-04-17T02:01:08.558-0400][gc,phases   ] GC(232)   Evacuate Collection Set: 14.6ms
[2023-04-17T02:01:08.558-0400][gc,phases   ] GC(232)   Post Evacuate Collection Set: 0.4ms
[2023-04-17T02:01:08.558-0400][gc,phases   ] GC(232)   Other: 0.2ms
[2023-04-17T02:01:08.558-0400][gc,heap     ] GC(232) Eden regions: 247->0(100)
[2023-04-17T02:01:08.558-0400][gc,heap     ] GC(232) Survivor regions: 2->6(32)
[2023-04-17T02:01:08.558-0400][gc,heap     ] GC(232) Old regions: 58->58
[2023-04-17T02:01:08.558-0400][gc,heap     ] GC(232) Archive regions: 2->2
[2023-04-17T02:01:08.558-0400][gc,heap     ] GC(232) Humongous regions: 129->129
[2023-04-17T02:01:08.558-0400][gc,metaspace] GC(232) Metaspace: 44220K(44928K)->44220K(44928K) NonClass: 39104K(39488K)->39104K(39488K) Class: 5116K(5440K)->5116K(5440K)
[2023-04-17T02:01:08.558-0400][gc          ] GC(232) Pause Young (Normal) (G1 Evacuation Pause) 436M->192M(1024M) 18.097ms
[2023-04-17T02:01:08.558-0400][gc,cpu      ] GC(232) User=0.03s Sys=0.03s Real=0.01s
[2023-04-17T02:02:14.229-0400][gc,start    ] GC(233) Pause Young (Normal) (G1 Evacuation Pause)
[2023-04-17T02:02:14.230-0400][gc,task     ] GC(233) Using 8 workers of 8 for evacuation
[2023-04-17T02:02:14.234-0400][gc,phases   ] GC(233)   Pre Evacuate Collection Set: 0.1ms
[2023-04-17T02:02:14.234-0400][gc,phases   ] GC(233)   Merge Heap Roots: 0.1ms
[2023-04-17T02:02:14.234-0400][gc,phases   ] GC(233)   Evacuate Collection Set: 4.0ms
[2023-04-17T02:02:14.234-0400][gc,phases   ] GC(233)   Post Evacuate Collection Set: 0.3ms
[2023-04-17T02:02:14.235-0400][gc,phases   ] GC(233)   Other: 0.2ms
[2023-04-17T02:02:14.235-0400][gc,heap     ] GC(233) Eden regions: 100->0(113)
[2023-04-17T02:02:14.235-0400][gc,heap     ] GC(233) Survivor regions: 6->7(14)
[2023-04-17T02:02:14.235-0400][gc,heap     ] GC(233) Old regions: 58->58
[2023-04-17T02:02:14.235-0400][gc,heap     ] GC(233) Archive regions: 2->2
[2023-04-17T02:02:14.235-0400][gc,heap     ] GC(233) Humongous regions: 129->129
[2023-04-17T02:02:14.235-0400][gc,metaspace] GC(233) Metaspace: 44220K(44928K)->44220K(44928K) NonClass: 39104K(39488K)->39104K(39488K) Class: 5116K(5440K)->5116K(5440K)
[2023-04-17T02:02:14.235-0400][gc          ] GC(233) Pause Young (Normal) (G1 Evacuation Pause) 292M->194M(1024M) 5.187ms
[2023-04-17T02:02:14.235-0400][gc,cpu      ] GC(233) User=0.03s Sys=0.00s Real=0.01s
[2023-04-17T02:03:29.850-0400][gc,start    ] GC(234) Pause Young (Normal) (G1 Evacuation Pause)
[2023-04-17T02:03:29.851-0400][gc,task     ] GC(234) Using 8 workers of 8 for evacuation
[2023-04-17T02:03:29.865-0400][gc,phases   ] GC(234)   Pre Evacuate Collection Set: 1.4ms
[2023-04-17T02:03:29.865-0400][gc,phases   ] GC(234)   Merge Heap Roots: 0.2ms
[2023-04-17T02:03:29.865-0400][gc,phases   ] GC(234)   Evacuate Collection Set: 9.2ms
[2023-04-17T02:03:29.865-0400][gc,phases   ] GC(234)   Post Evacuate Collection Set: 2.2ms
[2023-04-17T02:03:29.865-0400][gc,phases   ] GC(234)   Other: 1.4ms
[2023-04-17T02:03:29.865-0400][gc,heap     ] GC(234) Eden regions: 113->0(65)
[2023-04-17T02:03:29.865-0400][gc,heap     ] GC(234) Survivor regions: 7->9(15)
[2023-04-17T02:03:29.865-0400][gc,heap     ] GC(234) Old regions: 58->58
[2023-04-17T02:03:29.865-0400][gc,heap     ] GC(234) Archive regions: 2->2
[2023-04-17T02:03:29.865-0400][gc,heap     ] GC(234) Humongous regions: 129->129
[2023-04-17T02:03:29.865-0400][gc,metaspace] GC(234) Metaspace: 44220K(44928K)->44220K(44928K) NonClass: 39104K(39488K)->39104K(39488K) Class: 5116K(5440K)->5116K(5440K)
[2023-04-17T02:03:29.866-0400][gc          ] GC(234) Pause Young (Normal) (G1 Evacuation Pause) 307M->196M(1024M) 15.263ms
[2023-04-17T02:03:29.866-0400][gc,cpu      ] GC(234) User=0.06s Sys=0.01s Real=0.01s
[2023-04-17T02:04:13.617-0400][gc,start    ] GC(235) Pause Young (Normal) (G1 Evacuation Pause)
[2023-04-17T02:04:13.620-0400][gc,task     ] GC(235) Using 8 workers of 8 for evacuation
[2023-04-17T02:04:13.635-0400][gc,phases   ] GC(235)   Pre Evacuate Collection Set: 0.4ms
[2023-04-17T02:04:13.635-0400][gc,phases   ] GC(235)   Merge Heap Roots: 0.2ms
[2023-04-17T02:04:13.635-0400][gc,phases   ] GC(235)   Evacuate Collection Set: 14.3ms
[2023-04-17T02:04:13.635-0400][gc,phases   ] GC(235)   Post Evacuate Collection Set: 0.3ms
[2023-04-17T02:04:13.635-0400][gc,phases   ] GC(235)   Other: 0.5ms
[2023-04-17T02:04:13.635-0400][gc,heap     ] GC(235) Eden regions: 65->0(250)
[2023-04-17T02:04:13.635-0400][gc,heap     ] GC(235) Survivor regions: 9->5(10)
[2023-04-17T02:04:13.635-0400][gc,heap     ] GC(235) Old regions: 58->63
[2023-04-17T02:04:13.635-0400][gc,heap     ] GC(235) Archive regions: 2->2
[2023-04-17T02:04:13.635-0400][gc,heap     ] GC(235) Humongous regions: 129->129
[2023-04-17T02:04:13.636-0400][gc,metaspace] GC(235) Metaspace: 44220K(44928K)->44220K(44928K) NonClass: 39104K(39488K)->39104K(39488K) Class: 5116K(5440K)->5116K(5440K)
[2023-04-17T02:04:13.636-0400][gc          ] GC(235) Pause Young (Normal) (G1 Evacuation Pause) 261M->197M(1024M) 18.600ms
[2023-04-17T02:04:13.636-0400][gc,cpu      ] GC(235) User=0.06s Sys=0.01s Real=0.02s
[2023-04-17T02:07:00.206-0400][gc,start    ] GC(236) Pause Young (Normal) (G1 Evacuation Pause)
[2023-04-17T02:07:00.207-0400][gc,task     ] GC(236) Using 8 workers of 8 for evacuation
[2023-04-17T02:07:00.232-0400][gc,mmu      ] GC(236) MMU target violated: 21.0ms (20.0ms/21.0ms)
[2023-04-17T02:07:00.232-0400][gc,phases   ] GC(236)   Pre Evacuate Collection Set: 1.4ms
[2023-04-17T02:07:00.232-0400][gc,phases   ] GC(236)   Merge Heap Roots: 0.1ms
[2023-04-17T02:07:00.232-0400][gc,phases   ] GC(236)   Evacuate Collection Set: 20.2ms
[2023-04-17T02:07:00.232-0400][gc,phases   ] GC(236)   Post Evacuate Collection Set: 1.8ms
[2023-04-17T02:07:00.232-0400][gc,phases   ] GC(236)   Other: 2.2ms
[2023-04-17T02:07:00.232-0400][gc,heap     ] GC(236) Eden regions: 250->0(41)
[2023-04-17T02:07:00.232-0400][gc,heap     ] GC(236) Survivor regions: 5->10(32)
[2023-04-17T02:07:00.232-0400][gc,heap     ] GC(236) Old regions: 63->63
[2023-04-17T02:07:00.232-0400][gc,heap     ] GC(236) Archive regions: 2->2
[2023-04-17T02:07:00.232-0400][gc,heap     ] GC(236) Humongous regions: 129->129
[2023-04-17T02:07:00.232-0400][gc,metaspace] GC(236) Metaspace: 44220K(44928K)->44220K(44928K) NonClass: 39104K(39488K)->39104K(39488K) Class: 5116K(5440K)->5116K(5440K)
[2023-04-17T02:07:00.232-0400][gc          ] GC(236) Pause Young (Normal) (G1 Evacuation Pause) 447M->201M(1024M) 26.443ms
[2023-04-17T02:07:00.232-0400][gc,cpu      ] GC(236) User=0.04s Sys=0.05s Real=0.03s
[2023-04-17T02:07:26.701-0400][gc,start    ] GC(237) Pause Young (Normal) (G1 Evacuation Pause)
[2023-04-17T02:07:26.701-0400][gc,task     ] GC(237) Using 8 workers of 8 for evacuation
[2023-04-17T02:07:26.709-0400][gc,phases   ] GC(237)   Pre Evacuate Collection Set: 0.1ms
[2023-04-17T02:07:26.709-0400][gc,phases   ] GC(237)   Merge Heap Roots: 0.1ms
[2023-04-17T02:07:26.709-0400][gc,phases   ] GC(237)   Evacuate Collection Set: 6.9ms
[2023-04-17T02:07:26.709-0400][gc,phases   ] GC(237)   Post Evacuate Collection Set: 0.7ms
[2023-04-17T02:07:26.709-0400][gc,phases   ] GC(237)   Other: 0.1ms
[2023-04-17T02:07:26.709-0400][gc,heap     ] GC(237) Eden regions: 41->0(367)
[2023-04-17T02:07:26.709-0400][gc,heap     ] GC(237) Survivor regions: 10->2(7)
[2023-04-17T02:07:26.709-0400][gc,heap     ] GC(237) Old regions: 63->72
[2023-04-17T02:07:26.709-0400][gc,heap     ] GC(237) Archive regions: 2->2
[2023-04-17T02:07:26.709-0400][gc,heap     ] GC(237) Humongous regions: 129->129
[2023-04-17T02:07:26.709-0400][gc,metaspace] GC(237) Metaspace: 44220K(44928K)->44220K(44928K) NonClass: 39104K(39488K)->39104K(39488K) Class: 5116K(5440K)->5116K(5440K)
[2023-04-17T02:07:26.709-0400][gc          ] GC(237) Pause Young (Normal) (G1 Evacuation Pause) 242M->202M(1024M) 8.836ms
[2023-04-17T02:07:26.709-0400][gc,cpu      ] GC(237) User=0.03s Sys=0.01s Real=0.00s
[2023-04-17T02:11:32.193-0400][gc,start    ] GC(238) Pause Young (Normal) (G1 Evacuation Pause)
[2023-04-17T02:11:32.193-0400][gc,task     ] GC(238) Using 8 workers of 8 for evacuation
[2023-04-17T02:11:32.228-0400][gc,mmu      ] GC(238) MMU target violated: 21.0ms (20.0ms/21.0ms)
[2023-04-17T02:11:32.228-0400][gc,phases   ] GC(238)   Pre Evacuate Collection Set: 1.2ms
[2023-04-17T02:11:32.228-0400][gc,phases   ] GC(238)   Merge Heap Roots: 0.1ms
[2023-04-17T02:11:32.228-0400][gc,phases   ] GC(238)   Evacuate Collection Set: 32.0ms
[2023-04-17T02:11:32.228-0400][gc,phases   ] GC(238)   Post Evacuate Collection Set: 1.3ms
[2023-04-17T02:11:32.228-0400][gc,phases   ] GC(238)   Other: 0.2ms
[2023-04-17T02:11:32.228-0400][gc,heap     ] GC(238) Eden regions: 367->0(44)
[2023-04-17T02:11:32.228-0400][gc,heap     ] GC(238) Survivor regions: 2->7(47)
[2023-04-17T02:11:32.228-0400][gc,heap     ] GC(238) Old regions: 72->72
[2023-04-17T02:11:32.228-0400][gc,heap     ] GC(238) Archive regions: 2->2
[2023-04-17T02:11:32.228-0400][gc,heap     ] GC(238) Humongous regions: 129->129
[2023-04-17T02:11:32.228-0400][gc,metaspace] GC(238) Metaspace: 44220K(44928K)->44220K(44928K) NonClass: 39104K(39488K)->39104K(39488K) Class: 5116K(5440K)->5116K(5440K)
[2023-04-17T02:11:32.228-0400][gc          ] GC(238) Pause Young (Normal) (G1 Evacuation Pause) 569M->207M(1024M) 35.710ms
[2023-04-17T02:11:32.228-0400][gc,cpu      ] GC(238) User=0.05s Sys=0.17s Real=0.03s
[2023-04-17T02:11:58.622-0400][gc,start    ] GC(239) Pause Young (Normal) (G1 Evacuation Pause)
[2023-04-17T02:11:58.622-0400][gc,task     ] GC(239) Using 8 workers of 8 for evacuation
[2023-04-17T02:11:58.633-0400][gc,phases   ] GC(239)   Pre Evacuate Collection Set: 0.2ms
[2023-04-17T02:11:58.633-0400][gc,phases   ] GC(239)   Merge Heap Roots: 0.1ms
[2023-04-17T02:11:58.633-0400][gc,phases   ] GC(239)   Evacuate Collection Set: 7.9ms
[2023-04-17T02:11:58.633-0400][gc,phases   ] GC(239)   Post Evacuate Collection Set: 2.0ms
[2023-04-17T02:11:58.633-0400][gc,phases   ] GC(239)   Other: 0.9ms
[2023-04-17T02:11:58.633-0400][gc,heap     ] GC(239) Eden regions: 44->0(225)
[2023-04-17T02:11:58.633-0400][gc,heap     ] GC(239) Survivor regions: 7->2(7)
[2023-04-17T02:11:58.633-0400][gc,heap     ] GC(239) Old regions: 72->78
[2023-04-17T02:11:58.633-0400][gc,heap     ] GC(239) Archive regions: 2->2
[2023-04-17T02:11:58.633-0400][gc,heap     ] GC(239) Humongous regions: 129->129
[2023-04-17T02:11:58.633-0400][gc,metaspace] GC(239) Metaspace: 44220K(44928K)->44220K(44928K) NonClass: 39104K(39488K)->39104K(39488K) Class: 5116K(5440K)->5116K(5440K)
[2023-04-17T02:11:58.633-0400][gc          ] GC(239) Pause Young (Normal) (G1 Evacuation Pause) 251M->208M(1024M) 11.406ms
[2023-04-17T02:11:58.633-0400][gc,cpu      ] GC(239) User=0.05s Sys=0.01s Real=0.01s
[2023-04-17T02:14:28.038-0400][gc,start    ] GC(240) Pause Young (Normal) (G1 Evacuation Pause)
[2023-04-17T02:14:28.039-0400][gc,task     ] GC(240) Using 8 workers of 8 for evacuation
[2023-04-17T02:14:28.052-0400][gc,phases   ] GC(240)   Pre Evacuate Collection Set: 0.3ms
[2023-04-17T02:14:28.052-0400][gc,phases   ] GC(240)   Merge Heap Roots: 0.2ms
[2023-04-17T02:14:28.052-0400][gc,phases   ] GC(240)   Evacuate Collection Set: 11.1ms
[2023-04-17T02:14:28.052-0400][gc,phases   ] GC(240)   Post Evacuate Collection Set: 0.4ms
[2023-04-17T02:14:28.052-0400][gc,phases   ] GC(240)   Other: 0.3ms
[2023-04-17T02:14:28.052-0400][gc,heap     ] GC(240) Eden regions: 225->0(125)
[2023-04-17T02:14:28.052-0400][gc,heap     ] GC(240) Survivor regions: 2->5(29)
[2023-04-17T02:14:28.052-0400][gc,heap     ] GC(240) Old regions: 78->78
[2023-04-17T02:14:28.052-0400][gc,heap     ] GC(240) Archive regions: 2->2
[2023-04-17T02:14:28.052-0400][gc,heap     ] GC(240) Humongous regions: 129->129
[2023-04-17T02:14:28.052-0400][gc,metaspace] GC(240) Metaspace: 44220K(44928K)->44220K(44928K) NonClass: 39104K(39488K)->39104K(39488K) Class: 5116K(5440K)->5116K(5440K)
[2023-04-17T02:14:28.052-0400][gc          ] GC(240) Pause Young (Normal) (G1 Evacuation Pause) 433M->212M(1024M) 14.173ms
[2023-04-17T02:14:28.053-0400][gc,cpu      ] GC(240) User=0.04s Sys=0.03s Real=0.02s
[2023-04-17T02:15:50.977-0400][gc,start    ] GC(241) Pause Young (Normal) (G1 Evacuation Pause)
[2023-04-17T02:15:50.978-0400][gc,task     ] GC(241) Using 8 workers of 8 for evacuation
[2023-04-17T02:15:50.984-0400][gc,phases   ] GC(241)   Pre Evacuate Collection Set: 0.1ms
[2023-04-17T02:15:50.984-0400][gc,phases   ] GC(241)   Merge Heap Roots: 0.1ms
[2023-04-17T02:15:50.984-0400][gc,phases   ] GC(241)   Evacuate Collection Set: 4.2ms
[2023-04-17T02:15:50.984-0400][gc,phases   ] GC(241)   Post Evacuate Collection Set: 0.4ms
[2023-04-17T02:15:50.984-0400][gc,phases   ] GC(241)   Other: 1.4ms
[2023-04-17T02:15:50.984-0400][gc,heap     ] GC(241) Eden regions: 125->0(91)
[2023-04-17T02:15:50.984-0400][gc,heap     ] GC(241) Survivor regions: 5->7(17)
[2023-04-17T02:15:50.984-0400][gc,heap     ] GC(241) Old regions: 78->78
[2023-04-17T02:15:50.984-0400][gc,heap     ] GC(241) Archive regions: 2->2
[2023-04-17T02:15:50.984-0400][gc,heap     ] GC(241) Humongous regions: 129->129
[2023-04-17T02:15:50.984-0400][gc,metaspace] GC(241) Metaspace: 44220K(44928K)->44220K(44928K) NonClass: 39104K(39488K)->39104K(39488K) Class: 5116K(5440K)->5116K(5440K)
[2023-04-17T02:15:50.984-0400][gc          ] GC(241) Pause Young (Normal) (G1 Evacuation Pause) 337M->214M(1024M) 6.735ms
[2023-04-17T02:15:50.984-0400][gc,cpu      ] GC(241) User=0.02s Sys=0.00s Real=0.01s
[2023-04-17T02:16:51.427-0400][gc,start    ] GC(242) Pause Young (Normal) (G1 Evacuation Pause)
[2023-04-17T02:16:51.427-0400][gc,task     ] GC(242) Using 8 workers of 8 for evacuation
[2023-04-17T02:16:51.437-0400][gc,phases   ] GC(242)   Pre Evacuate Collection Set: 4.0ms
[2023-04-17T02:16:51.437-0400][gc,phases   ] GC(242)   Merge Heap Roots: 1.0ms
[2023-04-17T02:16:51.437-0400][gc,phases   ] GC(242)   Evacuate Collection Set: 4.8ms
[2023-04-17T02:16:51.437-0400][gc,phases   ] GC(242)   Post Evacuate Collection Set: 0.4ms
[2023-04-17T02:16:51.437-0400][gc,phases   ] GC(242)   Other: 0.1ms
[2023-04-17T02:16:51.437-0400][gc,heap     ] GC(242) Eden regions: 91->0(47)
[2023-04-17T02:16:51.437-0400][gc,heap     ] GC(242) Survivor regions: 7->9(13)
[2023-04-17T02:16:51.437-0400][gc,heap     ] GC(242) Old regions: 78->79
[2023-04-17T02:16:51.437-0400][gc,heap     ] GC(242) Archive regions: 2->2
[2023-04-17T02:16:51.437-0400][gc,heap     ] GC(242) Humongous regions: 129->129
[2023-04-17T02:16:51.437-0400][gc,metaspace] GC(242) Metaspace: 44220K(44928K)->44220K(44928K) NonClass: 39104K(39488K)->39104K(39488K) Class: 5116K(5440K)->5116K(5440K)
[2023-04-17T02:16:51.437-0400][gc          ] GC(242) Pause Young (Normal) (G1 Evacuation Pause) 305M->216M(1024M) 10.611ms
[2023-04-17T02:16:51.437-0400][gc,cpu      ] GC(242) User=0.03s Sys=0.00s Real=0.01s
[2023-04-17T02:17:21.224-0400][gc,start    ] GC(243) Pause Young (Normal) (G1 Evacuation Pause)
[2023-04-17T02:17:21.225-0400][gc,task     ] GC(243) Using 8 workers of 8 for evacuation
[2023-04-17T02:17:21.236-0400][gc,phases   ] GC(243)   Pre Evacuate Collection Set: 0.2ms
[2023-04-17T02:17:21.236-0400][gc,phases   ] GC(243)   Merge Heap Roots: 0.2ms
[2023-04-17T02:17:21.236-0400][gc,phases   ] GC(243)   Evacuate Collection Set: 10.1ms
[2023-04-17T02:17:21.236-0400][gc,phases   ] GC(243)   Post Evacuate Collection Set: 0.6ms
[2023-04-17T02:17:21.236-0400][gc,phases   ] GC(243)   Other: 0.2ms
[2023-04-17T02:17:21.236-0400][gc,heap     ] GC(243) Eden regions: 45->0(415)
[2023-04-17T02:17:21.236-0400][gc,heap     ] GC(243) Survivor regions: 9->3(7)
[2023-04-17T02:17:21.236-0400][gc,heap     ] GC(243) Old regions: 79->85
[2023-04-17T02:17:21.236-0400][gc,heap     ] GC(243) Archive regions: 2->2
[2023-04-17T02:17:21.236-0400][gc,heap     ] GC(243) Humongous regions: 129->129
[2023-04-17T02:17:21.236-0400][gc,metaspace] GC(243) Metaspace: 44220K(44928K)->44220K(44928K) NonClass: 39104K(39488K)->39104K(39488K) Class: 5116K(5440K)->5116K(5440K)
[2023-04-17T02:17:21.236-0400][gc          ] GC(243) Pause Young (Normal) (G1 Evacuation Pause) 261M->217M(1024M) 11.784ms
[2023-04-17T02:17:21.236-0400][gc,cpu      ] GC(243) User=0.06s Sys=0.02s Real=0.01s
[2023-04-17T02:21:56.369-0400][gc,start    ] GC(244) Pause Young (Normal) (G1 Evacuation Pause)
[2023-04-17T02:21:56.369-0400][gc,task     ] GC(244) Using 8 workers of 8 for evacuation
[2023-04-17T02:21:56.403-0400][gc,mmu      ] GC(244) MMU target violated: 21.0ms (20.0ms/21.0ms)
[2023-04-17T02:21:56.403-0400][gc,phases   ] GC(244)   Pre Evacuate Collection Set: 0.8ms
[2023-04-17T02:21:56.403-0400][gc,phases   ] GC(244)   Merge Heap Roots: 0.8ms
[2023-04-17T02:21:56.403-0400][gc,phases   ] GC(244)   Evacuate Collection Set: 30.5ms
[2023-04-17T02:21:56.403-0400][gc,phases   ] GC(244)   Post Evacuate Collection Set: 0.4ms
[2023-04-17T02:21:56.403-0400][gc,phases   ] GC(244)   Other: 0.9ms
[2023-04-17T02:21:56.403-0400][gc,heap     ] GC(244) Eden regions: 415->0(41)
[2023-04-17T02:21:56.403-0400][gc,heap     ] GC(244) Survivor regions: 3->10(53)
[2023-04-17T02:21:56.403-0400][gc,heap     ] GC(244) Old regions: 85->85
[2023-04-17T02:21:56.403-0400][gc,heap     ] GC(244) Archive regions: 2->2
[2023-04-17T02:21:56.403-0400][gc,heap     ] GC(244) Humongous regions: 129->129
[2023-04-17T02:21:56.403-0400][gc,metaspace] GC(244) Metaspace: 44220K(44928K)->44220K(44928K) NonClass: 39104K(39488K)->39104K(39488K) Class: 5116K(5440K)->5116K(5440K)
[2023-04-17T02:21:56.403-0400][gc          ] GC(244) Pause Young (Normal) (G1 Evacuation Pause) 632M->223M(1024M) 34.383ms
[2023-04-17T02:21:56.403-0400][gc,cpu      ] GC(244) User=0.06s Sys=0.07s Real=0.04s
[2023-04-17T02:22:21.973-0400][gc,start    ] GC(245) Pause Young (Normal) (G1 Evacuation Pause)
[2023-04-17T02:22:21.975-0400][gc,task     ] GC(245) Using 8 workers of 8 for evacuation
[2023-04-17T02:22:21.993-0400][gc,phases   ] GC(245)   Pre Evacuate Collection Set: 2.3ms
[2023-04-17T02:22:21.993-0400][gc,phases   ] GC(245)   Merge Heap Roots: 0.3ms
[2023-04-17T02:22:21.993-0400][gc,phases   ] GC(245)   Evacuate Collection Set: 14.9ms
[2023-04-17T02:22:21.993-0400][gc,phases   ] GC(245)   Post Evacuate Collection Set: 0.4ms
[2023-04-17T02:22:21.993-0400][gc,phases   ] GC(245)   Other: 0.2ms
[2023-04-17T02:22:21.994-0400][gc,heap     ] GC(245) Eden regions: 41->0(387)
[2023-04-17T02:22:21.994-0400][gc,heap     ] GC(245) Survivor regions: 10->2(7)
[2023-04-17T02:22:21.994-0400][gc,heap     ] GC(245) Old regions: 85->94
[2023-04-17T02:22:21.994-0400][gc,heap     ] GC(245) Archive regions: 2->2
[2023-04-17T02:22:21.994-0400][gc,heap     ] GC(245) Humongous regions: 129->129
[2023-04-17T02:22:21.994-0400][gc,metaspace] GC(245) Metaspace: 44220K(44928K)->44220K(44928K) NonClass: 39104K(39488K)->39104K(39488K) Class: 5116K(5440K)->5116K(5440K)
[2023-04-17T02:22:21.994-0400][gc          ] GC(245) Pause Young (Normal) (G1 Evacuation Pause) 264M->224M(1024M) 20.368ms
[2023-04-17T02:22:21.994-0400][gc,cpu      ] GC(245) User=0.07s Sys=0.03s Real=0.02s
[2023-04-17T02:26:40.230-0400][gc,start    ] GC(246) Pause Young (Normal) (G1 Evacuation Pause)
[2023-04-17T02:26:40.231-0400][gc,task     ] GC(246) Using 8 workers of 8 for evacuation
[2023-04-17T02:26:40.240-0400][gc,phases   ] GC(246)   Pre Evacuate Collection Set: 0.2ms
[2023-04-17T02:26:40.240-0400][gc,phases   ] GC(246)   Merge Heap Roots: 0.1ms
[2023-04-17T02:26:40.240-0400][gc,phases   ] GC(246)   Evacuate Collection Set: 8.4ms
[2023-04-17T02:26:40.240-0400][gc,phases   ] GC(246)   Post Evacuate Collection Set: 0.5ms
[2023-04-17T02:26:40.240-0400][gc,phases   ] GC(246)   Other: 0.2ms
[2023-04-17T02:26:40.240-0400][gc,heap     ] GC(246) Eden regions: 387->0(141)
[2023-04-17T02:26:40.240-0400][gc,heap     ] GC(246) Survivor regions: 2->9(49)
[2023-04-17T02:26:40.240-0400][gc,heap     ] GC(246) Old regions: 94->94
[2023-04-17T02:26:40.240-0400][gc,heap     ] GC(246) Archive regions: 2->2
[2023-04-17T02:26:40.240-0400][gc,heap     ] GC(246) Humongous regions: 129->129
[2023-04-17T02:26:40.240-0400][gc,metaspace] GC(246) Metaspace: 44220K(44928K)->44220K(44928K) NonClass: 39104K(39488K)->39104K(39488K) Class: 5116K(5440K)->5116K(5440K)
[2023-04-17T02:26:40.242-0400][gc          ] GC(246) Pause Young (Normal) (G1 Evacuation Pause) 611M->232M(1024M) 10.709ms
[2023-04-17T02:26:40.242-0400][gc,cpu      ] GC(246) User=0.04s Sys=0.01s Real=0.01s
[2023-04-17T02:28:11.015-0400][gc,start    ] GC(247) Pause Young (Normal) (G1 Evacuation Pause)
[2023-04-17T02:28:11.016-0400][gc,task     ] GC(247) Using 8 workers of 8 for evacuation
[2023-04-17T02:28:11.025-0400][gc,phases   ] GC(247)   Pre Evacuate Collection Set: 0.2ms
[2023-04-17T02:28:11.025-0400][gc,phases   ] GC(247)   Merge Heap Roots: 0.1ms
[2023-04-17T02:28:11.025-0400][gc,phases   ] GC(247)   Evacuate Collection Set: 7.7ms
[2023-04-17T02:28:11.025-0400][gc,phases   ] GC(247)   Post Evacuate Collection Set: 1.5ms
[2023-04-17T02:28:11.025-0400][gc,phases   ] GC(247)   Other: 0.2ms
[2023-04-17T02:28:11.025-0400][gc,heap     ] GC(247) Eden regions: 139->0(132)
[2023-04-17T02:28:11.025-0400][gc,heap     ] GC(247) Survivor regions: 9->11(19)
[2023-04-17T02:28:11.025-0400][gc,heap     ] GC(247) Old regions: 94->94
[2023-04-17T02:28:11.025-0400][gc,heap     ] GC(247) Archive regions: 2->2
[2023-04-17T02:28:11.025-0400][gc,heap     ] GC(247) Humongous regions: 129->129
[2023-04-17T02:28:11.025-0400][gc,metaspace] GC(247) Metaspace: 44220K(44928K)->44220K(44928K) NonClass: 39104K(39488K)->39104K(39488K) Class: 5116K(5440K)->5116K(5440K)
[2023-04-17T02:28:11.025-0400][gc          ] GC(247) Pause Young (Normal) (G1 Evacuation Pause) 371M->234M(1024M) 10.413ms
[2023-04-17T02:28:11.025-0400][gc,cpu      ] GC(247) User=0.04s Sys=0.00s Real=0.01s
[2023-04-17T02:29:39.065-0400][gc,start    ] GC(248) Pause Young (Normal) (G1 Evacuation Pause)
[2023-04-17T02:29:39.067-0400][gc,task     ] GC(248) Using 8 workers of 8 for evacuation
[2023-04-17T02:29:39.084-0400][gc,phases   ] GC(248)   Pre Evacuate Collection Set: 0.5ms
[2023-04-17T02:29:39.084-0400][gc,phases   ] GC(248)   Merge Heap Roots: 0.3ms
[2023-04-17T02:29:39.084-0400][gc,phases   ] GC(248)   Evacuate Collection Set: 15.7ms
[2023-04-17T02:29:39.084-0400][gc,phases   ] GC(248)   Post Evacuate Collection Set: 0.4ms
[2023-04-17T02:29:39.084-0400][gc,phases   ] GC(248)   Other: 0.3ms
[2023-04-17T02:29:39.084-0400][gc,heap     ] GC(248) Eden regions: 132->0(423)
[2023-04-17T02:29:39.084-0400][gc,heap     ] GC(248) Survivor regions: 11->5(18)
[2023-04-17T02:29:39.084-0400][gc,heap     ] GC(248) Old regions: 94->102
[2023-04-17T02:29:39.084-0400][gc,heap     ] GC(248) Archive regions: 2->2
[2023-04-17T02:29:39.084-0400][gc,heap     ] GC(248) Humongous regions: 129->129
[2023-04-17T02:29:39.084-0400][gc,metaspace] GC(248) Metaspace: 44220K(44928K)->44220K(44928K) NonClass: 39104K(39488K)->39104K(39488K) Class: 5116K(5440K)->5116K(5440K)
[2023-04-17T02:29:39.084-0400][gc          ] GC(248) Pause Young (Normal) (G1 Evacuation Pause) 366M->236M(1024M) 18.736ms
[2023-04-17T02:29:39.084-0400][gc,cpu      ] GC(248) User=0.09s Sys=0.02s Real=0.02s
[2023-04-17T02:34:16.742-0400][gc,start    ] GC(249) Pause Young (Normal) (G1 Evacuation Pause)
[2023-04-17T02:34:16.743-0400][gc,task     ] GC(249) Using 8 workers of 8 for evacuation
[2023-04-17T02:34:16.789-0400][gc,mmu      ] GC(249) MMU target violated: 21.0ms (20.0ms/21.0ms)
[2023-04-17T02:34:16.790-0400][gc,phases   ] GC(249)   Pre Evacuate Collection Set: 0.8ms
[2023-04-17T02:34:16.790-0400][gc,phases   ] GC(249)   Merge Heap Roots: 0.8ms
[2023-04-17T02:34:16.790-0400][gc,phases   ] GC(249)   Evacuate Collection Set: 43.1ms
[2023-04-17T02:34:16.790-0400][gc,phases   ] GC(249)   Post Evacuate Collection Set: 1.5ms
[2023-04-17T02:34:16.790-0400][gc,phases   ] GC(249)   Other: 0.8ms
[2023-04-17T02:34:16.790-0400][gc,heap     ] GC(249) Eden regions: 423->0(40)
[2023-04-17T02:34:16.790-0400][gc,heap     ] GC(249) Survivor regions: 5->11(54)
[2023-04-17T02:34:16.790-0400][gc,heap     ] GC(249) Old regions: 102->102
[2023-04-17T02:34:16.790-0400][gc,heap     ] GC(249) Archive regions: 2->2
[2023-04-17T02:34:16.790-0400][gc,heap     ] GC(249) Humongous regions: 129->129
[2023-04-17T02:34:16.790-0400][gc,metaspace] GC(249) Metaspace: 44220K(44928K)->44220K(44928K) NonClass: 39104K(39488K)->39104K(39488K) Class: 5116K(5440K)->5116K(5440K)
[2023-04-17T02:34:16.790-0400][gc          ] GC(249) Pause Young (Normal) (G1 Evacuation Pause) 659M->241M(1024M) 47.669ms
[2023-04-17T02:34:16.790-0400][gc,cpu      ] GC(249) User=0.05s Sys=0.08s Real=0.05s
[2023-04-17T02:34:41.151-0400][gc,start    ] GC(250) Pause Young (Normal) (G1 Evacuation Pause)
[2023-04-17T02:34:41.151-0400][gc,task     ] GC(250) Using 8 workers of 8 for evacuation
[2023-04-17T02:34:41.166-0400][gc,phases   ] GC(250)   Pre Evacuate Collection Set: 1.3ms
[2023-04-17T02:34:41.166-0400][gc,phases   ] GC(250)   Merge Heap Roots: 0.2ms
[2023-04-17T02:34:41.166-0400][gc,phases   ] GC(250)   Evacuate Collection Set: 12.1ms
[2023-04-17T02:34:41.166-0400][gc,phases   ] GC(250)   Post Evacuate Collection Set: 1.0ms
[2023-04-17T02:34:41.166-0400][gc,phases   ] GC(250)   Other: 0.1ms
[2023-04-17T02:34:41.166-0400][gc,heap     ] GC(250) Eden regions: 40->0(232)
[2023-04-17T02:34:41.166-0400][gc,heap     ] GC(250) Survivor regions: 11->2(7)
[2023-04-17T02:34:41.166-0400][gc,heap     ] GC(250) Old regions: 102->112
[2023-04-17T02:34:41.166-0400][gc,heap     ] GC(250) Archive regions: 2->2
[2023-04-17T02:34:41.166-0400][gc,heap     ] GC(250) Humongous regions: 129->129
[2023-04-17T02:34:41.166-0400][gc,metaspace] GC(250) Metaspace: 44220K(44928K)->44220K(44928K) NonClass: 39104K(39488K)->39104K(39488K) Class: 5116K(5440K)->5116K(5440K)
[2023-04-17T02:34:41.167-0400][gc          ] GC(250) Pause Young (Normal) (G1 Evacuation Pause) 281M->243M(1024M) 15.771ms
[2023-04-17T02:34:41.167-0400][gc,cpu      ] GC(250) User=0.08s Sys=0.02s Real=0.01s
[2023-04-17T02:37:16.727-0400][gc,start    ] GC(251) Pause Young (Normal) (G1 Evacuation Pause)
[2023-04-17T02:37:16.728-0400][gc,task     ] GC(251) Using 8 workers of 8 for evacuation
[2023-04-17T02:37:16.734-0400][gc,phases   ] GC(251)   Pre Evacuate Collection Set: 2.3ms
[2023-04-17T02:37:16.735-0400][gc,phases   ] GC(251)   Merge Heap Roots: 0.1ms
[2023-04-17T02:37:16.735-0400][gc,phases   ] GC(251)   Evacuate Collection Set: 4.1ms
[2023-04-17T02:37:16.735-0400][gc,phases   ] GC(251)   Post Evacuate Collection Set: 0.4ms
[2023-04-17T02:37:16.735-0400][gc,phases   ] GC(251)   Other: 0.2ms
[2023-04-17T02:37:16.735-0400][gc,heap     ] GC(251) Eden regions: 232->0(208)
[2023-04-17T02:37:16.735-0400][gc,heap     ] GC(251) Survivor regions: 2->5(30)
[2023-04-17T02:37:16.735-0400][gc,heap     ] GC(251) Old regions: 112->112
[2023-04-17T02:37:16.735-0400][gc,heap     ] GC(251) Archive regions: 2->2
[2023-04-17T02:37:16.735-0400][gc,heap     ] GC(251) Humongous regions: 129->129
[2023-04-17T02:37:16.735-0400][gc,metaspace] GC(251) Metaspace: 44220K(44928K)->44220K(44928K) NonClass: 39104K(39488K)->39104K(39488K) Class: 5116K(5440K)->5116K(5440K)
[2023-04-17T02:37:16.735-0400][gc          ] GC(251) Pause Young (Normal) (G1 Evacuation Pause) 475M->245M(1024M) 7.370ms
[2023-04-17T02:37:16.735-0400][gc,cpu      ] GC(251) User=0.03s Sys=0.00s Real=0.01s
[2023-04-17T02:39:34.065-0400][gc,start    ] GC(252) Pause Young (Normal) (G1 Evacuation Pause)
[2023-04-17T02:39:34.066-0400][gc,task     ] GC(252) Using 8 workers of 8 for evacuation
[2023-04-17T02:39:34.077-0400][gc,phases   ] GC(252)   Pre Evacuate Collection Set: 0.4ms
[2023-04-17T02:39:34.077-0400][gc,phases   ] GC(252)   Merge Heap Roots: 0.2ms
[2023-04-17T02:39:34.077-0400][gc,phases   ] GC(252)   Evacuate Collection Set: 9.3ms
[2023-04-17T02:39:34.077-0400][gc,phases   ] GC(252)   Post Evacuate Collection Set: 0.5ms
[2023-04-17T02:39:34.077-0400][gc,phases   ] GC(252)   Other: 0.3ms
[2023-04-17T02:39:34.077-0400][gc,heap     ] GC(252) Eden regions: 208->0(134)
[2023-04-17T02:39:34.077-0400][gc,heap     ] GC(252) Survivor regions: 5->8(27)
[2023-04-17T02:39:34.077-0400][gc,heap     ] GC(252) Old regions: 112->112
[2023-04-17T02:39:34.077-0400][gc,heap     ] GC(252) Archive regions: 2->2
[2023-04-17T02:39:34.077-0400][gc,heap     ] GC(252) Humongous regions: 129->129
[2023-04-17T02:39:34.077-0400][gc,metaspace] GC(252) Metaspace: 44220K(44928K)->44220K(44928K) NonClass: 39104K(39488K)->39104K(39488K) Class: 5116K(5440K)->5116K(5440K)
[2023-04-17T02:39:34.077-0400][gc          ] GC(252) Pause Young (Normal) (G1 Evacuation Pause) 453M->249M(1024M) 11.979ms
[2023-04-17T02:39:34.077-0400][gc,cpu      ] GC(252) User=0.06s Sys=0.01s Real=0.01s
[2023-04-17T02:41:00.286-0400][gc,start    ] GC(253) Pause Young (Normal) (G1 Evacuation Pause)
[2023-04-17T02:41:00.287-0400][gc,task     ] GC(253) Using 8 workers of 8 for evacuation
[2023-04-17T02:41:00.297-0400][gc,phases   ] GC(253)   Pre Evacuate Collection Set: 1.0ms
[2023-04-17T02:41:00.297-0400][gc,phases   ] GC(253)   Merge Heap Roots: 0.1ms
[2023-04-17T02:41:00.297-0400][gc,phases   ] GC(253)   Evacuate Collection Set: 7.9ms
[2023-04-17T02:41:00.297-0400][gc,phases   ] GC(253)   Post Evacuate Collection Set: 0.4ms
[2023-04-17T02:41:00.297-0400][gc,phases   ] GC(253)   Other: 0.2ms
[2023-04-17T02:41:00.297-0400][gc,heap     ] GC(253) Eden regions: 134->0(82)
[2023-04-17T02:41:00.297-0400][gc,heap     ] GC(253) Survivor regions: 8->11(18)
[2023-04-17T02:41:00.297-0400][gc,heap     ] GC(253) Old regions: 112->112
[2023-04-17T02:41:00.297-0400][gc,heap     ] GC(253) Archive regions: 2->2
[2023-04-17T02:41:00.297-0400][gc,heap     ] GC(253) Humongous regions: 129->129
[2023-04-17T02:41:00.297-0400][gc,metaspace] GC(253) Metaspace: 44220K(44928K)->44220K(44928K) NonClass: 39104K(39488K)->39104K(39488K) Class: 5116K(5440K)->5116K(5440K)
[2023-04-17T02:41:00.297-0400][gc          ] GC(253) Pause Young (Normal) (G1 Evacuation Pause) 383M->252M(1024M) 10.945ms
[2023-04-17T02:41:00.297-0400][gc,cpu      ] GC(253) User=0.05s Sys=0.01s Real=0.01s
[2023-04-17T02:41:53.074-0400][gc,start    ] GC(254) Pause Young (Normal) (G1 Evacuation Pause)
[2023-04-17T02:41:53.075-0400][gc,task     ] GC(254) Using 8 workers of 8 for evacuation
[2023-04-17T02:41:53.093-0400][gc,phases   ] GC(254)   Pre Evacuate Collection Set: 1.5ms
[2023-04-17T02:41:53.103-0400][gc,phases   ] GC(254)   Merge Heap Roots: 0.2ms
[2023-04-17T02:41:53.103-0400][gc,phases   ] GC(254)   Evacuate Collection Set: 14.4ms
[2023-04-17T02:41:53.103-0400][gc,phases   ] GC(254)   Post Evacuate Collection Set: 0.5ms
[2023-04-17T02:41:53.103-0400][gc,phases   ] GC(254)   Other: 1.5ms
[2023-04-17T02:41:53.103-0400][gc,heap     ] GC(254) Eden regions: 82->0(213)
[2023-04-17T02:41:53.103-0400][gc,heap     ] GC(254) Survivor regions: 11->8(12)
[2023-04-17T02:41:53.104-0400][gc,heap     ] GC(254) Old regions: 112->116
[2023-04-17T02:41:53.104-0400][gc,heap     ] GC(254) Archive regions: 2->2
[2023-04-17T02:41:53.104-0400][gc,heap     ] GC(254) Humongous regions: 129->129
[2023-04-17T02:41:53.104-0400][gc,metaspace] GC(254) Metaspace: 44220K(44928K)->44220K(44928K) NonClass: 39104K(39488K)->39104K(39488K) Class: 5116K(5440K)->5116K(5440K)
[2023-04-17T02:41:53.104-0400][gc          ] GC(254) Pause Young (Normal) (G1 Evacuation Pause) 334M->253M(1024M) 30.116ms
[2023-04-17T02:41:53.104-0400][gc,cpu      ] GC(254) User=0.09s Sys=0.01s Real=0.03s
[2023-04-17T02:44:13.588-0400][gc,start    ] GC(255) Pause Young (Normal) (G1 Evacuation Pause)
[2023-04-17T02:44:13.589-0400][gc,task     ] GC(255) Using 8 workers of 8 for evacuation
[2023-04-17T02:44:13.603-0400][gc,phases   ] GC(255)   Pre Evacuate Collection Set: 0.3ms
[2023-04-17T02:44:13.603-0400][gc,phases   ] GC(255)   Merge Heap Roots: 0.2ms
[2023-04-17T02:44:13.603-0400][gc,phases   ] GC(255)   Evacuate Collection Set: 12.0ms
[2023-04-17T02:44:13.603-0400][gc,phases   ] GC(255)   Post Evacuate Collection Set: 0.6ms
[2023-04-17T02:44:13.603-0400][gc,phases   ] GC(255)   Other: 0.2ms
[2023-04-17T02:44:13.603-0400][gc,heap     ] GC(255) Eden regions: 212->0(144)
[2023-04-17T02:44:13.603-0400][gc,heap     ] GC(255) Survivor regions: 8->11(28)
[2023-04-17T02:44:13.603-0400][gc,heap     ] GC(255) Old regions: 116->116
[2023-04-17T02:44:13.603-0400][gc,heap     ] GC(255) Archive regions: 2->2
[2023-04-17T02:44:13.603-0400][gc,heap     ] GC(255) Humongous regions: 129->129
[2023-04-17T02:44:13.603-0400][gc,metaspace] GC(255) Metaspace: 44220K(44928K)->44220K(44928K) NonClass: 39104K(39488K)->39104K(39488K) Class: 5116K(5440K)->5116K(5440K)
[2023-04-17T02:44:13.603-0400][gc          ] GC(255) Pause Young (Normal) (G1 Evacuation Pause) 465M->256M(1024M) 15.299ms
[2023-04-17T02:44:13.603-0400][gc,cpu      ] GC(255) User=0.08s Sys=0.01s Real=0.02s
[2023-04-17T02:45:47.268-0400][gc,start    ] GC(256) Pause Young (Normal) (G1 Evacuation Pause)
[2023-04-17T02:45:47.268-0400][gc,task     ] GC(256) Using 8 workers of 8 for evacuation
[2023-04-17T02:45:47.274-0400][gc,phases   ] GC(256)   Pre Evacuate Collection Set: 0.1ms
[2023-04-17T02:45:47.274-0400][gc,phases   ] GC(256)   Merge Heap Roots: 0.1ms
[2023-04-17T02:45:47.274-0400][gc,phases   ] GC(256)   Evacuate Collection Set: 5.7ms
[2023-04-17T02:45:47.274-0400][gc,phases   ] GC(256)   Post Evacuate Collection Set: 0.3ms
[2023-04-17T02:45:47.274-0400][gc,phases   ] GC(256)   Other: 0.1ms
[2023-04-17T02:45:47.274-0400][gc,heap     ] GC(256) Eden regions: 144->0(419)
[2023-04-17T02:45:47.274-0400][gc,heap     ] GC(256) Survivor regions: 11->8(20)
[2023-04-17T02:45:47.274-0400][gc,heap     ] GC(256) Old regions: 116->119
[2023-04-17T02:45:47.274-0400][gc,heap     ] GC(256) Archive regions: 2->2
[2023-04-17T02:45:47.274-0400][gc,heap     ] GC(256) Humongous regions: 129->129
[2023-04-17T02:45:47.274-0400][gc,metaspace] GC(256) Metaspace: 44220K(44928K)->44220K(44928K) NonClass: 39104K(39488K)->39104K(39488K) Class: 5116K(5440K)->5116K(5440K)
[2023-04-17T02:45:47.274-0400][gc          ] GC(256) Pause Young (Normal) (G1 Evacuation Pause) 400M->256M(1024M) 6.439ms
[2023-04-17T02:45:47.275-0400][gc,cpu      ] GC(256) User=0.04s Sys=0.00s Real=0.01s
[2023-04-17T02:50:30.720-0400][gc,start    ] GC(257) Pause Young (Normal) (G1 Evacuation Pause)
[2023-04-17T02:50:30.723-0400][gc,task     ] GC(257) Using 8 workers of 8 for evacuation
[2023-04-17T02:50:30.796-0400][gc,mmu      ] GC(257) MMU target violated: 21.0ms (20.0ms/21.0ms)
[2023-04-17T02:50:30.796-0400][gc,phases   ] GC(257)   Pre Evacuate Collection Set: 4.0ms
[2023-04-17T02:50:30.796-0400][gc,phases   ] GC(257)   Merge Heap Roots: 2.1ms
[2023-04-17T02:50:30.796-0400][gc,phases   ] GC(257)   Evacuate Collection Set: 63.1ms
[2023-04-17T02:50:30.796-0400][gc,phases   ] GC(257)   Post Evacuate Collection Set: 3.1ms
[2023-04-17T02:50:30.796-0400][gc,phases   ] GC(257)   Other: 1.6ms
[2023-04-17T02:50:30.796-0400][gc,heap     ] GC(257) Eden regions: 416->0(38)
[2023-04-17T02:50:30.796-0400][gc,heap     ] GC(257) Survivor regions: 8->13(53)
[2023-04-17T02:50:30.796-0400][gc,heap     ] GC(257) Old regions: 119->119
[2023-04-17T02:50:30.796-0400][gc,heap     ] GC(257) Archive regions: 2->2
[2023-04-17T02:50:30.796-0400][gc,heap     ] GC(257) Humongous regions: 129->129
[2023-04-17T02:50:30.796-0400][gc,metaspace] GC(257) Metaspace: 44220K(44928K)->44220K(44928K) NonClass: 39104K(39488K)->39104K(39488K) Class: 5116K(5440K)->5116K(5440K)
[2023-04-17T02:50:30.796-0400][gc          ] GC(257) Pause Young (Normal) (G1 Evacuation Pause) 672M->261M(1024M) 75.796ms
[2023-04-17T02:50:30.796-0400][gc,cpu      ] GC(257) User=0.08s Sys=0.30s Real=0.07s
[2023-04-17T02:50:54.131-0400][gc,start    ] GC(258) Pause Young (Normal) (G1 Evacuation Pause)
[2023-04-17T02:50:54.131-0400][gc,task     ] GC(258) Using 8 workers of 8 for evacuation
[2023-04-17T02:50:54.155-0400][gc,mmu      ] GC(258) MMU target violated: 21.0ms (20.0ms/21.0ms)
[2023-04-17T02:50:54.155-0400][gc,phases   ] GC(258)   Pre Evacuate Collection Set: 4.4ms
[2023-04-17T02:50:54.155-0400][gc,phases   ] GC(258)   Merge Heap Roots: 0.7ms
[2023-04-17T02:50:54.155-0400][gc,phases   ] GC(258)   Evacuate Collection Set: 13.6ms
[2023-04-17T02:50:54.155-0400][gc,phases   ] GC(258)   Post Evacuate Collection Set: 0.3ms
[2023-04-17T02:50:54.155-0400][gc,phases   ] GC(258)   Other: 4.6ms
[2023-04-17T02:50:54.155-0400][gc,heap     ] GC(258) Eden regions: 38->0(192)
[2023-04-17T02:50:54.155-0400][gc,heap     ] GC(258) Survivor regions: 13->2(7)
[2023-04-17T02:50:54.155-0400][gc,heap     ] GC(258) Old regions: 119->131
[2023-04-17T02:50:54.155-0400][gc,heap     ] GC(258) Archive regions: 2->2
[2023-04-17T02:50:54.155-0400][gc,heap     ] GC(258) Humongous regions: 129->129
[2023-04-17T02:50:54.155-0400][gc,metaspace] GC(258) Metaspace: 44220K(44928K)->44220K(44928K) NonClass: 39104K(39488K)->39104K(39488K) Class: 5116K(5440K)->5116K(5440K)
[2023-04-17T02:50:54.156-0400][gc          ] GC(258) Pause Young (Normal) (G1 Evacuation Pause) 299M->262M(1024M) 23.876ms
[2023-04-17T02:50:54.156-0400][gc,cpu      ] GC(258) User=0.05s Sys=0.02s Real=0.02s
[2023-04-17T02:52:58.432-0400][gc,start    ] GC(259) Pause Young (Normal) (G1 Evacuation Pause)
[2023-04-17T02:52:58.434-0400][gc,task     ] GC(259) Using 8 workers of 8 for evacuation
[2023-04-17T02:52:58.449-0400][gc,phases   ] GC(259)   Pre Evacuate Collection Set: 0.3ms
[2023-04-17T02:52:58.449-0400][gc,phases   ] GC(259)   Merge Heap Roots: 0.1ms
[2023-04-17T02:52:58.449-0400][gc,phases   ] GC(259)   Evacuate Collection Set: 13.2ms
[2023-04-17T02:52:58.449-0400][gc,phases   ] GC(259)   Post Evacuate Collection Set: 1.8ms
[2023-04-17T02:52:58.449-0400][gc,phases   ] GC(259)   Other: 0.2ms
[2023-04-17T02:52:58.449-0400][gc,heap     ] GC(259) Eden regions: 192->0(95)
[2023-04-17T02:52:58.449-0400][gc,heap     ] GC(259) Survivor regions: 2->4(25)
[2023-04-17T02:52:58.449-0400][gc,heap     ] GC(259) Old regions: 131->131
[2023-04-17T02:52:58.449-0400][gc,heap     ] GC(259) Archive regions: 2->2
[2023-04-17T02:52:58.449-0400][gc,heap     ] GC(259) Humongous regions: 129->129
[2023-04-17T02:52:58.449-0400][gc,metaspace] GC(259) Metaspace: 44220K(44928K)->44220K(44928K) NonClass: 39104K(39488K)->39104K(39488K) Class: 5116K(5440K)->5116K(5440K)
[2023-04-17T02:52:58.450-0400][gc          ] GC(259) Pause Young (Normal) (G1 Evacuation Pause) 454M->264M(1024M) 17.821ms
[2023-04-17T02:52:58.450-0400][gc,cpu      ] GC(259) User=0.03s Sys=0.03s Real=0.02s
[2023-04-17T02:54:00.226-0400][gc,start    ] GC(260) Pause Young (Normal) (G1 Evacuation Pause)
[2023-04-17T02:54:00.227-0400][gc,task     ] GC(260) Using 8 workers of 8 for evacuation
[2023-04-17T02:54:00.232-0400][gc,phases   ] GC(260)   Pre Evacuate Collection Set: 0.2ms
[2023-04-17T02:54:00.232-0400][gc,phases   ] GC(260)   Merge Heap Roots: 0.1ms
[2023-04-17T02:54:00.232-0400][gc,phases   ] GC(260)   Evacuate Collection Set: 4.4ms
[2023-04-17T02:54:00.232-0400][gc,phases   ] GC(260)   Post Evacuate Collection Set: 0.4ms
[2023-04-17T02:54:00.232-0400][gc,phases   ] GC(260)   Other: 0.1ms
[2023-04-17T02:54:00.232-0400][gc,heap     ] GC(260) Eden regions: 95->0(58)
[2023-04-17T02:54:00.232-0400][gc,heap     ] GC(260) Survivor regions: 4->6(13)
[2023-04-17T02:54:00.232-0400][gc,heap     ] GC(260) Old regions: 131->131
[2023-04-17T02:54:00.232-0400][gc,heap     ] GC(260) Archive regions: 2->2
[2023-04-17T02:54:00.232-0400][gc,heap     ] GC(260) Humongous regions: 129->129
[2023-04-17T02:54:00.232-0400][gc,metaspace] GC(260) Metaspace: 44220K(44928K)->44220K(44928K) NonClass: 39104K(39488K)->39104K(39488K) Class: 5116K(5440K)->5116K(5440K)
[2023-04-17T02:54:00.232-0400][gc          ] GC(260) Pause Young (Normal) (G1 Evacuation Pause) 359M->266M(1024M) 6.526ms
[2023-04-17T02:54:00.233-0400][gc,cpu      ] GC(260) User=0.03s Sys=0.01s Real=0.01s
[2023-04-17T02:54:37.960-0400][gc,start    ] GC(261) Pause Young (Normal) (G1 Evacuation Pause)
[2023-04-17T02:54:37.960-0400][gc,task     ] GC(261) Using 8 workers of 8 for evacuation
[2023-04-17T02:54:37.967-0400][gc,phases   ] GC(261)   Pre Evacuate Collection Set: 0.2ms
[2023-04-17T02:54:37.967-0400][gc,phases   ] GC(261)   Merge Heap Roots: 0.1ms
[2023-04-17T02:54:37.967-0400][gc,phases   ] GC(261)   Evacuate Collection Set: 6.4ms
[2023-04-17T02:54:37.967-0400][gc,phases   ] GC(261)   Post Evacuate Collection Set: 0.4ms
[2023-04-17T02:54:37.967-0400][gc,phases   ] GC(261)   Other: 0.1ms
[2023-04-17T02:54:37.967-0400][gc,heap     ] GC(261) Eden regions: 58->0(253)
[2023-04-17T02:54:37.967-0400][gc,heap     ] GC(261) Survivor regions: 6->3(8)
[2023-04-17T02:54:37.967-0400][gc,heap     ] GC(261) Old regions: 131->135
[2023-04-17T02:54:37.967-0400][gc,heap     ] GC(261) Archive regions: 2->2
[2023-04-17T02:54:37.967-0400][gc,heap     ] GC(261) Humongous regions: 129->129
[2023-04-17T02:54:37.967-0400][gc,metaspace] GC(261) Metaspace: 44220K(44928K)->44220K(44928K) NonClass: 39104K(39488K)->39104K(39488K) Class: 5116K(5440K)->5116K(5440K)
[2023-04-17T02:54:37.968-0400][gc          ] GC(261) Pause Young (Normal) (G1 Evacuation Pause) 324M->267M(1024M) 7.863ms
[2023-04-17T02:54:37.968-0400][gc,cpu      ] GC(261) User=0.03s Sys=0.00s Real=0.00s
[2023-04-17T02:57:22.363-0400][gc,start    ] GC(262) Pause Young (Normal) (G1 Evacuation Pause)
[2023-04-17T02:57:22.364-0400][gc,task     ] GC(262) Using 8 workers of 8 for evacuation
[2023-04-17T02:57:22.387-0400][gc,mmu      ] GC(262) MMU target violated: 21.0ms (20.0ms/21.0ms)
[2023-04-17T02:57:22.387-0400][gc,phases   ] GC(262)   Pre Evacuate Collection Set: 0.1ms
[2023-04-17T02:57:22.387-0400][gc,phases   ] GC(262)   Merge Heap Roots: 0.1ms
[2023-04-17T02:57:22.387-0400][gc,phases   ] GC(262)   Evacuate Collection Set: 19.7ms
[2023-04-17T02:57:22.387-0400][gc,phases   ] GC(262)   Post Evacuate Collection Set: 2.9ms
[2023-04-17T02:57:22.387-0400][gc,phases   ] GC(262)   Other: 0.2ms
[2023-04-17T02:57:22.387-0400][gc,heap     ] GC(262) Eden regions: 252->0(43)
[2023-04-17T02:57:22.387-0400][gc,heap     ] GC(262) Survivor regions: 3->8(32)
[2023-04-17T02:57:22.387-0400][gc,heap     ] GC(262) Old regions: 135->135
[2023-04-17T02:57:22.387-0400][gc,heap     ] GC(262) Archive regions: 2->2
[2023-04-17T02:57:22.387-0400][gc,heap     ] GC(262) Humongous regions: 129->129
[2023-04-17T02:57:22.387-0400][gc,metaspace] GC(262) Metaspace: 44220K(44928K)->44220K(44928K) NonClass: 39104K(39488K)->39104K(39488K) Class: 5116K(5440K)->5116K(5440K)
[2023-04-17T02:57:22.387-0400][gc          ] GC(262) Pause Young (Normal) (G1 Evacuation Pause) 519M->271M(1024M) 23.825ms
[2023-04-17T02:57:22.387-0400][gc,cpu      ] GC(262) User=0.04s Sys=0.05s Real=0.02s
[2023-04-17T02:57:50.309-0400][gc,start    ] GC(263) Pause Young (Normal) (G1 Evacuation Pause)
[2023-04-17T02:57:50.310-0400][gc,task     ] GC(263) Using 8 workers of 8 for evacuation
[2023-04-17T02:57:50.322-0400][gc,phases   ] GC(263)   Pre Evacuate Collection Set: 0.4ms
[2023-04-17T02:57:50.322-0400][gc,phases   ] GC(263)   Merge Heap Roots: 0.2ms
[2023-04-17T02:57:50.322-0400][gc,phases   ] GC(263)   Evacuate Collection Set: 11.1ms
[2023-04-17T02:57:50.322-0400][gc,phases   ] GC(263)   Post Evacuate Collection Set: 0.5ms
[2023-04-17T02:57:50.322-0400][gc,phases   ] GC(263)   Other: 0.2ms
[2023-04-17T02:57:50.322-0400][gc,heap     ] GC(263) Eden regions: 43->0(342)
[2023-04-17T02:57:50.322-0400][gc,heap     ] GC(263) Survivor regions: 8->2(7)
[2023-04-17T02:57:50.322-0400][gc,heap     ] GC(263) Old regions: 135->141
[2023-04-17T02:57:50.322-0400][gc,heap     ] GC(263) Archive regions: 2->2
[2023-04-17T02:57:50.322-0400][gc,heap     ] GC(263) Humongous regions: 129->129
[2023-04-17T02:57:50.322-0400][gc,metaspace] GC(263) Metaspace: 44220K(44928K)->44220K(44928K) NonClass: 39104K(39488K)->39104K(39488K) Class: 5116K(5440K)->5116K(5440K)
[2023-04-17T02:57:50.322-0400][gc          ] GC(263) Pause Young (Normal) (G1 Evacuation Pause) 314M->272M(1024M) 13.251ms
[2023-04-17T02:57:50.322-0400][gc,cpu      ] GC(263) User=0.06s Sys=0.01s Real=0.02s
[2023-04-17T03:01:34.996-0400][gc,start    ] GC(264) Pause Young (Normal) (G1 Evacuation Pause)
[2023-04-17T03:01:34.997-0400][gc,task     ] GC(264) Using 8 workers of 8 for evacuation
[2023-04-17T03:01:35.021-0400][gc,mmu      ] GC(264) MMU target violated: 21.0ms (20.0ms/21.0ms)
[2023-04-17T03:01:35.021-0400][gc,phases   ] GC(264)   Pre Evacuate Collection Set: 2.4ms
[2023-04-17T03:01:35.021-0400][gc,phases   ] GC(264)   Merge Heap Roots: 0.2ms
[2023-04-17T03:01:35.021-0400][gc,phases   ] GC(264)   Evacuate Collection Set: 20.1ms
[2023-04-17T03:01:35.021-0400][gc,phases   ] GC(264)   Post Evacuate Collection Set: 1.1ms
[2023-04-17T03:01:35.021-0400][gc,phases   ] GC(264)   Other: 0.4ms
[2023-04-17T03:01:35.021-0400][gc,heap     ] GC(264) Eden regions: 342->0(44)
[2023-04-17T03:01:35.021-0400][gc,heap     ] GC(264) Survivor regions: 2->7(43)
[2023-04-17T03:01:35.021-0400][gc,heap     ] GC(264) Old regions: 141->141
[2023-04-17T03:01:35.021-0400][gc,heap     ] GC(264) Archive regions: 2->2
[2023-04-17T03:01:35.021-0400][gc,heap     ] GC(264) Humongous regions: 129->129
[2023-04-17T03:01:35.021-0400][gc,metaspace] GC(264) Metaspace: 44220K(44928K)->44220K(44928K) NonClass: 39104K(39488K)->39104K(39488K) Class: 5116K(5440K)->5116K(5440K)
[2023-04-17T03:01:35.021-0400][gc          ] GC(264) Pause Young (Normal) (G1 Evacuation Pause) 614M->276M(1024M) 24.996ms
[2023-04-17T03:01:35.021-0400][gc,cpu      ] GC(264) User=0.05s Sys=0.07s Real=0.03s
[2023-04-17T03:02:02.778-0400][gc,start    ] GC(265) Pause Young (Normal) (G1 Evacuation Pause)
[2023-04-17T03:02:02.778-0400][gc,task     ] GC(265) Using 8 workers of 8 for evacuation
[2023-04-17T03:02:02.789-0400][gc,phases   ] GC(265)   Pre Evacuate Collection Set: 0.3ms
[2023-04-17T03:02:02.789-0400][gc,phases   ] GC(265)   Merge Heap Roots: 0.2ms
[2023-04-17T03:02:02.789-0400][gc,phases   ] GC(265)   Evacuate Collection Set: 10.1ms
[2023-04-17T03:02:02.789-0400][gc,phases   ] GC(265)   Post Evacuate Collection Set: 0.4ms
[2023-04-17T03:02:02.789-0400][gc,phases   ] GC(265)   Other: 0.2ms
[2023-04-17T03:02:02.789-0400][gc,heap     ] GC(265) Eden regions: 44->0(335)
[2023-04-17T03:02:02.789-0400][gc,heap     ] GC(265) Survivor regions: 7->2(7)
[2023-04-17T03:02:02.789-0400][gc,heap     ] GC(265) Old regions: 141->147
[2023-04-17T03:02:02.789-0400][gc,heap     ] GC(265) Archive regions: 2->2
[2023-04-17T03:02:02.789-0400][gc,heap     ] GC(265) Humongous regions: 129->129
[2023-04-17T03:02:02.789-0400][gc,metaspace] GC(265) Metaspace: 44220K(44928K)->44220K(44928K) NonClass: 39104K(39488K)->39104K(39488K) Class: 5116K(5440K)->5116K(5440K)
[2023-04-17T03:02:02.789-0400][gc          ] GC(265) Pause Young (Normal) (G1 Evacuation Pause) 320M->278M(1024M) 11.636ms
[2023-04-17T03:02:02.790-0400][gc,cpu      ] GC(265) User=0.06s Sys=0.01s Real=0.02s
[2023-04-17T03:05:42.991-0400][gc,start    ] GC(266) Pause Young (Normal) (G1 Evacuation Pause)
[2023-04-17T03:05:42.991-0400][gc,task     ] GC(266) Using 8 workers of 8 for evacuation
[2023-04-17T03:05:43.003-0400][gc,phases   ] GC(266)   Pre Evacuate Collection Set: 1.6ms
[2023-04-17T03:05:43.003-0400][gc,phases   ] GC(266)   Merge Heap Roots: 0.3ms
[2023-04-17T03:05:43.003-0400][gc,phases   ] GC(266)   Evacuate Collection Set: 8.6ms
[2023-04-17T03:05:43.003-0400][gc,phases   ] GC(266)   Post Evacuate Collection Set: 1.2ms
[2023-04-17T03:05:43.004-0400][gc,phases   ] GC(266)   Other: 0.2ms
[2023-04-17T03:05:43.004-0400][gc,heap     ] GC(266) Eden regions: 335->0(143)
[2023-04-17T03:05:43.004-0400][gc,heap     ] GC(266) Survivor regions: 2->7(43)
[2023-04-17T03:05:43.004-0400][gc,heap     ] GC(266) Old regions: 147->147
[2023-04-17T03:05:43.004-0400][gc,heap     ] GC(266) Archive regions: 2->2
[2023-04-17T03:05:43.004-0400][gc,heap     ] GC(266) Humongous regions: 129->129
[2023-04-17T03:05:43.004-0400][gc,metaspace] GC(266) Metaspace: 44220K(44928K)->44220K(44928K) NonClass: 39104K(39488K)->39104K(39488K) Class: 5116K(5440K)->5116K(5440K)
[2023-04-17T03:05:43.004-0400][gc          ] GC(266) Pause Young (Normal) (G1 Evacuation Pause) 613M->283M(1024M) 12.772ms
[2023-04-17T03:05:43.004-0400][gc,cpu      ] GC(266) User=0.06s Sys=0.01s Real=0.01s
[2023-04-17T03:07:15.434-0400][gc,start    ] GC(267) Pause Young (Normal) (G1 Evacuation Pause)
[2023-04-17T03:07:15.436-0400][gc,task     ] GC(267) Using 8 workers of 8 for evacuation
[2023-04-17T03:07:15.452-0400][gc,phases   ] GC(267)   Pre Evacuate Collection Set: 1.0ms
[2023-04-17T03:07:15.452-0400][gc,phases   ] GC(267)   Merge Heap Roots: 0.1ms
[2023-04-17T03:07:15.452-0400][gc,phases   ] GC(267)   Evacuate Collection Set: 13.9ms
[2023-04-17T03:07:15.452-0400][gc,phases   ] GC(267)   Post Evacuate Collection Set: 0.4ms
[2023-04-17T03:07:15.452-0400][gc,phases   ] GC(267)   Other: 1.0ms
[2023-04-17T03:07:15.452-0400][gc,heap     ] GC(267) Eden regions: 143->0(41)
[2023-04-17T03:07:15.452-0400][gc,heap     ] GC(267) Survivor regions: 7->10(19)
[2023-04-17T03:07:15.452-0400][gc,heap     ] GC(267) Old regions: 147->147
[2023-04-17T03:07:15.452-0400][gc,heap     ] GC(267) Archive regions: 2->2
[2023-04-17T03:07:15.452-0400][gc,heap     ] GC(267) Humongous regions: 129->129
[2023-04-17T03:07:15.452-0400][gc,metaspace] GC(267) Metaspace: 44220K(44928K)->44220K(44928K) NonClass: 39104K(39488K)->39104K(39488K) Class: 5116K(5440K)->5116K(5440K)
[2023-04-17T03:07:15.452-0400][gc          ] GC(267) Pause Young (Normal) (G1 Evacuation Pause) 426M->286M(1024M) 17.993ms
[2023-04-17T03:07:15.452-0400][gc,cpu      ] GC(267) User=0.05s Sys=0.03s Real=0.02s
[2023-04-17T03:07:42.123-0400][gc,start    ] GC(268) Pause Young (Normal) (G1 Evacuation Pause)
[2023-04-17T03:07:42.123-0400][gc,task     ] GC(268) Using 8 workers of 8 for evacuation
[2023-04-17T03:07:42.136-0400][gc,phases   ] GC(268)   Pre Evacuate Collection Set: 0.4ms
[2023-04-17T03:07:42.136-0400][gc,phases   ] GC(268)   Merge Heap Roots: 0.2ms
[2023-04-17T03:07:42.136-0400][gc,phases   ] GC(268)   Evacuate Collection Set: 12.0ms
[2023-04-17T03:07:42.136-0400][gc,phases   ] GC(268)   Post Evacuate Collection Set: 0.4ms
[2023-04-17T03:07:42.136-0400][gc,phases   ] GC(268)   Other: 0.2ms
[2023-04-17T03:07:42.136-0400][gc,heap     ] GC(268) Eden regions: 41->0(303)
[2023-04-17T03:07:42.136-0400][gc,heap     ] GC(268) Survivor regions: 10->4(7)
[2023-04-17T03:07:42.136-0400][gc,heap     ] GC(268) Old regions: 147->154
[2023-04-17T03:07:42.136-0400][gc,heap     ] GC(268) Archive regions: 2->2
[2023-04-17T03:07:42.136-0400][gc,heap     ] GC(268) Humongous regions: 129->129
[2023-04-17T03:07:42.136-0400][gc,metaspace] GC(268) Metaspace: 44220K(44928K)->44220K(44928K) NonClass: 39104K(39488K)->39104K(39488K) Class: 5116K(5440K)->5116K(5440K)
[2023-04-17T03:07:42.136-0400][gc          ] GC(268) Pause Young (Normal) (G1 Evacuation Pause) 327M->287M(1024M) 13.696ms
[2023-04-17T03:07:42.136-0400][gc,cpu      ] GC(268) User=0.07s Sys=0.01s Real=0.01s
[2023-04-17T03:11:02.365-0400][gc,start    ] GC(269) Pause Young (Normal) (G1 Evacuation Pause)
[2023-04-17T03:11:02.366-0400][gc,task     ] GC(269) Using 8 workers of 8 for evacuation
[2023-04-17T03:11:02.395-0400][gc,mmu      ] GC(269) MMU target violated: 21.0ms (20.0ms/21.0ms)
[2023-04-17T03:11:02.395-0400][gc,phases   ] GC(269)   Pre Evacuate Collection Set: 0.3ms
[2023-04-17T03:11:02.395-0400][gc,phases   ] GC(269)   Merge Heap Roots: 0.3ms
[2023-04-17T03:11:02.395-0400][gc,phases   ] GC(269)   Evacuate Collection Set: 26.2ms
[2023-04-17T03:11:02.395-0400][gc,phases   ] GC(269)   Post Evacuate Collection Set: 0.4ms
[2023-04-17T03:11:02.395-0400][gc,phases   ] GC(269)   Other: 1.2ms
[2023-04-17T03:11:02.395-0400][gc,heap     ] GC(269) Eden regions: 303->0(43)
[2023-04-17T03:11:02.395-0400][gc,heap     ] GC(269) Survivor regions: 4->8(39)
[2023-04-17T03:11:02.395-0400][gc,heap     ] GC(269) Old regions: 154->154
[2023-04-17T03:11:02.395-0400][gc,heap     ] GC(269) Archive regions: 2->2
[2023-04-17T03:11:02.395-0400][gc,heap     ] GC(269) Humongous regions: 129->129
[2023-04-17T03:11:02.395-0400][gc,metaspace] GC(269) Metaspace: 44220K(44928K)->44220K(44928K) NonClass: 39104K(39488K)->39104K(39488K) Class: 5116K(5440K)->5116K(5440K)
[2023-04-17T03:11:02.395-0400][gc          ] GC(269) Pause Young (Normal) (G1 Evacuation Pause) 590M->291M(1024M) 29.588ms
[2023-04-17T03:11:02.395-0400][gc,cpu      ] GC(269) User=0.05s Sys=0.08s Real=0.03s
[2023-04-17T03:11:28.261-0400][gc,start    ] GC(270) Pause Young (Normal) (G1 Evacuation Pause)
[2023-04-17T03:11:28.261-0400][gc,task     ] GC(270) Using 8 workers of 8 for evacuation
[2023-04-17T03:11:28.270-0400][gc,phases   ] GC(270)   Pre Evacuate Collection Set: 0.1ms
[2023-04-17T03:11:28.270-0400][gc,phases   ] GC(270)   Merge Heap Roots: 0.1ms
[2023-04-17T03:11:28.270-0400][gc,phases   ] GC(270)   Evacuate Collection Set: 8.3ms
[2023-04-17T03:11:28.270-0400][gc,phases   ] GC(270)   Post Evacuate Collection Set: 0.3ms
[2023-04-17T03:11:28.270-0400][gc,phases   ] GC(270)   Other: 0.1ms
[2023-04-17T03:11:28.270-0400][gc,heap     ] GC(270) Eden regions: 43->0(357)
[2023-04-17T03:11:28.270-0400][gc,heap     ] GC(270) Survivor regions: 8->2(7)
[2023-04-17T03:11:28.270-0400][gc,heap     ] GC(270) Old regions: 154->161
[2023-04-17T03:11:28.270-0400][gc,heap     ] GC(270) Archive regions: 2->2
[2023-04-17T03:11:28.270-0400][gc,heap     ] GC(270) Humongous regions: 129->129
[2023-04-17T03:11:28.270-0400][gc,metaspace] GC(270) Metaspace: 44220K(44928K)->44220K(44928K) NonClass: 39104K(39488K)->39104K(39488K) Class: 5116K(5440K)->5116K(5440K)
[2023-04-17T03:11:28.270-0400][gc          ] GC(270) Pause Young (Normal) (G1 Evacuation Pause) 334M->292M(1024M) 9.161ms
[2023-04-17T03:11:28.270-0400][gc,cpu      ] GC(270) User=0.05s Sys=0.01s Real=0.01s
[2023-04-17T03:15:24.817-0400][gc,start    ] GC(271) Pause Young (Normal) (G1 Evacuation Pause)
[2023-04-17T03:15:24.818-0400][gc,task     ] GC(271) Using 8 workers of 8 for evacuation
[2023-04-17T03:15:24.878-0400][gc,mmu      ] GC(271) MMU target violated: 21.0ms (20.0ms/21.0ms)
[2023-04-17T03:15:24.878-0400][gc,phases   ] GC(271)   Pre Evacuate Collection Set: 1.5ms
[2023-04-17T03:15:24.878-0400][gc,phases   ] GC(271)   Merge Heap Roots: 0.5ms
[2023-04-17T03:15:24.878-0400][gc,phases   ] GC(271)   Evacuate Collection Set: 55.8ms
[2023-04-17T03:15:24.878-0400][gc,phases   ] GC(271)   Post Evacuate Collection Set: 1.4ms
[2023-04-17T03:15:24.878-0400][gc,phases   ] GC(271)   Other: 0.9ms
[2023-04-17T03:15:24.878-0400][gc,heap     ] GC(271) Eden regions: 357->0(44)
[2023-04-17T03:15:24.878-0400][gc,heap     ] GC(271) Survivor regions: 2->7(45)
[2023-04-17T03:15:24.878-0400][gc,heap     ] GC(271) Old regions: 161->161
[2023-04-17T03:15:24.878-0400][gc,heap     ] GC(271) Archive regions: 2->2
[2023-04-17T03:15:24.878-0400][gc,heap     ] GC(271) Humongous regions: 129->129
[2023-04-17T03:15:24.878-0400][gc,metaspace] GC(271) Metaspace: 44220K(44928K)->44220K(44928K) NonClass: 39104K(39488K)->39104K(39488K) Class: 5116K(5440K)->5116K(5440K)
[2023-04-17T03:15:24.878-0400][gc          ] GC(271) Pause Young (Normal) (G1 Evacuation Pause) 649M->297M(1024M) 61.682ms
[2023-04-17T03:15:24.878-0400][gc,cpu      ] GC(271) User=0.06s Sys=0.25s Real=0.06s
[2023-04-17T03:15:53.392-0400][gc,start    ] GC(272) Pause Young (Normal) (G1 Evacuation Pause)
[2023-04-17T03:15:53.392-0400][gc,task     ] GC(272) Using 8 workers of 8 for evacuation
[2023-04-17T03:15:53.405-0400][gc,phases   ] GC(272)   Pre Evacuate Collection Set: 0.5ms
[2023-04-17T03:15:53.406-0400][gc,phases   ] GC(272)   Merge Heap Roots: 0.3ms
[2023-04-17T03:15:53.406-0400][gc,phases   ] GC(272)   Evacuate Collection Set: 10.3ms
[2023-04-17T03:15:53.406-0400][gc,phases   ] GC(272)   Post Evacuate Collection Set: 0.4ms
[2023-04-17T03:15:53.406-0400][gc,phases   ] GC(272)   Other: 1.7ms
[2023-04-17T03:15:53.406-0400][gc,heap     ] GC(272) Eden regions: 44->0(123)
[2023-04-17T03:15:53.406-0400][gc,heap     ] GC(272) Survivor regions: 7->2(7)
[2023-04-17T03:15:53.406-0400][gc,heap     ] GC(272) Old regions: 161->168
[2023-04-17T03:15:53.406-0400][gc,heap     ] GC(272) Archive regions: 2->2
[2023-04-17T03:15:53.406-0400][gc,heap     ] GC(272) Humongous regions: 129->129
[2023-04-17T03:15:53.406-0400][gc,metaspace] GC(272) Metaspace: 44220K(44928K)->44220K(44928K) NonClass: 39104K(39488K)->39104K(39488K) Class: 5116K(5440K)->5116K(5440K)
[2023-04-17T03:15:53.406-0400][gc          ] GC(272) Pause Young (Normal) (G1 Evacuation Pause) 341M->298M(1024M) 13.624ms
[2023-04-17T03:15:53.406-0400][gc,cpu      ] GC(272) User=0.06s Sys=0.01s Real=0.01s
[2023-04-17T03:17:16.221-0400][gc,start    ] GC(273) Pause Young (Normal) (G1 Evacuation Pause)
[2023-04-17T03:17:16.221-0400][gc,task     ] GC(273) Using 8 workers of 8 for evacuation
[2023-04-17T03:17:16.227-0400][gc,phases   ] GC(273)   Pre Evacuate Collection Set: 0.2ms
[2023-04-17T03:17:16.227-0400][gc,phases   ] GC(273)   Merge Heap Roots: 0.1ms
[2023-04-17T03:17:16.227-0400][gc,phases   ] GC(273)   Evacuate Collection Set: 5.3ms
[2023-04-17T03:17:16.227-0400][gc,phases   ] GC(273)   Post Evacuate Collection Set: 0.4ms
[2023-04-17T03:17:16.227-0400][gc,phases   ] GC(273)   Other: 0.1ms
[2023-04-17T03:17:16.227-0400][gc,heap     ] GC(273) Eden regions: 123->0(117)
[2023-04-17T03:17:16.228-0400][gc,heap     ] GC(273) Survivor regions: 2->3(16)
[2023-04-17T03:17:16.228-0400][gc,heap     ] GC(273) Old regions: 168->168
[2023-04-17T03:17:16.228-0400][gc,heap     ] GC(273) Archive regions: 2->2
[2023-04-17T03:17:16.228-0400][gc,heap     ] GC(273) Humongous regions: 129->129
[2023-04-17T03:17:16.228-0400][gc,metaspace] GC(273) Metaspace: 44220K(44928K)->44220K(44928K) NonClass: 39104K(39488K)->39104K(39488K) Class: 5116K(5440K)->5116K(5440K)
[2023-04-17T03:17:16.228-0400][gc          ] GC(273) Pause Young (Normal) (G1 Evacuation Pause) 421M->300M(1024M) 6.398ms
[2023-04-17T03:17:16.228-0400][gc,cpu      ] GC(273) User=0.02s Sys=0.01s Real=0.00s
[2023-04-17T03:18:34.425-0400][gc,start    ] GC(274) Pause Young (Normal) (G1 Evacuation Pause)
[2023-04-17T03:18:34.425-0400][gc,task     ] GC(274) Using 8 workers of 8 for evacuation
[2023-04-17T03:18:34.433-0400][gc,phases   ] GC(274)   Pre Evacuate Collection Set: 0.3ms
[2023-04-17T03:18:34.433-0400][gc,phases   ] GC(274)   Merge Heap Roots: 0.2ms
[2023-04-17T03:18:34.433-0400][gc,phases   ] GC(274)   Evacuate Collection Set: 6.2ms
[2023-04-17T03:18:34.433-0400][gc,phases   ] GC(274)   Post Evacuate Collection Set: 0.6ms
[2023-04-17T03:18:34.433-0400][gc,phases   ] GC(274)   Other: 1.3ms
[2023-04-17T03:18:34.433-0400][gc,heap     ] GC(274) Eden regions: 117->0(87)
[2023-04-17T03:18:34.433-0400][gc,heap     ] GC(274) Survivor regions: 3->5(15)
[2023-04-17T03:18:34.434-0400][gc,heap     ] GC(274) Old regions: 168->168
[2023-04-17T03:18:34.434-0400][gc,heap     ] GC(274) Archive regions: 2->2
[2023-04-17T03:18:34.434-0400][gc,heap     ] GC(274) Humongous regions: 129->129
[2023-04-17T03:18:34.434-0400][gc,metaspace] GC(274) Metaspace: 44220K(44928K)->44220K(44928K) NonClass: 39104K(39488K)->39104K(39488K) Class: 5116K(5440K)->5116K(5440K)
[2023-04-17T03:18:34.434-0400][gc          ] GC(274) Pause Young (Normal) (G1 Evacuation Pause) 417M->302M(1024M) 9.002ms
[2023-04-17T03:18:34.434-0400][gc,cpu      ] GC(274) User=0.05s Sys=0.00s Real=0.01s
[2023-04-17T03:19:28.307-0400][gc,start    ] GC(275) Pause Young (Normal) (G1 Evacuation Pause)
[2023-04-17T03:19:28.307-0400][gc,task     ] GC(275) Using 8 workers of 8 for evacuation
[2023-04-17T03:19:28.312-0400][gc,phases   ] GC(275)   Pre Evacuate Collection Set: 0.1ms
[2023-04-17T03:19:28.312-0400][gc,phases   ] GC(275)   Merge Heap Roots: 0.1ms
[2023-04-17T03:19:28.312-0400][gc,phases   ] GC(275)   Evacuate Collection Set: 3.3ms
[2023-04-17T03:19:28.312-0400][gc,phases   ] GC(275)   Post Evacuate Collection Set: 0.8ms
[2023-04-17T03:19:28.312-0400][gc,phases   ] GC(275)   Other: 0.7ms
[2023-04-17T03:19:28.312-0400][gc,heap     ] GC(275) Eden regions: 87->0(74)
[2023-04-17T03:19:28.313-0400][gc,heap     ] GC(275) Survivor regions: 5->7(12)
[2023-04-17T03:19:28.313-0400][gc,heap     ] GC(275) Old regions: 168->168
[2023-04-17T03:19:28.313-0400][gc,heap     ] GC(275) Archive regions: 2->2
[2023-04-17T03:19:28.313-0400][gc,heap     ] GC(275) Humongous regions: 129->129
[2023-04-17T03:19:28.313-0400][gc,metaspace] GC(275) Metaspace: 44220K(44928K)->44220K(44928K) NonClass: 39104K(39488K)->39104K(39488K) Class: 5116K(5440K)->5116K(5440K)
[2023-04-17T03:19:28.313-0400][gc          ] GC(275) Pause Young (Normal) (G1 Evacuation Pause) 389M->304M(1024M) 5.134ms
[2023-04-17T03:19:28.313-0400][gc,cpu      ] GC(275) User=0.02s Sys=0.00s Real=0.01s
[2023-04-17T03:20:18.087-0400][gc,start    ] GC(276) Pause Young (Normal) (G1 Evacuation Pause)
[2023-04-17T03:20:18.087-0400][gc,task     ] GC(276) Using 8 workers of 8 for evacuation
[2023-04-17T03:20:18.097-0400][gc,phases   ] GC(276)   Pre Evacuate Collection Set: 0.2ms
[2023-04-17T03:20:18.097-0400][gc,phases   ] GC(276)   Merge Heap Roots: 0.2ms
[2023-04-17T03:20:18.097-0400][gc,phases   ] GC(276)   Evacuate Collection Set: 8.4ms
[2023-04-17T03:20:18.097-0400][gc,phases   ] GC(276)   Post Evacuate Collection Set: 1.1ms
[2023-04-17T03:20:18.097-0400][gc,phases   ] GC(276)   Other: 0.2ms
[2023-04-17T03:20:18.097-0400][gc,heap     ] GC(276) Eden regions: 74->0(87)
[2023-04-17T03:20:18.097-0400][gc,heap     ] GC(276) Survivor regions: 7->8(11)
[2023-04-17T03:20:18.097-0400][gc,heap     ] GC(276) Old regions: 168->169
[2023-04-17T03:20:18.097-0400][gc,heap     ] GC(276) Archive regions: 2->2
[2023-04-17T03:20:18.097-0400][gc,heap     ] GC(276) Humongous regions: 129->129
[2023-04-17T03:20:18.097-0400][gc,metaspace] GC(276) Metaspace: 44220K(44928K)->44220K(44928K) NonClass: 39104K(39488K)->39104K(39488K) Class: 5116K(5440K)->5116K(5440K)
[2023-04-17T03:20:18.097-0400][gc          ] GC(276) Pause Young (Normal) (G1 Evacuation Pause) 378M->305M(1024M) 10.507ms
[2023-04-17T03:20:18.097-0400][gc,cpu      ] GC(276) User=0.06s Sys=0.01s Real=0.01s
[2023-04-17T03:21:18.006-0400][gc,start    ] GC(277) Pause Young (Normal) (G1 Evacuation Pause)
[2023-04-17T03:21:18.006-0400][gc,task     ] GC(277) Using 8 workers of 8 for evacuation
[2023-04-17T03:21:18.012-0400][gc,phases   ] GC(277)   Pre Evacuate Collection Set: 0.1ms
[2023-04-17T03:21:18.012-0400][gc,phases   ] GC(277)   Merge Heap Roots: 0.1ms
[2023-04-17T03:21:18.012-0400][gc,phases   ] GC(277)   Evacuate Collection Set: 5.0ms
[2023-04-17T03:21:18.012-0400][gc,phases   ] GC(277)   Post Evacuate Collection Set: 0.3ms
[2023-04-17T03:21:18.012-0400][gc,phases   ] GC(277)   Other: 0.1ms
[2023-04-17T03:21:18.012-0400][gc,heap     ] GC(277) Eden regions: 84->0(212)
[2023-04-17T03:21:18.012-0400][gc,heap     ] GC(277) Survivor regions: 8->7(12)
[2023-04-17T03:21:18.012-0400][gc,heap     ] GC(277) Old regions: 169->171
[2023-04-17T03:21:18.012-0400][gc,heap     ] GC(277) Archive regions: 2->2
[2023-04-17T03:21:18.012-0400][gc,heap     ] GC(277) Humongous regions: 129->129
[2023-04-17T03:21:18.012-0400][gc,metaspace] GC(277) Metaspace: 44220K(44928K)->44220K(44928K) NonClass: 39104K(39488K)->39104K(39488K) Class: 5116K(5440K)->5116K(5440K)
[2023-04-17T03:21:18.012-0400][gc          ] GC(277) Pause Young (Normal) (G1 Evacuation Pause) 389M->307M(1024M) 6.080ms
[2023-04-17T03:21:18.012-0400][gc,cpu      ] GC(277) User=0.04s Sys=0.00s Real=0.01s
[2023-04-17T03:23:48.002-0400][gc,start    ] GC(278) Pause Young (Normal) (G1 Evacuation Pause)
[2023-04-17T03:23:48.002-0400][gc,task     ] GC(278) Using 8 workers of 8 for evacuation
[2023-04-17T03:23:48.015-0400][gc,phases   ] GC(278)   Pre Evacuate Collection Set: 0.2ms
[2023-04-17T03:23:48.025-0400][gc,phases   ] GC(278)   Merge Heap Roots: 0.2ms
[2023-04-17T03:23:48.026-0400][gc,phases   ] GC(278)   Evacuate Collection Set: 11.4ms
[2023-04-17T03:23:48.026-0400][gc,phases   ] GC(278)   Post Evacuate Collection Set: 1.0ms
[2023-04-17T03:23:48.026-0400][gc,phases   ] GC(278)   Other: 0.2ms
[2023-04-17T03:23:48.026-0400][gc,heap     ] GC(278) Eden regions: 210->0(38)
[2023-04-17T03:23:48.026-0400][gc,heap     ] GC(278) Survivor regions: 7->13(28)
[2023-04-17T03:23:48.026-0400][gc,heap     ] GC(278) Old regions: 171->171
[2023-04-17T03:23:48.026-0400][gc,heap     ] GC(278) Archive regions: 2->2
[2023-04-17T03:23:48.026-0400][gc,heap     ] GC(278) Humongous regions: 129->129
[2023-04-17T03:23:48.026-0400][gc,metaspace] GC(278) Metaspace: 44220K(44928K)->44220K(44928K) NonClass: 39104K(39488K)->39104K(39488K) Class: 5116K(5440K)->5116K(5440K)
[2023-04-17T03:23:48.026-0400][gc          ] GC(278) Pause Young (Normal) (G1 Evacuation Pause) 517M->312M(1024M) 24.493ms
[2023-04-17T03:23:48.026-0400][gc,cpu      ] GC(278) User=0.07s Sys=0.00s Real=0.02s
[2023-04-17T03:24:14.878-0400][gc,start    ] GC(279) Pause Young (Normal) (G1 Evacuation Pause)
[2023-04-17T03:24:14.879-0400][gc,task     ] GC(279) Using 8 workers of 8 for evacuation
[2023-04-17T03:24:14.890-0400][gc,phases   ] GC(279)   Pre Evacuate Collection Set: 0.1ms
[2023-04-17T03:24:14.890-0400][gc,phases   ] GC(279)   Merge Heap Roots: 0.1ms
[2023-04-17T03:24:14.890-0400][gc,phases   ] GC(279)   Evacuate Collection Set: 9.4ms
[2023-04-17T03:24:14.890-0400][gc,phases   ] GC(279)   Post Evacuate Collection Set: 1.0ms
[2023-04-17T03:24:14.890-0400][gc,phases   ] GC(279)   Other: 0.1ms
[2023-04-17T03:24:14.890-0400][gc,heap     ] GC(279) Eden regions: 38->0(558)
[2023-04-17T03:24:14.890-0400][gc,heap     ] GC(279) Survivor regions: 13->2(7)
[2023-04-17T03:24:14.890-0400][gc,heap     ] GC(279) Old regions: 171->183
[2023-04-17T03:24:14.890-0400][gc,heap     ] GC(279) Archive regions: 2->2
[2023-04-17T03:24:14.890-0400][gc,heap     ] GC(279) Humongous regions: 129->129
[2023-04-17T03:24:14.890-0400][gc,metaspace] GC(279) Metaspace: 44220K(44928K)->44220K(44928K) NonClass: 39104K(39488K)->39104K(39488K) Class: 5116K(5440K)->5116K(5440K)
[2023-04-17T03:24:14.890-0400][gc          ] GC(279) Pause Young (Normal) (G1 Evacuation Pause) 350M->314M(1024M) 11.647ms
[2023-04-17T03:24:14.890-0400][gc,cpu      ] GC(279) User=0.05s Sys=0.01s Real=0.02s
[2023-04-17T03:59:52.784-0400][gc,start    ] GC(280) Pause Young (Normal) (G1 Evacuation Pause)
[2023-04-17T03:59:52.785-0400][gc,task     ] GC(280) Using 8 workers of 8 for evacuation
[2023-04-17T03:59:52.812-0400][gc,mmu      ] GC(280) MMU target violated: 21.0ms (20.0ms/21.0ms)
[2023-04-17T03:59:52.813-0400][gc,phases   ] GC(280)   Pre Evacuate Collection Set: 0.5ms
[2023-04-17T03:59:52.813-0400][gc,phases   ] GC(280)   Merge Heap Roots: 0.1ms
[2023-04-17T03:59:52.813-0400][gc,phases   ] GC(280)   Evacuate Collection Set: 25.8ms
[2023-04-17T03:59:52.813-0400][gc,phases   ] GC(280)   Post Evacuate Collection Set: 1.2ms
[2023-04-17T03:59:52.813-0400][gc,phases   ] GC(280)   Other: 0.2ms
[2023-04-17T03:59:52.813-0400][gc,heap     ] GC(280) Eden regions: 558->0(37)
[2023-04-17T03:59:52.813-0400][gc,heap     ] GC(280) Survivor regions: 2->14(70)
[2023-04-17T03:59:52.813-0400][gc,heap     ] GC(280) Old regions: 183->183
[2023-04-17T03:59:52.813-0400][gc,heap     ] GC(280) Archive regions: 2->2
[2023-04-17T03:59:52.813-0400][gc,heap     ] GC(280) Humongous regions: 129->129
[2023-04-17T03:59:52.813-0400][gc,metaspace] GC(280) Metaspace: 44224K(44928K)->44224K(44928K) NonClass: 39108K(39488K)->39108K(39488K) Class: 5116K(5440K)->5116K(5440K)
[2023-04-17T03:59:52.813-0400][gc          ] GC(280) Pause Young (Normal) (G1 Evacuation Pause) 872M->325M(1024M) 28.154ms
[2023-04-17T03:59:52.813-0400][gc,cpu      ] GC(280) User=0.05s Sys=0.07s Real=0.03s
[2023-04-17T04:00:13.430-0400][gc,start    ] GC(281) Pause Young (Normal) (G1 Evacuation Pause)
[2023-04-17T04:00:13.430-0400][gc,task     ] GC(281) Using 8 workers of 8 for evacuation
[2023-04-17T04:00:13.438-0400][gc,phases   ] GC(281)   Pre Evacuate Collection Set: 0.1ms
[2023-04-17T04:00:13.438-0400][gc,phases   ] GC(281)   Merge Heap Roots: 0.1ms
[2023-04-17T04:00:13.438-0400][gc,phases   ] GC(281)   Evacuate Collection Set: 7.5ms
[2023-04-17T04:00:13.438-0400][gc,phases   ] GC(281)   Post Evacuate Collection Set: 0.3ms
[2023-04-17T04:00:13.438-0400][gc,phases   ] GC(281)   Other: 0.1ms
[2023-04-17T04:00:13.438-0400][gc,heap     ] GC(281) Eden regions: 37->0(508)
[2023-04-17T04:00:13.438-0400][gc,heap     ] GC(281) Survivor regions: 14->2(7)
[2023-04-17T04:00:13.438-0400][gc,heap     ] GC(281) Old regions: 183->196
[2023-04-17T04:00:13.438-0400][gc,heap     ] GC(281) Archive regions: 2->2
[2023-04-17T04:00:13.438-0400][gc,heap     ] GC(281) Humongous regions: 129->129
[2023-04-17T04:00:13.438-0400][gc,metaspace] GC(281) Metaspace: 44224K(44928K)->44224K(44928K) NonClass: 39108K(39488K)->39108K(39488K) Class: 5116K(5440K)->5116K(5440K)
[2023-04-17T04:00:13.438-0400][gc          ] GC(281) Pause Young (Normal) (G1 Evacuation Pause) 362M->327M(1024M) 8.282ms
[2023-04-17T04:00:13.438-0400][gc,cpu      ] GC(281) User=0.05s Sys=0.01s Real=0.00s
[2023-04-17T04:34:39.924-0400][gc,start    ] GC(282) Pause Young (Normal) (G1 Evacuation Pause)
[2023-04-17T04:34:39.925-0400][gc,task     ] GC(282) Using 8 workers of 8 for evacuation
[2023-04-17T04:34:39.933-0400][gc,phases   ] GC(282)   Pre Evacuate Collection Set: 0.2ms
[2023-04-17T04:34:39.950-0400][gc,phases   ] GC(282)   Merge Heap Roots: 0.1ms
[2023-04-17T04:34:39.950-0400][gc,phases   ] GC(282)   Evacuate Collection Set: 5.4ms
[2023-04-17T04:34:39.950-0400][gc,phases   ] GC(282)   Post Evacuate Collection Set: 0.4ms
[2023-04-17T04:34:39.950-0400][gc,phases   ] GC(282)   Other: 2.3ms
[2023-04-17T04:34:39.950-0400][gc,heap     ] GC(282) Eden regions: 508->0(440)
[2023-04-17T04:34:39.951-0400][gc,heap     ] GC(282) Survivor regions: 2->8(64)
[2023-04-17T04:34:39.951-0400][gc,heap     ] GC(282) Old regions: 196->196
[2023-04-17T04:34:39.951-0400][gc,heap     ] GC(282) Archive regions: 2->2
[2023-04-17T04:34:39.951-0400][gc,heap     ] GC(282) Humongous regions: 129->129
[2023-04-17T04:34:39.951-0400][gc,metaspace] GC(282) Metaspace: 44230K(44928K)->44230K(44928K) NonClass: 39114K(39488K)->39114K(39488K) Class: 5116K(5440K)->5116K(5440K)
[2023-04-17T04:34:39.951-0400][gc          ] GC(282) Pause Young (Normal) (G1 Evacuation Pause) 835M->333M(1024M) 26.326ms
[2023-04-17T04:34:39.951-0400][gc,cpu      ] GC(282) User=0.04s Sys=0.00s Real=0.03s
[2023-04-17T04:38:52.053-0400][gc,start    ] GC(283) Pause Young (Normal) (G1 Evacuation Pause)
[2023-04-17T04:38:52.054-0400][gc,task     ] GC(283) Using 8 workers of 8 for evacuation
[2023-04-17T04:38:52.061-0400][gc,phases   ] GC(283)   Pre Evacuate Collection Set: 0.1ms
[2023-04-17T04:38:52.061-0400][gc,phases   ] GC(283)   Merge Heap Roots: 0.1ms
[2023-04-17T04:38:52.061-0400][gc,phases   ] GC(283)   Evacuate Collection Set: 6.9ms
[2023-04-17T04:38:52.061-0400][gc,phases   ] GC(283)   Post Evacuate Collection Set: 0.4ms
[2023-04-17T04:38:52.061-0400][gc,phases   ] GC(283)   Other: 0.1ms
[2023-04-17T04:38:52.061-0400][gc,heap     ] GC(283) Eden regions: 440->0(374)
[2023-04-17T04:38:52.061-0400][gc,heap     ] GC(283) Survivor regions: 8->13(56)
[2023-04-17T04:38:52.061-0400][gc,heap     ] GC(283) Old regions: 196->196
[2023-04-17T04:38:52.061-0400][gc,heap     ] GC(283) Archive regions: 2->2
[2023-04-17T04:38:52.061-0400][gc,heap     ] GC(283) Humongous regions: 129->129
[2023-04-17T04:38:52.061-0400][gc,metaspace] GC(283) Metaspace: 44230K(44928K)->44230K(44928K) NonClass: 39114K(39488K)->39114K(39488K) Class: 5116K(5440K)->5116K(5440K)
[2023-04-17T04:38:52.061-0400][gc          ] GC(283) Pause Young (Normal) (G1 Evacuation Pause) 773M->337M(1024M) 8.195ms
[2023-04-17T04:38:52.061-0400][gc,cpu      ] GC(283) User=0.04s Sys=0.00s Real=0.01s
[2023-04-17T04:42:29.189-0400][gc,start    ] GC(284) Pause Young (Normal) (G1 Evacuation Pause)
[2023-04-17T04:42:29.190-0400][gc,task     ] GC(284) Using 8 workers of 8 for evacuation
[2023-04-17T04:42:29.201-0400][gc,phases   ] GC(284)   Pre Evacuate Collection Set: 0.1ms
[2023-04-17T04:42:29.202-0400][gc,phases   ] GC(284)   Merge Heap Roots: 0.1ms
[2023-04-17T04:42:29.202-0400][gc,phases   ] GC(284)   Evacuate Collection Set: 11.0ms
[2023-04-17T04:42:29.202-0400][gc,phases   ] GC(284)   Post Evacuate Collection Set: 0.6ms
[2023-04-17T04:42:29.202-0400][gc,phases   ] GC(284)   Other: 0.1ms
[2023-04-17T04:42:29.202-0400][gc,heap     ] GC(284) Eden regions: 374->0(379)
[2023-04-17T04:42:29.202-0400][gc,heap     ] GC(284) Survivor regions: 13->16(49)
[2023-04-17T04:42:29.202-0400][gc,heap     ] GC(284) Old regions: 196->196
[2023-04-17T04:42:29.202-0400][gc,heap     ] GC(284) Archive regions: 2->2
[2023-04-17T04:42:29.202-0400][gc,heap     ] GC(284) Humongous regions: 129->129
[2023-04-17T04:42:29.202-0400][gc,metaspace] GC(284) Metaspace: 44230K(44928K)->44230K(44928K) NonClass: 39114K(39488K)->39114K(39488K) Class: 5116K(5440K)->5116K(5440K)
[2023-04-17T04:42:29.202-0400][gc          ] GC(284) Pause Young (Normal) (G1 Evacuation Pause) 711M->341M(1024M) 12.432ms
[2023-04-17T04:42:29.202-0400][gc,cpu      ] GC(284) User=0.09s Sys=0.00s Real=0.02s
[2023-04-17T04:46:09.208-0400][gc,start    ] GC(285) Pause Young (Normal) (G1 Evacuation Pause)
[2023-04-17T04:46:09.209-0400][gc,task     ] GC(285) Using 8 workers of 8 for evacuation
[2023-04-17T04:46:09.218-0400][gc,phases   ] GC(285)   Pre Evacuate Collection Set: 0.1ms
[2023-04-17T04:46:09.218-0400][gc,phases   ] GC(285)   Merge Heap Roots: 0.1ms
[2023-04-17T04:46:09.218-0400][gc,phases   ] GC(285)   Evacuate Collection Set: 8.5ms
[2023-04-17T04:46:09.218-0400][gc,phases   ] GC(285)   Post Evacuate Collection Set: 0.5ms
[2023-04-17T04:46:09.218-0400][gc,phases   ] GC(285)   Other: 0.1ms
[2023-04-17T04:46:09.218-0400][gc,heap     ] GC(285) Eden regions: 379->0(462)
[2023-04-17T04:46:09.218-0400][gc,heap     ] GC(285) Survivor regions: 16->17(50)
[2023-04-17T04:46:09.218-0400][gc,heap     ] GC(285) Old regions: 196->196
[2023-04-17T04:46:09.218-0400][gc,heap     ] GC(285) Archive regions: 2->2
[2023-04-17T04:46:09.218-0400][gc,heap     ] GC(285) Humongous regions: 129->129
[2023-04-17T04:46:09.218-0400][gc,metaspace] GC(285) Metaspace: 44230K(44928K)->44230K(44928K) NonClass: 39114K(39488K)->39114K(39488K) Class: 5116K(5440K)->5116K(5440K)
[2023-04-17T04:46:09.218-0400][gc          ] GC(285) Pause Young (Normal) (G1 Evacuation Pause) 720M->342M(1024M) 10.113ms
[2023-04-17T04:46:09.218-0400][gc,cpu      ] GC(285) User=0.06s Sys=0.00s Real=0.01s
[2023-04-17T04:50:39.314-0400][gc,start    ] GC(286) Pause Young (Normal) (G1 Evacuation Pause)
[2023-04-17T04:50:39.315-0400][gc,task     ] GC(286) Using 8 workers of 8 for evacuation
[2023-04-17T04:50:39.326-0400][gc,phases   ] GC(286)   Pre Evacuate Collection Set: 0.1ms
[2023-04-17T04:50:39.326-0400][gc,phases   ] GC(286)   Merge Heap Roots: 0.1ms
[2023-04-17T04:50:39.326-0400][gc,phases   ] GC(286)   Evacuate Collection Set: 10.0ms
[2023-04-17T04:50:39.326-0400][gc,phases   ] GC(286)   Post Evacuate Collection Set: 0.4ms
[2023-04-17T04:50:39.326-0400][gc,phases   ] GC(286)   Other: 0.1ms
[2023-04-17T04:50:39.326-0400][gc,heap     ] GC(286) Eden regions: 462->0(558)
[2023-04-17T04:50:39.326-0400][gc,heap     ] GC(286) Survivor regions: 17->18(60)
[2023-04-17T04:50:39.326-0400][gc,heap     ] GC(286) Old regions: 196->196
[2023-04-17T04:50:39.326-0400][gc,heap     ] GC(286) Archive regions: 2->2
[2023-04-17T04:50:39.326-0400][gc,heap     ] GC(286) Humongous regions: 129->129
[2023-04-17T04:50:39.326-0400][gc,metaspace] GC(286) Metaspace: 44230K(44928K)->44230K(44928K) NonClass: 39114K(39488K)->39114K(39488K) Class: 5116K(5440K)->5116K(5440K)
[2023-04-17T04:50:39.326-0400][gc          ] GC(286) Pause Young (Normal) (G1 Evacuation Pause) 804M->343M(1024M) 11.397ms
[2023-04-17T04:50:39.326-0400][gc,cpu      ] GC(286) User=0.08s Sys=0.00s Real=0.01s
[2023-04-17T05:11:32.608-0400][gc,start    ] GC(287) Pause Young (Normal) (G1 Evacuation Pause)
[2023-04-17T05:11:32.610-0400][gc,task     ] GC(287) Using 8 workers of 8 for evacuation
[2023-04-17T05:11:32.690-0400][gc,mmu      ] GC(287) MMU target violated: 21.0ms (20.0ms/21.0ms)
[2023-04-17T05:11:32.690-0400][gc,phases   ] GC(287)   Pre Evacuate Collection Set: 0.2ms
[2023-04-17T05:11:32.690-0400][gc,phases   ] GC(287)   Merge Heap Roots: 0.2ms
[2023-04-17T05:11:32.691-0400][gc,phases   ] GC(287)   Evacuate Collection Set: 79.5ms
[2023-04-17T05:11:32.691-0400][gc,phases   ] GC(287)   Post Evacuate Collection Set: 0.7ms
[2023-04-17T05:11:32.691-0400][gc,phases   ] GC(287)   Other: 0.3ms
[2023-04-17T05:11:32.691-0400][gc,heap     ] GC(287) Eden regions: 558->0(33)
[2023-04-17T05:11:32.691-0400][gc,heap     ] GC(287) Survivor regions: 18->18(72)
[2023-04-17T05:11:32.691-0400][gc,heap     ] GC(287) Old regions: 196->196
[2023-04-17T05:11:32.691-0400][gc,heap     ] GC(287) Archive regions: 2->2
[2023-04-17T05:11:32.691-0400][gc,heap     ] GC(287) Humongous regions: 129->129
[2023-04-17T05:11:32.691-0400][gc,metaspace] GC(287) Metaspace: 44232K(44928K)->44232K(44928K) NonClass: 39116K(39488K)->39116K(39488K) Class: 5116K(5440K)->5116K(5440K)
[2023-04-17T05:11:32.691-0400][gc          ] GC(287) Pause Young (Normal) (G1 Evacuation Pause) 901M->343M(1024M) 82.242ms
[2023-04-17T05:11:32.691-0400][gc,cpu      ] GC(287) User=0.12s Sys=0.25s Real=0.09s
[2023-04-17T05:11:50.997-0400][gc,start    ] GC(288) Pause Young (Normal) (G1 Evacuation Pause)
[2023-04-17T05:11:50.997-0400][gc,task     ] GC(288) Using 8 workers of 8 for evacuation
[2023-04-17T05:11:51.020-0400][gc,mmu      ] GC(288) MMU target violated: 21.0ms (20.0ms/21.0ms)
[2023-04-17T05:11:51.020-0400][gc,phases   ] GC(288)   Pre Evacuate Collection Set: 1.5ms
[2023-04-17T05:11:51.020-0400][gc,phases   ] GC(288)   Merge Heap Roots: 0.1ms
[2023-04-17T05:11:51.020-0400][gc,phases   ] GC(288)   Evacuate Collection Set: 20.5ms
[2023-04-17T05:11:51.020-0400][gc,phases   ] GC(288)   Post Evacuate Collection Set: 0.5ms
[2023-04-17T05:11:51.020-0400][gc,phases   ] GC(288)   Other: 0.2ms
[2023-04-17T05:11:51.020-0400][gc,heap     ] GC(288) Eden regions: 33->0(186)
[2023-04-17T05:11:51.020-0400][gc,heap     ] GC(288) Survivor regions: 18->6(7)
[2023-04-17T05:11:51.020-0400][gc,heap     ] GC(288) Old regions: 196->210
[2023-04-17T05:11:51.020-0400][gc,heap     ] GC(288) Archive regions: 2->2
[2023-04-17T05:11:51.020-0400][gc,heap     ] GC(288) Humongous regions: 129->129
[2023-04-17T05:11:51.020-0400][gc,metaspace] GC(288) Metaspace: 44232K(44928K)->44232K(44928K) NonClass: 39116K(39488K)->39116K(39488K) Class: 5116K(5440K)->5116K(5440K)
[2023-04-17T05:11:51.021-0400][gc          ] GC(288) Pause Young (Normal) (G1 Evacuation Pause) 376M->345M(1024M) 23.218ms
[2023-04-17T05:11:51.021-0400][gc,cpu      ] GC(288) User=0.11s Sys=0.03s Real=0.03s
[2023-04-17T05:13:48.172-0400][gc,start    ] GC(289) Pause Young (Normal) (G1 Evacuation Pause)
[2023-04-17T05:13:48.173-0400][gc,task     ] GC(289) Using 8 workers of 8 for evacuation
[2023-04-17T05:13:48.180-0400][gc,phases   ] GC(289)   Pre Evacuate Collection Set: 0.1ms
[2023-04-17T05:13:48.180-0400][gc,phases   ] GC(289)   Merge Heap Roots: 0.1ms
[2023-04-17T05:13:48.180-0400][gc,phases   ] GC(289)   Evacuate Collection Set: 5.6ms
[2023-04-17T05:13:48.180-0400][gc,phases   ] GC(289)   Post Evacuate Collection Set: 0.4ms
[2023-04-17T05:13:48.180-0400][gc,phases   ] GC(289)   Other: 0.8ms
[2023-04-17T05:13:48.180-0400][gc,heap     ] GC(289) Eden regions: 186->0(443)
[2023-04-17T05:13:48.180-0400][gc,heap     ] GC(289) Survivor regions: 6->5(24)
[2023-04-17T05:13:48.180-0400][gc,heap     ] GC(289) Old regions: 210->210
[2023-04-17T05:13:48.180-0400][gc,heap     ] GC(289) Archive regions: 2->2
[2023-04-17T05:13:48.180-0400][gc,heap     ] GC(289) Humongous regions: 129->129
[2023-04-17T05:13:48.181-0400][gc,metaspace] GC(289) Metaspace: 44232K(44928K)->44232K(44928K) NonClass: 39116K(39488K)->39116K(39488K) Class: 5116K(5440K)->5116K(5440K)
[2023-04-17T05:13:48.181-0400][gc          ] GC(289) Pause Young (Normal) (G1 Evacuation Pause) 531M->343M(1024M) 8.451ms
[2023-04-17T05:13:48.181-0400][gc,cpu      ] GC(289) User=0.03s Sys=0.00s Real=0.01s
[2023-04-17T05:18:27.068-0400][gc,start    ] GC(290) Pause Young (Normal) (G1 Evacuation Pause)
[2023-04-17T05:18:27.068-0400][gc,task     ] GC(290) Using 8 workers of 8 for evacuation
[2023-04-17T05:18:27.074-0400][gc,phases   ] GC(290)   Pre Evacuate Collection Set: 0.2ms
[2023-04-17T05:18:27.074-0400][gc,phases   ] GC(290)   Merge Heap Roots: 0.1ms
[2023-04-17T05:18:27.075-0400][gc,phases   ] GC(290)   Evacuate Collection Set: 5.0ms
[2023-04-17T05:18:27.075-0400][gc,phases   ] GC(290)   Post Evacuate Collection Set: 0.6ms
[2023-04-17T05:18:27.075-0400][gc,phases   ] GC(290)   Other: 0.1ms
[2023-04-17T05:18:27.075-0400][gc,heap     ] GC(290) Eden regions: 443->0(560)
[2023-04-17T05:18:27.075-0400][gc,heap     ] GC(290) Survivor regions: 5->5(56)
[2023-04-17T05:18:27.075-0400][gc,heap     ] GC(290) Old regions: 210->210
[2023-04-17T05:18:27.075-0400][gc,heap     ] GC(290) Archive regions: 2->2
[2023-04-17T05:18:27.075-0400][gc,heap     ] GC(290) Humongous regions: 129->129
[2023-04-17T05:18:27.075-0400][gc,metaspace] GC(290) Metaspace: 44232K(44928K)->44232K(44928K) NonClass: 39116K(39488K)->39116K(39488K) Class: 5116K(5440K)->5116K(5440K)
[2023-04-17T05:18:27.075-0400][gc          ] GC(290) Pause Young (Normal) (G1 Evacuation Pause) 786M->344M(1024M) 6.700ms
[2023-04-17T05:18:27.075-0400][gc,cpu      ] GC(290) User=0.03s Sys=0.00s Real=0.01s
[2023-04-17T05:24:19.592-0400][gc,start    ] GC(291) Pause Young (Normal) (G1 Evacuation Pause)
[2023-04-17T05:24:19.592-0400][gc,task     ] GC(291) Using 8 workers of 8 for evacuation
[2023-04-17T05:24:19.599-0400][gc,phases   ] GC(291)   Pre Evacuate Collection Set: 0.2ms
[2023-04-17T05:24:19.599-0400][gc,phases   ] GC(291)   Merge Heap Roots: 0.2ms
[2023-04-17T05:24:19.599-0400][gc,phases   ] GC(291)   Evacuate Collection Set: 5.8ms
[2023-04-17T05:24:19.599-0400][gc,phases   ] GC(291)   Post Evacuate Collection Set: 0.7ms
[2023-04-17T05:24:19.599-0400][gc,phases   ] GC(291)   Other: 0.2ms
[2023-04-17T05:24:19.599-0400][gc,heap     ] GC(291) Eden regions: 560->0(562)
[2023-04-17T05:24:19.599-0400][gc,heap     ] GC(291) Survivor regions: 5->5(71)
[2023-04-17T05:24:19.599-0400][gc,heap     ] GC(291) Old regions: 210->210
[2023-04-17T05:24:19.599-0400][gc,heap     ] GC(291) Archive regions: 2->2
[2023-04-17T05:24:19.599-0400][gc,heap     ] GC(291) Humongous regions: 129->129
[2023-04-17T05:24:19.599-0400][gc,metaspace] GC(291) Metaspace: 44232K(44928K)->44232K(44928K) NonClass: 39116K(39488K)->39116K(39488K) Class: 5116K(5440K)->5116K(5440K)
[2023-04-17T05:24:19.599-0400][gc          ] GC(291) Pause Young (Normal) (G1 Evacuation Pause) 904M->344M(1024M) 7.778ms
[2023-04-17T05:24:19.600-0400][gc,cpu      ] GC(291) User=0.04s Sys=0.00s Real=0.01s
[2023-04-17T05:30:24.497-0400][gc,start    ] GC(292) Pause Young (Normal) (G1 Evacuation Pause)
[2023-04-17T05:30:24.498-0400][gc,task     ] GC(292) Using 8 workers of 8 for evacuation
[2023-04-17T05:30:24.510-0400][gc,phases   ] GC(292)   Pre Evacuate Collection Set: 0.2ms
[2023-04-17T05:30:24.510-0400][gc,phases   ] GC(292)   Merge Heap Roots: 0.2ms
[2023-04-17T05:30:24.510-0400][gc,phases   ] GC(292)   Evacuate Collection Set: 10.5ms
[2023-04-17T05:30:24.510-0400][gc,phases   ] GC(292)   Post Evacuate Collection Set: 0.7ms
[2023-04-17T05:30:24.510-0400][gc,phases   ] GC(292)   Other: 0.2ms
[2023-04-17T05:30:24.510-0400][gc,heap     ] GC(292) Eden regions: 562->0(559)
[2023-04-17T05:30:24.510-0400][gc,heap     ] GC(292) Survivor regions: 5->8(71)
[2023-04-17T05:30:24.510-0400][gc,heap     ] GC(292) Old regions: 210->210
[2023-04-17T05:30:24.510-0400][gc,heap     ] GC(292) Archive regions: 2->2
[2023-04-17T05:30:24.510-0400][gc,heap     ] GC(292) Humongous regions: 129->129
[2023-04-17T05:30:24.510-0400][gc,metaspace] GC(292) Metaspace: 44232K(44928K)->44232K(44928K) NonClass: 39116K(39488K)->39116K(39488K) Class: 5116K(5440K)->5116K(5440K)
[2023-04-17T05:30:24.510-0400][gc          ] GC(292) Pause Young (Normal) (G1 Evacuation Pause) 906M->347M(1024M) 12.628ms
[2023-04-17T05:30:24.510-0400][gc,cpu      ] GC(292) User=0.06s Sys=0.02s Real=0.02s
[2023-04-17T05:37:38.606-0400][gc,start    ] GC(293) Pause Young (Normal) (G1 Evacuation Pause)
[2023-04-17T05:37:38.608-0400][gc,task     ] GC(293) Using 8 workers of 8 for evacuation
[2023-04-17T05:37:38.636-0400][gc,mmu      ] GC(293) MMU target violated: 21.0ms (20.0ms/21.0ms)
[2023-04-17T05:37:38.636-0400][gc,phases   ] GC(293)   Pre Evacuate Collection Set: 2.0ms
[2023-04-17T05:37:38.636-0400][gc,phases   ] GC(293)   Merge Heap Roots: 0.3ms
[2023-04-17T05:37:38.637-0400][gc,phases   ] GC(293)   Evacuate Collection Set: 24.1ms
[2023-04-17T05:37:38.637-0400][gc,phases   ] GC(293)   Post Evacuate Collection Set: 1.3ms
[2023-04-17T05:37:38.637-0400][gc,phases   ] GC(293)   Other: 1.2ms
[2023-04-17T05:37:38.637-0400][gc,heap     ] GC(293) Eden regions: 559->0(55)
[2023-04-17T05:37:38.637-0400][gc,heap     ] GC(293) Survivor regions: 8->10(71)
[2023-04-17T05:37:38.637-0400][gc,heap     ] GC(293) Old regions: 210->210
[2023-04-17T05:37:38.637-0400][gc,heap     ] GC(293) Archive regions: 2->2
[2023-04-17T05:37:38.637-0400][gc,heap     ] GC(293) Humongous regions: 129->129
[2023-04-17T05:37:38.637-0400][gc,metaspace] GC(293) Metaspace: 44232K(44928K)->44232K(44928K) NonClass: 39116K(39488K)->39116K(39488K) Class: 5116K(5440K)->5116K(5440K)
[2023-04-17T05:37:38.637-0400][gc          ] GC(293) Pause Young (Normal) (G1 Evacuation Pause) 906M->349M(1024M) 30.423ms
[2023-04-17T05:37:38.637-0400][gc,cpu      ] GC(293) User=0.13s Sys=0.04s Real=0.03s
[2023-04-17T05:38:13.735-0400][gc,start    ] GC(294) Pause Young (Normal) (G1 Evacuation Pause)
[2023-04-17T05:38:13.735-0400][gc,task     ] GC(294) Using 8 workers of 8 for evacuation
[2023-04-17T05:38:13.781-0400][gc,mmu      ] GC(294) MMU target violated: 21.0ms (20.0ms/21.0ms)
[2023-04-17T05:38:13.781-0400][gc,phases   ] GC(294)   Pre Evacuate Collection Set: 0.4ms
[2023-04-17T05:38:13.781-0400][gc,phases   ] GC(294)   Merge Heap Roots: 0.3ms
[2023-04-17T05:38:13.781-0400][gc,phases   ] GC(294)   Evacuate Collection Set: 43.2ms
[2023-04-17T05:38:13.781-0400][gc,phases   ] GC(294)   Post Evacuate Collection Set: 1.0ms
[2023-04-17T05:38:13.781-0400][gc,phases   ] GC(294)   Other: 0.5ms
[2023-04-17T05:38:13.781-0400][gc,heap     ] GC(294) Eden regions: 55->0(295)
[2023-04-17T05:38:13.782-0400][gc,heap     ] GC(294) Survivor regions: 10->3(9)
[2023-04-17T05:38:13.782-0400][gc,heap     ] GC(294) Old regions: 210->219
[2023-04-17T05:38:13.782-0400][gc,heap     ] GC(294) Archive regions: 2->2
[2023-04-17T05:38:13.782-0400][gc,heap     ] GC(294) Humongous regions: 129->129
[2023-04-17T05:38:13.782-0400][gc,metaspace] GC(294) Metaspace: 44232K(44928K)->44232K(44928K) NonClass: 39116K(39488K)->39116K(39488K) Class: 5116K(5440K)->5116K(5440K)
[2023-04-17T05:38:13.782-0400][gc          ] GC(294) Pause Young (Normal) (G1 Evacuation Pause) 404M->351M(1024M) 46.993ms
[2023-04-17T05:38:13.782-0400][gc,cpu      ] GC(294) User=0.15s Sys=0.05s Real=0.05s
[2023-04-17T05:41:39.749-0400][gc,start    ] GC(295) Pause Young (Normal) (G1 Evacuation Pause)
[2023-04-17T05:41:39.751-0400][gc,task     ] GC(295) Using 8 workers of 8 for evacuation
[2023-04-17T05:41:39.765-0400][gc,phases   ] GC(295)   Pre Evacuate Collection Set: 0.3ms
[2023-04-17T05:41:39.765-0400][gc,phases   ] GC(295)   Merge Heap Roots: 0.3ms
[2023-04-17T05:41:39.765-0400][gc,phases   ] GC(295)   Evacuate Collection Set: 12.7ms
[2023-04-17T05:41:39.765-0400][gc,phases   ] GC(295)   Post Evacuate Collection Set: 1.0ms
[2023-04-17T05:41:39.765-0400][gc,phases   ] GC(295)   Other: 0.3ms
[2023-04-17T05:41:39.765-0400][gc,heap     ] GC(295) Eden regions: 295->0(66)
[2023-04-17T05:41:39.765-0400][gc,heap     ] GC(295) Survivor regions: 3->7(38)
[2023-04-17T05:41:39.765-0400][gc,heap     ] GC(295) Old regions: 219->219
[2023-04-17T05:41:39.765-0400][gc,heap     ] GC(295) Archive regions: 2->2
[2023-04-17T05:41:39.766-0400][gc,heap     ] GC(295) Humongous regions: 129->129
[2023-04-17T05:41:39.766-0400][gc,metaspace] GC(295) Metaspace: 44232K(44928K)->44232K(44928K) NonClass: 39116K(39488K)->39116K(39488K) Class: 5116K(5440K)->5116K(5440K)
[2023-04-17T05:41:39.766-0400][gc          ] GC(295) Pause Young (Normal) (G1 Evacuation Pause) 646M->355M(1024M) 16.459ms
[2023-04-17T05:41:39.766-0400][gc,cpu      ] GC(295) User=0.09s Sys=0.00s Real=0.02s
[2023-04-17T05:42:26.305-0400][gc,start    ] GC(296) Pause Young (Normal) (G1 Evacuation Pause)
[2023-04-17T05:42:26.308-0400][gc,task     ] GC(296) Using 8 workers of 8 for evacuation
[2023-04-17T05:42:26.355-0400][gc,mmu      ] GC(296) MMU target violated: 21.0ms (20.0ms/21.0ms)
[2023-04-17T05:42:26.356-0400][gc,phases   ] GC(296)   Pre Evacuate Collection Set: 0.5ms
[2023-04-17T05:42:26.356-0400][gc,phases   ] GC(296)   Merge Heap Roots: 0.5ms
[2023-04-17T05:42:26.356-0400][gc,phases   ] GC(296)   Evacuate Collection Set: 43.6ms
[2023-04-17T05:42:26.356-0400][gc,phases   ] GC(296)   Post Evacuate Collection Set: 2.4ms
[2023-04-17T05:42:26.356-0400][gc,phases   ] GC(296)   Other: 0.8ms
[2023-04-17T05:42:26.356-0400][gc,heap     ] GC(296) Eden regions: 66->0(158)
[2023-04-17T05:42:26.356-0400][gc,heap     ] GC(296) Survivor regions: 7->2(10)
[2023-04-17T05:42:26.356-0400][gc,heap     ] GC(296) Old regions: 219->226
[2023-04-17T05:42:26.356-0400][gc,heap     ] GC(296) Archive regions: 2->2
[2023-04-17T05:42:26.356-0400][gc,heap     ] GC(296) Humongous regions: 129->129
[2023-04-17T05:42:26.356-0400][gc,metaspace] GC(296) Metaspace: 44232K(44928K)->44232K(44928K) NonClass: 39116K(39488K)->39116K(39488K) Class: 5116K(5440K)->5116K(5440K)
[2023-04-17T05:42:26.357-0400][gc          ] GC(296) Pause Young (Normal) (G1 Evacuation Pause) 421M->357M(1024M) 52.102ms
[2023-04-17T05:42:26.357-0400][gc,cpu      ] GC(296) User=0.26s Sys=0.05s Real=0.05s
[2023-04-17T05:44:39.843-0400][gc,start    ] GC(297) Pause Young (Normal) (G1 Evacuation Pause)
[2023-04-17T05:44:39.844-0400][gc,task     ] GC(297) Using 8 workers of 8 for evacuation
[2023-04-17T05:44:39.855-0400][gc,phases   ] GC(297)   Pre Evacuate Collection Set: 0.3ms
[2023-04-17T05:44:39.855-0400][gc,phases   ] GC(297)   Merge Heap Roots: 0.3ms
[2023-04-17T05:44:39.855-0400][gc,phases   ] GC(297)   Evacuate Collection Set: 9.5ms
[2023-04-17T05:44:39.855-0400][gc,phases   ] GC(297)   Post Evacuate Collection Set: 0.8ms
[2023-04-17T05:44:39.855-0400][gc,phases   ] GC(297)   Other: 0.2ms
[2023-04-17T05:44:39.855-0400][gc,heap     ] GC(297) Eden regions: 158->0(46)
[2023-04-17T05:44:39.855-0400][gc,heap     ] GC(297) Survivor regions: 2->5(20)
[2023-04-17T05:44:39.855-0400][gc,heap     ] GC(297) Old regions: 226->226
[2023-04-17T05:44:39.855-0400][gc,heap     ] GC(297) Archive regions: 2->2
[2023-04-17T05:44:39.855-0400][gc,heap     ] GC(297) Humongous regions: 129->129
[2023-04-17T05:44:39.855-0400][gc,metaspace] GC(297) Metaspace: 44232K(44928K)->44232K(44928K) NonClass: 39116K(39488K)->39116K(39488K) Class: 5116K(5440K)->5116K(5440K)
[2023-04-17T05:44:39.856-0400][gc          ] GC(297) Pause Young (Normal) (G1 Evacuation Pause) 515M->360M(1024M) 12.685ms
[2023-04-17T05:44:39.856-0400][gc,cpu      ] GC(297) User=0.08s Sys=0.00s Real=0.01s
[2023-04-17T05:45:12.304-0400][gc,start    ] GC(298) Pause Young (Normal) (G1 Evacuation Pause)
[2023-04-17T05:45:12.305-0400][gc,task     ] GC(298) Using 8 workers of 8 for evacuation
[2023-04-17T05:45:12.320-0400][gc,phases   ] GC(298)   Pre Evacuate Collection Set: 0.3ms
[2023-04-17T05:45:12.320-0400][gc,phases   ] GC(298)   Merge Heap Roots: 0.2ms
[2023-04-17T05:45:12.320-0400][gc,phases   ] GC(298)   Evacuate Collection Set: 12.0ms
[2023-04-17T05:45:12.320-0400][gc,phases   ] GC(298)   Post Evacuate Collection Set: 0.8ms
[2023-04-17T05:45:12.320-0400][gc,phases   ] GC(298)   Other: 1.9ms
[2023-04-17T05:45:12.320-0400][gc,heap     ] GC(298) Eden regions: 46->0(64)
[2023-04-17T05:45:12.320-0400][gc,heap     ] GC(298) Survivor regions: 5->5(7)
[2023-04-17T05:45:12.320-0400][gc,heap     ] GC(298) Old regions: 226->227
[2023-04-17T05:45:12.320-0400][gc,heap     ] GC(298) Archive regions: 2->2
[2023-04-17T05:45:12.320-0400][gc,heap     ] GC(298) Humongous regions: 129->129
[2023-04-17T05:45:12.320-0400][gc,metaspace] GC(298) Metaspace: 44232K(44928K)->44232K(44928K) NonClass: 39116K(39488K)->39116K(39488K) Class: 5116K(5440K)->5116K(5440K)
[2023-04-17T05:45:12.321-0400][gc          ] GC(298) Pause Young (Normal) (G1 Evacuation Pause) 406M->361M(1024M) 16.395ms
[2023-04-17T05:45:12.321-0400][gc,cpu      ] GC(298) User=0.09s Sys=0.00s Real=0.02s
[2023-04-17T05:45:53.826-0400][gc,start    ] GC(299) Pause Young (Normal) (G1 Evacuation Pause)
[2023-04-17T05:45:53.826-0400][gc,task     ] GC(299) Using 8 workers of 8 for evacuation
[2023-04-17T05:45:53.840-0400][gc,phases   ] GC(299)   Pre Evacuate Collection Set: 0.3ms
[2023-04-17T05:45:53.841-0400][gc,phases   ] GC(299)   Merge Heap Roots: 0.3ms
[2023-04-17T05:45:53.841-0400][gc,phases   ] GC(299)   Evacuate Collection Set: 12.5ms
[2023-04-17T05:45:53.841-0400][gc,phases   ] GC(299)   Post Evacuate Collection Set: 0.9ms
[2023-04-17T05:45:53.841-0400][gc,phases   ] GC(299)   Other: 0.2ms
[2023-04-17T05:45:53.841-0400][gc,heap     ] GC(299) Eden regions: 61->0(44)
[2023-04-17T05:45:53.841-0400][gc,heap     ] GC(299) Survivor regions: 5->7(9)
[2023-04-17T05:45:53.841-0400][gc,heap     ] GC(299) Old regions: 227->227
[2023-04-17T05:45:53.841-0400][gc,heap     ] GC(299) Archive regions: 2->2
[2023-04-17T05:45:53.841-0400][gc,heap     ] GC(299) Humongous regions: 129->129
[2023-04-17T05:45:53.841-0400][gc,metaspace] GC(299) Metaspace: 44232K(44928K)->44232K(44928K) NonClass: 39116K(39488K)->39116K(39488K) Class: 5116K(5440K)->5116K(5440K)
[2023-04-17T05:45:53.841-0400][gc          ] GC(299) Pause Young (Normal) (G1 Evacuation Pause) 422M->363M(1024M) 15.466ms
[2023-04-17T05:45:53.841-0400][gc,cpu      ] GC(299) User=0.06s Sys=0.00s Real=0.02s
[2023-04-17T05:46:24.080-0400][gc,start    ] GC(300) Pause Young (Normal) (G1 Evacuation Pause)
[2023-04-17T05:46:24.081-0400][gc,task     ] GC(300) Using 8 workers of 8 for evacuation
[2023-04-17T05:46:24.097-0400][gc,phases   ] GC(300)   Pre Evacuate Collection Set: 0.4ms
[2023-04-17T05:46:24.097-0400][gc,phases   ] GC(300)   Merge Heap Roots: 0.2ms
[2023-04-17T05:46:24.097-0400][gc,phases   ] GC(300)   Evacuate Collection Set: 14.2ms
[2023-04-17T05:46:24.097-0400][gc,phases   ] GC(300)   Post Evacuate Collection Set: 1.0ms
[2023-04-17T05:46:24.097-0400][gc,phases   ] GC(300)   Other: 0.3ms
[2023-04-17T05:46:24.097-0400][gc,heap     ] GC(300) Eden regions: 44->0(187)
[2023-04-17T05:46:24.098-0400][gc,heap     ] GC(300) Survivor regions: 7->4(7)
[2023-04-17T05:46:24.098-0400][gc,heap     ] GC(300) Old regions: 227->231
[2023-04-17T05:46:24.098-0400][gc,heap     ] GC(300) Archive regions: 2->2
[2023-04-17T05:46:24.098-0400][gc,heap     ] GC(300) Humongous regions: 129->129
[2023-04-17T05:46:24.098-0400][gc,metaspace] GC(300) Metaspace: 44232K(44928K)->44232K(44928K) NonClass: 39116K(39488K)->39116K(39488K) Class: 5116K(5440K)->5116K(5440K)
[2023-04-17T05:46:24.098-0400][gc          ] GC(300) Pause Young (Normal) (G1 Evacuation Pause) 407M->363M(1024M) 17.288ms
[2023-04-17T05:46:24.098-0400][gc,cpu      ] GC(300) User=0.10s Sys=0.01s Real=0.01s
[2023-04-17T05:48:41.695-0400][gc,start    ] GC(301) Pause Young (Concurrent Start) (G1 Evacuation Pause)
[2023-04-17T05:48:41.698-0400][gc,task     ] GC(301) Using 8 workers of 8 for evacuation
[2023-04-17T05:48:41.965-0400][gc,mmu      ] GC(301) MMU target violated: 21.0ms (20.0ms/21.0ms)
[2023-04-17T05:48:41.965-0400][gc,phases   ] GC(301)   Pre Evacuate Collection Set: 7.9ms
[2023-04-17T05:48:41.966-0400][gc,phases   ] GC(301)   Merge Heap Roots: 0.8ms
[2023-04-17T05:48:41.966-0400][gc,phases   ] GC(301)   Evacuate Collection Set: 252.8ms
[2023-04-17T05:48:41.966-0400][gc,phases   ] GC(301)   Post Evacuate Collection Set: 5.4ms
[2023-04-17T05:48:41.967-0400][gc,phases   ] GC(301)   Other: 0.1ms
[2023-04-17T05:48:41.967-0400][gc,heap     ] GC(301) Eden regions: 187->0(45)
[2023-04-17T05:48:41.967-0400][gc,heap     ] GC(301) Survivor regions: 4->6(24)
[2023-04-17T05:48:41.967-0400][gc,heap     ] GC(301) Old regions: 231->231
[2023-04-17T05:48:41.968-0400][gc,heap     ] GC(301) Archive regions: 2->2
[2023-04-17T05:48:41.968-0400][gc,heap     ] GC(301) Humongous regions: 129->129
[2023-04-17T05:48:41.968-0400][gc,metaspace] GC(301) Metaspace: 44232K(44928K)->44232K(44928K) NonClass: 39116K(39488K)->39116K(39488K) Class: 5116K(5440K)->5116K(5440K)
[2023-04-17T05:48:41.968-0400][gc          ] GC(301) Pause Young (Concurrent Start) (G1 Evacuation Pause) 550M->365M(1024M) 272.941ms
[2023-04-17T05:48:41.969-0400][gc,cpu      ] GC(301) User=0.40s Sys=0.33s Real=0.27s
[2023-04-17T05:48:41.974-0400][gc          ] GC(302) Concurrent Mark Cycle
[2023-04-17T05:48:41.975-0400][gc,marking  ] GC(302) Concurrent Clear Claimed Marks
[2023-04-17T05:48:41.977-0400][gc,marking  ] GC(302) Concurrent Clear Claimed Marks 2.004ms
[2023-04-17T05:48:41.978-0400][gc,marking  ] GC(302) Concurrent Scan Root Regions
[2023-04-17T05:48:42.438-0400][gc,marking  ] GC(302) Concurrent Scan Root Regions 460.726ms
[2023-04-17T05:48:42.439-0400][gc,marking  ] GC(302) Concurrent Mark
[2023-04-17T05:48:42.439-0400][gc,marking  ] GC(302) Concurrent Mark From Roots
[2023-04-17T05:48:42.439-0400][gc,task     ] GC(302) Using 2 workers of 2 for marking
[2023-04-17T05:48:43.753-0400][gc,marking  ] GC(302) Concurrent Mark From Roots 1314.346ms
[2023-04-17T05:48:43.754-0400][gc,marking  ] GC(302) Concurrent Preclean
[2023-04-17T05:48:43.755-0400][gc,marking  ] GC(302) Concurrent Preclean 1.154ms
[2023-04-17T05:48:43.759-0400][gc,start    ] GC(302) Pause Remark
[2023-04-17T05:48:46.427-0400][gc,mmu      ] GC(302) MMU target violated: 21.0ms (20.0ms/21.0ms)
[2023-04-17T05:48:46.427-0400][gc          ] GC(302) Pause Remark 368M->225M(1024M) 2667.332ms
[2023-04-17T05:48:46.427-0400][gc,cpu      ] GC(302) User=0.44s Sys=4.69s Real=2.67s
[2023-04-17T05:48:46.430-0400][gc,marking  ] GC(302) Concurrent Mark 3990.707ms
[2023-04-17T05:48:46.430-0400][gc,marking  ] GC(302) Concurrent Rebuild Remembered Sets
[2023-04-17T05:48:47.304-0400][gc,marking  ] GC(302) Concurrent Rebuild Remembered Sets 873.495ms
[2023-04-17T05:48:47.324-0400][gc,start    ] GC(302) Pause Cleanup
[2023-04-17T05:48:47.329-0400][gc          ] GC(302) Pause Cleanup 225M->225M(1024M) 4.415ms
[2023-04-17T05:48:47.329-0400][gc,cpu      ] GC(302) User=0.00s Sys=0.01s Real=0.00s
[2023-04-17T05:48:47.329-0400][gc,marking  ] GC(302) Concurrent Cleanup for Next Mark
[2023-04-17T05:48:47.402-0400][gc,marking  ] GC(302) Concurrent Cleanup for Next Mark 72.204ms
[2023-04-17T05:48:47.402-0400][gc          ] GC(302) Concurrent Mark Cycle 5427.809ms
[2023-04-17T05:49:25.821-0400][gc,start    ] GC(303) Pause Young (Prepare Mixed) (G1 Evacuation Pause)
[2023-04-17T05:49:25.822-0400][gc,task     ] GC(303) Using 8 workers of 8 for evacuation
[2023-04-17T05:49:25.875-0400][gc,mmu      ] GC(303) MMU target violated: 21.0ms (20.0ms/21.0ms)
[2023-04-17T05:49:25.875-0400][gc,phases   ] GC(303)   Pre Evacuate Collection Set: 0.5ms
[2023-04-17T05:49:25.876-0400][gc,phases   ] GC(303)   Merge Heap Roots: 0.5ms
[2023-04-17T05:49:25.876-0400][gc,phases   ] GC(303)   Evacuate Collection Set: 49.1ms
[2023-04-17T05:49:25.876-0400][gc,phases   ] GC(303)   Post Evacuate Collection Set: 2.1ms
[2023-04-17T05:49:25.876-0400][gc,phases   ] GC(303)   Other: 0.9ms
[2023-04-17T05:49:25.876-0400][gc,heap     ] GC(303) Eden regions: 45->0(47)
[2023-04-17T05:49:25.876-0400][gc,heap     ] GC(303) Survivor regions: 6->4(7)
[2023-04-17T05:49:25.876-0400][gc,heap     ] GC(303) Old regions: 88->90
[2023-04-17T05:49:25.876-0400][gc,heap     ] GC(303) Archive regions: 2->2
[2023-04-17T05:49:25.877-0400][gc,heap     ] GC(303) Humongous regions: 129->129
[2023-04-17T05:49:25.877-0400][gc,metaspace] GC(303) Metaspace: 44147K(44928K)->44147K(44928K) NonClass: 39052K(39488K)->39052K(39488K) Class: 5095K(5440K)->5095K(5440K)
[2023-04-17T05:49:25.877-0400][gc          ] GC(303) Pause Young (Prepare Mixed) (G1 Evacuation Pause) 267M->222M(1024M) 55.767ms
[2023-04-17T05:49:25.877-0400][gc,cpu      ] GC(303) User=0.22s Sys=0.09s Real=0.05s
[2023-04-17T05:50:08.308-0400][gc,start    ] GC(304) Pause Young (Mixed) (G1 Evacuation Pause)
[2023-04-17T05:50:08.308-0400][gc,task     ] GC(304) Using 8 workers of 8 for evacuation
[2023-04-17T05:50:08.336-0400][gc,mmu      ] GC(304) MMU target violated: 21.0ms (20.0ms/21.0ms)
[2023-04-17T05:50:08.336-0400][gc,phases   ] GC(304)   Pre Evacuate Collection Set: 0.7ms
[2023-04-17T05:50:08.336-0400][gc,phases   ] GC(304)   Merge Heap Roots: 0.8ms
[2023-04-17T05:50:08.336-0400][gc,phases   ] GC(304)   Evacuate Collection Set: 23.0ms
[2023-04-17T05:50:08.336-0400][gc,phases   ] GC(304)   Post Evacuate Collection Set: 2.1ms
[2023-04-17T05:50:08.336-0400][gc,phases   ] GC(304)   Other: 0.8ms
[2023-04-17T05:50:08.336-0400][gc,heap     ] GC(304) Eden regions: 47->0(46)
[2023-04-17T05:50:08.336-0400][gc,heap     ] GC(304) Survivor regions: 4->5(7)
[2023-04-17T05:50:08.337-0400][gc,heap     ] GC(304) Old regions: 90->78
[2023-04-17T05:50:08.337-0400][gc,heap     ] GC(304) Archive regions: 2->2
[2023-04-17T05:50:08.337-0400][gc,heap     ] GC(304) Humongous regions: 129->129
[2023-04-17T05:50:08.337-0400][gc,metaspace] GC(304) Metaspace: 44147K(44928K)->44147K(44928K) NonClass: 39052K(39488K)->39052K(39488K) Class: 5095K(5440K)->5095K(5440K)
[2023-04-17T05:50:08.337-0400][gc          ] GC(304) Pause Young (Mixed) (G1 Evacuation Pause) 269M->211M(1024M) 28.930ms
[2023-04-17T05:50:08.337-0400][gc,cpu      ] GC(304) User=0.16s Sys=0.01s Real=0.03s
[2023-04-17T05:50:48.070-0400][gc,start    ] GC(305) Pause Young (Mixed) (G1 Evacuation Pause)
[2023-04-17T05:50:48.070-0400][gc,task     ] GC(305) Using 8 workers of 8 for evacuation
[2023-04-17T05:50:48.096-0400][gc,mmu      ] GC(305) MMU target violated: 21.0ms (20.0ms/21.0ms)
[2023-04-17T05:50:48.096-0400][gc,phases   ] GC(305)   Pre Evacuate Collection Set: 0.3ms
[2023-04-17T05:50:48.096-0400][gc,phases   ] GC(305)   Merge Heap Roots: 0.2ms
[2023-04-17T05:50:48.096-0400][gc,phases   ] GC(305)   Evacuate Collection Set: 24.5ms
[2023-04-17T05:50:48.096-0400][gc,phases   ] GC(305)   Post Evacuate Collection Set: 0.8ms
[2023-04-17T05:50:48.096-0400][gc,phases   ] GC(305)   Other: 0.4ms
[2023-04-17T05:50:48.096-0400][gc,heap     ] GC(305) Eden regions: 46->0(47)
[2023-04-17T05:50:48.097-0400][gc,heap     ] GC(305) Survivor regions: 5->4(7)
[2023-04-17T05:50:48.097-0400][gc,heap     ] GC(305) Old regions: 78->73
[2023-04-17T05:50:48.097-0400][gc,heap     ] GC(305) Archive regions: 2->2
[2023-04-17T05:50:48.097-0400][gc,heap     ] GC(305) Humongous regions: 129->129
[2023-04-17T05:50:48.097-0400][gc,metaspace] GC(305) Metaspace: 44147K(44928K)->44147K(44928K) NonClass: 39052K(39488K)->39052K(39488K) Class: 5095K(5440K)->5095K(5440K)
[2023-04-17T05:50:48.097-0400][gc          ] GC(305) Pause Young (Mixed) (G1 Evacuation Pause) 257M->206M(1024M) 26.876ms
[2023-04-17T05:50:48.097-0400][gc,cpu      ] GC(305) User=0.08s Sys=0.06s Real=0.02s
[2023-04-17T05:51:20.579-0400][gc,start    ] GC(306) Pause Young (Normal) (G1 Evacuation Pause)
[2023-04-17T05:51:20.579-0400][gc,task     ] GC(306) Using 8 workers of 8 for evacuation
[2023-04-17T05:51:20.589-0400][gc,phases   ] GC(306)   Pre Evacuate Collection Set: 0.3ms
[2023-04-17T05:51:20.589-0400][gc,phases   ] GC(306)   Merge Heap Roots: 0.2ms
[2023-04-17T05:51:20.589-0400][gc,phases   ] GC(306)   Evacuate Collection Set: 8.4ms
[2023-04-17T05:51:20.589-0400][gc,phases   ] GC(306)   Post Evacuate Collection Set: 0.7ms
[2023-04-17T05:51:20.589-0400][gc,phases   ] GC(306)   Other: 0.2ms
[2023-04-17T05:51:20.589-0400][gc,heap     ] GC(306) Eden regions: 47->0(46)
[2023-04-17T05:51:20.589-0400][gc,heap     ] GC(306) Survivor regions: 4->5(7)
[2023-04-17T05:51:20.589-0400][gc,heap     ] GC(306) Old regions: 73->73
[2023-04-17T05:51:20.589-0400][gc,heap     ] GC(306) Archive regions: 2->2
[2023-04-17T05:51:20.590-0400][gc,heap     ] GC(306) Humongous regions: 129->129
[2023-04-17T05:51:20.590-0400][gc,metaspace] GC(306) Metaspace: 44147K(44928K)->44147K(44928K) NonClass: 39052K(39488K)->39052K(39488K) Class: 5095K(5440K)->5095K(5440K)
[2023-04-17T05:51:20.590-0400][gc          ] GC(306) Pause Young (Normal) (G1 Evacuation Pause) 253M->206M(1024M) 11.136ms
[2023-04-17T05:51:20.590-0400][gc,cpu      ] GC(306) User=0.07s Sys=0.01s Real=0.02s
[2023-04-17T05:51:52.418-0400][gc,start    ] GC(307) Pause Young (Normal) (G1 Evacuation Pause)
[2023-04-17T05:51:52.419-0400][gc,task     ] GC(307) Using 8 workers of 8 for evacuation
[2023-04-17T05:51:52.434-0400][gc,phases   ] GC(307)   Pre Evacuate Collection Set: 0.4ms
[2023-04-17T05:51:52.434-0400][gc,phases   ] GC(307)   Merge Heap Roots: 0.2ms
[2023-04-17T05:51:52.434-0400][gc,phases   ] GC(307)   Evacuate Collection Set: 13.7ms
[2023-04-17T05:51:52.434-0400][gc,phases   ] GC(307)   Post Evacuate Collection Set: 0.8ms
[2023-04-17T05:51:52.434-0400][gc,phases   ] GC(307)   Other: 0.3ms
[2023-04-17T05:51:52.434-0400][gc,heap     ] GC(307) Eden regions: 46->0(46)
[2023-04-17T05:51:52.434-0400][gc,heap     ] GC(307) Survivor regions: 5->5(7)
[2023-04-17T05:51:52.434-0400][gc,heap     ] GC(307) Old regions: 73->74
[2023-04-17T05:51:52.434-0400][gc,heap     ] GC(307) Archive regions: 2->2
[2023-04-17T05:51:52.434-0400][gc,heap     ] GC(307) Humongous regions: 129->129
[2023-04-17T05:51:52.434-0400][gc,metaspace] GC(307) Metaspace: 44147K(44928K)->44147K(44928K) NonClass: 39052K(39488K)->39052K(39488K) Class: 5095K(5440K)->5095K(5440K)
[2023-04-17T05:51:52.434-0400][gc          ] GC(307) Pause Young (Normal) (G1 Evacuation Pause) 252M->207M(1024M) 16.542ms
[2023-04-17T05:51:52.435-0400][gc,cpu      ] GC(307) User=0.07s Sys=0.02s Real=0.02s
[2023-04-17T05:52:24.805-0400][gc,start    ] GC(308) Pause Young (Normal) (G1 Evacuation Pause)
[2023-04-17T05:52:24.806-0400][gc,task     ] GC(308) Using 8 workers of 8 for evacuation
[2023-04-17T05:52:24.823-0400][gc,phases   ] GC(308)   Pre Evacuate Collection Set: 0.3ms
[2023-04-17T05:52:24.823-0400][gc,phases   ] GC(308)   Merge Heap Roots: 0.3ms
[2023-04-17T05:52:24.823-0400][gc,phases   ] GC(308)   Evacuate Collection Set: 15.0ms
[2023-04-17T05:52:24.823-0400][gc,phases   ] GC(308)   Post Evacuate Collection Set: 1.0ms
[2023-04-17T05:52:24.824-0400][gc,phases   ] GC(308)   Other: 1.2ms
[2023-04-17T05:52:24.824-0400][gc,heap     ] GC(308) Eden regions: 46->0(46)
[2023-04-17T05:52:24.824-0400][gc,heap     ] GC(308) Survivor regions: 5->5(7)
[2023-04-17T05:52:24.824-0400][gc,heap     ] GC(308) Old regions: 74->75
[2023-04-17T05:52:24.824-0400][gc,heap     ] GC(308) Archive regions: 2->2
[2023-04-17T05:52:24.824-0400][gc,heap     ] GC(308) Humongous regions: 129->129
[2023-04-17T05:52:24.824-0400][gc,metaspace] GC(308) Metaspace: 44147K(44928K)->44147K(44928K) NonClass: 39052K(39488K)->39052K(39488K) Class: 5095K(5440K)->5095K(5440K)
[2023-04-17T05:52:24.824-0400][gc          ] GC(308) Pause Young (Normal) (G1 Evacuation Pause) 253M->208M(1024M) 18.867ms
[2023-04-17T05:52:24.824-0400][gc,cpu      ] GC(308) User=0.08s Sys=0.02s Real=0.02s
[2023-04-17T05:52:56.813-0400][gc,start    ] GC(309) Pause Young (Normal) (G1 Evacuation Pause)
[2023-04-17T05:52:56.814-0400][gc,task     ] GC(309) Using 8 workers of 8 for evacuation
[2023-04-17T05:52:56.831-0400][gc,phases   ] GC(309)   Pre Evacuate Collection Set: 0.2ms
[2023-04-17T05:52:56.831-0400][gc,phases   ] GC(309)   Merge Heap Roots: 0.3ms
[2023-04-17T05:52:56.831-0400][gc,phases   ] GC(309)   Evacuate Collection Set: 15.4ms
[2023-04-17T05:52:56.831-0400][gc,phases   ] GC(309)   Post Evacuate Collection Set: 0.9ms
[2023-04-17T05:52:56.831-0400][gc,phases   ] GC(309)   Other: 0.3ms
[2023-04-17T05:52:56.831-0400][gc,heap     ] GC(309) Eden regions: 46->0(83)
[2023-04-17T05:52:56.831-0400][gc,heap     ] GC(309) Survivor regions: 5->4(7)
[2023-04-17T05:52:56.831-0400][gc,heap     ] GC(309) Old regions: 75->76
[2023-04-17T05:52:56.831-0400][gc,heap     ] GC(309) Archive regions: 2->2
[2023-04-17T05:52:56.831-0400][gc,heap     ] GC(309) Humongous regions: 129->129
[2023-04-17T05:52:56.831-0400][gc,metaspace] GC(309) Metaspace: 44147K(44928K)->44147K(44928K) NonClass: 39052K(39488K)->39052K(39488K) Class: 5095K(5440K)->5095K(5440K)
[2023-04-17T05:52:56.831-0400][gc          ] GC(309) Pause Young (Normal) (G1 Evacuation Pause) 254M->209M(1024M) 18.394ms
[2023-04-17T05:52:56.831-0400][gc,cpu      ] GC(309) User=0.08s Sys=0.02s Real=0.02s
[2023-04-17T05:53:55.183-0400][gc,start    ] GC(310) Pause Young (Normal) (G1 Evacuation Pause)
[2023-04-17T05:53:55.184-0400][gc,task     ] GC(310) Using 8 workers of 8 for evacuation
[2023-04-17T05:53:55.201-0400][gc,phases   ] GC(310)   Pre Evacuate Collection Set: 0.4ms
[2023-04-17T05:53:55.201-0400][gc,phases   ] GC(310)   Merge Heap Roots: 0.4ms
[2023-04-17T05:53:55.201-0400][gc,phases   ] GC(310)   Evacuate Collection Set: 10.4ms
[2023-04-17T05:53:55.201-0400][gc,phases   ] GC(310)   Post Evacuate Collection Set: 0.8ms
[2023-04-17T05:53:55.201-0400][gc,phases   ] GC(310)   Other: 4.4ms
[2023-04-17T05:53:55.201-0400][gc,heap     ] GC(310) Eden regions: 83->0(45)
[2023-04-17T05:53:55.201-0400][gc,heap     ] GC(310) Survivor regions: 4->6(11)
[2023-04-17T05:53:55.201-0400][gc,heap     ] GC(310) Old regions: 76->76
[2023-04-17T05:53:55.201-0400][gc,heap     ] GC(310) Archive regions: 2->2
[2023-04-17T05:53:55.201-0400][gc,heap     ] GC(310) Humongous regions: 129->129
[2023-04-17T05:53:55.201-0400][gc,metaspace] GC(310) Metaspace: 44147K(44928K)->44147K(44928K) NonClass: 39052K(39488K)->39052K(39488K) Class: 5095K(5440K)->5095K(5440K)
[2023-04-17T05:53:55.201-0400][gc          ] GC(310) Pause Young (Normal) (G1 Evacuation Pause) 292M->211M(1024M) 18.516ms
[2023-04-17T05:53:55.201-0400][gc,cpu      ] GC(310) User=0.08s Sys=0.00s Real=0.02s
[2023-04-17T05:54:27.392-0400][gc,start    ] GC(311) Pause Young (Normal) (G1 Evacuation Pause)
[2023-04-17T05:54:27.392-0400][gc,task     ] GC(311) Using 8 workers of 8 for evacuation
[2023-04-17T05:54:27.420-0400][gc,mmu      ] GC(311) MMU target violated: 21.0ms (20.0ms/21.0ms)
[2023-04-17T05:54:27.420-0400][gc,phases   ] GC(311)   Pre Evacuate Collection Set: 0.4ms
[2023-04-17T05:54:27.420-0400][gc,phases   ] GC(311)   Merge Heap Roots: 0.2ms
[2023-04-17T05:54:27.420-0400][gc,phases   ] GC(311)   Evacuate Collection Set: 25.6ms
[2023-04-17T05:54:27.420-0400][gc,phases   ] GC(311)   Post Evacuate Collection Set: 0.8ms
[2023-04-17T05:54:27.420-0400][gc,phases   ] GC(311)   Other: 0.5ms
[2023-04-17T05:54:27.420-0400][gc,heap     ] GC(311) Eden regions: 45->0(46)
[2023-04-17T05:54:27.420-0400][gc,heap     ] GC(311) Survivor regions: 6->5(7)
[2023-04-17T05:54:27.420-0400][gc,heap     ] GC(311) Old regions: 76->78
[2023-04-17T05:54:27.420-0400][gc,heap     ] GC(311) Archive regions: 2->2
[2023-04-17T05:54:27.420-0400][gc,heap     ] GC(311) Humongous regions: 129->129
[2023-04-17T05:54:27.420-0400][gc,metaspace] GC(311) Metaspace: 44147K(44928K)->44147K(44928K) NonClass: 39052K(39488K)->39052K(39488K) Class: 5095K(5440K)->5095K(5440K)
[2023-04-17T05:54:27.420-0400][gc          ] GC(311) Pause Young (Normal) (G1 Evacuation Pause) 256M->212M(1024M) 28.695ms
[2023-04-17T05:54:27.420-0400][gc,cpu      ] GC(311) User=0.09s Sys=0.04s Real=0.03s
[2023-04-17T05:54:59.194-0400][gc,start    ] GC(312) Pause Young (Normal) (G1 Evacuation Pause)
[2023-04-17T05:54:59.196-0400][gc,task     ] GC(312) Using 8 workers of 8 for evacuation
[2023-04-17T05:54:59.211-0400][gc,phases   ] GC(312)   Pre Evacuate Collection Set: 0.3ms
[2023-04-17T05:54:59.212-0400][gc,phases   ] GC(312)   Merge Heap Roots: 0.3ms
[2023-04-17T05:54:59.212-0400][gc,phases   ] GC(312)   Evacuate Collection Set: 14.1ms
[2023-04-17T05:54:59.212-0400][gc,phases   ] GC(312)   Post Evacuate Collection Set: 0.8ms
[2023-04-17T05:54:59.212-0400][gc,phases   ] GC(312)   Other: 0.4ms
[2023-04-17T05:54:59.212-0400][gc,heap     ] GC(312) Eden regions: 46->0(62)
[2023-04-17T05:54:59.212-0400][gc,heap     ] GC(312) Survivor regions: 5->5(7)
[2023-04-17T05:54:59.212-0400][gc,heap     ] GC(312) Old regions: 78->79
[2023-04-17T05:54:59.212-0400][gc,heap     ] GC(312) Archive regions: 2->2
[2023-04-17T05:54:59.212-0400][gc,heap     ] GC(312) Humongous regions: 129->129
[2023-04-17T05:54:59.212-0400][gc,metaspace] GC(312) Metaspace: 44147K(44928K)->44147K(44928K) NonClass: 39052K(39488K)->39052K(39488K) Class: 5095K(5440K)->5095K(5440K)
[2023-04-17T05:54:59.212-0400][gc          ] GC(312) Pause Young (Normal) (G1 Evacuation Pause) 258M->213M(1024M) 18.333ms
[2023-04-17T05:54:59.212-0400][gc,cpu      ] GC(312) User=0.08s Sys=0.01s Real=0.02s
[2023-04-17T05:55:41.727-0400][gc,start    ] GC(313) Pause Young (Normal) (G1 Evacuation Pause)
[2023-04-17T05:55:41.728-0400][gc,task     ] GC(313) Using 8 workers of 8 for evacuation
[2023-04-17T05:55:41.741-0400][gc,phases   ] GC(313)   Pre Evacuate Collection Set: 0.3ms
[2023-04-17T05:55:41.741-0400][gc,phases   ] GC(313)   Merge Heap Roots: 0.3ms
[2023-04-17T05:55:41.741-0400][gc,phases   ] GC(313)   Evacuate Collection Set: 11.2ms
[2023-04-17T05:55:41.741-0400][gc,phases   ] GC(313)   Post Evacuate Collection Set: 0.9ms
[2023-04-17T05:55:41.741-0400][gc,phases   ] GC(313)   Other: 0.3ms
[2023-04-17T05:55:41.741-0400][gc,heap     ] GC(313) Eden regions: 61->0(47)
[2023-04-17T05:55:41.741-0400][gc,heap     ] GC(313) Survivor regions: 5->6(9)
[2023-04-17T05:55:41.741-0400][gc,heap     ] GC(313) Old regions: 79->79
[2023-04-17T05:55:41.741-0400][gc,heap     ] GC(313) Archive regions: 2->2
[2023-04-17T05:55:41.741-0400][gc,heap     ] GC(313) Humongous regions: 129->129
[2023-04-17T05:55:41.742-0400][gc,metaspace] GC(313) Metaspace: 44147K(44928K)->44147K(44928K) NonClass: 39052K(39488K)->39052K(39488K) Class: 5095K(5440K)->5095K(5440K)
[2023-04-17T05:55:41.742-0400][gc          ] GC(313) Pause Young (Normal) (G1 Evacuation Pause) 274M->214M(1024M) 14.921ms
[2023-04-17T05:55:41.742-0400][gc,cpu      ] GC(313) User=0.08s Sys=0.00s Real=0.02s
[2023-04-17T05:56:20.473-0400][gc,start    ] GC(314) Pause Young (Normal) (G1 Evacuation Pause)
[2023-04-17T05:56:20.477-0400][gc,task     ] GC(314) Using 8 workers of 8 for evacuation
[2023-04-17T05:56:20.554-0400][gc,mmu      ] GC(314) MMU target violated: 21.0ms (20.0ms/21.0ms)
[2023-04-17T05:56:20.554-0400][gc,phases   ] GC(314)   Pre Evacuate Collection Set: 0.8ms
[2023-04-17T05:56:20.554-0400][gc,phases   ] GC(314)   Merge Heap Roots: 0.5ms
[2023-04-17T05:56:20.554-0400][gc,phases   ] GC(314)   Evacuate Collection Set: 72.7ms
[2023-04-17T05:56:20.554-0400][gc,phases   ] GC(314)   Post Evacuate Collection Set: 2.5ms
[2023-04-17T05:56:20.554-0400][gc,phases   ] GC(314)   Other: 1.0ms
[2023-04-17T05:56:20.554-0400][gc,heap     ] GC(314) Eden regions: 47->0(47)
[2023-04-17T05:56:20.555-0400][gc,heap     ] GC(314) Survivor regions: 6->4(7)
[2023-04-17T05:56:20.555-0400][gc,heap     ] GC(314) Old regions: 79->82
[2023-04-17T05:56:20.555-0400][gc,heap     ] GC(314) Archive regions: 2->2
[2023-04-17T05:56:20.555-0400][gc,heap     ] GC(314) Humongous regions: 129->129
[2023-04-17T05:56:20.555-0400][gc,metaspace] GC(314) Metaspace: 44147K(44928K)->44147K(44928K) NonClass: 39052K(39488K)->39052K(39488K) Class: 5095K(5440K)->5095K(5440K)
[2023-04-17T05:56:20.555-0400][gc          ] GC(314) Pause Young (Normal) (G1 Evacuation Pause) 261M->215M(1024M) 81.799ms
[2023-04-17T05:56:20.555-0400][gc,cpu      ] GC(314) User=0.25s Sys=0.15s Real=0.08s
[2023-04-17T05:57:02.751-0400][gc,start    ] GC(315) Pause Young (Normal) (G1 Evacuation Pause)
[2023-04-17T05:57:02.752-0400][gc,task     ] GC(315) Using 8 workers of 8 for evacuation
[2023-04-17T05:57:02.789-0400][gc,mmu      ] GC(315) MMU target violated: 21.0ms (20.0ms/21.0ms)
[2023-04-17T05:57:02.789-0400][gc,phases   ] GC(315)   Pre Evacuate Collection Set: 0.6ms
[2023-04-17T05:57:02.789-0400][gc,phases   ] GC(315)   Merge Heap Roots: 0.6ms
[2023-04-17T05:57:02.789-0400][gc,phases   ] GC(315)   Evacuate Collection Set: 32.8ms
[2023-04-17T05:57:02.789-0400][gc,phases   ] GC(315)   Post Evacuate Collection Set: 2.1ms
[2023-04-17T05:57:02.789-0400][gc,phases   ] GC(315)   Other: 0.9ms
[2023-04-17T05:57:02.790-0400][gc,heap     ] GC(315) Eden regions: 47->0(46)
[2023-04-17T05:57:02.790-0400][gc,heap     ] GC(315) Survivor regions: 4->5(7)
[2023-04-17T05:57:02.790-0400][gc,heap     ] GC(315) Old regions: 82->83
[2023-04-17T05:57:02.790-0400][gc,heap     ] GC(315) Archive regions: 2->2
[2023-04-17T05:57:02.790-0400][gc,heap     ] GC(315) Humongous regions: 129->129
[2023-04-17T05:57:02.790-0400][gc,metaspace] GC(315) Metaspace: 44147K(44928K)->44147K(44928K) NonClass: 39052K(39488K)->39052K(39488K) Class: 5095K(5440K)->5095K(5440K)
[2023-04-17T05:57:02.790-0400][gc          ] GC(315) Pause Young (Normal) (G1 Evacuation Pause) 262M->216M(1024M) 39.231ms
[2023-04-17T05:57:02.790-0400][gc,cpu      ] GC(315) User=0.19s Sys=0.04s Real=0.04s
[2023-04-17T05:57:44.855-0400][gc,start    ] GC(316) Pause Young (Normal) (G1 Evacuation Pause)
[2023-04-17T05:57:44.857-0400][gc,task     ] GC(316) Using 8 workers of 8 for evacuation
[2023-04-17T05:57:44.900-0400][gc,mmu      ] GC(316) MMU target violated: 21.0ms (20.0ms/21.0ms)
[2023-04-17T05:57:44.900-0400][gc,phases   ] GC(316)   Pre Evacuate Collection Set: 0.9ms
[2023-04-17T05:57:44.900-0400][gc,phases   ] GC(316)   Merge Heap Roots: 0.7ms
[2023-04-17T05:57:44.900-0400][gc,phases   ] GC(316)   Evacuate Collection Set: 36.4ms
[2023-04-17T05:57:44.901-0400][gc,phases   ] GC(316)   Post Evacuate Collection Set: 4.2ms
[2023-04-17T05:57:44.901-0400][gc,phases   ] GC(316)   Other: 1.0ms
[2023-04-17T05:57:44.901-0400][gc,heap     ] GC(316) Eden regions: 46->0(46)
[2023-04-17T05:57:44.901-0400][gc,heap     ] GC(316) Survivor regions: 5->5(7)
[2023-04-17T05:57:44.902-0400][gc,heap     ] GC(316) Old regions: 83->84
[2023-04-17T05:57:44.902-0400][gc,heap     ] GC(316) Archive regions: 2->2
[2023-04-17T05:57:44.902-0400][gc,heap     ] GC(316) Humongous regions: 129->129
[2023-04-17T05:57:44.902-0400][gc,metaspace] GC(316) Metaspace: 44147K(44928K)->44147K(44928K) NonClass: 39052K(39488K)->39052K(39488K) Class: 5095K(5440K)->5095K(5440K)
[2023-04-17T05:57:44.902-0400][gc          ] GC(316) Pause Young (Normal) (G1 Evacuation Pause) 262M->217M(1024M) 47.672ms
[2023-04-17T05:57:44.903-0400][gc,cpu      ] GC(316) User=0.20s Sys=0.05s Real=0.05s
[2023-04-17T05:58:25.711-0400][gc,start    ] GC(317) Pause Young (Normal) (G1 Evacuation Pause)
[2023-04-17T05:58:25.712-0400][gc,task     ] GC(317) Using 8 workers of 8 for evacuation
[2023-04-17T05:58:25.732-0400][gc,phases   ] GC(317)   Pre Evacuate Collection Set: 0.2ms
[2023-04-17T05:58:25.732-0400][gc,phases   ] GC(317)   Merge Heap Roots: 0.2ms
[2023-04-17T05:58:25.732-0400][gc,phases   ] GC(317)   Evacuate Collection Set: 18.2ms
[2023-04-17T05:58:25.732-0400][gc,phases   ] GC(317)   Post Evacuate Collection Set: 1.0ms
[2023-04-17T05:58:25.732-0400][gc,phases   ] GC(317)   Other: 0.3ms
[2023-04-17T05:58:25.732-0400][gc,heap     ] GC(317) Eden regions: 46->0(47)
[2023-04-17T05:58:25.732-0400][gc,heap     ] GC(317) Survivor regions: 5->4(7)
[2023-04-17T05:58:25.732-0400][gc,heap     ] GC(317) Old regions: 84->85
[2023-04-17T05:58:25.732-0400][gc,heap     ] GC(317) Archive regions: 2->2
[2023-04-17T05:58:25.732-0400][gc,heap     ] GC(317) Humongous regions: 129->129
[2023-04-17T05:58:25.732-0400][gc,metaspace] GC(317) Metaspace: 44147K(44928K)->44147K(44928K) NonClass: 39052K(39488K)->39052K(39488K) Class: 5095K(5440K)->5095K(5440K)
[2023-04-17T05:58:25.733-0400][gc          ] GC(317) Pause Young (Normal) (G1 Evacuation Pause) 263M->217M(1024M) 21.962ms
[2023-04-17T05:58:25.733-0400][gc,cpu      ] GC(317) User=0.08s Sys=0.03s Real=0.02s
[2023-04-17T05:58:57.850-0400][gc,start    ] GC(318) Pause Young (Normal) (G1 Evacuation Pause)
[2023-04-17T05:58:57.851-0400][gc,task     ] GC(318) Using 8 workers of 8 for evacuation
[2023-04-17T05:58:57.865-0400][gc,phases   ] GC(318)   Pre Evacuate Collection Set: 0.3ms
[2023-04-17T05:58:57.865-0400][gc,phases   ] GC(318)   Merge Heap Roots: 0.3ms
[2023-04-17T05:58:57.865-0400][gc,phases   ] GC(318)   Evacuate Collection Set: 11.6ms
[2023-04-17T05:58:57.865-0400][gc,phases   ] GC(318)   Post Evacuate Collection Set: 0.9ms
[2023-04-17T05:58:57.865-0400][gc,phases   ] GC(318)   Other: 1.2ms
[2023-04-17T05:58:57.865-0400][gc,heap     ] GC(318) Eden regions: 47->0(47)
[2023-04-17T05:58:57.865-0400][gc,heap     ] GC(318) Survivor regions: 4->4(7)
[2023-04-17T05:58:57.865-0400][gc,heap     ] GC(318) Old regions: 85->86
[2023-04-17T05:58:57.865-0400][gc,heap     ] GC(318) Archive regions: 2->2
[2023-04-17T05:58:57.865-0400][gc,heap     ] GC(318) Humongous regions: 129->129
[2023-04-17T05:58:57.865-0400][gc,metaspace] GC(318) Metaspace: 44147K(44928K)->44147K(44928K) NonClass: 39052K(39488K)->39052K(39488K) Class: 5095K(5440K)->5095K(5440K)
[2023-04-17T05:58:57.865-0400][gc          ] GC(318) Pause Young (Normal) (G1 Evacuation Pause) 264M->218M(1024M) 15.359ms
[2023-04-17T05:58:57.866-0400][gc,cpu      ] GC(318) User=0.08s Sys=0.01s Real=0.01s
[2023-04-17T05:59:30.545-0400][gc,start    ] GC(319) Pause Young (Normal) (G1 Evacuation Pause)
[2023-04-17T05:59:30.547-0400][gc,task     ] GC(319) Using 8 workers of 8 for evacuation
[2023-04-17T05:59:30.557-0400][gc,phases   ] GC(319)   Pre Evacuate Collection Set: 0.3ms
[2023-04-17T05:59:30.557-0400][gc,phases   ] GC(319)   Merge Heap Roots: 0.3ms
[2023-04-17T05:59:30.557-0400][gc,phases   ] GC(319)   Evacuate Collection Set: 8.6ms
[2023-04-17T05:59:30.557-0400][gc,phases   ] GC(319)   Post Evacuate Collection Set: 0.8ms
[2023-04-17T05:59:30.557-0400][gc,phases   ] GC(319)   Other: 0.3ms
[2023-04-17T05:59:30.557-0400][gc,heap     ] GC(319) Eden regions: 47->0(46)
[2023-04-17T05:59:30.557-0400][gc,heap     ] GC(319) Survivor regions: 4->5(7)
[2023-04-17T05:59:30.557-0400][gc,heap     ] GC(319) Old regions: 86->86
[2023-04-17T05:59:30.557-0400][gc,heap     ] GC(319) Archive regions: 2->2
[2023-04-17T05:59:30.557-0400][gc,heap     ] GC(319) Humongous regions: 129->129
[2023-04-17T05:59:30.557-0400][gc,metaspace] GC(319) Metaspace: 44147K(44928K)->44147K(44928K) NonClass: 39052K(39488K)->39052K(39488K) Class: 5095K(5440K)->5095K(5440K)
[2023-04-17T05:59:30.557-0400][gc          ] GC(319) Pause Young (Normal) (G1 Evacuation Pause) 265M->219M(1024M) 12.062ms
[2023-04-17T05:59:30.557-0400][gc,cpu      ] GC(319) User=0.07s Sys=0.00s Real=0.01s
[2023-04-17T06:00:02.001-0400][gc,start    ] GC(320) Pause Young (Normal) (G1 Evacuation Pause)
[2023-04-17T06:00:02.001-0400][gc,task     ] GC(320) Using 8 workers of 8 for evacuation
[2023-04-17T06:00:02.019-0400][gc,phases   ] GC(320)   Pre Evacuate Collection Set: 0.2ms
[2023-04-17T06:00:02.020-0400][gc,phases   ] GC(320)   Merge Heap Roots: 0.2ms
[2023-04-17T06:00:02.020-0400][gc,phases   ] GC(320)   Evacuate Collection Set: 17.0ms
[2023-04-17T06:00:02.020-0400][gc,phases   ] GC(320)   Post Evacuate Collection Set: 0.9ms
[2023-04-17T06:00:02.020-0400][gc,phases   ] GC(320)   Other: 0.3ms
[2023-04-17T06:00:02.020-0400][gc,heap     ] GC(320) Eden regions: 46->0(47)
[2023-04-17T06:00:02.020-0400][gc,heap     ] GC(320) Survivor regions: 5->4(7)
[2023-04-17T06:00:02.020-0400][gc,heap     ] GC(320) Old regions: 86->87
[2023-04-17T06:00:02.020-0400][gc,heap     ] GC(320) Archive regions: 2->2
[2023-04-17T06:00:02.020-0400][gc,heap     ] GC(320) Humongous regions: 129->129
[2023-04-17T06:00:02.020-0400][gc,metaspace] GC(320) Metaspace: 44147K(44928K)->44147K(44928K) NonClass: 39052K(39488K)->39052K(39488K) Class: 5095K(5440K)->5095K(5440K)
[2023-04-17T06:00:02.020-0400][gc          ] GC(320) Pause Young (Normal) (G1 Evacuation Pause) 265M->219M(1024M) 19.355ms
[2023-04-17T06:00:02.020-0400][gc,cpu      ] GC(320) User=0.08s Sys=0.02s Real=0.02s
[2023-04-17T06:00:34.474-0400][gc,start    ] GC(321) Pause Young (Normal) (G1 Evacuation Pause)
[2023-04-17T06:00:34.474-0400][gc,task     ] GC(321) Using 8 workers of 8 for evacuation
[2023-04-17T06:00:34.485-0400][gc,phases   ] GC(321)   Pre Evacuate Collection Set: 0.2ms
[2023-04-17T06:00:34.485-0400][gc,phases   ] GC(321)   Merge Heap Roots: 0.3ms
[2023-04-17T06:00:34.485-0400][gc,phases   ] GC(321)   Evacuate Collection Set: 8.8ms
[2023-04-17T06:00:34.485-0400][gc,phases   ] GC(321)   Post Evacuate Collection Set: 0.8ms
[2023-04-17T06:00:34.485-0400][gc,phases   ] GC(321)   Other: 0.2ms
[2023-04-17T06:00:34.485-0400][gc,heap     ] GC(321) Eden regions: 47->0(46)
[2023-04-17T06:00:34.485-0400][gc,heap     ] GC(321) Survivor regions: 4->5(7)
[2023-04-17T06:00:34.485-0400][gc,heap     ] GC(321) Old regions: 87->87
[2023-04-17T06:00:34.485-0400][gc,heap     ] GC(321) Archive regions: 2->2
[2023-04-17T06:00:34.485-0400][gc,heap     ] GC(321) Humongous regions: 129->129
[2023-04-17T06:00:34.485-0400][gc,metaspace] GC(321) Metaspace: 44147K(44928K)->44147K(44928K) NonClass: 39052K(39488K)->39052K(39488K) Class: 5095K(5440K)->5095K(5440K)
[2023-04-17T06:00:34.485-0400][gc          ] GC(321) Pause Young (Normal) (G1 Evacuation Pause) 266M->220M(1024M) 11.412ms
[2023-04-17T06:00:34.485-0400][gc,cpu      ] GC(321) User=0.07s Sys=0.00s Real=0.01s
[2023-04-17T06:01:07.104-0400][gc,start    ] GC(322) Pause Young (Normal) (G1 Evacuation Pause)
[2023-04-17T06:01:07.106-0400][gc,task     ] GC(322) Using 8 workers of 8 for evacuation
[2023-04-17T06:01:07.129-0400][gc,mmu      ] GC(322) MMU target violated: 21.0ms (20.0ms/21.0ms)
[2023-04-17T06:01:07.129-0400][gc,phases   ] GC(322)   Pre Evacuate Collection Set: 0.4ms
[2023-04-17T06:01:07.129-0400][gc,phases   ] GC(322)   Merge Heap Roots: 0.2ms
[2023-04-17T06:01:07.129-0400][gc,phases   ] GC(322)   Evacuate Collection Set: 21.8ms
[2023-04-17T06:01:07.129-0400][gc,phases   ] GC(322)   Post Evacuate Collection Set: 1.0ms
[2023-04-17T06:01:07.130-0400][gc,phases   ] GC(322)   Other: 0.4ms
[2023-04-17T06:01:07.130-0400][gc,heap     ] GC(322) Eden regions: 46->0(46)
[2023-04-17T06:01:07.130-0400][gc,heap     ] GC(322) Survivor regions: 5->5(7)
[2023-04-17T06:01:07.130-0400][gc,heap     ] GC(322) Old regions: 87->88
[2023-04-17T06:01:07.130-0400][gc,heap     ] GC(322) Archive regions: 2->2
[2023-04-17T06:01:07.130-0400][gc,heap     ] GC(322) Humongous regions: 129->129
[2023-04-17T06:01:07.130-0400][gc,metaspace] GC(322) Metaspace: 44147K(44928K)->44147K(44928K) NonClass: 39052K(39488K)->39052K(39488K) Class: 5095K(5440K)->5095K(5440K)
[2023-04-17T06:01:07.130-0400][gc          ] GC(322) Pause Young (Normal) (G1 Evacuation Pause) 266M->221M(1024M) 25.428ms
[2023-04-17T06:01:07.130-0400][gc,cpu      ] GC(322) User=0.08s Sys=0.03s Real=0.03s
[2023-04-17T06:01:39.183-0400][gc,start    ] GC(323) Pause Young (Normal) (G1 Evacuation Pause)
[2023-04-17T06:01:39.183-0400][gc,task     ] GC(323) Using 8 workers of 8 for evacuation
[2023-04-17T06:01:39.198-0400][gc,phases   ] GC(323)   Pre Evacuate Collection Set: 0.2ms
[2023-04-17T06:01:39.198-0400][gc,phases   ] GC(323)   Merge Heap Roots: 0.2ms
[2023-04-17T06:01:39.198-0400][gc,phases   ] GC(323)   Evacuate Collection Set: 13.0ms
[2023-04-17T06:01:39.198-0400][gc,phases   ] GC(323)   Post Evacuate Collection Set: 0.9ms
[2023-04-17T06:01:39.198-0400][gc,phases   ] GC(323)   Other: 0.3ms
[2023-04-17T06:01:39.198-0400][gc,heap     ] GC(323) Eden regions: 46->0(55)
[2023-04-17T06:01:39.198-0400][gc,heap     ] GC(323) Survivor regions: 5->5(7)
[2023-04-17T06:01:39.198-0400][gc,heap     ] GC(323) Old regions: 88->89
[2023-04-17T06:01:39.199-0400][gc,heap     ] GC(323) Archive regions: 2->2
[2023-04-17T06:01:39.199-0400][gc,heap     ] GC(323) Humongous regions: 129->129
[2023-04-17T06:01:39.199-0400][gc,metaspace] GC(323) Metaspace: 44147K(44928K)->44147K(44928K) NonClass: 39052K(39488K)->39052K(39488K) Class: 5095K(5440K)->5095K(5440K)
[2023-04-17T06:01:39.199-0400][gc          ] GC(323) Pause Young (Normal) (G1 Evacuation Pause) 267M->222M(1024M) 15.952ms
[2023-04-17T06:01:39.199-0400][gc,cpu      ] GC(323) User=0.07s Sys=0.02s Real=0.01s
[2023-04-17T06:02:21.665-0400][gc,start    ] GC(324) Pause Young (Normal) (G1 Evacuation Pause)
[2023-04-17T06:02:21.667-0400][gc,task     ] GC(324) Using 8 workers of 8 for evacuation
[2023-04-17T06:02:21.696-0400][gc,mmu      ] GC(324) MMU target violated: 21.0ms (20.0ms/21.0ms)
[2023-04-17T06:02:21.696-0400][gc,phases   ] GC(324)   Pre Evacuate Collection Set: 0.7ms
[2023-04-17T06:02:21.696-0400][gc,phases   ] GC(324)   Merge Heap Roots: 0.6ms
[2023-04-17T06:02:21.696-0400][gc,phases   ] GC(324)   Evacuate Collection Set: 25.1ms
[2023-04-17T06:02:21.696-0400][gc,phases   ] GC(324)   Post Evacuate Collection Set: 1.8ms
[2023-04-17T06:02:21.696-0400][gc,phases   ] GC(324)   Other: 0.9ms
[2023-04-17T06:02:21.697-0400][gc,heap     ] GC(324) Eden regions: 53->0(45)
[2023-04-17T06:02:21.697-0400][gc,heap     ] GC(324) Survivor regions: 5->6(8)
[2023-04-17T06:02:21.697-0400][gc,heap     ] GC(324) Old regions: 89->89
[2023-04-17T06:02:21.697-0400][gc,heap     ] GC(324) Archive regions: 2->2
[2023-04-17T06:02:21.697-0400][gc,heap     ] GC(324) Humongous regions: 129->129
[2023-04-17T06:02:21.697-0400][gc,metaspace] GC(324) Metaspace: 44147K(44928K)->44147K(44928K) NonClass: 39052K(39488K)->39052K(39488K) Class: 5095K(5440K)->5095K(5440K)
[2023-04-17T06:02:21.697-0400][gc          ] GC(324) Pause Young (Normal) (G1 Evacuation Pause) 275M->223M(1024M) 32.181ms
[2023-04-17T06:02:21.697-0400][gc,cpu      ] GC(324) User=0.19s Sys=0.01s Real=0.03s
[2023-04-17T06:03:03.055-0400][gc,start    ] GC(325) Pause Young (Normal) (G1 Evacuation Pause)
[2023-04-17T06:03:03.056-0400][gc,task     ] GC(325) Using 8 workers of 8 for evacuation
[2023-04-17T06:03:03.126-0400][gc,mmu      ] GC(325) MMU target violated: 21.0ms (20.0ms/21.0ms)
[2023-04-17T06:03:03.127-0400][gc,phases   ] GC(325)   Pre Evacuate Collection Set: 0.5ms
[2023-04-17T06:03:03.127-0400][gc,phases   ] GC(325)   Merge Heap Roots: 0.5ms
[2023-04-17T06:03:03.127-0400][gc,phases   ] GC(325)   Evacuate Collection Set: 66.4ms
[2023-04-17T06:03:03.127-0400][gc,phases   ] GC(325)   Post Evacuate Collection Set: 1.7ms
[2023-04-17T06:03:03.127-0400][gc,phases   ] GC(325)   Other: 1.0ms
[2023-04-17T06:03:03.127-0400][gc,heap     ] GC(325) Eden regions: 45->0(47)
[2023-04-17T06:03:03.127-0400][gc,heap     ] GC(325) Survivor regions: 6->4(7)
[2023-04-17T06:03:03.127-0400][gc,heap     ] GC(325) Old regions: 89->91
[2023-04-17T06:03:03.127-0400][gc,heap     ] GC(325) Archive regions: 2->2
[2023-04-17T06:03:03.127-0400][gc,heap     ] GC(325) Humongous regions: 129->129
[2023-04-17T06:03:03.128-0400][gc,metaspace] GC(325) Metaspace: 44147K(44928K)->44147K(44928K) NonClass: 39052K(39488K)->39052K(39488K) Class: 5095K(5440K)->5095K(5440K)
[2023-04-17T06:03:03.128-0400][gc          ] GC(325) Pause Young (Normal) (G1 Evacuation Pause) 268M->224M(1024M) 72.661ms
[2023-04-17T06:03:03.128-0400][gc,cpu      ] GC(325) User=0.24s Sys=0.12s Real=0.07s
[2023-04-17T06:03:46.431-0400][gc,start    ] GC(326) Pause Young (Normal) (G1 Evacuation Pause)
[2023-04-17T06:03:46.433-0400][gc,task     ] GC(326) Using 8 workers of 8 for evacuation
[2023-04-17T06:03:46.475-0400][gc,mmu      ] GC(326) MMU target violated: 21.0ms (20.0ms/21.0ms)
[2023-04-17T06:03:46.476-0400][gc,phases   ] GC(326)   Pre Evacuate Collection Set: 0.8ms
[2023-04-17T06:03:46.476-0400][gc,phases   ] GC(326)   Merge Heap Roots: 0.5ms
[2023-04-17T06:03:46.476-0400][gc,phases   ] GC(326)   Evacuate Collection Set: 38.2ms
[2023-04-17T06:03:46.476-0400][gc,phases   ] GC(326)   Post Evacuate Collection Set: 2.5ms
[2023-04-17T06:03:46.476-0400][gc,phases   ] GC(326)   Other: 1.0ms
[2023-04-17T06:03:46.477-0400][gc,heap     ] GC(326) Eden regions: 47->0(47)
[2023-04-17T06:03:46.477-0400][gc,heap     ] GC(326) Survivor regions: 4->4(7)
[2023-04-17T06:03:46.477-0400][gc,heap     ] GC(326) Old regions: 91->92
[2023-04-17T06:03:46.477-0400][gc,heap     ] GC(326) Archive regions: 2->2
[2023-04-17T06:03:46.477-0400][gc,heap     ] GC(326) Humongous regions: 129->129
[2023-04-17T06:03:46.477-0400][gc,metaspace] GC(326) Metaspace: 44147K(44928K)->44147K(44928K) NonClass: 39052K(39488K)->39052K(39488K) Class: 5095K(5440K)->5095K(5440K)
[2023-04-17T06:03:46.478-0400][gc          ] GC(326) Pause Young (Normal) (G1 Evacuation Pause) 271M->225M(1024M) 46.741ms
[2023-04-17T06:03:46.478-0400][gc,cpu      ] GC(326) User=0.20s Sys=0.05s Real=0.04s
[2023-04-17T06:04:24.978-0400][gc,start    ] GC(327) Pause Young (Normal) (G1 Evacuation Pause)
[2023-04-17T06:04:24.978-0400][gc,task     ] GC(327) Using 8 workers of 8 for evacuation
[2023-04-17T06:04:25.000-0400][gc,mmu      ] GC(327) MMU target violated: 21.0ms (20.0ms/21.0ms)
[2023-04-17T06:04:25.000-0400][gc,phases   ] GC(327)   Pre Evacuate Collection Set: 0.2ms
[2023-04-17T06:04:25.000-0400][gc,phases   ] GC(327)   Merge Heap Roots: 0.3ms
[2023-04-17T06:04:25.000-0400][gc,phases   ] GC(327)   Evacuate Collection Set: 19.9ms
[2023-04-17T06:04:25.000-0400][gc,phases   ] GC(327)   Post Evacuate Collection Set: 0.9ms
[2023-04-17T06:04:25.001-0400][gc,phases   ] GC(327)   Other: 0.5ms
[2023-04-17T06:04:25.001-0400][gc,heap     ] GC(327) Eden regions: 47->0(46)
[2023-04-17T06:04:25.001-0400][gc,heap     ] GC(327) Survivor regions: 4->5(7)
[2023-04-17T06:04:25.001-0400][gc,heap     ] GC(327) Old regions: 92->93
[2023-04-17T06:04:25.001-0400][gc,heap     ] GC(327) Archive regions: 2->2
[2023-04-17T06:04:25.001-0400][gc,heap     ] GC(327) Humongous regions: 129->129
[2023-04-17T06:04:25.001-0400][gc,metaspace] GC(327) Metaspace: 44147K(44928K)->44147K(44928K) NonClass: 39052K(39488K)->39052K(39488K) Class: 5095K(5440K)->5095K(5440K)
[2023-04-17T06:04:25.001-0400][gc          ] GC(327) Pause Young (Normal) (G1 Evacuation Pause) 272M->226M(1024M) 23.428ms
[2023-04-17T06:04:25.001-0400][gc,cpu      ] GC(327) User=0.08s Sys=0.01s Real=0.03s
[2023-04-17T06:04:56.349-0400][gc,start    ] GC(328) Pause Young (Normal) (G1 Evacuation Pause)
[2023-04-17T06:04:56.349-0400][gc,task     ] GC(328) Using 8 workers of 8 for evacuation
[2023-04-17T06:04:56.365-0400][gc,phases   ] GC(328)   Pre Evacuate Collection Set: 0.4ms
[2023-04-17T06:04:56.365-0400][gc,phases   ] GC(328)   Merge Heap Roots: 0.2ms
[2023-04-17T06:04:56.365-0400][gc,phases   ] GC(328)   Evacuate Collection Set: 14.5ms
[2023-04-17T06:04:56.365-0400][gc,phases   ] GC(328)   Post Evacuate Collection Set: 1.0ms
[2023-04-17T06:04:56.366-0400][gc,phases   ] GC(328)   Other: 0.2ms
[2023-04-17T06:04:56.366-0400][gc,heap     ] GC(328) Eden regions: 46->0(47)
[2023-04-17T06:04:56.366-0400][gc,heap     ] GC(328) Survivor regions: 5->4(7)
[2023-04-17T06:04:56.366-0400][gc,heap     ] GC(328) Old regions: 93->94
[2023-04-17T06:04:56.366-0400][gc,heap     ] GC(328) Archive regions: 2->2
[2023-04-17T06:04:56.366-0400][gc,heap     ] GC(328) Humongous regions: 129->129
[2023-04-17T06:04:56.366-0400][gc,metaspace] GC(328) Metaspace: 44147K(44928K)->44147K(44928K) NonClass: 39052K(39488K)->39052K(39488K) Class: 5095K(5440K)->5095K(5440K)
[2023-04-17T06:04:56.366-0400][gc          ] GC(328) Pause Young (Normal) (G1 Evacuation Pause) 272M->227M(1024M) 17.154ms
[2023-04-17T06:04:56.366-0400][gc,cpu      ] GC(328) User=0.08s Sys=0.02s Real=0.02s
[2023-04-17T06:05:28.626-0400][gc,start    ] GC(329) Pause Young (Normal) (G1 Evacuation Pause)
[2023-04-17T06:05:28.627-0400][gc,task     ] GC(329) Using 8 workers of 8 for evacuation
[2023-04-17T06:05:28.644-0400][gc,phases   ] GC(329)   Pre Evacuate Collection Set: 0.4ms
[2023-04-17T06:05:28.644-0400][gc,phases   ] GC(329)   Merge Heap Roots: 0.2ms
[2023-04-17T06:05:28.644-0400][gc,phases   ] GC(329)   Evacuate Collection Set: 15.0ms
[2023-04-17T06:05:28.644-0400][gc,phases   ] GC(329)   Post Evacuate Collection Set: 0.8ms
[2023-04-17T06:05:28.644-0400][gc,phases   ] GC(329)   Other: 0.3ms
[2023-04-17T06:05:28.644-0400][gc,heap     ] GC(329) Eden regions: 47->0(46)
[2023-04-17T06:05:28.644-0400][gc,heap     ] GC(329) Survivor regions: 4->5(7)
[2023-04-17T06:05:28.644-0400][gc,heap     ] GC(329) Old regions: 94->95
[2023-04-17T06:05:28.644-0400][gc,heap     ] GC(329) Archive regions: 2->2
[2023-04-17T06:05:28.644-0400][gc,heap     ] GC(329) Humongous regions: 129->129
[2023-04-17T06:05:28.645-0400][gc,metaspace] GC(329) Metaspace: 44147K(44928K)->44147K(44928K) NonClass: 39052K(39488K)->39052K(39488K) Class: 5095K(5440K)->5095K(5440K)
[2023-04-17T06:05:28.645-0400][gc          ] GC(329) Pause Young (Normal) (G1 Evacuation Pause) 274M->228M(1024M) 18.325ms
[2023-04-17T06:05:28.645-0400][gc,cpu      ] GC(329) User=0.08s Sys=0.02s Real=0.02s
[2023-04-17T06:05:59.548-0400][gc,start    ] GC(330) Pause Young (Normal) (G1 Evacuation Pause)
[2023-04-17T06:05:59.548-0400][gc,task     ] GC(330) Using 8 workers of 8 for evacuation
[2023-04-17T06:05:59.565-0400][gc,phases   ] GC(330)   Pre Evacuate Collection Set: 0.2ms
[2023-04-17T06:05:59.565-0400][gc,phases   ] GC(330)   Merge Heap Roots: 0.2ms
[2023-04-17T06:05:59.565-0400][gc,phases   ] GC(330)   Evacuate Collection Set: 14.2ms
[2023-04-17T06:05:59.565-0400][gc,phases   ] GC(330)   Post Evacuate Collection Set: 0.8ms
[2023-04-17T06:05:59.565-0400][gc,phases   ] GC(330)   Other: 1.1ms
[2023-04-17T06:05:59.565-0400][gc,heap     ] GC(330) Eden regions: 46->0(47)
[2023-04-17T06:05:59.565-0400][gc,heap     ] GC(330) Survivor regions: 5->4(7)
[2023-04-17T06:05:59.565-0400][gc,heap     ] GC(330) Old regions: 95->96
[2023-04-17T06:05:59.565-0400][gc,heap     ] GC(330) Archive regions: 2->2
[2023-04-17T06:05:59.565-0400][gc,heap     ] GC(330) Humongous regions: 129->129
[2023-04-17T06:05:59.565-0400][gc,metaspace] GC(330) Metaspace: 44147K(44928K)->44147K(44928K) NonClass: 39052K(39488K)->39052K(39488K) Class: 5095K(5440K)->5095K(5440K)
[2023-04-17T06:05:59.565-0400][gc          ] GC(330) Pause Young (Normal) (G1 Evacuation Pause) 274M->229M(1024M) 17.470ms
[2023-04-17T06:05:59.565-0400][gc,cpu      ] GC(330) User=0.09s Sys=0.01s Real=0.02s
[2023-04-17T06:06:30.164-0400][gc,start    ] GC(331) Pause Young (Normal) (G1 Evacuation Pause)
[2023-04-17T06:06:30.164-0400][gc,task     ] GC(331) Using 8 workers of 8 for evacuation
[2023-04-17T06:06:30.182-0400][gc,phases   ] GC(331)   Pre Evacuate Collection Set: 0.2ms
[2023-04-17T06:06:30.182-0400][gc,phases   ] GC(331)   Merge Heap Roots: 0.3ms
[2023-04-17T06:06:30.182-0400][gc,phases   ] GC(331)   Evacuate Collection Set: 13.9ms
[2023-04-17T06:06:30.182-0400][gc,phases   ] GC(331)   Post Evacuate Collection Set: 0.8ms
[2023-04-17T06:06:30.182-0400][gc,phases   ] GC(331)   Other: 2.1ms
[2023-04-17T06:06:30.182-0400][gc,heap     ] GC(331) Eden regions: 47->0(52)
[2023-04-17T06:06:30.182-0400][gc,heap     ] GC(331) Survivor regions: 4->4(7)
[2023-04-17T06:06:30.182-0400][gc,heap     ] GC(331) Old regions: 96->97
[2023-04-17T06:06:30.182-0400][gc,heap     ] GC(331) Archive regions: 2->2
[2023-04-17T06:06:30.182-0400][gc,heap     ] GC(331) Humongous regions: 129->129
[2023-04-17T06:06:30.182-0400][gc,metaspace] GC(331) Metaspace: 44147K(44928K)->44147K(44928K) NonClass: 39052K(39488K)->39052K(39488K) Class: 5095K(5440K)->5095K(5440K)
[2023-04-17T06:06:30.182-0400][gc          ] GC(331) Pause Young (Normal) (G1 Evacuation Pause) 276M->230M(1024M) 18.336ms
[2023-04-17T06:06:30.182-0400][gc,cpu      ] GC(331) User=0.08s Sys=0.02s Real=0.02s
[2023-04-17T06:07:04.270-0400][gc,start    ] GC(332) Pause Young (Normal) (G1 Evacuation Pause)
[2023-04-17T06:07:04.270-0400][gc,task     ] GC(332) Using 8 workers of 8 for evacuation
[2023-04-17T06:07:04.282-0400][gc,phases   ] GC(332)   Pre Evacuate Collection Set: 0.3ms
[2023-04-17T06:07:04.282-0400][gc,phases   ] GC(332)   Merge Heap Roots: 0.2ms
[2023-04-17T06:07:04.282-0400][gc,phases   ] GC(332)   Evacuate Collection Set: 10.3ms
[2023-04-17T06:07:04.282-0400][gc,phases   ] GC(332)   Post Evacuate Collection Set: 0.8ms
[2023-04-17T06:07:04.282-0400][gc,phases   ] GC(332)   Other: 0.2ms
[2023-04-17T06:07:04.282-0400][gc,heap     ] GC(332) Eden regions: 52->0(46)
[2023-04-17T06:07:04.282-0400][gc,heap     ] GC(332) Survivor regions: 4->5(7)
[2023-04-17T06:07:04.282-0400][gc,heap     ] GC(332) Old regions: 97->97
[2023-04-17T06:07:04.282-0400][gc,heap     ] GC(332) Archive regions: 2->2
[2023-04-17T06:07:04.282-0400][gc,heap     ] GC(332) Humongous regions: 129->129
[2023-04-17T06:07:04.282-0400][gc,metaspace] GC(332) Metaspace: 44147K(44928K)->44147K(44928K) NonClass: 39052K(39488K)->39052K(39488K) Class: 5095K(5440K)->5095K(5440K)
[2023-04-17T06:07:04.282-0400][gc          ] GC(332) Pause Young (Normal) (G1 Evacuation Pause) 282M->231M(1024M) 12.933ms
[2023-04-17T06:07:04.283-0400][gc,cpu      ] GC(332) User=0.08s Sys=0.00s Real=0.02s
[2023-04-17T06:07:35.101-0400][gc,start    ] GC(333) Pause Young (Normal) (G1 Evacuation Pause)
[2023-04-17T06:07:35.102-0400][gc,task     ] GC(333) Using 8 workers of 8 for evacuation
[2023-04-17T06:07:35.121-0400][gc,phases   ] GC(333)   Pre Evacuate Collection Set: 0.2ms
[2023-04-17T06:07:35.121-0400][gc,phases   ] GC(333)   Merge Heap Roots: 0.2ms
[2023-04-17T06:07:35.121-0400][gc,phases   ] GC(333)   Evacuate Collection Set: 17.0ms
[2023-04-17T06:07:35.121-0400][gc,phases   ] GC(333)   Post Evacuate Collection Set: 0.8ms
[2023-04-17T06:07:35.121-0400][gc,phases   ] GC(333)   Other: 0.3ms
[2023-04-17T06:07:35.121-0400][gc,heap     ] GC(333) Eden regions: 46->0(54)
[2023-04-17T06:07:35.121-0400][gc,heap     ] GC(333) Survivor regions: 5->5(7)
[2023-04-17T06:07:35.121-0400][gc,heap     ] GC(333) Old regions: 97->98
[2023-04-17T06:07:35.121-0400][gc,heap     ] GC(333) Archive regions: 2->2
[2023-04-17T06:07:35.121-0400][gc,heap     ] GC(333) Humongous regions: 129->129
[2023-04-17T06:07:35.121-0400][gc,metaspace] GC(333) Metaspace: 44147K(44928K)->44147K(44928K) NonClass: 39052K(39488K)->39052K(39488K) Class: 5095K(5440K)->5095K(5440K)
[2023-04-17T06:07:35.121-0400][gc          ] GC(333) Pause Young (Normal) (G1 Evacuation Pause) 277M->231M(1024M) 19.745ms
[2023-04-17T06:07:35.121-0400][gc,cpu      ] GC(333) User=0.08s Sys=0.02s Real=0.02s
[2023-04-17T06:08:08.915-0400][gc,start    ] GC(334) Pause Young (Normal) (G1 Evacuation Pause)
[2023-04-17T06:08:08.916-0400][gc,task     ] GC(334) Using 8 workers of 8 for evacuation
[2023-04-17T06:08:08.972-0400][gc,mmu      ] GC(334) MMU target violated: 21.0ms (20.0ms/21.0ms)
[2023-04-17T06:08:08.972-0400][gc,phases   ] GC(334)   Pre Evacuate Collection Set: 2.6ms
[2023-04-17T06:08:08.973-0400][gc,phases   ] GC(334)   Merge Heap Roots: 0.8ms
[2023-04-17T06:08:08.973-0400][gc,phases   ] GC(334)   Evacuate Collection Set: 48.0ms
[2023-04-17T06:08:08.973-0400][gc,phases   ] GC(334)   Post Evacuate Collection Set: 3.0ms
[2023-04-17T06:08:08.973-0400][gc,phases   ] GC(334)   Other: 1.9ms
[2023-04-17T06:08:08.974-0400][gc,heap     ] GC(334) Eden regions: 46->0(46)
[2023-04-17T06:08:08.974-0400][gc,heap     ] GC(334) Survivor regions: 5->5(7)
[2023-04-17T06:08:08.974-0400][gc,heap     ] GC(334) Old regions: 98->99
[2023-04-17T06:08:08.974-0400][gc,heap     ] GC(334) Archive regions: 2->2
[2023-04-17T06:08:08.975-0400][gc,heap     ] GC(334) Humongous regions: 129->129
[2023-04-17T06:08:08.975-0400][gc,metaspace] GC(334) Metaspace: 44147K(44928K)->44147K(44928K) NonClass: 39052K(39488K)->39052K(39488K) Class: 5095K(5440K)->5095K(5440K)
[2023-04-17T06:08:08.975-0400][gc          ] GC(334) Pause Young (Normal) (G1 Evacuation Pause) 277M->232M(1024M) 60.144ms
[2023-04-17T06:08:08.976-0400][gc,cpu      ] GC(334) User=0.22s Sys=0.05s Real=0.06s
[2023-04-17T06:08:48.258-0400][gc,start    ] GC(335) Pause Young (Normal) (G1 Evacuation Pause)
[2023-04-17T06:08:48.260-0400][gc,task     ] GC(335) Using 8 workers of 8 for evacuation
[2023-04-17T06:08:48.309-0400][gc,mmu      ] GC(335) MMU target violated: 21.0ms (20.0ms/21.0ms)
[2023-04-17T06:08:48.309-0400][gc,phases   ] GC(335)   Pre Evacuate Collection Set: 0.7ms
[2023-04-17T06:08:48.309-0400][gc,phases   ] GC(335)   Merge Heap Roots: 0.6ms
[2023-04-17T06:08:48.309-0400][gc,phases   ] GC(335)   Evacuate Collection Set: 45.2ms
[2023-04-17T06:08:48.309-0400][gc,phases   ] GC(335)   Post Evacuate Collection Set: 2.0ms
[2023-04-17T06:08:48.309-0400][gc,phases   ] GC(335)   Other: 0.8ms
[2023-04-17T06:08:48.309-0400][gc,heap     ] GC(335) Eden regions: 46->0(46)
[2023-04-17T06:08:48.310-0400][gc,heap     ] GC(335) Survivor regions: 5->5(7)
[2023-04-17T06:08:48.310-0400][gc,heap     ] GC(335) Old regions: 99->100
[2023-04-17T06:08:48.310-0400][gc,heap     ] GC(335) Archive regions: 2->2
[2023-04-17T06:08:48.310-0400][gc,heap     ] GC(335) Humongous regions: 129->129
[2023-04-17T06:08:48.310-0400][gc,metaspace] GC(335) Metaspace: 44147K(44928K)->44147K(44928K) NonClass: 39052K(39488K)->39052K(39488K) Class: 5095K(5440K)->5095K(5440K)
[2023-04-17T06:08:48.310-0400][gc          ] GC(335) Pause Young (Normal) (G1 Evacuation Pause) 278M->233M(1024M) 52.053ms
[2023-04-17T06:08:48.310-0400][gc,cpu      ] GC(335) User=0.22s Sys=0.05s Real=0.06s
[2023-04-17T06:09:28.756-0400][gc,start    ] GC(336) Pause Young (Normal) (G1 Evacuation Pause)
[2023-04-17T06:09:28.757-0400][gc,task     ] GC(336) Using 8 workers of 8 for evacuation
[2023-04-17T06:09:28.807-0400][gc,mmu      ] GC(336) MMU target violated: 21.0ms (20.0ms/21.0ms)
[2023-04-17T06:09:28.807-0400][gc,phases   ] GC(336)   Pre Evacuate Collection Set: 0.6ms
[2023-04-17T06:09:28.807-0400][gc,phases   ] GC(336)   Merge Heap Roots: 0.6ms
[2023-04-17T06:09:28.808-0400][gc,phases   ] GC(336)   Evacuate Collection Set: 42.3ms
[2023-04-17T06:09:28.808-0400][gc,phases   ] GC(336)   Post Evacuate Collection Set: 5.2ms
[2023-04-17T06:09:28.808-0400][gc,phases   ] GC(336)   Other: 1.1ms
[2023-04-17T06:09:28.809-0400][gc,heap     ] GC(336) Eden regions: 46->0(46)
[2023-04-17T06:09:28.809-0400][gc,heap     ] GC(336) Survivor regions: 5->5(7)
[2023-04-17T06:09:28.809-0400][gc,heap     ] GC(336) Old regions: 100->101
[2023-04-17T06:09:28.809-0400][gc,heap     ] GC(336) Archive regions: 2->2
[2023-04-17T06:09:28.810-0400][gc,heap     ] GC(336) Humongous regions: 129->129
[2023-04-17T06:09:28.811-0400][gc,metaspace] GC(336) Metaspace: 44147K(44928K)->44147K(44928K) NonClass: 39052K(39488K)->39052K(39488K) Class: 5095K(5440K)->5095K(5440K)
[2023-04-17T06:09:28.812-0400][gc          ] GC(336) Pause Young (Normal) (G1 Evacuation Pause) 279M->234M(1024M) 55.671ms
[2023-04-17T06:09:28.812-0400][gc,cpu      ] GC(336) User=0.22s Sys=0.06s Real=0.06s
[2023-04-17T06:10:08.900-0400][gc,start    ] GC(337) Pause Young (Normal) (G1 Evacuation Pause)
[2023-04-17T06:10:08.901-0400][gc,task     ] GC(337) Using 8 workers of 8 for evacuation
[2023-04-17T06:10:08.944-0400][gc,mmu      ] GC(337) MMU target violated: 21.0ms (20.0ms/21.0ms)
[2023-04-17T06:10:08.945-0400][gc,phases   ] GC(337)   Pre Evacuate Collection Set: 0.7ms
[2023-04-17T06:10:08.945-0400][gc,phases   ] GC(337)   Merge Heap Roots: 0.6ms
[2023-04-17T06:10:08.945-0400][gc,phases   ] GC(337)   Evacuate Collection Set: 39.5ms
[2023-04-17T06:10:08.945-0400][gc,phases   ] GC(337)   Post Evacuate Collection Set: 2.0ms
[2023-04-17T06:10:08.945-0400][gc,phases   ] GC(337)   Other: 0.9ms
[2023-04-17T06:10:08.945-0400][gc,heap     ] GC(337) Eden regions: 46->0(46)
[2023-04-17T06:10:08.945-0400][gc,heap     ] GC(337) Survivor regions: 5->5(7)
[2023-04-17T06:10:08.945-0400][gc,heap     ] GC(337) Old regions: 101->102
[2023-04-17T06:10:08.945-0400][gc,heap     ] GC(337) Archive regions: 2->2
[2023-04-17T06:10:08.945-0400][gc,heap     ] GC(337) Humongous regions: 129->129
[2023-04-17T06:10:08.945-0400][gc,metaspace] GC(337) Metaspace: 44147K(44928K)->44147K(44928K) NonClass: 39052K(39488K)->39052K(39488K) Class: 5095K(5440K)->5095K(5440K)
[2023-04-17T06:10:08.946-0400][gc          ] GC(337) Pause Young (Normal) (G1 Evacuation Pause) 280M->235M(1024M) 45.605ms
[2023-04-17T06:10:08.946-0400][gc,cpu      ] GC(337) User=0.23s Sys=0.05s Real=0.04s
[2023-04-17T06:10:47.264-0400][gc,start    ] GC(338) Pause Young (Normal) (G1 Evacuation Pause)
[2023-04-17T06:10:47.266-0400][gc,task     ] GC(338) Using 8 workers of 8 for evacuation
[2023-04-17T06:10:47.319-0400][gc,mmu      ] GC(338) MMU target violated: 21.0ms (20.0ms/21.0ms)
[2023-04-17T06:10:47.319-0400][gc,phases   ] GC(338)   Pre Evacuate Collection Set: 0.6ms
[2023-04-17T06:10:47.319-0400][gc,phases   ] GC(338)   Merge Heap Roots: 0.5ms
[2023-04-17T06:10:47.320-0400][gc,phases   ] GC(338)   Evacuate Collection Set: 46.3ms
[2023-04-17T06:10:47.320-0400][gc,phases   ] GC(338)   Post Evacuate Collection Set: 2.0ms
[2023-04-17T06:10:47.320-0400][gc,phases   ] GC(338)   Other: 4.2ms
[2023-04-17T06:10:47.320-0400][gc,heap     ] GC(338) Eden regions: 46->0(46)
[2023-04-17T06:10:47.320-0400][gc,heap     ] GC(338) Survivor regions: 5->5(7)
[2023-04-17T06:10:47.320-0400][gc,heap     ] GC(338) Old regions: 102->103
[2023-04-17T06:10:47.320-0400][gc,heap     ] GC(338) Archive regions: 2->2
[2023-04-17T06:10:47.321-0400][gc,heap     ] GC(338) Humongous regions: 129->129
[2023-04-17T06:10:47.321-0400][gc,metaspace] GC(338) Metaspace: 44147K(44928K)->44147K(44928K) NonClass: 39052K(39488K)->39052K(39488K) Class: 5095K(5440K)->5095K(5440K)
[2023-04-17T06:10:47.321-0400][gc          ] GC(338) Pause Young (Normal) (G1 Evacuation Pause) 281M->237M(1024M) 56.799ms
[2023-04-17T06:10:47.321-0400][gc,cpu      ] GC(338) User=0.24s Sys=0.07s Real=0.06s
[2023-04-17T06:11:27.026-0400][gc,start    ] GC(339) Pause Young (Normal) (G1 Evacuation Pause)
[2023-04-17T06:11:27.028-0400][gc,task     ] GC(339) Using 8 workers of 8 for evacuation
[2023-04-17T06:11:27.077-0400][gc,mmu      ] GC(339) MMU target violated: 21.0ms (20.0ms/21.0ms)
[2023-04-17T06:11:27.078-0400][gc,phases   ] GC(339)   Pre Evacuate Collection Set: 0.7ms
[2023-04-17T06:11:27.078-0400][gc,phases   ] GC(339)   Merge Heap Roots: 0.6ms
[2023-04-17T06:11:27.078-0400][gc,phases   ] GC(339)   Evacuate Collection Set: 44.9ms
[2023-04-17T06:11:27.078-0400][gc,phases   ] GC(339)   Post Evacuate Collection Set: 2.3ms
[2023-04-17T06:11:27.078-0400][gc,phases   ] GC(339)   Other: 0.9ms
[2023-04-17T06:11:27.078-0400][gc,heap     ] GC(339) Eden regions: 46->0(46)
[2023-04-17T06:11:27.078-0400][gc,heap     ] GC(339) Survivor regions: 5->5(7)
[2023-04-17T06:11:27.078-0400][gc,heap     ] GC(339) Old regions: 103->104
[2023-04-17T06:11:27.078-0400][gc,heap     ] GC(339) Archive regions: 2->2
[2023-04-17T06:11:27.078-0400][gc,heap     ] GC(339) Humongous regions: 129->129
[2023-04-17T06:11:27.079-0400][gc,metaspace] GC(339) Metaspace: 44147K(44928K)->44147K(44928K) NonClass: 39052K(39488K)->39052K(39488K) Class: 5095K(5440K)->5095K(5440K)
[2023-04-17T06:11:27.079-0400][gc          ] GC(339) Pause Young (Normal) (G1 Evacuation Pause) 283M->238M(1024M) 52.377ms
[2023-04-17T06:11:27.079-0400][gc,cpu      ] GC(339) User=0.22s Sys=0.06s Real=0.05s
[2023-04-17T06:12:05.613-0400][gc,start    ] GC(340) Pause Young (Normal) (G1 Evacuation Pause)
[2023-04-17T06:12:05.614-0400][gc,task     ] GC(340) Using 8 workers of 8 for evacuation
[2023-04-17T06:12:05.661-0400][gc,mmu      ] GC(340) MMU target violated: 21.0ms (20.0ms/21.0ms)
[2023-04-17T06:12:05.661-0400][gc,phases   ] GC(340)   Pre Evacuate Collection Set: 0.7ms
[2023-04-17T06:12:05.662-0400][gc,phases   ] GC(340)   Merge Heap Roots: 0.5ms
[2023-04-17T06:12:05.662-0400][gc,phases   ] GC(340)   Evacuate Collection Set: 43.2ms
[2023-04-17T06:12:05.662-0400][gc,phases   ] GC(340)   Post Evacuate Collection Set: 2.2ms
[2023-04-17T06:12:05.662-0400][gc,phases   ] GC(340)   Other: 0.9ms
[2023-04-17T06:12:05.662-0400][gc,heap     ] GC(340) Eden regions: 46->0(46)
[2023-04-17T06:12:05.662-0400][gc,heap     ] GC(340) Survivor regions: 5->5(7)
[2023-04-17T06:12:05.662-0400][gc,heap     ] GC(340) Old regions: 104->106
[2023-04-17T06:12:05.662-0400][gc,heap     ] GC(340) Archive regions: 2->2
[2023-04-17T06:12:05.662-0400][gc,heap     ] GC(340) Humongous regions: 129->129
[2023-04-17T06:12:05.662-0400][gc,metaspace] GC(340) Metaspace: 44147K(44928K)->44147K(44928K) NonClass: 39052K(39488K)->39052K(39488K) Class: 5095K(5440K)->5095K(5440K)
[2023-04-17T06:12:05.663-0400][gc          ] GC(340) Pause Young (Normal) (G1 Evacuation Pause) 284M->239M(1024M) 49.635ms
[2023-04-17T06:12:05.663-0400][gc,cpu      ] GC(340) User=0.23s Sys=0.06s Real=0.05s
[2023-04-17T06:12:44.636-0400][gc,start    ] GC(341) Pause Young (Normal) (G1 Evacuation Pause)
[2023-04-17T06:12:44.637-0400][gc,task     ] GC(341) Using 8 workers of 8 for evacuation
[2023-04-17T06:12:44.694-0400][gc,mmu      ] GC(341) MMU target violated: 21.0ms (20.0ms/21.0ms)
[2023-04-17T06:12:44.695-0400][gc,phases   ] GC(341)   Pre Evacuate Collection Set: 0.6ms
[2023-04-17T06:12:44.715-0400][gc,phases   ] GC(341)   Merge Heap Roots: 0.5ms
[2023-04-17T06:12:44.715-0400][gc,phases   ] GC(341)   Evacuate Collection Set: 51.7ms
[2023-04-17T06:12:44.716-0400][gc,phases   ] GC(341)   Post Evacuate Collection Set: 3.3ms
[2023-04-17T06:12:44.716-0400][gc,phases   ] GC(341)   Other: 1.5ms
[2023-04-17T06:12:44.723-0400][gc,heap     ] GC(341) Eden regions: 46->0(46)
[2023-04-17T06:12:44.723-0400][gc,heap     ] GC(341) Survivor regions: 5->5(7)
[2023-04-17T06:12:44.723-0400][gc,heap     ] GC(341) Old regions: 106->107
[2023-04-17T06:12:44.723-0400][gc,heap     ] GC(341) Archive regions: 2->2
[2023-04-17T06:12:44.723-0400][gc,heap     ] GC(341) Humongous regions: 129->129
[2023-04-17T06:12:44.723-0400][gc,metaspace] GC(341) Metaspace: 44147K(44928K)->44147K(44928K) NonClass: 39052K(39488K)->39052K(39488K) Class: 5095K(5440K)->5095K(5440K)
[2023-04-17T06:12:44.723-0400][gc          ] GC(341) Pause Young (Normal) (G1 Evacuation Pause) 285M->240M(1024M) 86.963ms
[2023-04-17T06:12:44.724-0400][gc,cpu      ] GC(341) User=0.22s Sys=0.08s Real=0.09s
[2023-04-17T06:13:23.206-0400][gc,start    ] GC(342) Pause Young (Normal) (G1 Evacuation Pause)
[2023-04-17T06:13:23.207-0400][gc,task     ] GC(342) Using 8 workers of 8 for evacuation
[2023-04-17T06:13:23.255-0400][gc,mmu      ] GC(342) MMU target violated: 21.0ms (20.0ms/21.0ms)
[2023-04-17T06:13:23.255-0400][gc,phases   ] GC(342)   Pre Evacuate Collection Set: 0.6ms
[2023-04-17T06:13:23.256-0400][gc,phases   ] GC(342)   Merge Heap Roots: 0.6ms
[2023-04-17T06:13:23.256-0400][gc,phases   ] GC(342)   Evacuate Collection Set: 44.0ms
[2023-04-17T06:13:23.256-0400][gc,phases   ] GC(342)   Post Evacuate Collection Set: 2.0ms
[2023-04-17T06:13:23.256-0400][gc,phases   ] GC(342)   Other: 1.0ms
[2023-04-17T06:13:23.257-0400][gc,heap     ] GC(342) Eden regions: 46->0(47)
[2023-04-17T06:13:23.257-0400][gc,heap     ] GC(342) Survivor regions: 5->4(7)
[2023-04-17T06:13:23.257-0400][gc,heap     ] GC(342) Old regions: 107->108
[2023-04-17T06:13:23.257-0400][gc,heap     ] GC(342) Archive regions: 2->2
[2023-04-17T06:13:23.257-0400][gc,heap     ] GC(342) Humongous regions: 129->129
[2023-04-17T06:13:23.257-0400][gc,metaspace] GC(342) Metaspace: 44147K(44928K)->44147K(44928K) NonClass: 39052K(39488K)->39052K(39488K) Class: 5095K(5440K)->5095K(5440K)
[2023-04-17T06:13:23.258-0400][gc          ] GC(342) Pause Young (Normal) (G1 Evacuation Pause) 286M->241M(1024M) 51.966ms
[2023-04-17T06:13:23.258-0400][gc,cpu      ] GC(342) User=0.21s Sys=0.05s Real=0.05s
[2023-04-17T06:14:02.233-0400][gc,start    ] GC(343) Pause Young (Normal) (G1 Evacuation Pause)
[2023-04-17T06:14:02.234-0400][gc,task     ] GC(343) Using 8 workers of 8 for evacuation
[2023-04-17T06:14:02.279-0400][gc,mmu      ] GC(343) MMU target violated: 21.0ms (20.0ms/21.0ms)
[2023-04-17T06:14:02.280-0400][gc,phases   ] GC(343)   Pre Evacuate Collection Set: 0.9ms
[2023-04-17T06:14:02.280-0400][gc,phases   ] GC(343)   Merge Heap Roots: 1.1ms
[2023-04-17T06:14:02.280-0400][gc,phases   ] GC(343)   Evacuate Collection Set: 41.5ms
[2023-04-17T06:14:02.280-0400][gc,phases   ] GC(343)   Post Evacuate Collection Set: 1.7ms
[2023-04-17T06:14:02.280-0400][gc,phases   ] GC(343)   Other: 0.9ms
[2023-04-17T06:14:02.280-0400][gc,heap     ] GC(343) Eden regions: 47->0(46)
[2023-04-17T06:14:02.280-0400][gc,heap     ] GC(343) Survivor regions: 4->5(7)
[2023-04-17T06:14:02.280-0400][gc,heap     ] GC(343) Old regions: 108->109
[2023-04-17T06:14:02.280-0400][gc,heap     ] GC(343) Archive regions: 2->2
[2023-04-17T06:14:02.280-0400][gc,heap     ] GC(343) Humongous regions: 129->129
[2023-04-17T06:14:02.281-0400][gc,metaspace] GC(343) Metaspace: 44147K(44928K)->44147K(44928K) NonClass: 39052K(39488K)->39052K(39488K) Class: 5095K(5440K)->5095K(5440K)
[2023-04-17T06:14:02.281-0400][gc          ] GC(343) Pause Young (Normal) (G1 Evacuation Pause) 288M->242M(1024M) 48.096ms
[2023-04-17T06:14:02.281-0400][gc,cpu      ] GC(343) User=0.22s Sys=0.04s Real=0.05s
[2023-04-17T06:14:42.226-0400][gc,start    ] GC(344) Pause Young (Normal) (G1 Evacuation Pause)
[2023-04-17T06:14:42.227-0400][gc,task     ] GC(344) Using 8 workers of 8 for evacuation
[2023-04-17T06:14:42.275-0400][gc,mmu      ] GC(344) MMU target violated: 21.0ms (20.0ms/21.0ms)
[2023-04-17T06:14:42.276-0400][gc,phases   ] GC(344)   Pre Evacuate Collection Set: 0.6ms
[2023-04-17T06:14:42.276-0400][gc,phases   ] GC(344)   Merge Heap Roots: 0.6ms
[2023-04-17T06:14:42.276-0400][gc,phases   ] GC(344)   Evacuate Collection Set: 44.9ms
[2023-04-17T06:14:42.276-0400][gc,phases   ] GC(344)   Post Evacuate Collection Set: 1.9ms
[2023-04-17T06:14:42.276-0400][gc,phases   ] GC(344)   Other: 0.9ms
[2023-04-17T06:14:42.276-0400][gc,heap     ] GC(344) Eden regions: 46->0(46)
[2023-04-17T06:14:42.276-0400][gc,heap     ] GC(344) Survivor regions: 5->5(7)
[2023-04-17T06:14:42.276-0400][gc,heap     ] GC(344) Old regions: 109->110
[2023-04-17T06:14:42.276-0400][gc,heap     ] GC(344) Archive regions: 2->2
[2023-04-17T06:14:42.277-0400][gc,heap     ] GC(344) Humongous regions: 129->129
[2023-04-17T06:14:42.277-0400][gc,metaspace] GC(344) Metaspace: 44147K(44928K)->44147K(44928K) NonClass: 39052K(39488K)->39052K(39488K) Class: 5095K(5440K)->5095K(5440K)
[2023-04-17T06:14:42.277-0400][gc          ] GC(344) Pause Young (Normal) (G1 Evacuation Pause) 288M->243M(1024M) 51.142ms
[2023-04-17T06:14:42.277-0400][gc,cpu      ] GC(344) User=0.22s Sys=0.04s Real=0.05s
[2023-04-17T06:15:21.177-0400][gc,start    ] GC(345) Pause Young (Normal) (G1 Evacuation Pause)
[2023-04-17T06:15:21.179-0400][gc,task     ] GC(345) Using 8 workers of 8 for evacuation
[2023-04-17T06:15:21.223-0400][gc,mmu      ] GC(345) MMU target violated: 21.0ms (20.0ms/21.0ms)
[2023-04-17T06:15:21.223-0400][gc,phases   ] GC(345)   Pre Evacuate Collection Set: 1.3ms
[2023-04-17T06:15:21.224-0400][gc,phases   ] GC(345)   Merge Heap Roots: 0.9ms
[2023-04-17T06:15:21.224-0400][gc,phases   ] GC(345)   Evacuate Collection Set: 39.7ms
[2023-04-17T06:15:21.224-0400][gc,phases   ] GC(345)   Post Evacuate Collection Set: 1.9ms
[2023-04-17T06:15:21.224-0400][gc,phases   ] GC(345)   Other: 1.3ms
[2023-04-17T06:15:21.224-0400][gc,heap     ] GC(345) Eden regions: 46->0(46)
[2023-04-17T06:15:21.224-0400][gc,heap     ] GC(345) Survivor regions: 5->5(7)
[2023-04-17T06:15:21.224-0400][gc,heap     ] GC(345) Old regions: 110->111
[2023-04-17T06:15:21.224-0400][gc,heap     ] GC(345) Archive regions: 2->2
[2023-04-17T06:15:21.224-0400][gc,heap     ] GC(345) Humongous regions: 129->129
[2023-04-17T06:15:21.224-0400][gc,metaspace] GC(345) Metaspace: 44147K(44928K)->44147K(44928K) NonClass: 39052K(39488K)->39052K(39488K) Class: 5095K(5440K)->5095K(5440K)
[2023-04-17T06:15:21.225-0400][gc          ] GC(345) Pause Young (Normal) (G1 Evacuation Pause) 289M->244M(1024M) 47.193ms
[2023-04-17T06:15:21.225-0400][gc,cpu      ] GC(345) User=0.22s Sys=0.06s Real=0.05s
[2023-04-17T06:15:58.976-0400][gc,start    ] GC(346) Pause Young (Normal) (G1 Evacuation Pause)
[2023-04-17T06:15:58.977-0400][gc,task     ] GC(346) Using 8 workers of 8 for evacuation
[2023-04-17T06:15:59.030-0400][gc,mmu      ] GC(346) MMU target violated: 21.0ms (20.0ms/21.0ms)
[2023-04-17T06:15:59.030-0400][gc,phases   ] GC(346)   Pre Evacuate Collection Set: 0.7ms
[2023-04-17T06:15:59.031-0400][gc,phases   ] GC(346)   Merge Heap Roots: 0.6ms
[2023-04-17T06:15:59.031-0400][gc,phases   ] GC(346)   Evacuate Collection Set: 49.3ms
[2023-04-17T06:15:59.031-0400][gc,phases   ] GC(346)   Post Evacuate Collection Set: 2.0ms
[2023-04-17T06:15:59.031-0400][gc,phases   ] GC(346)   Other: 1.0ms
[2023-04-17T06:15:59.031-0400][gc,heap     ] GC(346) Eden regions: 46->0(46)
[2023-04-17T06:15:59.031-0400][gc,heap     ] GC(346) Survivor regions: 5->5(7)
[2023-04-17T06:15:59.031-0400][gc,heap     ] GC(346) Old regions: 111->112
[2023-04-17T06:15:59.031-0400][gc,heap     ] GC(346) Archive regions: 2->2
[2023-04-17T06:15:59.031-0400][gc,heap     ] GC(346) Humongous regions: 129->129
[2023-04-17T06:15:59.031-0400][gc,metaspace] GC(346) Metaspace: 44147K(44928K)->44147K(44928K) NonClass: 39052K(39488K)->39052K(39488K) Class: 5095K(5440K)->5095K(5440K)
[2023-04-17T06:15:59.032-0400][gc          ] GC(346) Pause Young (Normal) (G1 Evacuation Pause) 290M->245M(1024M) 55.631ms
[2023-04-17T06:15:59.032-0400][gc,cpu      ] GC(346) User=0.22s Sys=0.05s Real=0.06s
[2023-04-17T06:16:37.475-0400][gc,start    ] GC(347) Pause Young (Normal) (G1 Evacuation Pause)
[2023-04-17T06:16:37.476-0400][gc,task     ] GC(347) Using 8 workers of 8 for evacuation
[2023-04-17T06:16:37.528-0400][gc,mmu      ] GC(347) MMU target violated: 21.0ms (20.0ms/21.0ms)
[2023-04-17T06:16:37.528-0400][gc,phases   ] GC(347)   Pre Evacuate Collection Set: 0.6ms
[2023-04-17T06:16:37.528-0400][gc,phases   ] GC(347)   Merge Heap Roots: 0.7ms
[2023-04-17T06:16:37.529-0400][gc,phases   ] GC(347)   Evacuate Collection Set: 47.3ms
[2023-04-17T06:16:37.529-0400][gc,phases   ] GC(347)   Post Evacuate Collection Set: 2.5ms
[2023-04-17T06:16:37.529-0400][gc,phases   ] GC(347)   Other: 1.0ms
[2023-04-17T06:16:37.529-0400][gc,heap     ] GC(347) Eden regions: 46->0(46)
[2023-04-17T06:16:37.529-0400][gc,heap     ] GC(347) Survivor regions: 5->5(7)
[2023-04-17T06:16:37.529-0400][gc,heap     ] GC(347) Old regions: 112->113
[2023-04-17T06:16:37.529-0400][gc,heap     ] GC(347) Archive regions: 2->2
[2023-04-17T06:16:37.529-0400][gc,heap     ] GC(347) Humongous regions: 129->129
[2023-04-17T06:16:37.529-0400][gc,metaspace] GC(347) Metaspace: 44147K(44928K)->44147K(44928K) NonClass: 39052K(39488K)->39052K(39488K) Class: 5095K(5440K)->5095K(5440K)
[2023-04-17T06:16:37.530-0400][gc          ] GC(347) Pause Young (Normal) (G1 Evacuation Pause) 291M->246M(1024M) 54.632ms
[2023-04-17T06:16:37.530-0400][gc,cpu      ] GC(347) User=0.23s Sys=0.06s Real=0.06s
[2023-04-17T06:17:16.200-0400][gc,start    ] GC(348) Pause Young (Normal) (G1 Evacuation Pause)
[2023-04-17T06:17:16.202-0400][gc,task     ] GC(348) Using 8 workers of 8 for evacuation
[2023-04-17T06:17:16.252-0400][gc,mmu      ] GC(348) MMU target violated: 21.0ms (20.0ms/21.0ms)
[2023-04-17T06:17:16.252-0400][gc,phases   ] GC(348)   Pre Evacuate Collection Set: 0.5ms
[2023-04-17T06:17:16.253-0400][gc,phases   ] GC(348)   Merge Heap Roots: 0.5ms
[2023-04-17T06:17:16.253-0400][gc,phases   ] GC(348)   Evacuate Collection Set: 46.5ms
[2023-04-17T06:17:16.253-0400][gc,phases   ] GC(348)   Post Evacuate Collection Set: 2.2ms
[2023-04-17T06:17:16.254-0400][gc,phases   ] GC(348)   Other: 0.9ms
[2023-04-17T06:17:16.254-0400][gc,heap     ] GC(348) Eden regions: 46->0(46)
[2023-04-17T06:17:16.254-0400][gc,heap     ] GC(348) Survivor regions: 5->5(7)
[2023-04-17T06:17:16.254-0400][gc,heap     ] GC(348) Old regions: 113->114
[2023-04-17T06:17:16.254-0400][gc,heap     ] GC(348) Archive regions: 2->2
[2023-04-17T06:17:16.254-0400][gc,heap     ] GC(348) Humongous regions: 129->129
[2023-04-17T06:17:16.254-0400][gc,metaspace] GC(348) Metaspace: 44147K(44928K)->44147K(44928K) NonClass: 39052K(39488K)->39052K(39488K) Class: 5095K(5440K)->5095K(5440K)
[2023-04-17T06:17:16.255-0400][gc          ] GC(348) Pause Young (Normal) (G1 Evacuation Pause) 292M->247M(1024M) 54.281ms
[2023-04-17T06:17:16.255-0400][gc,cpu      ] GC(348) User=0.23s Sys=0.05s Real=0.05s
[2023-04-17T06:32:18.673-0400][gc,start    ] GC(349) Pause Young (Normal) (G1 Evacuation Pause)
[2023-04-17T06:32:18.673-0400][gc,task     ] GC(349) Using 8 workers of 8 for evacuation
[2023-04-17T06:32:18.685-0400][gc,phases   ] GC(349)   Pre Evacuate Collection Set: 0.1ms
[2023-04-17T06:32:18.685-0400][gc,phases   ] GC(349)   Merge Heap Roots: 0.1ms
[2023-04-17T06:32:18.685-0400][gc,phases   ] GC(349)   Evacuate Collection Set: 10.7ms
[2023-04-17T06:32:18.685-0400][gc,phases   ] GC(349)   Post Evacuate Collection Set: 0.5ms
[2023-04-17T06:32:18.685-0400][gc,phases   ] GC(349)   Other: 0.2ms
[2023-04-17T06:32:18.685-0400][gc,heap     ] GC(349) Eden regions: 46->0(44)
[2023-04-17T06:32:18.685-0400][gc,heap     ] GC(349) Survivor regions: 5->7(7)
[2023-04-17T06:32:18.685-0400][gc,heap     ] GC(349) Old regions: 114->115
[2023-04-17T06:32:18.685-0400][gc,heap     ] GC(349) Archive regions: 2->2
[2023-04-17T06:32:18.685-0400][gc,heap     ] GC(349) Humongous regions: 129->129
[2023-04-17T06:32:18.685-0400][gc,metaspace] GC(349) Metaspace: 44147K(44928K)->44147K(44928K) NonClass: 39052K(39488K)->39052K(39488K) Class: 5095K(5440K)->5095K(5440K)
[2023-04-17T06:32:18.685-0400][gc          ] GC(349) Pause Young (Normal) (G1 Evacuation Pause) 293M->250M(1024M) 12.211ms
[2023-04-17T06:32:18.685-0400][gc,cpu      ] GC(349) User=0.06s Sys=0.01s Real=0.01s
[2023-04-17T06:32:44.346-0400][gc,start    ] GC(350) Pause Young (Normal) (G1 Evacuation Pause)
[2023-04-17T06:32:44.346-0400][gc,task     ] GC(350) Using 8 workers of 8 for evacuation
[2023-04-17T06:32:44.361-0400][gc,phases   ] GC(350)   Pre Evacuate Collection Set: 0.2ms
[2023-04-17T06:32:44.361-0400][gc,phases   ] GC(350)   Merge Heap Roots: 0.2ms
[2023-04-17T06:32:44.361-0400][gc,phases   ] GC(350)   Evacuate Collection Set: 13.5ms
[2023-04-17T06:32:44.361-0400][gc,phases   ] GC(350)   Post Evacuate Collection Set: 0.4ms
[2023-04-17T06:32:44.361-0400][gc,phases   ] GC(350)   Other: 0.2ms
[2023-04-17T06:32:44.361-0400][gc,heap     ] GC(350) Eden regions: 44->0(46)
[2023-04-17T06:32:44.361-0400][gc,heap     ] GC(350) Survivor regions: 7->5(7)
[2023-04-17T06:32:44.361-0400][gc,heap     ] GC(350) Old regions: 115->118
[2023-04-17T06:32:44.361-0400][gc,heap     ] GC(350) Archive regions: 2->2
[2023-04-17T06:32:44.361-0400][gc,heap     ] GC(350) Humongous regions: 129->129
[2023-04-17T06:32:44.361-0400][gc,metaspace] GC(350) Metaspace: 44147K(44928K)->44147K(44928K) NonClass: 39052K(39488K)->39052K(39488K) Class: 5095K(5440K)->5095K(5440K)
[2023-04-17T06:32:44.361-0400][gc          ] GC(350) Pause Young (Normal) (G1 Evacuation Pause) 294M->252M(1024M) 14.821ms
[2023-04-17T06:32:44.361-0400][gc,cpu      ] GC(350) User=0.06s Sys=0.03s Real=0.02s
[2023-04-17T06:33:11.318-0400][gc,start    ] GC(351) Pause Young (Normal) (G1 Evacuation Pause)
[2023-04-17T06:33:11.318-0400][gc,task     ] GC(351) Using 8 workers of 8 for evacuation
[2023-04-17T06:33:11.330-0400][gc,phases   ] GC(351)   Pre Evacuate Collection Set: 0.1ms
[2023-04-17T06:33:11.330-0400][gc,phases   ] GC(351)   Merge Heap Roots: 0.1ms
[2023-04-17T06:33:11.330-0400][gc,phases   ] GC(351)   Evacuate Collection Set: 10.4ms
[2023-04-17T06:33:11.330-0400][gc,phases   ] GC(351)   Post Evacuate Collection Set: 0.3ms
[2023-04-17T06:33:11.330-0400][gc,phases   ] GC(351)   Other: 0.6ms
[2023-04-17T06:33:11.330-0400][gc,heap     ] GC(351) Eden regions: 46->0(48)
[2023-04-17T06:33:11.330-0400][gc,heap     ] GC(351) Survivor regions: 5->3(7)
[2023-04-17T06:33:11.330-0400][gc,heap     ] GC(351) Old regions: 118->121
[2023-04-17T06:33:11.330-0400][gc,heap     ] GC(351) Archive regions: 2->2
[2023-04-17T06:33:11.330-0400][gc,heap     ] GC(351) Humongous regions: 129->129
[2023-04-17T06:33:11.330-0400][gc,metaspace] GC(351) Metaspace: 44147K(44928K)->44147K(44928K) NonClass: 39052K(39488K)->39052K(39488K) Class: 5095K(5440K)->5095K(5440K)
[2023-04-17T06:33:11.330-0400][gc          ] GC(351) Pause Young (Normal) (G1 Evacuation Pause) 298M->253M(1024M) 11.874ms
[2023-04-17T06:33:11.330-0400][gc,cpu      ] GC(351) User=0.04s Sys=0.02s Real=0.02s
[2023-04-17T06:33:39.560-0400][gc,start    ] GC(352) Pause Young (Normal) (G1 Evacuation Pause)
[2023-04-17T06:33:39.560-0400][gc,task     ] GC(352) Using 8 workers of 8 for evacuation
[2023-04-17T06:33:39.565-0400][gc,phases   ] GC(352)   Pre Evacuate Collection Set: 0.1ms
[2023-04-17T06:33:39.565-0400][gc,phases   ] GC(352)   Merge Heap Roots: 0.1ms
[2023-04-17T06:33:39.565-0400][gc,phases   ] GC(352)   Evacuate Collection Set: 3.7ms
[2023-04-17T06:33:39.565-0400][gc,phases   ] GC(352)   Post Evacuate Collection Set: 0.4ms
[2023-04-17T06:33:39.565-0400][gc,phases   ] GC(352)   Other: 0.1ms
[2023-04-17T06:33:39.565-0400][gc,heap     ] GC(352) Eden regions: 48->0(47)
[2023-04-17T06:33:39.565-0400][gc,heap     ] GC(352) Survivor regions: 3->4(7)
[2023-04-17T06:33:39.565-0400][gc,heap     ] GC(352) Old regions: 121->121
[2023-04-17T06:33:39.565-0400][gc,heap     ] GC(352) Archive regions: 2->2
[2023-04-17T06:33:39.565-0400][gc,heap     ] GC(352) Humongous regions: 129->129
[2023-04-17T06:33:39.565-0400][gc,metaspace] GC(352) Metaspace: 44147K(44928K)->44147K(44928K) NonClass: 39052K(39488K)->39052K(39488K) Class: 5095K(5440K)->5095K(5440K)
[2023-04-17T06:33:39.565-0400][gc          ] GC(352) Pause Young (Normal) (G1 Evacuation Pause) 301M->254M(1024M) 4.711ms
[2023-04-17T06:33:39.565-0400][gc,cpu      ] GC(352) User=0.03s Sys=0.00s Real=0.00s
[2023-04-17T06:34:07.115-0400][gc,start    ] GC(353) Pause Young (Normal) (G1 Evacuation Pause)
[2023-04-17T06:34:07.115-0400][gc,task     ] GC(353) Using 8 workers of 8 for evacuation
[2023-04-17T06:34:07.125-0400][gc,phases   ] GC(353)   Pre Evacuate Collection Set: 0.2ms
[2023-04-17T06:34:07.125-0400][gc,phases   ] GC(353)   Merge Heap Roots: 0.1ms
[2023-04-17T06:34:07.125-0400][gc,phases   ] GC(353)   Evacuate Collection Set: 8.7ms
[2023-04-17T06:34:07.125-0400][gc,phases   ] GC(353)   Post Evacuate Collection Set: 0.4ms
[2023-04-17T06:34:07.125-0400][gc,phases   ] GC(353)   Other: 0.1ms
[2023-04-17T06:34:07.125-0400][gc,heap     ] GC(353) Eden regions: 47->0(56)
[2023-04-17T06:34:07.125-0400][gc,heap     ] GC(353) Survivor regions: 4->4(7)
[2023-04-17T06:34:07.125-0400][gc,heap     ] GC(353) Old regions: 121->123
[2023-04-17T06:34:07.125-0400][gc,heap     ] GC(353) Archive regions: 2->2
[2023-04-17T06:34:07.125-0400][gc,heap     ] GC(353) Humongous regions: 129->129
[2023-04-17T06:34:07.125-0400][gc,metaspace] GC(353) Metaspace: 44147K(44928K)->44147K(44928K) NonClass: 39052K(39488K)->39052K(39488K) Class: 5095K(5440K)->5095K(5440K)
[2023-04-17T06:34:07.125-0400][gc          ] GC(353) Pause Young (Normal) (G1 Evacuation Pause) 301M->255M(1024M) 9.868ms
[2023-04-17T06:34:07.125-0400][gc,cpu      ] GC(353) User=0.04s Sys=0.02s Real=0.01s
[2023-04-17T06:34:40.072-0400][gc,start    ] GC(354) Pause Young (Normal) (G1 Evacuation Pause)
[2023-04-17T06:34:40.072-0400][gc,task     ] GC(354) Using 8 workers of 8 for evacuation
[2023-04-17T06:34:40.080-0400][gc,phases   ] GC(354)   Pre Evacuate Collection Set: 0.2ms
[2023-04-17T06:34:40.080-0400][gc,phases   ] GC(354)   Merge Heap Roots: 0.2ms
[2023-04-17T06:34:40.080-0400][gc,phases   ] GC(354)   Evacuate Collection Set: 6.2ms
[2023-04-17T06:34:40.080-0400][gc,phases   ] GC(354)   Post Evacuate Collection Set: 0.5ms
[2023-04-17T06:34:40.080-0400][gc,phases   ] GC(354)   Other: 0.2ms
[2023-04-17T06:34:40.080-0400][gc,heap     ] GC(354) Eden regions: 56->0(93)
[2023-04-17T06:34:40.080-0400][gc,heap     ] GC(354) Survivor regions: 4->4(8)
[2023-04-17T06:34:40.080-0400][gc,heap     ] GC(354) Old regions: 123->123
[2023-04-17T06:34:40.080-0400][gc,heap     ] GC(354) Archive regions: 2->2
[2023-04-17T06:34:40.080-0400][gc,heap     ] GC(354) Humongous regions: 129->129
[2023-04-17T06:34:40.080-0400][gc,metaspace] GC(354) Metaspace: 44147K(44928K)->44147K(44928K) NonClass: 39052K(39488K)->39052K(39488K) Class: 5095K(5440K)->5095K(5440K)
[2023-04-17T06:34:40.080-0400][gc          ] GC(354) Pause Young (Normal) (G1 Evacuation Pause) 311M->256M(1024M) 7.587ms
[2023-04-17T06:34:40.080-0400][gc,cpu      ] GC(354) User=0.04s Sys=0.00s Real=0.01s
[2023-04-17T06:35:34.004-0400][gc,start    ] GC(355) Pause Young (Normal) (G1 Evacuation Pause)
[2023-04-17T06:35:34.004-0400][gc,task     ] GC(355) Using 8 workers of 8 for evacuation
[2023-04-17T06:35:34.010-0400][gc,phases   ] GC(355)   Pre Evacuate Collection Set: 0.1ms
[2023-04-17T06:35:34.010-0400][gc,phases   ] GC(355)   Merge Heap Roots: 0.1ms
[2023-04-17T06:35:34.010-0400][gc,phases   ] GC(355)   Evacuate Collection Set: 5.1ms
[2023-04-17T06:35:34.010-0400][gc,phases   ] GC(355)   Post Evacuate Collection Set: 0.2ms
[2023-04-17T06:35:34.010-0400][gc,phases   ] GC(355)   Other: 0.1ms
[2023-04-17T06:35:34.010-0400][gc,heap     ] GC(355) Eden regions: 93->0(71)
[2023-04-17T06:35:34.010-0400][gc,heap     ] GC(355) Survivor regions: 4->6(13)
[2023-04-17T06:35:34.010-0400][gc,heap     ] GC(355) Old regions: 123->123
[2023-04-17T06:35:34.010-0400][gc,heap     ] GC(355) Archive regions: 2->2
[2023-04-17T06:35:34.010-0400][gc,heap     ] GC(355) Humongous regions: 129->129
[2023-04-17T06:35:34.010-0400][gc,metaspace] GC(355) Metaspace: 44147K(44928K)->44147K(44928K) NonClass: 39052K(39488K)->39052K(39488K) Class: 5095K(5440K)->5095K(5440K)
[2023-04-17T06:35:34.010-0400][gc          ] GC(355) Pause Young (Normal) (G1 Evacuation Pause) 349M->257M(1024M) 5.725ms
[2023-04-17T06:35:34.010-0400][gc,cpu      ] GC(355) User=0.02s Sys=0.01s Real=0.01s
[2023-04-17T06:36:15.290-0400][gc,start    ] GC(356) Pause Young (Normal) (G1 Evacuation Pause)
[2023-04-17T06:36:15.290-0400][gc,task     ] GC(356) Using 8 workers of 8 for evacuation
[2023-04-17T06:36:15.301-0400][gc,phases   ] GC(356)   Pre Evacuate Collection Set: 0.1ms
[2023-04-17T06:36:15.301-0400][gc,phases   ] GC(356)   Merge Heap Roots: 0.1ms
[2023-04-17T06:36:15.301-0400][gc,phases   ] GC(356)   Evacuate Collection Set: 10.1ms
[2023-04-17T06:36:15.301-0400][gc,phases   ] GC(356)   Post Evacuate Collection Set: 0.2ms
[2023-04-17T06:36:15.301-0400][gc,phases   ] GC(356)   Other: 0.1ms
[2023-04-17T06:36:15.301-0400][gc,heap     ] GC(356) Eden regions: 71->0(120)
[2023-04-17T06:36:15.301-0400][gc,heap     ] GC(356) Survivor regions: 6->6(10)
[2023-04-17T06:36:15.301-0400][gc,heap     ] GC(356) Old regions: 123->124
[2023-04-17T06:36:15.301-0400][gc,heap     ] GC(356) Archive regions: 2->2
[2023-04-17T06:36:15.301-0400][gc,heap     ] GC(356) Humongous regions: 129->129
[2023-04-17T06:36:15.301-0400][gc,metaspace] GC(356) Metaspace: 44147K(44928K)->44147K(44928K) NonClass: 39052K(39488K)->39052K(39488K) Class: 5095K(5440K)->5095K(5440K)
[2023-04-17T06:36:15.301-0400][gc          ] GC(356) Pause Young (Normal) (G1 Evacuation Pause) 328M->258M(1024M) 10.741ms
[2023-04-17T06:36:15.301-0400][gc,cpu      ] GC(356) User=0.03s Sys=0.01s Real=0.01s
[2023-04-17T06:37:20.500-0400][gc,start    ] GC(357) Pause Young (Normal) (G1 Evacuation Pause)
[2023-04-17T06:37:20.500-0400][gc,task     ] GC(357) Using 8 workers of 8 for evacuation
[2023-04-17T06:37:20.513-0400][gc,phases   ] GC(357)   Pre Evacuate Collection Set: 1.1ms
[2023-04-17T06:37:20.513-0400][gc,phases   ] GC(357)   Merge Heap Roots: 0.2ms
[2023-04-17T06:37:20.513-0400][gc,phases   ] GC(357)   Evacuate Collection Set: 11.4ms
[2023-04-17T06:37:20.513-0400][gc,phases   ] GC(357)   Post Evacuate Collection Set: 0.5ms
[2023-04-17T06:37:20.513-0400][gc,phases   ] GC(357)   Other: 0.2ms
[2023-04-17T06:37:20.513-0400][gc,heap     ] GC(357) Eden regions: 103->0(88)
[2023-04-17T06:37:20.513-0400][gc,heap     ] GC(357) Survivor regions: 6->7(14)
[2023-04-17T06:37:20.513-0400][gc,heap     ] GC(357) Old regions: 124->124
[2023-04-17T06:37:20.513-0400][gc,heap     ] GC(357) Archive regions: 2->2
[2023-04-17T06:37:20.513-0400][gc,heap     ] GC(357) Humongous regions: 129->129
[2023-04-17T06:37:20.513-0400][gc,metaspace] GC(357) Metaspace: 44147K(44928K)->44147K(44928K) NonClass: 39052K(39488K)->39052K(39488K) Class: 5095K(5440K)->5095K(5440K)
[2023-04-17T06:37:20.513-0400][gc          ] GC(357) Pause Young (Normal) (G1 Evacuation Pause) 361M->260M(1024M) 13.808ms
[2023-04-17T06:37:20.513-0400][gc,cpu      ] GC(357) User=0.05s Sys=0.02s Real=0.01s
[2023-04-17T06:38:17.084-0400][gc,start    ] GC(358) Pause Young (Normal) (G1 Evacuation Pause)
[2023-04-17T06:38:17.084-0400][gc,task     ] GC(358) Using 8 workers of 8 for evacuation
[2023-04-17T06:38:17.097-0400][gc,phases   ] GC(358)   Pre Evacuate Collection Set: 0.2ms
[2023-04-17T06:38:17.097-0400][gc,phases   ] GC(358)   Merge Heap Roots: 0.1ms
[2023-04-17T06:38:17.097-0400][gc,phases   ] GC(358)   Evacuate Collection Set: 12.4ms
[2023-04-17T06:38:17.097-0400][gc,phases   ] GC(358)   Post Evacuate Collection Set: 0.3ms
[2023-04-17T06:38:17.097-0400][gc,phases   ] GC(358)   Other: 0.1ms
[2023-04-17T06:38:17.098-0400][gc,heap     ] GC(358) Eden regions: 88->0(90)
[2023-04-17T06:38:17.098-0400][gc,heap     ] GC(358) Survivor regions: 7->8(12)
[2023-04-17T06:38:17.098-0400][gc,heap     ] GC(358) Old regions: 124->125
[2023-04-17T06:38:17.098-0400][gc,heap     ] GC(358) Archive regions: 2->2
[2023-04-17T06:38:17.098-0400][gc,heap     ] GC(358) Humongous regions: 129->129
[2023-04-17T06:38:17.098-0400][gc,metaspace] GC(358) Metaspace: 44147K(44928K)->44147K(44928K) NonClass: 39052K(39488K)->39052K(39488K) Class: 5095K(5440K)->5095K(5440K)
[2023-04-17T06:38:17.098-0400][gc          ] GC(358) Pause Young (Normal) (G1 Evacuation Pause) 348M->261M(1024M) 13.354ms
[2023-04-17T06:38:17.098-0400][gc,cpu      ] GC(358) User=0.05s Sys=0.02s Real=0.01s
[2023-04-17T06:38:58.720-0400][gc,start    ] GC(359) Pause Young (Normal) (G1 Evacuation Pause)
[2023-04-17T06:38:58.721-0400][gc,task     ] GC(359) Using 8 workers of 8 for evacuation
[2023-04-17T06:38:58.739-0400][gc,phases   ] GC(359)   Pre Evacuate Collection Set: 0.2ms
[2023-04-17T06:38:58.739-0400][gc,phases   ] GC(359)   Merge Heap Roots: 0.2ms
[2023-04-17T06:38:58.739-0400][gc,phases   ] GC(359)   Evacuate Collection Set: 17.1ms
[2023-04-17T06:38:58.739-0400][gc,phases   ] GC(359)   Post Evacuate Collection Set: 0.3ms
[2023-04-17T06:38:58.739-0400][gc,phases   ] GC(359)   Other: 0.2ms
[2023-04-17T06:38:58.739-0400][gc,heap     ] GC(359) Eden regions: 65->0(166)
[2023-04-17T06:38:58.739-0400][gc,heap     ] GC(359) Survivor regions: 8->6(10)
[2023-04-17T06:38:58.739-0400][gc,heap     ] GC(359) Old regions: 125->128
[2023-04-17T06:38:58.739-0400][gc,heap     ] GC(359) Archive regions: 2->2
[2023-04-17T06:38:58.739-0400][gc,heap     ] GC(359) Humongous regions: 129->129
[2023-04-17T06:38:58.739-0400][gc,metaspace] GC(359) Metaspace: 44147K(44928K)->44147K(44928K) NonClass: 39052K(39488K)->39052K(39488K) Class: 5095K(5440K)->5095K(5440K)
[2023-04-17T06:38:58.739-0400][gc          ] GC(359) Pause Young (Normal) (G1 Evacuation Pause) 326M->263M(1024M) 18.346ms
[2023-04-17T06:38:58.739-0400][gc,cpu      ] GC(359) User=0.06s Sys=0.03s Real=0.01s
[2023-04-17T06:40:46.123-0400][gc,start    ] GC(360) Pause Young (Normal) (G1 Evacuation Pause)
[2023-04-17T06:40:46.123-0400][gc,task     ] GC(360) Using 8 workers of 8 for evacuation
[2023-04-17T06:40:46.137-0400][gc,phases   ] GC(360)   Pre Evacuate Collection Set: 0.3ms
[2023-04-17T06:40:46.137-0400][gc,phases   ] GC(360)   Merge Heap Roots: 0.3ms
[2023-04-17T06:40:46.137-0400][gc,phases   ] GC(360)   Evacuate Collection Set: 12.5ms
[2023-04-17T06:40:46.137-0400][gc,phases   ] GC(360)   Post Evacuate Collection Set: 0.5ms
[2023-04-17T06:40:46.137-0400][gc,phases   ] GC(360)   Other: 0.2ms
[2023-04-17T06:40:46.137-0400][gc,heap     ] GC(360) Eden regions: 166->0(83)
[2023-04-17T06:40:46.137-0400][gc,heap     ] GC(360) Survivor regions: 6->9(22)
[2023-04-17T06:40:46.137-0400][gc,heap     ] GC(360) Old regions: 128->128
[2023-04-17T06:40:46.137-0400][gc,heap     ] GC(360) Archive regions: 2->2
[2023-04-17T06:40:46.137-0400][gc,heap     ] GC(360) Humongous regions: 129->129
[2023-04-17T06:40:46.137-0400][gc,metaspace] GC(360) Metaspace: 44147K(44928K)->44147K(44928K) NonClass: 39052K(39488K)->39052K(39488K) Class: 5095K(5440K)->5095K(5440K)
[2023-04-17T06:40:46.137-0400][gc          ] GC(360) Pause Young (Normal) (G1 Evacuation Pause) 429M->265M(1024M) 14.013ms
[2023-04-17T06:40:46.137-0400][gc,cpu      ] GC(360) User=0.07s Sys=0.02s Real=0.01s
[2023-04-17T06:41:39.488-0400][gc,start    ] GC(361) Pause Young (Normal) (G1 Evacuation Pause)
[2023-04-17T06:41:39.489-0400][gc,task     ] GC(361) Using 8 workers of 8 for evacuation
[2023-04-17T06:41:39.505-0400][gc,phases   ] GC(361)   Pre Evacuate Collection Set: 0.2ms
[2023-04-17T06:41:39.505-0400][gc,phases   ] GC(361)   Merge Heap Roots: 0.2ms
[2023-04-17T06:41:39.505-0400][gc,phases   ] GC(361)   Evacuate Collection Set: 15.8ms
[2023-04-17T06:41:39.505-0400][gc,phases   ] GC(361)   Post Evacuate Collection Set: 0.3ms
[2023-04-17T06:41:39.505-0400][gc,phases   ] GC(361)   Other: 0.1ms
[2023-04-17T06:41:39.505-0400][gc,heap     ] GC(361) Eden regions: 83->0(152)
[2023-04-17T06:41:39.505-0400][gc,heap     ] GC(361) Survivor regions: 9->8(12)
[2023-04-17T06:41:39.505-0400][gc,heap     ] GC(361) Old regions: 128->130
[2023-04-17T06:41:39.505-0400][gc,heap     ] GC(361) Archive regions: 2->2
[2023-04-17T06:41:39.505-0400][gc,heap     ] GC(361) Humongous regions: 129->129
[2023-04-17T06:41:39.505-0400][gc,metaspace] GC(361) Metaspace: 44147K(44928K)->44147K(44928K) NonClass: 39052K(39488K)->39052K(39488K) Class: 5095K(5440K)->5095K(5440K)
[2023-04-17T06:41:39.505-0400][gc          ] GC(361) Pause Young (Normal) (G1 Evacuation Pause) 348M->267M(1024M) 16.814ms
[2023-04-17T06:41:39.505-0400][gc,cpu      ] GC(361) User=0.06s Sys=0.03s Real=0.02s
[2023-04-17T06:43:17.478-0400][gc,start    ] GC(362) Pause Young (Normal) (G1 Evacuation Pause)
[2023-04-17T06:43:17.478-0400][gc,task     ] GC(362) Using 8 workers of 8 for evacuation
[2023-04-17T06:43:17.487-0400][gc,phases   ] GC(362)   Pre Evacuate Collection Set: 0.2ms
[2023-04-17T06:43:17.487-0400][gc,phases   ] GC(362)   Merge Heap Roots: 0.2ms
[2023-04-17T06:43:17.487-0400][gc,phases   ] GC(362)   Evacuate Collection Set: 7.9ms
[2023-04-17T06:43:17.487-0400][gc,phases   ] GC(362)   Post Evacuate Collection Set: 0.4ms
[2023-04-17T06:43:17.487-0400][gc,phases   ] GC(362)   Other: 0.1ms
[2023-04-17T06:43:17.487-0400][gc,heap     ] GC(362) Eden regions: 152->0(134)
[2023-04-17T06:43:17.487-0400][gc,heap     ] GC(362) Survivor regions: 8->10(20)
[2023-04-17T06:43:17.487-0400][gc,heap     ] GC(362) Old regions: 130->130
[2023-04-17T06:43:17.487-0400][gc,heap     ] GC(362) Archive regions: 2->2
[2023-04-17T06:43:17.487-0400][gc,heap     ] GC(362) Humongous regions: 129->129
[2023-04-17T06:43:17.487-0400][gc,metaspace] GC(362) Metaspace: 44147K(44928K)->44147K(44928K) NonClass: 39052K(39488K)->39052K(39488K) Class: 5095K(5440K)->5095K(5440K)
[2023-04-17T06:43:17.487-0400][gc          ] GC(362) Pause Young (Normal) (G1 Evacuation Pause) 419M->269M(1024M) 9.398ms
[2023-04-17T06:43:17.487-0400][gc,cpu      ] GC(362) User=0.06s Sys=0.00s Real=0.01s
[2023-04-17T06:44:44.327-0400][gc,start    ] GC(363) Pause Young (Normal) (G1 Evacuation Pause)
[2023-04-17T06:44:44.327-0400][gc,task     ] GC(363) Using 8 workers of 8 for evacuation
[2023-04-17T06:44:44.338-0400][gc,phases   ] GC(363)   Pre Evacuate Collection Set: 0.2ms
[2023-04-17T06:44:44.338-0400][gc,phases   ] GC(363)   Merge Heap Roots: 0.2ms
[2023-04-17T06:44:44.338-0400][gc,phases   ] GC(363)   Evacuate Collection Set: 9.8ms
[2023-04-17T06:44:44.338-0400][gc,phases   ] GC(363)   Post Evacuate Collection Set: 0.4ms
[2023-04-17T06:44:44.338-0400][gc,phases   ] GC(363)   Other: 0.2ms
[2023-04-17T06:44:44.338-0400][gc,heap     ] GC(363) Eden regions: 134->0(216)
[2023-04-17T06:44:44.338-0400][gc,heap     ] GC(363) Survivor regions: 10->10(18)
[2023-04-17T06:44:44.338-0400][gc,heap     ] GC(363) Old regions: 130->132
[2023-04-17T06:44:44.338-0400][gc,heap     ] GC(363) Archive regions: 2->2
[2023-04-17T06:44:44.338-0400][gc,heap     ] GC(363) Humongous regions: 129->129
[2023-04-17T06:44:44.338-0400][gc,metaspace] GC(363) Metaspace: 44147K(44928K)->44147K(44928K) NonClass: 39052K(39488K)->39052K(39488K) Class: 5095K(5440K)->5095K(5440K)
[2023-04-17T06:44:44.338-0400][gc          ] GC(363) Pause Young (Normal) (G1 Evacuation Pause) 403M->271M(1024M) 11.064ms
[2023-04-17T06:44:44.338-0400][gc,cpu      ] GC(363) User=0.06s Sys=0.01s Real=0.01s
[2023-04-17T06:47:01.120-0400][gc,start    ] GC(364) Pause Young (Normal) (G1 Evacuation Pause)
[2023-04-17T06:47:01.120-0400][gc,task     ] GC(364) Using 8 workers of 8 for evacuation
[2023-04-17T06:47:01.153-0400][gc,mmu      ] GC(364) MMU target violated: 21.0ms (20.0ms/21.0ms)
[2023-04-17T06:47:01.153-0400][gc,phases   ] GC(364)   Pre Evacuate Collection Set: 0.3ms
[2023-04-17T06:47:01.153-0400][gc,phases   ] GC(364)   Merge Heap Roots: 0.2ms
[2023-04-17T06:47:01.153-0400][gc,phases   ] GC(364)   Evacuate Collection Set: 31.9ms
[2023-04-17T06:47:01.153-0400][gc,phases   ] GC(364)   Post Evacuate Collection Set: 0.3ms
[2023-04-17T06:47:01.153-0400][gc,phases   ] GC(364)   Other: 0.2ms
[2023-04-17T06:47:01.153-0400][gc,heap     ] GC(364) Eden regions: 216->0(37)
[2023-04-17T06:47:01.153-0400][gc,heap     ] GC(364) Survivor regions: 10->14(29)
[2023-04-17T06:47:01.153-0400][gc,heap     ] GC(364) Old regions: 132->132
[2023-04-17T06:47:01.153-0400][gc,heap     ] GC(364) Archive regions: 2->2
[2023-04-17T06:47:01.153-0400][gc,heap     ] GC(364) Humongous regions: 129->129
[2023-04-17T06:47:01.153-0400][gc,metaspace] GC(364) Metaspace: 44147K(44928K)->44147K(44928K) NonClass: 39052K(39488K)->39052K(39488K) Class: 5095K(5440K)->5095K(5440K)
[2023-04-17T06:47:01.153-0400][gc          ] GC(364) Pause Young (Normal) (G1 Evacuation Pause) 487M->274M(1024M) 33.081ms
[2023-04-17T06:47:01.153-0400][gc,cpu      ] GC(364) User=0.06s Sys=0.10s Real=0.03s
[2023-04-17T06:47:23.258-0400][gc,start    ] GC(365) Pause Young (Normal) (G1 Evacuation Pause)
[2023-04-17T06:47:23.258-0400][gc,task     ] GC(365) Using 8 workers of 8 for evacuation
[2023-04-17T06:47:23.300-0400][gc,mmu      ] GC(365) MMU target violated: 21.0ms (20.0ms/21.0ms)
[2023-04-17T06:47:23.300-0400][gc,phases   ] GC(365)   Pre Evacuate Collection Set: 0.1ms
[2023-04-17T06:47:23.300-0400][gc,phases   ] GC(365)   Merge Heap Roots: 0.1ms
[2023-04-17T06:47:23.300-0400][gc,phases   ] GC(365)   Evacuate Collection Set: 41.0ms
[2023-04-17T06:47:23.300-0400][gc,phases   ] GC(365)   Post Evacuate Collection Set: 0.2ms
[2023-04-17T06:47:23.300-0400][gc,phases   ] GC(365)   Other: 0.1ms
[2023-04-17T06:47:23.300-0400][gc,heap     ] GC(365) Eden regions: 37->0(333)
[2023-04-17T06:47:23.300-0400][gc,heap     ] GC(365) Survivor regions: 14->2(7)
[2023-04-17T06:47:23.300-0400][gc,heap     ] GC(365) Old regions: 132->144
[2023-04-17T06:47:23.300-0400][gc,heap     ] GC(365) Archive regions: 2->2
[2023-04-17T06:47:23.300-0400][gc,heap     ] GC(365) Humongous regions: 129->129
[2023-04-17T06:47:23.300-0400][gc,metaspace] GC(365) Metaspace: 44147K(44928K)->44147K(44928K) NonClass: 39052K(39488K)->39052K(39488K) Class: 5095K(5440K)->5095K(5440K)
[2023-04-17T06:47:23.300-0400][gc          ] GC(365) Pause Young (Normal) (G1 Evacuation Pause) 311M->275M(1024M) 41.743ms
[2023-04-17T06:47:23.300-0400][gc,cpu      ] GC(365) User=0.05s Sys=0.07s Real=0.05s
[2023-04-17T07:16:56.522-0400][gc,start    ] GC(366) Pause Young (Normal) (G1 Evacuation Pause)
[2023-04-17T07:16:56.522-0400][gc,task     ] GC(366) Using 8 workers of 8 for evacuation
[2023-04-17T07:16:56.530-0400][gc,phases   ] GC(366)   Pre Evacuate Collection Set: 0.3ms
[2023-04-17T07:16:56.530-0400][gc,phases   ] GC(366)   Merge Heap Roots: 0.1ms
[2023-04-17T07:16:56.530-0400][gc,phases   ] GC(366)   Evacuate Collection Set: 6.8ms
[2023-04-17T07:16:56.530-0400][gc,phases   ] GC(366)   Post Evacuate Collection Set: 0.4ms
[2023-04-17T07:16:56.530-0400][gc,phases   ] GC(366)   Other: 0.1ms
[2023-04-17T07:16:56.530-0400][gc,heap     ] GC(366) Eden regions: 333->0(41)
[2023-04-17T07:16:56.530-0400][gc,heap     ] GC(366) Survivor regions: 2->10(42)
[2023-04-17T07:16:56.530-0400][gc,heap     ] GC(366) Old regions: 144->144
[2023-04-17T07:16:56.530-0400][gc,heap     ] GC(366) Archive regions: 2->2
[2023-04-17T07:16:56.530-0400][gc,heap     ] GC(366) Humongous regions: 129->129
[2023-04-17T07:16:56.530-0400][gc,metaspace] GC(366) Metaspace: 44147K(44928K)->44147K(44928K) NonClass: 39052K(39488K)->39052K(39488K) Class: 5095K(5440K)->5095K(5440K)
[2023-04-17T07:16:56.530-0400][gc          ] GC(366) Pause Young (Normal) (G1 Evacuation Pause) 608M->283M(1024M) 8.077ms
[2023-04-17T07:16:56.530-0400][gc,cpu      ] GC(366) User=0.06s Sys=0.00s Real=0.01s
[2023-04-17T07:34:32.881-0400][gc,start    ] GC(367) Pause Young (Normal) (G1 Evacuation Pause)
[2023-04-17T07:34:32.882-0400][gc,task     ] GC(367) Using 8 workers of 8 for evacuation
[2023-04-17T07:34:32.915-0400][gc,mmu      ] GC(367) MMU target violated: 21.0ms (20.0ms/21.0ms)
[2023-04-17T07:34:32.915-0400][gc,phases   ] GC(367)   Pre Evacuate Collection Set: 0.1ms
[2023-04-17T07:34:32.915-0400][gc,phases   ] GC(367)   Merge Heap Roots: 0.1ms
[2023-04-17T07:34:32.915-0400][gc,phases   ] GC(367)   Evacuate Collection Set: 32.5ms
[2023-04-17T07:34:32.915-0400][gc,phases   ] GC(367)   Post Evacuate Collection Set: 0.5ms
[2023-04-17T07:34:32.915-0400][gc,phases   ] GC(367)   Other: 0.2ms
[2023-04-17T07:34:32.915-0400][gc,heap     ] GC(367) Eden regions: 41->0(105)
[2023-04-17T07:34:32.915-0400][gc,heap     ] GC(367) Survivor regions: 10->4(7)
[2023-04-17T07:34:32.915-0400][gc,heap     ] GC(367) Old regions: 144->154
[2023-04-17T07:34:32.915-0400][gc,heap     ] GC(367) Archive regions: 2->2
[2023-04-17T07:34:32.915-0400][gc,heap     ] GC(367) Humongous regions: 129->129
[2023-04-17T07:34:32.915-0400][gc,metaspace] GC(367) Metaspace: 44147K(44928K)->44147K(44928K) NonClass: 39052K(39488K)->39052K(39488K) Class: 5095K(5440K)->5095K(5440K)
[2023-04-17T07:34:32.915-0400][gc          ] GC(367) Pause Young (Normal) (G1 Evacuation Pause) 324M->286M(1024M) 33.743ms
[2023-04-17T07:34:32.915-0400][gc,cpu      ] GC(367) User=0.08s Sys=0.09s Real=0.03s
[2023-04-17T07:35:34.051-0400][gc,start    ] GC(368) Pause Young (Normal) (G1 Evacuation Pause)
[2023-04-17T07:35:34.052-0400][gc,task     ] GC(368) Using 8 workers of 8 for evacuation
[2023-04-17T07:35:34.057-0400][gc,phases   ] GC(368)   Pre Evacuate Collection Set: 0.1ms
[2023-04-17T07:35:34.057-0400][gc,phases   ] GC(368)   Merge Heap Roots: 0.1ms
[2023-04-17T07:35:34.057-0400][gc,phases   ] GC(368)   Evacuate Collection Set: 5.0ms
[2023-04-17T07:35:34.057-0400][gc,phases   ] GC(368)   Post Evacuate Collection Set: 0.3ms
[2023-04-17T07:35:34.057-0400][gc,phases   ] GC(368)   Other: 0.1ms
[2023-04-17T07:35:34.057-0400][gc,heap     ] GC(368) Eden regions: 105->0(52)
[2023-04-17T07:35:34.057-0400][gc,heap     ] GC(368) Survivor regions: 4->8(14)
[2023-04-17T07:35:34.057-0400][gc,heap     ] GC(368) Old regions: 154->154
[2023-04-17T07:35:34.057-0400][gc,heap     ] GC(368) Archive regions: 2->2
[2023-04-17T07:35:34.057-0400][gc,heap     ] GC(368) Humongous regions: 129->129
[2023-04-17T07:35:34.057-0400][gc,metaspace] GC(368) Metaspace: 44147K(44928K)->44147K(44928K) NonClass: 39052K(39488K)->39052K(39488K) Class: 5095K(5440K)->5095K(5440K)
[2023-04-17T07:35:34.057-0400][gc          ] GC(368) Pause Young (Normal) (G1 Evacuation Pause) 391M->290M(1024M) 5.843ms
[2023-04-17T07:35:34.057-0400][gc,cpu      ] GC(368) User=0.04s Sys=0.00s Real=0.00s
[2023-04-17T07:36:04.325-0400][gc,start    ] GC(369) Pause Young (Normal) (G1 Evacuation Pause)
[2023-04-17T07:36:04.325-0400][gc,task     ] GC(369) Using 8 workers of 8 for evacuation
[2023-04-17T07:36:04.349-0400][gc,mmu      ] GC(369) MMU target violated: 21.0ms (20.0ms/21.0ms)
[2023-04-17T07:36:04.349-0400][gc,phases   ] GC(369)   Pre Evacuate Collection Set: 0.3ms
[2023-04-17T07:36:04.349-0400][gc,phases   ] GC(369)   Merge Heap Roots: 0.2ms
[2023-04-17T07:36:04.349-0400][gc,phases   ] GC(369)   Evacuate Collection Set: 22.5ms
[2023-04-17T07:36:04.349-0400][gc,phases   ] GC(369)   Post Evacuate Collection Set: 0.3ms
[2023-04-17T07:36:04.349-0400][gc,phases   ] GC(369)   Other: 0.2ms
[2023-04-17T07:36:04.349-0400][gc,heap     ] GC(369) Eden regions: 52->0(147)
[2023-04-17T07:36:04.349-0400][gc,heap     ] GC(369) Survivor regions: 8->3(8)
[2023-04-17T07:36:04.349-0400][gc,heap     ] GC(369) Old regions: 154->161
[2023-04-17T07:36:04.349-0400][gc,heap     ] GC(369) Archive regions: 2->2
[2023-04-17T07:36:04.349-0400][gc,heap     ] GC(369) Humongous regions: 129->129
[2023-04-17T07:36:04.349-0400][gc,metaspace] GC(369) Metaspace: 44147K(44928K)->44147K(44928K) NonClass: 39052K(39488K)->39052K(39488K) Class: 5095K(5440K)->5095K(5440K)
[2023-04-17T07:36:04.349-0400][gc          ] GC(369) Pause Young (Normal) (G1 Evacuation Pause) 342M->292M(1024M) 23.749ms
[2023-04-17T07:36:04.349-0400][gc,cpu      ] GC(369) User=0.05s Sys=0.06s Real=0.02s
[2023-04-17T07:37:31.926-0400][gc,start    ] GC(370) Pause Young (Normal) (G1 Evacuation Pause)
[2023-04-17T07:37:31.927-0400][gc,task     ] GC(370) Using 8 workers of 8 for evacuation
[2023-04-17T07:37:31.932-0400][gc,phases   ] GC(370)   Pre Evacuate Collection Set: 0.2ms
[2023-04-17T07:37:31.932-0400][gc,phases   ] GC(370)   Merge Heap Roots: 0.1ms
[2023-04-17T07:37:31.932-0400][gc,phases   ] GC(370)   Evacuate Collection Set: 4.2ms
[2023-04-17T07:37:31.932-0400][gc,phases   ] GC(370)   Post Evacuate Collection Set: 0.4ms
[2023-04-17T07:37:31.932-0400][gc,phases   ] GC(370)   Other: 0.1ms
[2023-04-17T07:37:31.932-0400][gc,heap     ] GC(370) Eden regions: 147->0(162)
[2023-04-17T07:37:31.932-0400][gc,heap     ] GC(370) Survivor regions: 3->5(19)
[2023-04-17T07:37:31.932-0400][gc,heap     ] GC(370) Old regions: 161->161
[2023-04-17T07:37:31.932-0400][gc,heap     ] GC(370) Archive regions: 2->2
[2023-04-17T07:37:31.932-0400][gc,heap     ] GC(370) Humongous regions: 129->129
[2023-04-17T07:37:31.932-0400][gc,metaspace] GC(370) Metaspace: 44147K(44928K)->44147K(44928K) NonClass: 39052K(39488K)->39052K(39488K) Class: 5095K(5440K)->5095K(5440K)
[2023-04-17T07:37:31.932-0400][gc          ] GC(370) Pause Young (Normal) (G1 Evacuation Pause) 439M->294M(1024M) 6.206ms
[2023-04-17T07:37:31.932-0400][gc,cpu      ] GC(370) User=0.04s Sys=0.00s Real=0.01s
[2023-04-17T07:39:08.533-0400][gc,start    ] GC(371) Pause Young (Normal) (G1 Evacuation Pause)
[2023-04-17T07:39:08.534-0400][gc,task     ] GC(371) Using 8 workers of 8 for evacuation
[2023-04-17T07:39:08.538-0400][gc,phases   ] GC(371)   Pre Evacuate Collection Set: 0.1ms
[2023-04-17T07:39:08.538-0400][gc,phases   ] GC(371)   Merge Heap Roots: 0.1ms
[2023-04-17T07:39:08.538-0400][gc,phases   ] GC(371)   Evacuate Collection Set: 4.3ms
[2023-04-17T07:39:08.538-0400][gc,phases   ] GC(371)   Post Evacuate Collection Set: 0.3ms
[2023-04-17T07:39:08.538-0400][gc,phases   ] GC(371)   Other: 0.1ms
[2023-04-17T07:39:08.538-0400][gc,heap     ] GC(371) Eden regions: 162->0(183)
[2023-04-17T07:39:08.538-0400][gc,heap     ] GC(371) Survivor regions: 5->7(21)
[2023-04-17T07:39:08.539-0400][gc,heap     ] GC(371) Old regions: 161->161
[2023-04-17T07:39:08.539-0400][gc,heap     ] GC(371) Archive regions: 2->2
[2023-04-17T07:39:08.539-0400][gc,heap     ] GC(371) Humongous regions: 129->129
[2023-04-17T07:39:08.539-0400][gc,metaspace] GC(371) Metaspace: 44147K(44928K)->44147K(44928K) NonClass: 39052K(39488K)->39052K(39488K) Class: 5095K(5440K)->5095K(5440K)
[2023-04-17T07:39:08.539-0400][gc          ] GC(371) Pause Young (Normal) (G1 Evacuation Pause) 456M->297M(1024M) 5.194ms
[2023-04-17T07:39:08.539-0400][gc,cpu      ] GC(371) User=0.03s Sys=0.01s Real=0.00s
[2023-04-17T07:40:56.676-0400][gc,start    ] GC(372) Pause Young (Normal) (G1 Evacuation Pause)
[2023-04-17T07:40:56.676-0400][gc,task     ] GC(372) Using 8 workers of 8 for evacuation
[2023-04-17T07:40:56.682-0400][gc,phases   ] GC(372)   Pre Evacuate Collection Set: 0.1ms
[2023-04-17T07:40:56.682-0400][gc,phases   ] GC(372)   Merge Heap Roots: 0.1ms
[2023-04-17T07:40:56.682-0400][gc,phases   ] GC(372)   Evacuate Collection Set: 4.9ms
[2023-04-17T07:40:56.682-0400][gc,phases   ] GC(372)   Post Evacuate Collection Set: 0.3ms
[2023-04-17T07:40:56.682-0400][gc,phases   ] GC(372)   Other: 0.1ms
[2023-04-17T07:40:56.682-0400][gc,heap     ] GC(372) Eden regions: 183->0(172)
[2023-04-17T07:40:56.682-0400][gc,heap     ] GC(372) Survivor regions: 7->10(24)
[2023-04-17T07:40:56.682-0400][gc,heap     ] GC(372) Old regions: 161->161
[2023-04-17T07:40:56.682-0400][gc,heap     ] GC(372) Archive regions: 2->2
[2023-04-17T07:40:56.682-0400][gc,heap     ] GC(372) Humongous regions: 129->129
[2023-04-17T07:40:56.682-0400][gc,metaspace] GC(372) Metaspace: 44147K(44928K)->44147K(44928K) NonClass: 39052K(39488K)->39052K(39488K) Class: 5095K(5440K)->5095K(5440K)
[2023-04-17T07:40:56.682-0400][gc          ] GC(372) Pause Young (Normal) (G1 Evacuation Pause) 480M->300M(1024M) 5.788ms
[2023-04-17T07:40:56.682-0400][gc,cpu      ] GC(372) User=0.03s Sys=0.00s Real=0.01s
[2023-04-17T07:42:35.993-0400][gc,start    ] GC(373) Pause Young (Normal) (G1 Evacuation Pause)
[2023-04-17T07:42:35.993-0400][gc,task     ] GC(373) Using 8 workers of 8 for evacuation
[2023-04-17T07:42:36.000-0400][gc,phases   ] GC(373)   Pre Evacuate Collection Set: 0.1ms
[2023-04-17T07:42:36.000-0400][gc,phases   ] GC(373)   Merge Heap Roots: 0.1ms
[2023-04-17T07:42:36.000-0400][gc,phases   ] GC(373)   Evacuate Collection Set: 6.8ms
[2023-04-17T07:42:36.000-0400][gc,phases   ] GC(373)   Post Evacuate Collection Set: 0.3ms
[2023-04-17T07:42:36.000-0400][gc,phases   ] GC(373)   Other: 0.1ms
[2023-04-17T07:42:36.001-0400][gc,heap     ] GC(373) Eden regions: 172->0(170)
[2023-04-17T07:42:36.001-0400][gc,heap     ] GC(373) Survivor regions: 10->13(23)
[2023-04-17T07:42:36.001-0400][gc,heap     ] GC(373) Old regions: 161->161
[2023-04-17T07:42:36.001-0400][gc,heap     ] GC(373) Archive regions: 2->2
[2023-04-17T07:42:36.001-0400][gc,heap     ] GC(373) Humongous regions: 129->129
[2023-04-17T07:42:36.001-0400][gc,metaspace] GC(373) Metaspace: 44147K(44928K)->44147K(44928K) NonClass: 39052K(39488K)->39052K(39488K) Class: 5095K(5440K)->5095K(5440K)
[2023-04-17T07:42:36.001-0400][gc          ] GC(373) Pause Young (Normal) (G1 Evacuation Pause) 472M->302M(1024M) 7.715ms
[2023-04-17T07:42:36.001-0400][gc,cpu      ] GC(373) User=0.05s Sys=0.01s Real=0.01s
[2023-04-17T07:44:17.084-0400][gc,start    ] GC(374) Pause Young (Normal) (G1 Evacuation Pause)
[2023-04-17T07:44:17.085-0400][gc,task     ] GC(374) Using 8 workers of 8 for evacuation
[2023-04-17T07:44:17.101-0400][gc,phases   ] GC(374)   Pre Evacuate Collection Set: 0.1ms
[2023-04-17T07:44:17.101-0400][gc,phases   ] GC(374)   Merge Heap Roots: 0.1ms
[2023-04-17T07:44:17.101-0400][gc,phases   ] GC(374)   Evacuate Collection Set: 14.0ms
[2023-04-17T07:44:17.101-0400][gc,phases   ] GC(374)   Post Evacuate Collection Set: 0.3ms
[2023-04-17T07:44:17.101-0400][gc,phases   ] GC(374)   Other: 2.0ms
[2023-04-17T07:44:17.101-0400][gc,heap     ] GC(374) Eden regions: 170->0(105)
[2023-04-17T07:44:17.101-0400][gc,heap     ] GC(374) Survivor regions: 13->15(23)
[2023-04-17T07:44:17.101-0400][gc,heap     ] GC(374) Old regions: 161->162
[2023-04-17T07:44:17.101-0400][gc,heap     ] GC(374) Archive regions: 2->2
[2023-04-17T07:44:17.101-0400][gc,heap     ] GC(374) Humongous regions: 129->129
[2023-04-17T07:44:17.101-0400][gc,metaspace] GC(374) Metaspace: 44147K(44928K)->44147K(44928K) NonClass: 39052K(39488K)->39052K(39488K) Class: 5095K(5440K)->5095K(5440K)
[2023-04-17T07:44:17.101-0400][gc          ] GC(374) Pause Young (Normal) (G1 Evacuation Pause) 472M->306M(1024M) 17.723ms
[2023-04-17T07:44:17.101-0400][gc,cpu      ] GC(374) User=0.07s Sys=0.02s Real=0.02s
[2023-04-17T07:45:17.941-0400][gc,start    ] GC(375) Pause Young (Normal) (G1 Evacuation Pause)
[2023-04-17T07:45:17.941-0400][gc,task     ] GC(375) Using 8 workers of 8 for evacuation
[2023-04-17T07:45:17.974-0400][gc,mmu      ] GC(375) MMU target violated: 21.0ms (20.0ms/21.0ms)
[2023-04-17T07:45:17.974-0400][gc,phases   ] GC(375)   Pre Evacuate Collection Set: 0.3ms
[2023-04-17T07:45:17.974-0400][gc,phases   ] GC(375)   Merge Heap Roots: 0.2ms
[2023-04-17T07:45:17.974-0400][gc,phases   ] GC(375)   Evacuate Collection Set: 31.3ms
[2023-04-17T07:45:17.974-0400][gc,phases   ] GC(375)   Post Evacuate Collection Set: 0.4ms
[2023-04-17T07:45:17.974-0400][gc,phases   ] GC(375)   Other: 1.1ms
[2023-04-17T07:45:17.974-0400][gc,heap     ] GC(375) Eden regions: 102->0(183)
[2023-04-17T07:45:17.974-0400][gc,heap     ] GC(375) Survivor regions: 15->8(15)
[2023-04-17T07:45:17.974-0400][gc,heap     ] GC(375) Old regions: 162->169
[2023-04-17T07:45:17.974-0400][gc,heap     ] GC(375) Archive regions: 2->2
[2023-04-17T07:45:17.974-0400][gc,heap     ] GC(375) Humongous regions: 129->129
[2023-04-17T07:45:17.974-0400][gc,metaspace] GC(375) Metaspace: 44147K(44928K)->44147K(44928K) NonClass: 39052K(39488K)->39052K(39488K) Class: 5095K(5440K)->5095K(5440K)
[2023-04-17T07:45:17.975-0400][gc          ] GC(375) Pause Young (Normal) (G1 Evacuation Pause) 408M->306M(1024M) 33.844ms
[2023-04-17T07:45:17.975-0400][gc,cpu      ] GC(375) User=0.08s Sys=0.05s Real=0.03s
[2023-04-17T07:47:06.430-0400][gc,start    ] GC(376) Pause Young (Normal) (G1 Evacuation Pause)
[2023-04-17T07:47:06.430-0400][gc,task     ] GC(376) Using 8 workers of 8 for evacuation
[2023-04-17T07:47:06.437-0400][gc,phases   ] GC(376)   Pre Evacuate Collection Set: 0.1ms
[2023-04-17T07:47:06.437-0400][gc,phases   ] GC(376)   Merge Heap Roots: 0.1ms
[2023-04-17T07:47:06.437-0400][gc,phases   ] GC(376)   Evacuate Collection Set: 6.3ms
[2023-04-17T07:47:06.437-0400][gc,phases   ] GC(376)   Post Evacuate Collection Set: 0.4ms
[2023-04-17T07:47:06.437-0400][gc,phases   ] GC(376)   Other: 0.1ms
[2023-04-17T07:47:06.437-0400][gc,heap     ] GC(376) Eden regions: 183->0(257)
[2023-04-17T07:47:06.437-0400][gc,heap     ] GC(376) Survivor regions: 8->9(24)
[2023-04-17T07:47:06.437-0400][gc,heap     ] GC(376) Old regions: 169->169
[2023-04-17T07:47:06.437-0400][gc,heap     ] GC(376) Archive regions: 2->2
[2023-04-17T07:47:06.437-0400][gc,heap     ] GC(376) Humongous regions: 129->129
[2023-04-17T07:47:06.438-0400][gc,metaspace] GC(376) Metaspace: 44147K(44928K)->44147K(44928K) NonClass: 39052K(39488K)->39052K(39488K) Class: 5095K(5440K)->5095K(5440K)
[2023-04-17T07:47:06.438-0400][gc          ] GC(376) Pause Young (Normal) (G1 Evacuation Pause) 489M->307M(1024M) 7.894ms
[2023-04-17T07:47:06.438-0400][gc,cpu      ] GC(376) User=0.05s Sys=0.00s Real=0.00s
[2023-04-17T07:49:40.085-0400][gc,start    ] GC(377) Pause Young (Normal) (G1 Evacuation Pause)
[2023-04-17T07:49:40.085-0400][gc,task     ] GC(377) Using 8 workers of 8 for evacuation
[2023-04-17T07:49:40.097-0400][gc,phases   ] GC(377)   Pre Evacuate Collection Set: 0.2ms
[2023-04-17T07:49:40.097-0400][gc,phases   ] GC(377)   Merge Heap Roots: 0.1ms
[2023-04-17T07:49:40.097-0400][gc,phases   ] GC(377)   Evacuate Collection Set: 9.6ms
[2023-04-17T07:49:40.097-0400][gc,phases   ] GC(377)   Post Evacuate Collection Set: 0.5ms
[2023-04-17T07:49:40.097-0400][gc,phases   ] GC(377)   Other: 0.9ms
[2023-04-17T07:49:40.097-0400][gc,heap     ] GC(377) Eden regions: 257->0(244)
[2023-04-17T07:49:40.097-0400][gc,heap     ] GC(377) Survivor regions: 9->11(34)
[2023-04-17T07:49:40.097-0400][gc,heap     ] GC(377) Old regions: 169->169
[2023-04-17T07:49:40.097-0400][gc,heap     ] GC(377) Archive regions: 2->2
[2023-04-17T07:49:40.097-0400][gc,heap     ] GC(377) Humongous regions: 129->129
[2023-04-17T07:49:40.097-0400][gc,metaspace] GC(377) Metaspace: 44147K(44928K)->44147K(44928K) NonClass: 39052K(39488K)->39052K(39488K) Class: 5095K(5440K)->5095K(5440K)
[2023-04-17T07:49:40.097-0400][gc          ] GC(377) Pause Young (Normal) (G1 Evacuation Pause) 564M->309M(1024M) 12.214ms
[2023-04-17T07:49:40.097-0400][gc,cpu      ] GC(377) User=0.07s Sys=0.01s Real=0.01s
[2023-04-17T07:52:01.353-0400][gc,start    ] GC(378) Pause Young (Normal) (G1 Evacuation Pause)
[2023-04-17T07:52:01.353-0400][gc,task     ] GC(378) Using 8 workers of 8 for evacuation
[2023-04-17T07:52:01.361-0400][gc,phases   ] GC(378)   Pre Evacuate Collection Set: 0.1ms
[2023-04-17T07:52:01.361-0400][gc,phases   ] GC(378)   Merge Heap Roots: 0.1ms
[2023-04-17T07:52:01.361-0400][gc,phases   ] GC(378)   Evacuate Collection Set: 7.2ms
[2023-04-17T07:52:01.361-0400][gc,phases   ] GC(378)   Post Evacuate Collection Set: 0.4ms
[2023-04-17T07:52:01.361-0400][gc,phases   ] GC(378)   Other: 0.1ms
[2023-04-17T07:52:01.361-0400][gc,heap     ] GC(378) Eden regions: 244->0(283)
[2023-04-17T07:52:01.361-0400][gc,heap     ] GC(378) Survivor regions: 11->13(32)
[2023-04-17T07:52:01.361-0400][gc,heap     ] GC(378) Old regions: 169->169
[2023-04-17T07:52:01.361-0400][gc,heap     ] GC(378) Archive regions: 2->2
[2023-04-17T07:52:01.361-0400][gc,heap     ] GC(378) Humongous regions: 129->129
[2023-04-17T07:52:01.361-0400][gc,metaspace] GC(378) Metaspace: 44147K(44928K)->44147K(44928K) NonClass: 39052K(39488K)->39052K(39488K) Class: 5095K(5440K)->5095K(5440K)
[2023-04-17T07:52:01.362-0400][gc          ] GC(378) Pause Young (Normal) (G1 Evacuation Pause) 553M->311M(1024M) 8.133ms
[2023-04-17T07:52:01.362-0400][gc,cpu      ] GC(378) User=0.05s Sys=0.01s Real=0.01s
[2023-04-17T07:54:48.314-0400][gc,start    ] GC(379) Pause Young (Normal) (G1 Evacuation Pause)
[2023-04-17T07:54:48.314-0400][gc,task     ] GC(379) Using 8 workers of 8 for evacuation
[2023-04-17T07:54:48.323-0400][gc,phases   ] GC(379)   Pre Evacuate Collection Set: 0.1ms
[2023-04-17T07:54:48.323-0400][gc,phases   ] GC(379)   Merge Heap Roots: 0.1ms
[2023-04-17T07:54:48.323-0400][gc,phases   ] GC(379)   Evacuate Collection Set: 8.6ms
[2023-04-17T07:54:48.323-0400][gc,phases   ] GC(379)   Post Evacuate Collection Set: 0.4ms
[2023-04-17T07:54:48.323-0400][gc,phases   ] GC(379)   Other: 0.1ms
[2023-04-17T07:54:48.323-0400][gc,heap     ] GC(379) Eden regions: 283->0(299)
[2023-04-17T07:54:48.323-0400][gc,heap     ] GC(379) Survivor regions: 13->15(37)
[2023-04-17T07:54:48.323-0400][gc,heap     ] GC(379) Old regions: 169->169
[2023-04-17T07:54:48.323-0400][gc,heap     ] GC(379) Archive regions: 2->2
[2023-04-17T07:54:48.323-0400][gc,heap     ] GC(379) Humongous regions: 129->129
[2023-04-17T07:54:48.323-0400][gc,metaspace] GC(379) Metaspace: 44147K(44928K)->44147K(44928K) NonClass: 39052K(39488K)->39052K(39488K) Class: 5095K(5440K)->5095K(5440K)
[2023-04-17T07:54:48.323-0400][gc          ] GC(379) Pause Young (Normal) (G1 Evacuation Pause) 594M->313M(1024M) 9.617ms
[2023-04-17T07:54:48.323-0400][gc,cpu      ] GC(379) User=0.07s Sys=0.00s Real=0.01s
[2023-04-17T07:57:52.794-0400][gc,start    ] GC(380) Pause Young (Normal) (G1 Evacuation Pause)
[2023-04-17T07:57:52.795-0400][gc,task     ] GC(380) Using 8 workers of 8 for evacuation
[2023-04-17T07:57:52.807-0400][gc,phases   ] GC(380)   Pre Evacuate Collection Set: 0.9ms
[2023-04-17T07:57:52.807-0400][gc,phases   ] GC(380)   Merge Heap Roots: 0.1ms
[2023-04-17T07:57:52.807-0400][gc,phases   ] GC(380)   Evacuate Collection Set: 10.5ms
[2023-04-17T07:57:52.807-0400][gc,phases   ] GC(380)   Post Evacuate Collection Set: 0.4ms
[2023-04-17T07:57:52.807-0400][gc,phases   ] GC(380)   Other: 0.2ms
[2023-04-17T07:57:52.807-0400][gc,heap     ] GC(380) Eden regions: 299->0(294)
[2023-04-17T07:57:52.807-0400][gc,heap     ] GC(380) Survivor regions: 15->17(40)
[2023-04-17T07:57:52.807-0400][gc,heap     ] GC(380) Old regions: 169->169
[2023-04-17T07:57:52.807-0400][gc,heap     ] GC(380) Archive regions: 2->2
[2023-04-17T07:57:52.807-0400][gc,heap     ] GC(380) Humongous regions: 129->129
[2023-04-17T07:57:52.807-0400][gc,metaspace] GC(380) Metaspace: 44147K(44928K)->44147K(44928K) NonClass: 39052K(39488K)->39052K(39488K) Class: 5095K(5440K)->5095K(5440K)
[2023-04-17T07:57:52.807-0400][gc          ] GC(380) Pause Young (Normal) (G1 Evacuation Pause) 612M->315M(1024M) 12.844ms
[2023-04-17T07:57:52.807-0400][gc,cpu      ] GC(380) User=0.08s Sys=0.00s Real=0.01s
[2023-04-17T08:00:46.579-0400][gc,start    ] GC(381) Pause Young (Normal) (G1 Evacuation Pause)
[2023-04-17T08:00:46.579-0400][gc,task     ] GC(381) Using 8 workers of 8 for evacuation
[2023-04-17T08:00:46.589-0400][gc,phases   ] GC(381)   Pre Evacuate Collection Set: 0.1ms
[2023-04-17T08:00:46.589-0400][gc,phases   ] GC(381)   Merge Heap Roots: 0.1ms
[2023-04-17T08:00:46.589-0400][gc,phases   ] GC(381)   Evacuate Collection Set: 9.1ms
[2023-04-17T08:00:46.589-0400][gc,phases   ] GC(381)   Post Evacuate Collection Set: 0.4ms
[2023-04-17T08:00:46.589-0400][gc,phases   ] GC(381)   Other: 0.1ms
[2023-04-17T08:00:46.589-0400][gc,heap     ] GC(381) Eden regions: 294->0(422)
[2023-04-17T08:00:46.589-0400][gc,heap     ] GC(381) Survivor regions: 17->18(39)
[2023-04-17T08:00:46.589-0400][gc,heap     ] GC(381) Old regions: 169->169
[2023-04-17T08:00:46.589-0400][gc,heap     ] GC(381) Archive regions: 2->2
[2023-04-17T08:00:46.589-0400][gc,heap     ] GC(381) Humongous regions: 129->129
[2023-04-17T08:00:46.589-0400][gc,metaspace] GC(381) Metaspace: 44147K(44928K)->44147K(44928K) NonClass: 39052K(39488K)->39052K(39488K) Class: 5095K(5440K)->5095K(5440K)
[2023-04-17T08:00:46.589-0400][gc          ] GC(381) Pause Young (Normal) (G1 Evacuation Pause) 609M->316M(1024M) 10.111ms
[2023-04-17T08:00:46.589-0400][gc,cpu      ] GC(381) User=0.07s Sys=0.00s Real=0.01s
[2023-04-17T08:04:56.490-0400][gc,start    ] GC(382) Pause Young (Normal) (G1 Evacuation Pause)
[2023-04-17T08:04:56.491-0400][gc,task     ] GC(382) Using 8 workers of 8 for evacuation
[2023-04-17T08:04:56.547-0400][gc,mmu      ] GC(382) MMU target violated: 21.0ms (20.0ms/21.0ms)
[2023-04-17T08:04:56.548-0400][gc,phases   ] GC(382)   Pre Evacuate Collection Set: 0.3ms
[2023-04-17T08:04:56.548-0400][gc,phases   ] GC(382)   Merge Heap Roots: 0.1ms
[2023-04-17T08:04:56.548-0400][gc,phases   ] GC(382)   Evacuate Collection Set: 55.6ms
[2023-04-17T08:04:56.548-0400][gc,phases   ] GC(382)   Post Evacuate Collection Set: 0.7ms
[2023-04-17T08:04:56.548-0400][gc,phases   ] GC(382)   Other: 0.2ms
[2023-04-17T08:04:56.548-0400][gc,heap     ] GC(382) Eden regions: 422->0(33)
[2023-04-17T08:04:56.548-0400][gc,heap     ] GC(382) Survivor regions: 18->18(55)
[2023-04-17T08:04:56.548-0400][gc,heap     ] GC(382) Old regions: 169->169
[2023-04-17T08:04:56.548-0400][gc,heap     ] GC(382) Archive regions: 2->2
[2023-04-17T08:04:56.548-0400][gc,heap     ] GC(382) Humongous regions: 129->129
[2023-04-17T08:04:56.548-0400][gc,metaspace] GC(382) Metaspace: 44147K(44928K)->44147K(44928K) NonClass: 39052K(39488K)->39052K(39488K) Class: 5095K(5440K)->5095K(5440K)
[2023-04-17T08:04:56.548-0400][gc          ] GC(382) Pause Young (Normal) (G1 Evacuation Pause) 738M->316M(1024M) 57.569ms
[2023-04-17T08:04:56.548-0400][gc,cpu      ] GC(382) User=0.08s Sys=0.14s Real=0.05s
[2023-04-17T08:05:16.032-0400][gc,start    ] GC(383) Pause Young (Normal) (G1 Evacuation Pause)
[2023-04-17T08:05:16.032-0400][gc,task     ] GC(383) Using 8 workers of 8 for evacuation
[2023-04-17T08:05:16.158-0400][gc,mmu      ] GC(383) MMU target violated: 21.0ms (20.0ms/21.0ms)
[2023-04-17T08:05:16.158-0400][gc,phases   ] GC(383)   Pre Evacuate Collection Set: 0.2ms
[2023-04-17T08:05:16.158-0400][gc,phases   ] GC(383)   Merge Heap Roots: 0.1ms
[2023-04-17T08:05:16.158-0400][gc,phases   ] GC(383)   Evacuate Collection Set: 124.9ms
[2023-04-17T08:05:16.158-0400][gc,phases   ] GC(383)   Post Evacuate Collection Set: 0.3ms
[2023-04-17T08:05:16.158-0400][gc,phases   ] GC(383)   Other: 0.2ms
[2023-04-17T08:05:16.158-0400][gc,heap     ] GC(383) Eden regions: 33->0(45)
[2023-04-17T08:05:16.158-0400][gc,heap     ] GC(383) Survivor regions: 18->6(7)
[2023-04-17T08:05:16.158-0400][gc,heap     ] GC(383) Old regions: 169->182
[2023-04-17T08:05:16.158-0400][gc,heap     ] GC(383) Archive regions: 2->2
[2023-04-17T08:05:16.158-0400][gc,heap     ] GC(383) Humongous regions: 129->129
[2023-04-17T08:05:16.158-0400][gc,metaspace] GC(383) Metaspace: 44147K(44928K)->44147K(44928K) NonClass: 39052K(39488K)->39052K(39488K) Class: 5095K(5440K)->5095K(5440K)
[2023-04-17T08:05:16.158-0400][gc          ] GC(383) Pause Young (Normal) (G1 Evacuation Pause) 349M->317M(1024M) 125.944ms
[2023-04-17T08:05:16.158-0400][gc,cpu      ] GC(383) User=0.07s Sys=0.17s Real=0.12s
[2023-04-17T08:05:44.083-0400][gc,start    ] GC(384) Pause Young (Normal) (G1 Evacuation Pause)
[2023-04-17T08:05:44.084-0400][gc,task     ] GC(384) Using 8 workers of 8 for evacuation
[2023-04-17T08:05:44.089-0400][gc,phases   ] GC(384)   Pre Evacuate Collection Set: 0.1ms
[2023-04-17T08:05:44.089-0400][gc,phases   ] GC(384)   Merge Heap Roots: 0.1ms
[2023-04-17T08:05:44.089-0400][gc,phases   ] GC(384)   Evacuate Collection Set: 4.5ms
[2023-04-17T08:05:44.089-0400][gc,phases   ] GC(384)   Post Evacuate Collection Set: 0.3ms
[2023-04-17T08:05:44.089-0400][gc,phases   ] GC(384)   Other: 0.1ms
[2023-04-17T08:05:44.089-0400][gc,heap     ] GC(384) Eden regions: 45->0(195)
[2023-04-17T08:05:44.089-0400][gc,heap     ] GC(384) Survivor regions: 6->4(7)
[2023-04-17T08:05:44.089-0400][gc,heap     ] GC(384) Old regions: 182->184
[2023-04-17T08:05:44.089-0400][gc,heap     ] GC(384) Archive regions: 2->2
[2023-04-17T08:05:44.089-0400][gc,heap     ] GC(384) Humongous regions: 129->129
[2023-04-17T08:05:44.089-0400][gc,metaspace] GC(384) Metaspace: 44147K(44928K)->44147K(44928K) NonClass: 39052K(39488K)->39052K(39488K) Class: 5095K(5440K)->5095K(5440K)
[2023-04-17T08:05:44.089-0400][gc          ] GC(384) Pause Young (Normal) (G1 Evacuation Pause) 362M->317M(1024M) 5.647ms
[2023-04-17T08:05:44.089-0400][gc,cpu      ] GC(384) User=0.02s Sys=0.01s Real=0.00s
[2023-04-17T08:07:49.729-0400][gc,start    ] GC(385) Pause Young (Normal) (G1 Evacuation Pause)
[2023-04-17T08:07:49.729-0400][gc,task     ] GC(385) Using 8 workers of 8 for evacuation
[2023-04-17T08:07:49.735-0400][gc,phases   ] GC(385)   Pre Evacuate Collection Set: 0.1ms
[2023-04-17T08:07:49.735-0400][gc,phases   ] GC(385)   Merge Heap Roots: 0.1ms
[2023-04-17T08:07:49.735-0400][gc,phases   ] GC(385)   Evacuate Collection Set: 4.0ms
[2023-04-17T08:07:49.735-0400][gc,phases   ] GC(385)   Post Evacuate Collection Set: 0.4ms
[2023-04-17T08:07:49.735-0400][gc,phases   ] GC(385)   Other: 1.1ms
[2023-04-17T08:07:49.735-0400][gc,heap     ] GC(385) Eden regions: 195->0(104)
[2023-04-17T08:07:49.735-0400][gc,heap     ] GC(385) Survivor regions: 4->6(25)
[2023-04-17T08:07:49.735-0400][gc,heap     ] GC(385) Old regions: 184->184
[2023-04-17T08:07:49.735-0400][gc,heap     ] GC(385) Archive regions: 2->2
[2023-04-17T08:07:49.735-0400][gc,heap     ] GC(385) Humongous regions: 129->129
[2023-04-17T08:07:49.735-0400][gc,metaspace] GC(385) Metaspace: 44147K(44928K)->44147K(44928K) NonClass: 39052K(39488K)->39052K(39488K) Class: 5095K(5440K)->5095K(5440K)
[2023-04-17T08:07:49.735-0400][gc          ] GC(385) Pause Young (Normal) (G1 Evacuation Pause) 512M->318M(1024M) 6.261ms
[2023-04-17T08:07:49.735-0400][gc,cpu      ] GC(385) User=0.03s Sys=0.00s Real=0.01s
[2023-04-17T08:08:55.057-0400][gc,start    ] GC(386) Pause Young (Normal) (G1 Evacuation Pause)
[2023-04-17T08:08:55.057-0400][gc,task     ] GC(386) Using 8 workers of 8 for evacuation
[2023-04-17T08:08:55.062-0400][gc,phases   ] GC(386)   Pre Evacuate Collection Set: 0.1ms
[2023-04-17T08:08:55.062-0400][gc,phases   ] GC(386)   Merge Heap Roots: 0.1ms
[2023-04-17T08:08:55.062-0400][gc,phases   ] GC(386)   Evacuate Collection Set: 3.7ms
[2023-04-17T08:08:55.062-0400][gc,phases   ] GC(386)   Post Evacuate Collection Set: 0.3ms
[2023-04-17T08:08:55.062-0400][gc,phases   ] GC(386)   Other: 0.1ms
[2023-04-17T08:08:55.062-0400][gc,heap     ] GC(386) Eden regions: 104->0(113)
[2023-04-17T08:08:55.062-0400][gc,heap     ] GC(386) Survivor regions: 6->7(14)
[2023-04-17T08:08:55.062-0400][gc,heap     ] GC(386) Old regions: 184->184
[2023-04-17T08:08:55.062-0400][gc,heap     ] GC(386) Archive regions: 2->2
[2023-04-17T08:08:55.062-0400][gc,heap     ] GC(386) Humongous regions: 129->129
[2023-04-17T08:08:55.062-0400][gc,metaspace] GC(386) Metaspace: 44147K(44928K)->44147K(44928K) NonClass: 39052K(39488K)->39052K(39488K) Class: 5095K(5440K)->5095K(5440K)
[2023-04-17T08:08:55.062-0400][gc          ] GC(386) Pause Young (Normal) (G1 Evacuation Pause) 422M->319M(1024M) 4.825ms
[2023-04-17T08:08:55.062-0400][gc,cpu      ] GC(386) User=0.03s Sys=0.00s Real=0.01s
[2023-04-17T08:10:08.729-0400][gc,start    ] GC(387) Pause Young (Normal) (G1 Evacuation Pause)
[2023-04-17T08:10:08.729-0400][gc,task     ] GC(387) Using 8 workers of 8 for evacuation
[2023-04-17T08:10:08.737-0400][gc,phases   ] GC(387)   Pre Evacuate Collection Set: 0.2ms
[2023-04-17T08:10:08.737-0400][gc,phases   ] GC(387)   Merge Heap Roots: 0.1ms
[2023-04-17T08:10:08.737-0400][gc,phases   ] GC(387)   Evacuate Collection Set: 6.9ms
[2023-04-17T08:10:08.737-0400][gc,phases   ] GC(387)   Post Evacuate Collection Set: 0.5ms
[2023-04-17T08:10:08.737-0400][gc,phases   ] GC(387)   Other: 0.1ms
[2023-04-17T08:10:08.737-0400][gc,heap     ] GC(387) Eden regions: 113->0(221)
[2023-04-17T08:10:08.737-0400][gc,heap     ] GC(387) Survivor regions: 7->7(15)
[2023-04-17T08:10:08.737-0400][gc,heap     ] GC(387) Old regions: 184->184
[2023-04-17T08:10:08.737-0400][gc,heap     ] GC(387) Archive regions: 2->2
[2023-04-17T08:10:08.737-0400][gc,heap     ] GC(387) Humongous regions: 129->129
[2023-04-17T08:10:08.737-0400][gc,metaspace] GC(387) Metaspace: 44147K(44928K)->44147K(44928K) NonClass: 39052K(39488K)->39052K(39488K) Class: 5095K(5440K)->5095K(5440K)
[2023-04-17T08:10:08.737-0400][gc          ] GC(387) Pause Young (Normal) (G1 Evacuation Pause) 432M->319M(1024M) 8.531ms
[2023-04-17T08:10:08.738-0400][gc,cpu      ] GC(387) User=0.05s Sys=0.00s Real=0.01s
[2023-04-17T08:12:46.406-0400][gc,start    ] GC(388) Pause Young (Normal) (G1 Evacuation Pause)
[2023-04-17T08:12:46.407-0400][gc,task     ] GC(388) Using 8 workers of 8 for evacuation
[2023-04-17T08:12:46.425-0400][gc,phases   ] GC(388)   Pre Evacuate Collection Set: 0.4ms
[2023-04-17T08:12:46.425-0400][gc,phases   ] GC(388)   Merge Heap Roots: 0.2ms
[2023-04-17T08:12:46.425-0400][gc,phases   ] GC(388)   Evacuate Collection Set: 16.1ms
[2023-04-17T08:12:46.425-0400][gc,phases   ] GC(388)   Post Evacuate Collection Set: 1.0ms
[2023-04-17T08:12:46.425-0400][gc,phases   ] GC(388)   Other: 0.3ms
[2023-04-17T08:12:46.425-0400][gc,heap     ] GC(388) Eden regions: 221->0(41)
[2023-04-17T08:12:46.425-0400][gc,heap     ] GC(388) Survivor regions: 7->10(29)
[2023-04-17T08:12:46.425-0400][gc,heap     ] GC(388) Old regions: 184->184
[2023-04-17T08:12:46.425-0400][gc,heap     ] GC(388) Archive regions: 2->2
[2023-04-17T08:12:46.425-0400][gc,heap     ] GC(388) Humongous regions: 129->129
[2023-04-17T08:12:46.425-0400][gc,metaspace] GC(388) Metaspace: 44147K(44928K)->44147K(44928K) NonClass: 39052K(39488K)->39052K(39488K) Class: 5095K(5440K)->5095K(5440K)
[2023-04-17T08:12:46.426-0400][gc          ] GC(388) Pause Young (Normal) (G1 Evacuation Pause) 540M->322M(1024M) 19.225ms
[2023-04-17T08:12:46.426-0400][gc,cpu      ] GC(388) User=0.11s Sys=0.01s Real=0.02s
[2023-04-17T08:13:14.789-0400][gc,start    ] GC(389) Pause Young (Normal) (G1 Evacuation Pause)
[2023-04-17T08:13:14.790-0400][gc,task     ] GC(389) Using 8 workers of 8 for evacuation
[2023-04-17T08:13:14.897-0400][gc,mmu      ] GC(389) MMU target violated: 21.0ms (20.0ms/21.0ms)
[2023-04-17T08:13:14.897-0400][gc,phases   ] GC(389)   Pre Evacuate Collection Set: 0.6ms
[2023-04-17T08:13:14.897-0400][gc,phases   ] GC(389)   Merge Heap Roots: 0.5ms
[2023-04-17T08:13:14.897-0400][gc,phases   ] GC(389)   Evacuate Collection Set: 104.0ms
[2023-04-17T08:13:14.897-0400][gc,phases   ] GC(389)   Post Evacuate Collection Set: 1.1ms
[2023-04-17T08:13:14.897-0400][gc,phases   ] GC(389)   Other: 0.5ms
[2023-04-17T08:13:14.897-0400][gc,heap     ] GC(389) Eden regions: 41->0(46)
[2023-04-17T08:13:14.897-0400][gc,heap     ] GC(389) Survivor regions: 10->5(7)
[2023-04-17T08:13:14.897-0400][gc,heap     ] GC(389) Old regions: 184->189
[2023-04-17T08:13:14.897-0400][gc,heap     ] GC(389) Archive regions: 2->2
[2023-04-17T08:13:14.897-0400][gc,heap     ] GC(389) Humongous regions: 129->129
[2023-04-17T08:13:14.897-0400][gc,metaspace] GC(389) Metaspace: 44147K(44928K)->44147K(44928K) NonClass: 39052K(39488K)->39052K(39488K) Class: 5095K(5440K)->5095K(5440K)
[2023-04-17T08:13:14.897-0400][gc          ] GC(389) Pause Young (Normal) (G1 Evacuation Pause) 363M->323M(1024M) 108.649ms
[2023-04-17T08:13:14.898-0400][gc,cpu      ] GC(389) User=0.14s Sys=0.21s Real=0.11s
[2023-04-17T08:13:47.070-0400][gc,start    ] GC(390) Pause Young (Normal) (G1 Evacuation Pause)
[2023-04-17T08:13:47.071-0400][gc,task     ] GC(390) Using 8 workers of 8 for evacuation
[2023-04-17T08:13:47.096-0400][gc,mmu      ] GC(390) MMU target violated: 21.0ms (20.0ms/21.0ms)
[2023-04-17T08:13:47.097-0400][gc,phases   ] GC(390)   Pre Evacuate Collection Set: 0.3ms
[2023-04-17T08:13:47.097-0400][gc,phases   ] GC(390)   Merge Heap Roots: 0.2ms
[2023-04-17T08:13:47.097-0400][gc,phases   ] GC(390)   Evacuate Collection Set: 24.1ms
[2023-04-17T08:13:47.097-0400][gc,phases   ] GC(390)   Post Evacuate Collection Set: 0.8ms
[2023-04-17T08:13:47.097-0400][gc,phases   ] GC(390)   Other: 0.4ms
[2023-04-17T08:13:47.097-0400][gc,heap     ] GC(390) Eden regions: 46->0(128)
[2023-04-17T08:13:47.097-0400][gc,heap     ] GC(390) Survivor regions: 5->2(7)
[2023-04-17T08:13:47.097-0400][gc,heap     ] GC(390) Old regions: 189->193
[2023-04-17T08:13:47.097-0400][gc,heap     ] GC(390) Archive regions: 2->2
[2023-04-17T08:13:47.097-0400][gc,heap     ] GC(390) Humongous regions: 129->129
[2023-04-17T08:13:47.097-0400][gc,metaspace] GC(390) Metaspace: 44147K(44928K)->44147K(44928K) NonClass: 39052K(39488K)->39052K(39488K) Class: 5095K(5440K)->5095K(5440K)
[2023-04-17T08:13:47.097-0400][gc          ] GC(390) Pause Young (Normal) (G1 Evacuation Pause) 369M->324M(1024M) 26.783ms
[2023-04-17T08:13:47.097-0400][gc,cpu      ] GC(390) User=0.07s Sys=0.07s Real=0.02s
[2023-04-17T08:15:25.803-0400][gc,start    ] GC(391) Pause Young (Normal) (G1 Evacuation Pause)
[2023-04-17T08:15:25.805-0400][gc,task     ] GC(391) Using 8 workers of 8 for evacuation
[2023-04-17T08:15:25.829-0400][gc,mmu      ] GC(391) MMU target violated: 21.0ms (20.0ms/21.0ms)
[2023-04-17T08:15:25.829-0400][gc,phases   ] GC(391)   Pre Evacuate Collection Set: 0.7ms
[2023-04-17T08:15:25.829-0400][gc,phases   ] GC(391)   Merge Heap Roots: 0.6ms
[2023-04-17T08:15:25.830-0400][gc,phases   ] GC(391)   Evacuate Collection Set: 20.7ms
[2023-04-17T08:15:25.830-0400][gc,phases   ] GC(391)   Post Evacuate Collection Set: 1.8ms
[2023-04-17T08:15:25.830-0400][gc,phases   ] GC(391)   Other: 0.8ms
[2023-04-17T08:15:25.830-0400][gc,heap     ] GC(391) Eden regions: 128->0(47)
[2023-04-17T08:15:25.830-0400][gc,heap     ] GC(391) Survivor regions: 2->4(17)
[2023-04-17T08:15:25.830-0400][gc,heap     ] GC(391) Old regions: 193->193
[2023-04-17T08:15:25.830-0400][gc,heap     ] GC(391) Archive regions: 2->2
[2023-04-17T08:15:25.830-0400][gc,heap     ] GC(391) Humongous regions: 129->129
[2023-04-17T08:15:25.830-0400][gc,metaspace] GC(391) Metaspace: 44147K(44928K)->44147K(44928K) NonClass: 39052K(39488K)->39052K(39488K) Class: 5095K(5440K)->5095K(5440K)
[2023-04-17T08:15:25.830-0400][gc          ] GC(391) Pause Young (Normal) (G1 Evacuation Pause) 452M->326M(1024M) 27.167ms
[2023-04-17T08:15:25.831-0400][gc,cpu      ] GC(391) User=0.15s Sys=0.01s Real=0.03s
[2023-04-17T08:16:08.411-0400][gc,start    ] GC(392) Pause Young (Normal) (G1 Evacuation Pause)
[2023-04-17T08:16:08.412-0400][gc,task     ] GC(392) Using 8 workers of 8 for evacuation
[2023-04-17T08:16:08.444-0400][gc,mmu      ] GC(392) MMU target violated: 21.0ms (20.0ms/21.0ms)
[2023-04-17T08:16:08.444-0400][gc,phases   ] GC(392)   Pre Evacuate Collection Set: 0.7ms
[2023-04-17T08:16:08.445-0400][gc,phases   ] GC(392)   Merge Heap Roots: 0.5ms
[2023-04-17T08:16:08.445-0400][gc,phases   ] GC(392)   Evacuate Collection Set: 27.6ms
[2023-04-17T08:16:08.445-0400][gc,phases   ] GC(392)   Post Evacuate Collection Set: 2.3ms
[2023-04-17T08:16:08.445-0400][gc,phases   ] GC(392)   Other: 1.0ms
[2023-04-17T08:16:08.445-0400][gc,heap     ] GC(392) Eden regions: 47->0(46)
[2023-04-17T08:16:08.445-0400][gc,heap     ] GC(392) Survivor regions: 4->5(7)
[2023-04-17T08:16:08.445-0400][gc,heap     ] GC(392) Old regions: 193->194
[2023-04-17T08:16:08.446-0400][gc,heap     ] GC(392) Archive regions: 2->2
[2023-04-17T08:16:08.446-0400][gc,heap     ] GC(392) Humongous regions: 129->129
[2023-04-17T08:16:08.446-0400][gc,metaspace] GC(392) Metaspace: 44147K(44928K)->44147K(44928K) NonClass: 39052K(39488K)->39052K(39488K) Class: 5095K(5440K)->5095K(5440K)
[2023-04-17T08:16:08.446-0400][gc          ] GC(392) Pause Young (Normal) (G1 Evacuation Pause) 373M->327M(1024M) 34.793ms
[2023-04-17T08:16:08.446-0400][gc,cpu      ] GC(392) User=0.18s Sys=0.03s Real=0.03s
[2023-04-17T08:16:49.504-0400][gc,start    ] GC(393) Pause Young (Normal) (G1 Evacuation Pause)
[2023-04-17T08:16:49.507-0400][gc,task     ] GC(393) Using 8 workers of 8 for evacuation
[2023-04-17T08:16:49.550-0400][gc,mmu      ] GC(393) MMU target violated: 21.0ms (20.0ms/21.0ms)
[2023-04-17T08:16:49.550-0400][gc,phases   ] GC(393)   Pre Evacuate Collection Set: 0.9ms
[2023-04-17T08:16:49.551-0400][gc,phases   ] GC(393)   Merge Heap Roots: 0.7ms
[2023-04-17T08:16:49.551-0400][gc,phases   ] GC(393)   Evacuate Collection Set: 38.5ms
[2023-04-17T08:16:49.551-0400][gc,phases   ] GC(393)   Post Evacuate Collection Set: 2.1ms
[2023-04-17T08:16:49.551-0400][gc,phases   ] GC(393)   Other: 0.9ms
[2023-04-17T08:16:49.551-0400][gc,heap     ] GC(393) Eden regions: 46->0(46)
[2023-04-17T08:16:49.551-0400][gc,heap     ] GC(393) Survivor regions: 5->5(7)
[2023-04-17T08:16:49.551-0400][gc,heap     ] GC(393) Old regions: 194->195
[2023-04-17T08:16:49.551-0400][gc,heap     ] GC(393) Archive regions: 2->2
[2023-04-17T08:16:49.551-0400][gc,heap     ] GC(393) Humongous regions: 129->129
[2023-04-17T08:16:49.551-0400][gc,metaspace] GC(393) Metaspace: 44147K(44928K)->44147K(44928K) NonClass: 39052K(39488K)->39052K(39488K) Class: 5095K(5440K)->5095K(5440K)
[2023-04-17T08:16:49.552-0400][gc          ] GC(393) Pause Young (Normal) (G1 Evacuation Pause) 373M->328M(1024M) 47.066ms
[2023-04-17T08:16:49.552-0400][gc,cpu      ] GC(393) User=0.20s Sys=0.06s Real=0.05s
[2023-04-17T08:17:32.124-0400][gc,start    ] GC(394) Pause Young (Normal) (G1 Evacuation Pause)
[2023-04-17T08:17:32.126-0400][gc,task     ] GC(394) Using 8 workers of 8 for evacuation
[2023-04-17T08:17:32.183-0400][gc,mmu      ] GC(394) MMU target violated: 21.0ms (20.0ms/21.0ms)
[2023-04-17T08:17:32.184-0400][gc,phases   ] GC(394)   Pre Evacuate Collection Set: 0.6ms
[2023-04-17T08:17:32.184-0400][gc,phases   ] GC(394)   Merge Heap Roots: 0.7ms
[2023-04-17T08:17:32.184-0400][gc,phases   ] GC(394)   Evacuate Collection Set: 52.7ms
[2023-04-17T08:17:32.185-0400][gc,phases   ] GC(394)   Post Evacuate Collection Set: 2.1ms
[2023-04-17T08:17:32.185-0400][gc,phases   ] GC(394)   Other: 1.5ms
[2023-04-17T08:17:32.185-0400][gc,heap     ] GC(394) Eden regions: 46->0(47)
[2023-04-17T08:17:32.185-0400][gc,heap     ] GC(394) Survivor regions: 5->4(7)
[2023-04-17T08:17:32.186-0400][gc,heap     ] GC(394) Old regions: 195->197
[2023-04-17T08:17:32.186-0400][gc,heap     ] GC(394) Archive regions: 2->2
[2023-04-17T08:17:32.186-0400][gc,heap     ] GC(394) Humongous regions: 129->129
[2023-04-17T08:17:32.186-0400][gc,metaspace] GC(394) Metaspace: 44147K(44928K)->44147K(44928K) NonClass: 39052K(39488K)->39052K(39488K) Class: 5095K(5440K)->5095K(5440K)
[2023-04-17T08:17:32.187-0400][gc          ] GC(394) Pause Young (Normal) (G1 Evacuation Pause) 374M->329M(1024M) 62.182ms
[2023-04-17T08:17:32.187-0400][gc,cpu      ] GC(394) User=0.22s Sys=0.11s Real=0.06s
[2023-04-17T08:18:14.758-0400][gc,start    ] GC(395) Pause Young (Normal) (G1 Evacuation Pause)
[2023-04-17T08:18:14.761-0400][gc,task     ] GC(395) Using 8 workers of 8 for evacuation
[2023-04-17T08:18:14.784-0400][gc,mmu      ] GC(395) MMU target violated: 21.0ms (20.0ms/21.0ms)
[2023-04-17T08:18:14.784-0400][gc,phases   ] GC(395)   Pre Evacuate Collection Set: 0.7ms
[2023-04-17T08:18:14.784-0400][gc,phases   ] GC(395)   Merge Heap Roots: 0.6ms
[2023-04-17T08:18:14.784-0400][gc,phases   ] GC(395)   Evacuate Collection Set: 19.7ms
[2023-04-17T08:18:14.784-0400][gc,phases   ] GC(395)   Post Evacuate Collection Set: 1.8ms
[2023-04-17T08:18:14.785-0400][gc,phases   ] GC(395)   Other: 0.9ms
[2023-04-17T08:18:14.785-0400][gc,heap     ] GC(395) Eden regions: 47->0(47)
[2023-04-17T08:18:14.785-0400][gc,heap     ] GC(395) Survivor regions: 4->4(7)
[2023-04-17T08:18:14.785-0400][gc,heap     ] GC(395) Old regions: 197->197
[2023-04-17T08:18:14.785-0400][gc,heap     ] GC(395) Archive regions: 2->2
[2023-04-17T08:18:14.785-0400][gc,heap     ] GC(395) Humongous regions: 129->129
[2023-04-17T08:18:14.785-0400][gc,metaspace] GC(395) Metaspace: 44147K(44928K)->44147K(44928K) NonClass: 39052K(39488K)->39052K(39488K) Class: 5095K(5440K)->5095K(5440K)
[2023-04-17T08:18:14.785-0400][gc          ] GC(395) Pause Young (Normal) (G1 Evacuation Pause) 376M->330M(1024M) 27.224ms
[2023-04-17T08:18:14.786-0400][gc,cpu      ] GC(395) User=0.15s Sys=0.01s Real=0.03s
[2023-04-17T08:18:57.239-0400][gc,start    ] GC(396) Pause Young (Normal) (G1 Evacuation Pause)
[2023-04-17T08:18:57.242-0400][gc,task     ] GC(396) Using 8 workers of 8 for evacuation
[2023-04-17T08:18:57.284-0400][gc,mmu      ] GC(396) MMU target violated: 21.0ms (20.0ms/21.0ms)
[2023-04-17T08:18:57.284-0400][gc,phases   ] GC(396)   Pre Evacuate Collection Set: 0.6ms
[2023-04-17T08:18:57.284-0400][gc,phases   ] GC(396)   Merge Heap Roots: 0.5ms
[2023-04-17T08:18:57.284-0400][gc,phases   ] GC(396)   Evacuate Collection Set: 38.7ms
[2023-04-17T08:18:57.284-0400][gc,phases   ] GC(396)   Post Evacuate Collection Set: 1.8ms
[2023-04-17T08:18:57.285-0400][gc,phases   ] GC(396)   Other: 0.9ms
[2023-04-17T08:18:57.285-0400][gc,heap     ] GC(396) Eden regions: 47->0(46)
[2023-04-17T08:18:57.285-0400][gc,heap     ] GC(396) Survivor regions: 4->5(7)
[2023-04-17T08:18:57.285-0400][gc,heap     ] GC(396) Old regions: 197->198
[2023-04-17T08:18:57.286-0400][gc,heap     ] GC(396) Archive regions: 2->2
[2023-04-17T08:18:57.286-0400][gc,heap     ] GC(396) Humongous regions: 129->129
[2023-04-17T08:18:57.286-0400][gc,metaspace] GC(396) Metaspace: 44147K(44928K)->44147K(44928K) NonClass: 39052K(39488K)->39052K(39488K) Class: 5095K(5440K)->5095K(5440K)
[2023-04-17T08:18:57.286-0400][gc          ] GC(396) Pause Young (Normal) (G1 Evacuation Pause) 377M->331M(1024M) 46.644ms
[2023-04-17T08:18:57.286-0400][gc,cpu      ] GC(396) User=0.19s Sys=0.05s Real=0.05s
[2023-04-17T08:19:32.576-0400][gc,start    ] GC(397) Pause Young (Normal) (G1 Evacuation Pause)
[2023-04-17T08:19:32.577-0400][gc,task     ] GC(397) Using 8 workers of 8 for evacuation
[2023-04-17T08:19:32.593-0400][gc,phases   ] GC(397)   Pre Evacuate Collection Set: 0.2ms
[2023-04-17T08:19:32.593-0400][gc,phases   ] GC(397)   Merge Heap Roots: 0.2ms
[2023-04-17T08:19:32.593-0400][gc,phases   ] GC(397)   Evacuate Collection Set: 14.9ms
[2023-04-17T08:19:32.593-0400][gc,phases   ] GC(397)   Post Evacuate Collection Set: 0.8ms
[2023-04-17T08:19:32.593-0400][gc,phases   ] GC(397)   Other: 0.3ms
[2023-04-17T08:19:32.593-0400][gc,heap     ] GC(397) Eden regions: 46->0(46)
[2023-04-17T08:19:32.593-0400][gc,heap     ] GC(397) Survivor regions: 5->5(7)
[2023-04-17T08:19:32.593-0400][gc,heap     ] GC(397) Old regions: 198->199
[2023-04-17T08:19:32.593-0400][gc,heap     ] GC(397) Archive regions: 2->2
[2023-04-17T08:19:32.593-0400][gc,heap     ] GC(397) Humongous regions: 129->129
[2023-04-17T08:19:32.594-0400][gc,metaspace] GC(397) Metaspace: 44147K(44928K)->44147K(44928K) NonClass: 39052K(39488K)->39052K(39488K) Class: 5095K(5440K)->5095K(5440K)
[2023-04-17T08:19:32.594-0400][gc          ] GC(397) Pause Young (Normal) (G1 Evacuation Pause) 377M->332M(1024M) 17.508ms
[2023-04-17T08:19:32.594-0400][gc,cpu      ] GC(397) User=0.08s Sys=0.02s Real=0.02s
[2023-04-17T08:20:02.763-0400][gc,start    ] GC(398) Pause Young (Normal) (G1 Evacuation Pause)
[2023-04-17T08:20:02.763-0400][gc,task     ] GC(398) Using 8 workers of 8 for evacuation
[2023-04-17T08:20:02.780-0400][gc,phases   ] GC(398)   Pre Evacuate Collection Set: 0.3ms
[2023-04-17T08:20:02.780-0400][gc,phases   ] GC(398)   Merge Heap Roots: 0.2ms
[2023-04-17T08:20:02.780-0400][gc,phases   ] GC(398)   Evacuate Collection Set: 15.2ms
[2023-04-17T08:20:02.780-0400][gc,phases   ] GC(398)   Post Evacuate Collection Set: 0.9ms
[2023-04-17T08:20:02.780-0400][gc,phases   ] GC(398)   Other: 0.3ms
[2023-04-17T08:20:02.780-0400][gc,heap     ] GC(398) Eden regions: 46->0(46)
[2023-04-17T08:20:02.780-0400][gc,heap     ] GC(398) Survivor regions: 5->5(7)
[2023-04-17T08:20:02.780-0400][gc,heap     ] GC(398) Old regions: 199->200
[2023-04-17T08:20:02.780-0400][gc,heap     ] GC(398) Archive regions: 2->2
[2023-04-17T08:20:02.781-0400][gc,heap     ] GC(398) Humongous regions: 129->129
[2023-04-17T08:20:02.781-0400][gc,metaspace] GC(398) Metaspace: 44147K(44928K)->44147K(44928K) NonClass: 39052K(39488K)->39052K(39488K) Class: 5095K(5440K)->5095K(5440K)
[2023-04-17T08:20:02.781-0400][gc          ] GC(398) Pause Young (Normal) (G1 Evacuation Pause) 378M->333M(1024M) 18.102ms
[2023-04-17T08:20:02.781-0400][gc,cpu      ] GC(398) User=0.08s Sys=0.02s Real=0.02s
[2023-04-17T08:20:32.829-0400][gc,start    ] GC(399) Pause Young (Normal) (G1 Evacuation Pause)
[2023-04-17T08:20:32.830-0400][gc,task     ] GC(399) Using 8 workers of 8 for evacuation
[2023-04-17T08:20:32.845-0400][gc,phases   ] GC(399)   Pre Evacuate Collection Set: 0.3ms
[2023-04-17T08:20:32.845-0400][gc,phases   ] GC(399)   Merge Heap Roots: 0.2ms
[2023-04-17T08:20:32.845-0400][gc,phases   ] GC(399)   Evacuate Collection Set: 13.6ms
[2023-04-17T08:20:32.845-0400][gc,phases   ] GC(399)   Post Evacuate Collection Set: 0.9ms
[2023-04-17T08:20:32.845-0400][gc,phases   ] GC(399)   Other: 0.3ms
[2023-04-17T08:20:32.845-0400][gc,heap     ] GC(399) Eden regions: 46->0(46)
[2023-04-17T08:20:32.845-0400][gc,heap     ] GC(399) Survivor regions: 5->5(7)
[2023-04-17T08:20:32.846-0400][gc,heap     ] GC(399) Old regions: 200->201
[2023-04-17T08:20:32.846-0400][gc,heap     ] GC(399) Archive regions: 2->2
[2023-04-17T08:20:32.846-0400][gc,heap     ] GC(399) Humongous regions: 129->129
[2023-04-17T08:20:32.846-0400][gc,metaspace] GC(399) Metaspace: 44147K(44928K)->44147K(44928K) NonClass: 39052K(39488K)->39052K(39488K) Class: 5095K(5440K)->5095K(5440K)
[2023-04-17T08:20:32.846-0400][gc          ] GC(399) Pause Young (Normal) (G1 Evacuation Pause) 379M->334M(1024M) 16.780ms
[2023-04-17T08:20:32.846-0400][gc,cpu      ] GC(399) User=0.08s Sys=0.02s Real=0.02s
[2023-04-17T08:21:03.389-0400][gc,start    ] GC(400) Pause Young (Normal) (G1 Evacuation Pause)
[2023-04-17T08:21:03.389-0400][gc,task     ] GC(400) Using 8 workers of 8 for evacuation
[2023-04-17T08:21:03.409-0400][gc,phases   ] GC(400)   Pre Evacuate Collection Set: 0.2ms
[2023-04-17T08:21:03.409-0400][gc,phases   ] GC(400)   Merge Heap Roots: 0.2ms
[2023-04-17T08:21:03.409-0400][gc,phases   ] GC(400)   Evacuate Collection Set: 15.6ms
[2023-04-17T08:21:03.409-0400][gc,phases   ] GC(400)   Post Evacuate Collection Set: 1.0ms
[2023-04-17T08:21:03.409-0400][gc,phases   ] GC(400)   Other: 2.4ms
[2023-04-17T08:21:03.409-0400][gc,heap     ] GC(400) Eden regions: 46->0(47)
[2023-04-17T08:21:03.409-0400][gc,heap     ] GC(400) Survivor regions: 5->4(7)
[2023-04-17T08:21:03.409-0400][gc,heap     ] GC(400) Old regions: 201->202
[2023-04-17T08:21:03.409-0400][gc,heap     ] GC(400) Archive regions: 2->2
[2023-04-17T08:21:03.409-0400][gc,heap     ] GC(400) Humongous regions: 129->129
[2023-04-17T08:21:03.409-0400][gc,metaspace] GC(400) Metaspace: 44147K(44928K)->44147K(44928K) NonClass: 39052K(39488K)->39052K(39488K) Class: 5095K(5440K)->5095K(5440K)
[2023-04-17T08:21:03.409-0400][gc          ] GC(400) Pause Young (Normal) (G1 Evacuation Pause) 380M->335M(1024M) 20.431ms
[2023-04-17T08:21:03.409-0400][gc,cpu      ] GC(400) User=0.08s Sys=0.02s Real=0.02s
[2023-04-17T08:21:40.692-0400][gc,start    ] GC(401) Pause Young (Normal) (G1 Evacuation Pause)
[2023-04-17T08:21:40.694-0400][gc,task     ] GC(401) Using 8 workers of 8 for evacuation
[2023-04-17T08:21:40.733-0400][gc,mmu      ] GC(401) MMU target violated: 21.0ms (20.0ms/21.0ms)
[2023-04-17T08:21:40.733-0400][gc,phases   ] GC(401)   Pre Evacuate Collection Set: 0.5ms
[2023-04-17T08:21:40.733-0400][gc,phases   ] GC(401)   Merge Heap Roots: 0.6ms
[2023-04-17T08:21:40.733-0400][gc,phases   ] GC(401)   Evacuate Collection Set: 30.6ms
[2023-04-17T08:21:40.733-0400][gc,phases   ] GC(401)   Post Evacuate Collection Set: 1.8ms
[2023-04-17T08:21:40.733-0400][gc,phases   ] GC(401)   Other: 5.5ms
[2023-04-17T08:21:40.734-0400][gc,heap     ] GC(401) Eden regions: 47->0(47)
[2023-04-17T08:21:40.734-0400][gc,heap     ] GC(401) Survivor regions: 4->4(7)
[2023-04-17T08:21:40.734-0400][gc,heap     ] GC(401) Old regions: 202->203
[2023-04-17T08:21:40.734-0400][gc,heap     ] GC(401) Archive regions: 2->2
[2023-04-17T08:21:40.734-0400][gc,heap     ] GC(401) Humongous regions: 129->129
[2023-04-17T08:21:40.734-0400][gc,metaspace] GC(401) Metaspace: 44147K(44928K)->44147K(44928K) NonClass: 39052K(39488K)->39052K(39488K) Class: 5095K(5440K)->5095K(5440K)
[2023-04-17T08:21:40.734-0400][gc          ] GC(401) Pause Young (Normal) (G1 Evacuation Pause) 382M->336M(1024M) 41.711ms
[2023-04-17T08:21:40.734-0400][gc,cpu      ] GC(401) User=0.19s Sys=0.03s Real=0.04s
[2023-04-17T08:22:23.624-0400][gc,start    ] GC(402) Pause Young (Normal) (G1 Evacuation Pause)
[2023-04-17T08:22:23.627-0400][gc,task     ] GC(402) Using 8 workers of 8 for evacuation
[2023-04-17T08:22:23.656-0400][gc,mmu      ] GC(402) MMU target violated: 21.0ms (20.0ms/21.0ms)
[2023-04-17T08:22:23.656-0400][gc,phases   ] GC(402)   Pre Evacuate Collection Set: 0.8ms
[2023-04-17T08:22:23.656-0400][gc,phases   ] GC(402)   Merge Heap Roots: 0.5ms
[2023-04-17T08:22:23.656-0400][gc,phases   ] GC(402)   Evacuate Collection Set: 25.3ms
[2023-04-17T08:22:23.656-0400][gc,phases   ] GC(402)   Post Evacuate Collection Set: 2.0ms
[2023-04-17T08:22:23.656-0400][gc,phases   ] GC(402)   Other: 0.9ms
[2023-04-17T08:22:23.657-0400][gc,heap     ] GC(402) Eden regions: 47->0(46)
[2023-04-17T08:22:23.657-0400][gc,heap     ] GC(402) Survivor regions: 4->5(7)
[2023-04-17T08:22:23.657-0400][gc,heap     ] GC(402) Old regions: 203->203
[2023-04-17T08:22:23.657-0400][gc,heap     ] GC(402) Archive regions: 2->2
[2023-04-17T08:22:23.657-0400][gc,heap     ] GC(402) Humongous regions: 129->129
[2023-04-17T08:22:23.657-0400][gc,metaspace] GC(402) Metaspace: 44147K(44928K)->44147K(44928K) NonClass: 39052K(39488K)->39052K(39488K) Class: 5095K(5440K)->5095K(5440K)
[2023-04-17T08:22:23.657-0400][gc          ] GC(402) Pause Young (Normal) (G1 Evacuation Pause) 383M->337M(1024M) 33.486ms
[2023-04-17T08:22:23.657-0400][gc,cpu      ] GC(402) User=0.19s Sys=0.01s Real=0.03s
[2023-04-17T08:23:06.158-0400][gc,start    ] GC(403) Pause Young (Normal) (G1 Evacuation Pause)
[2023-04-17T08:23:06.159-0400][gc,task     ] GC(403) Using 8 workers of 8 for evacuation
[2023-04-17T08:23:06.212-0400][gc,mmu      ] GC(403) MMU target violated: 21.0ms (20.0ms/21.0ms)
[2023-04-17T08:23:06.212-0400][gc,phases   ] GC(403)   Pre Evacuate Collection Set: 0.7ms
[2023-04-17T08:23:06.212-0400][gc,phases   ] GC(403)   Merge Heap Roots: 0.5ms
[2023-04-17T08:23:06.212-0400][gc,phases   ] GC(403)   Evacuate Collection Set: 46.4ms
[2023-04-17T08:23:06.212-0400][gc,phases   ] GC(403)   Post Evacuate Collection Set: 1.9ms
[2023-04-17T08:23:06.213-0400][gc,phases   ] GC(403)   Other: 3.9ms
[2023-04-17T08:23:06.213-0400][gc,heap     ] GC(403) Eden regions: 46->0(46)
[2023-04-17T08:23:06.213-0400][gc,heap     ] GC(403) Survivor regions: 5->5(7)
[2023-04-17T08:23:06.213-0400][gc,heap     ] GC(403) Old regions: 203->205
[2023-04-17T08:23:06.213-0400][gc,heap     ] GC(403) Archive regions: 2->2
[2023-04-17T08:23:06.213-0400][gc,heap     ] GC(403) Humongous regions: 129->129
[2023-04-17T08:23:06.213-0400][gc,metaspace] GC(403) Metaspace: 44147K(44928K)->44147K(44928K) NonClass: 39052K(39488K)->39052K(39488K) Class: 5095K(5440K)->5095K(5440K)
[2023-04-17T08:23:06.213-0400][gc          ] GC(403) Pause Young (Normal) (G1 Evacuation Pause) 383M->338M(1024M) 55.361ms
[2023-04-17T08:23:06.213-0400][gc,cpu      ] GC(403) User=0.23s Sys=0.07s Real=0.06s
[2023-04-17T08:23:47.513-0400][gc,start    ] GC(404) Pause Young (Normal) (G1 Evacuation Pause)
[2023-04-17T08:23:47.515-0400][gc,task     ] GC(404) Using 8 workers of 8 for evacuation
[2023-04-17T08:23:47.550-0400][gc,mmu      ] GC(404) MMU target violated: 21.0ms (20.0ms/21.0ms)
[2023-04-17T08:23:47.550-0400][gc,phases   ] GC(404)   Pre Evacuate Collection Set: 1.0ms
[2023-04-17T08:23:47.550-0400][gc,phases   ] GC(404)   Merge Heap Roots: 0.6ms
[2023-04-17T08:23:47.551-0400][gc,phases   ] GC(404)   Evacuate Collection Set: 30.5ms
[2023-04-17T08:23:47.551-0400][gc,phases   ] GC(404)   Post Evacuate Collection Set: 2.4ms
[2023-04-17T08:23:47.551-0400][gc,phases   ] GC(404)   Other: 1.0ms
[2023-04-17T08:23:47.551-0400][gc,heap     ] GC(404) Eden regions: 46->0(46)
[2023-04-17T08:23:47.551-0400][gc,heap     ] GC(404) Survivor regions: 5->5(7)
[2023-04-17T08:23:47.552-0400][gc,heap     ] GC(404) Old regions: 205->206
[2023-04-17T08:23:47.552-0400][gc,heap     ] GC(404) Archive regions: 2->2
[2023-04-17T08:23:47.552-0400][gc,heap     ] GC(404) Humongous regions: 129->129
[2023-04-17T08:23:47.552-0400][gc,metaspace] GC(404) Metaspace: 44147K(44928K)->44147K(44928K) NonClass: 39052K(39488K)->39052K(39488K) Class: 5095K(5440K)->5095K(5440K)
[2023-04-17T08:23:47.552-0400][gc          ] GC(404) Pause Young (Normal) (G1 Evacuation Pause) 384M->339M(1024M) 39.356ms
[2023-04-17T08:23:47.552-0400][gc,cpu      ] GC(404) User=0.20s Sys=0.03s Real=0.04s
[2023-04-17T08:24:20.401-0400][gc,start    ] GC(405) Pause Young (Normal) (G1 Evacuation Pause)
[2023-04-17T08:24:20.403-0400][gc,task     ] GC(405) Using 8 workers of 8 for evacuation
[2023-04-17T08:24:20.422-0400][gc,phases   ] GC(405)   Pre Evacuate Collection Set: 0.3ms
[2023-04-17T08:24:20.422-0400][gc,phases   ] GC(405)   Merge Heap Roots: 0.3ms
[2023-04-17T08:24:20.422-0400][gc,phases   ] GC(405)   Evacuate Collection Set: 17.2ms
[2023-04-17T08:24:20.422-0400][gc,phases   ] GC(405)   Post Evacuate Collection Set: 0.9ms
[2023-04-17T08:24:20.422-0400][gc,phases   ] GC(405)   Other: 0.4ms
[2023-04-17T08:24:20.422-0400][gc,heap     ] GC(405) Eden regions: 46->0(46)
[2023-04-17T08:24:20.422-0400][gc,heap     ] GC(405) Survivor regions: 5->5(7)
[2023-04-17T08:24:20.422-0400][gc,heap     ] GC(405) Old regions: 206->207
[2023-04-17T08:24:20.422-0400][gc,heap     ] GC(405) Archive regions: 2->2
[2023-04-17T08:24:20.422-0400][gc,heap     ] GC(405) Humongous regions: 129->129
[2023-04-17T08:24:20.422-0400][gc,metaspace] GC(405) Metaspace: 44147K(44928K)->44147K(44928K) NonClass: 39052K(39488K)->39052K(39488K) Class: 5095K(5440K)->5095K(5440K)
[2023-04-17T08:24:20.422-0400][gc          ] GC(405) Pause Young (Normal) (G1 Evacuation Pause) 385M->340M(1024M) 20.734ms
[2023-04-17T08:24:20.422-0400][gc,cpu      ] GC(405) User=0.09s Sys=0.02s Real=0.02s
[2023-04-17T08:24:51.575-0400][gc,start    ] GC(406) Pause Young (Normal) (G1 Evacuation Pause)
[2023-04-17T08:24:51.575-0400][gc,task     ] GC(406) Using 8 workers of 8 for evacuation
[2023-04-17T08:24:51.592-0400][gc,phases   ] GC(406)   Pre Evacuate Collection Set: 0.2ms
[2023-04-17T08:24:51.592-0400][gc,phases   ] GC(406)   Merge Heap Roots: 0.3ms
[2023-04-17T08:24:51.592-0400][gc,phases   ] GC(406)   Evacuate Collection Set: 14.9ms
[2023-04-17T08:24:51.592-0400][gc,phases   ] GC(406)   Post Evacuate Collection Set: 0.8ms
[2023-04-17T08:24:51.592-0400][gc,phases   ] GC(406)   Other: 0.2ms
[2023-04-17T08:24:51.592-0400][gc,heap     ] GC(406) Eden regions: 46->0(46)
[2023-04-17T08:24:51.592-0400][gc,heap     ] GC(406) Survivor regions: 5->5(7)
[2023-04-17T08:24:51.592-0400][gc,heap     ] GC(406) Old regions: 207->208
[2023-04-17T08:24:51.592-0400][gc,heap     ] GC(406) Archive regions: 2->2
[2023-04-17T08:24:51.592-0400][gc,heap     ] GC(406) Humongous regions: 129->129
[2023-04-17T08:24:51.592-0400][gc,metaspace] GC(406) Metaspace: 44147K(44928K)->44147K(44928K) NonClass: 39052K(39488K)->39052K(39488K) Class: 5095K(5440K)->5095K(5440K)
[2023-04-17T08:24:51.592-0400][gc          ] GC(406) Pause Young (Normal) (G1 Evacuation Pause) 386M->341M(1024M) 17.233ms
[2023-04-17T08:24:51.593-0400][gc,cpu      ] GC(406) User=0.08s Sys=0.02s Real=0.02s
[2023-04-17T08:25:22.861-0400][gc,start    ] GC(407) Pause Young (Normal) (G1 Evacuation Pause)
[2023-04-17T08:25:22.862-0400][gc,task     ] GC(407) Using 8 workers of 8 for evacuation
[2023-04-17T08:25:22.877-0400][gc,phases   ] GC(407)   Pre Evacuate Collection Set: 0.2ms
[2023-04-17T08:25:22.877-0400][gc,phases   ] GC(407)   Merge Heap Roots: 0.2ms
[2023-04-17T08:25:22.877-0400][gc,phases   ] GC(407)   Evacuate Collection Set: 13.7ms
[2023-04-17T08:25:22.877-0400][gc,phases   ] GC(407)   Post Evacuate Collection Set: 0.9ms
[2023-04-17T08:25:22.877-0400][gc,phases   ] GC(407)   Other: 0.3ms
[2023-04-17T08:25:22.878-0400][gc,heap     ] GC(407) Eden regions: 46->0(46)
[2023-04-17T08:25:22.878-0400][gc,heap     ] GC(407) Survivor regions: 5->5(7)
[2023-04-17T08:25:22.878-0400][gc,heap     ] GC(407) Old regions: 208->209
[2023-04-17T08:25:22.878-0400][gc,heap     ] GC(407) Archive regions: 2->2
[2023-04-17T08:25:22.878-0400][gc,heap     ] GC(407) Humongous regions: 129->129
[2023-04-17T08:25:22.878-0400][gc,metaspace] GC(407) Metaspace: 44147K(44928K)->44147K(44928K) NonClass: 39052K(39488K)->39052K(39488K) Class: 5095K(5440K)->5095K(5440K)
[2023-04-17T08:25:22.878-0400][gc          ] GC(407) Pause Young (Normal) (G1 Evacuation Pause) 387M->342M(1024M) 16.318ms
[2023-04-17T08:25:22.878-0400][gc,cpu      ] GC(407) User=0.08s Sys=0.02s Real=0.01s
[2023-04-17T08:25:55.101-0400][gc,start    ] GC(408) Pause Young (Normal) (G1 Evacuation Pause)
[2023-04-17T08:25:55.120-0400][gc,task     ] GC(408) Using 8 workers of 8 for evacuation
[2023-04-17T08:25:55.137-0400][gc,phases   ] GC(408)   Pre Evacuate Collection Set: 0.3ms
[2023-04-17T08:25:55.137-0400][gc,phases   ] GC(408)   Merge Heap Roots: 0.2ms
[2023-04-17T08:25:55.138-0400][gc,phases   ] GC(408)   Evacuate Collection Set: 14.9ms
[2023-04-17T08:25:55.138-0400][gc,phases   ] GC(408)   Post Evacuate Collection Set: 0.8ms
[2023-04-17T08:25:55.138-0400][gc,phases   ] GC(408)   Other: 1.4ms
[2023-04-17T08:25:55.138-0400][gc,heap     ] GC(408) Eden regions: 46->0(69)
[2023-04-17T08:25:55.138-0400][gc,heap     ] GC(408) Survivor regions: 5->4(7)
[2023-04-17T08:25:55.138-0400][gc,heap     ] GC(408) Old regions: 209->210
[2023-04-17T08:25:55.138-0400][gc,heap     ] GC(408) Archive regions: 2->2
[2023-04-17T08:25:55.138-0400][gc,heap     ] GC(408) Humongous regions: 129->129
[2023-04-17T08:25:55.138-0400][gc,metaspace] GC(408) Metaspace: 44147K(44928K)->44147K(44928K) NonClass: 39052K(39488K)->39052K(39488K) Class: 5095K(5440K)->5095K(5440K)
[2023-04-17T08:25:55.138-0400][gc          ] GC(408) Pause Young (Normal) (G1 Evacuation Pause) 388M->343M(1024M) 36.609ms
[2023-04-17T08:25:55.138-0400][gc,cpu      ] GC(408) User=0.09s Sys=0.02s Real=0.03s
[2023-04-17T08:43:12.551-0400][gc,start    ] GC(409) Pause Young (Normal) (G1 Evacuation Pause)
[2023-04-17T08:43:12.552-0400][gc,task     ] GC(409) Using 8 workers of 8 for evacuation
[2023-04-17T08:43:12.562-0400][gc,phases   ] GC(409)   Pre Evacuate Collection Set: 0.3ms
[2023-04-17T08:43:12.562-0400][gc,phases   ] GC(409)   Merge Heap Roots: 0.3ms
[2023-04-17T08:43:12.562-0400][gc,phases   ] GC(409)   Evacuate Collection Set: 8.2ms
[2023-04-17T08:43:12.562-0400][gc,phases   ] GC(409)   Post Evacuate Collection Set: 0.3ms
[2023-04-17T08:43:12.562-0400][gc,phases   ] GC(409)   Other: 1.1ms
[2023-04-17T08:43:12.562-0400][gc,heap     ] GC(409) Eden regions: 69->0(43)
[2023-04-17T08:43:12.562-0400][gc,heap     ] GC(409) Survivor regions: 4->8(10)
[2023-04-17T08:43:12.562-0400][gc,heap     ] GC(409) Old regions: 210->210
[2023-04-17T08:43:12.562-0400][gc,heap     ] GC(409) Archive regions: 2->2
[2023-04-17T08:43:12.562-0400][gc,heap     ] GC(409) Humongous regions: 129->129
[2023-04-17T08:43:12.562-0400][gc,metaspace] GC(409) Metaspace: 44147K(44928K)->44147K(44928K) NonClass: 39052K(39488K)->39052K(39488K) Class: 5095K(5440K)->5095K(5440K)
[2023-04-17T08:43:12.562-0400][gc          ] GC(409) Pause Young (Normal) (G1 Evacuation Pause) 412M->347M(1024M) 11.430ms
[2023-04-17T08:43:12.562-0400][gc,cpu      ] GC(409) User=0.06s Sys=0.00s Real=0.01s
[2023-04-17T09:01:28.357-0400][gc,start    ] GC(410) Pause Young (Normal) (G1 Evacuation Pause)
[2023-04-17T09:01:28.358-0400][gc,task     ] GC(410) Using 8 workers of 8 for evacuation
[2023-04-17T09:01:28.387-0400][gc,mmu      ] GC(410) MMU target violated: 21.0ms (20.0ms/21.0ms)
[2023-04-17T09:01:28.387-0400][gc,phases   ] GC(410)   Pre Evacuate Collection Set: 0.2ms
[2023-04-17T09:01:28.387-0400][gc,phases   ] GC(410)   Merge Heap Roots: 0.2ms
[2023-04-17T09:01:28.387-0400][gc,phases   ] GC(410)   Evacuate Collection Set: 27.5ms
[2023-04-17T09:01:28.387-0400][gc,phases   ] GC(410)   Post Evacuate Collection Set: 0.5ms
[2023-04-17T09:01:28.387-0400][gc,phases   ] GC(410)   Other: 0.2ms
[2023-04-17T09:01:28.387-0400][gc,heap     ] GC(410) Eden regions: 43->0(75)
[2023-04-17T09:01:28.387-0400][gc,heap     ] GC(410) Survivor regions: 8->3(7)
[2023-04-17T09:01:28.387-0400][gc,heap     ] GC(410) Old regions: 210->217
[2023-04-17T09:01:28.387-0400][gc,heap     ] GC(410) Archive regions: 2->2
[2023-04-17T09:01:28.387-0400][gc,heap     ] GC(410) Humongous regions: 129->129
[2023-04-17T09:01:28.387-0400][gc,metaspace] GC(410) Metaspace: 44150K(44928K)->44150K(44928K) NonClass: 39055K(39488K)->39055K(39488K) Class: 5095K(5440K)->5095K(5440K)
[2023-04-17T09:01:28.387-0400][gc          ] GC(410) Pause Young (Normal) (G1 Evacuation Pause) 390M->349M(1024M) 29.874ms
[2023-04-17T09:01:28.387-0400][gc,cpu      ] GC(410) User=0.07s Sys=0.06s Real=0.03s
[2023-04-17T09:44:48.533-0400][gc,start    ] GC(411) Pause Young (Normal) (G1 Evacuation Pause)
[2023-04-17T09:44:48.534-0400][gc,task     ] GC(411) Using 8 workers of 8 for evacuation
[2023-04-17T09:44:48.544-0400][gc,phases   ] GC(411)   Pre Evacuate Collection Set: 0.4ms
[2023-04-17T09:44:48.544-0400][gc,phases   ] GC(411)   Merge Heap Roots: 0.2ms
[2023-04-17T09:44:48.544-0400][gc,phases   ] GC(411)   Evacuate Collection Set: 8.4ms
[2023-04-17T09:44:48.544-0400][gc,phases   ] GC(411)   Post Evacuate Collection Set: 0.6ms
[2023-04-17T09:44:48.544-0400][gc,phases   ] GC(411)   Other: 0.2ms
[2023-04-17T09:44:48.544-0400][gc,heap     ] GC(411) Eden regions: 75->0(43)
[2023-04-17T09:44:48.544-0400][gc,heap     ] GC(411) Survivor regions: 3->8(10)
[2023-04-17T09:44:48.544-0400][gc,heap     ] GC(411) Old regions: 217->217
[2023-04-17T09:44:48.544-0400][gc,heap     ] GC(411) Archive regions: 2->2
[2023-04-17T09:44:48.544-0400][gc,heap     ] GC(411) Humongous regions: 129->129
[2023-04-17T09:44:48.544-0400][gc,metaspace] GC(411) Metaspace: 44151K(44928K)->44151K(44928K) NonClass: 39055K(39488K)->39055K(39488K) Class: 5095K(5440K)->5095K(5440K)
[2023-04-17T09:44:48.544-0400][gc          ] GC(411) Pause Young (Normal) (G1 Evacuation Pause) 424M->353M(1024M) 11.119ms
[2023-04-17T09:44:48.544-0400][gc,cpu      ] GC(411) User=0.07s Sys=0.00s Real=0.01s
[2023-04-17T09:45:18.792-0400][gc,start    ] GC(412) Pause Young (Normal) (G1 Evacuation Pause)
[2023-04-17T09:45:18.792-0400][gc,task     ] GC(412) Using 8 workers of 8 for evacuation
[2023-04-17T09:45:18.815-0400][gc,mmu      ] GC(412) MMU target violated: 21.0ms (20.0ms/21.0ms)
[2023-04-17T09:45:18.815-0400][gc,phases   ] GC(412)   Pre Evacuate Collection Set: 0.3ms
[2023-04-17T09:45:18.815-0400][gc,phases   ] GC(412)   Merge Heap Roots: 0.2ms
[2023-04-17T09:45:18.815-0400][gc,phases   ] GC(412)   Evacuate Collection Set: 21.4ms
[2023-04-17T09:45:18.815-0400][gc,phases   ] GC(412)   Post Evacuate Collection Set: 0.4ms
[2023-04-17T09:45:18.815-0400][gc,phases   ] GC(412)   Other: 0.3ms
[2023-04-17T09:45:18.815-0400][gc,heap     ] GC(412) Eden regions: 43->0(82)
[2023-04-17T09:45:18.815-0400][gc,heap     ] GC(412) Survivor regions: 8->3(7)
[2023-04-17T09:45:18.815-0400][gc,heap     ] GC(412) Old regions: 217->224
[2023-04-17T09:45:18.815-0400][gc,heap     ] GC(412) Archive regions: 2->2
[2023-04-17T09:45:18.815-0400][gc,heap     ] GC(412) Humongous regions: 129->129
[2023-04-17T09:45:18.815-0400][gc,metaspace] GC(412) Metaspace: 44151K(44928K)->44151K(44928K) NonClass: 39055K(39488K)->39055K(39488K) Class: 5095K(5440K)->5095K(5440K)
[2023-04-17T09:45:18.815-0400][gc          ] GC(412) Pause Young (Normal) (G1 Evacuation Pause) 396M->356M(1024M) 23.416ms
[2023-04-17T09:45:18.815-0400][gc,cpu      ] GC(412) User=0.06s Sys=0.06s Real=0.02s
[2023-04-17T09:46:18.641-0400][gc,start    ] GC(413) Pause Young (Normal) (G1 Evacuation Pause)
[2023-04-17T09:46:18.642-0400][gc,task     ] GC(413) Using 8 workers of 8 for evacuation
[2023-04-17T09:46:18.650-0400][gc,phases   ] GC(413)   Pre Evacuate Collection Set: 0.3ms
[2023-04-17T09:46:18.650-0400][gc,phases   ] GC(413)   Merge Heap Roots: 0.2ms
[2023-04-17T09:46:18.650-0400][gc,phases   ] GC(413)   Evacuate Collection Set: 6.6ms
[2023-04-17T09:46:18.650-0400][gc,phases   ] GC(413)   Post Evacuate Collection Set: 0.5ms
[2023-04-17T09:46:18.650-0400][gc,phases   ] GC(413)   Other: 0.2ms
[2023-04-17T09:46:18.650-0400][gc,heap     ] GC(413) Eden regions: 82->0(84)
[2023-04-17T09:46:18.650-0400][gc,heap     ] GC(413) Survivor regions: 3->5(11)
[2023-04-17T09:46:18.650-0400][gc,heap     ] GC(413) Old regions: 224->224
[2023-04-17T09:46:18.650-0400][gc,heap     ] GC(413) Archive regions: 2->2
[2023-04-17T09:46:18.650-0400][gc,heap     ] GC(413) Humongous regions: 129->129
[2023-04-17T09:46:18.650-0400][gc,metaspace] GC(413) Metaspace: 44151K(44928K)->44151K(44928K) NonClass: 39055K(39488K)->39055K(39488K) Class: 5095K(5440K)->5095K(5440K)
[2023-04-17T09:46:18.650-0400][gc          ] GC(413) Pause Young (Normal) (G1 Evacuation Pause) 438M->357M(1024M) 9.347ms
[2023-04-17T09:46:18.650-0400][gc,cpu      ] GC(413) User=0.03s Sys=0.00s Real=0.01s
[2023-04-17T09:47:20.456-0400][gc,start    ] GC(414) Pause Young (Normal) (G1 Evacuation Pause)
[2023-04-17T09:47:20.457-0400][gc,task     ] GC(414) Using 8 workers of 8 for evacuation
[2023-04-17T09:47:20.466-0400][gc,phases   ] GC(414)   Pre Evacuate Collection Set: 0.2ms
[2023-04-17T09:47:20.466-0400][gc,phases   ] GC(414)   Merge Heap Roots: 0.2ms
[2023-04-17T09:47:20.466-0400][gc,phases   ] GC(414)   Evacuate Collection Set: 7.1ms
[2023-04-17T09:47:20.466-0400][gc,phases   ] GC(414)   Post Evacuate Collection Set: 0.5ms
[2023-04-17T09:47:20.466-0400][gc,phases   ] GC(414)   Other: 0.2ms
[2023-04-17T09:47:20.466-0400][gc,heap     ] GC(414) Eden regions: 84->0(79)
[2023-04-17T09:47:20.466-0400][gc,heap     ] GC(414) Survivor regions: 5->7(12)
[2023-04-17T09:47:20.466-0400][gc,heap     ] GC(414) Old regions: 224->224
[2023-04-17T09:47:20.466-0400][gc,heap     ] GC(414) Archive regions: 2->2
[2023-04-17T09:47:20.466-0400][gc,heap     ] GC(414) Humongous regions: 129->129
[2023-04-17T09:47:20.466-0400][gc,metaspace] GC(414) Metaspace: 44151K(44928K)->44151K(44928K) NonClass: 39055K(39488K)->39055K(39488K) Class: 5095K(5440K)->5095K(5440K)
[2023-04-17T09:47:20.466-0400][gc          ] GC(414) Pause Young (Normal) (G1 Evacuation Pause) 441M->359M(1024M) 9.587ms
[2023-04-17T09:47:20.466-0400][gc,cpu      ] GC(414) User=0.06s Sys=0.00s Real=0.01s
[2023-04-17T09:48:18.488-0400][gc,start    ] GC(415) Pause Young (Normal) (G1 Evacuation Pause)
[2023-04-17T09:48:18.489-0400][gc,task     ] GC(415) Using 8 workers of 8 for evacuation
[2023-04-17T09:48:18.506-0400][gc,phases   ] GC(415)   Pre Evacuate Collection Set: 0.3ms
[2023-04-17T09:48:18.506-0400][gc,phases   ] GC(415)   Merge Heap Roots: 0.2ms
[2023-04-17T09:48:18.506-0400][gc,phases   ] GC(415)   Evacuate Collection Set: 15.4ms
[2023-04-17T09:48:18.506-0400][gc,phases   ] GC(415)   Post Evacuate Collection Set: 0.5ms
[2023-04-17T09:48:18.506-0400][gc,phases   ] GC(415)   Other: 0.2ms
[2023-04-17T09:48:18.506-0400][gc,heap     ] GC(415) Eden regions: 79->0(105)
[2023-04-17T09:48:18.506-0400][gc,heap     ] GC(415) Survivor regions: 7->6(11)
[2023-04-17T09:48:18.506-0400][gc,heap     ] GC(415) Old regions: 224->226
[2023-04-17T09:48:18.506-0400][gc,heap     ] GC(415) Archive regions: 2->2
[2023-04-17T09:48:18.506-0400][gc,heap     ] GC(415) Humongous regions: 129->129
[2023-04-17T09:48:18.506-0400][gc,metaspace] GC(415) Metaspace: 44151K(44928K)->44151K(44928K) NonClass: 39055K(39488K)->39055K(39488K) Class: 5095K(5440K)->5095K(5440K)
[2023-04-17T09:48:18.506-0400][gc          ] GC(415) Pause Young (Normal) (G1 Evacuation Pause) 438M->361M(1024M) 18.492ms
[2023-04-17T09:48:18.506-0400][gc,cpu      ] GC(415) User=0.06s Sys=0.02s Real=0.02s
[2023-04-17T09:49:34.207-0400][gc,start    ] GC(416) Pause Young (Normal) (G1 Evacuation Pause)
[2023-04-17T09:49:34.207-0400][gc,task     ] GC(416) Using 8 workers of 8 for evacuation
[2023-04-17T09:49:34.217-0400][gc,phases   ] GC(416)   Pre Evacuate Collection Set: 0.2ms
[2023-04-17T09:49:34.217-0400][gc,phases   ] GC(416)   Merge Heap Roots: 0.3ms
[2023-04-17T09:49:34.217-0400][gc,phases   ] GC(416)   Evacuate Collection Set: 8.2ms
[2023-04-17T09:49:34.217-0400][gc,phases   ] GC(416)   Post Evacuate Collection Set: 0.5ms
[2023-04-17T09:49:34.217-0400][gc,phases   ] GC(416)   Other: 0.2ms
[2023-04-17T09:49:34.217-0400][gc,heap     ] GC(416) Eden regions: 103->0(93)
[2023-04-17T09:49:34.217-0400][gc,heap     ] GC(416) Survivor regions: 6->8(14)
[2023-04-17T09:49:34.217-0400][gc,heap     ] GC(416) Old regions: 226->226
[2023-04-17T09:49:34.217-0400][gc,heap     ] GC(416) Archive regions: 2->2
[2023-04-17T09:49:34.217-0400][gc,heap     ] GC(416) Humongous regions: 129->129
[2023-04-17T09:49:34.217-0400][gc,metaspace] GC(416) Metaspace: 44151K(44928K)->44151K(44928K) NonClass: 39055K(39488K)->39055K(39488K) Class: 5095K(5440K)->5095K(5440K)
[2023-04-17T09:49:34.217-0400][gc          ] GC(416) Pause Young (Normal) (G1 Evacuation Pause) 464M->363M(1024M) 10.194ms
[2023-04-17T09:49:34.217-0400][gc,cpu      ] GC(416) User=0.07s Sys=0.01s Real=0.01s
[2023-04-17T09:50:42.673-0400][gc,start    ] GC(417) Pause Young (Normal) (G1 Evacuation Pause)
[2023-04-17T09:50:42.674-0400][gc,task     ] GC(417) Using 8 workers of 8 for evacuation
[2023-04-17T09:50:42.690-0400][gc,phases   ] GC(417)   Pre Evacuate Collection Set: 0.3ms
[2023-04-17T09:50:42.690-0400][gc,phases   ] GC(417)   Merge Heap Roots: 0.2ms
[2023-04-17T09:50:42.690-0400][gc,phases   ] GC(417)   Evacuate Collection Set: 15.5ms
[2023-04-17T09:50:42.690-0400][gc,phases   ] GC(417)   Post Evacuate Collection Set: 0.5ms
[2023-04-17T09:50:42.690-0400][gc,phases   ] GC(417)   Other: 0.2ms
[2023-04-17T09:50:42.690-0400][gc,heap     ] GC(417) Eden regions: 93->0(109)
[2023-04-17T09:50:42.691-0400][gc,heap     ] GC(417) Survivor regions: 8->8(13)
[2023-04-17T09:50:42.691-0400][gc,heap     ] GC(417) Old regions: 226->228
[2023-04-17T09:50:42.691-0400][gc,heap     ] GC(417) Archive regions: 2->2
[2023-04-17T09:50:42.691-0400][gc,heap     ] GC(417) Humongous regions: 129->129
[2023-04-17T09:50:42.691-0400][gc,metaspace] GC(417) Metaspace: 44151K(44928K)->44151K(44928K) NonClass: 39055K(39488K)->39055K(39488K) Class: 5095K(5440K)->5095K(5440K)
[2023-04-17T09:50:42.691-0400][gc          ] GC(417) Pause Young (Normal) (G1 Evacuation Pause) 456M->365M(1024M) 18.068ms
[2023-04-17T09:50:42.691-0400][gc,cpu      ] GC(417) User=0.06s Sys=0.02s Real=0.02s
[2023-04-17T09:52:00.873-0400][gc,start    ] GC(418) Pause Young (Concurrent Start) (G1 Evacuation Pause)
[2023-04-17T09:52:00.874-0400][gc,task     ] GC(418) Using 8 workers of 8 for evacuation
[2023-04-17T09:52:00.886-0400][gc,phases   ] GC(418)   Pre Evacuate Collection Set: 0.5ms
[2023-04-17T09:52:00.886-0400][gc,phases   ] GC(418)   Merge Heap Roots: 0.2ms
[2023-04-17T09:52:00.886-0400][gc,phases   ] GC(418)   Evacuate Collection Set: 11.1ms
[2023-04-17T09:52:00.886-0400][gc,phases   ] GC(418)   Post Evacuate Collection Set: 0.4ms
[2023-04-17T09:52:00.886-0400][gc,phases   ] GC(418)   Other: 0.1ms
[2023-04-17T09:52:00.886-0400][gc,heap     ] GC(418) Eden regions: 108->0(40)
[2023-04-17T09:52:00.886-0400][gc,heap     ] GC(418) Survivor regions: 8->11(15)
[2023-04-17T09:52:00.886-0400][gc,heap     ] GC(418) Old regions: 228->228
[2023-04-17T09:52:00.886-0400][gc,heap     ] GC(418) Archive regions: 2->2
[2023-04-17T09:52:00.886-0400][gc,heap     ] GC(418) Humongous regions: 129->129
[2023-04-17T09:52:00.887-0400][gc,metaspace] GC(418) Metaspace: 44151K(44928K)->44151K(44928K) NonClass: 39055K(39488K)->39055K(39488K) Class: 5095K(5440K)->5095K(5440K)
[2023-04-17T09:52:00.887-0400][gc          ] GC(418) Pause Young (Concurrent Start) (G1 Evacuation Pause) 473M->368M(1024M) 13.261ms
[2023-04-17T09:52:00.887-0400][gc,cpu      ] GC(418) User=0.07s Sys=0.01s Real=0.01s
[2023-04-17T09:52:00.887-0400][gc          ] GC(419) Concurrent Mark Cycle
[2023-04-17T09:52:00.887-0400][gc,marking  ] GC(419) Concurrent Clear Claimed Marks
[2023-04-17T09:52:00.887-0400][gc,marking  ] GC(419) Concurrent Clear Claimed Marks 0.062ms
[2023-04-17T09:52:00.887-0400][gc,marking  ] GC(419) Concurrent Scan Root Regions
[2023-04-17T09:52:00.900-0400][gc,marking  ] GC(419) Concurrent Scan Root Regions 13.100ms
[2023-04-17T09:52:00.900-0400][gc,marking  ] GC(419) Concurrent Mark
[2023-04-17T09:52:00.900-0400][gc,marking  ] GC(419) Concurrent Mark From Roots
[2023-04-17T09:52:00.900-0400][gc,task     ] GC(419) Using 2 workers of 2 for marking
[2023-04-17T09:52:00.948-0400][gc,marking  ] GC(419) Concurrent Mark From Roots 47.586ms
[2023-04-17T09:52:00.948-0400][gc,marking  ] GC(419) Concurrent Preclean
[2023-04-17T09:52:00.948-0400][gc,marking  ] GC(419) Concurrent Preclean 0.073ms
[2023-04-17T09:52:00.948-0400][gc,start    ] GC(419) Pause Remark
[2023-04-17T09:52:00.989-0400][gc,mmu      ] GC(419) MMU target violated: 21.0ms (20.0ms/21.0ms)
[2023-04-17T09:52:00.989-0400][gc          ] GC(419) Pause Remark 369M->262M(1024M) 41.194ms
[2023-04-17T09:52:00.989-0400][gc,cpu      ] GC(419) User=0.02s Sys=0.11s Real=0.04s
[2023-04-17T09:52:00.989-0400][gc,marking  ] GC(419) Concurrent Mark 89.096ms
[2023-04-17T09:52:00.989-0400][gc,marking  ] GC(419) Concurrent Rebuild Remembered Sets
[2023-04-17T09:52:01.004-0400][gc,marking  ] GC(419) Concurrent Rebuild Remembered Sets 14.385ms
[2023-04-17T09:52:01.004-0400][gc,start    ] GC(419) Pause Cleanup
[2023-04-17T09:52:01.004-0400][gc          ] GC(419) Pause Cleanup 262M->262M(1024M) 0.173ms
[2023-04-17T09:52:01.004-0400][gc,cpu      ] GC(419) User=0.00s Sys=0.00s Real=0.00s
[2023-04-17T09:52:01.004-0400][gc,marking  ] GC(419) Concurrent Cleanup for Next Mark
[2023-04-17T09:52:01.012-0400][gc,marking  ] GC(419) Concurrent Cleanup for Next Mark 8.369ms
[2023-04-17T09:52:01.012-0400][gc          ] GC(419) Concurrent Mark Cycle 125.629ms
[2023-04-17T09:52:30.536-0400][gc,start    ] GC(420) Pause Young (Prepare Mixed) (G1 Evacuation Pause)
[2023-04-17T09:52:30.537-0400][gc,task     ] GC(420) Using 8 workers of 8 for evacuation
[2023-04-17T09:52:30.561-0400][gc,mmu      ] GC(420) MMU target violated: 21.0ms (20.0ms/21.0ms)
[2023-04-17T09:52:30.561-0400][gc,phases   ] GC(420)   Pre Evacuate Collection Set: 0.3ms
[2023-04-17T09:52:30.561-0400][gc,phases   ] GC(420)   Merge Heap Roots: 0.3ms
[2023-04-17T09:52:30.561-0400][gc,phases   ] GC(420)   Evacuate Collection Set: 22.5ms
[2023-04-17T09:52:30.561-0400][gc,phases   ] GC(420)   Post Evacuate Collection Set: 0.4ms
[2023-04-17T09:52:30.561-0400][gc,phases   ] GC(420)   Other: 1.3ms
[2023-04-17T09:52:30.562-0400][gc,heap     ] GC(420) Eden regions: 42->0(46)
[2023-04-17T09:52:30.562-0400][gc,heap     ] GC(420) Survivor regions: 11->5(7)
[2023-04-17T09:52:30.562-0400][gc,heap     ] GC(420) Old regions: 121->128
[2023-04-17T09:52:30.562-0400][gc,heap     ] GC(420) Archive regions: 2->2
[2023-04-17T09:52:30.562-0400][gc,heap     ] GC(420) Humongous regions: 129->129
[2023-04-17T09:52:30.562-0400][gc,metaspace] GC(420) Metaspace: 44151K(44928K)->44151K(44928K) NonClass: 39055K(39488K)->39055K(39488K) Class: 5095K(5440K)->5095K(5440K)
[2023-04-17T09:52:30.562-0400][gc          ] GC(420) Pause Young (Prepare Mixed) (G1 Evacuation Pause) 303M->262M(1024M) 25.842ms
[2023-04-17T09:52:30.562-0400][gc,cpu      ] GC(420) User=0.07s Sys=0.06s Real=0.03s
[2023-04-17T09:53:03.671-0400][gc,start    ] GC(421) Pause Young (Mixed) (G1 Evacuation Pause)
[2023-04-17T09:53:03.672-0400][gc,task     ] GC(421) Using 8 workers of 8 for evacuation
[2023-04-17T09:53:03.687-0400][gc,phases   ] GC(421)   Pre Evacuate Collection Set: 0.3ms
[2023-04-17T09:53:03.687-0400][gc,phases   ] GC(421)   Merge Heap Roots: 0.6ms
[2023-04-17T09:53:03.687-0400][gc,phases   ] GC(421)   Evacuate Collection Set: 12.6ms
[2023-04-17T09:53:03.687-0400][gc,phases   ] GC(421)   Post Evacuate Collection Set: 0.5ms
[2023-04-17T09:53:03.687-0400][gc,phases   ] GC(421)   Other: 1.0ms
[2023-04-17T09:53:03.687-0400][gc,heap     ] GC(421) Eden regions: 46->0(238)
[2023-04-17T09:53:03.687-0400][gc,heap     ] GC(421) Survivor regions: 5->3(7)
[2023-04-17T09:53:03.687-0400][gc,heap     ] GC(421) Old regions: 128->79
[2023-04-17T09:53:03.687-0400][gc,heap     ] GC(421) Archive regions: 2->2
[2023-04-17T09:53:03.687-0400][gc,heap     ] GC(421) Humongous regions: 129->129
[2023-04-17T09:53:03.687-0400][gc,metaspace] GC(421) Metaspace: 44151K(44928K)->44151K(44928K) NonClass: 39055K(39488K)->39055K(39488K) Class: 5095K(5440K)->5095K(5440K)
[2023-04-17T09:53:03.687-0400][gc          ] GC(421) Pause Young (Mixed) (G1 Evacuation Pause) 308M->211M(1024M) 15.787ms
[2023-04-17T09:53:03.687-0400][gc,cpu      ] GC(421) User=0.06s Sys=0.04s Real=0.01s
[2023-04-17T10:55:23.988-0400][gc,start    ] GC(422) Pause Young (Normal) (G1 Evacuation Pause)
[2023-04-17T10:55:23.989-0400][gc,task     ] GC(422) Using 8 workers of 8 for evacuation
[2023-04-17T10:55:24.165-0400][gc,mmu      ] GC(422) MMU target violated: 21.0ms (20.0ms/21.0ms)
[2023-04-17T10:55:24.165-0400][gc,phases   ] GC(422)   Pre Evacuate Collection Set: 7.8ms
[2023-04-17T10:55:24.165-0400][gc,phases   ] GC(422)   Merge Heap Roots: 8.8ms
[2023-04-17T10:55:24.165-0400][gc,phases   ] GC(422)   Evacuate Collection Set: 155.1ms
[2023-04-17T10:55:24.165-0400][gc,phases   ] GC(422)   Post Evacuate Collection Set: 2.3ms
[2023-04-17T10:55:24.165-0400][gc,phases   ] GC(422)   Other: 1.6ms
[2023-04-17T10:55:24.165-0400][gc,heap     ] GC(422) Eden regions: 238->0(41)
[2023-04-17T10:55:24.165-0400][gc,heap     ] GC(422) Survivor regions: 3->10(31)
[2023-04-17T10:55:24.165-0400][gc,heap     ] GC(422) Old regions: 79->79
[2023-04-17T10:55:24.165-0400][gc,heap     ] GC(422) Archive regions: 2->2
[2023-04-17T10:55:24.165-0400][gc,heap     ] GC(422) Humongous regions: 129->129
[2023-04-17T10:55:24.165-0400][gc,metaspace] GC(422) Metaspace: 44151K(44928K)->44151K(44928K) NonClass: 39056K(39488K)->39056K(39488K) Class: 5095K(5440K)->5095K(5440K)
[2023-04-17T10:55:24.165-0400][gc          ] GC(422) Pause Young (Normal) (G1 Evacuation Pause) 449M->218M(1024M) 176.709ms
[2023-04-17T10:55:24.165-0400][gc,cpu      ] GC(422) User=0.12s Sys=0.43s Real=0.18s
[2023-04-17T10:55:50.876-0400][gc,start    ] GC(423) Pause Young (Normal) (G1 Evacuation Pause)
[2023-04-17T10:55:50.876-0400][gc,task     ] GC(423) Using 8 workers of 8 for evacuation
[2023-04-17T10:55:50.919-0400][gc,mmu      ] GC(423) MMU target violated: 21.0ms (20.0ms/21.0ms)
[2023-04-17T10:55:50.919-0400][gc,phases   ] GC(423)   Pre Evacuate Collection Set: 1.1ms
[2023-04-17T10:55:50.919-0400][gc,phases   ] GC(423)   Merge Heap Roots: 0.9ms
[2023-04-17T10:55:50.919-0400][gc,phases   ] GC(423)   Evacuate Collection Set: 39.9ms
[2023-04-17T10:55:50.919-0400][gc,phases   ] GC(423)   Post Evacuate Collection Set: 1.0ms
[2023-04-17T10:55:50.919-0400][gc,phases   ] GC(423)   Other: 0.3ms
[2023-04-17T10:55:50.919-0400][gc,heap     ] GC(423) Eden regions: 41->0(49)
[2023-04-17T10:55:50.919-0400][gc,heap     ] GC(423) Survivor regions: 10->2(7)
[2023-04-17T10:55:50.919-0400][gc,heap     ] GC(423) Old regions: 79->88
[2023-04-17T10:55:50.919-0400][gc,heap     ] GC(423) Archive regions: 2->2
[2023-04-17T10:55:50.919-0400][gc,heap     ] GC(423) Humongous regions: 129->129
[2023-04-17T10:55:50.919-0400][gc,metaspace] GC(423) Metaspace: 44151K(44928K)->44151K(44928K) NonClass: 39056K(39488K)->39056K(39488K) Class: 5095K(5440K)->5095K(5440K)
[2023-04-17T10:55:50.919-0400][gc          ] GC(423) Pause Young (Normal) (G1 Evacuation Pause) 259M->219M(1024M) 43.352ms
[2023-04-17T10:55:50.919-0400][gc,cpu      ] GC(423) User=0.04s Sys=0.07s Real=0.04s
[2023-04-17T10:56:23.196-0400][gc,start    ] GC(424) Pause Young (Normal) (G1 Evacuation Pause)
[2023-04-17T10:56:23.197-0400][gc,task     ] GC(424) Using 8 workers of 8 for evacuation
[2023-04-17T10:56:23.204-0400][gc,phases   ] GC(424)   Pre Evacuate Collection Set: 0.3ms
[2023-04-17T10:56:23.204-0400][gc,phases   ] GC(424)   Merge Heap Roots: 1.2ms
[2023-04-17T10:56:23.204-0400][gc,phases   ] GC(424)   Evacuate Collection Set: 3.7ms
[2023-04-17T10:56:23.204-0400][gc,phases   ] GC(424)   Post Evacuate Collection Set: 0.4ms
[2023-04-17T10:56:23.204-0400][gc,phases   ] GC(424)   Other: 1.1ms
[2023-04-17T10:56:23.204-0400][gc,heap     ] GC(424) Eden regions: 49->0(48)
[2023-04-17T10:56:23.204-0400][gc,heap     ] GC(424) Survivor regions: 2->3(7)
[2023-04-17T10:56:23.204-0400][gc,heap     ] GC(424) Old regions: 88->88
[2023-04-17T10:56:23.204-0400][gc,heap     ] GC(424) Archive regions: 2->2
[2023-04-17T10:56:23.204-0400][gc,heap     ] GC(424) Humongous regions: 129->129
[2023-04-17T10:56:23.204-0400][gc,metaspace] GC(424) Metaspace: 44151K(44928K)->44151K(44928K) NonClass: 39056K(39488K)->39056K(39488K) Class: 5095K(5440K)->5095K(5440K)
[2023-04-17T10:56:23.205-0400][gc          ] GC(424) Pause Young (Normal) (G1 Evacuation Pause) 268M->219M(1024M) 8.300ms
[2023-04-17T10:56:23.205-0400][gc,cpu      ] GC(424) User=0.02s Sys=0.00s Real=0.01s
[2023-04-17T10:56:54.853-0400][gc,start    ] GC(425) Pause Young (Normal) (G1 Evacuation Pause)
[2023-04-17T10:56:54.855-0400][gc,task     ] GC(425) Using 8 workers of 8 for evacuation
[2023-04-17T10:56:54.865-0400][gc,phases   ] GC(425)   Pre Evacuate Collection Set: 3.5ms
[2023-04-17T10:56:54.865-0400][gc,phases   ] GC(425)   Merge Heap Roots: 0.1ms
[2023-04-17T10:56:54.865-0400][gc,phases   ] GC(425)   Evacuate Collection Set: 5.3ms
[2023-04-17T10:56:54.865-0400][gc,phases   ] GC(425)   Post Evacuate Collection Set: 0.3ms
[2023-04-17T10:56:54.865-0400][gc,phases   ] GC(425)   Other: 0.1ms
[2023-04-17T10:56:54.865-0400][gc,heap     ] GC(425) Eden regions: 48->0(47)
[2023-04-17T10:56:54.865-0400][gc,heap     ] GC(425) Survivor regions: 3->4(7)
[2023-04-17T10:56:54.865-0400][gc,heap     ] GC(425) Old regions: 88->88
[2023-04-17T10:56:54.865-0400][gc,heap     ] GC(425) Archive regions: 2->2
[2023-04-17T10:56:54.865-0400][gc,heap     ] GC(425) Humongous regions: 129->129
[2023-04-17T10:56:54.865-0400][gc,metaspace] GC(425) Metaspace: 44151K(44928K)->44151K(44928K) NonClass: 39056K(39488K)->39056K(39488K) Class: 5095K(5440K)->5095K(5440K)
[2023-04-17T10:56:54.865-0400][gc          ] GC(425) Pause Young (Normal) (G1 Evacuation Pause) 267M->220M(1024M) 11.401ms
[2023-04-17T10:56:54.865-0400][gc,cpu      ] GC(425) User=0.02s Sys=0.01s Real=0.01s
[2023-04-17T10:57:25.676-0400][gc,start    ] GC(426) Pause Young (Normal) (G1 Evacuation Pause)
[2023-04-17T10:57:25.677-0400][gc,task     ] GC(426) Using 8 workers of 8 for evacuation
[2023-04-17T10:57:25.684-0400][gc,phases   ] GC(426)   Pre Evacuate Collection Set: 0.1ms
[2023-04-17T10:57:25.684-0400][gc,phases   ] GC(426)   Merge Heap Roots: 0.1ms
[2023-04-17T10:57:25.684-0400][gc,phases   ] GC(426)   Evacuate Collection Set: 6.8ms
[2023-04-17T10:57:25.684-0400][gc,phases   ] GC(426)   Post Evacuate Collection Set: 0.3ms
[2023-04-17T10:57:25.684-0400][gc,phases   ] GC(426)   Other: 0.1ms
[2023-04-17T10:57:25.684-0400][gc,heap     ] GC(426) Eden regions: 47->0(47)
[2023-04-17T10:57:25.684-0400][gc,heap     ] GC(426) Survivor regions: 4->4(7)
[2023-04-17T10:57:25.684-0400][gc,heap     ] GC(426) Old regions: 88->88
[2023-04-17T10:57:25.684-0400][gc,heap     ] GC(426) Archive regions: 2->2
[2023-04-17T10:57:25.684-0400][gc,heap     ] GC(426) Humongous regions: 129->129
[2023-04-17T10:57:25.684-0400][gc,metaspace] GC(426) Metaspace: 44151K(44928K)->44151K(44928K) NonClass: 39056K(39488K)->39056K(39488K) Class: 5095K(5440K)->5095K(5440K)
[2023-04-17T10:57:25.684-0400][gc          ] GC(426) Pause Young (Normal) (G1 Evacuation Pause) 267M->221M(1024M) 8.080ms
[2023-04-17T10:57:25.684-0400][gc,cpu      ] GC(426) User=0.02s Sys=0.01s Real=0.01s
[2023-04-17T10:57:55.590-0400][gc,start    ] GC(427) Pause Young (Normal) (G1 Evacuation Pause)
[2023-04-17T10:57:55.592-0400][gc,task     ] GC(427) Using 8 workers of 8 for evacuation
[2023-04-17T10:57:55.605-0400][gc,phases   ] GC(427)   Pre Evacuate Collection Set: 0.2ms
[2023-04-17T10:57:55.605-0400][gc,phases   ] GC(427)   Merge Heap Roots: 0.1ms
[2023-04-17T10:57:55.605-0400][gc,phases   ] GC(427)   Evacuate Collection Set: 12.5ms
[2023-04-17T10:57:55.605-0400][gc,phases   ] GC(427)   Post Evacuate Collection Set: 0.4ms
[2023-04-17T10:57:55.605-0400][gc,phases   ] GC(427)   Other: 0.1ms
[2023-04-17T10:57:55.605-0400][gc,heap     ] GC(427) Eden regions: 47->0(46)
[2023-04-17T10:57:55.605-0400][gc,heap     ] GC(427) Survivor regions: 4->5(7)
[2023-04-17T10:57:55.605-0400][gc,heap     ] GC(427) Old regions: 88->89
[2023-04-17T10:57:55.605-0400][gc,heap     ] GC(427) Archive regions: 2->2
[2023-04-17T10:57:55.605-0400][gc,heap     ] GC(427) Humongous regions: 129->129
[2023-04-17T10:57:55.605-0400][gc,metaspace] GC(427) Metaspace: 44151K(44928K)->44151K(44928K) NonClass: 39056K(39488K)->39056K(39488K) Class: 5095K(5440K)->5095K(5440K)
[2023-04-17T10:57:55.605-0400][gc          ] GC(427) Pause Young (Normal) (G1 Evacuation Pause) 268M->222M(1024M) 15.169ms
[2023-04-17T10:57:55.605-0400][gc,cpu      ] GC(427) User=0.03s Sys=0.02s Real=0.01s
[2023-04-17T10:58:25.916-0400][gc,start    ] GC(428) Pause Young (Normal) (G1 Evacuation Pause)
[2023-04-17T10:58:25.917-0400][gc,task     ] GC(428) Using 8 workers of 8 for evacuation
[2023-04-17T10:58:25.927-0400][gc,phases   ] GC(428)   Pre Evacuate Collection Set: 1.4ms
[2023-04-17T10:58:25.927-0400][gc,phases   ] GC(428)   Merge Heap Roots: 0.1ms
[2023-04-17T10:58:25.927-0400][gc,phases   ] GC(428)   Evacuate Collection Set: 8.1ms
[2023-04-17T10:58:25.927-0400][gc,phases   ] GC(428)   Post Evacuate Collection Set: 0.3ms
[2023-04-17T10:58:25.927-0400][gc,phases   ] GC(428)   Other: 0.1ms
[2023-04-17T10:58:25.927-0400][gc,heap     ] GC(428) Eden regions: 46->0(69)
[2023-04-17T10:58:25.927-0400][gc,heap     ] GC(428) Survivor regions: 5->4(7)
[2023-04-17T10:58:25.927-0400][gc,heap     ] GC(428) Old regions: 89->90
[2023-04-17T10:58:25.927-0400][gc,heap     ] GC(428) Archive regions: 2->2
[2023-04-17T10:58:25.927-0400][gc,heap     ] GC(428) Humongous regions: 129->129
[2023-04-17T10:58:25.927-0400][gc,metaspace] GC(428) Metaspace: 44151K(44928K)->44151K(44928K) NonClass: 39056K(39488K)->39056K(39488K) Class: 5095K(5440K)->5095K(5440K)
[2023-04-17T10:58:25.927-0400][gc          ] GC(428) Pause Young (Normal) (G1 Evacuation Pause) 268M->223M(1024M) 11.078ms
[2023-04-17T10:58:25.927-0400][gc,cpu      ] GC(428) User=0.02s Sys=0.01s Real=0.01s
[2023-04-17T10:59:11.501-0400][gc,start    ] GC(429) Pause Young (Normal) (G1 Evacuation Pause)
[2023-04-17T10:59:11.502-0400][gc,task     ] GC(429) Using 8 workers of 8 for evacuation
[2023-04-17T10:59:11.517-0400][gc,phases   ] GC(429)   Pre Evacuate Collection Set: 0.3ms
[2023-04-17T10:59:11.517-0400][gc,phases   ] GC(429)   Merge Heap Roots: 0.3ms
[2023-04-17T10:59:11.517-0400][gc,phases   ] GC(429)   Evacuate Collection Set: 14.4ms
[2023-04-17T10:59:11.517-0400][gc,phases   ] GC(429)   Post Evacuate Collection Set: 0.4ms
[2023-04-17T10:59:11.517-0400][gc,phases   ] GC(429)   Other: 0.2ms
[2023-04-17T10:59:11.517-0400][gc,heap     ] GC(429) Eden regions: 69->0(45)
[2023-04-17T10:59:11.517-0400][gc,heap     ] GC(429) Survivor regions: 4->6(10)
[2023-04-17T10:59:11.517-0400][gc,heap     ] GC(429) Old regions: 90->90
[2023-04-17T10:59:11.517-0400][gc,heap     ] GC(429) Archive regions: 2->2
[2023-04-17T10:59:11.517-0400][gc,heap     ] GC(429) Humongous regions: 129->129
[2023-04-17T10:59:11.517-0400][gc,metaspace] GC(429) Metaspace: 44151K(44928K)->44151K(44928K) NonClass: 39056K(39488K)->39056K(39488K) Class: 5095K(5440K)->5095K(5440K)
[2023-04-17T10:59:11.517-0400][gc          ] GC(429) Pause Young (Normal) (G1 Evacuation Pause) 292M->224M(1024M) 16.750ms
[2023-04-17T10:59:11.517-0400][gc,cpu      ] GC(429) User=0.04s Sys=0.03s Real=0.01s
[2023-04-17T10:59:40.753-0400][gc,start    ] GC(430) Pause Young (Normal) (G1 Evacuation Pause)
[2023-04-17T10:59:40.753-0400][gc,task     ] GC(430) Using 8 workers of 8 for evacuation
[2023-04-17T10:59:40.773-0400][gc,mmu      ] GC(430) MMU target violated: 20.3ms (20.0ms/21.0ms)
[2023-04-17T10:59:40.773-0400][gc,phases   ] GC(430)   Pre Evacuate Collection Set: 0.3ms
[2023-04-17T10:59:40.773-0400][gc,phases   ] GC(430)   Merge Heap Roots: 0.2ms
[2023-04-17T10:59:40.773-0400][gc,phases   ] GC(430)   Evacuate Collection Set: 18.3ms
[2023-04-17T10:59:40.773-0400][gc,phases   ] GC(430)   Post Evacuate Collection Set: 0.5ms
[2023-04-17T10:59:40.773-0400][gc,phases   ] GC(430)   Other: 1.2ms
[2023-04-17T10:59:40.773-0400][gc,heap     ] GC(430) Eden regions: 45->0(79)
[2023-04-17T10:59:40.773-0400][gc,heap     ] GC(430) Survivor regions: 6->4(7)
[2023-04-17T10:59:40.773-0400][gc,heap     ] GC(430) Old regions: 90->92
[2023-04-17T10:59:40.773-0400][gc,heap     ] GC(430) Archive regions: 2->2
[2023-04-17T10:59:40.774-0400][gc,heap     ] GC(430) Humongous regions: 129->129
[2023-04-17T10:59:40.774-0400][gc,metaspace] GC(430) Metaspace: 44151K(44928K)->44151K(44928K) NonClass: 39056K(39488K)->39056K(39488K) Class: 5095K(5440K)->5095K(5440K)
[2023-04-17T10:59:40.774-0400][gc          ] GC(430) Pause Young (Normal) (G1 Evacuation Pause) 269M->224M(1024M) 20.862ms
[2023-04-17T10:59:40.774-0400][gc,cpu      ] GC(430) User=0.05s Sys=0.02s Real=0.02s
[2023-04-17T11:00:32.888-0400][gc,start    ] GC(431) Pause Young (Normal) (G1 Evacuation Pause)
[2023-04-17T11:00:32.890-0400][gc,task     ] GC(431) Using 8 workers of 8 for evacuation
[2023-04-17T11:00:32.908-0400][gc,phases   ] GC(431)   Pre Evacuate Collection Set: 1.2ms
[2023-04-17T11:00:32.908-0400][gc,phases   ] GC(431)   Merge Heap Roots: 0.2ms
[2023-04-17T11:00:32.908-0400][gc,phases   ] GC(431)   Evacuate Collection Set: 16.2ms
[2023-04-17T11:00:32.908-0400][gc,phases   ] GC(431)   Post Evacuate Collection Set: 0.5ms
[2023-04-17T11:00:32.908-0400][gc,phases   ] GC(431)   Other: 0.2ms
[2023-04-17T11:00:32.908-0400][gc,heap     ] GC(431) Eden regions: 79->0(46)
[2023-04-17T11:00:32.908-0400][gc,heap     ] GC(431) Survivor regions: 4->5(11)
[2023-04-17T11:00:32.908-0400][gc,heap     ] GC(431) Old regions: 92->92
[2023-04-17T11:00:32.908-0400][gc,heap     ] GC(431) Archive regions: 2->2
[2023-04-17T11:00:32.908-0400][gc,heap     ] GC(431) Humongous regions: 129->129
[2023-04-17T11:00:32.908-0400][gc,metaspace] GC(431) Metaspace: 44151K(44928K)->44151K(44928K) NonClass: 39056K(39488K)->39056K(39488K) Class: 5095K(5440K)->5095K(5440K)
[2023-04-17T11:00:32.908-0400][gc          ] GC(431) Pause Young (Normal) (G1 Evacuation Pause) 303M->226M(1024M) 20.736ms
[2023-04-17T11:00:32.908-0400][gc,cpu      ] GC(431) User=0.03s Sys=0.04s Real=0.02s
[2023-04-17T11:01:03.770-0400][gc,start    ] GC(432) Pause Young (Normal) (G1 Evacuation Pause)
[2023-04-17T11:01:03.770-0400][gc,task     ] GC(432) Using 8 workers of 8 for evacuation
[2023-04-17T11:01:03.789-0400][gc,phases   ] GC(432)   Pre Evacuate Collection Set: 2.3ms
[2023-04-17T11:01:03.789-0400][gc,phases   ] GC(432)   Merge Heap Roots: 0.2ms
[2023-04-17T11:01:03.789-0400][gc,phases   ] GC(432)   Evacuate Collection Set: 15.5ms
[2023-04-17T11:01:03.789-0400][gc,phases   ] GC(432)   Post Evacuate Collection Set: 0.5ms
[2023-04-17T11:01:03.789-0400][gc,phases   ] GC(432)   Other: 0.2ms
[2023-04-17T11:01:03.789-0400][gc,heap     ] GC(432) Eden regions: 46->0(46)
[2023-04-17T11:01:03.789-0400][gc,heap     ] GC(432) Survivor regions: 5->5(7)
[2023-04-17T11:01:03.789-0400][gc,heap     ] GC(432) Old regions: 92->93
[2023-04-17T11:01:03.789-0400][gc,heap     ] GC(432) Archive regions: 2->2
[2023-04-17T11:01:03.789-0400][gc,heap     ] GC(432) Humongous regions: 129->129
[2023-04-17T11:01:03.789-0400][gc,metaspace] GC(432) Metaspace: 44151K(44928K)->44151K(44928K) NonClass: 39056K(39488K)->39056K(39488K) Class: 5095K(5440K)->5095K(5440K)
[2023-04-17T11:01:03.789-0400][gc          ] GC(432) Pause Young (Normal) (G1 Evacuation Pause) 272M->227M(1024M) 19.052ms
[2023-04-17T11:01:03.789-0400][gc,cpu      ] GC(432) User=0.05s Sys=0.02s Real=0.01s
[2023-04-17T11:01:33.933-0400][gc,start    ] GC(433) Pause Young (Normal) (G1 Evacuation Pause)
[2023-04-17T11:01:33.934-0400][gc,task     ] GC(433) Using 8 workers of 8 for evacuation
[2023-04-17T11:01:33.944-0400][gc,phases   ] GC(433)   Pre Evacuate Collection Set: 0.1ms
[2023-04-17T11:01:33.960-0400][gc,phases   ] GC(433)   Merge Heap Roots: 0.1ms
[2023-04-17T11:01:33.960-0400][gc,phases   ] GC(433)   Evacuate Collection Set: 9.5ms
[2023-04-17T11:01:33.960-0400][gc,phases   ] GC(433)   Post Evacuate Collection Set: 0.4ms
[2023-04-17T11:01:33.960-0400][gc,phases   ] GC(433)   Other: 0.1ms
[2023-04-17T11:01:33.960-0400][gc,heap     ] GC(433) Eden regions: 46->0(89)
[2023-04-17T11:01:33.960-0400][gc,heap     ] GC(433) Survivor regions: 5->5(7)
[2023-04-17T11:01:33.960-0400][gc,heap     ] GC(433) Old regions: 93->94
[2023-04-17T11:01:33.960-0400][gc,heap     ] GC(433) Archive regions: 2->2
[2023-04-17T11:01:33.960-0400][gc,heap     ] GC(433) Humongous regions: 129->129
[2023-04-17T11:01:33.960-0400][gc,metaspace] GC(433) Metaspace: 44151K(44928K)->44151K(44928K) NonClass: 39056K(39488K)->39056K(39488K) Class: 5095K(5440K)->5095K(5440K)
[2023-04-17T11:01:33.960-0400][gc          ] GC(433) Pause Young (Normal) (G1 Evacuation Pause) 273M->228M(1024M) 26.770ms
[2023-04-17T11:01:33.960-0400][gc,cpu      ] GC(433) User=0.03s Sys=0.01s Real=0.03s
[2023-04-17T11:02:33.269-0400][gc,start    ] GC(434) Pause Young (Normal) (G1 Evacuation Pause)
[2023-04-17T11:02:33.269-0400][gc,task     ] GC(434) Using 8 workers of 8 for evacuation
[2023-04-17T11:02:33.286-0400][gc,phases   ] GC(434)   Pre Evacuate Collection Set: 0.2ms
[2023-04-17T11:02:33.286-0400][gc,phases   ] GC(434)   Merge Heap Roots: 0.3ms
[2023-04-17T11:02:33.286-0400][gc,phases   ] GC(434)   Evacuate Collection Set: 15.3ms
[2023-04-17T11:02:33.286-0400][gc,phases   ] GC(434)   Post Evacuate Collection Set: 0.4ms
[2023-04-17T11:02:33.286-0400][gc,phases   ] GC(434)   Other: 0.2ms
[2023-04-17T11:02:33.286-0400][gc,heap     ] GC(434) Eden regions: 89->0(46)
[2023-04-17T11:02:33.286-0400][gc,heap     ] GC(434) Survivor regions: 5->6(12)
[2023-04-17T11:02:33.286-0400][gc,heap     ] GC(434) Old regions: 94->94
[2023-04-17T11:02:33.286-0400][gc,heap     ] GC(434) Archive regions: 2->2
[2023-04-17T11:02:33.286-0400][gc,heap     ] GC(434) Humongous regions: 129->129
[2023-04-17T11:02:33.286-0400][gc,metaspace] GC(434) Metaspace: 44151K(44928K)->44151K(44928K) NonClass: 39056K(39488K)->39056K(39488K) Class: 5095K(5440K)->5095K(5440K)
[2023-04-17T11:02:33.286-0400][gc          ] GC(434) Pause Young (Normal) (G1 Evacuation Pause) 317M->229M(1024M) 17.243ms
[2023-04-17T11:02:33.286-0400][gc,cpu      ] GC(434) User=0.04s Sys=0.04s Real=0.02s
[2023-04-17T11:03:03.239-0400][gc,start    ] GC(435) Pause Young (Normal) (G1 Evacuation Pause)
[2023-04-17T11:03:03.241-0400][gc,task     ] GC(435) Using 8 workers of 8 for evacuation
[2023-04-17T11:03:03.256-0400][gc,phases   ] GC(435)   Pre Evacuate Collection Set: 0.2ms
[2023-04-17T11:03:03.256-0400][gc,phases   ] GC(435)   Merge Heap Roots: 0.1ms
[2023-04-17T11:03:03.256-0400][gc,phases   ] GC(435)   Evacuate Collection Set: 14.5ms
[2023-04-17T11:03:03.256-0400][gc,phases   ] GC(435)   Post Evacuate Collection Set: 0.3ms
[2023-04-17T11:03:03.256-0400][gc,phases   ] GC(435)   Other: 0.1ms
[2023-04-17T11:03:03.256-0400][gc,heap     ] GC(435) Eden regions: 46->0(120)
[2023-04-17T11:03:03.256-0400][gc,heap     ] GC(435) Survivor regions: 6->5(7)
[2023-04-17T11:03:03.256-0400][gc,heap     ] GC(435) Old regions: 94->97
[2023-04-17T11:03:03.256-0400][gc,heap     ] GC(435) Archive regions: 2->2
[2023-04-17T11:03:03.256-0400][gc,heap     ] GC(435) Humongous regions: 129->129
[2023-04-17T11:03:03.256-0400][gc,metaspace] GC(435) Metaspace: 44151K(44928K)->44151K(44928K) NonClass: 39056K(39488K)->39056K(39488K) Class: 5095K(5440K)->5095K(5440K)
[2023-04-17T11:03:03.256-0400][gc          ] GC(435) Pause Young (Normal) (G1 Evacuation Pause) 275M->230M(1024M) 16.441ms
[2023-04-17T11:03:03.256-0400][gc,cpu      ] GC(435) User=0.03s Sys=0.01s Real=0.02s
[2023-04-17T11:04:23.272-0400][gc,start    ] GC(436) Pause Young (Normal) (G1 Evacuation Pause)
[2023-04-17T11:04:23.273-0400][gc,task     ] GC(436) Using 8 workers of 8 for evacuation
[2023-04-17T11:04:23.288-0400][gc,phases   ] GC(436)   Pre Evacuate Collection Set: 0.2ms
[2023-04-17T11:04:23.288-0400][gc,phases   ] GC(436)   Merge Heap Roots: 0.1ms
[2023-04-17T11:04:23.288-0400][gc,phases   ] GC(436)   Evacuate Collection Set: 14.0ms
[2023-04-17T11:04:23.288-0400][gc,phases   ] GC(436)   Post Evacuate Collection Set: 0.5ms
[2023-04-17T11:04:23.288-0400][gc,phases   ] GC(436)   Other: 0.2ms
[2023-04-17T11:04:23.288-0400][gc,heap     ] GC(436) Eden regions: 120->0(47)
[2023-04-17T11:04:23.288-0400][gc,heap     ] GC(436) Survivor regions: 5->7(16)
[2023-04-17T11:04:23.288-0400][gc,heap     ] GC(436) Old regions: 97->97
[2023-04-17T11:04:23.288-0400][gc,heap     ] GC(436) Archive regions: 2->2
[2023-04-17T11:04:23.288-0400][gc,heap     ] GC(436) Humongous regions: 129->129
[2023-04-17T11:04:23.288-0400][gc,metaspace] GC(436) Metaspace: 44151K(44928K)->44151K(44928K) NonClass: 39056K(39488K)->39056K(39488K) Class: 5095K(5440K)->5095K(5440K)
[2023-04-17T11:04:23.288-0400][gc          ] GC(436) Pause Young (Normal) (G1 Evacuation Pause) 350M->232M(1024M) 15.900ms
[2023-04-17T11:04:23.288-0400][gc,cpu      ] GC(436) User=0.03s Sys=0.03s Real=0.01s
[2023-04-17T11:04:53.988-0400][gc,start    ] GC(437) Pause Young (Normal) (G1 Evacuation Pause)
[2023-04-17T11:04:53.989-0400][gc,task     ] GC(437) Using 8 workers of 8 for evacuation
[2023-04-17T11:04:54.066-0400][gc,mmu      ] GC(437) MMU target violated: 21.0ms (20.0ms/21.0ms)
[2023-04-17T11:04:54.066-0400][gc,phases   ] GC(437)   Pre Evacuate Collection Set: 2.0ms
[2023-04-17T11:04:54.066-0400][gc,phases   ] GC(437)   Merge Heap Roots: 1.5ms
[2023-04-17T11:04:54.066-0400][gc,phases   ] GC(437)   Evacuate Collection Set: 62.0ms
[2023-04-17T11:04:54.066-0400][gc,phases   ] GC(437)   Post Evacuate Collection Set: 10.8ms
[2023-04-17T11:04:54.066-0400][gc,phases   ] GC(437)   Other: 0.2ms
[2023-04-17T11:04:54.066-0400][gc,heap     ] GC(437) Eden regions: 47->0(46)
[2023-04-17T11:04:54.066-0400][gc,heap     ] GC(437) Survivor regions: 7->5(7)
[2023-04-17T11:04:54.066-0400][gc,heap     ] GC(437) Old regions: 97->100
[2023-04-17T11:04:54.066-0400][gc,heap     ] GC(437) Archive regions: 2->2
[2023-04-17T11:04:54.066-0400][gc,heap     ] GC(437) Humongous regions: 129->129
[2023-04-17T11:04:54.066-0400][gc,metaspace] GC(437) Metaspace: 44151K(44928K)->44151K(44928K) NonClass: 39056K(39488K)->39056K(39488K) Class: 5095K(5440K)->5095K(5440K)
[2023-04-17T11:04:54.066-0400][gc          ] GC(437) Pause Young (Normal) (G1 Evacuation Pause) 279M->233M(1024M) 77.538ms
[2023-04-17T11:04:54.066-0400][gc,cpu      ] GC(437) User=0.03s Sys=0.02s Real=0.08s
[2023-04-17T11:05:25.434-0400][gc,start    ] GC(438) Pause Young (Normal) (G1 Evacuation Pause)
[2023-04-17T11:05:25.435-0400][gc,task     ] GC(438) Using 8 workers of 8 for evacuation
[2023-04-17T11:05:25.444-0400][gc,phases   ] GC(438)   Pre Evacuate Collection Set: 0.4ms
[2023-04-17T11:05:25.444-0400][gc,phases   ] GC(438)   Merge Heap Roots: 0.3ms
[2023-04-17T11:05:25.444-0400][gc,phases   ] GC(438)   Evacuate Collection Set: 6.9ms
[2023-04-17T11:05:25.444-0400][gc,phases   ] GC(438)   Post Evacuate Collection Set: 1.1ms
[2023-04-17T11:05:25.444-0400][gc,phases   ] GC(438)   Other: 0.9ms
[2023-04-17T11:05:25.444-0400][gc,heap     ] GC(438) Eden regions: 46->0(47)
[2023-04-17T11:05:25.444-0400][gc,heap     ] GC(438) Survivor regions: 5->4(7)
[2023-04-17T11:05:25.444-0400][gc,heap     ] GC(438) Old regions: 100->101
[2023-04-17T11:05:25.444-0400][gc,heap     ] GC(438) Archive regions: 2->2
[2023-04-17T11:05:25.444-0400][gc,heap     ] GC(438) Humongous regions: 129->129
[2023-04-17T11:05:25.444-0400][gc,metaspace] GC(438) Metaspace: 44154K(44928K)->44154K(44928K) NonClass: 39058K(39488K)->39058K(39488K) Class: 5095K(5440K)->5095K(5440K)
[2023-04-17T11:05:25.444-0400][gc          ] GC(438) Pause Young (Normal) (G1 Evacuation Pause) 279M->233M(1024M) 10.261ms
[2023-04-17T11:05:25.444-0400][gc,cpu      ] GC(438) User=0.02s Sys=0.01s Real=0.01s
[2023-04-17T11:05:56.766-0400][gc,start    ] GC(439) Pause Young (Normal) (G1 Evacuation Pause)
[2023-04-17T11:05:56.766-0400][gc,task     ] GC(439) Using 8 workers of 8 for evacuation
[2023-04-17T11:05:56.771-0400][gc,phases   ] GC(439)   Pre Evacuate Collection Set: 0.7ms
[2023-04-17T11:05:56.771-0400][gc,phases   ] GC(439)   Merge Heap Roots: 0.1ms
[2023-04-17T11:05:56.771-0400][gc,phases   ] GC(439)   Evacuate Collection Set: 3.6ms
[2023-04-17T11:05:56.771-0400][gc,phases   ] GC(439)   Post Evacuate Collection Set: 0.4ms
[2023-04-17T11:05:56.771-0400][gc,phases   ] GC(439)   Other: 0.1ms
[2023-04-17T11:05:56.771-0400][gc,heap     ] GC(439) Eden regions: 47->0(46)
[2023-04-17T11:05:56.771-0400][gc,heap     ] GC(439) Survivor regions: 4->5(7)
[2023-04-17T11:05:56.771-0400][gc,heap     ] GC(439) Old regions: 101->101
[2023-04-17T11:05:56.771-0400][gc,heap     ] GC(439) Archive regions: 2->2
[2023-04-17T11:05:56.771-0400][gc,heap     ] GC(439) Humongous regions: 129->129
[2023-04-17T11:05:56.771-0400][gc,metaspace] GC(439) Metaspace: 44154K(44928K)->44154K(44928K) NonClass: 39058K(39488K)->39058K(39488K) Class: 5095K(5440K)->5095K(5440K)
[2023-04-17T11:05:56.771-0400][gc          ] GC(439) Pause Young (Normal) (G1 Evacuation Pause) 280M->234M(1024M) 5.762ms
[2023-04-17T11:05:56.772-0400][gc,cpu      ] GC(439) User=0.02s Sys=0.00s Real=0.01s
[2023-04-17T11:06:27.605-0400][gc,start    ] GC(440) Pause Young (Normal) (G1 Evacuation Pause)
[2023-04-17T11:06:27.606-0400][gc,task     ] GC(440) Using 8 workers of 8 for evacuation
[2023-04-17T11:06:27.620-0400][gc,phases   ] GC(440)   Pre Evacuate Collection Set: 0.1ms
[2023-04-17T11:06:27.620-0400][gc,phases   ] GC(440)   Merge Heap Roots: 0.1ms
[2023-04-17T11:06:27.620-0400][gc,phases   ] GC(440)   Evacuate Collection Set: 13.4ms
[2023-04-17T11:06:27.620-0400][gc,phases   ] GC(440)   Post Evacuate Collection Set: 0.5ms
[2023-04-17T11:06:27.620-0400][gc,phases   ] GC(440)   Other: 0.2ms
[2023-04-17T11:06:27.620-0400][gc,heap     ] GC(440) Eden regions: 46->0(93)
[2023-04-17T11:06:27.620-0400][gc,heap     ] GC(440) Survivor regions: 5->4(7)
[2023-04-17T11:06:27.620-0400][gc,heap     ] GC(440) Old regions: 101->103
[2023-04-17T11:06:27.620-0400][gc,heap     ] GC(440) Archive regions: 2->2
[2023-04-17T11:06:27.620-0400][gc,heap     ] GC(440) Humongous regions: 129->129
[2023-04-17T11:06:27.620-0400][gc,metaspace] GC(440) Metaspace: 44154K(44928K)->44154K(44928K) NonClass: 39058K(39488K)->39058K(39488K) Class: 5095K(5440K)->5095K(5440K)
[2023-04-17T11:06:27.620-0400][gc          ] GC(440) Pause Young (Normal) (G1 Evacuation Pause) 280M->235M(1024M) 15.497ms
[2023-04-17T11:06:27.620-0400][gc,cpu      ] GC(440) User=0.03s Sys=0.02s Real=0.02s
[2023-04-17T11:07:25.616-0400][gc,start    ] GC(441) Pause Young (Normal) (G1 Evacuation Pause)
[2023-04-17T11:07:25.617-0400][gc,task     ] GC(441) Using 8 workers of 8 for evacuation
[2023-04-17T11:07:25.627-0400][gc,phases   ] GC(441)   Pre Evacuate Collection Set: 0.2ms
[2023-04-17T11:07:25.627-0400][gc,phases   ] GC(441)   Merge Heap Roots: 0.2ms
[2023-04-17T11:07:25.627-0400][gc,phases   ] GC(441)   Evacuate Collection Set: 9.1ms
[2023-04-17T11:07:25.627-0400][gc,phases   ] GC(441)   Post Evacuate Collection Set: 0.4ms
[2023-04-17T11:07:25.627-0400][gc,phases   ] GC(441)   Other: 0.2ms
[2023-04-17T11:07:25.627-0400][gc,heap     ] GC(441) Eden regions: 93->0(79)
[2023-04-17T11:07:25.627-0400][gc,heap     ] GC(441) Survivor regions: 4->5(13)
[2023-04-17T11:07:25.627-0400][gc,heap     ] GC(441) Old regions: 103->103
[2023-04-17T11:07:25.627-0400][gc,heap     ] GC(441) Archive regions: 2->2
[2023-04-17T11:07:25.627-0400][gc,heap     ] GC(441) Humongous regions: 129->129
[2023-04-17T11:07:25.627-0400][gc,metaspace] GC(441) Metaspace: 44154K(44928K)->44154K(44928K) NonClass: 39058K(39488K)->39058K(39488K) Class: 5095K(5440K)->5095K(5440K)
[2023-04-17T11:07:25.627-0400][gc          ] GC(441) Pause Young (Normal) (G1 Evacuation Pause) 328M->236M(1024M) 11.417ms
[2023-04-17T11:07:25.627-0400][gc,cpu      ] GC(441) User=0.04s Sys=0.02s Real=0.01s
[2023-04-17T11:08:17.157-0400][gc,start    ] GC(442) Pause Young (Normal) (G1 Evacuation Pause)
[2023-04-17T11:08:17.158-0400][gc,task     ] GC(442) Using 8 workers of 8 for evacuation
[2023-04-17T11:08:17.163-0400][gc,phases   ] GC(442)   Pre Evacuate Collection Set: 0.1ms
[2023-04-17T11:08:17.164-0400][gc,phases   ] GC(442)   Merge Heap Roots: 0.1ms
[2023-04-17T11:08:17.164-0400][gc,phases   ] GC(442)   Evacuate Collection Set: 3.9ms
[2023-04-17T11:08:17.164-0400][gc,phases   ] GC(442)   Post Evacuate Collection Set: 1.1ms
[2023-04-17T11:08:17.164-0400][gc,phases   ] GC(442)   Other: 0.1ms
[2023-04-17T11:08:17.164-0400][gc,heap     ] GC(442) Eden regions: 79->0(96)
[2023-04-17T11:08:17.164-0400][gc,heap     ] GC(442) Survivor regions: 5->6(11)
[2023-04-17T11:08:17.164-0400][gc,heap     ] GC(442) Old regions: 103->103
[2023-04-17T11:08:17.164-0400][gc,heap     ] GC(442) Archive regions: 2->2
[2023-04-17T11:08:17.164-0400][gc,heap     ] GC(442) Humongous regions: 129->129
[2023-04-17T11:08:17.164-0400][gc,metaspace] GC(442) Metaspace: 44154K(44928K)->44154K(44928K) NonClass: 39058K(39488K)->39058K(39488K) Class: 5095K(5440K)->5095K(5440K)
[2023-04-17T11:08:17.164-0400][gc          ] GC(442) Pause Young (Normal) (G1 Evacuation Pause) 315M->237M(1024M) 6.282ms
[2023-04-17T11:08:17.164-0400][gc,cpu      ] GC(442) User=0.03s Sys=0.00s Real=0.01s
[2023-04-17T11:09:20.969-0400][gc,start    ] GC(443) Pause Young (Normal) (G1 Evacuation Pause)
[2023-04-17T11:09:20.970-0400][gc,task     ] GC(443) Using 8 workers of 8 for evacuation
[2023-04-17T11:09:20.993-0400][gc,mmu      ] GC(443) MMU target violated: 21.0ms (20.0ms/21.0ms)
[2023-04-17T11:09:20.993-0400][gc,phases   ] GC(443)   Pre Evacuate Collection Set: 0.3ms
[2023-04-17T11:09:20.993-0400][gc,phases   ] GC(443)   Merge Heap Roots: 0.3ms
[2023-04-17T11:09:20.993-0400][gc,phases   ] GC(443)   Evacuate Collection Set: 22.4ms
[2023-04-17T11:09:20.993-0400][gc,phases   ] GC(443)   Post Evacuate Collection Set: 0.4ms
[2023-04-17T11:09:20.994-0400][gc,phases   ] GC(443)   Other: 0.3ms
[2023-04-17T11:09:20.994-0400][gc,heap     ] GC(443) Eden regions: 96->0(43)
[2023-04-17T11:09:20.994-0400][gc,heap     ] GC(443) Survivor regions: 6->8(13)
[2023-04-17T11:09:20.994-0400][gc,heap     ] GC(443) Old regions: 103->103
[2023-04-17T11:09:20.994-0400][gc,heap     ] GC(443) Archive regions: 2->2
[2023-04-17T11:09:20.994-0400][gc,heap     ] GC(443) Humongous regions: 129->129
[2023-04-17T11:09:20.994-0400][gc,metaspace] GC(443) Metaspace: 44154K(44928K)->44154K(44928K) NonClass: 39058K(39488K)->39058K(39488K) Class: 5095K(5440K)->5095K(5440K)
[2023-04-17T11:09:20.994-0400][gc          ] GC(443) Pause Young (Normal) (G1 Evacuation Pause) 333M->239M(1024M) 24.625ms
[2023-04-17T11:09:20.994-0400][gc,cpu      ] GC(443) User=0.05s Sys=0.07s Real=0.03s
[2023-04-17T11:09:49.073-0400][gc,start    ] GC(444) Pause Young (Normal) (G1 Evacuation Pause)
[2023-04-17T11:09:49.073-0400][gc,task     ] GC(444) Using 8 workers of 8 for evacuation
[2023-04-17T11:09:49.128-0400][gc,mmu      ] GC(444) MMU target violated: 21.0ms (20.0ms/21.0ms)
[2023-04-17T11:09:49.129-0400][gc,phases   ] GC(444)   Pre Evacuate Collection Set: 1.9ms
[2023-04-17T11:09:49.129-0400][gc,phases   ] GC(444)   Merge Heap Roots: 0.2ms
[2023-04-17T11:09:49.129-0400][gc,phases   ] GC(444)   Evacuate Collection Set: 53.0ms
[2023-04-17T11:09:49.129-0400][gc,phases   ] GC(444)   Post Evacuate Collection Set: 0.4ms
[2023-04-17T11:09:49.129-0400][gc,phases   ] GC(444)   Other: 0.2ms
[2023-04-17T11:09:49.129-0400][gc,heap     ] GC(444) Eden regions: 43->0(46)
[2023-04-17T11:09:49.129-0400][gc,heap     ] GC(444) Survivor regions: 8->5(7)
[2023-04-17T11:09:49.129-0400][gc,heap     ] GC(444) Old regions: 103->107
[2023-04-17T11:09:49.129-0400][gc,heap     ] GC(444) Archive regions: 2->2
[2023-04-17T11:09:49.129-0400][gc,heap     ] GC(444) Humongous regions: 129->129
[2023-04-17T11:09:49.129-0400][gc,metaspace] GC(444) Metaspace: 44154K(44928K)->44154K(44928K) NonClass: 39058K(39488K)->39058K(39488K) Class: 5095K(5440K)->5095K(5440K)
[2023-04-17T11:09:49.129-0400][gc          ] GC(444) Pause Young (Normal) (G1 Evacuation Pause) 282M->240M(1024M) 56.140ms
[2023-04-17T11:09:49.129-0400][gc,cpu      ] GC(444) User=0.07s Sys=0.08s Real=0.05s
[2023-04-17T11:10:19.918-0400][gc,start    ] GC(445) Pause Young (Normal) (G1 Evacuation Pause)
[2023-04-17T11:10:19.919-0400][gc,task     ] GC(445) Using 8 workers of 8 for evacuation
[2023-04-17T11:10:19.932-0400][gc,phases   ] GC(445)   Pre Evacuate Collection Set: 0.2ms
[2023-04-17T11:10:19.932-0400][gc,phases   ] GC(445)   Merge Heap Roots: 0.1ms
[2023-04-17T11:10:19.932-0400][gc,phases   ] GC(445)   Evacuate Collection Set: 10.6ms
[2023-04-17T11:10:19.932-0400][gc,phases   ] GC(445)   Post Evacuate Collection Set: 1.1ms
[2023-04-17T11:10:19.932-0400][gc,phases   ] GC(445)   Other: 0.8ms
[2023-04-17T11:10:19.932-0400][gc,heap     ] GC(445) Eden regions: 46->0(67)
[2023-04-17T11:10:19.932-0400][gc,heap     ] GC(445) Survivor regions: 5->4(7)
[2023-04-17T11:10:19.932-0400][gc,heap     ] GC(445) Old regions: 107->108
[2023-04-17T11:10:19.932-0400][gc,heap     ] GC(445) Archive regions: 2->2
[2023-04-17T11:10:19.932-0400][gc,heap     ] GC(445) Humongous regions: 129->129
[2023-04-17T11:10:19.932-0400][gc,metaspace] GC(445) Metaspace: 44154K(44928K)->44154K(44928K) NonClass: 39058K(39488K)->39058K(39488K) Class: 5095K(5440K)->5095K(5440K)
[2023-04-17T11:10:19.932-0400][gc          ] GC(445) Pause Young (Normal) (G1 Evacuation Pause) 286M->241M(1024M) 13.705ms
[2023-04-17T11:10:19.932-0400][gc,cpu      ] GC(445) User=0.04s Sys=0.02s Real=0.02s
[2023-04-17T11:11:04.909-0400][gc,start    ] GC(446) Pause Young (Normal) (G1 Evacuation Pause)
[2023-04-17T11:11:04.910-0400][gc,task     ] GC(446) Using 8 workers of 8 for evacuation
[2023-04-17T11:11:04.924-0400][gc,phases   ] GC(446)   Pre Evacuate Collection Set: 0.7ms
[2023-04-17T11:11:04.924-0400][gc,phases   ] GC(446)   Merge Heap Roots: 0.4ms
[2023-04-17T11:11:04.924-0400][gc,phases   ] GC(446)   Evacuate Collection Set: 11.8ms
[2023-04-17T11:11:04.924-0400][gc,phases   ] GC(446)   Post Evacuate Collection Set: 0.6ms
[2023-04-17T11:11:04.924-0400][gc,phases   ] GC(446)   Other: 0.5ms
[2023-04-17T11:11:04.924-0400][gc,heap     ] GC(446) Eden regions: 67->0(46)
[2023-04-17T11:11:04.924-0400][gc,heap     ] GC(446) Survivor regions: 4->5(9)
[2023-04-17T11:11:04.924-0400][gc,heap     ] GC(446) Old regions: 108->108
[2023-04-17T11:11:04.924-0400][gc,heap     ] GC(446) Archive regions: 2->2
[2023-04-17T11:11:04.924-0400][gc,heap     ] GC(446) Humongous regions: 129->129
[2023-04-17T11:11:04.924-0400][gc,metaspace] GC(446) Metaspace: 44154K(44928K)->44154K(44928K) NonClass: 39058K(39488K)->39058K(39488K) Class: 5095K(5440K)->5095K(5440K)
[2023-04-17T11:11:04.924-0400][gc          ] GC(446) Pause Young (Normal) (G1 Evacuation Pause) 308M->242M(1024M) 14.995ms
[2023-04-17T11:11:04.924-0400][gc,cpu      ] GC(446) User=0.04s Sys=0.04s Real=0.02s
[2023-04-17T11:11:35.334-0400][gc,start    ] GC(447) Pause Young (Normal) (G1 Evacuation Pause)
[2023-04-17T11:11:35.335-0400][gc,task     ] GC(447) Using 8 workers of 8 for evacuation
[2023-04-17T11:11:35.349-0400][gc,phases   ] GC(447)   Pre Evacuate Collection Set: 4.0ms
[2023-04-17T11:11:35.349-0400][gc,phases   ] GC(447)   Merge Heap Roots: 0.2ms
[2023-04-17T11:11:35.349-0400][gc,phases   ] GC(447)   Evacuate Collection Set: 8.6ms
[2023-04-17T11:11:35.349-0400][gc,phases   ] GC(447)   Post Evacuate Collection Set: 0.5ms
[2023-04-17T11:11:35.349-0400][gc,phases   ] GC(447)   Other: 0.8ms
[2023-04-17T11:11:35.349-0400][gc,heap     ] GC(447) Eden regions: 46->0(103)
[2023-04-17T11:11:35.349-0400][gc,heap     ] GC(447) Survivor regions: 5->4(7)
[2023-04-17T11:11:35.349-0400][gc,heap     ] GC(447) Old regions: 108->110
[2023-04-17T11:11:35.349-0400][gc,heap     ] GC(447) Archive regions: 2->2
[2023-04-17T11:11:35.349-0400][gc,heap     ] GC(447) Humongous regions: 129->129
[2023-04-17T11:11:35.349-0400][gc,metaspace] GC(447) Metaspace: 44154K(44928K)->44154K(44928K) NonClass: 39058K(39488K)->39058K(39488K) Class: 5095K(5440K)->5095K(5440K)
[2023-04-17T11:11:35.349-0400][gc          ] GC(447) Pause Young (Normal) (G1 Evacuation Pause) 288M->243M(1024M) 14.913ms
[2023-04-17T11:11:35.349-0400][gc,cpu      ] GC(447) User=0.04s Sys=0.01s Real=0.01s
[2023-04-17T11:12:44.733-0400][gc,start    ] GC(448) Pause Young (Normal) (G1 Evacuation Pause)
[2023-04-17T11:12:44.733-0400][gc,task     ] GC(448) Using 8 workers of 8 for evacuation
[2023-04-17T11:12:44.751-0400][gc,phases   ] GC(448)   Pre Evacuate Collection Set: 0.3ms
[2023-04-17T11:12:44.751-0400][gc,phases   ] GC(448)   Merge Heap Roots: 0.3ms
[2023-04-17T11:12:44.751-0400][gc,phases   ] GC(448)   Evacuate Collection Set: 16.8ms
[2023-04-17T11:12:44.751-0400][gc,phases   ] GC(448)   Post Evacuate Collection Set: 0.3ms
[2023-04-17T11:12:44.751-0400][gc,phases   ] GC(448)   Other: 0.2ms
[2023-04-17T11:12:44.751-0400][gc,heap     ] GC(448) Eden regions: 103->0(45)
[2023-04-17T11:12:44.751-0400][gc,heap     ] GC(448) Survivor regions: 4->6(14)
[2023-04-17T11:12:44.751-0400][gc,heap     ] GC(448) Old regions: 110->110
[2023-04-17T11:12:44.751-0400][gc,heap     ] GC(448) Archive regions: 2->2
[2023-04-17T11:12:44.751-0400][gc,heap     ] GC(448) Humongous regions: 129->129
[2023-04-17T11:12:44.751-0400][gc,metaspace] GC(448) Metaspace: 44154K(44928K)->44154K(44928K) NonClass: 39058K(39488K)->39058K(39488K) Class: 5095K(5440K)->5095K(5440K)
[2023-04-17T11:12:44.751-0400][gc          ] GC(448) Pause Young (Normal) (G1 Evacuation Pause) 346M->245M(1024M) 18.271ms
[2023-04-17T11:12:44.751-0400][gc,cpu      ] GC(448) User=0.05s Sys=0.04s Real=0.02s
[2023-04-17T11:13:13.974-0400][gc,start    ] GC(449) Pause Young (Normal) (G1 Evacuation Pause)
[2023-04-17T11:13:13.974-0400][gc,task     ] GC(449) Using 8 workers of 8 for evacuation
[2023-04-17T11:13:13.997-0400][gc,mmu      ] GC(449) MMU target violated: 21.0ms (20.0ms/21.0ms)
[2023-04-17T11:13:13.998-0400][gc,phases   ] GC(449)   Pre Evacuate Collection Set: 0.3ms
[2023-04-17T11:13:13.998-0400][gc,phases   ] GC(449)   Merge Heap Roots: 0.2ms
[2023-04-17T11:13:13.998-0400][gc,phases   ] GC(449)   Evacuate Collection Set: 22.1ms
[2023-04-17T11:13:13.998-0400][gc,phases   ] GC(449)   Post Evacuate Collection Set: 0.4ms
[2023-04-17T11:13:13.998-0400][gc,phases   ] GC(449)   Other: 0.2ms
[2023-04-17T11:13:13.998-0400][gc,heap     ] GC(449) Eden regions: 45->0(101)
[2023-04-17T11:13:13.998-0400][gc,heap     ] GC(449) Survivor regions: 6->4(7)
[2023-04-17T11:13:13.998-0400][gc,heap     ] GC(449) Old regions: 110->113
[2023-04-17T11:13:13.998-0400][gc,heap     ] GC(449) Archive regions: 2->2
[2023-04-17T11:13:13.998-0400][gc,heap     ] GC(449) Humongous regions: 129->129
[2023-04-17T11:13:13.998-0400][gc,metaspace] GC(449) Metaspace: 44154K(44928K)->44154K(44928K) NonClass: 39058K(39488K)->39058K(39488K) Class: 5095K(5440K)->5095K(5440K)
[2023-04-17T11:13:13.998-0400][gc          ] GC(449) Pause Young (Normal) (G1 Evacuation Pause) 290M->245M(1024M) 23.625ms
[2023-04-17T11:13:13.998-0400][gc,cpu      ] GC(449) User=0.05s Sys=0.03s Real=0.02s
[2023-04-17T11:14:21.195-0400][gc,start    ] GC(450) Pause Young (Normal) (G1 Evacuation Pause)
[2023-04-17T11:14:21.196-0400][gc,task     ] GC(450) Using 8 workers of 8 for evacuation
[2023-04-17T11:14:21.205-0400][gc,phases   ] GC(450)   Pre Evacuate Collection Set: 0.3ms
[2023-04-17T11:14:21.206-0400][gc,phases   ] GC(450)   Merge Heap Roots: 0.2ms
[2023-04-17T11:14:21.206-0400][gc,phases   ] GC(450)   Evacuate Collection Set: 7.7ms
[2023-04-17T11:14:21.206-0400][gc,phases   ] GC(450)   Post Evacuate Collection Set: 0.6ms
[2023-04-17T11:14:21.206-0400][gc,phases   ] GC(450)   Other: 0.2ms
[2023-04-17T11:14:21.206-0400][gc,heap     ] GC(450) Eden regions: 101->0(52)
[2023-04-17T11:14:21.206-0400][gc,heap     ] GC(450) Survivor regions: 4->6(14)
[2023-04-17T11:14:21.206-0400][gc,heap     ] GC(450) Old regions: 113->113
[2023-04-17T11:14:21.206-0400][gc,heap     ] GC(450) Archive regions: 2->2
[2023-04-17T11:14:21.206-0400][gc,heap     ] GC(450) Humongous regions: 129->129
[2023-04-17T11:14:21.206-0400][gc,metaspace] GC(450) Metaspace: 44154K(44928K)->44154K(44928K) NonClass: 39059K(39488K)->39059K(39488K) Class: 5095K(5440K)->5095K(5440K)
[2023-04-17T11:14:21.206-0400][gc          ] GC(450) Pause Young (Normal) (G1 Evacuation Pause) 346M->247M(1024M) 10.295ms
[2023-04-17T11:14:21.206-0400][gc,cpu      ] GC(450) User=0.05s Sys=0.00s Real=0.01s
[2023-04-17T11:14:55.295-0400][gc,start    ] GC(451) Pause Young (Normal) (G1 Evacuation Pause)
[2023-04-17T11:14:55.295-0400][gc,task     ] GC(451) Using 8 workers of 8 for evacuation
[2023-04-17T11:14:55.317-0400][gc,mmu      ] GC(451) MMU target violated: 21.0ms (20.0ms/21.0ms)
[2023-04-17T11:14:55.317-0400][gc,phases   ] GC(451)   Pre Evacuate Collection Set: 0.3ms
[2023-04-17T11:14:55.317-0400][gc,phases   ] GC(451)   Merge Heap Roots: 0.2ms
[2023-04-17T11:14:55.317-0400][gc,phases   ] GC(451)   Evacuate Collection Set: 20.3ms
[2023-04-17T11:14:55.317-0400][gc,phases   ] GC(451)   Post Evacuate Collection Set: 1.1ms
[2023-04-17T11:14:55.317-0400][gc,phases   ] GC(451)   Other: 0.3ms
[2023-04-17T11:14:55.317-0400][gc,heap     ] GC(451) Eden regions: 52->0(138)
[2023-04-17T11:14:55.317-0400][gc,heap     ] GC(451) Survivor regions: 6->4(8)
[2023-04-17T11:14:55.317-0400][gc,heap     ] GC(451) Old regions: 113->115
[2023-04-17T11:14:55.317-0400][gc,heap     ] GC(451) Archive regions: 2->2
[2023-04-17T11:14:55.317-0400][gc,heap     ] GC(451) Humongous regions: 129->129
[2023-04-17T11:14:55.317-0400][gc,metaspace] GC(451) Metaspace: 44154K(44928K)->44154K(44928K) NonClass: 39059K(39488K)->39059K(39488K) Class: 5095K(5440K)->5095K(5440K)
[2023-04-17T11:14:55.317-0400][gc          ] GC(451) Pause Young (Normal) (G1 Evacuation Pause) 299M->248M(1024M) 22.642ms
[2023-04-17T11:14:55.317-0400][gc,cpu      ] GC(451) User=0.05s Sys=0.03s Real=0.02s
[2023-04-17T11:16:26.687-0400][gc,start    ] GC(452) Pause Young (Normal) (G1 Evacuation Pause)
[2023-04-17T11:16:26.688-0400][gc,task     ] GC(452) Using 8 workers of 8 for evacuation
[2023-04-17T11:16:26.725-0400][gc,mmu      ] GC(452) MMU target violated: 21.0ms (20.0ms/21.0ms)
[2023-04-17T11:16:26.725-0400][gc,phases   ] GC(452)   Pre Evacuate Collection Set: 1.7ms
[2023-04-17T11:16:26.725-0400][gc,phases   ] GC(452)   Merge Heap Roots: 0.2ms
[2023-04-17T11:16:26.725-0400][gc,phases   ] GC(452)   Evacuate Collection Set: 34.6ms
[2023-04-17T11:16:26.725-0400][gc,phases   ] GC(452)   Post Evacuate Collection Set: 0.5ms
[2023-04-17T11:16:26.725-0400][gc,phases   ] GC(452)   Other: 0.2ms
[2023-04-17T11:16:26.725-0400][gc,heap     ] GC(452) Eden regions: 138->0(45)
[2023-04-17T11:16:26.725-0400][gc,heap     ] GC(452) Survivor regions: 4->6(18)
[2023-04-17T11:16:26.725-0400][gc,heap     ] GC(452) Old regions: 115->115
[2023-04-17T11:16:26.725-0400][gc,heap     ] GC(452) Archive regions: 2->2
[2023-04-17T11:16:26.725-0400][gc,heap     ] GC(452) Humongous regions: 129->129
[2023-04-17T11:16:26.725-0400][gc,metaspace] GC(452) Metaspace: 44154K(44928K)->44154K(44928K) NonClass: 39059K(39488K)->39059K(39488K) Class: 5095K(5440K)->5095K(5440K)
[2023-04-17T11:16:26.725-0400][gc          ] GC(452) Pause Young (Normal) (G1 Evacuation Pause) 386M->250M(1024M) 38.244ms
[2023-04-17T11:16:26.725-0400][gc,cpu      ] GC(452) User=0.04s Sys=0.08s Real=0.04s
[2023-04-17T11:16:56.340-0400][gc,start    ] GC(453) Pause Young (Normal) (G1 Evacuation Pause)
[2023-04-17T11:16:56.341-0400][gc,task     ] GC(453) Using 8 workers of 8 for evacuation
[2023-04-17T11:16:56.359-0400][gc,phases   ] GC(453)   Pre Evacuate Collection Set: 0.2ms
[2023-04-17T11:16:56.359-0400][gc,phases   ] GC(453)   Merge Heap Roots: 0.1ms
[2023-04-17T11:16:56.359-0400][gc,phases   ] GC(453)   Evacuate Collection Set: 16.4ms
[2023-04-17T11:16:56.359-0400][gc,phases   ] GC(453)   Post Evacuate Collection Set: 0.7ms
[2023-04-17T11:16:56.359-0400][gc,phases   ] GC(453)   Other: 0.2ms
[2023-04-17T11:16:56.359-0400][gc,heap     ] GC(453) Eden regions: 45->0(56)
[2023-04-17T11:16:56.359-0400][gc,heap     ] GC(453) Survivor regions: 6->4(7)
[2023-04-17T11:16:56.359-0400][gc,heap     ] GC(453) Old regions: 115->118
[2023-04-17T11:16:56.359-0400][gc,heap     ] GC(453) Archive regions: 2->2
[2023-04-17T11:16:56.359-0400][gc,heap     ] GC(453) Humongous regions: 129->129
[2023-04-17T11:16:56.359-0400][gc,metaspace] GC(453) Metaspace: 44154K(44928K)->44154K(44928K) NonClass: 39059K(39488K)->39059K(39488K) Class: 5095K(5440K)->5095K(5440K)
[2023-04-17T11:16:56.359-0400][gc          ] GC(453) Pause Young (Normal) (G1 Evacuation Pause) 295M->251M(1024M) 18.867ms
[2023-04-17T11:16:56.359-0400][gc,cpu      ] GC(453) User=0.05s Sys=0.03s Real=0.01s
[2023-04-17T11:17:33.279-0400][gc,start    ] GC(454) Pause Young (Normal) (G1 Evacuation Pause)
[2023-04-17T11:17:33.280-0400][gc,task     ] GC(454) Using 8 workers of 8 for evacuation
[2023-04-17T11:17:33.288-0400][gc,phases   ] GC(454)   Pre Evacuate Collection Set: 0.3ms
[2023-04-17T11:17:33.288-0400][gc,phases   ] GC(454)   Merge Heap Roots: 0.2ms
[2023-04-17T11:17:33.288-0400][gc,phases   ] GC(454)   Evacuate Collection Set: 6.3ms
[2023-04-17T11:17:33.288-0400][gc,phases   ] GC(454)   Post Evacuate Collection Set: 0.5ms
[2023-04-17T11:17:33.288-0400][gc,phases   ] GC(454)   Other: 0.2ms
[2023-04-17T11:17:33.288-0400][gc,heap     ] GC(454) Eden regions: 56->0(45)
[2023-04-17T11:17:33.288-0400][gc,heap     ] GC(454) Survivor regions: 4->6(8)
[2023-04-17T11:17:33.288-0400][gc,heap     ] GC(454) Old regions: 118->118
[2023-04-17T11:17:33.288-0400][gc,heap     ] GC(454) Archive regions: 2->2
[2023-04-17T11:17:33.288-0400][gc,heap     ] GC(454) Humongous regions: 129->129
[2023-04-17T11:17:33.288-0400][gc,metaspace] GC(454) Metaspace: 44154K(44928K)->44154K(44928K) NonClass: 39059K(39488K)->39059K(39488K) Class: 5095K(5440K)->5095K(5440K)
[2023-04-17T11:17:33.288-0400][gc          ] GC(454) Pause Young (Normal) (G1 Evacuation Pause) 307M->252M(1024M) 8.718ms
[2023-04-17T11:17:33.288-0400][gc,cpu      ] GC(454) User=0.04s Sys=0.01s Real=0.01s
[2023-04-17T11:18:02.901-0400][gc,start    ] GC(455) Pause Young (Normal) (G1 Evacuation Pause)
[2023-04-17T11:18:02.902-0400][gc,task     ] GC(455) Using 8 workers of 8 for evacuation
[2023-04-17T11:18:02.913-0400][gc,phases   ] GC(455)   Pre Evacuate Collection Set: 0.1ms
[2023-04-17T11:18:02.913-0400][gc,phases   ] GC(455)   Merge Heap Roots: 0.1ms
[2023-04-17T11:18:02.913-0400][gc,phases   ] GC(455)   Evacuate Collection Set: 10.9ms
[2023-04-17T11:18:02.913-0400][gc,phases   ] GC(455)   Post Evacuate Collection Set: 0.2ms
[2023-04-17T11:18:02.913-0400][gc,phases   ] GC(455)   Other: 0.1ms
[2023-04-17T11:18:02.913-0400][gc,heap     ] GC(455) Eden regions: 45->0(149)
[2023-04-17T11:18:02.914-0400][gc,heap     ] GC(455) Survivor regions: 6->4(7)
[2023-04-17T11:18:02.914-0400][gc,heap     ] GC(455) Old regions: 118->121
[2023-04-17T11:18:02.914-0400][gc,heap     ] GC(455) Archive regions: 2->2
[2023-04-17T11:18:02.914-0400][gc,heap     ] GC(455) Humongous regions: 129->129
[2023-04-17T11:18:02.914-0400][gc,metaspace] GC(455) Metaspace: 44154K(44928K)->44154K(44928K) NonClass: 39059K(39488K)->39059K(39488K) Class: 5095K(5440K)->5095K(5440K)
[2023-04-17T11:18:02.914-0400][gc          ] GC(455) Pause Young (Normal) (G1 Evacuation Pause) 297M->253M(1024M) 12.410ms
[2023-04-17T11:18:02.914-0400][gc,cpu      ] GC(455) User=0.03s Sys=0.02s Real=0.01s
[2023-04-17T11:19:41.850-0400][gc,start    ] GC(456) Pause Young (Normal) (G1 Evacuation Pause)
[2023-04-17T11:19:41.851-0400][gc,task     ] GC(456) Using 8 workers of 8 for evacuation
[2023-04-17T11:19:41.885-0400][gc,mmu      ] GC(456) MMU target violated: 21.0ms (20.0ms/21.0ms)
[2023-04-17T11:19:41.885-0400][gc,phases   ] GC(456)   Pre Evacuate Collection Set: 0.7ms
[2023-04-17T11:19:41.885-0400][gc,phases   ] GC(456)   Merge Heap Roots: 0.1ms
[2023-04-17T11:19:41.885-0400][gc,phases   ] GC(456)   Evacuate Collection Set: 33.2ms
[2023-04-17T11:19:41.886-0400][gc,phases   ] GC(456)   Post Evacuate Collection Set: 0.3ms
[2023-04-17T11:19:41.886-0400][gc,phases   ] GC(456)   Other: 0.2ms
[2023-04-17T11:19:41.886-0400][gc,heap     ] GC(456) Eden regions: 149->0(45)
[2023-04-17T11:19:41.886-0400][gc,heap     ] GC(456) Survivor regions: 4->6(20)
[2023-04-17T11:19:41.886-0400][gc,heap     ] GC(456) Old regions: 121->121
[2023-04-17T11:19:41.886-0400][gc,heap     ] GC(456) Archive regions: 2->2
[2023-04-17T11:19:41.886-0400][gc,heap     ] GC(456) Humongous regions: 129->129
[2023-04-17T11:19:41.886-0400][gc,metaspace] GC(456) Metaspace: 44154K(44928K)->44154K(44928K) NonClass: 39059K(39488K)->39059K(39488K) Class: 5095K(5440K)->5095K(5440K)
[2023-04-17T11:19:41.886-0400][gc          ] GC(456) Pause Young (Normal) (G1 Evacuation Pause) 402M->255M(1024M) 35.153ms
[2023-04-17T11:19:41.886-0400][gc,cpu      ] GC(456) User=0.03s Sys=0.06s Real=0.03s
[2023-04-17T11:20:10.837-0400][gc,start    ] GC(457) Pause Young (Normal) (G1 Evacuation Pause)
[2023-04-17T11:20:10.838-0400][gc,task     ] GC(457) Using 8 workers of 8 for evacuation
[2023-04-17T11:20:10.851-0400][gc,phases   ] GC(457)   Pre Evacuate Collection Set: 0.2ms
[2023-04-17T11:20:10.851-0400][gc,phases   ] GC(457)   Merge Heap Roots: 0.1ms
[2023-04-17T11:20:10.851-0400][gc,phases   ] GC(457)   Evacuate Collection Set: 12.6ms
[2023-04-17T11:20:10.851-0400][gc,phases   ] GC(457)   Post Evacuate Collection Set: 0.4ms
[2023-04-17T11:20:10.851-0400][gc,phases   ] GC(457)   Other: 0.1ms
[2023-04-17T11:20:10.851-0400][gc,heap     ] GC(457) Eden regions: 45->0(46)
[2023-04-17T11:20:10.851-0400][gc,heap     ] GC(457) Survivor regions: 6->5(7)
[2023-04-17T11:20:10.851-0400][gc,heap     ] GC(457) Old regions: 121->122
[2023-04-17T11:20:10.851-0400][gc,heap     ] GC(457) Archive regions: 2->2
[2023-04-17T11:20:10.851-0400][gc,heap     ] GC(457) Humongous regions: 129->129
[2023-04-17T11:20:10.851-0400][gc,metaspace] GC(457) Metaspace: 44154K(44928K)->44154K(44928K) NonClass: 39059K(39488K)->39059K(39488K) Class: 5095K(5440K)->5095K(5440K)
[2023-04-17T11:20:10.851-0400][gc          ] GC(457) Pause Young (Normal) (G1 Evacuation Pause) 300M->256M(1024M) 13.838ms
[2023-04-17T11:20:10.851-0400][gc,cpu      ] GC(457) User=0.04s Sys=0.02s Real=0.02s
[2023-04-17T11:20:41.108-0400][gc,start    ] GC(458) Pause Young (Normal) (G1 Evacuation Pause)
[2023-04-17T11:20:41.108-0400][gc,task     ] GC(458) Using 8 workers of 8 for evacuation
[2023-04-17T11:20:41.112-0400][gc,phases   ] GC(458)   Pre Evacuate Collection Set: 0.1ms
[2023-04-17T11:20:41.112-0400][gc,phases   ] GC(458)   Merge Heap Roots: 0.1ms
[2023-04-17T11:20:41.112-0400][gc,phases   ] GC(458)   Evacuate Collection Set: 3.7ms
[2023-04-17T11:20:41.112-0400][gc,phases   ] GC(458)   Post Evacuate Collection Set: 0.3ms
[2023-04-17T11:20:41.112-0400][gc,phases   ] GC(458)   Other: 0.1ms
[2023-04-17T11:20:41.112-0400][gc,heap     ] GC(458) Eden regions: 46->0(88)
[2023-04-17T11:20:41.112-0400][gc,heap     ] GC(458) Survivor regions: 5->5(7)
[2023-04-17T11:20:41.112-0400][gc,heap     ] GC(458) Old regions: 122->123
[2023-04-17T11:20:41.112-0400][gc,heap     ] GC(458) Archive regions: 2->2
[2023-04-17T11:20:41.112-0400][gc,heap     ] GC(458) Humongous regions: 129->129
[2023-04-17T11:20:41.112-0400][gc,metaspace] GC(458) Metaspace: 44154K(44928K)->44154K(44928K) NonClass: 39059K(39488K)->39059K(39488K) Class: 5095K(5440K)->5095K(5440K)
[2023-04-17T11:20:41.112-0400][gc          ] GC(458) Pause Young (Normal) (G1 Evacuation Pause) 302M->257M(1024M) 4.522ms
[2023-04-17T11:20:41.113-0400][gc,cpu      ] GC(458) User=0.02s Sys=0.00s Real=0.01s
[2023-04-17T11:21:39.673-0400][gc,start    ] GC(459) Pause Young (Normal) (G1 Evacuation Pause)
[2023-04-17T11:21:39.674-0400][gc,task     ] GC(459) Using 8 workers of 8 for evacuation
[2023-04-17T11:21:39.680-0400][gc,phases   ] GC(459)   Pre Evacuate Collection Set: 0.1ms
[2023-04-17T11:21:39.680-0400][gc,phases   ] GC(459)   Merge Heap Roots: 0.1ms
[2023-04-17T11:21:39.680-0400][gc,phases   ] GC(459)   Evacuate Collection Set: 5.2ms
[2023-04-17T11:21:39.680-0400][gc,phases   ] GC(459)   Post Evacuate Collection Set: 0.3ms
[2023-04-17T11:21:39.680-0400][gc,phases   ] GC(459)   Other: 0.1ms
[2023-04-17T11:21:39.680-0400][gc,heap     ] GC(459) Eden regions: 88->0(101)
[2023-04-17T11:21:39.680-0400][gc,heap     ] GC(459) Survivor regions: 5->6(12)
[2023-04-17T11:21:39.680-0400][gc,heap     ] GC(459) Old regions: 123->123
[2023-04-17T11:21:39.680-0400][gc,heap     ] GC(459) Archive regions: 2->2
[2023-04-17T11:21:39.680-0400][gc,heap     ] GC(459) Humongous regions: 129->129
[2023-04-17T11:21:39.680-0400][gc,metaspace] GC(459) Metaspace: 44154K(44928K)->44154K(44928K) NonClass: 39059K(39488K)->39059K(39488K) Class: 5095K(5440K)->5095K(5440K)
[2023-04-17T11:21:39.680-0400][gc          ] GC(459) Pause Young (Normal) (G1 Evacuation Pause) 345M->258M(1024M) 6.737ms
[2023-04-17T11:21:39.680-0400][gc,cpu      ] GC(459) User=0.02s Sys=0.00s Real=0.01s
[2023-04-17T11:22:46.466-0400][gc,start    ] GC(460) Pause Young (Normal) (G1 Evacuation Pause)
[2023-04-17T11:22:46.467-0400][gc,task     ] GC(460) Using 8 workers of 8 for evacuation
[2023-04-17T11:22:46.504-0400][gc,mmu      ] GC(460) MMU target violated: 21.0ms (20.0ms/21.0ms)
[2023-04-17T11:22:46.504-0400][gc,phases   ] GC(460)   Pre Evacuate Collection Set: 2.0ms
[2023-04-17T11:22:46.504-0400][gc,phases   ] GC(460)   Merge Heap Roots: 0.4ms
[2023-04-17T11:22:46.504-0400][gc,phases   ] GC(460)   Evacuate Collection Set: 29.7ms
[2023-04-17T11:22:46.504-0400][gc,phases   ] GC(460)   Post Evacuate Collection Set: 2.7ms
[2023-04-17T11:22:46.504-0400][gc,phases   ] GC(460)   Other: 1.6ms
[2023-04-17T11:22:46.504-0400][gc,heap     ] GC(460) Eden regions: 101->0(43)
[2023-04-17T11:22:46.504-0400][gc,heap     ] GC(460) Survivor regions: 6->8(14)
[2023-04-17T11:22:46.504-0400][gc,heap     ] GC(460) Old regions: 123->123
[2023-04-17T11:22:46.504-0400][gc,heap     ] GC(460) Archive regions: 2->2
[2023-04-17T11:22:46.504-0400][gc,heap     ] GC(460) Humongous regions: 129->129
[2023-04-17T11:22:46.504-0400][gc,metaspace] GC(460) Metaspace: 44154K(44928K)->44154K(44928K) NonClass: 39059K(39488K)->39059K(39488K) Class: 5095K(5440K)->5095K(5440K)
[2023-04-17T11:22:46.504-0400][gc          ] GC(460) Pause Young (Normal) (G1 Evacuation Pause) 359M->260M(1024M) 37.633ms
[2023-04-17T11:22:46.504-0400][gc,cpu      ] GC(460) User=0.04s Sys=0.04s Real=0.04s
[2023-04-17T11:23:15.245-0400][gc,start    ] GC(461) Pause Young (Normal) (G1 Evacuation Pause)
[2023-04-17T11:23:15.245-0400][gc,task     ] GC(461) Using 8 workers of 8 for evacuation
[2023-04-17T11:23:15.282-0400][gc,mmu      ] GC(461) MMU target violated: 21.0ms (20.0ms/21.0ms)
[2023-04-17T11:23:15.282-0400][gc,phases   ] GC(461)   Pre Evacuate Collection Set: 0.4ms
[2023-04-17T11:23:15.282-0400][gc,phases   ] GC(461)   Merge Heap Roots: 0.1ms
[2023-04-17T11:23:15.282-0400][gc,phases   ] GC(461)   Evacuate Collection Set: 35.4ms
[2023-04-17T11:23:15.282-0400][gc,phases   ] GC(461)   Post Evacuate Collection Set: 0.2ms
[2023-04-17T11:23:15.282-0400][gc,phases   ] GC(461)   Other: 0.3ms
[2023-04-17T11:23:15.282-0400][gc,heap     ] GC(461) Eden regions: 43->0(46)
[2023-04-17T11:23:15.282-0400][gc,heap     ] GC(461) Survivor regions: 8->5(7)
[2023-04-17T11:23:15.282-0400][gc,heap     ] GC(461) Old regions: 123->128
[2023-04-17T11:23:15.282-0400][gc,heap     ] GC(461) Archive regions: 2->2
[2023-04-17T11:23:15.282-0400][gc,heap     ] GC(461) Humongous regions: 129->129
[2023-04-17T11:23:15.282-0400][gc,metaspace] GC(461) Metaspace: 44154K(44928K)->44154K(44928K) NonClass: 39059K(39488K)->39059K(39488K) Class: 5095K(5440K)->5095K(5440K)
[2023-04-17T11:23:15.282-0400][gc          ] GC(461) Pause Young (Normal) (G1 Evacuation Pause) 303M->261M(1024M) 36.747ms
[2023-04-17T11:23:15.282-0400][gc,cpu      ] GC(461) User=0.06s Sys=0.05s Real=0.04s
[2023-04-17T11:23:45.778-0400][gc,start    ] GC(462) Pause Young (Normal) (G1 Evacuation Pause)
[2023-04-17T11:23:45.778-0400][gc,task     ] GC(462) Using 8 workers of 8 for evacuation
[2023-04-17T11:23:45.786-0400][gc,phases   ] GC(462)   Pre Evacuate Collection Set: 0.1ms
[2023-04-17T11:23:45.786-0400][gc,phases   ] GC(462)   Merge Heap Roots: 0.1ms
[2023-04-17T11:23:45.786-0400][gc,phases   ] GC(462)   Evacuate Collection Set: 6.5ms
[2023-04-17T11:23:45.786-0400][gc,phases   ] GC(462)   Post Evacuate Collection Set: 0.9ms
[2023-04-17T11:23:45.786-0400][gc,phases   ] GC(462)   Other: 0.7ms
[2023-04-17T11:23:45.786-0400][gc,heap     ] GC(462) Eden regions: 46->0(131)
[2023-04-17T11:23:45.787-0400][gc,heap     ] GC(462) Survivor regions: 5->4(7)
[2023-04-17T11:23:45.787-0400][gc,heap     ] GC(462) Old regions: 128->129
[2023-04-17T11:23:45.787-0400][gc,heap     ] GC(462) Archive regions: 2->2
[2023-04-17T11:23:45.787-0400][gc,heap     ] GC(462) Humongous regions: 129->129
[2023-04-17T11:23:45.787-0400][gc,metaspace] GC(462) Metaspace: 44154K(44928K)->44154K(44928K) NonClass: 39059K(39488K)->39059K(39488K) Class: 5095K(5440K)->5095K(5440K)
[2023-04-17T11:23:45.787-0400][gc          ] GC(462) Pause Young (Normal) (G1 Evacuation Pause) 307M->262M(1024M) 8.820ms
[2023-04-17T11:23:45.787-0400][gc,cpu      ] GC(462) User=0.03s Sys=0.01s Real=0.01s
[2023-04-17T11:25:11.851-0400][gc,start    ] GC(463) Pause Young (Normal) (G1 Evacuation Pause)
[2023-04-17T11:25:11.864-0400][gc,task     ] GC(463) Using 8 workers of 8 for evacuation
[2023-04-17T11:25:11.887-0400][gc,mmu      ] GC(463) MMU target violated: 21.0ms (20.0ms/21.0ms)
[2023-04-17T11:25:11.887-0400][gc,phases   ] GC(463)   Pre Evacuate Collection Set: 0.4ms
[2023-04-17T11:25:11.887-0400][gc,phases   ] GC(463)   Merge Heap Roots: 1.0ms
[2023-04-17T11:25:11.887-0400][gc,phases   ] GC(463)   Evacuate Collection Set: 19.5ms
[2023-04-17T11:25:11.887-0400][gc,phases   ] GC(463)   Post Evacuate Collection Set: 0.4ms
[2023-04-17T11:25:11.887-0400][gc,phases   ] GC(463)   Other: 1.3ms
[2023-04-17T11:25:11.887-0400][gc,heap     ] GC(463) Eden regions: 131->0(45)
[2023-04-17T11:25:11.887-0400][gc,heap     ] GC(463) Survivor regions: 4->6(17)
[2023-04-17T11:25:11.887-0400][gc,heap     ] GC(463) Old regions: 129->129
[2023-04-17T11:25:11.887-0400][gc,heap     ] GC(463) Archive regions: 2->2
[2023-04-17T11:25:11.887-0400][gc,heap     ] GC(463) Humongous regions: 129->129
[2023-04-17T11:25:11.887-0400][gc,metaspace] GC(463) Metaspace: 44155K(44928K)->44155K(44928K) NonClass: 39060K(39488K)->39060K(39488K) Class: 5095K(5440K)->5095K(5440K)
[2023-04-17T11:25:11.887-0400][gc          ] GC(463) Pause Young (Normal) (G1 Evacuation Pause) 393M->264M(1024M) 36.193ms
[2023-04-17T11:25:11.887-0400][gc,cpu      ] GC(463) User=0.03s Sys=0.04s Real=0.03s
[2023-04-17T11:25:40.367-0400][gc,start    ] GC(464) Pause Young (Normal) (G1 Evacuation Pause)
[2023-04-17T11:25:40.368-0400][gc,task     ] GC(464) Using 8 workers of 8 for evacuation
[2023-04-17T11:25:40.381-0400][gc,phases   ] GC(464)   Pre Evacuate Collection Set: 0.3ms
[2023-04-17T11:25:40.381-0400][gc,phases   ] GC(464)   Merge Heap Roots: 0.1ms
[2023-04-17T11:25:40.381-0400][gc,phases   ] GC(464)   Evacuate Collection Set: 12.2ms
[2023-04-17T11:25:40.381-0400][gc,phases   ] GC(464)   Post Evacuate Collection Set: 0.3ms
[2023-04-17T11:25:40.381-0400][gc,phases   ] GC(464)   Other: 0.1ms
[2023-04-17T11:25:40.382-0400][gc,heap     ] GC(464) Eden regions: 45->0(95)
[2023-04-17T11:25:40.382-0400][gc,heap     ] GC(464) Survivor regions: 6->5(7)
[2023-04-17T11:25:40.382-0400][gc,heap     ] GC(464) Old regions: 129->131
[2023-04-17T11:25:40.382-0400][gc,heap     ] GC(464) Archive regions: 2->2
[2023-04-17T11:25:40.382-0400][gc,heap     ] GC(464) Humongous regions: 129->129
[2023-04-17T11:25:40.382-0400][gc,metaspace] GC(464) Metaspace: 44155K(44928K)->44155K(44928K) NonClass: 39060K(39488K)->39060K(39488K) Class: 5095K(5440K)->5095K(5440K)
[2023-04-17T11:25:40.382-0400][gc          ] GC(464) Pause Young (Normal) (G1 Evacuation Pause) 309M->265M(1024M) 14.137ms
[2023-04-17T11:25:40.382-0400][gc,cpu      ] GC(464) User=0.04s Sys=0.02s Real=0.02s
[2023-04-17T11:26:42.669-0400][gc,start    ] GC(465) Pause Young (Normal) (G1 Evacuation Pause)
[2023-04-17T11:26:42.669-0400][gc,task     ] GC(465) Using 8 workers of 8 for evacuation
[2023-04-17T11:26:42.677-0400][gc,phases   ] GC(465)   Pre Evacuate Collection Set: 0.2ms
[2023-04-17T11:26:42.677-0400][gc,phases   ] GC(465)   Merge Heap Roots: 0.2ms
[2023-04-17T11:26:42.677-0400][gc,phases   ] GC(465)   Evacuate Collection Set: 6.4ms
[2023-04-17T11:26:42.677-0400][gc,phases   ] GC(465)   Post Evacuate Collection Set: 0.4ms
[2023-04-17T11:26:42.677-0400][gc,phases   ] GC(465)   Other: 0.2ms
[2023-04-17T11:26:42.677-0400][gc,heap     ] GC(465) Eden regions: 95->0(67)
[2023-04-17T11:26:42.677-0400][gc,heap     ] GC(465) Survivor regions: 5->7(13)
[2023-04-17T11:26:42.677-0400][gc,heap     ] GC(465) Old regions: 131->131
[2023-04-17T11:26:42.677-0400][gc,heap     ] GC(465) Archive regions: 2->2
[2023-04-17T11:26:42.677-0400][gc,heap     ] GC(465) Humongous regions: 129->129
[2023-04-17T11:26:42.677-0400][gc,metaspace] GC(465) Metaspace: 44155K(44928K)->44155K(44928K) NonClass: 39060K(39488K)->39060K(39488K) Class: 5095K(5440K)->5095K(5440K)
[2023-04-17T11:26:42.677-0400][gc          ] GC(465) Pause Young (Normal) (G1 Evacuation Pause) 360M->266M(1024M) 8.543ms
[2023-04-17T11:26:42.677-0400][gc,cpu      ] GC(465) User=0.04s Sys=0.00s Real=0.01s
[2023-04-17T11:27:26.550-0400][gc,start    ] GC(466) Pause Young (Normal) (G1 Evacuation Pause)
[2023-04-17T11:27:26.552-0400][gc,task     ] GC(466) Using 8 workers of 8 for evacuation
[2023-04-17T11:27:26.565-0400][gc,phases   ] GC(466)   Pre Evacuate Collection Set: 0.3ms
[2023-04-17T11:27:26.565-0400][gc,phases   ] GC(466)   Merge Heap Roots: 0.1ms
[2023-04-17T11:27:26.565-0400][gc,phases   ] GC(466)   Evacuate Collection Set: 12.3ms
[2023-04-17T11:27:26.565-0400][gc,phases   ] GC(466)   Post Evacuate Collection Set: 0.4ms
[2023-04-17T11:27:26.565-0400][gc,phases   ] GC(466)   Other: 0.3ms
[2023-04-17T11:27:26.565-0400][gc,heap     ] GC(466) Eden regions: 67->0(141)
[2023-04-17T11:27:26.565-0400][gc,heap     ] GC(466) Survivor regions: 7->6(10)
[2023-04-17T11:27:26.565-0400][gc,heap     ] GC(466) Old regions: 131->132
[2023-04-17T11:27:26.565-0400][gc,heap     ] GC(466) Archive regions: 2->2
[2023-04-17T11:27:26.565-0400][gc,heap     ] GC(466) Humongous regions: 129->129
[2023-04-17T11:27:26.565-0400][gc,metaspace] GC(466) Metaspace: 44155K(44928K)->44155K(44928K) NonClass: 39060K(39488K)->39060K(39488K) Class: 5095K(5440K)->5095K(5440K)
[2023-04-17T11:27:26.565-0400][gc          ] GC(466) Pause Young (Normal) (G1 Evacuation Pause) 333M->267M(1024M) 14.835ms
[2023-04-17T11:27:26.565-0400][gc,cpu      ] GC(466) User=0.06s Sys=0.02s Real=0.01s
[2023-04-17T11:28:59.844-0400][gc,start    ] GC(467) Pause Young (Normal) (G1 Evacuation Pause)
[2023-04-17T11:28:59.845-0400][gc,task     ] GC(467) Using 8 workers of 8 for evacuation
[2023-04-17T11:28:59.871-0400][gc,mmu      ] GC(467) MMU target violated: 21.0ms (20.0ms/21.0ms)
[2023-04-17T11:28:59.871-0400][gc,phases   ] GC(467)   Pre Evacuate Collection Set: 0.3ms
[2023-04-17T11:28:59.871-0400][gc,phases   ] GC(467)   Merge Heap Roots: 0.2ms
[2023-04-17T11:28:59.871-0400][gc,phases   ] GC(467)   Evacuate Collection Set: 24.9ms
[2023-04-17T11:28:59.871-0400][gc,phases   ] GC(467)   Post Evacuate Collection Set: 0.3ms
[2023-04-17T11:28:59.871-0400][gc,phases   ] GC(467)   Other: 0.2ms
[2023-04-17T11:28:59.871-0400][gc,heap     ] GC(467) Eden regions: 141->0(42)
[2023-04-17T11:28:59.871-0400][gc,heap     ] GC(467) Survivor regions: 6->9(19)
[2023-04-17T11:28:59.871-0400][gc,heap     ] GC(467) Old regions: 132->132
[2023-04-17T11:28:59.871-0400][gc,heap     ] GC(467) Archive regions: 2->2
[2023-04-17T11:28:59.871-0400][gc,heap     ] GC(467) Humongous regions: 129->129
[2023-04-17T11:28:59.871-0400][gc,metaspace] GC(467) Metaspace: 44155K(44928K)->44155K(44928K) NonClass: 39060K(39488K)->39060K(39488K) Class: 5095K(5440K)->5095K(5440K)
[2023-04-17T11:28:59.871-0400][gc          ] GC(467) Pause Young (Normal) (G1 Evacuation Pause) 408M->270M(1024M) 27.394ms
[2023-04-17T11:28:59.871-0400][gc,cpu      ] GC(467) User=0.05s Sys=0.08s Real=0.03s
[2023-04-17T11:29:27.413-0400][gc,start    ] GC(468) Pause Young (Normal) (G1 Evacuation Pause)
[2023-04-17T11:29:27.413-0400][gc,task     ] GC(468) Using 8 workers of 8 for evacuation
[2023-04-17T11:29:27.455-0400][gc,mmu      ] GC(468) MMU target violated: 21.0ms (20.0ms/21.0ms)
[2023-04-17T11:29:27.456-0400][gc,phases   ] GC(468)   Pre Evacuate Collection Set: 0.4ms
[2023-04-17T11:29:27.456-0400][gc,phases   ] GC(468)   Merge Heap Roots: 0.2ms
[2023-04-17T11:29:27.456-0400][gc,phases   ] GC(468)   Evacuate Collection Set: 41.0ms
[2023-04-17T11:29:27.456-0400][gc,phases   ] GC(468)   Post Evacuate Collection Set: 0.4ms
[2023-04-17T11:29:27.456-0400][gc,phases   ] GC(468)   Other: 0.2ms
[2023-04-17T11:29:27.456-0400][gc,heap     ] GC(468) Eden regions: 42->0(102)
[2023-04-17T11:29:27.456-0400][gc,heap     ] GC(468) Survivor regions: 9->4(7)
[2023-04-17T11:29:27.456-0400][gc,heap     ] GC(468) Old regions: 132->138
[2023-04-17T11:29:27.456-0400][gc,heap     ] GC(468) Archive regions: 2->2
[2023-04-17T11:29:27.456-0400][gc,heap     ] GC(468) Humongous regions: 129->129
[2023-04-17T11:29:27.456-0400][gc,metaspace] GC(468) Metaspace: 44155K(44928K)->44155K(44928K) NonClass: 39060K(39488K)->39060K(39488K) Class: 5095K(5440K)->5095K(5440K)
[2023-04-17T11:29:27.456-0400][gc          ] GC(468) Pause Young (Normal) (G1 Evacuation Pause) 312M->271M(1024M) 42.610ms
[2023-04-17T11:29:27.456-0400][gc,cpu      ] GC(468) User=0.06s Sys=0.06s Real=0.04s
[2023-04-17T11:30:34.735-0400][gc,start    ] GC(469) Pause Young (Normal) (G1 Evacuation Pause)
[2023-04-17T11:30:34.736-0400][gc,task     ] GC(469) Using 8 workers of 8 for evacuation
[2023-04-17T11:30:34.744-0400][gc,phases   ] GC(469)   Pre Evacuate Collection Set: 1.5ms
[2023-04-17T11:30:34.744-0400][gc,phases   ] GC(469)   Merge Heap Roots: 0.2ms
[2023-04-17T11:30:34.744-0400][gc,phases   ] GC(469)   Evacuate Collection Set: 5.8ms
[2023-04-17T11:30:34.744-0400][gc,phases   ] GC(469)   Post Evacuate Collection Set: 0.5ms
[2023-04-17T11:30:34.744-0400][gc,phases   ] GC(469)   Other: 0.2ms
[2023-04-17T11:30:34.744-0400][gc,heap     ] GC(469) Eden regions: 102->0(58)
[2023-04-17T11:30:34.744-0400][gc,heap     ] GC(469) Survivor regions: 4->6(14)
[2023-04-17T11:30:34.744-0400][gc,heap     ] GC(469) Old regions: 138->138
[2023-04-17T11:30:34.744-0400][gc,heap     ] GC(469) Archive regions: 2->2
[2023-04-17T11:30:34.744-0400][gc,heap     ] GC(469) Humongous regions: 129->129
[2023-04-17T11:30:34.744-0400][gc,metaspace] GC(469) Metaspace: 44155K(44928K)->44155K(44928K) NonClass: 39060K(39488K)->39060K(39488K) Class: 5095K(5440K)->5095K(5440K)
[2023-04-17T11:30:34.744-0400][gc          ] GC(469) Pause Young (Normal) (G1 Evacuation Pause) 373M->272M(1024M) 8.633ms
[2023-04-17T11:30:34.744-0400][gc,cpu      ] GC(469) User=0.04s Sys=0.01s Real=0.01s
[2023-04-17T11:31:12.722-0400][gc,start    ] GC(470) Pause Young (Normal) (G1 Evacuation Pause)
[2023-04-17T11:31:12.722-0400][gc,task     ] GC(470) Using 8 workers of 8 for evacuation
[2023-04-17T11:31:12.734-0400][gc,phases   ] GC(470)   Pre Evacuate Collection Set: 0.2ms
[2023-04-17T11:31:12.734-0400][gc,phases   ] GC(470)   Merge Heap Roots: 0.2ms
[2023-04-17T11:31:12.734-0400][gc,phases   ] GC(470)   Evacuate Collection Set: 10.9ms
[2023-04-17T11:31:12.734-0400][gc,phases   ] GC(470)   Post Evacuate Collection Set: 0.4ms
[2023-04-17T11:31:12.734-0400][gc,phases   ] GC(470)   Other: 0.1ms
[2023-04-17T11:31:12.734-0400][gc,heap     ] GC(470) Eden regions: 58->0(190)
[2023-04-17T11:31:12.734-0400][gc,heap     ] GC(470) Survivor regions: 6->4(8)
[2023-04-17T11:31:12.734-0400][gc,heap     ] GC(470) Old regions: 138->140
[2023-04-17T11:31:12.734-0400][gc,heap     ] GC(470) Archive regions: 2->2
[2023-04-17T11:31:12.734-0400][gc,heap     ] GC(470) Humongous regions: 129->129
[2023-04-17T11:31:12.734-0400][gc,metaspace] GC(470) Metaspace: 44155K(44928K)->44155K(44928K) NonClass: 39060K(39488K)->39060K(39488K) Class: 5095K(5440K)->5095K(5440K)
[2023-04-17T11:31:12.734-0400][gc          ] GC(470) Pause Young (Normal) (G1 Evacuation Pause) 330M->273M(1024M) 12.167ms
[2023-04-17T11:31:12.734-0400][gc,cpu      ] GC(470) User=0.03s Sys=0.02s Real=0.01s
[2023-04-17T11:33:20.426-0400][gc,start    ] GC(471) Pause Young (Normal) (G1 Evacuation Pause)
[2023-04-17T11:33:20.444-0400][gc,task     ] GC(471) Using 8 workers of 8 for evacuation
[2023-04-17T11:33:20.472-0400][gc,mmu      ] GC(471) MMU target violated: 21.0ms (20.0ms/21.0ms)
[2023-04-17T11:33:20.482-0400][gc,phases   ] GC(471)   Pre Evacuate Collection Set: 3.1ms
[2023-04-17T11:33:20.482-0400][gc,phases   ] GC(471)   Merge Heap Roots: 0.2ms
[2023-04-17T11:33:20.482-0400][gc,phases   ] GC(471)   Evacuate Collection Set: 23.0ms
[2023-04-17T11:33:20.482-0400][gc,phases   ] GC(471)   Post Evacuate Collection Set: 1.0ms
[2023-04-17T11:33:20.482-0400][gc,phases   ] GC(471)   Other: 9.9ms
[2023-04-17T11:33:20.482-0400][gc,heap     ] GC(471) Eden regions: 190->0(44)
[2023-04-17T11:33:20.483-0400][gc,heap     ] GC(471) Survivor regions: 4->7(25)
[2023-04-17T11:33:20.483-0400][gc,heap     ] GC(471) Old regions: 140->140
[2023-04-17T11:33:20.483-0400][gc,heap     ] GC(471) Archive regions: 2->2
[2023-04-17T11:33:20.483-0400][gc,heap     ] GC(471) Humongous regions: 129->129
[2023-04-17T11:33:20.483-0400][gc,metaspace] GC(471) Metaspace: 44155K(44928K)->44155K(44928K) NonClass: 39060K(39488K)->39060K(39488K) Class: 5095K(5440K)->5095K(5440K)
[2023-04-17T11:33:20.483-0400][gc          ] GC(471) Pause Young (Normal) (G1 Evacuation Pause) 463M->276M(1024M) 57.596ms
[2023-04-17T11:33:20.484-0400][gc,cpu      ] GC(471) User=0.04s Sys=0.06s Real=0.06s
[2023-04-17T11:33:48.844-0400][gc,start    ] GC(472) Pause Young (Normal) (G1 Evacuation Pause)
[2023-04-17T11:33:48.844-0400][gc,task     ] GC(472) Using 8 workers of 8 for evacuation
[2023-04-17T11:33:48.859-0400][gc,phases   ] GC(472)   Pre Evacuate Collection Set: 0.1ms
[2023-04-17T11:33:48.859-0400][gc,phases   ] GC(472)   Merge Heap Roots: 0.1ms
[2023-04-17T11:33:48.859-0400][gc,phases   ] GC(472)   Evacuate Collection Set: 13.7ms
[2023-04-17T11:33:48.859-0400][gc,phases   ] GC(472)   Post Evacuate Collection Set: 0.3ms
[2023-04-17T11:33:48.859-0400][gc,phases   ] GC(472)   Other: 0.1ms
[2023-04-17T11:33:48.859-0400][gc,heap     ] GC(472) Eden regions: 44->0(113)
[2023-04-17T11:33:48.859-0400][gc,heap     ] GC(472) Survivor regions: 7->5(7)
[2023-04-17T11:33:48.859-0400][gc,heap     ] GC(472) Old regions: 140->144
[2023-04-17T11:33:48.859-0400][gc,heap     ] GC(472) Archive regions: 2->2
[2023-04-17T11:33:48.859-0400][gc,heap     ] GC(472) Humongous regions: 129->129
[2023-04-17T11:33:48.859-0400][gc,metaspace] GC(472) Metaspace: 44155K(44928K)->44155K(44928K) NonClass: 39060K(39488K)->39060K(39488K) Class: 5095K(5440K)->5095K(5440K)
[2023-04-17T11:33:48.859-0400][gc          ] GC(472) Pause Young (Normal) (G1 Evacuation Pause) 320M->277M(1024M) 14.962ms
[2023-04-17T11:33:48.859-0400][gc,cpu      ] GC(472) User=0.03s Sys=0.01s Real=0.01s
[2023-04-17T11:35:00.619-0400][gc,start    ] GC(473) Pause Young (Normal) (G1 Evacuation Pause)
[2023-04-17T11:35:00.620-0400][gc,task     ] GC(473) Using 8 workers of 8 for evacuation
[2023-04-17T11:35:00.626-0400][gc,phases   ] GC(473)   Pre Evacuate Collection Set: 0.1ms
[2023-04-17T11:35:00.626-0400][gc,phases   ] GC(473)   Merge Heap Roots: 0.1ms
[2023-04-17T11:35:00.626-0400][gc,phases   ] GC(473)   Evacuate Collection Set: 5.7ms
[2023-04-17T11:35:00.626-0400][gc,phases   ] GC(473)   Post Evacuate Collection Set: 0.3ms
[2023-04-17T11:35:00.626-0400][gc,phases   ] GC(473)   Other: 0.1ms
[2023-04-17T11:35:00.626-0400][gc,heap     ] GC(473) Eden regions: 113->0(43)
[2023-04-17T11:35:00.626-0400][gc,heap     ] GC(473) Survivor regions: 5->8(15)
[2023-04-17T11:35:00.626-0400][gc,heap     ] GC(473) Old regions: 144->144
[2023-04-17T11:35:00.626-0400][gc,heap     ] GC(473) Archive regions: 2->2
[2023-04-17T11:35:00.626-0400][gc,heap     ] GC(473) Humongous regions: 129->129
[2023-04-17T11:35:00.626-0400][gc,metaspace] GC(473) Metaspace: 44155K(44928K)->44155K(44928K) NonClass: 39060K(39488K)->39060K(39488K) Class: 5095K(5440K)->5095K(5440K)
[2023-04-17T11:35:00.626-0400][gc          ] GC(473) Pause Young (Normal) (G1 Evacuation Pause) 390M->281M(1024M) 7.321ms
[2023-04-17T11:35:00.626-0400][gc,cpu      ] GC(473) User=0.04s Sys=0.01s Real=0.01s
[2023-04-17T11:35:27.788-0400][gc,start    ] GC(474) Pause Young (Normal) (G1 Evacuation Pause)
[2023-04-17T11:35:27.789-0400][gc,task     ] GC(474) Using 8 workers of 8 for evacuation
[2023-04-17T11:35:27.828-0400][gc,mmu      ] GC(474) MMU target violated: 21.0ms (20.0ms/21.0ms)
[2023-04-17T11:35:27.829-0400][gc,phases   ] GC(474)   Pre Evacuate Collection Set: 0.2ms
[2023-04-17T11:35:27.829-0400][gc,phases   ] GC(474)   Merge Heap Roots: 0.2ms
[2023-04-17T11:35:27.829-0400][gc,phases   ] GC(474)   Evacuate Collection Set: 37.8ms
[2023-04-17T11:35:27.830-0400][gc,phases   ] GC(474)   Post Evacuate Collection Set: 0.4ms
[2023-04-17T11:35:27.830-0400][gc,phases   ] GC(474)   Other: 1.9ms
[2023-04-17T11:35:27.830-0400][gc,heap     ] GC(474) Eden regions: 43->0(186)
[2023-04-17T11:35:27.830-0400][gc,heap     ] GC(474) Survivor regions: 8->2(7)
[2023-04-17T11:35:27.830-0400][gc,heap     ] GC(474) Old regions: 144->151
[2023-04-17T11:35:27.830-0400][gc,heap     ] GC(474) Archive regions: 2->2
[2023-04-17T11:35:27.830-0400][gc,heap     ] GC(474) Humongous regions: 129->129
[2023-04-17T11:35:27.830-0400][gc,metaspace] GC(474) Metaspace: 44155K(44928K)->44155K(44928K) NonClass: 39060K(39488K)->39060K(39488K) Class: 5095K(5440K)->5095K(5440K)
[2023-04-17T11:35:27.830-0400][gc          ] GC(474) Pause Young (Normal) (G1 Evacuation Pause) 324M->281M(1024M) 41.929ms
[2023-04-17T11:35:27.830-0400][gc,cpu      ] GC(474) User=0.06s Sys=0.07s Real=0.05s
[2023-04-17T11:37:28.402-0400][gc,start    ] GC(475) Pause Young (Normal) (G1 Evacuation Pause)
[2023-04-17T11:37:28.420-0400][gc,task     ] GC(475) Using 8 workers of 8 for evacuation
[2023-04-17T11:37:28.423-0400][gc,phases   ] GC(475)   Pre Evacuate Collection Set: 0.2ms
[2023-04-17T11:37:28.424-0400][gc,phases   ] GC(475)   Merge Heap Roots: 0.1ms
[2023-04-17T11:37:28.424-0400][gc,phases   ] GC(475)   Evacuate Collection Set: 2.6ms
[2023-04-17T11:37:28.424-0400][gc,phases   ] GC(475)   Post Evacuate Collection Set: 0.3ms
[2023-04-17T11:37:28.424-0400][gc,phases   ] GC(475)   Other: 0.1ms
[2023-04-17T11:37:28.424-0400][gc,heap     ] GC(475) Eden regions: 186->0(134)
[2023-04-17T11:37:28.424-0400][gc,heap     ] GC(475) Survivor regions: 2->5(24)
[2023-04-17T11:37:28.424-0400][gc,heap     ] GC(475) Old regions: 151->151
[2023-04-17T11:37:28.424-0400][gc,heap     ] GC(475) Archive regions: 2->2
[2023-04-17T11:37:28.424-0400][gc,heap     ] GC(475) Humongous regions: 129->129
[2023-04-17T11:37:28.424-0400][gc,metaspace] GC(475) Metaspace: 44155K(44928K)->44155K(44928K) NonClass: 39060K(39488K)->39060K(39488K) Class: 5095K(5440K)->5095K(5440K)
[2023-04-17T11:37:28.424-0400][gc          ] GC(475) Pause Young (Normal) (G1 Evacuation Pause) 467M->284M(1024M) 21.275ms
[2023-04-17T11:37:28.424-0400][gc,cpu      ] GC(475) User=0.02s Sys=0.00s Real=0.02s
[2023-04-17T11:38:55.953-0400][gc,start    ] GC(476) Pause Young (Normal) (G1 Evacuation Pause)
[2023-04-17T11:38:55.953-0400][gc,task     ] GC(476) Using 8 workers of 8 for evacuation
[2023-04-17T11:38:55.961-0400][gc,phases   ] GC(476)   Pre Evacuate Collection Set: 0.1ms
[2023-04-17T11:38:55.961-0400][gc,phases   ] GC(476)   Merge Heap Roots: 0.1ms
[2023-04-17T11:38:55.961-0400][gc,phases   ] GC(476)   Evacuate Collection Set: 5.0ms
[2023-04-17T11:38:55.961-0400][gc,phases   ] GC(476)   Post Evacuate Collection Set: 0.3ms
[2023-04-17T11:38:55.961-0400][gc,phases   ] GC(476)   Other: 2.0ms
[2023-04-17T11:38:55.961-0400][gc,heap     ] GC(476) Eden regions: 134->0(90)
[2023-04-17T11:38:55.961-0400][gc,heap     ] GC(476) Survivor regions: 5->7(18)
[2023-04-17T11:38:55.961-0400][gc,heap     ] GC(476) Old regions: 151->151
[2023-04-17T11:38:55.961-0400][gc,heap     ] GC(476) Archive regions: 2->2
[2023-04-17T11:38:55.961-0400][gc,heap     ] GC(476) Humongous regions: 129->129
[2023-04-17T11:38:55.961-0400][gc,metaspace] GC(476) Metaspace: 44155K(44928K)->44155K(44928K) NonClass: 39060K(39488K)->39060K(39488K) Class: 5095K(5440K)->5095K(5440K)
[2023-04-17T11:38:55.961-0400][gc          ] GC(476) Pause Young (Normal) (G1 Evacuation Pause) 418M->286M(1024M) 7.796ms
[2023-04-17T11:38:55.961-0400][gc,cpu      ] GC(476) User=0.04s Sys=0.00s Real=0.01s
[2023-04-17T11:39:54.360-0400][gc,start    ] GC(477) Pause Young (Normal) (G1 Evacuation Pause)
[2023-04-17T11:39:54.360-0400][gc,task     ] GC(477) Using 8 workers of 8 for evacuation
[2023-04-17T11:39:54.367-0400][gc,phases   ] GC(477)   Pre Evacuate Collection Set: 0.2ms
[2023-04-17T11:39:54.368-0400][gc,phases   ] GC(477)   Merge Heap Roots: 0.1ms
[2023-04-17T11:39:54.368-0400][gc,phases   ] GC(477)   Evacuate Collection Set: 6.6ms
[2023-04-17T11:39:54.368-0400][gc,phases   ] GC(477)   Post Evacuate Collection Set: 0.4ms
[2023-04-17T11:39:54.368-0400][gc,phases   ] GC(477)   Other: 0.1ms
[2023-04-17T11:39:54.368-0400][gc,heap     ] GC(477) Eden regions: 90->0(110)
[2023-04-17T11:39:54.368-0400][gc,heap     ] GC(477) Survivor regions: 7->8(13)
[2023-04-17T11:39:54.368-0400][gc,heap     ] GC(477) Old regions: 151->151
[2023-04-17T11:39:54.368-0400][gc,heap     ] GC(477) Archive regions: 2->2
[2023-04-17T11:39:54.368-0400][gc,heap     ] GC(477) Humongous regions: 129->129
[2023-04-17T11:39:54.368-0400][gc,metaspace] GC(477) Metaspace: 44155K(44928K)->44155K(44928K) NonClass: 39060K(39488K)->39060K(39488K) Class: 5095K(5440K)->5095K(5440K)
[2023-04-17T11:39:54.368-0400][gc          ] GC(477) Pause Young (Normal) (G1 Evacuation Pause) 376M->288M(1024M) 7.908ms
[2023-04-17T11:39:54.368-0400][gc,cpu      ] GC(477) User=0.06s Sys=0.00s Real=0.00s
[2023-04-17T11:41:06.484-0400][gc,start    ] GC(478) Pause Young (Normal) (G1 Evacuation Pause)
[2023-04-17T11:41:06.485-0400][gc,task     ] GC(478) Using 8 workers of 8 for evacuation
[2023-04-17T11:41:06.503-0400][gc,phases   ] GC(478)   Pre Evacuate Collection Set: 0.3ms
[2023-04-17T11:41:06.503-0400][gc,phases   ] GC(478)   Merge Heap Roots: 0.2ms
[2023-04-17T11:41:06.503-0400][gc,phases   ] GC(478)   Evacuate Collection Set: 16.9ms
[2023-04-17T11:41:06.503-0400][gc,phases   ] GC(478)   Post Evacuate Collection Set: 0.4ms
[2023-04-17T11:41:06.503-0400][gc,phases   ] GC(478)   Other: 0.2ms
[2023-04-17T11:41:06.503-0400][gc,heap     ] GC(478) Eden regions: 110->0(41)
[2023-04-17T11:41:06.503-0400][gc,heap     ] GC(478) Survivor regions: 8->10(15)
[2023-04-17T11:41:06.503-0400][gc,heap     ] GC(478) Old regions: 151->152
[2023-04-17T11:41:06.503-0400][gc,heap     ] GC(478) Archive regions: 2->2
[2023-04-17T11:41:06.503-0400][gc,heap     ] GC(478) Humongous regions: 129->129
[2023-04-17T11:41:06.503-0400][gc,metaspace] GC(478) Metaspace: 44155K(44928K)->44155K(44928K) NonClass: 39060K(39488K)->39060K(39488K) Class: 5095K(5440K)->5095K(5440K)
[2023-04-17T11:41:06.503-0400][gc          ] GC(478) Pause Young (Normal) (G1 Evacuation Pause) 398M->290M(1024M) 19.537ms
[2023-04-17T11:41:06.503-0400][gc,cpu      ] GC(478) User=0.06s Sys=0.01s Real=0.02s
[2023-04-17T11:41:32.996-0400][gc,start    ] GC(479) Pause Young (Normal) (G1 Evacuation Pause)
[2023-04-17T11:41:32.996-0400][gc,task     ] GC(479) Using 8 workers of 8 for evacuation
[2023-04-17T11:41:33.012-0400][gc,phases   ] GC(479)   Pre Evacuate Collection Set: 0.2ms
[2023-04-17T11:41:33.012-0400][gc,phases   ] GC(479)   Merge Heap Roots: 0.2ms
[2023-04-17T11:41:33.012-0400][gc,phases   ] GC(479)   Evacuate Collection Set: 15.5ms
[2023-04-17T11:41:33.012-0400][gc,phases   ] GC(479)   Post Evacuate Collection Set: 0.3ms
[2023-04-17T11:41:33.012-0400][gc,phases   ] GC(479)   Other: 0.2ms
[2023-04-17T11:41:33.012-0400][gc,heap     ] GC(479) Eden regions: 41->0(281)
[2023-04-17T11:41:33.012-0400][gc,heap     ] GC(479) Survivor regions: 10->5(7)
[2023-04-17T11:41:33.012-0400][gc,heap     ] GC(479) Old regions: 152->157
[2023-04-17T11:41:33.012-0400][gc,heap     ] GC(479) Archive regions: 2->2
[2023-04-17T11:41:33.012-0400][gc,heap     ] GC(479) Humongous regions: 129->129
[2023-04-17T11:41:33.012-0400][gc,metaspace] GC(479) Metaspace: 44155K(44928K)->44155K(44928K) NonClass: 39060K(39488K)->39060K(39488K) Class: 5095K(5440K)->5095K(5440K)
[2023-04-17T11:41:33.012-0400][gc          ] GC(479) Pause Young (Normal) (G1 Evacuation Pause) 331M->290M(1024M) 16.518ms
[2023-04-17T11:41:33.012-0400][gc,cpu      ] GC(479) User=0.03s Sys=0.02s Real=0.02s
[2023-04-17T11:44:36.570-0400][gc,start    ] GC(480) Pause Young (Normal) (G1 Evacuation Pause)
[2023-04-17T11:44:36.570-0400][gc,task     ] GC(480) Using 8 workers of 8 for evacuation
[2023-04-17T11:44:36.611-0400][gc,mmu      ] GC(480) MMU target violated: 21.0ms (20.0ms/21.0ms)
[2023-04-17T11:44:36.611-0400][gc,phases   ] GC(480)   Pre Evacuate Collection Set: 6.7ms
[2023-04-17T11:44:36.611-0400][gc,phases   ] GC(480)   Merge Heap Roots: 0.2ms
[2023-04-17T11:44:36.611-0400][gc,phases   ] GC(480)   Evacuate Collection Set: 29.4ms
[2023-04-17T11:44:36.611-0400][gc,phases   ] GC(480)   Post Evacuate Collection Set: 3.2ms
[2023-04-17T11:44:36.611-0400][gc,phases   ] GC(480)   Other: 1.4ms
[2023-04-17T11:44:36.611-0400][gc,heap     ] GC(480) Eden regions: 281->0(42)
[2023-04-17T11:44:36.611-0400][gc,heap     ] GC(480) Survivor regions: 5->9(36)
[2023-04-17T11:44:36.611-0400][gc,heap     ] GC(480) Old regions: 157->157
[2023-04-17T11:44:36.611-0400][gc,heap     ] GC(480) Archive regions: 2->2
[2023-04-17T11:44:36.611-0400][gc,heap     ] GC(480) Humongous regions: 129->129
[2023-04-17T11:44:36.611-0400][gc,metaspace] GC(480) Metaspace: 44156K(44928K)->44156K(44928K) NonClass: 39061K(39488K)->39061K(39488K) Class: 5095K(5440K)->5095K(5440K)
[2023-04-17T11:44:36.612-0400][gc          ] GC(480) Pause Young (Normal) (G1 Evacuation Pause) 571M->294M(1024M) 41.682ms
[2023-04-17T11:44:36.612-0400][gc,cpu      ] GC(480) User=0.06s Sys=0.09s Real=0.04s
[2023-04-17T11:45:03.596-0400][gc,start    ] GC(481) Pause Young (Concurrent Start) (G1 Evacuation Pause)
[2023-04-17T11:45:03.598-0400][gc,task     ] GC(481) Using 8 workers of 8 for evacuation
[2023-04-17T11:45:03.701-0400][gc,mmu      ] GC(481) MMU target violated: 21.0ms (20.0ms/21.0ms)
[2023-04-17T11:45:03.701-0400][gc,phases   ] GC(481)   Pre Evacuate Collection Set: 2.3ms
[2023-04-17T11:45:03.701-0400][gc,phases   ] GC(481)   Merge Heap Roots: 0.1ms
[2023-04-17T11:45:03.701-0400][gc,phases   ] GC(481)   Evacuate Collection Set: 100.6ms
[2023-04-17T11:45:03.701-0400][gc,phases   ] GC(481)   Post Evacuate Collection Set: 0.8ms
[2023-04-17T11:45:03.701-0400][gc,phases   ] GC(481)   Other: 0.1ms
[2023-04-17T11:45:03.701-0400][gc,heap     ] GC(481) Eden regions: 42->0(60)
[2023-04-17T11:45:03.701-0400][gc,heap     ] GC(481) Survivor regions: 9->2(7)
[2023-04-17T11:45:03.701-0400][gc,heap     ] GC(481) Old regions: 157->165
[2023-04-17T11:45:03.701-0400][gc,heap     ] GC(481) Archive regions: 2->2
[2023-04-17T11:45:03.701-0400][gc,heap     ] GC(481) Humongous regions: 129->129
[2023-04-17T11:45:03.701-0400][gc,metaspace] GC(481) Metaspace: 44156K(44928K)->44156K(44928K) NonClass: 39061K(39488K)->39061K(39488K) Class: 5095K(5440K)->5095K(5440K)
[2023-04-17T11:45:03.702-0400][gc          ] GC(481) Pause Young (Concurrent Start) (G1 Evacuation Pause) 336M->295M(1024M) 105.167ms
[2023-04-17T11:45:03.702-0400][gc,cpu      ] GC(481) User=0.04s Sys=0.13s Real=0.11s
[2023-04-17T11:45:03.702-0400][gc          ] GC(482) Concurrent Mark Cycle
[2023-04-17T11:45:03.702-0400][gc,marking  ] GC(482) Concurrent Clear Claimed Marks
[2023-04-17T11:45:03.703-0400][gc,marking  ] GC(482) Concurrent Clear Claimed Marks 0.081ms
[2023-04-17T11:45:03.703-0400][gc,marking  ] GC(482) Concurrent Scan Root Regions
[2023-04-17T11:45:03.751-0400][gc,marking  ] GC(482) Concurrent Scan Root Regions 47.700ms
[2023-04-17T11:45:03.751-0400][gc,marking  ] GC(482) Concurrent Mark
[2023-04-17T11:45:03.751-0400][gc,marking  ] GC(482) Concurrent Mark From Roots
[2023-04-17T11:45:03.751-0400][gc,task     ] GC(482) Using 2 workers of 2 for marking
[2023-04-17T11:45:03.873-0400][gc,marking  ] GC(482) Concurrent Mark From Roots 121.973ms
[2023-04-17T11:45:03.873-0400][gc,marking  ] GC(482) Concurrent Preclean
[2023-04-17T11:45:03.873-0400][gc,marking  ] GC(482) Concurrent Preclean 0.090ms
[2023-04-17T11:45:03.873-0400][gc,start    ] GC(482) Pause Remark
[2023-04-17T11:45:03.995-0400][gc,mmu      ] GC(482) MMU target violated: 21.0ms (20.0ms/21.0ms)
[2023-04-17T11:45:03.995-0400][gc          ] GC(482) Pause Remark 296M->224M(1024M) 121.939ms
[2023-04-17T11:45:03.995-0400][gc,cpu      ] GC(482) User=0.03s Sys=0.17s Real=0.12s
[2023-04-17T11:45:03.995-0400][gc,marking  ] GC(482) Concurrent Mark 244.271ms
[2023-04-17T11:45:03.995-0400][gc,marking  ] GC(482) Concurrent Rebuild Remembered Sets
[2023-04-17T11:45:04.019-0400][gc,marking  ] GC(482) Concurrent Rebuild Remembered Sets 23.677ms
[2023-04-17T11:45:04.019-0400][gc,start    ] GC(482) Pause Cleanup
[2023-04-17T11:45:04.019-0400][gc          ] GC(482) Pause Cleanup 224M->224M(1024M) 0.270ms
[2023-04-17T11:45:04.019-0400][gc,cpu      ] GC(482) User=0.00s Sys=0.00s Real=0.00s
[2023-04-17T11:45:04.019-0400][gc,marking  ] GC(482) Concurrent Cleanup for Next Mark
[2023-04-17T11:45:04.035-0400][gc,marking  ] GC(482) Concurrent Cleanup for Next Mark 15.385ms
[2023-04-17T11:45:04.035-0400][gc          ] GC(482) Concurrent Mark Cycle 332.457ms
[2023-04-17T11:45:49.349-0400][gc,start    ] GC(483) Pause Young (Prepare Mixed) (G1 Evacuation Pause)
[2023-04-17T11:45:49.350-0400][gc,task     ] GC(483) Using 8 workers of 8 for evacuation
[2023-04-17T11:45:49.355-0400][gc,phases   ] GC(483)   Pre Evacuate Collection Set: 0.3ms
[2023-04-17T11:45:49.355-0400][gc,phases   ] GC(483)   Merge Heap Roots: 0.2ms
[2023-04-17T11:45:49.355-0400][gc,phases   ] GC(483)   Evacuate Collection Set: 4.2ms
[2023-04-17T11:45:49.355-0400][gc,phases   ] GC(483)   Post Evacuate Collection Set: 0.5ms
[2023-04-17T11:45:49.355-0400][gc,phases   ] GC(483)   Other: 0.2ms
[2023-04-17T11:45:49.355-0400][gc,heap     ] GC(483) Eden regions: 70->0(49)
[2023-04-17T11:45:49.355-0400][gc,heap     ] GC(483) Survivor regions: 2->2(9)
[2023-04-17T11:45:49.355-0400][gc,heap     ] GC(483) Old regions: 93->93
[2023-04-17T11:45:49.355-0400][gc,heap     ] GC(483) Archive regions: 2->2
[2023-04-17T11:45:49.355-0400][gc,heap     ] GC(483) Humongous regions: 129->129
[2023-04-17T11:45:49.355-0400][gc,metaspace] GC(483) Metaspace: 44156K(44928K)->44156K(44928K) NonClass: 39061K(39488K)->39061K(39488K) Class: 5095K(5440K)->5095K(5440K)
[2023-04-17T11:45:49.355-0400][gc          ] GC(483) Pause Young (Prepare Mixed) (G1 Evacuation Pause) 293M->224M(1024M) 6.641ms
[2023-04-17T11:45:49.356-0400][gc,cpu      ] GC(483) User=0.03s Sys=0.01s Real=0.01s
[2023-04-17T11:46:21.886-0400][gc,start    ] GC(484) Pause Young (Mixed) (G1 Evacuation Pause)
[2023-04-17T11:46:21.886-0400][gc,task     ] GC(484) Using 8 workers of 8 for evacuation
[2023-04-17T11:46:21.892-0400][gc,phases   ] GC(484)   Pre Evacuate Collection Set: 0.2ms
[2023-04-17T11:46:21.892-0400][gc,phases   ] GC(484)   Merge Heap Roots: 0.2ms
[2023-04-17T11:46:21.892-0400][gc,phases   ] GC(484)   Evacuate Collection Set: 3.8ms
[2023-04-17T11:46:21.892-0400][gc,phases   ] GC(484)   Post Evacuate Collection Set: 1.6ms
[2023-04-17T11:46:21.892-0400][gc,phases   ] GC(484)   Other: 0.2ms
[2023-04-17T11:46:21.892-0400][gc,heap     ] GC(484) Eden regions: 49->0(81)
[2023-04-17T11:46:21.892-0400][gc,heap     ] GC(484) Survivor regions: 2->3(7)
[2023-04-17T11:46:21.892-0400][gc,heap     ] GC(484) Old regions: 93->77
[2023-04-17T11:46:21.892-0400][gc,heap     ] GC(484) Archive regions: 2->2
[2023-04-17T11:46:21.892-0400][gc,heap     ] GC(484) Humongous regions: 129->129
[2023-04-17T11:46:21.892-0400][gc,metaspace] GC(484) Metaspace: 44156K(44928K)->44156K(44928K) NonClass: 39061K(39488K)->39061K(39488K) Class: 5095K(5440K)->5095K(5440K)
[2023-04-17T11:46:21.892-0400][gc          ] GC(484) Pause Young (Mixed) (G1 Evacuation Pause) 273M->209M(1024M) 6.494ms
[2023-04-17T11:46:21.892-0400][gc,cpu      ] GC(484) User=0.03s Sys=0.00s Real=0.01s
[2023-04-17T11:47:15.470-0400][gc,start    ] GC(485) Pause Young (Normal) (G1 Evacuation Pause)
[2023-04-17T11:47:15.471-0400][gc,task     ] GC(485) Using 8 workers of 8 for evacuation
[2023-04-17T11:47:15.475-0400][gc,phases   ] GC(485)   Pre Evacuate Collection Set: 0.1ms
[2023-04-17T11:47:15.475-0400][gc,phases   ] GC(485)   Merge Heap Roots: 0.7ms
[2023-04-17T11:47:15.475-0400][gc,phases   ] GC(485)   Evacuate Collection Set: 3.0ms
[2023-04-17T11:47:15.475-0400][gc,phases   ] GC(485)   Post Evacuate Collection Set: 0.4ms
[2023-04-17T11:47:15.475-0400][gc,phases   ] GC(485)   Other: 0.1ms
[2023-04-17T11:47:15.475-0400][gc,heap     ] GC(485) Eden regions: 81->0(46)
[2023-04-17T11:47:15.475-0400][gc,heap     ] GC(485) Survivor regions: 3->5(11)
[2023-04-17T11:47:15.475-0400][gc,heap     ] GC(485) Old regions: 77->77
[2023-04-17T11:47:15.475-0400][gc,heap     ] GC(485) Archive regions: 2->2
[2023-04-17T11:47:15.475-0400][gc,heap     ] GC(485) Humongous regions: 129->129
[2023-04-17T11:47:15.475-0400][gc,metaspace] GC(485) Metaspace: 44156K(44928K)->44156K(44928K) NonClass: 39061K(39488K)->39061K(39488K) Class: 5095K(5440K)->5095K(5440K)
[2023-04-17T11:47:15.475-0400][gc          ] GC(485) Pause Young (Normal) (G1 Evacuation Pause) 290M->210M(1024M) 4.918ms
[2023-04-17T11:47:15.475-0400][gc,cpu      ] GC(485) User=0.02s Sys=0.00s Real=0.00s
[2023-04-17T11:47:45.760-0400][gc,start    ] GC(486) Pause Young (Normal) (G1 Evacuation Pause)
[2023-04-17T11:47:45.772-0400][gc,task     ] GC(486) Using 8 workers of 8 for evacuation
[2023-04-17T11:47:45.783-0400][gc,phases   ] GC(486)   Pre Evacuate Collection Set: 0.3ms
[2023-04-17T11:47:45.783-0400][gc,phases   ] GC(486)   Merge Heap Roots: 0.2ms
[2023-04-17T11:47:45.783-0400][gc,phases   ] GC(486)   Evacuate Collection Set: 9.4ms
[2023-04-17T11:47:45.783-0400][gc,phases   ] GC(486)   Post Evacuate Collection Set: 0.4ms
[2023-04-17T11:47:45.783-0400][gc,phases   ] GC(486)   Other: 0.2ms
[2023-04-17T11:47:45.783-0400][gc,heap     ] GC(486) Eden regions: 46->0(65)
[2023-04-17T11:47:45.783-0400][gc,heap     ] GC(486) Survivor regions: 5->5(7)
[2023-04-17T11:47:45.783-0400][gc,heap     ] GC(486) Old regions: 77->77
[2023-04-17T11:47:45.783-0400][gc,heap     ] GC(486) Archive regions: 2->2
[2023-04-17T11:47:45.783-0400][gc,heap     ] GC(486) Humongous regions: 129->129
[2023-04-17T11:47:45.783-0400][gc,metaspace] GC(486) Metaspace: 44156K(44928K)->44156K(44928K) NonClass: 39061K(39488K)->39061K(39488K) Class: 5095K(5440K)->5095K(5440K)
[2023-04-17T11:47:45.783-0400][gc          ] GC(486) Pause Young (Normal) (G1 Evacuation Pause) 256M->211M(1024M) 23.585ms
[2023-04-17T11:47:45.783-0400][gc,cpu      ] GC(486) User=0.04s Sys=0.01s Real=0.02s
[2023-04-17T11:48:28.716-0400][gc,start    ] GC(487) Pause Young (Normal) (G1 Evacuation Pause)
[2023-04-17T11:48:28.716-0400][gc,task     ] GC(487) Using 8 workers of 8 for evacuation
[2023-04-17T11:48:28.720-0400][gc,phases   ] GC(487)   Pre Evacuate Collection Set: 0.1ms
[2023-04-17T11:48:28.720-0400][gc,phases   ] GC(487)   Merge Heap Roots: 0.1ms
[2023-04-17T11:48:28.720-0400][gc,phases   ] GC(487)   Evacuate Collection Set: 2.9ms
[2023-04-17T11:48:28.720-0400][gc,phases   ] GC(487)   Post Evacuate Collection Set: 0.2ms
[2023-04-17T11:48:28.720-0400][gc,phases   ] GC(487)   Other: 0.1ms
[2023-04-17T11:48:28.720-0400][gc,heap     ] GC(487) Eden regions: 65->0(86)
[2023-04-17T11:48:28.720-0400][gc,heap     ] GC(487) Survivor regions: 5->6(9)
[2023-04-17T11:48:28.720-0400][gc,heap     ] GC(487) Old regions: 77->77
[2023-04-17T11:48:28.720-0400][gc,heap     ] GC(487) Archive regions: 2->2
[2023-04-17T11:48:28.720-0400][gc,heap     ] GC(487) Humongous regions: 129->129
[2023-04-17T11:48:28.720-0400][gc,metaspace] GC(487) Metaspace: 44156K(44928K)->44156K(44928K) NonClass: 39061K(39488K)->39061K(39488K) Class: 5095K(5440K)->5095K(5440K)
[2023-04-17T11:48:28.720-0400][gc          ] GC(487) Pause Young (Normal) (G1 Evacuation Pause) 276M->212M(1024M) 4.462ms
[2023-04-17T11:48:28.720-0400][gc,cpu      ] GC(487) User=0.02s Sys=0.00s Real=0.01s
[2023-04-17T11:49:24.911-0400][gc,start    ] GC(488) Pause Young (Normal) (G1 Evacuation Pause)
[2023-04-17T11:49:24.911-0400][gc,task     ] GC(488) Using 8 workers of 8 for evacuation
[2023-04-17T11:49:24.924-0400][gc,phases   ] GC(488)   Pre Evacuate Collection Set: 0.4ms
[2023-04-17T11:49:24.938-0400][gc,phases   ] GC(488)   Merge Heap Roots: 0.2ms
[2023-04-17T11:49:24.938-0400][gc,phases   ] GC(488)   Evacuate Collection Set: 11.7ms
[2023-04-17T11:49:24.938-0400][gc,phases   ] GC(488)   Post Evacuate Collection Set: 0.5ms
[2023-04-17T11:49:24.938-0400][gc,phases   ] GC(488)   Other: 0.2ms
[2023-04-17T11:49:24.938-0400][gc,heap     ] GC(488) Eden regions: 86->0(43)
[2023-04-17T11:49:24.938-0400][gc,heap     ] GC(488) Survivor regions: 6->8(12)
[2023-04-17T11:49:24.938-0400][gc,heap     ] GC(488) Old regions: 77->77
[2023-04-17T11:49:24.938-0400][gc,heap     ] GC(488) Archive regions: 2->2
[2023-04-17T11:49:24.938-0400][gc,heap     ] GC(488) Humongous regions: 129->129
[2023-04-17T11:49:24.941-0400][gc,metaspace] GC(488) Metaspace: 44156K(44928K)->44156K(44928K) NonClass: 39061K(39488K)->39061K(39488K) Class: 5095K(5440K)->5095K(5440K)
[2023-04-17T11:49:24.941-0400][gc          ] GC(488) Pause Young (Normal) (G1 Evacuation Pause) 298M->214M(1024M) 30.127ms
[2023-04-17T11:49:24.941-0400][gc,cpu      ] GC(488) User=0.06s Sys=0.02s Real=0.03s
[2023-04-17T11:49:53.294-0400][gc,start    ] GC(489) Pause Young (Normal) (G1 Evacuation Pause)
[2023-04-17T11:49:53.295-0400][gc,task     ] GC(489) Using 8 workers of 8 for evacuation
[2023-04-17T11:49:53.321-0400][gc,mmu      ] GC(489) MMU target violated: 21.0ms (20.0ms/21.0ms)
[2023-04-17T11:49:53.321-0400][gc,phases   ] GC(489)   Pre Evacuate Collection Set: 0.2ms
[2023-04-17T11:49:53.321-0400][gc,phases   ] GC(489)   Merge Heap Roots: 0.1ms
[2023-04-17T11:49:53.321-0400][gc,phases   ] GC(489)   Evacuate Collection Set: 25.6ms
[2023-04-17T11:49:53.321-0400][gc,phases   ] GC(489)   Post Evacuate Collection Set: 0.3ms
[2023-04-17T11:49:53.321-0400][gc,phases   ] GC(489)   Other: 0.4ms
[2023-04-17T11:49:53.321-0400][gc,heap     ] GC(489) Eden regions: 43->0(106)
[2023-04-17T11:49:53.321-0400][gc,heap     ] GC(489) Survivor regions: 8->5(7)
[2023-04-17T11:49:53.321-0400][gc,heap     ] GC(489) Old regions: 77->81
[2023-04-17T11:49:53.321-0400][gc,heap     ] GC(489) Archive regions: 2->2
[2023-04-17T11:49:53.321-0400][gc,heap     ] GC(489) Humongous regions: 129->129
[2023-04-17T11:49:53.321-0400][gc,metaspace] GC(489) Metaspace: 44156K(44928K)->44156K(44928K) NonClass: 39061K(39488K)->39061K(39488K) Class: 5095K(5440K)->5095K(5440K)
[2023-04-17T11:49:53.321-0400][gc          ] GC(489) Pause Young (Normal) (G1 Evacuation Pause) 257M->214M(1024M) 27.511ms
[2023-04-17T11:49:53.321-0400][gc,cpu      ] GC(489) User=0.03s Sys=0.03s Real=0.03s
[2023-04-17T11:51:03.091-0400][gc,start    ] GC(490) Pause Young (Normal) (G1 Evacuation Pause)
[2023-04-17T11:51:03.091-0400][gc,task     ] GC(490) Using 8 workers of 8 for evacuation
[2023-04-17T11:51:03.105-0400][gc,phases   ] GC(490)   Pre Evacuate Collection Set: 0.2ms
[2023-04-17T11:51:03.105-0400][gc,phases   ] GC(490)   Merge Heap Roots: 0.1ms
[2023-04-17T11:51:03.106-0400][gc,phases   ] GC(490)   Evacuate Collection Set: 13.4ms
[2023-04-17T11:51:03.106-0400][gc,phases   ] GC(490)   Post Evacuate Collection Set: 0.4ms
[2023-04-17T11:51:03.106-0400][gc,phases   ] GC(490)   Other: 0.1ms
[2023-04-17T11:51:03.106-0400][gc,heap     ] GC(490) Eden regions: 106->0(68)
[2023-04-17T11:51:03.106-0400][gc,heap     ] GC(490) Survivor regions: 5->6(14)
[2023-04-17T11:51:03.106-0400][gc,heap     ] GC(490) Old regions: 81->81
[2023-04-17T11:51:03.106-0400][gc,heap     ] GC(490) Archive regions: 2->2
[2023-04-17T11:51:03.106-0400][gc,heap     ] GC(490) Humongous regions: 129->129
[2023-04-17T11:51:03.106-0400][gc,metaspace] GC(490) Metaspace: 44156K(44928K)->44156K(44928K) NonClass: 39061K(39488K)->39061K(39488K) Class: 5095K(5440K)->5095K(5440K)
[2023-04-17T11:51:03.106-0400][gc          ] GC(490) Pause Young (Normal) (G1 Evacuation Pause) 320M->215M(1024M) 14.866ms
[2023-04-17T11:51:03.106-0400][gc,cpu      ] GC(490) User=0.03s Sys=0.04s Real=0.01s
[2023-04-17T11:51:47.026-0400][gc,start    ] GC(491) Pause Young (Normal) (G1 Evacuation Pause)
[2023-04-17T11:51:47.028-0400][gc,task     ] GC(491) Using 8 workers of 8 for evacuation
[2023-04-17T11:51:47.037-0400][gc,phases   ] GC(491)   Pre Evacuate Collection Set: 0.5ms
[2023-04-17T11:51:47.037-0400][gc,phases   ] GC(491)   Merge Heap Roots: 0.2ms
[2023-04-17T11:51:47.037-0400][gc,phases   ] GC(491)   Evacuate Collection Set: 8.5ms
[2023-04-17T11:51:47.037-0400][gc,phases   ] GC(491)   Post Evacuate Collection Set: 0.3ms
[2023-04-17T11:51:47.037-0400][gc,phases   ] GC(491)   Other: 0.3ms
[2023-04-17T11:51:47.037-0400][gc,heap     ] GC(491) Eden regions: 68->0(70)
[2023-04-17T11:51:47.037-0400][gc,heap     ] GC(491) Survivor regions: 6->7(10)
[2023-04-17T11:51:47.037-0400][gc,heap     ] GC(491) Old regions: 81->81
[2023-04-17T11:51:47.037-0400][gc,heap     ] GC(491) Archive regions: 2->2
[2023-04-17T11:51:47.037-0400][gc,heap     ] GC(491) Humongous regions: 129->129
[2023-04-17T11:51:47.037-0400][gc,metaspace] GC(491) Metaspace: 44156K(44928K)->44156K(44928K) NonClass: 39061K(39488K)->39061K(39488K) Class: 5095K(5440K)->5095K(5440K)
[2023-04-17T11:51:47.037-0400][gc          ] GC(491) Pause Young (Normal) (G1 Evacuation Pause) 283M->217M(1024M) 11.720ms
[2023-04-17T11:51:47.037-0400][gc,cpu      ] GC(491) User=0.04s Sys=0.02s Real=0.01s
[2023-04-17T11:52:32.399-0400][gc,start    ] GC(492) Pause Young (Normal) (G1 Evacuation Pause)
[2023-04-17T11:52:32.400-0400][gc,task     ] GC(492) Using 8 workers of 8 for evacuation
[2023-04-17T11:52:32.415-0400][gc,phases   ] GC(492)   Pre Evacuate Collection Set: 0.2ms
[2023-04-17T11:52:32.415-0400][gc,phases   ] GC(492)   Merge Heap Roots: 0.2ms
[2023-04-17T11:52:32.415-0400][gc,phases   ] GC(492)   Evacuate Collection Set: 13.8ms
[2023-04-17T11:52:32.415-0400][gc,phases   ] GC(492)   Post Evacuate Collection Set: 0.4ms
[2023-04-17T11:52:32.415-0400][gc,phases   ] GC(492)   Other: 0.2ms
[2023-04-17T11:52:32.415-0400][gc,heap     ] GC(492) Eden regions: 70->0(91)
[2023-04-17T11:52:32.415-0400][gc,heap     ] GC(492) Survivor regions: 7->7(10)
[2023-04-17T11:52:32.415-0400][gc,heap     ] GC(492) Old regions: 81->82
[2023-04-17T11:52:32.415-0400][gc,heap     ] GC(492) Archive regions: 2->2
[2023-04-17T11:52:32.415-0400][gc,heap     ] GC(492) Humongous regions: 129->129
[2023-04-17T11:52:32.415-0400][gc,metaspace] GC(492) Metaspace: 44156K(44928K)->44156K(44928K) NonClass: 39061K(39488K)->39061K(39488K) Class: 5095K(5440K)->5095K(5440K)
[2023-04-17T11:52:32.415-0400][gc          ] GC(492) Pause Young (Normal) (G1 Evacuation Pause) 287M->218M(1024M) 16.013ms
[2023-04-17T11:52:32.415-0400][gc,cpu      ] GC(492) User=0.05s Sys=0.03s Real=0.02s
[2023-04-17T11:53:32.930-0400][gc,start    ] GC(493) Pause Young (Normal) (G1 Evacuation Pause)
[2023-04-17T11:53:32.931-0400][gc,task     ] GC(493) Using 8 workers of 8 for evacuation
[2023-04-17T11:53:32.941-0400][gc,phases   ] GC(493)   Pre Evacuate Collection Set: 0.4ms
[2023-04-17T11:53:32.941-0400][gc,phases   ] GC(493)   Merge Heap Roots: 0.3ms
[2023-04-17T11:53:32.941-0400][gc,phases   ] GC(493)   Evacuate Collection Set: 9.1ms
[2023-04-17T11:53:32.941-0400][gc,phases   ] GC(493)   Post Evacuate Collection Set: 0.4ms
[2023-04-17T11:53:32.941-0400][gc,phases   ] GC(493)   Other: 0.3ms
[2023-04-17T11:53:32.941-0400][gc,heap     ] GC(493) Eden regions: 91->0(57)
[2023-04-17T11:53:32.941-0400][gc,heap     ] GC(493) Survivor regions: 7->9(13)
[2023-04-17T11:53:32.941-0400][gc,heap     ] GC(493) Old regions: 82->82
[2023-04-17T11:53:32.941-0400][gc,heap     ] GC(493) Archive regions: 2->2
[2023-04-17T11:53:32.941-0400][gc,heap     ] GC(493) Humongous regions: 129->129
[2023-04-17T11:53:32.941-0400][gc,metaspace] GC(493) Metaspace: 44156K(44928K)->44156K(44928K) NonClass: 39061K(39488K)->39061K(39488K) Class: 5095K(5440K)->5095K(5440K)
[2023-04-17T11:53:32.941-0400][gc          ] GC(493) Pause Young (Normal) (G1 Evacuation Pause) 309M->219M(1024M) 10.926ms
[2023-04-17T11:53:32.941-0400][gc,cpu      ] GC(493) User=0.07s Sys=0.00s Real=0.01s
[2023-04-17T11:54:11.052-0400][gc,start    ] GC(494) Pause Young (Normal) (G1 Evacuation Pause)
[2023-04-17T11:54:11.053-0400][gc,task     ] GC(494) Using 8 workers of 8 for evacuation
[2023-04-17T11:54:11.083-0400][gc,mmu      ] GC(494) MMU target violated: 21.0ms (20.0ms/21.0ms)
[2023-04-17T11:54:11.083-0400][gc,phases   ] GC(494)   Pre Evacuate Collection Set: 0.3ms
[2023-04-17T11:54:11.083-0400][gc,phases   ] GC(494)   Merge Heap Roots: 0.2ms
[2023-04-17T11:54:11.083-0400][gc,phases   ] GC(494)   Evacuate Collection Set: 29.0ms
[2023-04-17T11:54:11.083-0400][gc,phases   ] GC(494)   Post Evacuate Collection Set: 0.4ms
[2023-04-17T11:54:11.083-0400][gc,phases   ] GC(494)   Other: 0.2ms
[2023-04-17T11:54:11.083-0400][gc,heap     ] GC(494) Eden regions: 57->0(104)
[2023-04-17T11:54:11.083-0400][gc,heap     ] GC(494) Survivor regions: 9->6(9)
[2023-04-17T11:54:11.083-0400][gc,heap     ] GC(494) Old regions: 82->86
[2023-04-17T11:54:11.083-0400][gc,heap     ] GC(494) Archive regions: 2->2
[2023-04-17T11:54:11.083-0400][gc,heap     ] GC(494) Humongous regions: 129->129
[2023-04-17T11:54:11.083-0400][gc,metaspace] GC(494) Metaspace: 44156K(44928K)->44156K(44928K) NonClass: 39061K(39488K)->39061K(39488K) Class: 5095K(5440K)->5095K(5440K)
[2023-04-17T11:54:11.083-0400][gc          ] GC(494) Pause Young (Normal) (G1 Evacuation Pause) 276M->221M(1024M) 30.528ms
[2023-04-17T11:54:11.083-0400][gc,cpu      ] GC(494) User=0.06s Sys=0.04s Real=0.03s
[2023-04-17T11:55:17.700-0400][gc,start    ] GC(495) Pause Young (Normal) (G1 Evacuation Pause)
[2023-04-17T11:55:17.700-0400][gc,task     ] GC(495) Using 8 workers of 8 for evacuation
[2023-04-17T11:55:17.706-0400][gc,phases   ] GC(495)   Pre Evacuate Collection Set: 0.1ms
[2023-04-17T11:55:17.706-0400][gc,phases   ] GC(495)   Merge Heap Roots: 0.1ms
[2023-04-17T11:55:17.706-0400][gc,phases   ] GC(495)   Evacuate Collection Set: 5.2ms
[2023-04-17T11:55:17.706-0400][gc,phases   ] GC(495)   Post Evacuate Collection Set: 1.0ms
[2023-04-17T11:55:17.706-0400][gc,phases   ] GC(495)   Other: 0.1ms
[2023-04-17T11:55:17.706-0400][gc,heap     ] GC(495) Eden regions: 104->0(73)
[2023-04-17T11:55:17.706-0400][gc,heap     ] GC(495) Survivor regions: 6->8(14)
[2023-04-17T11:55:17.706-0400][gc,heap     ] GC(495) Old regions: 86->86
[2023-04-17T11:55:17.706-0400][gc,heap     ] GC(495) Archive regions: 2->2
[2023-04-17T11:55:17.706-0400][gc,heap     ] GC(495) Humongous regions: 129->129
[2023-04-17T11:55:17.706-0400][gc,metaspace] GC(495) Metaspace: 44156K(44928K)->44156K(44928K) NonClass: 39061K(39488K)->39061K(39488K) Class: 5095K(5440K)->5095K(5440K)
[2023-04-17T11:55:17.706-0400][gc          ] GC(495) Pause Young (Normal) (G1 Evacuation Pause) 325M->223M(1024M) 6.718ms
[2023-04-17T11:55:17.706-0400][gc,cpu      ] GC(495) User=0.03s Sys=0.00s Real=0.00s
[2023-04-17T11:56:05.610-0400][gc,start    ] GC(496) Pause Young (Normal) (G1 Evacuation Pause)
[2023-04-17T11:56:05.610-0400][gc,task     ] GC(496) Using 8 workers of 8 for evacuation
[2023-04-17T11:56:05.628-0400][gc,phases   ] GC(496)   Pre Evacuate Collection Set: 0.2ms
[2023-04-17T11:56:05.628-0400][gc,phases   ] GC(496)   Merge Heap Roots: 0.2ms
[2023-04-17T11:56:05.628-0400][gc,phases   ] GC(496)   Evacuate Collection Set: 16.6ms
[2023-04-17T11:56:05.628-0400][gc,phases   ] GC(496)   Post Evacuate Collection Set: 0.4ms
[2023-04-17T11:56:05.628-0400][gc,phases   ] GC(496)   Other: 0.2ms
[2023-04-17T11:56:05.628-0400][gc,heap     ] GC(496) Eden regions: 73->0(173)
[2023-04-17T11:56:05.628-0400][gc,heap     ] GC(496) Survivor regions: 8->6(11)
[2023-04-17T11:56:05.628-0400][gc,heap     ] GC(496) Old regions: 86->89
[2023-04-17T11:56:05.628-0400][gc,heap     ] GC(496) Archive regions: 2->2
[2023-04-17T11:56:05.628-0400][gc,heap     ] GC(496) Humongous regions: 129->129
[2023-04-17T11:56:05.628-0400][gc,metaspace] GC(496) Metaspace: 44156K(44928K)->44156K(44928K) NonClass: 39061K(39488K)->39061K(39488K) Class: 5095K(5440K)->5095K(5440K)
[2023-04-17T11:56:05.628-0400][gc          ] GC(496) Pause Young (Normal) (G1 Evacuation Pause) 296M->223M(1024M) 17.880ms
[2023-04-17T11:56:05.628-0400][gc,cpu      ] GC(496) User=0.06s Sys=0.02s Real=0.01s
[2023-04-17T11:57:57.938-0400][gc,start    ] GC(497) Pause Young (Normal) (G1 Evacuation Pause)
[2023-04-17T11:57:57.938-0400][gc,task     ] GC(497) Using 8 workers of 8 for evacuation
[2023-04-17T11:57:57.961-0400][gc,mmu      ] GC(497) MMU target violated: 21.0ms (20.0ms/21.0ms)
[2023-04-17T11:57:57.961-0400][gc,phases   ] GC(497)   Pre Evacuate Collection Set: 1.6ms
[2023-04-17T11:57:57.961-0400][gc,phases   ] GC(497)   Merge Heap Roots: 0.1ms
[2023-04-17T11:57:57.961-0400][gc,phases   ] GC(497)   Evacuate Collection Set: 20.0ms
[2023-04-17T11:57:57.961-0400][gc,phases   ] GC(497)   Post Evacuate Collection Set: 1.0ms
[2023-04-17T11:57:57.961-0400][gc,phases   ] GC(497)   Other: 0.2ms
[2023-04-17T11:57:57.961-0400][gc,heap     ] GC(497) Eden regions: 173->0(43)
[2023-04-17T11:57:57.961-0400][gc,heap     ] GC(497) Survivor regions: 6->8(23)
[2023-04-17T11:57:57.961-0400][gc,heap     ] GC(497) Old regions: 89->89
[2023-04-17T11:57:57.961-0400][gc,heap     ] GC(497) Archive regions: 2->2
[2023-04-17T11:57:57.961-0400][gc,heap     ] GC(497) Humongous regions: 129->129
[2023-04-17T11:57:57.961-0400][gc,metaspace] GC(497) Metaspace: 44156K(44928K)->44156K(44928K) NonClass: 39061K(39488K)->39061K(39488K) Class: 5095K(5440K)->5095K(5440K)
[2023-04-17T11:57:57.961-0400][gc          ] GC(497) Pause Young (Normal) (G1 Evacuation Pause) 396M->225M(1024M) 23.214ms
[2023-04-17T11:57:57.961-0400][gc,cpu      ] GC(497) User=0.04s Sys=0.06s Real=0.03s
[2023-04-17T11:58:25.556-0400][gc,start    ] GC(498) Pause Young (Normal) (G1 Evacuation Pause)
[2023-04-17T11:58:25.557-0400][gc,task     ] GC(498) Using 8 workers of 8 for evacuation
[2023-04-17T11:58:25.583-0400][gc,mmu      ] GC(498) MMU target violated: 21.0ms (20.0ms/21.0ms)
[2023-04-17T11:58:25.583-0400][gc,phases   ] GC(498)   Pre Evacuate Collection Set: 0.4ms
[2023-04-17T11:58:25.583-0400][gc,phases   ] GC(498)   Merge Heap Roots: 0.2ms
[2023-04-17T11:58:25.583-0400][gc,phases   ] GC(498)   Evacuate Collection Set: 25.3ms
[2023-04-17T11:58:25.583-0400][gc,phases   ] GC(498)   Post Evacuate Collection Set: 0.3ms
[2023-04-17T11:58:25.583-0400][gc,phases   ] GC(498)   Other: 0.2ms
[2023-04-17T11:58:25.583-0400][gc,heap     ] GC(498) Eden regions: 43->0(174)
[2023-04-17T11:58:25.583-0400][gc,heap     ] GC(498) Survivor regions: 8->4(7)
[2023-04-17T11:58:25.583-0400][gc,heap     ] GC(498) Old regions: 89->92
[2023-04-17T11:58:25.583-0400][gc,heap     ] GC(498) Archive regions: 2->2
[2023-04-17T11:58:25.583-0400][gc,heap     ] GC(498) Humongous regions: 129->129
[2023-04-17T11:58:25.583-0400][gc,metaspace] GC(498) Metaspace: 44156K(44928K)->44156K(44928K) NonClass: 39061K(39488K)->39061K(39488K) Class: 5095K(5440K)->5095K(5440K)
[2023-04-17T11:58:25.583-0400][gc          ] GC(498) Pause Young (Normal) (G1 Evacuation Pause) 268M->225M(1024M) 26.692ms
[2023-04-17T11:58:25.583-0400][gc,cpu      ] GC(498) User=0.05s Sys=0.04s Real=0.03s
[2023-04-17T12:00:20.228-0400][gc,start    ] GC(499) Pause Young (Normal) (G1 Evacuation Pause)
[2023-04-17T12:00:20.229-0400][gc,task     ] GC(499) Using 8 workers of 8 for evacuation
[2023-04-17T12:00:20.233-0400][gc,phases   ] GC(499)   Pre Evacuate Collection Set: 0.1ms
[2023-04-17T12:00:20.233-0400][gc,phases   ] GC(499)   Merge Heap Roots: 0.1ms
[2023-04-17T12:00:20.233-0400][gc,phases   ] GC(499)   Evacuate Collection Set: 3.9ms
[2023-04-17T12:00:20.233-0400][gc,phases   ] GC(499)   Post Evacuate Collection Set: 0.3ms
[2023-04-17T12:00:20.233-0400][gc,phases   ] GC(499)   Other: 0.1ms
[2023-04-17T12:00:20.233-0400][gc,heap     ] GC(499) Eden regions: 174->0(87)
[2023-04-17T12:00:20.233-0400][gc,heap     ] GC(499) Survivor regions: 4->7(23)
[2023-04-17T12:00:20.233-0400][gc,heap     ] GC(499) Old regions: 92->92
[2023-04-17T12:00:20.233-0400][gc,heap     ] GC(499) Archive regions: 2->2
[2023-04-17T12:00:20.233-0400][gc,heap     ] GC(499) Humongous regions: 129->129
[2023-04-17T12:00:20.233-0400][gc,metaspace] GC(499) Metaspace: 44156K(44928K)->44156K(44928K) NonClass: 39061K(39488K)->39061K(39488K) Class: 5095K(5440K)->5095K(5440K)
[2023-04-17T12:00:20.233-0400][gc          ] GC(499) Pause Young (Normal) (G1 Evacuation Pause) 399M->228M(1024M) 5.601ms
[2023-04-17T12:00:20.234-0400][gc,cpu      ] GC(499) User=0.02s Sys=0.00s Real=0.01s
[2023-04-17T12:01:16.660-0400][gc,start    ] GC(500) Pause Young (Normal) (G1 Evacuation Pause)
[2023-04-17T12:01:16.660-0400][gc,task     ] GC(500) Using 8 workers of 8 for evacuation
[2023-04-17T12:01:16.670-0400][gc,phases   ] GC(500)   Pre Evacuate Collection Set: 0.4ms
[2023-04-17T12:01:16.670-0400][gc,phases   ] GC(500)   Merge Heap Roots: 0.2ms
[2023-04-17T12:01:16.670-0400][gc,phases   ] GC(500)   Evacuate Collection Set: 8.8ms
[2023-04-17T12:01:16.670-0400][gc,phases   ] GC(500)   Post Evacuate Collection Set: 0.5ms
[2023-04-17T12:01:16.670-0400][gc,phases   ] GC(500)   Other: 0.3ms
[2023-04-17T12:01:16.670-0400][gc,heap     ] GC(500) Eden regions: 87->0(83)
[2023-04-17T12:01:16.670-0400][gc,heap     ] GC(500) Survivor regions: 7->8(12)
[2023-04-17T12:01:16.670-0400][gc,heap     ] GC(500) Old regions: 92->92
[2023-04-17T12:01:16.670-0400][gc,heap     ] GC(500) Archive regions: 2->2
[2023-04-17T12:01:16.670-0400][gc,heap     ] GC(500) Humongous regions: 129->129
[2023-04-17T12:01:16.670-0400][gc,metaspace] GC(500) Metaspace: 44156K(44928K)->44156K(44928K) NonClass: 39061K(39488K)->39061K(39488K) Class: 5095K(5440K)->5095K(5440K)
[2023-04-17T12:01:16.670-0400][gc          ] GC(500) Pause Young (Normal) (G1 Evacuation Pause) 315M->229M(1024M) 10.662ms
[2023-04-17T12:01:16.670-0400][gc,cpu      ] GC(500) User=0.05s Sys=0.01s Real=0.01s
[2023-04-17T12:02:11.020-0400][gc,start    ] GC(501) Pause Young (Normal) (G1 Evacuation Pause)
[2023-04-17T12:02:11.020-0400][gc,task     ] GC(501) Using 8 workers of 8 for evacuation
[2023-04-17T12:02:11.046-0400][gc,mmu      ] GC(501) MMU target violated: 21.0ms (20.0ms/21.0ms)
[2023-04-17T12:02:11.046-0400][gc,phases   ] GC(501)   Pre Evacuate Collection Set: 0.2ms
[2023-04-17T12:02:11.046-0400][gc,phases   ] GC(501)   Merge Heap Roots: 0.1ms
[2023-04-17T12:02:11.046-0400][gc,phases   ] GC(501)   Evacuate Collection Set: 24.1ms
[2023-04-17T12:02:11.046-0400][gc,phases   ] GC(501)   Post Evacuate Collection Set: 1.0ms
[2023-04-17T12:02:11.046-0400][gc,phases   ] GC(501)   Other: 0.2ms
[2023-04-17T12:02:11.046-0400][gc,heap     ] GC(501) Eden regions: 83->0(82)
[2023-04-17T12:02:11.046-0400][gc,heap     ] GC(501) Survivor regions: 8->7(12)
[2023-04-17T12:02:11.046-0400][gc,heap     ] GC(501) Old regions: 92->95
[2023-04-17T12:02:11.046-0400][gc,heap     ] GC(501) Archive regions: 2->2
[2023-04-17T12:02:11.046-0400][gc,heap     ] GC(501) Humongous regions: 129->129
[2023-04-17T12:02:11.046-0400][gc,metaspace] GC(501) Metaspace: 44156K(44928K)->44156K(44928K) NonClass: 39061K(39488K)->39061K(39488K) Class: 5095K(5440K)->5095K(5440K)
[2023-04-17T12:02:11.046-0400][gc          ] GC(501) Pause Young (Normal) (G1 Evacuation Pause) 312M->231M(1024M) 26.115ms
[2023-04-17T12:02:11.046-0400][gc,cpu      ] GC(501) User=0.03s Sys=0.02s Real=0.02s
[2023-04-17T12:03:03.296-0400][gc,start    ] GC(502) Pause Young (Normal) (G1 Evacuation Pause)
[2023-04-17T12:03:03.297-0400][gc,task     ] GC(502) Using 8 workers of 8 for evacuation
[2023-04-17T12:03:03.309-0400][gc,phases   ] GC(502)   Pre Evacuate Collection Set: 0.3ms
[2023-04-17T12:03:03.309-0400][gc,phases   ] GC(502)   Merge Heap Roots: 0.1ms
[2023-04-17T12:03:03.309-0400][gc,phases   ] GC(502)   Evacuate Collection Set: 11.4ms
[2023-04-17T12:03:03.309-0400][gc,phases   ] GC(502)   Post Evacuate Collection Set: 0.5ms
[2023-04-17T12:03:03.309-0400][gc,phases   ] GC(502)   Other: 0.1ms
[2023-04-17T12:03:03.309-0400][gc,heap     ] GC(502) Eden regions: 82->0(76)
[2023-04-17T12:03:03.309-0400][gc,heap     ] GC(502) Survivor regions: 7->8(12)
[2023-04-17T12:03:03.309-0400][gc,heap     ] GC(502) Old regions: 95->95
[2023-04-17T12:03:03.309-0400][gc,heap     ] GC(502) Archive regions: 2->2
[2023-04-17T12:03:03.309-0400][gc,heap     ] GC(502) Humongous regions: 129->129
[2023-04-17T12:03:03.309-0400][gc,metaspace] GC(502) Metaspace: 44156K(44928K)->44156K(44928K) NonClass: 39061K(39488K)->39061K(39488K) Class: 5095K(5440K)->5095K(5440K)
[2023-04-17T12:03:03.309-0400][gc          ] GC(502) Pause Young (Normal) (G1 Evacuation Pause) 313M->232M(1024M) 13.121ms
[2023-04-17T12:03:03.309-0400][gc,cpu      ] GC(502) User=0.03s Sys=0.03s Real=0.01s
[2023-04-17T12:03:52.802-0400][gc,start    ] GC(503) Pause Young (Normal) (G1 Evacuation Pause)
[2023-04-17T12:03:52.803-0400][gc,task     ] GC(503) Using 8 workers of 8 for evacuation
[2023-04-17T12:03:52.834-0400][gc,mmu      ] GC(503) MMU target violated: 21.0ms (20.0ms/21.0ms)
[2023-04-17T12:03:52.834-0400][gc,phases   ] GC(503)   Pre Evacuate Collection Set: 0.3ms
[2023-04-17T12:03:52.834-0400][gc,phases   ] GC(503)   Merge Heap Roots: 0.5ms
[2023-04-17T12:03:52.834-0400][gc,phases   ] GC(503)   Evacuate Collection Set: 29.5ms
[2023-04-17T12:03:52.834-0400][gc,phases   ] GC(503)   Post Evacuate Collection Set: 0.3ms
[2023-04-17T12:03:52.834-0400][gc,phases   ] GC(503)   Other: 0.3ms
[2023-04-17T12:03:52.834-0400][gc,heap     ] GC(503) Eden regions: 76->0(48)
[2023-04-17T12:03:52.834-0400][gc,heap     ] GC(503) Survivor regions: 8->7(11)
[2023-04-17T12:03:52.834-0400][gc,heap     ] GC(503) Old regions: 95->99
[2023-04-17T12:03:52.834-0400][gc,heap     ] GC(503) Archive regions: 2->2
[2023-04-17T12:03:52.834-0400][gc,heap     ] GC(503) Humongous regions: 129->129
[2023-04-17T12:03:52.834-0400][gc,metaspace] GC(503) Metaspace: 44156K(44928K)->44156K(44928K) NonClass: 39061K(39488K)->39061K(39488K) Class: 5095K(5440K)->5095K(5440K)
[2023-04-17T12:03:52.834-0400][gc          ] GC(503) Pause Young (Normal) (G1 Evacuation Pause) 308M->234M(1024M) 32.109ms
[2023-04-17T12:03:52.834-0400][gc,cpu      ] GC(503) User=0.05s Sys=0.05s Real=0.03s
[2023-04-17T12:04:23.677-0400][gc,start    ] GC(504) Pause Young (Normal) (G1 Evacuation Pause)
[2023-04-17T12:04:23.679-0400][gc,task     ] GC(504) Using 8 workers of 8 for evacuation
[2023-04-17T12:04:23.700-0400][gc,mmu      ] GC(504) MMU target violated: 20.5ms (20.0ms/21.0ms)
[2023-04-17T12:04:23.700-0400][gc,phases   ] GC(504)   Pre Evacuate Collection Set: 0.3ms
[2023-04-17T12:04:23.700-0400][gc,phases   ] GC(504)   Merge Heap Roots: 0.2ms
[2023-04-17T12:04:23.700-0400][gc,phases   ] GC(504)   Evacuate Collection Set: 18.8ms
[2023-04-17T12:04:23.700-0400][gc,phases   ] GC(504)   Post Evacuate Collection Set: 0.4ms
[2023-04-17T12:04:23.700-0400][gc,phases   ] GC(504)   Other: 0.9ms
[2023-04-17T12:04:23.700-0400][gc,heap     ] GC(504) Eden regions: 48->0(140)
[2023-04-17T12:04:23.700-0400][gc,heap     ] GC(504) Survivor regions: 7->5(7)
[2023-04-17T12:04:23.700-0400][gc,heap     ] GC(504) Old regions: 99->102
[2023-04-17T12:04:23.700-0400][gc,heap     ] GC(504) Archive regions: 2->2
[2023-04-17T12:04:23.700-0400][gc,heap     ] GC(504) Humongous regions: 129->129
[2023-04-17T12:04:23.700-0400][gc,metaspace] GC(504) Metaspace: 44156K(44928K)->44156K(44928K) NonClass: 39061K(39488K)->39061K(39488K) Class: 5095K(5440K)->5095K(5440K)
[2023-04-17T12:04:23.700-0400][gc          ] GC(504) Pause Young (Normal) (G1 Evacuation Pause) 282M->235M(1024M) 22.556ms
[2023-04-17T12:04:23.700-0400][gc,cpu      ] GC(504) User=0.04s Sys=0.04s Real=0.03s
[2023-04-17T12:05:56.780-0400][gc,start    ] GC(505) Pause Young (Normal) (G1 Evacuation Pause)
[2023-04-17T12:05:56.781-0400][gc,task     ] GC(505) Using 8 workers of 8 for evacuation
[2023-04-17T12:05:56.799-0400][gc,phases   ] GC(505)   Pre Evacuate Collection Set: 0.4ms
[2023-04-17T12:05:56.799-0400][gc,phases   ] GC(505)   Merge Heap Roots: 0.2ms
[2023-04-17T12:05:56.799-0400][gc,phases   ] GC(505)   Evacuate Collection Set: 17.5ms
[2023-04-17T12:05:56.799-0400][gc,phases   ] GC(505)   Post Evacuate Collection Set: 0.5ms
[2023-04-17T12:05:56.799-0400][gc,phases   ] GC(505)   Other: 0.1ms
[2023-04-17T12:05:56.799-0400][gc,heap     ] GC(505) Eden regions: 140->0(44)
[2023-04-17T12:05:56.799-0400][gc,heap     ] GC(505) Survivor regions: 5->7(19)
[2023-04-17T12:05:56.800-0400][gc,heap     ] GC(505) Old regions: 102->102
[2023-04-17T12:05:56.800-0400][gc,heap     ] GC(505) Archive regions: 2->2
[2023-04-17T12:05:56.800-0400][gc,heap     ] GC(505) Humongous regions: 129->129
[2023-04-17T12:05:56.800-0400][gc,metaspace] GC(505) Metaspace: 44156K(44928K)->44156K(44928K) NonClass: 39061K(39488K)->39061K(39488K) Class: 5095K(5440K)->5095K(5440K)
[2023-04-17T12:05:56.800-0400][gc          ] GC(505) Pause Young (Normal) (G1 Evacuation Pause) 375M->237M(1024M) 19.797ms
[2023-04-17T12:05:56.800-0400][gc,cpu      ] GC(505) User=0.04s Sys=0.06s Real=0.02s
[2023-04-17T12:06:25.646-0400][gc,start    ] GC(506) Pause Young (Normal) (G1 Evacuation Pause)
[2023-04-17T12:06:25.646-0400][gc,task     ] GC(506) Using 8 workers of 8 for evacuation
[2023-04-17T12:06:25.666-0400][gc,phases   ] GC(506)   Pre Evacuate Collection Set: 0.3ms
[2023-04-17T12:06:25.666-0400][gc,phases   ] GC(506)   Merge Heap Roots: 0.2ms
[2023-04-17T12:06:25.666-0400][gc,phases   ] GC(506)   Evacuate Collection Set: 18.4ms
[2023-04-17T12:06:25.666-0400][gc,phases   ] GC(506)   Post Evacuate Collection Set: 0.5ms
[2023-04-17T12:06:25.666-0400][gc,phases   ] GC(506)   Other: 0.1ms
[2023-04-17T12:06:25.666-0400][gc,heap     ] GC(506) Eden regions: 44->0(138)
[2023-04-17T12:06:25.666-0400][gc,heap     ] GC(506) Survivor regions: 7->5(7)
[2023-04-17T12:06:25.666-0400][gc,heap     ] GC(506) Old regions: 102->104
[2023-04-17T12:06:25.666-0400][gc,heap     ] GC(506) Archive regions: 2->2
[2023-04-17T12:06:25.666-0400][gc,heap     ] GC(506) Humongous regions: 129->129
[2023-04-17T12:06:25.666-0400][gc,metaspace] GC(506) Metaspace: 44156K(44928K)->44156K(44928K) NonClass: 39061K(39488K)->39061K(39488K) Class: 5095K(5440K)->5095K(5440K)
[2023-04-17T12:06:25.666-0400][gc          ] GC(506) Pause Young (Normal) (G1 Evacuation Pause) 281M->238M(1024M) 20.017ms
[2023-04-17T12:06:25.666-0400][gc,cpu      ] GC(506) User=0.06s Sys=0.03s Real=0.02s
[2023-04-17T12:07:56.981-0400][gc,start    ] GC(507) Pause Young (Normal) (G1 Evacuation Pause)
[2023-04-17T12:07:56.981-0400][gc,task     ] GC(507) Using 8 workers of 8 for evacuation
[2023-04-17T12:07:56.991-0400][gc,phases   ] GC(507)   Pre Evacuate Collection Set: 1.4ms
[2023-04-17T12:07:56.991-0400][gc,phases   ] GC(507)   Merge Heap Roots: 0.2ms
[2023-04-17T12:07:56.991-0400][gc,phases   ] GC(507)   Evacuate Collection Set: 7.0ms
[2023-04-17T12:07:56.991-0400][gc,phases   ] GC(507)   Post Evacuate Collection Set: 0.5ms
[2023-04-17T12:07:56.991-0400][gc,phases   ] GC(507)   Other: 0.2ms
[2023-04-17T12:07:56.991-0400][gc,heap     ] GC(507) Eden regions: 138->0(84)
[2023-04-17T12:07:56.991-0400][gc,heap     ] GC(507) Survivor regions: 5->7(18)
[2023-04-17T12:07:56.991-0400][gc,heap     ] GC(507) Old regions: 104->104
[2023-04-17T12:07:56.991-0400][gc,heap     ] GC(507) Archive regions: 2->2
[2023-04-17T12:07:56.991-0400][gc,heap     ] GC(507) Humongous regions: 129->129
[2023-04-17T12:07:56.991-0400][gc,metaspace] GC(507) Metaspace: 44156K(44928K)->44156K(44928K) NonClass: 39061K(39488K)->39061K(39488K) Class: 5095K(5440K)->5095K(5440K)
[2023-04-17T12:07:56.991-0400][gc          ] GC(507) Pause Young (Normal) (G1 Evacuation Pause) 376M->239M(1024M) 10.312ms
[2023-04-17T12:07:56.991-0400][gc,cpu      ] GC(507) User=0.05s Sys=0.00s Real=0.01s
[2023-04-17T12:08:53.071-0400][gc,start    ] GC(508) Pause Young (Normal) (G1 Evacuation Pause)
[2023-04-17T12:08:53.072-0400][gc,task     ] GC(508) Using 8 workers of 8 for evacuation
[2023-04-17T12:08:53.077-0400][gc,phases   ] GC(508)   Pre Evacuate Collection Set: 0.1ms
[2023-04-17T12:08:53.077-0400][gc,phases   ] GC(508)   Merge Heap Roots: 0.1ms
[2023-04-17T12:08:53.077-0400][gc,phases   ] GC(508)   Evacuate Collection Set: 5.0ms
[2023-04-17T12:08:53.077-0400][gc,phases   ] GC(508)   Post Evacuate Collection Set: 0.3ms
[2023-04-17T12:08:53.077-0400][gc,phases   ] GC(508)   Other: 0.1ms
[2023-04-17T12:08:53.077-0400][gc,heap     ] GC(508) Eden regions: 84->0(99)
[2023-04-17T12:08:53.077-0400][gc,heap     ] GC(508) Survivor regions: 7->8(12)
[2023-04-17T12:08:53.077-0400][gc,heap     ] GC(508) Old regions: 104->104
[2023-04-17T12:08:53.077-0400][gc,heap     ] GC(508) Archive regions: 2->2
[2023-04-17T12:08:53.077-0400][gc,heap     ] GC(508) Humongous regions: 129->129
[2023-04-17T12:08:53.077-0400][gc,metaspace] GC(508) Metaspace: 44156K(44928K)->44156K(44928K) NonClass: 39061K(39488K)->39061K(39488K) Class: 5095K(5440K)->5095K(5440K)
[2023-04-17T12:08:53.077-0400][gc          ] GC(508) Pause Young (Normal) (G1 Evacuation Pause) 323M->241M(1024M) 6.036ms
[2023-04-17T12:08:53.078-0400][gc,cpu      ] GC(508) User=0.04s Sys=0.01s Real=0.00s
[2023-04-17T12:09:58.144-0400][gc,start    ] GC(509) Pause Young (Normal) (G1 Evacuation Pause)
[2023-04-17T12:09:58.145-0400][gc,task     ] GC(509) Using 8 workers of 8 for evacuation
[2023-04-17T12:09:58.160-0400][gc,phases   ] GC(509)   Pre Evacuate Collection Set: 0.3ms
[2023-04-17T12:09:58.160-0400][gc,phases   ] GC(509)   Merge Heap Roots: 0.3ms
[2023-04-17T12:09:58.160-0400][gc,phases   ] GC(509)   Evacuate Collection Set: 14.0ms
[2023-04-17T12:09:58.160-0400][gc,phases   ] GC(509)   Post Evacuate Collection Set: 0.4ms
[2023-04-17T12:09:58.160-0400][gc,phases   ] GC(509)   Other: 0.2ms
[2023-04-17T12:09:58.160-0400][gc,heap     ] GC(509) Eden regions: 99->0(84)
[2023-04-17T12:09:58.160-0400][gc,heap     ] GC(509) Survivor regions: 8->9(14)
[2023-04-17T12:09:58.160-0400][gc,heap     ] GC(509) Old regions: 104->105
[2023-04-17T12:09:58.160-0400][gc,heap     ] GC(509) Archive regions: 2->2
[2023-04-17T12:09:58.160-0400][gc,heap     ] GC(509) Humongous regions: 129->129
[2023-04-17T12:09:58.161-0400][gc,metaspace] GC(509) Metaspace: 44156K(44928K)->44156K(44928K) NonClass: 39061K(39488K)->39061K(39488K) Class: 5095K(5440K)->5095K(5440K)
[2023-04-17T12:09:58.161-0400][gc          ] GC(509) Pause Young (Normal) (G1 Evacuation Pause) 340M->243M(1024M) 16.908ms
[2023-04-17T12:09:58.161-0400][gc,cpu      ] GC(509) User=0.06s Sys=0.01s Real=0.02s
[2023-04-17T12:10:52.478-0400][gc,start    ] GC(510) Pause Young (Normal) (G1 Evacuation Pause)
[2023-04-17T12:10:52.478-0400][gc,task     ] GC(510) Using 8 workers of 8 for evacuation
[2023-04-17T12:10:52.505-0400][gc,mmu      ] GC(510) MMU target violated: 21.0ms (20.0ms/21.0ms)
[2023-04-17T12:10:52.506-0400][gc,phases   ] GC(510)   Pre Evacuate Collection Set: 0.1ms
[2023-04-17T12:10:52.506-0400][gc,phases   ] GC(510)   Merge Heap Roots: 0.1ms
[2023-04-17T12:10:52.506-0400][gc,phases   ] GC(510)   Evacuate Collection Set: 20.4ms
[2023-04-17T12:10:52.506-0400][gc,phases   ] GC(510)   Post Evacuate Collection Set: 6.9ms
[2023-04-17T12:10:52.506-0400][gc,phases   ] GC(510)   Other: 0.2ms
[2023-04-17T12:10:52.506-0400][gc,heap     ] GC(510) Eden regions: 84->0(73)
[2023-04-17T12:10:52.506-0400][gc,heap     ] GC(510) Survivor regions: 9->8(12)
[2023-04-17T12:10:52.506-0400][gc,heap     ] GC(510) Old regions: 105->108
[2023-04-17T12:10:52.506-0400][gc,heap     ] GC(510) Archive regions: 2->2
[2023-04-17T12:10:52.506-0400][gc,heap     ] GC(510) Humongous regions: 129->129
[2023-04-17T12:10:52.506-0400][gc,metaspace] GC(510) Metaspace: 44156K(44928K)->44156K(44928K) NonClass: 39061K(39488K)->39061K(39488K) Class: 5095K(5440K)->5095K(5440K)
[2023-04-17T12:10:52.506-0400][gc          ] GC(510) Pause Young (Normal) (G1 Evacuation Pause) 327M->244M(1024M) 28.121ms
[2023-04-17T12:10:52.506-0400][gc,cpu      ] GC(510) User=0.03s Sys=0.02s Real=0.03s
[2023-04-17T12:11:39.445-0400][gc,start    ] GC(511) Pause Young (Normal) (G1 Evacuation Pause)
[2023-04-17T12:11:39.445-0400][gc,task     ] GC(511) Using 8 workers of 8 for evacuation
[2023-04-17T12:11:39.465-0400][gc,phases   ] GC(511)   Pre Evacuate Collection Set: 0.2ms
[2023-04-17T12:11:39.465-0400][gc,phases   ] GC(511)   Merge Heap Roots: 0.2ms
[2023-04-17T12:11:39.465-0400][gc,phases   ] GC(511)   Evacuate Collection Set: 19.0ms
[2023-04-17T12:11:39.465-0400][gc,phases   ] GC(511)   Post Evacuate Collection Set: 0.3ms
[2023-04-17T12:11:39.465-0400][gc,phases   ] GC(511)   Other: 0.2ms
[2023-04-17T12:11:39.465-0400][gc,heap     ] GC(511) Eden regions: 73->0(110)
[2023-04-17T12:11:39.465-0400][gc,heap     ] GC(511) Survivor regions: 8->7(11)
[2023-04-17T12:11:39.465-0400][gc,heap     ] GC(511) Old regions: 108->110
[2023-04-17T12:11:39.465-0400][gc,heap     ] GC(511) Archive regions: 2->2
[2023-04-17T12:11:39.465-0400][gc,heap     ] GC(511) Humongous regions: 129->129
[2023-04-17T12:11:39.465-0400][gc,metaspace] GC(511) Metaspace: 44156K(44928K)->44156K(44928K) NonClass: 39061K(39488K)->39061K(39488K) Class: 5095K(5440K)->5095K(5440K)
[2023-04-17T12:11:39.465-0400][gc          ] GC(511) Pause Young (Normal) (G1 Evacuation Pause) 317M->246M(1024M) 20.260ms
[2023-04-17T12:11:39.465-0400][gc,cpu      ] GC(511) User=0.05s Sys=0.03s Real=0.02s
[2023-04-17T12:12:51.535-0400][gc,start    ] GC(512) Pause Young (Normal) (G1 Evacuation Pause)
[2023-04-17T12:12:51.535-0400][gc,task     ] GC(512) Using 8 workers of 8 for evacuation
[2023-04-17T12:12:51.544-0400][gc,phases   ] GC(512)   Pre Evacuate Collection Set: 0.2ms
[2023-04-17T12:12:51.544-0400][gc,phases   ] GC(512)   Merge Heap Roots: 0.2ms
[2023-04-17T12:12:51.544-0400][gc,phases   ] GC(512)   Evacuate Collection Set: 8.3ms
[2023-04-17T12:12:51.544-0400][gc,phases   ] GC(512)   Post Evacuate Collection Set: 0.5ms
[2023-04-17T12:12:51.544-0400][gc,phases   ] GC(512)   Other: 0.1ms
[2023-04-17T12:12:51.544-0400][gc,heap     ] GC(512) Eden regions: 110->0(129)
[2023-04-17T12:12:51.544-0400][gc,heap     ] GC(512) Survivor regions: 7->8(15)
[2023-04-17T12:12:51.544-0400][gc,heap     ] GC(512) Old regions: 110->110
[2023-04-17T12:12:51.544-0400][gc,heap     ] GC(512) Archive regions: 2->2
[2023-04-17T12:12:51.544-0400][gc,heap     ] GC(512) Humongous regions: 129->129
[2023-04-17T12:12:51.544-0400][gc,metaspace] GC(512) Metaspace: 44156K(44928K)->44156K(44928K) NonClass: 39061K(39488K)->39061K(39488K) Class: 5095K(5440K)->5095K(5440K)
[2023-04-17T12:12:51.544-0400][gc          ] GC(512) Pause Young (Normal) (G1 Evacuation Pause) 356M->247M(1024M) 9.678ms
[2023-04-17T12:12:51.545-0400][gc,cpu      ] GC(512) User=0.06s Sys=0.00s Real=0.01s
[2023-04-17T12:14:15.930-0400][gc,start    ] GC(513) Pause Young (Normal) (G1 Evacuation Pause)
[2023-04-17T12:14:15.930-0400][gc,task     ] GC(513) Using 8 workers of 8 for evacuation
[2023-04-17T12:14:15.944-0400][gc,phases   ] GC(513)   Pre Evacuate Collection Set: 0.4ms
[2023-04-17T12:14:15.944-0400][gc,phases   ] GC(513)   Merge Heap Roots: 0.3ms
[2023-04-17T12:14:15.944-0400][gc,phases   ] GC(513)   Evacuate Collection Set: 12.1ms
[2023-04-17T12:14:15.944-0400][gc,phases   ] GC(513)   Post Evacuate Collection Set: 0.8ms
[2023-04-17T12:14:15.944-0400][gc,phases   ] GC(513)   Other: 0.2ms
[2023-04-17T12:14:15.944-0400][gc,heap     ] GC(513) Eden regions: 129->0(42)
[2023-04-17T12:14:15.944-0400][gc,heap     ] GC(513) Survivor regions: 8->11(18)
[2023-04-17T12:14:15.944-0400][gc,heap     ] GC(513) Old regions: 110->110
[2023-04-17T12:14:15.944-0400][gc,heap     ] GC(513) Archive regions: 2->2
[2023-04-17T12:14:15.944-0400][gc,heap     ] GC(513) Humongous regions: 129->129
[2023-04-17T12:14:15.944-0400][gc,metaspace] GC(513) Metaspace: 44156K(44928K)->44156K(44928K) NonClass: 39061K(39488K)->39061K(39488K) Class: 5095K(5440K)->5095K(5440K)
[2023-04-17T12:14:15.944-0400][gc          ] GC(513) Pause Young (Normal) (G1 Evacuation Pause) 376M->250M(1024M) 14.917ms
[2023-04-17T12:14:15.944-0400][gc,cpu      ] GC(513) User=0.06s Sys=0.02s Real=0.02s
[2023-04-17T12:14:43.143-0400][gc,start    ] GC(514) Pause Young (Normal) (G1 Evacuation Pause)
[2023-04-17T12:14:43.143-0400][gc,task     ] GC(514) Using 8 workers of 8 for evacuation
[2023-04-17T12:14:43.189-0400][gc,mmu      ] GC(514) MMU target violated: 21.0ms (20.0ms/21.0ms)
[2023-04-17T12:14:43.189-0400][gc,phases   ] GC(514)   Pre Evacuate Collection Set: 0.3ms
[2023-04-17T12:14:43.189-0400][gc,phases   ] GC(514)   Merge Heap Roots: 0.2ms
[2023-04-17T12:14:43.189-0400][gc,phases   ] GC(514)   Evacuate Collection Set: 44.7ms
[2023-04-17T12:14:43.189-0400][gc,phases   ] GC(514)   Post Evacuate Collection Set: 0.4ms
[2023-04-17T12:14:43.189-0400][gc,phases   ] GC(514)   Other: 0.2ms
[2023-04-17T12:14:43.189-0400][gc,heap     ] GC(514) Eden regions: 42->0(164)
[2023-04-17T12:14:43.189-0400][gc,heap     ] GC(514) Survivor regions: 11->4(7)
[2023-04-17T12:14:43.189-0400][gc,heap     ] GC(514) Old regions: 110->118
[2023-04-17T12:14:43.189-0400][gc,heap     ] GC(514) Archive regions: 2->2
[2023-04-17T12:14:43.189-0400][gc,heap     ] GC(514) Humongous regions: 129->129
[2023-04-17T12:14:43.189-0400][gc,metaspace] GC(514) Metaspace: 44156K(44928K)->44156K(44928K) NonClass: 39061K(39488K)->39061K(39488K) Class: 5095K(5440K)->5095K(5440K)
[2023-04-17T12:14:43.189-0400][gc          ] GC(514) Pause Young (Normal) (G1 Evacuation Pause) 292M->250M(1024M) 46.150ms
[2023-04-17T12:14:43.189-0400][gc,cpu      ] GC(514) User=0.07s Sys=0.08s Real=0.04s
[2023-04-17T12:16:30.138-0400][gc,start    ] GC(515) Pause Young (Normal) (G1 Evacuation Pause)
[2023-04-17T12:16:30.138-0400][gc,task     ] GC(515) Using 8 workers of 8 for evacuation
[2023-04-17T12:16:30.162-0400][gc,mmu      ] GC(515) MMU target violated: 21.0ms (20.0ms/21.0ms)
[2023-04-17T12:16:30.162-0400][gc,phases   ] GC(515)   Pre Evacuate Collection Set: 0.4ms
[2023-04-17T12:16:30.162-0400][gc,phases   ] GC(515)   Merge Heap Roots: 0.2ms
[2023-04-17T12:16:30.162-0400][gc,phases   ] GC(515)   Evacuate Collection Set: 22.3ms
[2023-04-17T12:16:30.162-0400][gc,phases   ] GC(515)   Post Evacuate Collection Set: 0.5ms
[2023-04-17T12:16:30.162-0400][gc,phases   ] GC(515)   Other: 0.2ms
[2023-04-17T12:16:30.162-0400][gc,heap     ] GC(515) Eden regions: 164->0(45)
[2023-04-17T12:16:30.162-0400][gc,heap     ] GC(515) Survivor regions: 4->6(21)
[2023-04-17T12:16:30.162-0400][gc,heap     ] GC(515) Old regions: 118->118
[2023-04-17T12:16:30.162-0400][gc,heap     ] GC(515) Archive regions: 2->2
[2023-04-17T12:16:30.162-0400][gc,heap     ] GC(515) Humongous regions: 129->129
[2023-04-17T12:16:30.162-0400][gc,metaspace] GC(515) Metaspace: 44156K(44928K)->44156K(44928K) NonClass: 39061K(39488K)->39061K(39488K) Class: 5095K(5440K)->5095K(5440K)
[2023-04-17T12:16:30.162-0400][gc          ] GC(515) Pause Young (Normal) (G1 Evacuation Pause) 414M->253M(1024M) 23.853ms
[2023-04-17T12:16:30.162-0400][gc,cpu      ] GC(515) User=0.04s Sys=0.06s Real=0.03s
[2023-04-17T12:16:59.162-0400][gc,start    ] GC(516) Pause Young (Normal) (G1 Evacuation Pause)
[2023-04-17T12:16:59.162-0400][gc,task     ] GC(516) Using 8 workers of 8 for evacuation
[2023-04-17T12:16:59.173-0400][gc,phases   ] GC(516)   Pre Evacuate Collection Set: 0.1ms
[2023-04-17T12:16:59.173-0400][gc,phases   ] GC(516)   Merge Heap Roots: 0.1ms
[2023-04-17T12:16:59.173-0400][gc,phases   ] GC(516)   Evacuate Collection Set: 9.7ms
[2023-04-17T12:16:59.173-0400][gc,phases   ] GC(516)   Post Evacuate Collection Set: 0.4ms
[2023-04-17T12:16:59.173-0400][gc,phases   ] GC(516)   Other: 0.1ms
[2023-04-17T12:16:59.173-0400][gc,heap     ] GC(516) Eden regions: 45->0(117)
[2023-04-17T12:16:59.173-0400][gc,heap     ] GC(516) Survivor regions: 6->5(7)
[2023-04-17T12:16:59.173-0400][gc,heap     ] GC(516) Old regions: 118->120
[2023-04-17T12:16:59.173-0400][gc,heap     ] GC(516) Archive regions: 2->2
[2023-04-17T12:16:59.173-0400][gc,heap     ] GC(516) Humongous regions: 129->129
[2023-04-17T12:16:59.173-0400][gc,metaspace] GC(516) Metaspace: 44156K(44928K)->44156K(44928K) NonClass: 39061K(39488K)->39061K(39488K) Class: 5095K(5440K)->5095K(5440K)
[2023-04-17T12:16:59.173-0400][gc          ] GC(516) Pause Young (Normal) (G1 Evacuation Pause) 298M->254M(1024M) 10.710ms
[2023-04-17T12:16:59.173-0400][gc,cpu      ] GC(516) User=0.04s Sys=0.01s Real=0.01s
[2023-04-17T12:18:16.446-0400][gc,start    ] GC(517) Pause Young (Normal) (G1 Evacuation Pause)
[2023-04-17T12:18:16.446-0400][gc,task     ] GC(517) Using 8 workers of 8 for evacuation
[2023-04-17T12:18:16.453-0400][gc,phases   ] GC(517)   Pre Evacuate Collection Set: 0.2ms
[2023-04-17T12:18:16.453-0400][gc,phases   ] GC(517)   Merge Heap Roots: 0.2ms
[2023-04-17T12:18:16.453-0400][gc,phases   ] GC(517)   Evacuate Collection Set: 6.1ms
[2023-04-17T12:18:16.453-0400][gc,phases   ] GC(517)   Post Evacuate Collection Set: 0.5ms
[2023-04-17T12:18:16.453-0400][gc,phases   ] GC(517)   Other: 0.1ms
[2023-04-17T12:18:16.453-0400][gc,heap     ] GC(517) Eden regions: 117->0(80)
[2023-04-17T12:18:16.453-0400][gc,heap     ] GC(517) Survivor regions: 5->7(16)
[2023-04-17T12:18:16.453-0400][gc,heap     ] GC(517) Old regions: 120->120
[2023-04-17T12:18:16.453-0400][gc,heap     ] GC(517) Archive regions: 2->2
[2023-04-17T12:18:16.453-0400][gc,heap     ] GC(517) Humongous regions: 129->129
[2023-04-17T12:18:16.453-0400][gc,metaspace] GC(517) Metaspace: 44156K(44928K)->44156K(44928K) NonClass: 39061K(39488K)->39061K(39488K) Class: 5095K(5440K)->5095K(5440K)
[2023-04-17T12:18:16.453-0400][gc          ] GC(517) Pause Young (Normal) (G1 Evacuation Pause) 371M->256M(1024M) 7.379ms
[2023-04-17T12:18:16.453-0400][gc,cpu      ] GC(517) User=0.05s Sys=0.00s Real=0.01s
[2023-04-17T12:19:06.699-0400][gc,start    ] GC(518) Pause Young (Normal) (G1 Evacuation Pause)
[2023-04-17T12:19:06.699-0400][gc,task     ] GC(518) Using 8 workers of 8 for evacuation
[2023-04-17T12:19:06.708-0400][gc,phases   ] GC(518)   Pre Evacuate Collection Set: 0.1ms
[2023-04-17T12:19:06.708-0400][gc,phases   ] GC(518)   Merge Heap Roots: 0.1ms
[2023-04-17T12:19:06.708-0400][gc,phases   ] GC(518)   Evacuate Collection Set: 7.1ms
[2023-04-17T12:19:06.708-0400][gc,phases   ] GC(518)   Post Evacuate Collection Set: 0.3ms
[2023-04-17T12:19:06.708-0400][gc,phases   ] GC(518)   Other: 1.2ms
[2023-04-17T12:19:06.708-0400][gc,heap     ] GC(518) Eden regions: 80->0(93)
[2023-04-17T12:19:06.708-0400][gc,heap     ] GC(518) Survivor regions: 7->8(11)
[2023-04-17T12:19:06.708-0400][gc,heap     ] GC(518) Old regions: 120->121
[2023-04-17T12:19:06.708-0400][gc,heap     ] GC(518) Archive regions: 2->2
[2023-04-17T12:19:06.708-0400][gc,heap     ] GC(518) Humongous regions: 129->129
[2023-04-17T12:19:06.708-0400][gc,metaspace] GC(518) Metaspace: 44156K(44928K)->44156K(44928K) NonClass: 39061K(39488K)->39061K(39488K) Class: 5095K(5440K)->5095K(5440K)
[2023-04-17T12:19:06.708-0400][gc          ] GC(518) Pause Young (Normal) (G1 Evacuation Pause) 336M->257M(1024M) 9.133ms
[2023-04-17T12:19:06.708-0400][gc,cpu      ] GC(518) User=0.03s Sys=0.01s Real=0.01s
[2023-04-17T12:20:06.924-0400][gc,start    ] GC(519) Pause Young (Normal) (G1 Evacuation Pause)
[2023-04-17T12:20:06.924-0400][gc,task     ] GC(519) Using 8 workers of 8 for evacuation
[2023-04-17T12:20:06.939-0400][gc,phases   ] GC(519)   Pre Evacuate Collection Set: 0.2ms
[2023-04-17T12:20:06.939-0400][gc,phases   ] GC(519)   Merge Heap Roots: 0.2ms
[2023-04-17T12:20:06.939-0400][gc,phases   ] GC(519)   Evacuate Collection Set: 14.2ms
[2023-04-17T12:20:06.939-0400][gc,phases   ] GC(519)   Post Evacuate Collection Set: 0.3ms
[2023-04-17T12:20:06.939-0400][gc,phases   ] GC(519)   Other: 0.1ms
[2023-04-17T12:20:06.939-0400][gc,heap     ] GC(519) Eden regions: 93->0(208)
[2023-04-17T12:20:06.939-0400][gc,heap     ] GC(519) Survivor regions: 8->6(13)
[2023-04-17T12:20:06.939-0400][gc,heap     ] GC(519) Old regions: 121->124
[2023-04-17T12:20:06.939-0400][gc,heap     ] GC(519) Archive regions: 2->2
[2023-04-17T12:20:06.939-0400][gc,heap     ] GC(519) Humongous regions: 129->129
[2023-04-17T12:20:06.939-0400][gc,metaspace] GC(519) Metaspace: 44156K(44928K)->44156K(44928K) NonClass: 39061K(39488K)->39061K(39488K) Class: 5095K(5440K)->5095K(5440K)
[2023-04-17T12:20:06.939-0400][gc          ] GC(519) Pause Young (Normal) (G1 Evacuation Pause) 350M->259M(1024M) 15.135ms
[2023-04-17T12:20:06.940-0400][gc,cpu      ] GC(519) User=0.04s Sys=0.01s Real=0.02s
[2023-04-17T12:22:24.435-0400][gc,start    ] GC(520) Pause Young (Normal) (G1 Evacuation Pause)
[2023-04-17T12:22:24.454-0400][gc,task     ] GC(520) Using 8 workers of 8 for evacuation
[2023-04-17T12:22:24.485-0400][gc,mmu      ] GC(520) MMU target violated: 21.0ms (20.0ms/21.0ms)
[2023-04-17T12:22:24.485-0400][gc,phases   ] GC(520)   Pre Evacuate Collection Set: 1.0ms
[2023-04-17T12:22:24.485-0400][gc,phases   ] GC(520)   Merge Heap Roots: 0.1ms
[2023-04-17T12:22:24.485-0400][gc,phases   ] GC(520)   Evacuate Collection Set: 28.8ms
[2023-04-17T12:22:24.485-0400][gc,phases   ] GC(520)   Post Evacuate Collection Set: 0.8ms
[2023-04-17T12:22:24.485-0400][gc,phases   ] GC(520)   Other: 0.3ms
[2023-04-17T12:22:24.485-0400][gc,heap     ] GC(520) Eden regions: 208->0(41)
[2023-04-17T12:22:24.485-0400][gc,heap     ] GC(520) Survivor regions: 6->10(27)
[2023-04-17T12:22:24.485-0400][gc,heap     ] GC(520) Old regions: 124->124
[2023-04-17T12:22:24.485-0400][gc,heap     ] GC(520) Archive regions: 2->2
[2023-04-17T12:22:24.485-0400][gc,heap     ] GC(520) Humongous regions: 129->129
[2023-04-17T12:22:24.485-0400][gc,metaspace] GC(520) Metaspace: 44156K(44928K)->44156K(44928K) NonClass: 39061K(39488K)->39061K(39488K) Class: 5095K(5440K)->5095K(5440K)
[2023-04-17T12:22:24.485-0400][gc          ] GC(520) Pause Young (Normal) (G1 Evacuation Pause) 467M->262M(1024M) 50.244ms
[2023-04-17T12:22:24.485-0400][gc,cpu      ] GC(520) User=0.05s Sys=0.08s Real=0.05s
[2023-04-17T12:22:51.471-0400][gc,start    ] GC(521) Pause Young (Normal) (G1 Evacuation Pause)
[2023-04-17T12:22:51.473-0400][gc,task     ] GC(521) Using 8 workers of 8 for evacuation
[2023-04-17T12:22:51.509-0400][gc,mmu      ] GC(521) MMU target violated: 21.0ms (20.0ms/21.0ms)
[2023-04-17T12:22:51.509-0400][gc,phases   ] GC(521)   Pre Evacuate Collection Set: 0.5ms
[2023-04-17T12:22:51.509-0400][gc,phases   ] GC(521)   Merge Heap Roots: 0.2ms
[2023-04-17T12:22:51.509-0400][gc,phases   ] GC(521)   Evacuate Collection Set: 35.7ms
[2023-04-17T12:22:51.509-0400][gc,phases   ] GC(521)   Post Evacuate Collection Set: 0.2ms
[2023-04-17T12:22:51.510-0400][gc,phases   ] GC(521)   Other: 0.3ms
[2023-04-17T12:22:51.510-0400][gc,heap     ] GC(521) Eden regions: 41->0(240)
[2023-04-17T12:22:51.510-0400][gc,heap     ] GC(521) Survivor regions: 10->2(7)
[2023-04-17T12:22:51.510-0400][gc,heap     ] GC(521) Old regions: 124->133
[2023-04-17T12:22:51.510-0400][gc,heap     ] GC(521) Archive regions: 2->2
[2023-04-17T12:22:51.510-0400][gc,heap     ] GC(521) Humongous regions: 129->129
[2023-04-17T12:22:51.510-0400][gc,metaspace] GC(521) Metaspace: 44156K(44928K)->44156K(44928K) NonClass: 39061K(39488K)->39061K(39488K) Class: 5095K(5440K)->5095K(5440K)
[2023-04-17T12:22:51.510-0400][gc          ] GC(521) Pause Young (Normal) (G1 Evacuation Pause) 303M->263M(1024M) 38.256ms
[2023-04-17T12:22:51.510-0400][gc,cpu      ] GC(521) User=0.04s Sys=0.07s Real=0.04s
[2023-04-17T12:25:33.696-0400][gc,start    ] GC(522) Pause Young (Normal) (G1 Evacuation Pause)
[2023-04-17T12:25:33.701-0400][gc,task     ] GC(522) Using 8 workers of 8 for evacuation
[2023-04-17T12:25:33.726-0400][gc,mmu      ] GC(522) MMU target violated: 21.0ms (20.0ms/21.0ms)
[2023-04-17T12:25:33.726-0400][gc,phases   ] GC(522)   Pre Evacuate Collection Set: 1.4ms
[2023-04-17T12:25:33.726-0400][gc,phases   ] GC(522)   Merge Heap Roots: 0.3ms
[2023-04-17T12:25:33.726-0400][gc,phases   ] GC(522)   Evacuate Collection Set: 21.9ms
[2023-04-17T12:25:33.726-0400][gc,phases   ] GC(522)   Post Evacuate Collection Set: 1.1ms
[2023-04-17T12:25:33.726-0400][gc,phases   ] GC(522)   Other: 0.3ms
[2023-04-17T12:25:33.726-0400][gc,heap     ] GC(522) Eden regions: 240->0(45)
[2023-04-17T12:25:33.726-0400][gc,heap     ] GC(522) Survivor regions: 2->6(31)
[2023-04-17T12:25:33.726-0400][gc,heap     ] GC(522) Old regions: 133->133
[2023-04-17T12:25:33.726-0400][gc,heap     ] GC(522) Archive regions: 2->2
[2023-04-17T12:25:33.726-0400][gc,heap     ] GC(522) Humongous regions: 129->129
[2023-04-17T12:25:33.726-0400][gc,metaspace] GC(522) Metaspace: 44156K(44928K)->44156K(44928K) NonClass: 39061K(39488K)->39061K(39488K) Class: 5095K(5440K)->5095K(5440K)
[2023-04-17T12:25:33.726-0400][gc          ] GC(522) Pause Young (Normal) (G1 Evacuation Pause) 503M->267M(1024M) 29.911ms
[2023-04-17T12:25:33.726-0400][gc,cpu      ] GC(522) User=0.04s Sys=0.05s Real=0.03s
[2023-04-17T12:26:03.159-0400][gc,start    ] GC(523) Pause Young (Normal) (G1 Evacuation Pause)
[2023-04-17T12:26:03.159-0400][gc,task     ] GC(523) Using 8 workers of 8 for evacuation
[2023-04-17T12:26:03.182-0400][gc,mmu      ] GC(523) MMU target violated: 21.0ms (20.0ms/21.0ms)
[2023-04-17T12:26:03.182-0400][gc,phases   ] GC(523)   Pre Evacuate Collection Set: 0.3ms
[2023-04-17T12:26:03.182-0400][gc,phases   ] GC(523)   Merge Heap Roots: 0.1ms
[2023-04-17T12:26:03.182-0400][gc,phases   ] GC(523)   Evacuate Collection Set: 21.0ms
[2023-04-17T12:26:03.182-0400][gc,phases   ] GC(523)   Post Evacuate Collection Set: 0.3ms
[2023-04-17T12:26:03.182-0400][gc,phases   ] GC(523)   Other: 0.8ms
[2023-04-17T12:26:03.182-0400][gc,heap     ] GC(523) Eden regions: 45->0(204)
[2023-04-17T12:26:03.182-0400][gc,heap     ] GC(523) Survivor regions: 6->2(7)
[2023-04-17T12:26:03.182-0400][gc,heap     ] GC(523) Old regions: 133->138
[2023-04-17T12:26:03.182-0400][gc,heap     ] GC(523) Archive regions: 2->2
[2023-04-17T12:26:03.182-0400][gc,heap     ] GC(523) Humongous regions: 129->129
[2023-04-17T12:26:03.182-0400][gc,metaspace] GC(523) Metaspace: 44156K(44928K)->44156K(44928K) NonClass: 39061K(39488K)->39061K(39488K) Class: 5095K(5440K)->5095K(5440K)
[2023-04-17T12:26:03.182-0400][gc          ] GC(523) Pause Young (Normal) (G1 Evacuation Pause) 312M->268M(1024M) 22.638ms
[2023-04-17T12:26:03.182-0400][gc,cpu      ] GC(523) User=0.04s Sys=0.05s Real=0.03s
[2023-04-17T12:28:19.582-0400][gc,start    ] GC(524) Pause Young (Normal) (G1 Evacuation Pause)
[2023-04-17T12:28:19.603-0400][gc,task     ] GC(524) Using 8 workers of 8 for evacuation
[2023-04-17T12:28:19.610-0400][gc,phases   ] GC(524)   Pre Evacuate Collection Set: 0.4ms
[2023-04-17T12:28:19.610-0400][gc,phases   ] GC(524)   Merge Heap Roots: 0.1ms
[2023-04-17T12:28:19.610-0400][gc,phases   ] GC(524)   Evacuate Collection Set: 6.1ms
[2023-04-17T12:28:19.610-0400][gc,phases   ] GC(524)   Post Evacuate Collection Set: 0.6ms
[2023-04-17T12:28:19.610-0400][gc,phases   ] GC(524)   Other: 0.2ms
[2023-04-17T12:28:19.610-0400][gc,heap     ] GC(524) Eden regions: 204->0(112)
[2023-04-17T12:28:19.610-0400][gc,heap     ] GC(524) Survivor regions: 2->5(26)
[2023-04-17T12:28:19.610-0400][gc,heap     ] GC(524) Old regions: 138->138
[2023-04-17T12:28:19.610-0400][gc,heap     ] GC(524) Archive regions: 2->2
[2023-04-17T12:28:19.610-0400][gc,heap     ] GC(524) Humongous regions: 129->129
[2023-04-17T12:28:19.610-0400][gc,metaspace] GC(524) Metaspace: 44156K(44928K)->44156K(44928K) NonClass: 39061K(39488K)->39061K(39488K) Class: 5095K(5440K)->5095K(5440K)
[2023-04-17T12:28:19.610-0400][gc          ] GC(524) Pause Young (Normal) (G1 Evacuation Pause) 472M->271M(1024M) 28.390ms
[2023-04-17T12:28:19.610-0400][gc,cpu      ] GC(524) User=0.04s Sys=0.00s Real=0.03s
[2023-04-17T12:29:31.886-0400][gc,start    ] GC(525) Pause Young (Normal) (G1 Evacuation Pause)
[2023-04-17T12:29:31.886-0400][gc,task     ] GC(525) Using 8 workers of 8 for evacuation
[2023-04-17T12:29:31.891-0400][gc,phases   ] GC(525)   Pre Evacuate Collection Set: 0.1ms
[2023-04-17T12:29:31.892-0400][gc,phases   ] GC(525)   Merge Heap Roots: 0.1ms
[2023-04-17T12:29:31.892-0400][gc,phases   ] GC(525)   Evacuate Collection Set: 4.5ms
[2023-04-17T12:29:31.892-0400][gc,phases   ] GC(525)   Post Evacuate Collection Set: 0.4ms
[2023-04-17T12:29:31.892-0400][gc,phases   ] GC(525)   Other: 0.1ms
[2023-04-17T12:29:31.892-0400][gc,heap     ] GC(525) Eden regions: 112->0(71)
[2023-04-17T12:29:31.892-0400][gc,heap     ] GC(525) Survivor regions: 5->7(15)
[2023-04-17T12:29:31.892-0400][gc,heap     ] GC(525) Old regions: 138->138
[2023-04-17T12:29:31.892-0400][gc,heap     ] GC(525) Archive regions: 2->2
[2023-04-17T12:29:31.892-0400][gc,heap     ] GC(525) Humongous regions: 129->129
[2023-04-17T12:29:31.892-0400][gc,metaspace] GC(525) Metaspace: 44156K(44928K)->44156K(44928K) NonClass: 39061K(39488K)->39061K(39488K) Class: 5095K(5440K)->5095K(5440K)
[2023-04-17T12:29:31.892-0400][gc          ] GC(525) Pause Young (Normal) (G1 Evacuation Pause) 383M->273M(1024M) 5.521ms
[2023-04-17T12:29:31.892-0400][gc,cpu      ] GC(525) User=0.03s Sys=0.01s Real=0.01s
[2023-04-17T12:30:18.697-0400][gc,start    ] GC(526) Pause Young (Normal) (G1 Evacuation Pause)
[2023-04-17T12:30:18.698-0400][gc,task     ] GC(526) Using 8 workers of 8 for evacuation
[2023-04-17T12:30:18.725-0400][gc,mmu      ] GC(526) MMU target violated: 21.0ms (20.0ms/21.0ms)
[2023-04-17T12:30:18.725-0400][gc,phases   ] GC(526)   Pre Evacuate Collection Set: 0.2ms
[2023-04-17T12:30:18.725-0400][gc,phases   ] GC(526)   Merge Heap Roots: 0.1ms
[2023-04-17T12:30:18.725-0400][gc,phases   ] GC(526)   Evacuate Collection Set: 26.5ms
[2023-04-17T12:30:18.725-0400][gc,phases   ] GC(526)   Post Evacuate Collection Set: 0.3ms
[2023-04-17T12:30:18.725-0400][gc,phases   ] GC(526)   Other: 0.3ms
[2023-04-17T12:30:18.725-0400][gc,heap     ] GC(526) Eden regions: 71->0(160)
[2023-04-17T12:30:18.725-0400][gc,heap     ] GC(526) Survivor regions: 7->4(10)
[2023-04-17T12:30:18.725-0400][gc,heap     ] GC(526) Old regions: 138->142
[2023-04-17T12:30:18.725-0400][gc,heap     ] GC(526) Archive regions: 2->2
[2023-04-17T12:30:18.725-0400][gc,heap     ] GC(526) Humongous regions: 129->129
[2023-04-17T12:30:18.725-0400][gc,metaspace] GC(526) Metaspace: 44156K(44928K)->44156K(44928K) NonClass: 39061K(39488K)->39061K(39488K) Class: 5095K(5440K)->5095K(5440K)
[2023-04-17T12:30:18.725-0400][gc          ] GC(526) Pause Young (Normal) (G1 Evacuation Pause) 344M->275M(1024M) 28.300ms
[2023-04-17T12:30:18.725-0400][gc,cpu      ] GC(526) User=0.03s Sys=0.03s Real=0.03s
[2023-04-17T12:32:01.778-0400][gc,start    ] GC(527) Pause Young (Normal) (G1 Evacuation Pause)
[2023-04-17T12:32:01.779-0400][gc,task     ] GC(527) Using 8 workers of 8 for evacuation
[2023-04-17T12:32:01.791-0400][gc,phases   ] GC(527)   Pre Evacuate Collection Set: 2.9ms
[2023-04-17T12:32:01.791-0400][gc,phases   ] GC(527)   Merge Heap Roots: 0.2ms
[2023-04-17T12:32:01.791-0400][gc,phases   ] GC(527)   Evacuate Collection Set: 7.3ms
[2023-04-17T12:32:01.791-0400][gc,phases   ] GC(527)   Post Evacuate Collection Set: 1.7ms
[2023-04-17T12:32:01.791-0400][gc,phases   ] GC(527)   Other: 0.3ms
[2023-04-17T12:32:01.792-0400][gc,heap     ] GC(527) Eden regions: 160->0(86)
[2023-04-17T12:32:01.792-0400][gc,heap     ] GC(527) Survivor regions: 4->6(21)
[2023-04-17T12:32:01.792-0400][gc,heap     ] GC(527) Old regions: 142->142
[2023-04-17T12:32:01.792-0400][gc,heap     ] GC(527) Archive regions: 2->2
[2023-04-17T12:32:01.792-0400][gc,heap     ] GC(527) Humongous regions: 129->129
[2023-04-17T12:32:01.792-0400][gc,metaspace] GC(527) Metaspace: 44156K(44928K)->44156K(44928K) NonClass: 39061K(39488K)->39061K(39488K) Class: 5095K(5440K)->5095K(5440K)
[2023-04-17T12:32:01.792-0400][gc          ] GC(527) Pause Young (Normal) (G1 Evacuation Pause) 435M->277M(1024M) 13.368ms
[2023-04-17T12:32:01.792-0400][gc,cpu      ] GC(527) User=0.02s Sys=0.02s Real=0.02s
[2023-04-17T12:32:54.909-0400][gc,start    ] GC(528) Pause Young (Normal) (G1 Evacuation Pause)
[2023-04-17T12:32:54.909-0400][gc,task     ] GC(528) Using 8 workers of 8 for evacuation
[2023-04-17T12:32:54.913-0400][gc,phases   ] GC(528)   Pre Evacuate Collection Set: 0.1ms
[2023-04-17T12:32:54.913-0400][gc,phases   ] GC(528)   Merge Heap Roots: 0.1ms
[2023-04-17T12:32:54.913-0400][gc,phases   ] GC(528)   Evacuate Collection Set: 3.4ms
[2023-04-17T12:32:54.913-0400][gc,phases   ] GC(528)   Post Evacuate Collection Set: 0.3ms
[2023-04-17T12:32:54.913-0400][gc,phases   ] GC(528)   Other: 0.1ms
[2023-04-17T12:32:54.913-0400][gc,heap     ] GC(528) Eden regions: 86->0(76)
[2023-04-17T12:32:54.913-0400][gc,heap     ] GC(528) Survivor regions: 6->8(12)
[2023-04-17T12:32:54.913-0400][gc,heap     ] GC(528) Old regions: 142->142
[2023-04-17T12:32:54.913-0400][gc,heap     ] GC(528) Archive regions: 2->2
[2023-04-17T12:32:54.913-0400][gc,heap     ] GC(528) Humongous regions: 129->129
[2023-04-17T12:32:54.913-0400][gc,metaspace] GC(528) Metaspace: 44156K(44928K)->44156K(44928K) NonClass: 39061K(39488K)->39061K(39488K) Class: 5095K(5440K)->5095K(5440K)
[2023-04-17T12:32:54.914-0400][gc          ] GC(528) Pause Young (Normal) (G1 Evacuation Pause) 363M->278M(1024M) 4.163ms
[2023-04-17T12:32:54.914-0400][gc,cpu      ] GC(528) User=0.02s Sys=0.00s Real=0.01s
[2023-04-17T12:33:42.780-0400][gc,start    ] GC(529) Pause Young (Normal) (G1 Evacuation Pause)
[2023-04-17T12:33:42.780-0400][gc,task     ] GC(529) Using 8 workers of 8 for evacuation
[2023-04-17T12:33:42.797-0400][gc,phases   ] GC(529)   Pre Evacuate Collection Set: 0.4ms
[2023-04-17T12:33:42.797-0400][gc,phases   ] GC(529)   Merge Heap Roots: 0.1ms
[2023-04-17T12:33:42.797-0400][gc,phases   ] GC(529)   Evacuate Collection Set: 15.6ms
[2023-04-17T12:33:42.797-0400][gc,phases   ] GC(529)   Post Evacuate Collection Set: 0.4ms
[2023-04-17T12:33:42.797-0400][gc,phases   ] GC(529)   Other: 0.1ms
[2023-04-17T12:33:42.797-0400][gc,heap     ] GC(529) Eden regions: 76->0(122)
[2023-04-17T12:33:42.797-0400][gc,heap     ] GC(529) Survivor regions: 8->7(11)
[2023-04-17T12:33:42.797-0400][gc,heap     ] GC(529) Old regions: 142->144
[2023-04-17T12:33:42.797-0400][gc,heap     ] GC(529) Archive regions: 2->2
[2023-04-17T12:33:42.797-0400][gc,heap     ] GC(529) Humongous regions: 129->129
[2023-04-17T12:33:42.797-0400][gc,metaspace] GC(529) Metaspace: 44156K(44928K)->44156K(44928K) NonClass: 39061K(39488K)->39061K(39488K) Class: 5095K(5440K)->5095K(5440K)
[2023-04-17T12:33:42.797-0400][gc          ] GC(529) Pause Young (Normal) (G1 Evacuation Pause) 354M->279M(1024M) 16.879ms
[2023-04-17T12:33:42.797-0400][gc,cpu      ] GC(529) User=0.03s Sys=0.01s Real=0.01s
[2023-04-17T12:34:56.197-0400][gc,start    ] GC(530) Pause Young (Normal) (G1 Evacuation Pause)
[2023-04-17T12:34:56.197-0400][gc,task     ] GC(530) Using 8 workers of 8 for evacuation
[2023-04-17T12:34:56.205-0400][gc,phases   ] GC(530)   Pre Evacuate Collection Set: 0.1ms
[2023-04-17T12:34:56.205-0400][gc,phases   ] GC(530)   Merge Heap Roots: 0.1ms
[2023-04-17T12:34:56.205-0400][gc,phases   ] GC(530)   Evacuate Collection Set: 5.5ms
[2023-04-17T12:34:56.205-0400][gc,phases   ] GC(530)   Post Evacuate Collection Set: 1.6ms
[2023-04-17T12:34:56.205-0400][gc,phases   ] GC(530)   Other: 0.1ms
[2023-04-17T12:34:56.205-0400][gc,heap     ] GC(530) Eden regions: 122->0(40)
[2023-04-17T12:34:56.205-0400][gc,heap     ] GC(530) Survivor regions: 7->11(17)
[2023-04-17T12:34:56.205-0400][gc,heap     ] GC(530) Old regions: 144->144
[2023-04-17T12:34:56.205-0400][gc,heap     ] GC(530) Archive regions: 2->2
[2023-04-17T12:34:56.205-0400][gc,heap     ] GC(530) Humongous regions: 129->129
[2023-04-17T12:34:56.205-0400][gc,metaspace] GC(530) Metaspace: 44156K(44928K)->44156K(44928K) NonClass: 39061K(39488K)->39061K(39488K) Class: 5095K(5440K)->5095K(5440K)
[2023-04-17T12:34:56.205-0400][gc          ] GC(530) Pause Young (Normal) (G1 Evacuation Pause) 401M->283M(1024M) 7.708ms
[2023-04-17T12:34:56.205-0400][gc,cpu      ] GC(530) User=0.03s Sys=0.00s Real=0.01s
[2023-04-17T12:35:20.840-0400][gc,start    ] GC(531) Pause Young (Normal) (G1 Evacuation Pause)
[2023-04-17T12:35:20.840-0400][gc,task     ] GC(531) Using 8 workers of 8 for evacuation
[2023-04-17T12:35:20.913-0400][gc,mmu      ] GC(531) MMU target violated: 21.0ms (20.0ms/21.0ms)
[2023-04-17T12:35:20.914-0400][gc,phases   ] GC(531)   Pre Evacuate Collection Set: 0.1ms
[2023-04-17T12:35:20.914-0400][gc,phases   ] GC(531)   Merge Heap Roots: 0.0ms
[2023-04-17T12:35:20.914-0400][gc,phases   ] GC(531)   Evacuate Collection Set: 73.0ms
[2023-04-17T12:35:20.914-0400][gc,phases   ] GC(531)   Post Evacuate Collection Set: 0.2ms
[2023-04-17T12:35:20.914-0400][gc,phases   ] GC(531)   Other: 0.2ms
[2023-04-17T12:35:20.914-0400][gc,heap     ] GC(531) Eden regions: 40->0(125)
[2023-04-17T12:35:20.914-0400][gc,heap     ] GC(531) Survivor regions: 11->2(7)
[2023-04-17T12:35:20.914-0400][gc,heap     ] GC(531) Old regions: 144->154
[2023-04-17T12:35:20.914-0400][gc,heap     ] GC(531) Archive regions: 2->2
[2023-04-17T12:35:20.914-0400][gc,heap     ] GC(531) Humongous regions: 129->129
[2023-04-17T12:35:20.914-0400][gc,metaspace] GC(531) Metaspace: 44156K(44928K)->44156K(44928K) NonClass: 39061K(39488K)->39061K(39488K) Class: 5095K(5440K)->5095K(5440K)
[2023-04-17T12:35:20.914-0400][gc          ] GC(531) Pause Young (Normal) (G1 Evacuation Pause) 323M->285M(1024M) 73.720ms
[2023-04-17T12:35:20.914-0400][gc,cpu      ] GC(531) User=0.04s Sys=0.08s Real=0.07s
[2023-04-17T12:36:38.228-0400][gc,start    ] GC(532) Pause Young (Normal) (G1 Evacuation Pause)
[2023-04-17T12:36:38.228-0400][gc,task     ] GC(532) Using 8 workers of 8 for evacuation
[2023-04-17T12:36:38.231-0400][gc,phases   ] GC(532)   Pre Evacuate Collection Set: 0.1ms
[2023-04-17T12:36:38.231-0400][gc,phases   ] GC(532)   Merge Heap Roots: 0.0ms
[2023-04-17T12:36:38.231-0400][gc,phases   ] GC(532)   Evacuate Collection Set: 2.3ms
[2023-04-17T12:36:38.231-0400][gc,phases   ] GC(532)   Post Evacuate Collection Set: 0.2ms
[2023-04-17T12:36:38.231-0400][gc,phases   ] GC(532)   Other: 0.2ms
[2023-04-17T12:36:38.231-0400][gc,heap     ] GC(532) Eden regions: 125->0(150)
[2023-04-17T12:36:38.231-0400][gc,heap     ] GC(532) Survivor regions: 2->3(16)
[2023-04-17T12:36:38.231-0400][gc,heap     ] GC(532) Old regions: 154->154
[2023-04-17T12:36:38.231-0400][gc,heap     ] GC(532) Archive regions: 2->2
[2023-04-17T12:36:38.231-0400][gc,heap     ] GC(532) Humongous regions: 129->129
[2023-04-17T12:36:38.231-0400][gc,metaspace] GC(532) Metaspace: 44156K(44928K)->44156K(44928K) NonClass: 39061K(39488K)->39061K(39488K) Class: 5095K(5440K)->5095K(5440K)
[2023-04-17T12:36:38.231-0400][gc          ] GC(532) Pause Young (Normal) (G1 Evacuation Pause) 410M->286M(1024M) 3.389ms
[2023-04-17T12:36:38.231-0400][gc,cpu      ] GC(532) User=0.01s Sys=0.00s Real=0.01s
[2023-04-17T12:38:13.022-0400][gc,start    ] GC(533) Pause Young (Normal) (G1 Evacuation Pause)
[2023-04-17T12:38:13.023-0400][gc,task     ] GC(533) Using 8 workers of 8 for evacuation
[2023-04-17T12:38:13.042-0400][gc,phases   ] GC(533)   Pre Evacuate Collection Set: 0.7ms
[2023-04-17T12:38:13.042-0400][gc,phases   ] GC(533)   Merge Heap Roots: 0.1ms
[2023-04-17T12:38:13.042-0400][gc,phases   ] GC(533)   Evacuate Collection Set: 16.9ms
[2023-04-17T12:38:13.042-0400][gc,phases   ] GC(533)   Post Evacuate Collection Set: 0.3ms
[2023-04-17T12:38:13.042-0400][gc,phases   ] GC(533)   Other: 1.3ms
[2023-04-17T12:38:13.042-0400][gc,heap     ] GC(533) Eden regions: 150->0(45)
[2023-04-17T12:38:13.042-0400][gc,heap     ] GC(533) Survivor regions: 3->6(20)
[2023-04-17T12:38:13.042-0400][gc,heap     ] GC(533) Old regions: 154->154
[2023-04-17T12:38:13.042-0400][gc,heap     ] GC(533) Archive regions: 2->2
[2023-04-17T12:38:13.042-0400][gc,heap     ] GC(533) Humongous regions: 129->129
[2023-04-17T12:38:13.042-0400][gc,metaspace] GC(533) Metaspace: 44156K(44928K)->44156K(44928K) NonClass: 39061K(39488K)->39061K(39488K) Class: 5095K(5440K)->5095K(5440K)
[2023-04-17T12:38:13.042-0400][gc          ] GC(533) Pause Young (Normal) (G1 Evacuation Pause) 436M->288M(1024M) 20.346ms
[2023-04-17T12:38:13.042-0400][gc,cpu      ] GC(533) User=0.02s Sys=0.03s Real=0.02s
[2023-04-17T12:38:40.722-0400][gc,start    ] GC(534) Pause Young (Normal) (G1 Evacuation Pause)
[2023-04-17T12:38:40.722-0400][gc,task     ] GC(534) Using 8 workers of 8 for evacuation
[2023-04-17T12:38:40.743-0400][gc,mmu      ] GC(534) MMU target violated: 20.6ms (20.0ms/21.0ms)
[2023-04-17T12:38:40.743-0400][gc,phases   ] GC(534)   Pre Evacuate Collection Set: 0.1ms
[2023-04-17T12:38:40.743-0400][gc,phases   ] GC(534)   Merge Heap Roots: 0.1ms
[2023-04-17T12:38:40.743-0400][gc,phases   ] GC(534)   Evacuate Collection Set: 19.7ms
[2023-04-17T12:38:40.743-0400][gc,phases   ] GC(534)   Post Evacuate Collection Set: 0.2ms
[2023-04-17T12:38:40.743-0400][gc,phases   ] GC(534)   Other: 0.7ms
[2023-04-17T12:38:40.743-0400][gc,heap     ] GC(534) Eden regions: 45->0(100)
[2023-04-17T12:38:40.743-0400][gc,heap     ] GC(534) Survivor regions: 6->4(7)
[2023-04-17T12:38:40.743-0400][gc,heap     ] GC(534) Old regions: 154->156
[2023-04-17T12:38:40.743-0400][gc,heap     ] GC(534) Archive regions: 2->2
[2023-04-17T12:38:40.743-0400][gc,heap     ] GC(534) Humongous regions: 129->129
[2023-04-17T12:38:40.743-0400][gc,metaspace] GC(534) Metaspace: 44156K(44928K)->44156K(44928K) NonClass: 39061K(39488K)->39061K(39488K) Class: 5095K(5440K)->5095K(5440K)
[2023-04-17T12:38:40.743-0400][gc          ] GC(534) Pause Young (Normal) (G1 Evacuation Pause) 333M->289M(1024M) 20.906ms
[2023-04-17T12:38:40.743-0400][gc,cpu      ] GC(534) User=0.02s Sys=0.02s Real=0.02s
[2023-04-17T12:39:42.955-0400][gc,start    ] GC(535) Pause Young (Normal) (G1 Evacuation Pause)
[2023-04-17T12:39:42.956-0400][gc,task     ] GC(535) Using 8 workers of 8 for evacuation
[2023-04-17T12:39:42.962-0400][gc,phases   ] GC(535)   Pre Evacuate Collection Set: 0.7ms
[2023-04-17T12:39:42.962-0400][gc,phases   ] GC(535)   Merge Heap Roots: 0.1ms
[2023-04-17T12:39:42.962-0400][gc,phases   ] GC(535)   Evacuate Collection Set: 4.7ms
[2023-04-17T12:39:42.962-0400][gc,phases   ] GC(535)   Post Evacuate Collection Set: 0.3ms
[2023-04-17T12:39:42.962-0400][gc,phases   ] GC(535)   Other: 0.1ms
[2023-04-17T12:39:42.962-0400][gc,heap     ] GC(535) Eden regions: 100->0(110)
[2023-04-17T12:39:42.962-0400][gc,heap     ] GC(535) Survivor regions: 4->5(13)
[2023-04-17T12:39:42.962-0400][gc,heap     ] GC(535) Old regions: 156->156
[2023-04-17T12:39:42.962-0400][gc,heap     ] GC(535) Archive regions: 2->2
[2023-04-17T12:39:42.962-0400][gc,heap     ] GC(535) Humongous regions: 129->129
[2023-04-17T12:39:42.962-0400][gc,metaspace] GC(535) Metaspace: 44156K(44928K)->44156K(44928K) NonClass: 39061K(39488K)->39061K(39488K) Class: 5095K(5440K)->5095K(5440K)
[2023-04-17T12:39:42.962-0400][gc          ] GC(535) Pause Young (Normal) (G1 Evacuation Pause) 389M->290M(1024M) 7.200ms
[2023-04-17T12:39:42.962-0400][gc,cpu      ] GC(535) User=0.02s Sys=0.00s Real=0.01s
[2023-04-17T12:40:51.321-0400][gc,start    ] GC(536) Pause Young (Normal) (G1 Evacuation Pause)
[2023-04-17T12:40:51.322-0400][gc,task     ] GC(536) Using 8 workers of 8 for evacuation
[2023-04-17T12:40:51.327-0400][gc,phases   ] GC(536)   Pre Evacuate Collection Set: 0.1ms
[2023-04-17T12:40:51.327-0400][gc,phases   ] GC(536)   Merge Heap Roots: 0.1ms
[2023-04-17T12:40:51.327-0400][gc,phases   ] GC(536)   Evacuate Collection Set: 3.9ms
[2023-04-17T12:40:51.327-0400][gc,phases   ] GC(536)   Post Evacuate Collection Set: 1.3ms
[2023-04-17T12:40:51.327-0400][gc,phases   ] GC(536)   Other: 0.1ms
[2023-04-17T12:40:51.327-0400][gc,heap     ] GC(536) Eden regions: 110->0(94)
[2023-04-17T12:40:51.327-0400][gc,heap     ] GC(536) Survivor regions: 5->7(15)
[2023-04-17T12:40:51.327-0400][gc,heap     ] GC(536) Old regions: 156->156
[2023-04-17T12:40:51.327-0400][gc,heap     ] GC(536) Archive regions: 2->2
[2023-04-17T12:40:51.327-0400][gc,heap     ] GC(536) Humongous regions: 129->129
[2023-04-17T12:40:51.327-0400][gc,metaspace] GC(536) Metaspace: 44156K(44928K)->44156K(44928K) NonClass: 39061K(39488K)->39061K(39488K) Class: 5095K(5440K)->5095K(5440K)
[2023-04-17T12:40:51.327-0400][gc          ] GC(536) Pause Young (Normal) (G1 Evacuation Pause) 400M->292M(1024M) 5.990ms
[2023-04-17T12:40:51.327-0400][gc,cpu      ] GC(536) User=0.02s Sys=0.01s Real=0.00s
[2023-04-17T12:41:49.596-0400][gc,start    ] GC(537) Pause Young (Normal) (G1 Evacuation Pause)
[2023-04-17T12:41:49.597-0400][gc,task     ] GC(537) Using 8 workers of 8 for evacuation
[2023-04-17T12:41:49.601-0400][gc,phases   ] GC(537)   Pre Evacuate Collection Set: 0.1ms
[2023-04-17T12:41:49.602-0400][gc,phases   ] GC(537)   Merge Heap Roots: 0.0ms
[2023-04-17T12:41:49.602-0400][gc,phases   ] GC(537)   Evacuate Collection Set: 3.9ms
[2023-04-17T12:41:49.602-0400][gc,phases   ] GC(537)   Post Evacuate Collection Set: 0.3ms
[2023-04-17T12:41:49.602-0400][gc,phases   ] GC(537)   Other: 0.1ms
[2023-04-17T12:41:49.602-0400][gc,heap     ] GC(537) Eden regions: 94->0(127)
[2023-04-17T12:41:49.602-0400][gc,heap     ] GC(537) Survivor regions: 7->8(13)
[2023-04-17T12:41:49.602-0400][gc,heap     ] GC(537) Old regions: 156->156
[2023-04-17T12:41:49.602-0400][gc,heap     ] GC(537) Archive regions: 2->2
[2023-04-17T12:41:49.602-0400][gc,heap     ] GC(537) Humongous regions: 129->129
[2023-04-17T12:41:49.602-0400][gc,metaspace] GC(537) Metaspace: 44156K(44928K)->44156K(44928K) NonClass: 39061K(39488K)->39061K(39488K) Class: 5095K(5440K)->5095K(5440K)
[2023-04-17T12:41:49.602-0400][gc          ] GC(537) Pause Young (Normal) (G1 Evacuation Pause) 386M->293M(1024M) 5.329ms
[2023-04-17T12:41:49.602-0400][gc,cpu      ] GC(537) User=0.03s Sys=0.00s Real=0.01s
[2023-04-17T12:43:07.487-0400][gc,start    ] GC(538) Pause Young (Normal) (G1 Evacuation Pause)
[2023-04-17T12:43:07.489-0400][gc,task     ] GC(538) Using 8 workers of 8 for evacuation
[2023-04-17T12:43:07.495-0400][gc,phases   ] GC(538)   Pre Evacuate Collection Set: 0.1ms
[2023-04-17T12:43:07.495-0400][gc,phases   ] GC(538)   Merge Heap Roots: 0.1ms
[2023-04-17T12:43:07.495-0400][gc,phases   ] GC(538)   Evacuate Collection Set: 5.5ms
[2023-04-17T12:43:07.495-0400][gc,phases   ] GC(538)   Post Evacuate Collection Set: 0.3ms
[2023-04-17T12:43:07.495-0400][gc,phases   ] GC(538)   Other: 0.1ms
[2023-04-17T12:43:07.495-0400][gc,heap     ] GC(538) Eden regions: 127->0(77)
[2023-04-17T12:43:07.495-0400][gc,heap     ] GC(538) Survivor regions: 8->11(17)
[2023-04-17T12:43:07.495-0400][gc,heap     ] GC(538) Old regions: 156->156
[2023-04-17T12:43:07.495-0400][gc,heap     ] GC(538) Archive regions: 2->2
[2023-04-17T12:43:07.495-0400][gc,heap     ] GC(538) Humongous regions: 129->129
[2023-04-17T12:43:07.495-0400][gc,metaspace] GC(538) Metaspace: 44156K(44928K)->44156K(44928K) NonClass: 39061K(39488K)->39061K(39488K) Class: 5095K(5440K)->5095K(5440K)
[2023-04-17T12:43:07.495-0400][gc          ] GC(538) Pause Young (Normal) (G1 Evacuation Pause) 420M->296M(1024M) 7.382ms
[2023-04-17T12:43:07.495-0400][gc,cpu      ] GC(538) User=0.04s Sys=0.00s Real=0.01s
[2023-04-17T12:43:55.399-0400][gc,start    ] GC(539) Pause Young (Normal) (G1 Evacuation Pause)
[2023-04-17T12:43:55.399-0400][gc,task     ] GC(539) Using 8 workers of 8 for evacuation
[2023-04-17T12:43:55.454-0400][gc,mmu      ] GC(539) MMU target violated: 21.0ms (20.0ms/21.0ms)
[2023-04-17T12:43:55.454-0400][gc,phases   ] GC(539)   Pre Evacuate Collection Set: 0.1ms
[2023-04-17T12:43:55.454-0400][gc,phases   ] GC(539)   Merge Heap Roots: 0.0ms
[2023-04-17T12:43:55.454-0400][gc,phases   ] GC(539)   Evacuate Collection Set: 54.0ms
[2023-04-17T12:43:55.454-0400][gc,phases   ] GC(539)   Post Evacuate Collection Set: 0.4ms
[2023-04-17T12:43:55.454-0400][gc,phases   ] GC(539)   Other: 0.2ms
[2023-04-17T12:43:55.454-0400][gc,heap     ] GC(539) Eden regions: 77->0(45)
[2023-04-17T12:43:55.454-0400][gc,heap     ] GC(539) Survivor regions: 11->6(11)
[2023-04-17T12:43:55.454-0400][gc,heap     ] GC(539) Old regions: 156->163
[2023-04-17T12:43:55.454-0400][gc,heap     ] GC(539) Archive regions: 2->2
[2023-04-17T12:43:55.454-0400][gc,heap     ] GC(539) Humongous regions: 129->129
[2023-04-17T12:43:55.454-0400][gc,metaspace] GC(539) Metaspace: 44156K(44928K)->44156K(44928K) NonClass: 39061K(39488K)->39061K(39488K) Class: 5095K(5440K)->5095K(5440K)
[2023-04-17T12:43:55.454-0400][gc          ] GC(539) Pause Young (Normal) (G1 Evacuation Pause) 373M->297M(1024M) 55.607ms
[2023-04-17T12:43:55.454-0400][gc,cpu      ] GC(539) User=0.04s Sys=0.05s Real=0.06s
[2023-04-17T12:44:23.911-0400][gc,start    ] GC(540) Pause Young (Normal) (G1 Evacuation Pause)
[2023-04-17T12:44:23.912-0400][gc,task     ] GC(540) Using 8 workers of 8 for evacuation
[2023-04-17T12:44:23.983-0400][gc,mmu      ] GC(540) MMU target violated: 21.0ms (20.0ms/21.0ms)
[2023-04-17T12:44:23.983-0400][gc,phases   ] GC(540)   Pre Evacuate Collection Set: 0.2ms
[2023-04-17T12:44:23.983-0400][gc,phases   ] GC(540)   Merge Heap Roots: 0.3ms
[2023-04-17T12:44:23.983-0400][gc,phases   ] GC(540)   Evacuate Collection Set: 65.6ms
[2023-04-17T12:44:23.983-0400][gc,phases   ] GC(540)   Post Evacuate Collection Set: 1.8ms
[2023-04-17T12:44:23.983-0400][gc,phases   ] GC(540)   Other: 3.7ms
[2023-04-17T12:44:23.983-0400][gc,heap     ] GC(540) Eden regions: 45->0(46)
[2023-04-17T12:44:23.983-0400][gc,heap     ] GC(540) Survivor regions: 6->5(7)
[2023-04-17T12:44:23.983-0400][gc,heap     ] GC(540) Old regions: 163->164
[2023-04-17T12:44:23.983-0400][gc,heap     ] GC(540) Archive regions: 2->2
[2023-04-17T12:44:23.984-0400][gc,heap     ] GC(540) Humongous regions: 129->129
[2023-04-17T12:44:23.984-0400][gc,metaspace] GC(540) Metaspace: 44156K(44928K)->44156K(44928K) NonClass: 39061K(39488K)->39061K(39488K) Class: 5095K(5440K)->5095K(5440K)
[2023-04-17T12:44:23.984-0400][gc          ] GC(540) Pause Young (Normal) (G1 Evacuation Pause) 342M->298M(1024M) 72.937ms
[2023-04-17T12:44:23.984-0400][gc,cpu      ] GC(540) User=0.03s Sys=0.03s Real=0.07s
[2023-04-17T12:44:53.896-0400][gc,start    ] GC(541) Pause Young (Normal) (G1 Evacuation Pause)
[2023-04-17T12:44:53.897-0400][gc,task     ] GC(541) Using 8 workers of 8 for evacuation
[2023-04-17T12:44:53.907-0400][gc,phases   ] GC(541)   Pre Evacuate Collection Set: 0.2ms
[2023-04-17T12:44:53.907-0400][gc,phases   ] GC(541)   Merge Heap Roots: 0.1ms
[2023-04-17T12:44:53.907-0400][gc,phases   ] GC(541)   Evacuate Collection Set: 9.6ms
[2023-04-17T12:44:53.907-0400][gc,phases   ] GC(541)   Post Evacuate Collection Set: 0.3ms
[2023-04-17T12:44:53.907-0400][gc,phases   ] GC(541)   Other: 0.2ms
[2023-04-17T12:44:53.907-0400][gc,heap     ] GC(541) Eden regions: 46->0(48)
[2023-04-17T12:44:53.907-0400][gc,heap     ] GC(541) Survivor regions: 5->3(7)
[2023-04-17T12:44:53.907-0400][gc,heap     ] GC(541) Old regions: 164->167
[2023-04-17T12:44:53.907-0400][gc,heap     ] GC(541) Archive regions: 2->2
[2023-04-17T12:44:53.907-0400][gc,heap     ] GC(541) Humongous regions: 129->129
[2023-04-17T12:44:53.907-0400][gc,metaspace] GC(541) Metaspace: 44156K(44928K)->44156K(44928K) NonClass: 39061K(39488K)->39061K(39488K) Class: 5095K(5440K)->5095K(5440K)
[2023-04-17T12:44:53.907-0400][gc          ] GC(541) Pause Young (Normal) (G1 Evacuation Pause) 344M->298M(1024M) 11.153ms
[2023-04-17T12:44:53.907-0400][gc,cpu      ] GC(541) User=0.03s Sys=0.02s Real=0.01s
[2023-04-17T12:45:24.944-0400][gc,start    ] GC(542) Pause Young (Normal) (G1 Evacuation Pause)
[2023-04-17T12:45:24.944-0400][gc,task     ] GC(542) Using 8 workers of 8 for evacuation
[2023-04-17T12:45:24.953-0400][gc,phases   ] GC(542)   Pre Evacuate Collection Set: 1.5ms
[2023-04-17T12:45:24.953-0400][gc,phases   ] GC(542)   Merge Heap Roots: 0.2ms
[2023-04-17T12:45:24.953-0400][gc,phases   ] GC(542)   Evacuate Collection Set: 5.0ms
[2023-04-17T12:45:24.953-0400][gc,phases   ] GC(542)   Post Evacuate Collection Set: 1.3ms
[2023-04-17T12:45:24.953-0400][gc,phases   ] GC(542)   Other: 0.6ms
[2023-04-17T12:45:24.953-0400][gc,heap     ] GC(542) Eden regions: 48->0(47)
[2023-04-17T12:45:24.953-0400][gc,heap     ] GC(542) Survivor regions: 3->4(7)
[2023-04-17T12:45:24.953-0400][gc,heap     ] GC(542) Old regions: 167->167
[2023-04-17T12:45:24.953-0400][gc,heap     ] GC(542) Archive regions: 2->2
[2023-04-17T12:45:24.953-0400][gc,heap     ] GC(542) Humongous regions: 129->129
[2023-04-17T12:45:24.953-0400][gc,metaspace] GC(542) Metaspace: 44156K(44928K)->44156K(44928K) NonClass: 39061K(39488K)->39061K(39488K) Class: 5095K(5440K)->5095K(5440K)
[2023-04-17T12:45:24.953-0400][gc          ] GC(542) Pause Young (Normal) (G1 Evacuation Pause) 346M->299M(1024M) 9.524ms
[2023-04-17T12:45:24.953-0400][gc,cpu      ] GC(542) User=0.02s Sys=0.02s Real=0.01s
[2023-04-17T12:45:54.600-0400][gc,start    ] GC(543) Pause Young (Normal) (G1 Evacuation Pause)
[2023-04-17T12:45:54.600-0400][gc,task     ] GC(543) Using 8 workers of 8 for evacuation
[2023-04-17T12:45:54.604-0400][gc,phases   ] GC(543)   Pre Evacuate Collection Set: 0.2ms
[2023-04-17T12:45:54.604-0400][gc,phases   ] GC(543)   Merge Heap Roots: 0.1ms
[2023-04-17T12:45:54.604-0400][gc,phases   ] GC(543)   Evacuate Collection Set: 3.4ms
[2023-04-17T12:45:54.604-0400][gc,phases   ] GC(543)   Post Evacuate Collection Set: 0.3ms
[2023-04-17T12:45:54.604-0400][gc,phases   ] GC(543)   Other: 0.1ms
[2023-04-17T12:45:54.604-0400][gc,heap     ] GC(543) Eden regions: 47->0(64)
[2023-04-17T12:45:54.604-0400][gc,heap     ] GC(543) Survivor regions: 4->4(7)
[2023-04-17T12:45:54.604-0400][gc,heap     ] GC(543) Old regions: 167->167
[2023-04-17T12:45:54.604-0400][gc,heap     ] GC(543) Archive regions: 2->2
[2023-04-17T12:45:54.604-0400][gc,heap     ] GC(543) Humongous regions: 129->129
[2023-04-17T12:45:54.604-0400][gc,metaspace] GC(543) Metaspace: 44156K(44928K)->44156K(44928K) NonClass: 39061K(39488K)->39061K(39488K) Class: 5095K(5440K)->5095K(5440K)
[2023-04-17T12:45:54.604-0400][gc          ] GC(543) Pause Young (Normal) (G1 Evacuation Pause) 346M->299M(1024M) 4.303ms
[2023-04-17T12:45:54.604-0400][gc,cpu      ] GC(543) User=0.02s Sys=0.00s Real=0.00s
[2023-04-17T12:46:34.927-0400][gc,start    ] GC(544) Pause Young (Normal) (G1 Evacuation Pause)
[2023-04-17T12:46:34.927-0400][gc,task     ] GC(544) Using 8 workers of 8 for evacuation
[2023-04-17T12:46:34.932-0400][gc,phases   ] GC(544)   Pre Evacuate Collection Set: 0.1ms
[2023-04-17T12:46:34.932-0400][gc,phases   ] GC(544)   Merge Heap Roots: 0.0ms
[2023-04-17T12:46:34.932-0400][gc,phases   ] GC(544)   Evacuate Collection Set: 4.8ms
[2023-04-17T12:46:34.932-0400][gc,phases   ] GC(544)   Post Evacuate Collection Set: 0.2ms
[2023-04-17T12:46:34.932-0400][gc,phases   ] GC(544)   Other: 0.1ms
[2023-04-17T12:46:34.932-0400][gc,heap     ] GC(544) Eden regions: 64->0(47)
[2023-04-17T12:46:34.932-0400][gc,heap     ] GC(544) Survivor regions: 4->5(9)
[2023-04-17T12:46:34.932-0400][gc,heap     ] GC(544) Old regions: 167->167
[2023-04-17T12:46:34.932-0400][gc,heap     ] GC(544) Archive regions: 2->2
[2023-04-17T12:46:34.932-0400][gc,heap     ] GC(544) Humongous regions: 129->129
[2023-04-17T12:46:34.932-0400][gc,metaspace] GC(544) Metaspace: 44156K(44928K)->44156K(44928K) NonClass: 39061K(39488K)->39061K(39488K) Class: 5095K(5440K)->5095K(5440K)
[2023-04-17T12:46:34.932-0400][gc          ] GC(544) Pause Young (Normal) (G1 Evacuation Pause) 363M->301M(1024M) 5.621ms
[2023-04-17T12:46:34.932-0400][gc,cpu      ] GC(544) User=0.02s Sys=0.00s Real=0.01s
[2023-04-17T12:47:04.044-0400][gc,start    ] GC(545) Pause Young (Normal) (G1 Evacuation Pause)
[2023-04-17T12:47:04.044-0400][gc,task     ] GC(545) Using 8 workers of 8 for evacuation
[2023-04-17T12:47:04.059-0400][gc,phases   ] GC(545)   Pre Evacuate Collection Set: 0.1ms
[2023-04-17T12:47:04.059-0400][gc,phases   ] GC(545)   Merge Heap Roots: 0.1ms
[2023-04-17T12:47:04.059-0400][gc,phases   ] GC(545)   Evacuate Collection Set: 15.1ms
[2023-04-17T12:47:04.059-0400][gc,phases   ] GC(545)   Post Evacuate Collection Set: 0.2ms
[2023-04-17T12:47:04.060-0400][gc,phases   ] GC(545)   Other: 0.1ms
[2023-04-17T12:47:04.060-0400][gc,heap     ] GC(545) Eden regions: 47->0(67)
[2023-04-17T12:47:04.060-0400][gc,heap     ] GC(545) Survivor regions: 5->5(7)
[2023-04-17T12:47:04.060-0400][gc,heap     ] GC(545) Old regions: 167->168
[2023-04-17T12:47:04.060-0400][gc,heap     ] GC(545) Archive regions: 2->2
[2023-04-17T12:47:04.060-0400][gc,heap     ] GC(545) Humongous regions: 129->129
[2023-04-17T12:47:04.060-0400][gc,metaspace] GC(545) Metaspace: 44156K(44928K)->44156K(44928K) NonClass: 39061K(39488K)->39061K(39488K) Class: 5095K(5440K)->5095K(5440K)
[2023-04-17T12:47:04.060-0400][gc          ] GC(545) Pause Young (Normal) (G1 Evacuation Pause) 348M->301M(1024M) 15.826ms
[2023-04-17T12:47:04.060-0400][gc,cpu      ] GC(545) User=0.03s Sys=0.01s Real=0.02s
[2023-04-17T12:47:46.022-0400][gc,start    ] GC(546) Pause Young (Normal) (G1 Evacuation Pause)
[2023-04-17T12:47:46.023-0400][gc,task     ] GC(546) Using 8 workers of 8 for evacuation
[2023-04-17T12:47:46.035-0400][gc,phases   ] GC(546)   Pre Evacuate Collection Set: 0.2ms
[2023-04-17T12:47:46.035-0400][gc,phases   ] GC(546)   Merge Heap Roots: 0.1ms
[2023-04-17T12:47:46.035-0400][gc,phases   ] GC(546)   Evacuate Collection Set: 11.2ms
[2023-04-17T12:47:46.035-0400][gc,phases   ] GC(546)   Post Evacuate Collection Set: 0.4ms
[2023-04-17T12:47:46.035-0400][gc,phases   ] GC(546)   Other: 0.1ms
[2023-04-17T12:47:46.035-0400][gc,heap     ] GC(546) Eden regions: 67->0(45)
[2023-04-17T12:47:46.035-0400][gc,heap     ] GC(546) Survivor regions: 5->6(9)
[2023-04-17T12:47:46.035-0400][gc,heap     ] GC(546) Old regions: 168->168
[2023-04-17T12:47:46.035-0400][gc,heap     ] GC(546) Archive regions: 2->2
[2023-04-17T12:47:46.035-0400][gc,heap     ] GC(546) Humongous regions: 129->129
[2023-04-17T12:47:46.035-0400][gc,metaspace] GC(546) Metaspace: 44156K(44928K)->44156K(44928K) NonClass: 39061K(39488K)->39061K(39488K) Class: 5095K(5440K)->5095K(5440K)
[2023-04-17T12:47:46.035-0400][gc          ] GC(546) Pause Young (Normal) (G1 Evacuation Pause) 368M->302M(1024M) 12.999ms
[2023-04-17T12:47:46.036-0400][gc,cpu      ] GC(546) User=0.02s Sys=0.03s Real=0.01s
[2023-04-17T12:48:14.602-0400][gc,start    ] GC(547) Pause Young (Normal) (G1 Evacuation Pause)
[2023-04-17T12:48:14.603-0400][gc,task     ] GC(547) Using 8 workers of 8 for evacuation
[2023-04-17T12:48:14.620-0400][gc,phases   ] GC(547)   Pre Evacuate Collection Set: 0.2ms
[2023-04-17T12:48:14.620-0400][gc,phases   ] GC(547)   Merge Heap Roots: 0.1ms
[2023-04-17T12:48:14.620-0400][gc,phases   ] GC(547)   Evacuate Collection Set: 16.1ms
[2023-04-17T12:48:14.620-0400][gc,phases   ] GC(547)   Post Evacuate Collection Set: 0.4ms
[2023-04-17T12:48:14.620-0400][gc,phases   ] GC(547)   Other: 0.1ms
[2023-04-17T12:48:14.620-0400][gc,heap     ] GC(547) Eden regions: 45->0(136)
[2023-04-17T12:48:14.620-0400][gc,heap     ] GC(547) Survivor regions: 6->4(7)
[2023-04-17T12:48:14.620-0400][gc,heap     ] GC(547) Old regions: 168->170
[2023-04-17T12:48:14.620-0400][gc,heap     ] GC(547) Archive regions: 2->2
[2023-04-17T12:48:14.620-0400][gc,heap     ] GC(547) Humongous regions: 129->129
[2023-04-17T12:48:14.620-0400][gc,metaspace] GC(547) Metaspace: 44156K(44928K)->44156K(44928K) NonClass: 39061K(39488K)->39061K(39488K) Class: 5095K(5440K)->5095K(5440K)
[2023-04-17T12:48:14.620-0400][gc          ] GC(547) Pause Young (Normal) (G1 Evacuation Pause) 347M->303M(1024M) 17.883ms
[2023-04-17T12:48:14.620-0400][gc,cpu      ] GC(547) User=0.03s Sys=0.03s Real=0.02s
[2023-04-17T12:49:40.458-0400][gc,start    ] GC(548) Pause Young (Normal) (G1 Evacuation Pause)
[2023-04-17T12:49:40.459-0400][gc,task     ] GC(548) Using 8 workers of 8 for evacuation
[2023-04-17T12:49:40.507-0400][gc,mmu      ] GC(548) MMU target violated: 21.0ms (20.0ms/21.0ms)
[2023-04-17T12:49:40.507-0400][gc,phases   ] GC(548)   Pre Evacuate Collection Set: 2.5ms
[2023-04-17T12:49:40.507-0400][gc,phases   ] GC(548)   Merge Heap Roots: 0.3ms
[2023-04-17T12:49:40.507-0400][gc,phases   ] GC(548)   Evacuate Collection Set: 40.1ms
[2023-04-17T12:49:40.507-0400][gc,phases   ] GC(548)   Post Evacuate Collection Set: 2.4ms
[2023-04-17T12:49:40.507-0400][gc,phases   ] GC(548)   Other: 2.4ms
[2023-04-17T12:49:40.507-0400][gc,heap     ] GC(548) Eden regions: 136->0(45)
[2023-04-17T12:49:40.507-0400][gc,heap     ] GC(548) Survivor regions: 4->6(18)
[2023-04-17T12:49:40.507-0400][gc,heap     ] GC(548) Old regions: 170->170
[2023-04-17T12:49:40.507-0400][gc,heap     ] GC(548) Archive regions: 2->2
[2023-04-17T12:49:40.507-0400][gc,heap     ] GC(548) Humongous regions: 129->129
[2023-04-17T12:49:40.507-0400][gc,metaspace] GC(548) Metaspace: 44156K(44928K)->44156K(44928K) NonClass: 39061K(39488K)->39061K(39488K) Class: 5095K(5440K)->5095K(5440K)
[2023-04-17T12:49:40.507-0400][gc          ] GC(548) Pause Young (Normal) (G1 Evacuation Pause) 439M->305M(1024M) 48.799ms
[2023-04-17T12:49:40.507-0400][gc,cpu      ] GC(548) User=0.03s Sys=0.04s Real=0.05s
[2023-04-17T12:50:08.520-0400][gc,start    ] GC(549) Pause Young (Normal) (G1 Evacuation Pause)
[2023-04-17T12:50:08.521-0400][gc,task     ] GC(549) Using 8 workers of 8 for evacuation
[2023-04-17T12:50:08.538-0400][gc,phases   ] GC(549)   Pre Evacuate Collection Set: 0.2ms
[2023-04-17T12:50:08.538-0400][gc,phases   ] GC(549)   Merge Heap Roots: 0.1ms
[2023-04-17T12:50:08.538-0400][gc,phases   ] GC(549)   Evacuate Collection Set: 16.2ms
[2023-04-17T12:50:08.538-0400][gc,phases   ] GC(549)   Post Evacuate Collection Set: 0.4ms
[2023-04-17T12:50:08.538-0400][gc,phases   ] GC(549)   Other: 0.7ms
[2023-04-17T12:50:08.538-0400][gc,heap     ] GC(549) Eden regions: 45->0(47)
[2023-04-17T12:50:08.538-0400][gc,heap     ] GC(549) Survivor regions: 6->4(7)
[2023-04-17T12:50:08.538-0400][gc,heap     ] GC(549) Old regions: 170->173
[2023-04-17T12:50:08.538-0400][gc,heap     ] GC(549) Archive regions: 2->2
[2023-04-17T12:50:08.538-0400][gc,heap     ] GC(549) Humongous regions: 129->129
[2023-04-17T12:50:08.539-0400][gc,metaspace] GC(549) Metaspace: 44156K(44928K)->44156K(44928K) NonClass: 39061K(39488K)->39061K(39488K) Class: 5095K(5440K)->5095K(5440K)
[2023-04-17T12:50:08.539-0400][gc          ] GC(549) Pause Young (Normal) (G1 Evacuation Pause) 350M->306M(1024M) 18.733ms
[2023-04-17T12:50:08.539-0400][gc,cpu      ] GC(549) User=0.03s Sys=0.02s Real=0.01s
[2023-04-17T12:50:37.862-0400][gc,start    ] GC(550) Pause Young (Normal) (G1 Evacuation Pause)
[2023-04-17T12:50:37.863-0400][gc,task     ] GC(550) Using 8 workers of 8 for evacuation
[2023-04-17T12:50:37.868-0400][gc,phases   ] GC(550)   Pre Evacuate Collection Set: 0.1ms
[2023-04-17T12:50:37.868-0400][gc,phases   ] GC(550)   Merge Heap Roots: 0.1ms
[2023-04-17T12:50:37.868-0400][gc,phases   ] GC(550)   Evacuate Collection Set: 4.4ms
[2023-04-17T12:50:37.868-0400][gc,phases   ] GC(550)   Post Evacuate Collection Set: 0.3ms
[2023-04-17T12:50:37.868-0400][gc,phases   ] GC(550)   Other: 0.1ms
[2023-04-17T12:50:37.868-0400][gc,heap     ] GC(550) Eden regions: 47->0(87)
[2023-04-17T12:50:37.868-0400][gc,heap     ] GC(550) Survivor regions: 4->4(7)
[2023-04-17T12:50:37.868-0400][gc,heap     ] GC(550) Old regions: 173->174
[2023-04-17T12:50:37.868-0400][gc,heap     ] GC(550) Archive regions: 2->2
[2023-04-17T12:50:37.868-0400][gc,heap     ] GC(550) Humongous regions: 129->129
[2023-04-17T12:50:37.868-0400][gc,metaspace] GC(550) Metaspace: 44156K(44928K)->44156K(44928K) NonClass: 39061K(39488K)->39061K(39488K) Class: 5095K(5440K)->5095K(5440K)
[2023-04-17T12:50:37.868-0400][gc          ] GC(550) Pause Young (Normal) (G1 Evacuation Pause) 353M->307M(1024M) 5.593ms
[2023-04-17T12:50:37.868-0400][gc,cpu      ] GC(550) User=0.02s Sys=0.00s Real=0.00s
[2023-04-17T12:51:32.112-0400][gc,start    ] GC(551) Pause Young (Normal) (G1 Evacuation Pause)
[2023-04-17T12:51:32.112-0400][gc,task     ] GC(551) Using 8 workers of 8 for evacuation
[2023-04-17T12:51:32.118-0400][gc,phases   ] GC(551)   Pre Evacuate Collection Set: 0.3ms
[2023-04-17T12:51:32.118-0400][gc,phases   ] GC(551)   Merge Heap Roots: 0.1ms
[2023-04-17T12:51:32.118-0400][gc,phases   ] GC(551)   Evacuate Collection Set: 4.1ms
[2023-04-17T12:51:32.118-0400][gc,phases   ] GC(551)   Post Evacuate Collection Set: 0.3ms
[2023-04-17T12:51:32.118-0400][gc,phases   ] GC(551)   Other: 1.0ms
[2023-04-17T12:51:32.118-0400][gc,heap     ] GC(551) Eden regions: 87->0(59)
[2023-04-17T12:51:32.118-0400][gc,heap     ] GC(551) Survivor regions: 4->6(12)
[2023-04-17T12:51:32.118-0400][gc,heap     ] GC(551) Old regions: 174->174
[2023-04-17T12:51:32.118-0400][gc,heap     ] GC(551) Archive regions: 2->2
[2023-04-17T12:51:32.118-0400][gc,heap     ] GC(551) Humongous regions: 129->129
[2023-04-17T12:51:32.118-0400][gc,metaspace] GC(551) Metaspace: 44156K(44928K)->44156K(44928K) NonClass: 39061K(39488K)->39061K(39488K) Class: 5095K(5440K)->5095K(5440K)
[2023-04-17T12:51:32.118-0400][gc          ] GC(551) Pause Young (Normal) (G1 Evacuation Pause) 394M->308M(1024M) 6.516ms
[2023-04-17T12:51:32.118-0400][gc,cpu      ] GC(551) User=0.02s Sys=0.01s Real=0.00s
[2023-04-17T12:52:09.342-0400][gc,start    ] GC(552) Pause Young (Normal) (G1 Evacuation Pause)
[2023-04-17T12:52:09.342-0400][gc,task     ] GC(552) Using 8 workers of 8 for evacuation
[2023-04-17T12:52:09.360-0400][gc,phases   ] GC(552)   Pre Evacuate Collection Set: 0.2ms
[2023-04-17T12:52:09.360-0400][gc,phases   ] GC(552)   Merge Heap Roots: 0.1ms
[2023-04-17T12:52:09.360-0400][gc,phases   ] GC(552)   Evacuate Collection Set: 17.3ms
[2023-04-17T12:52:09.360-0400][gc,phases   ] GC(552)   Post Evacuate Collection Set: 0.2ms
[2023-04-17T12:52:09.360-0400][gc,phases   ] GC(552)   Other: 0.1ms
[2023-04-17T12:52:09.360-0400][gc,heap     ] GC(552) Eden regions: 59->0(110)
[2023-04-17T12:52:09.360-0400][gc,heap     ] GC(552) Survivor regions: 6->5(9)
[2023-04-17T12:52:09.360-0400][gc,heap     ] GC(552) Old regions: 174->176
[2023-04-17T12:52:09.360-0400][gc,heap     ] GC(552) Archive regions: 2->2
[2023-04-17T12:52:09.361-0400][gc,heap     ] GC(552) Humongous regions: 129->129
[2023-04-17T12:52:09.361-0400][gc,metaspace] GC(552) Metaspace: 44156K(44928K)->44156K(44928K) NonClass: 39061K(39488K)->39061K(39488K) Class: 5095K(5440K)->5095K(5440K)
[2023-04-17T12:52:09.361-0400][gc          ] GC(552) Pause Young (Normal) (G1 Evacuation Pause) 367M->309M(1024M) 18.207ms
[2023-04-17T12:52:09.361-0400][gc,cpu      ] GC(552) User=0.03s Sys=0.02s Real=0.02s
[2023-04-17T12:53:18.494-0400][gc,start    ] GC(553) Pause Young (Normal) (G1 Evacuation Pause)
[2023-04-17T12:53:18.495-0400][gc,task     ] GC(553) Using 8 workers of 8 for evacuation
[2023-04-17T12:53:18.502-0400][gc,phases   ] GC(553)   Pre Evacuate Collection Set: 0.1ms
[2023-04-17T12:53:18.502-0400][gc,phases   ] GC(553)   Merge Heap Roots: 0.1ms
[2023-04-17T12:53:18.502-0400][gc,phases   ] GC(553)   Evacuate Collection Set: 6.2ms
[2023-04-17T12:53:18.502-0400][gc,phases   ] GC(553)   Post Evacuate Collection Set: 0.4ms
[2023-04-17T12:53:18.502-0400][gc,phases   ] GC(553)   Other: 0.2ms
[2023-04-17T12:53:18.502-0400][gc,heap     ] GC(553) Eden regions: 110->0(118)
[2023-04-17T12:53:18.502-0400][gc,heap     ] GC(553) Survivor regions: 5->6(15)
[2023-04-17T12:53:18.502-0400][gc,heap     ] GC(553) Old regions: 176->176
[2023-04-17T12:53:18.502-0400][gc,heap     ] GC(553) Archive regions: 2->2
[2023-04-17T12:53:18.502-0400][gc,heap     ] GC(553) Humongous regions: 129->129
[2023-04-17T12:53:18.502-0400][gc,metaspace] GC(553) Metaspace: 44156K(44928K)->44156K(44928K) NonClass: 39061K(39488K)->39061K(39488K) Class: 5095K(5440K)->5095K(5440K)
[2023-04-17T12:53:18.502-0400][gc          ] GC(553) Pause Young (Normal) (G1 Evacuation Pause) 419M->311M(1024M) 8.167ms
[2023-04-17T12:53:18.502-0400][gc,cpu      ] GC(553) User=0.03s Sys=0.01s Real=0.01s
[2023-04-17T12:54:36.380-0400][gc,start    ] GC(554) Pause Young (Normal) (G1 Evacuation Pause)
[2023-04-17T12:54:36.381-0400][gc,task     ] GC(554) Using 8 workers of 8 for evacuation
[2023-04-17T12:54:36.430-0400][gc,mmu      ] GC(554) MMU target violated: 21.0ms (20.0ms/21.0ms)
[2023-04-17T12:54:36.430-0400][gc,phases   ] GC(554)   Pre Evacuate Collection Set: 4.5ms
[2023-04-17T12:54:36.430-0400][gc,phases   ] GC(554)   Merge Heap Roots: 1.6ms
[2023-04-17T12:54:36.430-0400][gc,phases   ] GC(554)   Evacuate Collection Set: 38.7ms
[2023-04-17T12:54:36.430-0400][gc,phases   ] GC(554)   Post Evacuate Collection Set: 2.0ms
[2023-04-17T12:54:36.430-0400][gc,phases   ] GC(554)   Other: 3.0ms
[2023-04-17T12:54:36.430-0400][gc,heap     ] GC(554) Eden regions: 118->0(43)
[2023-04-17T12:54:36.430-0400][gc,heap     ] GC(554) Survivor regions: 6->8(16)
[2023-04-17T12:54:36.431-0400][gc,heap     ] GC(554) Old regions: 176->176
[2023-04-17T12:54:36.431-0400][gc,heap     ] GC(554) Archive regions: 2->2
[2023-04-17T12:54:36.431-0400][gc,heap     ] GC(554) Humongous regions: 129->129
[2023-04-17T12:54:36.431-0400][gc,metaspace] GC(554) Metaspace: 44156K(44928K)->44156K(44928K) NonClass: 39061K(39488K)->39061K(39488K) Class: 5095K(5440K)->5095K(5440K)
[2023-04-17T12:54:36.431-0400][gc          ] GC(554) Pause Young (Normal) (G1 Evacuation Pause) 429M->313M(1024M) 50.771ms
[2023-04-17T12:54:36.431-0400][gc,cpu      ] GC(554) User=0.05s Sys=0.08s Real=0.05s
[2023-04-17T12:55:03.896-0400][gc,start    ] GC(555) Pause Young (Normal) (G1 Evacuation Pause)
[2023-04-17T12:55:03.897-0400][gc,task     ] GC(555) Using 8 workers of 8 for evacuation
[2023-04-17T12:55:03.955-0400][gc,mmu      ] GC(555) MMU target violated: 21.0ms (20.0ms/21.0ms)
[2023-04-17T12:55:03.955-0400][gc,phases   ] GC(555)   Pre Evacuate Collection Set: 0.3ms
[2023-04-17T12:55:03.956-0400][gc,phases   ] GC(555)   Merge Heap Roots: 0.1ms
[2023-04-17T12:55:03.956-0400][gc,phases   ] GC(555)   Evacuate Collection Set: 57.1ms
[2023-04-17T12:55:03.956-0400][gc,phases   ] GC(555)   Post Evacuate Collection Set: 0.9ms
[2023-04-17T12:55:03.956-0400][gc,phases   ] GC(555)   Other: 0.2ms
[2023-04-17T12:55:03.956-0400][gc,heap     ] GC(555) Eden regions: 43->0(47)
[2023-04-17T12:55:03.956-0400][gc,heap     ] GC(555) Survivor regions: 8->4(7)
[2023-04-17T12:55:03.956-0400][gc,heap     ] GC(555) Old regions: 176->182
[2023-04-17T12:55:03.956-0400][gc,heap     ] GC(555) Archive regions: 2->2
[2023-04-17T12:55:03.956-0400][gc,heap     ] GC(555) Humongous regions: 129->129
[2023-04-17T12:55:03.956-0400][gc,metaspace] GC(555) Metaspace: 44156K(44928K)->44156K(44928K) NonClass: 39061K(39488K)->39061K(39488K) Class: 5095K(5440K)->5095K(5440K)
[2023-04-17T12:55:03.956-0400][gc          ] GC(555) Pause Young (Normal) (G1 Evacuation Pause) 356M->314M(1024M) 59.495ms
[2023-04-17T12:55:03.956-0400][gc,cpu      ] GC(555) User=0.05s Sys=0.05s Real=0.06s
[2023-04-17T12:55:33.684-0400][gc,start    ] GC(556) Pause Young (Normal) (G1 Evacuation Pause)
[2023-04-17T12:55:33.684-0400][gc,task     ] GC(556) Using 8 workers of 8 for evacuation
[2023-04-17T12:55:33.702-0400][gc,phases   ] GC(556)   Pre Evacuate Collection Set: 4.1ms
[2023-04-17T12:55:33.702-0400][gc,phases   ] GC(556)   Merge Heap Roots: 1.9ms
[2023-04-17T12:55:33.702-0400][gc,phases   ] GC(556)   Evacuate Collection Set: 9.6ms
[2023-04-17T12:55:33.702-0400][gc,phases   ] GC(556)   Post Evacuate Collection Set: 1.1ms
[2023-04-17T12:55:33.702-0400][gc,phases   ] GC(556)   Other: 1.0ms
[2023-04-17T12:55:33.702-0400][gc,heap     ] GC(556) Eden regions: 47->0(47)
[2023-04-17T12:55:33.702-0400][gc,heap     ] GC(556) Survivor regions: 4->4(7)
[2023-04-17T12:55:33.702-0400][gc,heap     ] GC(556) Old regions: 182->182
[2023-04-17T12:55:33.702-0400][gc,heap     ] GC(556) Archive regions: 2->2
[2023-04-17T12:55:33.702-0400][gc,heap     ] GC(556) Humongous regions: 129->129
[2023-04-17T12:55:33.702-0400][gc,metaspace] GC(556) Metaspace: 44156K(44928K)->44156K(44928K) NonClass: 39061K(39488K)->39061K(39488K) Class: 5095K(5440K)->5095K(5440K)
[2023-04-17T12:55:33.702-0400][gc          ] GC(556) Pause Young (Normal) (G1 Evacuation Pause) 361M->314M(1024M) 18.028ms
[2023-04-17T12:55:33.702-0400][gc,cpu      ] GC(556) User=0.02s Sys=0.01s Real=0.02s
[2023-04-17T12:56:07.766-0400][gc,start    ] GC(557) Pause Young (Normal) (G1 Evacuation Pause)
[2023-04-17T12:56:07.766-0400][gc,task     ] GC(557) Using 8 workers of 8 for evacuation
[2023-04-17T12:56:07.781-0400][gc,phases   ] GC(557)   Pre Evacuate Collection Set: 0.2ms
[2023-04-17T12:56:07.781-0400][gc,phases   ] GC(557)   Merge Heap Roots: 0.1ms
[2023-04-17T12:56:07.781-0400][gc,phases   ] GC(557)   Evacuate Collection Set: 13.2ms
[2023-04-17T12:56:07.781-0400][gc,phases   ] GC(557)   Post Evacuate Collection Set: 0.5ms
[2023-04-17T12:56:07.781-0400][gc,phases   ] GC(557)   Other: 0.8ms
[2023-04-17T12:56:07.781-0400][gc,heap     ] GC(557) Eden regions: 47->0(91)
[2023-04-17T12:56:07.781-0400][gc,heap     ] GC(557) Survivor regions: 4->3(7)
[2023-04-17T12:56:07.781-0400][gc,heap     ] GC(557) Old regions: 182->183
[2023-04-17T12:56:07.781-0400][gc,heap     ] GC(557) Archive regions: 2->2
[2023-04-17T12:56:07.781-0400][gc,heap     ] GC(557) Humongous regions: 129->129
[2023-04-17T12:56:07.781-0400][gc,metaspace] GC(557) Metaspace: 44156K(44928K)->44156K(44928K) NonClass: 39061K(39488K)->39061K(39488K) Class: 5095K(5440K)->5095K(5440K)
[2023-04-17T12:56:07.781-0400][gc          ] GC(557) Pause Young (Normal) (G1 Evacuation Pause) 361M->315M(1024M) 15.883ms
[2023-04-17T12:56:07.781-0400][gc,cpu      ] GC(557) User=0.03s Sys=0.04s Real=0.02s
[2023-04-17T12:57:06.865-0400][gc,start    ] GC(558) Pause Young (Normal) (G1 Evacuation Pause)
[2023-04-17T12:57:06.866-0400][gc,task     ] GC(558) Using 8 workers of 8 for evacuation
[2023-04-17T12:57:06.875-0400][gc,phases   ] GC(558)   Pre Evacuate Collection Set: 0.9ms
[2023-04-17T12:57:06.875-0400][gc,phases   ] GC(558)   Merge Heap Roots: 0.1ms
[2023-04-17T12:57:06.875-0400][gc,phases   ] GC(558)   Evacuate Collection Set: 7.5ms
[2023-04-17T12:57:06.875-0400][gc,phases   ] GC(558)   Post Evacuate Collection Set: 0.4ms
[2023-04-17T12:57:06.875-0400][gc,phases   ] GC(558)   Other: 0.8ms
[2023-04-17T12:57:06.875-0400][gc,heap     ] GC(558) Eden regions: 91->0(93)
[2023-04-17T12:57:06.875-0400][gc,heap     ] GC(558) Survivor regions: 3->4(12)
[2023-04-17T12:57:06.875-0400][gc,heap     ] GC(558) Old regions: 183->183
[2023-04-17T12:57:06.875-0400][gc,heap     ] GC(558) Archive regions: 2->2
[2023-04-17T12:57:06.875-0400][gc,heap     ] GC(558) Humongous regions: 129->129
[2023-04-17T12:57:06.875-0400][gc,metaspace] GC(558) Metaspace: 44156K(44928K)->44156K(44928K) NonClass: 39061K(39488K)->39061K(39488K) Class: 5095K(5440K)->5095K(5440K)
[2023-04-17T12:57:06.875-0400][gc          ] GC(558) Pause Young (Normal) (G1 Evacuation Pause) 406M->316M(1024M) 10.590ms
[2023-04-17T12:57:06.875-0400][gc,cpu      ] GC(558) User=0.02s Sys=0.02s Real=0.01s
[2023-04-17T12:58:37.382-0400][gc,start    ] GC(559) Pause Young (Normal) (G1 Evacuation Pause)
[2023-04-17T12:58:37.383-0400][gc,task     ] GC(559) Using 8 workers of 8 for evacuation
[2023-04-17T12:58:37.392-0400][gc,phases   ] GC(559)   Pre Evacuate Collection Set: 0.2ms
[2023-04-17T12:58:37.392-0400][gc,phases   ] GC(559)   Merge Heap Roots: 0.1ms
[2023-04-17T12:58:37.392-0400][gc,phases   ] GC(559)   Evacuate Collection Set: 7.9ms
[2023-04-17T12:58:37.392-0400][gc,phases   ] GC(559)   Post Evacuate Collection Set: 0.3ms
[2023-04-17T12:58:37.392-0400][gc,phases   ] GC(559)   Other: 0.1ms
[2023-04-17T12:58:37.392-0400][gc,heap     ] GC(559) Eden regions: 93->0(87)
[2023-04-17T12:58:37.392-0400][gc,heap     ] GC(559) Survivor regions: 4->5(13)
[2023-04-17T12:58:37.392-0400][gc,heap     ] GC(559) Old regions: 183->183
[2023-04-17T12:58:37.392-0400][gc,heap     ] GC(559) Archive regions: 2->2
[2023-04-17T12:58:37.392-0400][gc,heap     ] GC(559) Humongous regions: 129->129
[2023-04-17T12:58:37.392-0400][gc,metaspace] GC(559) Metaspace: 44158K(44928K)->44158K(44928K) NonClass: 39063K(39488K)->39063K(39488K) Class: 5095K(5440K)->5095K(5440K)
[2023-04-17T12:58:37.392-0400][gc          ] GC(559) Pause Young (Normal) (G1 Evacuation Pause) 409M->317M(1024M) 9.815ms
[2023-04-17T12:58:37.392-0400][gc,cpu      ] GC(559) User=0.02s Sys=0.02s Real=0.01s
[2023-04-17T12:59:33.232-0400][gc,start    ] GC(560) Pause Young (Normal) (G1 Evacuation Pause)
[2023-04-17T12:59:33.234-0400][gc,task     ] GC(560) Using 8 workers of 8 for evacuation
[2023-04-17T12:59:33.240-0400][gc,phases   ] GC(560)   Pre Evacuate Collection Set: 2.8ms
[2023-04-17T12:59:33.241-0400][gc,phases   ] GC(560)   Merge Heap Roots: 0.1ms
[2023-04-17T12:59:33.241-0400][gc,phases   ] GC(560)   Evacuate Collection Set: 3.6ms
[2023-04-17T12:59:33.241-0400][gc,phases   ] GC(560)   Post Evacuate Collection Set: 0.3ms
[2023-04-17T12:59:33.241-0400][gc,phases   ] GC(560)   Other: 0.1ms
[2023-04-17T12:59:33.241-0400][gc,heap     ] GC(560) Eden regions: 87->0(103)
[2023-04-17T12:59:33.241-0400][gc,heap     ] GC(560) Survivor regions: 5->6(12)
[2023-04-17T12:59:33.241-0400][gc,heap     ] GC(560) Old regions: 183->183
[2023-04-17T12:59:33.241-0400][gc,heap     ] GC(560) Archive regions: 2->2
[2023-04-17T12:59:33.241-0400][gc,heap     ] GC(560) Humongous regions: 129->129
[2023-04-17T12:59:33.241-0400][gc,metaspace] GC(560) Metaspace: 44158K(44928K)->44158K(44928K) NonClass: 39063K(39488K)->39063K(39488K) Class: 5095K(5440K)->5095K(5440K)
[2023-04-17T12:59:33.241-0400][gc          ] GC(560) Pause Young (Normal) (G1 Evacuation Pause) 404M->318M(1024M) 8.440ms
[2023-04-17T12:59:33.241-0400][gc,cpu      ] GC(560) User=0.02s Sys=0.00s Real=0.01s
[2023-04-17T13:00:39.593-0400][gc,start    ] GC(561) Pause Young (Normal) (G1 Evacuation Pause)
[2023-04-17T13:00:39.595-0400][gc,task     ] GC(561) Using 8 workers of 8 for evacuation
[2023-04-17T13:00:39.616-0400][gc,mmu      ] GC(561) MMU target violated: 20.8ms (20.0ms/21.0ms)
[2023-04-17T13:00:39.617-0400][gc,phases   ] GC(561)   Pre Evacuate Collection Set: 0.8ms
[2023-04-17T13:00:39.617-0400][gc,phases   ] GC(561)   Merge Heap Roots: 0.1ms
[2023-04-17T13:00:39.617-0400][gc,phases   ] GC(561)   Evacuate Collection Set: 18.6ms
[2023-04-17T13:00:39.617-0400][gc,phases   ] GC(561)   Post Evacuate Collection Set: 1.2ms
[2023-04-17T13:00:39.617-0400][gc,phases   ] GC(561)   Other: 0.9ms
[2023-04-17T13:00:39.617-0400][gc,heap     ] GC(561) Eden regions: 103->0(44)
[2023-04-17T13:00:39.617-0400][gc,heap     ] GC(561) Survivor regions: 6->7(14)
[2023-04-17T13:00:39.617-0400][gc,heap     ] GC(561) Old regions: 183->183
[2023-04-17T13:00:39.617-0400][gc,heap     ] GC(561) Archive regions: 2->2
[2023-04-17T13:00:39.617-0400][gc,heap     ] GC(561) Humongous regions: 129->129
[2023-04-17T13:00:39.617-0400][gc,metaspace] GC(561) Metaspace: 44158K(44928K)->44158K(44928K) NonClass: 39063K(39488K)->39063K(39488K) Class: 5095K(5440K)->5095K(5440K)
[2023-04-17T13:00:39.617-0400][gc          ] GC(561) Pause Young (Normal) (G1 Evacuation Pause) 421M->319M(1024M) 24.356ms
[2023-04-17T13:00:39.617-0400][gc,cpu      ] GC(561) User=0.03s Sys=0.04s Real=0.02s
[2023-04-17T13:01:06.879-0400][gc,start    ] GC(562) Pause Young (Normal) (G1 Evacuation Pause)
[2023-04-17T13:01:06.879-0400][gc,task     ] GC(562) Using 8 workers of 8 for evacuation
[2023-04-17T13:01:06.918-0400][gc,mmu      ] GC(562) MMU target violated: 21.0ms (20.0ms/21.0ms)
[2023-04-17T13:01:06.918-0400][gc,phases   ] GC(562)   Pre Evacuate Collection Set: 0.1ms
[2023-04-17T13:01:06.918-0400][gc,phases   ] GC(562)   Merge Heap Roots: 0.1ms
[2023-04-17T13:01:06.918-0400][gc,phases   ] GC(562)   Evacuate Collection Set: 37.7ms
[2023-04-17T13:01:06.918-0400][gc,phases   ] GC(562)   Post Evacuate Collection Set: 0.2ms
[2023-04-17T13:01:06.918-0400][gc,phases   ] GC(562)   Other: 0.2ms
[2023-04-17T13:01:06.918-0400][gc,heap     ] GC(562) Eden regions: 44->0(77)
[2023-04-17T13:01:06.918-0400][gc,heap     ] GC(562) Survivor regions: 7->4(7)
[2023-04-17T13:01:06.918-0400][gc,heap     ] GC(562) Old regions: 183->187
[2023-04-17T13:01:06.918-0400][gc,heap     ] GC(562) Archive regions: 2->2
[2023-04-17T13:01:06.918-0400][gc,heap     ] GC(562) Humongous regions: 129->129
[2023-04-17T13:01:06.918-0400][gc,metaspace] GC(562) Metaspace: 44158K(44928K)->44158K(44928K) NonClass: 39063K(39488K)->39063K(39488K) Class: 5095K(5440K)->5095K(5440K)
[2023-04-17T13:01:06.918-0400][gc          ] GC(562) Pause Young (Normal) (G1 Evacuation Pause) 363M->319M(1024M) 38.596ms
[2023-04-17T13:01:06.918-0400][gc,cpu      ] GC(562) User=0.03s Sys=0.03s Real=0.04s
[2023-04-17T13:01:56.061-0400][gc,start    ] GC(563) Pause Young (Normal) (G1 Evacuation Pause)
[2023-04-17T13:01:56.061-0400][gc,task     ] GC(563) Using 8 workers of 8 for evacuation
[2023-04-17T13:01:56.067-0400][gc,phases   ] GC(563)   Pre Evacuate Collection Set: 0.1ms
[2023-04-17T13:01:56.067-0400][gc,phases   ] GC(563)   Merge Heap Roots: 0.1ms
[2023-04-17T13:01:56.067-0400][gc,phases   ] GC(563)   Evacuate Collection Set: 3.2ms
[2023-04-17T13:01:56.067-0400][gc,phases   ] GC(563)   Post Evacuate Collection Set: 1.3ms
[2023-04-17T13:01:56.067-0400][gc,phases   ] GC(563)   Other: 0.7ms
[2023-04-17T13:01:56.067-0400][gc,heap     ] GC(563) Eden regions: 77->0(67)
[2023-04-17T13:01:56.067-0400][gc,heap     ] GC(563) Survivor regions: 4->5(11)
[2023-04-17T13:01:56.067-0400][gc,heap     ] GC(563) Old regions: 187->187
[2023-04-17T13:01:56.067-0400][gc,heap     ] GC(563) Archive regions: 2->2
[2023-04-17T13:01:56.067-0400][gc,heap     ] GC(563) Humongous regions: 129->129
[2023-04-17T13:01:56.067-0400][gc,metaspace] GC(563) Metaspace: 44158K(44928K)->44158K(44928K) NonClass: 39063K(39488K)->39063K(39488K) Class: 5095K(5440K)->5095K(5440K)
[2023-04-17T13:01:56.068-0400][gc          ] GC(563) Pause Young (Normal) (G1 Evacuation Pause) 396M->321M(1024M) 6.460ms
[2023-04-17T13:01:56.068-0400][gc,cpu      ] GC(563) User=0.02s Sys=0.01s Real=0.00s
[2023-04-17T13:02:38.184-0400][gc,start    ] GC(564) Pause Young (Normal) (G1 Evacuation Pause)
[2023-04-17T13:02:38.185-0400][gc,task     ] GC(564) Using 8 workers of 8 for evacuation
[2023-04-17T13:02:38.192-0400][gc,phases   ] GC(564)   Pre Evacuate Collection Set: 0.2ms
[2023-04-17T13:02:38.192-0400][gc,phases   ] GC(564)   Merge Heap Roots: 0.1ms
[2023-04-17T13:02:38.192-0400][gc,phases   ] GC(564)   Evacuate Collection Set: 5.8ms
[2023-04-17T13:02:38.192-0400][gc,phases   ] GC(564)   Post Evacuate Collection Set: 0.5ms
[2023-04-17T13:02:38.192-0400][gc,phases   ] GC(564)   Other: 0.2ms
[2023-04-17T13:02:38.192-0400][gc,heap     ] GC(564) Eden regions: 67->0(67)
[2023-04-17T13:02:38.192-0400][gc,heap     ] GC(564) Survivor regions: 5->6(9)
[2023-04-17T13:02:38.192-0400][gc,heap     ] GC(564) Old regions: 187->187
[2023-04-17T13:02:38.192-0400][gc,heap     ] GC(564) Archive regions: 2->2
[2023-04-17T13:02:38.192-0400][gc,heap     ] GC(564) Humongous regions: 129->129
[2023-04-17T13:02:38.192-0400][gc,metaspace] GC(564) Metaspace: 44158K(44928K)->44158K(44928K) NonClass: 39063K(39488K)->39063K(39488K) Class: 5095K(5440K)->5095K(5440K)
[2023-04-17T13:02:38.192-0400][gc          ] GC(564) Pause Young (Normal) (G1 Evacuation Pause) 388M->322M(1024M) 7.893ms
[2023-04-17T13:02:38.192-0400][gc,cpu      ] GC(564) User=0.03s Sys=0.00s Real=0.01s
[2023-04-17T13:03:22.861-0400][gc,start    ] GC(565) Pause Young (Normal) (G1 Evacuation Pause)
[2023-04-17T13:03:22.863-0400][gc,task     ] GC(565) Using 8 workers of 8 for evacuation
[2023-04-17T13:03:22.882-0400][gc,phases   ] GC(565)   Pre Evacuate Collection Set: 0.3ms
[2023-04-17T13:03:22.882-0400][gc,phases   ] GC(565)   Merge Heap Roots: 0.2ms
[2023-04-17T13:03:22.882-0400][gc,phases   ] GC(565)   Evacuate Collection Set: 17.9ms
[2023-04-17T13:03:22.882-0400][gc,phases   ] GC(565)   Post Evacuate Collection Set: 0.5ms
[2023-04-17T13:03:22.882-0400][gc,phases   ] GC(565)   Other: 0.2ms
[2023-04-17T13:03:22.882-0400][gc,heap     ] GC(565) Eden regions: 67->0(58)
[2023-04-17T13:03:22.882-0400][gc,heap     ] GC(565) Survivor regions: 6->6(10)
[2023-04-17T13:03:22.882-0400][gc,heap     ] GC(565) Old regions: 187->188
[2023-04-17T13:03:22.882-0400][gc,heap     ] GC(565) Archive regions: 2->2
[2023-04-17T13:03:22.882-0400][gc,heap     ] GC(565) Humongous regions: 129->129
[2023-04-17T13:03:22.882-0400][gc,metaspace] GC(565) Metaspace: 44158K(44928K)->44158K(44928K) NonClass: 39063K(39488K)->39063K(39488K) Class: 5095K(5440K)->5095K(5440K)
[2023-04-17T13:03:22.882-0400][gc          ] GC(565) Pause Young (Normal) (G1 Evacuation Pause) 389M->323M(1024M) 20.586ms
[2023-04-17T13:03:22.882-0400][gc,cpu      ] GC(565) User=0.05s Sys=0.02s Real=0.02s
[2023-04-17T13:04:01.304-0400][gc,start    ] GC(566) Pause Young (Normal) (G1 Evacuation Pause)
[2023-04-17T13:04:01.304-0400][gc,task     ] GC(566) Using 8 workers of 8 for evacuation
[2023-04-17T13:04:01.319-0400][gc,phases   ] GC(566)   Pre Evacuate Collection Set: 0.2ms
[2023-04-17T13:04:01.319-0400][gc,phases   ] GC(566)   Merge Heap Roots: 0.1ms
[2023-04-17T13:04:01.319-0400][gc,phases   ] GC(566)   Evacuate Collection Set: 13.2ms
[2023-04-17T13:04:01.319-0400][gc,phases   ] GC(566)   Post Evacuate Collection Set: 0.3ms
[2023-04-17T13:04:01.319-0400][gc,phases   ] GC(566)   Other: 0.8ms
[2023-04-17T13:04:01.319-0400][gc,heap     ] GC(566) Eden regions: 58->0(108)
[2023-04-17T13:04:01.319-0400][gc,heap     ] GC(566) Survivor regions: 6->5(8)
[2023-04-17T13:04:01.319-0400][gc,heap     ] GC(566) Old regions: 188->190
[2023-04-17T13:04:01.319-0400][gc,heap     ] GC(566) Archive regions: 2->2
[2023-04-17T13:04:01.319-0400][gc,heap     ] GC(566) Humongous regions: 129->129
[2023-04-17T13:04:01.319-0400][gc,metaspace] GC(566) Metaspace: 44158K(44928K)->44158K(44928K) NonClass: 39063K(39488K)->39063K(39488K) Class: 5095K(5440K)->5095K(5440K)
[2023-04-17T13:04:01.319-0400][gc          ] GC(566) Pause Young (Normal) (G1 Evacuation Pause) 381M->324M(1024M) 15.297ms
[2023-04-17T13:04:01.319-0400][gc,cpu      ] GC(566) User=0.04s Sys=0.03s Real=0.01s
[2023-04-17T13:05:11.900-0400][gc,start    ] GC(567) Pause Young (Normal) (G1 Evacuation Pause)
[2023-04-17T13:05:11.901-0400][gc,task     ] GC(567) Using 8 workers of 8 for evacuation
[2023-04-17T13:05:11.924-0400][gc,mmu      ] GC(567) MMU target violated: 21.0ms (20.0ms/21.0ms)
[2023-04-17T13:05:11.924-0400][gc,phases   ] GC(567)   Pre Evacuate Collection Set: 0.4ms
[2023-04-17T13:05:11.924-0400][gc,phases   ] GC(567)   Merge Heap Roots: 0.3ms
[2023-04-17T13:05:11.925-0400][gc,phases   ] GC(567)   Evacuate Collection Set: 22.4ms
[2023-04-17T13:05:11.925-0400][gc,phases   ] GC(567)   Post Evacuate Collection Set: 0.5ms
[2023-04-17T13:05:11.925-0400][gc,phases   ] GC(567)   Other: 0.3ms
[2023-04-17T13:05:11.925-0400][gc,heap     ] GC(567) Eden regions: 108->0(44)
[2023-04-17T13:05:11.925-0400][gc,heap     ] GC(567) Survivor regions: 5->7(15)
[2023-04-17T13:05:11.925-0400][gc,heap     ] GC(567) Old regions: 190->190
[2023-04-17T13:05:11.925-0400][gc,heap     ] GC(567) Archive regions: 2->2
[2023-04-17T13:05:11.925-0400][gc,heap     ] GC(567) Humongous regions: 129->129
[2023-04-17T13:05:11.925-0400][gc,metaspace] GC(567) Metaspace: 44158K(44928K)->44158K(44928K) NonClass: 39063K(39488K)->39063K(39488K) Class: 5095K(5440K)->5095K(5440K)
[2023-04-17T13:05:11.925-0400][gc          ] GC(567) Pause Young (Normal) (G1 Evacuation Pause) 432M->325M(1024M) 25.026ms
[2023-04-17T13:05:11.925-0400][gc,cpu      ] GC(567) User=0.05s Sys=0.05s Real=0.02s
[2023-04-17T13:05:40.194-0400][gc,start    ] GC(568) Pause Young (Normal) (G1 Evacuation Pause)
[2023-04-17T13:05:40.194-0400][gc,task     ] GC(568) Using 8 workers of 8 for evacuation
[2023-04-17T13:05:40.216-0400][gc,mmu      ] GC(568) MMU target violated: 21.0ms (20.0ms/21.0ms)
[2023-04-17T13:05:40.216-0400][gc,phases   ] GC(568)   Pre Evacuate Collection Set: 0.9ms
[2023-04-17T13:05:40.216-0400][gc,phases   ] GC(568)   Merge Heap Roots: 0.1ms
[2023-04-17T13:05:40.216-0400][gc,phases   ] GC(568)   Evacuate Collection Set: 19.0ms
[2023-04-17T13:05:40.216-0400][gc,phases   ] GC(568)   Post Evacuate Collection Set: 1.0ms
[2023-04-17T13:05:40.216-0400][gc,phases   ] GC(568)   Other: 0.7ms
[2023-04-17T13:05:40.216-0400][gc,heap     ] GC(568) Eden regions: 44->0(128)
[2023-04-17T13:05:40.216-0400][gc,heap     ] GC(568) Survivor regions: 7->4(7)
[2023-04-17T13:05:40.216-0400][gc,heap     ] GC(568) Old regions: 190->193
[2023-04-17T13:05:40.216-0400][gc,heap     ] GC(568) Archive regions: 2->2
[2023-04-17T13:05:40.216-0400][gc,heap     ] GC(568) Humongous regions: 129->129
[2023-04-17T13:05:40.216-0400][gc,metaspace] GC(568) Metaspace: 44158K(44928K)->44158K(44928K) NonClass: 39063K(39488K)->39063K(39488K) Class: 5095K(5440K)->5095K(5440K)
[2023-04-17T13:05:40.216-0400][gc          ] GC(568) Pause Young (Normal) (G1 Evacuation Pause) 369M->326M(1024M) 22.092ms
[2023-04-17T13:05:40.216-0400][gc,cpu      ] GC(568) User=0.03s Sys=0.03s Real=0.02s
[2023-04-17T13:07:01.130-0400][gc,start    ] GC(569) Pause Young (Normal) (G1 Evacuation Pause)
[2023-04-17T13:07:01.132-0400][gc,task     ] GC(569) Using 8 workers of 8 for evacuation
[2023-04-17T13:07:01.163-0400][gc,mmu      ] GC(569) MMU target violated: 21.0ms (20.0ms/21.0ms)
[2023-04-17T13:07:01.163-0400][gc,phases   ] GC(569)   Pre Evacuate Collection Set: 4.4ms
[2023-04-17T13:07:01.163-0400][gc,phases   ] GC(569)   Merge Heap Roots: 0.1ms
[2023-04-17T13:07:01.163-0400][gc,phases   ] GC(569)   Evacuate Collection Set: 19.1ms
[2023-04-17T13:07:01.163-0400][gc,phases   ] GC(569)   Post Evacuate Collection Set: 1.0ms
[2023-04-17T13:07:01.163-0400][gc,phases   ] GC(569)   Other: 7.3ms
[2023-04-17T13:07:01.164-0400][gc,heap     ] GC(569) Eden regions: 128->0(45)
[2023-04-17T13:07:01.164-0400][gc,heap     ] GC(569) Survivor regions: 4->6(17)
[2023-04-17T13:07:01.164-0400][gc,heap     ] GC(569) Old regions: 193->193
[2023-04-17T13:07:01.164-0400][gc,heap     ] GC(569) Archive regions: 2->2
[2023-04-17T13:07:01.164-0400][gc,heap     ] GC(569) Humongous regions: 129->129
[2023-04-17T13:07:01.164-0400][gc,metaspace] GC(569) Metaspace: 44158K(44928K)->44158K(44928K) NonClass: 39063K(39488K)->39063K(39488K) Class: 5095K(5440K)->5095K(5440K)
[2023-04-17T13:07:01.164-0400][gc          ] GC(569) Pause Young (Normal) (G1 Evacuation Pause) 454M->328M(1024M) 33.411ms
[2023-04-17T13:07:01.164-0400][gc,cpu      ] GC(569) User=0.03s Sys=0.05s Real=0.03s
[2023-04-17T13:07:28.686-0400][gc,start    ] GC(570) Pause Young (Normal) (G1 Evacuation Pause)
[2023-04-17T13:07:28.687-0400][gc,task     ] GC(570) Using 8 workers of 8 for evacuation
[2023-04-17T13:07:28.702-0400][gc,phases   ] GC(570)   Pre Evacuate Collection Set: 0.2ms
[2023-04-17T13:07:28.703-0400][gc,phases   ] GC(570)   Merge Heap Roots: 0.1ms
[2023-04-17T13:07:28.703-0400][gc,phases   ] GC(570)   Evacuate Collection Set: 15.1ms
[2023-04-17T13:07:28.703-0400][gc,phases   ] GC(570)   Post Evacuate Collection Set: 0.3ms
[2023-04-17T13:07:28.703-0400][gc,phases   ] GC(570)   Other: 0.1ms
[2023-04-17T13:07:28.703-0400][gc,heap     ] GC(570) Eden regions: 45->0(46)
[2023-04-17T13:07:28.703-0400][gc,heap     ] GC(570) Survivor regions: 6->5(7)
[2023-04-17T13:07:28.703-0400][gc,heap     ] GC(570) Old regions: 193->196
[2023-04-17T13:07:28.703-0400][gc,heap     ] GC(570) Archive regions: 2->2
[2023-04-17T13:07:28.703-0400][gc,heap     ] GC(570) Humongous regions: 129->129
[2023-04-17T13:07:28.703-0400][gc,metaspace] GC(570) Metaspace: 44158K(44928K)->44158K(44928K) NonClass: 39063K(39488K)->39063K(39488K) Class: 5095K(5440K)->5095K(5440K)
[2023-04-17T13:07:28.703-0400][gc          ] GC(570) Pause Young (Normal) (G1 Evacuation Pause) 373M->329M(1024M) 16.227ms
[2023-04-17T13:07:28.703-0400][gc,cpu      ] GC(570) User=0.03s Sys=0.03s Real=0.02s
[2023-04-17T13:07:58.335-0400][gc,start    ] GC(571) Pause Young (Normal) (G1 Evacuation Pause)
[2023-04-17T13:07:58.337-0400][gc,task     ] GC(571) Using 8 workers of 8 for evacuation
[2023-04-17T13:07:58.349-0400][gc,phases   ] GC(571)   Pre Evacuate Collection Set: 0.4ms
[2023-04-17T13:07:58.349-0400][gc,phases   ] GC(571)   Merge Heap Roots: 0.2ms
[2023-04-17T13:07:58.349-0400][gc,phases   ] GC(571)   Evacuate Collection Set: 11.1ms
[2023-04-17T13:07:58.349-0400][gc,phases   ] GC(571)   Post Evacuate Collection Set: 0.5ms
[2023-04-17T13:07:58.349-0400][gc,phases   ] GC(571)   Other: 0.5ms
[2023-04-17T13:07:58.349-0400][gc,heap     ] GC(571) Eden regions: 46->0(111)
[2023-04-17T13:07:58.349-0400][gc,heap     ] GC(571) Survivor regions: 5->4(7)
[2023-04-17T13:07:58.349-0400][gc,heap     ] GC(571) Old regions: 196->197
[2023-04-17T13:07:58.349-0400][gc,heap     ] GC(571) Archive regions: 2->2
[2023-04-17T13:07:58.350-0400][gc,heap     ] GC(571) Humongous regions: 129->129
[2023-04-17T13:07:58.350-0400][gc,metaspace] GC(571) Metaspace: 44158K(44928K)->44158K(44928K) NonClass: 39063K(39488K)->39063K(39488K) Class: 5095K(5440K)->5095K(5440K)
[2023-04-17T13:07:58.350-0400][gc          ] GC(571) Pause Young (Normal) (G1 Evacuation Pause) 375M->330M(1024M) 14.418ms
[2023-04-17T13:07:58.350-0400][gc,cpu      ] GC(571) User=0.04s Sys=0.03s Real=0.02s
[2023-04-17T13:09:10.548-0400][gc,start    ] GC(572) Pause Young (Normal) (G1 Evacuation Pause)
[2023-04-17T13:09:10.549-0400][gc,task     ] GC(572) Using 8 workers of 8 for evacuation
[2023-04-17T13:09:10.554-0400][gc,phases   ] GC(572)   Pre Evacuate Collection Set: 1.2ms
[2023-04-17T13:09:10.554-0400][gc,phases   ] GC(572)   Merge Heap Roots: 0.1ms
[2023-04-17T13:09:10.554-0400][gc,phases   ] GC(572)   Evacuate Collection Set: 3.0ms
[2023-04-17T13:09:10.554-0400][gc,phases   ] GC(572)   Post Evacuate Collection Set: 0.3ms
[2023-04-17T13:09:10.554-0400][gc,phases   ] GC(572)   Other: 0.1ms
[2023-04-17T13:09:10.554-0400][gc,heap     ] GC(572) Eden regions: 111->0(69)
[2023-04-17T13:09:10.554-0400][gc,heap     ] GC(572) Survivor regions: 4->6(15)
[2023-04-17T13:09:10.554-0400][gc,heap     ] GC(572) Old regions: 197->197
[2023-04-17T13:09:10.554-0400][gc,heap     ] GC(572) Archive regions: 2->2
[2023-04-17T13:09:10.554-0400][gc,heap     ] GC(572) Humongous regions: 129->129
[2023-04-17T13:09:10.554-0400][gc,metaspace] GC(572) Metaspace: 44158K(44928K)->44158K(44928K) NonClass: 39063K(39488K)->39063K(39488K) Class: 5095K(5440K)->5095K(5440K)
[2023-04-17T13:09:10.554-0400][gc          ] GC(572) Pause Young (Normal) (G1 Evacuation Pause) 441M->332M(1024M) 5.604ms
[2023-04-17T13:09:10.554-0400][gc,cpu      ] GC(572) User=0.02s Sys=0.00s Real=0.01s
[2023-04-17T13:09:55.243-0400][gc,start    ] GC(573) Pause Young (Normal) (G1 Evacuation Pause)
[2023-04-17T13:09:55.243-0400][gc,task     ] GC(573) Using 8 workers of 8 for evacuation
[2023-04-17T13:09:55.263-0400][gc,phases   ] GC(573)   Pre Evacuate Collection Set: 0.2ms
[2023-04-17T13:09:55.263-0400][gc,phases   ] GC(573)   Merge Heap Roots: 0.2ms
[2023-04-17T13:09:55.263-0400][gc,phases   ] GC(573)   Evacuate Collection Set: 19.1ms
[2023-04-17T13:09:55.263-0400][gc,phases   ] GC(573)   Post Evacuate Collection Set: 0.3ms
[2023-04-17T13:09:55.263-0400][gc,phases   ] GC(573)   Other: 0.2ms
[2023-04-17T13:09:55.263-0400][gc,heap     ] GC(573) Eden regions: 69->0(101)
[2023-04-17T13:09:55.263-0400][gc,heap     ] GC(573) Survivor regions: 6->5(10)
[2023-04-17T13:09:55.263-0400][gc,heap     ] GC(573) Old regions: 197->199
[2023-04-17T13:09:55.263-0400][gc,heap     ] GC(573) Archive regions: 2->2
[2023-04-17T13:09:55.263-0400][gc,heap     ] GC(573) Humongous regions: 129->129
[2023-04-17T13:09:55.263-0400][gc,metaspace] GC(573) Metaspace: 44158K(44928K)->44158K(44928K) NonClass: 39063K(39488K)->39063K(39488K) Class: 5095K(5440K)->5095K(5440K)
[2023-04-17T13:09:55.264-0400][gc          ] GC(573) Pause Young (Normal) (G1 Evacuation Pause) 401M->333M(1024M) 20.386ms
[2023-04-17T13:09:55.264-0400][gc,cpu      ] GC(573) User=0.04s Sys=0.03s Real=0.02s
[2023-04-17T13:11:00.226-0400][gc,start    ] GC(574) Pause Young (Normal) (G1 Evacuation Pause)
[2023-04-17T13:11:00.227-0400][gc,task     ] GC(574) Using 8 workers of 8 for evacuation
[2023-04-17T13:11:00.235-0400][gc,phases   ] GC(574)   Pre Evacuate Collection Set: 0.1ms
[2023-04-17T13:11:00.235-0400][gc,phases   ] GC(574)   Merge Heap Roots: 0.1ms
[2023-04-17T13:11:00.235-0400][gc,phases   ] GC(574)   Evacuate Collection Set: 7.4ms
[2023-04-17T13:11:00.235-0400][gc,phases   ] GC(574)   Post Evacuate Collection Set: 0.3ms
[2023-04-17T13:11:00.235-0400][gc,phases   ] GC(574)   Other: 0.1ms
[2023-04-17T13:11:00.235-0400][gc,heap     ] GC(574) Eden regions: 101->0(79)
[2023-04-17T13:11:00.235-0400][gc,heap     ] GC(574) Survivor regions: 5->7(14)
[2023-04-17T13:11:00.235-0400][gc,heap     ] GC(574) Old regions: 199->199
[2023-04-17T13:11:00.235-0400][gc,heap     ] GC(574) Archive regions: 2->2
[2023-04-17T13:11:00.235-0400][gc,heap     ] GC(574) Humongous regions: 129->129
[2023-04-17T13:11:00.235-0400][gc,metaspace] GC(574) Metaspace: 44158K(44928K)->44158K(44928K) NonClass: 39063K(39488K)->39063K(39488K) Class: 5095K(5440K)->5095K(5440K)
[2023-04-17T13:11:00.235-0400][gc          ] GC(574) Pause Young (Normal) (G1 Evacuation Pause) 434M->334M(1024M) 8.864ms
[2023-04-17T13:11:00.235-0400][gc,cpu      ] GC(574) User=0.03s Sys=0.02s Real=0.01s
[2023-04-17T13:11:50.729-0400][gc,start    ] GC(575) Pause Young (Normal) (G1 Evacuation Pause)
[2023-04-17T13:11:50.730-0400][gc,task     ] GC(575) Using 8 workers of 8 for evacuation
[2023-04-17T13:11:50.745-0400][gc,phases   ] GC(575)   Pre Evacuate Collection Set: 2.2ms
[2023-04-17T13:11:50.746-0400][gc,phases   ] GC(575)   Merge Heap Roots: 0.1ms
[2023-04-17T13:11:50.746-0400][gc,phases   ] GC(575)   Evacuate Collection Set: 11.6ms
[2023-04-17T13:11:50.746-0400][gc,phases   ] GC(575)   Post Evacuate Collection Set: 0.4ms
[2023-04-17T13:11:50.746-0400][gc,phases   ] GC(575)   Other: 1.0ms
[2023-04-17T13:11:50.746-0400][gc,heap     ] GC(575) Eden regions: 79->0(58)
[2023-04-17T13:11:50.746-0400][gc,heap     ] GC(575) Survivor regions: 7->8(11)
[2023-04-17T13:11:50.746-0400][gc,heap     ] GC(575) Old regions: 199->200
[2023-04-17T13:11:50.746-0400][gc,heap     ] GC(575) Archive regions: 2->2
[2023-04-17T13:11:50.746-0400][gc,heap     ] GC(575) Humongous regions: 129->129
[2023-04-17T13:11:50.746-0400][gc,metaspace] GC(575) Metaspace: 44158K(44928K)->44158K(44928K) NonClass: 39063K(39488K)->39063K(39488K) Class: 5095K(5440K)->5095K(5440K)
[2023-04-17T13:11:50.746-0400][gc          ] GC(575) Pause Young (Normal) (G1 Evacuation Pause) 413M->336M(1024M) 16.750ms
[2023-04-17T13:11:50.746-0400][gc,cpu      ] GC(575) User=0.04s Sys=0.02s Real=0.02s
[2023-04-17T13:12:28.794-0400][gc,start    ] GC(576) Pause Young (Normal) (G1 Evacuation Pause)
[2023-04-17T13:12:28.794-0400][gc,task     ] GC(576) Using 8 workers of 8 for evacuation
[2023-04-17T13:12:28.812-0400][gc,phases   ] GC(576)   Pre Evacuate Collection Set: 0.8ms
[2023-04-17T13:12:28.812-0400][gc,phases   ] GC(576)   Merge Heap Roots: 0.1ms
[2023-04-17T13:12:28.812-0400][gc,phases   ] GC(576)   Evacuate Collection Set: 15.9ms
[2023-04-17T13:12:28.812-0400][gc,phases   ] GC(576)   Post Evacuate Collection Set: 0.3ms
[2023-04-17T13:12:28.812-0400][gc,phases   ] GC(576)   Other: 0.1ms
[2023-04-17T13:12:28.812-0400][gc,heap     ] GC(576) Eden regions: 58->0(166)
[2023-04-17T13:12:28.812-0400][gc,heap     ] GC(576) Survivor regions: 8->6(9)
[2023-04-17T13:12:28.812-0400][gc,heap     ] GC(576) Old regions: 200->202
[2023-04-17T13:12:28.812-0400][gc,heap     ] GC(576) Archive regions: 2->2
[2023-04-17T13:12:28.812-0400][gc,heap     ] GC(576) Humongous regions: 129->129
[2023-04-17T13:12:28.812-0400][gc,metaspace] GC(576) Metaspace: 44158K(44928K)->44158K(44928K) NonClass: 39063K(39488K)->39063K(39488K) Class: 5095K(5440K)->5095K(5440K)
[2023-04-17T13:12:28.812-0400][gc          ] GC(576) Pause Young (Normal) (G1 Evacuation Pause) 394M->337M(1024M) 18.204ms
[2023-04-17T13:12:28.812-0400][gc,cpu      ] GC(576) User=0.04s Sys=0.03s Real=0.02s
[2023-04-17T13:14:17.389-0400][gc,start    ] GC(577) Pause Young (Normal) (G1 Evacuation Pause)
[2023-04-17T13:14:17.390-0400][gc,task     ] GC(577) Using 8 workers of 8 for evacuation
[2023-04-17T13:14:17.426-0400][gc,mmu      ] GC(577) MMU target violated: 21.0ms (20.0ms/21.0ms)
[2023-04-17T13:14:17.426-0400][gc,phases   ] GC(577)   Pre Evacuate Collection Set: 2.6ms
[2023-04-17T13:14:17.426-0400][gc,phases   ] GC(577)   Merge Heap Roots: 0.3ms
[2023-04-17T13:14:17.426-0400][gc,phases   ] GC(577)   Evacuate Collection Set: 32.2ms
[2023-04-17T13:14:17.426-0400][gc,phases   ] GC(577)   Post Evacuate Collection Set: 0.3ms
[2023-04-17T13:14:17.426-0400][gc,phases   ] GC(577)   Other: 1.2ms
[2023-04-17T13:14:17.426-0400][gc,heap     ] GC(577) Eden regions: 166->0(43)
[2023-04-17T13:14:17.426-0400][gc,heap     ] GC(577) Survivor regions: 6->8(22)
[2023-04-17T13:14:17.426-0400][gc,heap     ] GC(577) Old regions: 202->202
[2023-04-17T13:14:17.426-0400][gc,heap     ] GC(577) Archive regions: 2->2
[2023-04-17T13:14:17.426-0400][gc,heap     ] GC(577) Humongous regions: 129->129
[2023-04-17T13:14:17.426-0400][gc,metaspace] GC(577) Metaspace: 44158K(44928K)->44158K(44928K) NonClass: 39063K(39488K)->39063K(39488K) Class: 5095K(5440K)->5095K(5440K)
[2023-04-17T13:14:17.426-0400][gc          ] GC(577) Pause Young (Normal) (G1 Evacuation Pause) 503M->339M(1024M) 37.372ms
[2023-04-17T13:14:17.426-0400][gc,cpu      ] GC(577) User=0.05s Sys=0.08s Real=0.04s
[2023-04-17T13:14:44.656-0400][gc,start    ] GC(578) Pause Young (Normal) (G1 Evacuation Pause)
[2023-04-17T13:14:44.656-0400][gc,task     ] GC(578) Using 8 workers of 8 for evacuation
[2023-04-17T13:14:44.686-0400][gc,mmu      ] GC(578) MMU target violated: 21.0ms (20.0ms/21.0ms)
[2023-04-17T13:14:44.686-0400][gc,phases   ] GC(578)   Pre Evacuate Collection Set: 1.7ms
[2023-04-17T13:14:44.686-0400][gc,phases   ] GC(578)   Merge Heap Roots: 0.1ms
[2023-04-17T13:14:44.686-0400][gc,phases   ] GC(578)   Evacuate Collection Set: 28.1ms
[2023-04-17T13:14:44.686-0400][gc,phases   ] GC(578)   Post Evacuate Collection Set: 0.2ms
[2023-04-17T13:14:44.686-0400][gc,phases   ] GC(578)   Other: 0.2ms
[2023-04-17T13:14:44.686-0400][gc,heap     ] GC(578) Eden regions: 43->0(52)
[2023-04-17T13:14:44.686-0400][gc,heap     ] GC(578) Survivor regions: 8->5(7)
[2023-04-17T13:14:44.686-0400][gc,heap     ] GC(578) Old regions: 202->206
[2023-04-17T13:14:44.686-0400][gc,heap     ] GC(578) Archive regions: 2->2
[2023-04-17T13:14:44.686-0400][gc,heap     ] GC(578) Humongous regions: 129->129
[2023-04-17T13:14:44.686-0400][gc,metaspace] GC(578) Metaspace: 44158K(44928K)->44158K(44928K) NonClass: 39063K(39488K)->39063K(39488K) Class: 5095K(5440K)->5095K(5440K)
[2023-04-17T13:14:44.686-0400][gc          ] GC(578) Pause Young (Normal) (G1 Evacuation Pause) 382M->340M(1024M) 30.577ms
[2023-04-17T13:14:44.686-0400][gc,cpu      ] GC(578) User=0.04s Sys=0.05s Real=0.03s
[2023-04-17T13:15:18.234-0400][gc,start    ] GC(579) Pause Young (Normal) (G1 Evacuation Pause)
[2023-04-17T13:15:18.235-0400][gc,task     ] GC(579) Using 8 workers of 8 for evacuation
[2023-04-17T13:15:18.242-0400][gc,phases   ] GC(579)   Pre Evacuate Collection Set: 0.1ms
[2023-04-17T13:15:18.242-0400][gc,phases   ] GC(579)   Merge Heap Roots: 0.1ms
[2023-04-17T13:15:18.242-0400][gc,phases   ] GC(579)   Evacuate Collection Set: 5.9ms
[2023-04-17T13:15:18.242-0400][gc,phases   ] GC(579)   Post Evacuate Collection Set: 0.3ms
[2023-04-17T13:15:18.242-0400][gc,phases   ] GC(579)   Other: 0.7ms
[2023-04-17T13:15:18.242-0400][gc,heap     ] GC(579) Eden regions: 52->0(109)
[2023-04-17T13:15:18.242-0400][gc,heap     ] GC(579) Survivor regions: 5->5(8)
[2023-04-17T13:15:18.242-0400][gc,heap     ] GC(579) Old regions: 206->207
[2023-04-17T13:15:18.242-0400][gc,heap     ] GC(579) Archive regions: 2->2
[2023-04-17T13:15:18.242-0400][gc,heap     ] GC(579) Humongous regions: 129->129
[2023-04-17T13:15:18.242-0400][gc,metaspace] GC(579) Metaspace: 44158K(44928K)->44158K(44928K) NonClass: 39063K(39488K)->39063K(39488K) Class: 5095K(5440K)->5095K(5440K)
[2023-04-17T13:15:18.242-0400][gc          ] GC(579) Pause Young (Normal) (G1 Evacuation Pause) 392M->341M(1024M) 7.589ms
[2023-04-17T13:15:18.242-0400][gc,cpu      ] GC(579) User=0.02s Sys=0.00s Real=0.01s
[2023-04-17T13:16:30.304-0400][gc,start    ] GC(580) Pause Young (Normal) (G1 Evacuation Pause)
[2023-04-17T13:16:30.305-0400][gc,task     ] GC(580) Using 8 workers of 8 for evacuation
[2023-04-17T13:16:30.346-0400][gc,mmu      ] GC(580) MMU target violated: 21.0ms (20.0ms/21.0ms)
[2023-04-17T13:16:30.346-0400][gc,phases   ] GC(580)   Pre Evacuate Collection Set: 2.4ms
[2023-04-17T13:16:30.346-0400][gc,phases   ] GC(580)   Merge Heap Roots: 0.7ms
[2023-04-17T13:16:30.346-0400][gc,phases   ] GC(580)   Evacuate Collection Set: 35.9ms
[2023-04-17T13:16:30.346-0400][gc,phases   ] GC(580)   Post Evacuate Collection Set: 1.2ms
[2023-04-17T13:16:30.346-0400][gc,phases   ] GC(580)   Other: 1.1ms
[2023-04-17T13:16:30.346-0400][gc,heap     ] GC(580) Eden regions: 109->0(44)
[2023-04-17T13:16:30.346-0400][gc,heap     ] GC(580) Survivor regions: 5->7(15)
[2023-04-17T13:16:30.346-0400][gc,heap     ] GC(580) Old regions: 207->207
[2023-04-17T13:16:30.346-0400][gc,heap     ] GC(580) Archive regions: 2->2
[2023-04-17T13:16:30.346-0400][gc,heap     ] GC(580) Humongous regions: 129->129
[2023-04-17T13:16:30.346-0400][gc,metaspace] GC(580) Metaspace: 44158K(44928K)->44158K(44928K) NonClass: 39063K(39488K)->39063K(39488K) Class: 5095K(5440K)->5095K(5440K)
[2023-04-17T13:16:30.346-0400][gc          ] GC(580) Pause Young (Normal) (G1 Evacuation Pause) 450M->343M(1024M) 42.304ms
[2023-04-17T13:16:30.346-0400][gc,cpu      ] GC(580) User=0.05s Sys=0.15s Real=0.04s
[2023-04-17T13:16:58.805-0400][gc,start    ] GC(581) Pause Young (Normal) (G1 Evacuation Pause)
[2023-04-17T13:16:58.805-0400][gc,task     ] GC(581) Using 8 workers of 8 for evacuation
[2023-04-17T13:16:58.828-0400][gc,mmu      ] GC(581) MMU target violated: 21.0ms (20.0ms/21.0ms)
[2023-04-17T13:16:58.828-0400][gc,phases   ] GC(581)   Pre Evacuate Collection Set: 0.1ms
[2023-04-17T13:16:58.828-0400][gc,phases   ] GC(581)   Merge Heap Roots: 0.0ms
[2023-04-17T13:16:58.828-0400][gc,phases   ] GC(581)   Evacuate Collection Set: 20.5ms
[2023-04-17T13:16:58.828-0400][gc,phases   ] GC(581)   Post Evacuate Collection Set: 0.2ms
[2023-04-17T13:16:58.828-0400][gc,phases   ] GC(581)   Other: 2.2ms
[2023-04-17T13:16:58.828-0400][gc,heap     ] GC(581) Eden regions: 44->0(46)
[2023-04-17T13:16:58.828-0400][gc,heap     ] GC(581) Survivor regions: 7->5(7)
[2023-04-17T13:16:58.828-0400][gc,heap     ] GC(581) Old regions: 207->210
[2023-04-17T13:16:58.828-0400][gc,heap     ] GC(581) Archive regions: 2->2
[2023-04-17T13:16:58.828-0400][gc,heap     ] GC(581) Humongous regions: 129->129
[2023-04-17T13:16:58.828-0400][gc,metaspace] GC(581) Metaspace: 44158K(44928K)->44158K(44928K) NonClass: 39063K(39488K)->39063K(39488K) Class: 5095K(5440K)->5095K(5440K)
[2023-04-17T13:16:58.829-0400][gc          ] GC(581) Pause Young (Normal) (G1 Evacuation Pause) 387M->344M(1024M) 23.240ms
[2023-04-17T13:16:58.829-0400][gc,cpu      ] GC(581) User=0.03s Sys=0.02s Real=0.02s
[2023-04-17T13:17:26.818-0400][gc,start    ] GC(582) Pause Young (Normal) (G1 Evacuation Pause)
[2023-04-17T13:17:26.818-0400][gc,task     ] GC(582) Using 8 workers of 8 for evacuation
[2023-04-17T13:17:26.829-0400][gc,phases   ] GC(582)   Pre Evacuate Collection Set: 0.3ms
[2023-04-17T13:17:26.829-0400][gc,phases   ] GC(582)   Merge Heap Roots: 0.2ms
[2023-04-17T13:17:26.829-0400][gc,phases   ] GC(582)   Evacuate Collection Set: 9.8ms
[2023-04-17T13:17:26.829-0400][gc,phases   ] GC(582)   Post Evacuate Collection Set: 0.4ms
[2023-04-17T13:17:26.829-0400][gc,phases   ] GC(582)   Other: 0.2ms
[2023-04-17T13:17:26.829-0400][gc,heap     ] GC(582) Eden regions: 46->0(57)
[2023-04-17T13:17:26.829-0400][gc,heap     ] GC(582) Survivor regions: 5->5(7)
[2023-04-17T13:17:26.829-0400][gc,heap     ] GC(582) Old regions: 210->211
[2023-04-17T13:17:26.829-0400][gc,heap     ] GC(582) Archive regions: 2->2
[2023-04-17T13:17:26.829-0400][gc,heap     ] GC(582) Humongous regions: 129->129
[2023-04-17T13:17:26.829-0400][gc,metaspace] GC(582) Metaspace: 44158K(44928K)->44158K(44928K) NonClass: 39063K(39488K)->39063K(39488K) Class: 5095K(5440K)->5095K(5440K)
[2023-04-17T13:17:26.829-0400][gc          ] GC(582) Pause Young (Normal) (G1 Evacuation Pause) 390M->345M(1024M) 11.193ms
[2023-04-17T13:17:26.829-0400][gc,cpu      ] GC(582) User=0.05s Sys=0.02s Real=0.01s
[2023-04-17T13:18:04.240-0400][gc,start    ] GC(583) Pause Young (Normal) (G1 Evacuation Pause)
[2023-04-17T13:18:04.240-0400][gc,task     ] GC(583) Using 8 workers of 8 for evacuation
[2023-04-17T13:18:04.253-0400][gc,phases   ] GC(583)   Pre Evacuate Collection Set: 0.2ms
[2023-04-17T13:18:04.253-0400][gc,phases   ] GC(583)   Merge Heap Roots: 0.2ms
[2023-04-17T13:18:04.253-0400][gc,phases   ] GC(583)   Evacuate Collection Set: 12.1ms
[2023-04-17T13:18:04.253-0400][gc,phases   ] GC(583)   Post Evacuate Collection Set: 0.4ms
[2023-04-17T13:18:04.253-0400][gc,phases   ] GC(583)   Other: 0.2ms
[2023-04-17T13:18:04.253-0400][gc,heap     ] GC(583) Eden regions: 57->0(88)
[2023-04-17T13:18:04.253-0400][gc,heap     ] GC(583) Survivor regions: 5->5(8)
[2023-04-17T13:18:04.253-0400][gc,heap     ] GC(583) Old regions: 211->212
[2023-04-17T13:18:04.253-0400][gc,heap     ] GC(583) Archive regions: 2->2
[2023-04-17T13:18:04.253-0400][gc,heap     ] GC(583) Humongous regions: 129->129
[2023-04-17T13:18:04.253-0400][gc,metaspace] GC(583) Metaspace: 44158K(44928K)->44158K(44928K) NonClass: 39063K(39488K)->39063K(39488K) Class: 5095K(5440K)->5095K(5440K)
[2023-04-17T13:18:04.254-0400][gc          ] GC(583) Pause Young (Normal) (G1 Evacuation Pause) 402M->346M(1024M) 13.466ms
[2023-04-17T13:18:04.254-0400][gc,cpu      ] GC(583) User=0.04s Sys=0.02s Real=0.01s
[2023-04-17T13:19:02.684-0400][gc,start    ] GC(584) Pause Young (Normal) (G1 Evacuation Pause)
[2023-04-17T13:19:02.685-0400][gc,task     ] GC(584) Using 8 workers of 8 for evacuation
[2023-04-17T13:19:02.694-0400][gc,phases   ] GC(584)   Pre Evacuate Collection Set: 0.3ms
[2023-04-17T13:19:02.694-0400][gc,phases   ] GC(584)   Merge Heap Roots: 0.3ms
[2023-04-17T13:19:02.694-0400][gc,phases   ] GC(584)   Evacuate Collection Set: 7.1ms
[2023-04-17T13:19:02.694-0400][gc,phases   ] GC(584)   Post Evacuate Collection Set: 0.5ms
[2023-04-17T13:19:02.694-0400][gc,phases   ] GC(584)   Other: 1.7ms
[2023-04-17T13:19:02.694-0400][gc,heap     ] GC(584) Eden regions: 88->0(82)
[2023-04-17T13:19:02.694-0400][gc,heap     ] GC(584) Survivor regions: 5->6(12)
[2023-04-17T13:19:02.694-0400][gc,heap     ] GC(584) Old regions: 212->212
[2023-04-17T13:19:02.695-0400][gc,heap     ] GC(584) Archive regions: 2->2
[2023-04-17T13:19:02.695-0400][gc,heap     ] GC(584) Humongous regions: 129->129
[2023-04-17T13:19:02.695-0400][gc,metaspace] GC(584) Metaspace: 44158K(44928K)->44158K(44928K) NonClass: 39063K(39488K)->39063K(39488K) Class: 5095K(5440K)->5095K(5440K)
[2023-04-17T13:19:02.695-0400][gc          ] GC(584) Pause Young (Normal) (G1 Evacuation Pause) 434M->347M(1024M) 10.228ms
[2023-04-17T13:19:02.695-0400][gc,cpu      ] GC(584) User=0.05s Sys=0.00s Real=0.01s
[2023-04-17T13:19:55.422-0400][gc,start    ] GC(585) Pause Young (Normal) (G1 Evacuation Pause)
[2023-04-17T13:19:55.422-0400][gc,task     ] GC(585) Using 8 workers of 8 for evacuation
[2023-04-17T13:19:55.463-0400][gc,mmu      ] GC(585) MMU target violated: 21.0ms (20.0ms/21.0ms)
[2023-04-17T13:19:55.463-0400][gc,phases   ] GC(585)   Pre Evacuate Collection Set: 0.1ms
[2023-04-17T13:19:55.463-0400][gc,phases   ] GC(585)   Merge Heap Roots: 0.1ms
[2023-04-17T13:19:55.463-0400][gc,phases   ] GC(585)   Evacuate Collection Set: 39.8ms
[2023-04-17T13:19:55.463-0400][gc,phases   ] GC(585)   Post Evacuate Collection Set: 0.7ms
[2023-04-17T13:19:55.463-0400][gc,phases   ] GC(585)   Other: 0.2ms
[2023-04-17T13:19:55.463-0400][gc,heap     ] GC(585) Eden regions: 82->0(45)
[2023-04-17T13:19:55.463-0400][gc,heap     ] GC(585) Survivor regions: 6->6(11)
[2023-04-17T13:19:55.463-0400][gc,heap     ] GC(585) Old regions: 212->214
[2023-04-17T13:19:55.463-0400][gc,heap     ] GC(585) Archive regions: 2->2
[2023-04-17T13:19:55.463-0400][gc,heap     ] GC(585) Humongous regions: 129->129
[2023-04-17T13:19:55.463-0400][gc,metaspace] GC(585) Metaspace: 44158K(44928K)->44158K(44928K) NonClass: 39063K(39488K)->39063K(39488K) Class: 5095K(5440K)->5095K(5440K)
[2023-04-17T13:19:55.463-0400][gc          ] GC(585) Pause Young (Normal) (G1 Evacuation Pause) 429M->348M(1024M) 41.354ms
[2023-04-17T13:19:55.463-0400][gc,cpu      ] GC(585) User=0.04s Sys=0.07s Real=0.04s
[2023-04-17T13:20:23.184-0400][gc,start    ] GC(586) Pause Young (Normal) (G1 Evacuation Pause)
[2023-04-17T13:20:23.185-0400][gc,task     ] GC(586) Using 8 workers of 8 for evacuation
[2023-04-17T13:20:23.201-0400][gc,phases   ] GC(586)   Pre Evacuate Collection Set: 0.3ms
[2023-04-17T13:20:23.201-0400][gc,phases   ] GC(586)   Merge Heap Roots: 0.3ms
[2023-04-17T13:20:23.201-0400][gc,phases   ] GC(586)   Evacuate Collection Set: 15.1ms
[2023-04-17T13:20:23.201-0400][gc,phases   ] GC(586)   Post Evacuate Collection Set: 0.4ms
[2023-04-17T13:20:23.201-0400][gc,phases   ] GC(586)   Other: 0.2ms
[2023-04-17T13:20:23.201-0400][gc,heap     ] GC(586) Eden regions: 45->0(93)
[2023-04-17T13:20:23.201-0400][gc,heap     ] GC(586) Survivor regions: 6->4(7)
[2023-04-17T13:20:23.201-0400][gc,heap     ] GC(586) Old regions: 214->216
[2023-04-17T13:20:23.201-0400][gc,heap     ] GC(586) Archive regions: 2->2
[2023-04-17T13:20:23.201-0400][gc,heap     ] GC(586) Humongous regions: 129->129
[2023-04-17T13:20:23.201-0400][gc,metaspace] GC(586) Metaspace: 44158K(44928K)->44158K(44928K) NonClass: 39063K(39488K)->39063K(39488K) Class: 5095K(5440K)->5095K(5440K)
[2023-04-17T13:20:23.201-0400][gc          ] GC(586) Pause Young (Normal) (G1 Evacuation Pause) 393M->349M(1024M) 16.677ms
[2023-04-17T13:20:23.201-0400][gc,cpu      ] GC(586) User=0.04s Sys=0.03s Real=0.02s
[2023-04-17T13:21:23.557-0400][gc,start    ] GC(587) Pause Young (Normal) (G1 Evacuation Pause)
[2023-04-17T13:21:23.557-0400][gc,task     ] GC(587) Using 8 workers of 8 for evacuation
[2023-04-17T13:21:23.566-0400][gc,phases   ] GC(587)   Pre Evacuate Collection Set: 0.1ms
[2023-04-17T13:21:23.566-0400][gc,phases   ] GC(587)   Merge Heap Roots: 0.1ms
[2023-04-17T13:21:23.566-0400][gc,phases   ] GC(587)   Evacuate Collection Set: 8.0ms
[2023-04-17T13:21:23.566-0400][gc,phases   ] GC(587)   Post Evacuate Collection Set: 0.3ms
[2023-04-17T13:21:23.566-0400][gc,phases   ] GC(587)   Other: 0.1ms
[2023-04-17T13:21:23.566-0400][gc,heap     ] GC(587) Eden regions: 93->0(47)
[2023-04-17T13:21:23.566-0400][gc,heap     ] GC(587) Survivor regions: 4->6(13)
[2023-04-17T13:21:23.566-0400][gc,heap     ] GC(587) Old regions: 216->216
[2023-04-17T13:21:23.566-0400][gc,heap     ] GC(587) Archive regions: 2->2
[2023-04-17T13:21:23.566-0400][gc,heap     ] GC(587) Humongous regions: 129->129
[2023-04-17T13:21:23.566-0400][gc,metaspace] GC(587) Metaspace: 44158K(44928K)->44158K(44928K) NonClass: 39063K(39488K)->39063K(39488K) Class: 5095K(5440K)->5095K(5440K)
[2023-04-17T13:21:23.566-0400][gc          ] GC(587) Pause Young (Normal) (G1 Evacuation Pause) 442M->351M(1024M) 8.856ms
[2023-04-17T13:21:23.566-0400][gc,cpu      ] GC(587) User=0.02s Sys=0.01s Real=0.01s
[2023-04-17T13:21:52.197-0400][gc,start    ] GC(588) Pause Young (Normal) (G1 Evacuation Pause)
[2023-04-17T13:21:52.198-0400][gc,task     ] GC(588) Using 8 workers of 8 for evacuation
[2023-04-17T13:21:52.218-0400][gc,mmu      ] GC(588) MMU target violated: 20.8ms (20.0ms/21.0ms)
[2023-04-17T13:21:52.219-0400][gc,phases   ] GC(588)   Pre Evacuate Collection Set: 0.1ms
[2023-04-17T13:21:52.219-0400][gc,phases   ] GC(588)   Merge Heap Roots: 0.1ms
[2023-04-17T13:21:52.219-0400][gc,phases   ] GC(588)   Evacuate Collection Set: 20.2ms
[2023-04-17T13:21:52.219-0400][gc,phases   ] GC(588)   Post Evacuate Collection Set: 0.4ms
[2023-04-17T13:21:52.219-0400][gc,phases   ] GC(588)   Other: 0.1ms
[2023-04-17T13:21:52.219-0400][gc,heap     ] GC(588) Eden regions: 47->0(141)
[2023-04-17T13:21:52.219-0400][gc,heap     ] GC(588) Survivor regions: 6->4(7)
[2023-04-17T13:21:52.219-0400][gc,heap     ] GC(588) Old regions: 216->219
[2023-04-17T13:21:52.219-0400][gc,heap     ] GC(588) Archive regions: 2->2
[2023-04-17T13:21:52.219-0400][gc,heap     ] GC(588) Humongous regions: 129->129
[2023-04-17T13:21:52.219-0400][gc,metaspace] GC(588) Metaspace: 44158K(44928K)->44158K(44928K) NonClass: 39063K(39488K)->39063K(39488K) Class: 5095K(5440K)->5095K(5440K)
[2023-04-17T13:21:52.219-0400][gc          ] GC(588) Pause Young (Normal) (G1 Evacuation Pause) 398M->352M(1024M) 21.662ms
[2023-04-17T13:21:52.219-0400][gc,cpu      ] GC(588) User=0.03s Sys=0.03s Real=0.02s
[2023-04-17T13:23:24.219-0400][gc,start    ] GC(589) Pause Young (Normal) (G1 Evacuation Pause)
[2023-04-17T13:23:24.219-0400][gc,task     ] GC(589) Using 8 workers of 8 for evacuation
[2023-04-17T13:23:24.241-0400][gc,mmu      ] GC(589) MMU target violated: 21.0ms (20.0ms/21.0ms)
[2023-04-17T13:23:24.241-0400][gc,phases   ] GC(589)   Pre Evacuate Collection Set: 1.5ms
[2023-04-17T13:23:24.241-0400][gc,phases   ] GC(589)   Merge Heap Roots: 0.2ms
[2023-04-17T13:23:24.241-0400][gc,phases   ] GC(589)   Evacuate Collection Set: 19.7ms
[2023-04-17T13:23:24.241-0400][gc,phases   ] GC(589)   Post Evacuate Collection Set: 0.4ms
[2023-04-17T13:23:24.241-0400][gc,phases   ] GC(589)   Other: 0.2ms
[2023-04-17T13:23:24.241-0400][gc,heap     ] GC(589) Eden regions: 141->0(45)
[2023-04-17T13:23:24.241-0400][gc,heap     ] GC(589) Survivor regions: 4->6(19)
[2023-04-17T13:23:24.241-0400][gc,heap     ] GC(589) Old regions: 219->219
[2023-04-17T13:23:24.241-0400][gc,heap     ] GC(589) Archive regions: 2->2
[2023-04-17T13:23:24.241-0400][gc,heap     ] GC(589) Humongous regions: 129->129
[2023-04-17T13:23:24.241-0400][gc,metaspace] GC(589) Metaspace: 44158K(44928K)->44158K(44928K) NonClass: 39063K(39488K)->39063K(39488K) Class: 5095K(5440K)->5095K(5440K)
[2023-04-17T13:23:24.241-0400][gc          ] GC(589) Pause Young (Normal) (G1 Evacuation Pause) 493M->354M(1024M) 22.347ms
[2023-04-17T13:23:24.241-0400][gc,cpu      ] GC(589) User=0.04s Sys=0.05s Real=0.03s
[2023-04-17T13:23:53.014-0400][gc,start    ] GC(590) Pause Young (Normal) (G1 Evacuation Pause)
[2023-04-17T13:23:53.015-0400][gc,task     ] GC(590) Using 8 workers of 8 for evacuation
[2023-04-17T13:23:53.033-0400][gc,phases   ] GC(590)   Pre Evacuate Collection Set: 0.4ms
[2023-04-17T13:23:53.033-0400][gc,phases   ] GC(590)   Merge Heap Roots: 0.3ms
[2023-04-17T13:23:53.033-0400][gc,phases   ] GC(590)   Evacuate Collection Set: 16.5ms
[2023-04-17T13:23:53.033-0400][gc,phases   ] GC(590)   Post Evacuate Collection Set: 0.4ms
[2023-04-17T13:23:53.033-0400][gc,phases   ] GC(590)   Other: 0.9ms
[2023-04-17T13:23:53.033-0400][gc,heap     ] GC(590) Eden regions: 45->0(116)
[2023-04-17T13:23:53.033-0400][gc,heap     ] GC(590) Survivor regions: 6->4(7)
[2023-04-17T13:23:53.033-0400][gc,heap     ] GC(590) Old regions: 219->221
[2023-04-17T13:23:53.033-0400][gc,heap     ] GC(590) Archive regions: 2->2
[2023-04-17T13:23:53.033-0400][gc,heap     ] GC(590) Humongous regions: 129->129
[2023-04-17T13:23:53.033-0400][gc,metaspace] GC(590) Metaspace: 44158K(44928K)->44158K(44928K) NonClass: 39063K(39488K)->39063K(39488K) Class: 5095K(5440K)->5095K(5440K)
[2023-04-17T13:23:53.033-0400][gc          ] GC(590) Pause Young (Normal) (G1 Evacuation Pause) 399M->354M(1024M) 18.986ms
[2023-04-17T13:23:53.033-0400][gc,cpu      ] GC(590) User=0.05s Sys=0.02s Real=0.02s
[2023-04-17T13:25:09.193-0400][gc,start    ] GC(591) Pause Young (Normal) (G1 Evacuation Pause)
[2023-04-17T13:25:09.193-0400][gc,task     ] GC(591) Using 8 workers of 8 for evacuation
[2023-04-17T13:25:09.201-0400][gc,phases   ] GC(591)   Pre Evacuate Collection Set: 0.2ms
[2023-04-17T13:25:09.201-0400][gc,phases   ] GC(591)   Merge Heap Roots: 0.2ms
[2023-04-17T13:25:09.201-0400][gc,phases   ] GC(591)   Evacuate Collection Set: 7.1ms
[2023-04-17T13:25:09.201-0400][gc,phases   ] GC(591)   Post Evacuate Collection Set: 0.5ms
[2023-04-17T13:25:09.201-0400][gc,phases   ] GC(591)   Other: 0.1ms
[2023-04-17T13:25:09.201-0400][gc,heap     ] GC(591) Eden regions: 116->0(44)
[2023-04-17T13:25:09.201-0400][gc,heap     ] GC(591) Survivor regions: 4->7(15)
[2023-04-17T13:25:09.201-0400][gc,heap     ] GC(591) Old regions: 221->221
[2023-04-17T13:25:09.201-0400][gc,heap     ] GC(591) Archive regions: 2->2
[2023-04-17T13:25:09.201-0400][gc,heap     ] GC(591) Humongous regions: 129->129
[2023-04-17T13:25:09.201-0400][gc,metaspace] GC(591) Metaspace: 44158K(44928K)->44158K(44928K) NonClass: 39063K(39488K)->39063K(39488K) Class: 5095K(5440K)->5095K(5440K)
[2023-04-17T13:25:09.201-0400][gc          ] GC(591) Pause Young (Normal) (G1 Evacuation Pause) 470M->356M(1024M) 8.692ms
[2023-04-17T13:25:09.201-0400][gc,cpu      ] GC(591) User=0.06s Sys=0.00s Real=0.01s
[2023-04-17T13:25:37.988-0400][gc,start    ] GC(592) Pause Young (Normal) (G1 Evacuation Pause)
[2023-04-17T13:25:37.988-0400][gc,task     ] GC(592) Using 8 workers of 8 for evacuation
[2023-04-17T13:25:38.009-0400][gc,mmu      ] GC(592) MMU target violated: 20.6ms (20.0ms/21.0ms)
[2023-04-17T13:25:38.009-0400][gc,phases   ] GC(592)   Pre Evacuate Collection Set: 0.2ms
[2023-04-17T13:25:38.009-0400][gc,phases   ] GC(592)   Merge Heap Roots: 0.2ms
[2023-04-17T13:25:38.009-0400][gc,phases   ] GC(592)   Evacuate Collection Set: 19.8ms
[2023-04-17T13:25:38.009-0400][gc,phases   ] GC(592)   Post Evacuate Collection Set: 0.3ms
[2023-04-17T13:25:38.009-0400][gc,phases   ] GC(592)   Other: 0.2ms
[2023-04-17T13:25:38.009-0400][gc,heap     ] GC(592) Eden regions: 44->0(158)
[2023-04-17T13:25:38.009-0400][gc,heap     ] GC(592) Survivor regions: 7->4(7)
[2023-04-17T13:25:38.009-0400][gc,heap     ] GC(592) Old regions: 221->224
[2023-04-17T13:25:38.009-0400][gc,heap     ] GC(592) Archive regions: 2->2
[2023-04-17T13:25:38.009-0400][gc,heap     ] GC(592) Humongous regions: 129->129
[2023-04-17T13:25:38.009-0400][gc,metaspace] GC(592) Metaspace: 44158K(44928K)->44158K(44928K) NonClass: 39063K(39488K)->39063K(39488K) Class: 5095K(5440K)->5095K(5440K)
[2023-04-17T13:25:38.009-0400][gc          ] GC(592) Pause Young (Normal) (G1 Evacuation Pause) 400M->357M(1024M) 21.092ms
[2023-04-17T13:25:38.009-0400][gc,cpu      ] GC(592) User=0.04s Sys=0.03s Real=0.02s
[2023-04-17T13:27:20.058-0400][gc,start    ] GC(593) Pause Young (Normal) (G1 Evacuation Pause)
[2023-04-17T13:27:20.059-0400][gc,task     ] GC(593) Using 8 workers of 8 for evacuation
[2023-04-17T13:27:20.076-0400][gc,phases   ] GC(593)   Pre Evacuate Collection Set: 0.2ms
[2023-04-17T13:27:20.076-0400][gc,phases   ] GC(593)   Merge Heap Roots: 0.1ms
[2023-04-17T13:27:20.076-0400][gc,phases   ] GC(593)   Evacuate Collection Set: 15.6ms
[2023-04-17T13:27:20.076-0400][gc,phases   ] GC(593)   Post Evacuate Collection Set: 1.1ms
[2023-04-17T13:27:20.076-0400][gc,phases   ] GC(593)   Other: 0.2ms
[2023-04-17T13:27:20.076-0400][gc,heap     ] GC(593) Eden regions: 158->0(44)
[2023-04-17T13:27:20.076-0400][gc,heap     ] GC(593) Survivor regions: 4->7(21)
[2023-04-17T13:27:20.076-0400][gc,heap     ] GC(593) Old regions: 224->224
[2023-04-17T13:27:20.076-0400][gc,heap     ] GC(593) Archive regions: 2->2
[2023-04-17T13:27:20.076-0400][gc,heap     ] GC(593) Humongous regions: 129->129
[2023-04-17T13:27:20.076-0400][gc,metaspace] GC(593) Metaspace: 44158K(44928K)->44158K(44928K) NonClass: 39063K(39488K)->39063K(39488K) Class: 5095K(5440K)->5095K(5440K)
[2023-04-17T13:27:20.076-0400][gc          ] GC(593) Pause Young (Normal) (G1 Evacuation Pause) 515M->360M(1024M) 18.320ms
[2023-04-17T13:27:20.076-0400][gc,cpu      ] GC(593) User=0.04s Sys=0.05s Real=0.02s
[2023-04-17T13:27:47.019-0400][gc,start    ] GC(594) Pause Young (Normal) (G1 Evacuation Pause)
[2023-04-17T13:27:47.020-0400][gc,task     ] GC(594) Using 8 workers of 8 for evacuation
[2023-04-17T13:27:47.035-0400][gc,phases   ] GC(594)   Pre Evacuate Collection Set: 0.1ms
[2023-04-17T13:27:47.036-0400][gc,phases   ] GC(594)   Merge Heap Roots: 0.1ms
[2023-04-17T13:27:47.036-0400][gc,phases   ] GC(594)   Evacuate Collection Set: 14.8ms
[2023-04-17T13:27:47.036-0400][gc,phases   ] GC(594)   Post Evacuate Collection Set: 0.3ms
[2023-04-17T13:27:47.036-0400][gc,phases   ] GC(594)   Other: 0.1ms
[2023-04-17T13:27:47.036-0400][gc,heap     ] GC(594) Eden regions: 44->0(157)
[2023-04-17T13:27:47.036-0400][gc,heap     ] GC(594) Survivor regions: 7->5(7)
[2023-04-17T13:27:47.036-0400][gc,heap     ] GC(594) Old regions: 224->227
[2023-04-17T13:27:47.036-0400][gc,heap     ] GC(594) Archive regions: 2->2
[2023-04-17T13:27:47.036-0400][gc,heap     ] GC(594) Humongous regions: 129->129
[2023-04-17T13:27:47.036-0400][gc,metaspace] GC(594) Metaspace: 44158K(44928K)->44158K(44928K) NonClass: 39063K(39488K)->39063K(39488K) Class: 5095K(5440K)->5095K(5440K)
[2023-04-17T13:27:47.036-0400][gc          ] GC(594) Pause Young (Normal) (G1 Evacuation Pause) 404M->361M(1024M) 16.878ms
[2023-04-17T13:27:47.036-0400][gc,cpu      ] GC(594) User=0.02s Sys=0.02s Real=0.02s
[2023-04-17T13:29:28.032-0400][gc,start    ] GC(595) Pause Young (Normal) (G1 Evacuation Pause)
[2023-04-17T13:29:28.034-0400][gc,task     ] GC(595) Using 8 workers of 8 for evacuation
[2023-04-17T13:29:28.063-0400][gc,phases   ] GC(595)   Pre Evacuate Collection Set: 0.2ms
[2023-04-17T13:29:28.075-0400][gc,phases   ] GC(595)   Merge Heap Roots: 0.1ms
[2023-04-17T13:29:28.075-0400][gc,phases   ] GC(595)   Evacuate Collection Set: 6.8ms
[2023-04-17T13:29:28.075-0400][gc,phases   ] GC(595)   Post Evacuate Collection Set: 0.4ms
[2023-04-17T13:29:28.075-0400][gc,phases   ] GC(595)   Other: 20.9ms
[2023-04-17T13:29:28.075-0400][gc,heap     ] GC(595) Eden regions: 157->0(63)
[2023-04-17T13:29:28.075-0400][gc,heap     ] GC(595) Survivor regions: 5->8(21)
[2023-04-17T13:29:28.075-0400][gc,heap     ] GC(595) Old regions: 227->227
[2023-04-17T13:29:28.075-0400][gc,heap     ] GC(595) Archive regions: 2->2
[2023-04-17T13:29:28.075-0400][gc,heap     ] GC(595) Humongous regions: 129->129
[2023-04-17T13:29:28.075-0400][gc,metaspace] GC(595) Metaspace: 44158K(44928K)->44158K(44928K) NonClass: 39063K(39488K)->39063K(39488K) Class: 5095K(5440K)->5095K(5440K)
[2023-04-17T13:29:28.075-0400][gc          ] GC(595) Pause Young (Normal) (G1 Evacuation Pause) 518M->363M(1024M) 42.823ms
[2023-04-17T13:29:28.075-0400][gc,cpu      ] GC(595) User=0.03s Sys=0.01s Real=0.04s
[2023-04-17T13:30:08.384-0400][gc,start    ] GC(596) Pause Young (Normal) (G1 Evacuation Pause)
[2023-04-17T13:30:08.384-0400][gc,task     ] GC(596) Using 8 workers of 8 for evacuation
[2023-04-17T13:30:08.401-0400][gc,phases   ] GC(596)   Pre Evacuate Collection Set: 0.2ms
[2023-04-17T13:30:08.401-0400][gc,phases   ] GC(596)   Merge Heap Roots: 0.2ms
[2023-04-17T13:30:08.401-0400][gc,phases   ] GC(596)   Evacuate Collection Set: 16.1ms
[2023-04-17T13:30:08.401-0400][gc,phases   ] GC(596)   Post Evacuate Collection Set: 0.3ms
[2023-04-17T13:30:08.401-0400][gc,phases   ] GC(596)   Other: 0.9ms
[2023-04-17T13:30:08.401-0400][gc,heap     ] GC(596) Eden regions: 63->0(230)
[2023-04-17T13:30:08.401-0400][gc,heap     ] GC(596) Survivor regions: 8->5(9)
[2023-04-17T13:30:08.402-0400][gc,heap     ] GC(596) Old regions: 227->231
[2023-04-17T13:30:08.402-0400][gc,heap     ] GC(596) Archive regions: 2->2
[2023-04-17T13:30:08.402-0400][gc,heap     ] GC(596) Humongous regions: 129->129
[2023-04-17T13:30:08.402-0400][gc,metaspace] GC(596) Metaspace: 44158K(44928K)->44158K(44928K) NonClass: 39063K(39488K)->39063K(39488K) Class: 5095K(5440K)->5095K(5440K)
[2023-04-17T13:30:08.402-0400][gc          ] GC(596) Pause Young (Normal) (G1 Evacuation Pause) 426M->364M(1024M) 18.008ms
[2023-04-17T13:30:08.402-0400][gc,cpu      ] GC(596) User=0.03s Sys=0.02s Real=0.02s
[2023-04-17T13:32:38.621-0400][gc,start    ] GC(597) Pause Young (Normal) (G1 Evacuation Pause)
[2023-04-17T13:32:38.622-0400][gc,task     ] GC(597) Using 8 workers of 8 for evacuation
[2023-04-17T13:32:38.651-0400][gc,mmu      ] GC(597) MMU target violated: 21.0ms (20.0ms/21.0ms)
[2023-04-17T13:32:38.652-0400][gc,phases   ] GC(597)   Pre Evacuate Collection Set: 1.7ms
[2023-04-17T13:32:38.652-0400][gc,phases   ] GC(597)   Merge Heap Roots: 0.1ms
[2023-04-17T13:32:38.652-0400][gc,phases   ] GC(597)   Evacuate Collection Set: 26.1ms
[2023-04-17T13:32:38.652-0400][gc,phases   ] GC(597)   Post Evacuate Collection Set: 0.9ms
[2023-04-17T13:32:38.652-0400][gc,phases   ] GC(597)   Other: 1.0ms
[2023-04-17T13:32:38.652-0400][gc,heap     ] GC(597) Eden regions: 230->0(42)
[2023-04-17T13:32:38.652-0400][gc,heap     ] GC(597) Survivor regions: 5->9(30)
[2023-04-17T13:32:38.652-0400][gc,heap     ] GC(597) Old regions: 231->231
[2023-04-17T13:32:38.652-0400][gc,heap     ] GC(597) Archive regions: 2->2
[2023-04-17T13:32:38.652-0400][gc,heap     ] GC(597) Humongous regions: 129->129
[2023-04-17T13:32:38.652-0400][gc,metaspace] GC(597) Metaspace: 44158K(44928K)->44158K(44928K) NonClass: 39063K(39488K)->39063K(39488K) Class: 5095K(5440K)->5095K(5440K)
[2023-04-17T13:32:38.652-0400][gc          ] GC(597) Pause Young (Normal) (G1 Evacuation Pause) 594M->368M(1024M) 30.340ms
[2023-04-17T13:32:38.652-0400][gc,cpu      ] GC(597) User=0.05s Sys=0.06s Real=0.03s
[2023-04-17T13:33:05.093-0400][gc,start    ] GC(598) Pause Young (Normal) (G1 Evacuation Pause)
[2023-04-17T13:33:05.093-0400][gc,task     ] GC(598) Using 8 workers of 8 for evacuation
[2023-04-17T13:33:05.116-0400][gc,mmu      ] GC(598) MMU target violated: 21.0ms (20.0ms/21.0ms)
[2023-04-17T13:33:05.116-0400][gc,phases   ] GC(598)   Pre Evacuate Collection Set: 2.5ms
[2023-04-17T13:33:05.116-0400][gc,phases   ] GC(598)   Merge Heap Roots: 0.2ms
[2023-04-17T13:33:05.116-0400][gc,phases   ] GC(598)   Evacuate Collection Set: 16.4ms
[2023-04-17T13:33:05.116-0400][gc,phases   ] GC(598)   Post Evacuate Collection Set: 2.7ms
[2023-04-17T13:33:05.116-0400][gc,phases   ] GC(598)   Other: 1.2ms
[2023-04-17T13:33:05.116-0400][gc,heap     ] GC(598) Eden regions: 42->0(193)
[2023-04-17T13:33:05.116-0400][gc,heap     ] GC(598) Survivor regions: 9->2(7)
[2023-04-17T13:33:05.116-0400][gc,heap     ] GC(598) Old regions: 231->238
[2023-04-17T13:33:05.116-0400][gc,heap     ] GC(598) Archive regions: 2->2
[2023-04-17T13:33:05.116-0400][gc,heap     ] GC(598) Humongous regions: 129->129
[2023-04-17T13:33:05.116-0400][gc,metaspace] GC(598) Metaspace: 44158K(44928K)->44158K(44928K) NonClass: 39063K(39488K)->39063K(39488K) Class: 5095K(5440K)->5095K(5440K)
[2023-04-17T13:33:05.117-0400][gc          ] GC(598) Pause Young (Normal) (G1 Evacuation Pause) 410M->369M(1024M) 23.404ms
[2023-04-17T13:33:05.117-0400][gc,cpu      ] GC(598) User=0.05s Sys=0.03s Real=0.02s
[2023-04-17T13:35:09.995-0400][gc,start    ] GC(599) Pause Young (Normal) (G1 Evacuation Pause)
[2023-04-17T13:35:09.996-0400][gc,task     ] GC(599) Using 8 workers of 8 for evacuation
[2023-04-17T13:35:10.005-0400][gc,phases   ] GC(599)   Pre Evacuate Collection Set: 0.2ms
[2023-04-17T13:35:10.005-0400][gc,phases   ] GC(599)   Merge Heap Roots: 0.1ms
[2023-04-17T13:35:10.005-0400][gc,phases   ] GC(599)   Evacuate Collection Set: 7.4ms
[2023-04-17T13:35:10.005-0400][gc,phases   ] GC(599)   Post Evacuate Collection Set: 0.5ms
[2023-04-17T13:35:10.005-0400][gc,phases   ] GC(599)   Other: 0.2ms
[2023-04-17T13:35:10.005-0400][gc,heap     ] GC(599) Eden regions: 193->0(63)
[2023-04-17T13:35:10.005-0400][gc,heap     ] GC(599) Survivor regions: 2->7(25)
[2023-04-17T13:35:10.005-0400][gc,heap     ] GC(599) Old regions: 238->238
[2023-04-17T13:35:10.005-0400][gc,heap     ] GC(599) Archive regions: 2->2
[2023-04-17T13:35:10.005-0400][gc,heap     ] GC(599) Humongous regions: 129->129
[2023-04-17T13:35:10.005-0400][gc,metaspace] GC(599) Metaspace: 44158K(44928K)->44158K(44928K) NonClass: 39063K(39488K)->39063K(39488K) Class: 5095K(5440K)->5095K(5440K)
[2023-04-17T13:35:10.005-0400][gc          ] GC(599) Pause Young (Normal) (G1 Evacuation Pause) 562M->373M(1024M) 9.548ms
[2023-04-17T13:35:10.005-0400][gc,cpu      ] GC(599) User=0.04s Sys=0.01s Real=0.01s
[2023-04-17T13:35:50.047-0400][gc,start    ] GC(600) Pause Young (Normal) (G1 Evacuation Pause)
[2023-04-17T13:35:50.047-0400][gc,task     ] GC(600) Using 8 workers of 8 for evacuation
[2023-04-17T13:35:50.056-0400][gc,phases   ] GC(600)   Pre Evacuate Collection Set: 0.9ms
[2023-04-17T13:35:50.056-0400][gc,phases   ] GC(600)   Merge Heap Roots: 0.1ms
[2023-04-17T13:35:50.056-0400][gc,phases   ] GC(600)   Evacuate Collection Set: 6.7ms
[2023-04-17T13:35:50.056-0400][gc,phases   ] GC(600)   Post Evacuate Collection Set: 1.1ms
[2023-04-17T13:35:50.056-0400][gc,phases   ] GC(600)   Other: 0.1ms
[2023-04-17T13:35:50.056-0400][gc,heap     ] GC(600) Eden regions: 63->0(246)
[2023-04-17T13:35:50.056-0400][gc,heap     ] GC(600) Survivor regions: 7->2(9)
[2023-04-17T13:35:50.056-0400][gc,heap     ] GC(600) Old regions: 238->244
[2023-04-17T13:35:50.056-0400][gc,heap     ] GC(600) Archive regions: 2->2
[2023-04-17T13:35:50.056-0400][gc,heap     ] GC(600) Humongous regions: 129->129
[2023-04-17T13:35:50.056-0400][gc,metaspace] GC(600) Metaspace: 44158K(44928K)->44158K(44928K) NonClass: 39063K(39488K)->39063K(39488K) Class: 5095K(5440K)->5095K(5440K)
[2023-04-17T13:35:50.056-0400][gc          ] GC(600) Pause Young (Normal) (G1 Evacuation Pause) 436M->375M(1024M) 9.541ms
[2023-04-17T13:35:50.056-0400][gc,cpu      ] GC(600) User=0.02s Sys=0.00s Real=0.01s
[2023-04-17T13:38:29.827-0400][gc,start    ] GC(601) Pause Young (Normal) (G1 Evacuation Pause)
[2023-04-17T13:38:29.828-0400][gc,task     ] GC(601) Using 8 workers of 8 for evacuation
[2023-04-17T13:38:29.855-0400][gc,mmu      ] GC(601) MMU target violated: 21.0ms (20.0ms/21.0ms)
[2023-04-17T13:38:29.863-0400][gc,phases   ] GC(601)   Pre Evacuate Collection Set: 1.0ms
[2023-04-17T13:38:29.863-0400][gc,phases   ] GC(601)   Merge Heap Roots: 0.2ms
[2023-04-17T13:38:29.863-0400][gc,phases   ] GC(601)   Evacuate Collection Set: 25.5ms
[2023-04-17T13:38:29.863-0400][gc,phases   ] GC(601)   Post Evacuate Collection Set: 0.3ms
[2023-04-17T13:38:29.863-0400][gc,phases   ] GC(601)   Other: 7.8ms
[2023-04-17T13:38:29.863-0400][gc,heap     ] GC(601) Eden regions: 246->0(45)
[2023-04-17T13:38:29.863-0400][gc,heap     ] GC(601) Survivor regions: 2->6(31)
[2023-04-17T13:38:29.863-0400][gc,heap     ] GC(601) Old regions: 244->244
[2023-04-17T13:38:29.863-0400][gc,heap     ] GC(601) Archive regions: 2->2
[2023-04-17T13:38:29.863-0400][gc,heap     ] GC(601) Humongous regions: 129->129
[2023-04-17T13:38:29.863-0400][gc,metaspace] GC(601) Metaspace: 44158K(44928K)->44158K(44928K) NonClass: 39063K(39488K)->39063K(39488K) Class: 5095K(5440K)->5095K(5440K)
[2023-04-17T13:38:29.864-0400][gc          ] GC(601) Pause Young (Normal) (G1 Evacuation Pause) 621M->379M(1024M) 36.336ms
[2023-04-17T13:38:29.864-0400][gc,cpu      ] GC(601) User=0.04s Sys=0.04s Real=0.04s
[2023-04-17T13:38:58.405-0400][gc,start    ] GC(602) Pause Young (Concurrent Start) (G1 Evacuation Pause)
[2023-04-17T13:38:58.405-0400][gc,task     ] GC(602) Using 8 workers of 8 for evacuation
[2023-04-17T13:38:58.493-0400][gc,mmu      ] GC(602) MMU target violated: 21.0ms (20.0ms/21.0ms)
[2023-04-17T13:38:58.493-0400][gc,phases   ] GC(602)   Pre Evacuate Collection Set: 3.3ms
[2023-04-17T13:38:58.493-0400][gc,phases   ] GC(602)   Merge Heap Roots: 0.1ms
[2023-04-17T13:38:58.493-0400][gc,phases   ] GC(602)   Evacuate Collection Set: 83.2ms
[2023-04-17T13:38:58.493-0400][gc,phases   ] GC(602)   Post Evacuate Collection Set: 0.8ms
[2023-04-17T13:38:58.493-0400][gc,phases   ] GC(602)   Other: 0.0ms
[2023-04-17T13:38:58.493-0400][gc,heap     ] GC(602) Eden regions: 45->0(181)
[2023-04-17T13:38:58.493-0400][gc,heap     ] GC(602) Survivor regions: 6->2(7)
[2023-04-17T13:38:58.493-0400][gc,heap     ] GC(602) Old regions: 244->249
[2023-04-17T13:38:58.493-0400][gc,heap     ] GC(602) Archive regions: 2->2
[2023-04-17T13:38:58.493-0400][gc,heap     ] GC(602) Humongous regions: 129->129
[2023-04-17T13:38:58.493-0400][gc,metaspace] GC(602) Metaspace: 44158K(44928K)->44158K(44928K) NonClass: 39063K(39488K)->39063K(39488K) Class: 5095K(5440K)->5095K(5440K)
[2023-04-17T13:38:58.493-0400][gc          ] GC(602) Pause Young (Concurrent Start) (G1 Evacuation Pause) 424M->379M(1024M) 87.769ms
[2023-04-17T13:38:58.493-0400][gc,cpu      ] GC(602) User=0.10s Sys=0.05s Real=0.09s
[2023-04-17T13:38:58.494-0400][gc          ] GC(603) Concurrent Mark Cycle
[2023-04-17T13:38:58.494-0400][gc,marking  ] GC(603) Concurrent Clear Claimed Marks
[2023-04-17T13:38:58.495-0400][gc,marking  ] GC(603) Concurrent Clear Claimed Marks 0.264ms
[2023-04-17T13:38:58.495-0400][gc,marking  ] GC(603) Concurrent Scan Root Regions
[2023-04-17T13:38:58.544-0400][gc,marking  ] GC(603) Concurrent Scan Root Regions 49.052ms
[2023-04-17T13:38:58.544-0400][gc,marking  ] GC(603) Concurrent Mark
[2023-04-17T13:38:58.544-0400][gc,marking  ] GC(603) Concurrent Mark From Roots
[2023-04-17T13:38:58.544-0400][gc,task     ] GC(603) Using 2 workers of 2 for marking
[2023-04-17T13:38:58.684-0400][gc,marking  ] GC(603) Concurrent Mark From Roots 139.739ms
[2023-04-17T13:38:58.684-0400][gc,marking  ] GC(603) Concurrent Preclean
[2023-04-17T13:38:58.684-0400][gc,marking  ] GC(603) Concurrent Preclean 0.086ms
[2023-04-17T13:38:58.684-0400][gc,start    ] GC(603) Pause Remark
[2023-04-17T13:38:58.813-0400][gc,mmu      ] GC(603) MMU target violated: 21.0ms (20.0ms/21.0ms)
[2023-04-17T13:38:58.813-0400][gc          ] GC(603) Pause Remark 380M->252M(1024M) 129.354ms
[2023-04-17T13:38:58.813-0400][gc,cpu      ] GC(603) User=0.03s Sys=0.16s Real=0.13s
[2023-04-17T13:38:58.813-0400][gc,marking  ] GC(603) Concurrent Mark 269.432ms
[2023-04-17T13:38:58.813-0400][gc,marking  ] GC(603) Concurrent Rebuild Remembered Sets
[2023-04-17T13:38:58.833-0400][gc,marking  ] GC(603) Concurrent Rebuild Remembered Sets 20.148ms
[2023-04-17T13:38:58.833-0400][gc,start    ] GC(603) Pause Cleanup
[2023-04-17T13:38:58.834-0400][gc          ] GC(603) Pause Cleanup 252M->252M(1024M) 0.776ms
[2023-04-17T13:38:58.834-0400][gc,cpu      ] GC(603) User=0.00s Sys=0.00s Real=0.00s
[2023-04-17T13:38:58.834-0400][gc,marking  ] GC(603) Concurrent Cleanup for Next Mark
[2023-04-17T13:38:58.850-0400][gc,marking  ] GC(603) Concurrent Cleanup for Next Mark 15.668ms
[2023-04-17T13:38:58.850-0400][gc          ] GC(603) Concurrent Mark Cycle 356.208ms
[2023-04-17T13:41:10.127-0400][gc,start    ] GC(604) Pause Young (Prepare Mixed) (G1 Evacuation Pause)
[2023-04-17T13:41:10.129-0400][gc,task     ] GC(604) Using 8 workers of 8 for evacuation
[2023-04-17T13:41:10.137-0400][gc,phases   ] GC(604)   Pre Evacuate Collection Set: 0.5ms
[2023-04-17T13:41:10.137-0400][gc,phases   ] GC(604)   Merge Heap Roots: 0.2ms
[2023-04-17T13:41:10.137-0400][gc,phases   ] GC(604)   Evacuate Collection Set: 6.6ms
[2023-04-17T13:41:10.137-0400][gc,phases   ] GC(604)   Post Evacuate Collection Set: 0.6ms
[2023-04-17T13:41:10.137-0400][gc,phases   ] GC(604)   Other: 0.2ms
[2023-04-17T13:41:10.137-0400][gc,heap     ] GC(604) Eden regions: 201->0(46)
[2023-04-17T13:41:10.137-0400][gc,heap     ] GC(604) Survivor regions: 2->5(26)
[2023-04-17T13:41:10.137-0400][gc,heap     ] GC(604) Old regions: 121->121
[2023-04-17T13:41:10.137-0400][gc,heap     ] GC(604) Archive regions: 2->2
[2023-04-17T13:41:10.137-0400][gc,heap     ] GC(604) Humongous regions: 129->129
[2023-04-17T13:41:10.137-0400][gc,metaspace] GC(604) Metaspace: 44158K(44928K)->44158K(44928K) NonClass: 39063K(39488K)->39063K(39488K) Class: 5095K(5440K)->5095K(5440K)
[2023-04-17T13:41:10.137-0400][gc          ] GC(604) Pause Young (Prepare Mixed) (G1 Evacuation Pause) 452M->254M(1024M) 10.031ms
[2023-04-17T13:41:10.137-0400][gc,cpu      ] GC(604) User=0.04s Sys=0.01s Real=0.01s
[2023-04-17T13:41:38.543-0400][gc,start    ] GC(605) Pause Young (Mixed) (G1 Evacuation Pause)
[2023-04-17T13:41:38.544-0400][gc,task     ] GC(605) Using 8 workers of 8 for evacuation
[2023-04-17T13:41:38.560-0400][gc,phases   ] GC(605)   Pre Evacuate Collection Set: 1.9ms
[2023-04-17T13:41:38.560-0400][gc,phases   ] GC(605)   Merge Heap Roots: 1.0ms
[2023-04-17T13:41:38.560-0400][gc,phases   ] GC(605)   Evacuate Collection Set: 11.6ms
[2023-04-17T13:41:38.560-0400][gc,phases   ] GC(605)   Post Evacuate Collection Set: 1.7ms
[2023-04-17T13:41:38.560-0400][gc,phases   ] GC(605)   Other: 0.2ms
[2023-04-17T13:41:38.560-0400][gc,heap     ] GC(605) Eden regions: 46->0(112)
[2023-04-17T13:41:38.560-0400][gc,heap     ] GC(605) Survivor regions: 5->5(7)
[2023-04-17T13:41:38.560-0400][gc,heap     ] GC(605) Old regions: 121->74
[2023-04-17T13:41:38.560-0400][gc,heap     ] GC(605) Archive regions: 2->2
[2023-04-17T13:41:38.560-0400][gc,heap     ] GC(605) Humongous regions: 129->129
[2023-04-17T13:41:38.560-0400][gc,metaspace] GC(605) Metaspace: 44158K(44928K)->44158K(44928K) NonClass: 39063K(39488K)->39063K(39488K) Class: 5095K(5440K)->5095K(5440K)
[2023-04-17T13:41:38.560-0400][gc          ] GC(605) Pause Young (Mixed) (G1 Evacuation Pause) 300M->207M(1024M) 17.291ms
[2023-04-17T13:41:38.560-0400][gc,cpu      ] GC(605) User=0.03s Sys=0.03s Real=0.02s
[2023-04-17T13:42:49.888-0400][gc,start    ] GC(606) Pause Young (Normal) (G1 Evacuation Pause)
[2023-04-17T13:42:49.888-0400][gc,task     ] GC(606) Using 8 workers of 8 for evacuation
[2023-04-17T13:42:49.894-0400][gc,phases   ] GC(606)   Pre Evacuate Collection Set: 0.9ms
[2023-04-17T13:42:49.894-0400][gc,phases   ] GC(606)   Merge Heap Roots: 0.1ms
[2023-04-17T13:42:49.894-0400][gc,phases   ] GC(606)   Evacuate Collection Set: 4.0ms
[2023-04-17T13:42:49.894-0400][gc,phases   ] GC(606)   Post Evacuate Collection Set: 0.3ms
[2023-04-17T13:42:49.894-0400][gc,phases   ] GC(606)   Other: 0.1ms
[2023-04-17T13:42:49.894-0400][gc,heap     ] GC(606) Eden regions: 112->0(93)
[2023-04-17T13:42:49.894-0400][gc,heap     ] GC(606) Survivor regions: 5->7(15)
[2023-04-17T13:42:49.894-0400][gc,heap     ] GC(606) Old regions: 74->74
[2023-04-17T13:42:49.894-0400][gc,heap     ] GC(606) Archive regions: 2->2
[2023-04-17T13:42:49.894-0400][gc,heap     ] GC(606) Humongous regions: 129->129
[2023-04-17T13:42:49.894-0400][gc,metaspace] GC(606) Metaspace: 44158K(44928K)->44158K(44928K) NonClass: 39063K(39488K)->39063K(39488K) Class: 5095K(5440K)->5095K(5440K)
[2023-04-17T13:42:49.894-0400][gc          ] GC(606) Pause Young (Normal) (G1 Evacuation Pause) 319M->210M(1024M) 5.879ms
[2023-04-17T13:42:49.894-0400][gc,cpu      ] GC(606) User=0.02s Sys=0.01s Real=0.01s
[2023-04-17T13:43:50.335-0400][gc,start    ] GC(607) Pause Young (Normal) (G1 Evacuation Pause)
[2023-04-17T13:43:50.339-0400][gc,task     ] GC(607) Using 8 workers of 8 for evacuation
[2023-04-17T13:43:50.379-0400][gc,mmu      ] GC(607) MMU target violated: 21.0ms (20.0ms/21.0ms)
[2023-04-17T13:43:50.379-0400][gc,phases   ] GC(607)   Pre Evacuate Collection Set: 2.5ms
[2023-04-17T13:43:50.379-0400][gc,phases   ] GC(607)   Merge Heap Roots: 0.2ms
[2023-04-17T13:43:50.379-0400][gc,phases   ] GC(607)   Evacuate Collection Set: 36.8ms
[2023-04-17T13:43:50.379-0400][gc,phases   ] GC(607)   Post Evacuate Collection Set: 0.3ms
[2023-04-17T13:43:50.379-0400][gc,phases   ] GC(607)   Other: 0.3ms
[2023-04-17T13:43:50.379-0400][gc,heap     ] GC(607) Eden regions: 93->0(46)
[2023-04-17T13:43:50.379-0400][gc,heap     ] GC(607) Survivor regions: 7->5(13)
[2023-04-17T13:43:50.379-0400][gc,heap     ] GC(607) Old regions: 74->77
[2023-04-17T13:43:50.379-0400][gc,heap     ] GC(607) Archive regions: 2->2
[2023-04-17T13:43:50.379-0400][gc,heap     ] GC(607) Humongous regions: 129->129
[2023-04-17T13:43:50.379-0400][gc,metaspace] GC(607) Metaspace: 44158K(44928K)->44158K(44928K) NonClass: 39063K(39488K)->39063K(39488K) Class: 5095K(5440K)->5095K(5440K)
[2023-04-17T13:43:50.379-0400][gc          ] GC(607) Pause Young (Normal) (G1 Evacuation Pause) 303M->211M(1024M) 43.613ms
[2023-04-17T13:43:50.379-0400][gc,cpu      ] GC(607) User=0.05s Sys=0.05s Real=0.04s
[2023-04-17T13:44:20.177-0400][gc,start    ] GC(608) Pause Young (Normal) (G1 Evacuation Pause)
[2023-04-17T13:44:20.178-0400][gc,task     ] GC(608) Using 8 workers of 8 for evacuation
[2023-04-17T13:44:20.198-0400][gc,phases   ] GC(608)   Pre Evacuate Collection Set: 0.4ms
[2023-04-17T13:44:20.198-0400][gc,phases   ] GC(608)   Merge Heap Roots: 0.3ms
[2023-04-17T13:44:20.198-0400][gc,phases   ] GC(608)   Evacuate Collection Set: 17.8ms
[2023-04-17T13:44:20.198-0400][gc,phases   ] GC(608)   Post Evacuate Collection Set: 0.4ms
[2023-04-17T13:44:20.198-0400][gc,phases   ] GC(608)   Other: 0.9ms
[2023-04-17T13:44:20.198-0400][gc,heap     ] GC(608) Eden regions: 46->0(46)
[2023-04-17T13:44:20.198-0400][gc,heap     ] GC(608) Survivor regions: 5->5(7)
[2023-04-17T13:44:20.198-0400][gc,heap     ] GC(608) Old regions: 77->78
[2023-04-17T13:44:20.198-0400][gc,heap     ] GC(608) Archive regions: 2->2
[2023-04-17T13:44:20.198-0400][gc,heap     ] GC(608) Humongous regions: 129->129
[2023-04-17T13:44:20.198-0400][gc,metaspace] GC(608) Metaspace: 44158K(44928K)->44158K(44928K) NonClass: 39063K(39488K)->39063K(39488K) Class: 5095K(5440K)->5095K(5440K)
[2023-04-17T13:44:20.198-0400][gc          ] GC(608) Pause Young (Normal) (G1 Evacuation Pause) 257M->212M(1024M) 20.783ms
[2023-04-17T13:44:20.198-0400][gc,cpu      ] GC(608) User=0.04s Sys=0.06s Real=0.02s
[2023-04-17T13:44:50.611-0400][gc,start    ] GC(609) Pause Young (Normal) (G1 Evacuation Pause)
[2023-04-17T13:44:50.612-0400][gc,task     ] GC(609) Using 8 workers of 8 for evacuation
[2023-04-17T13:44:50.626-0400][gc,phases   ] GC(609)   Pre Evacuate Collection Set: 0.2ms
[2023-04-17T13:44:50.626-0400][gc,phases   ] GC(609)   Merge Heap Roots: 0.3ms
[2023-04-17T13:44:50.626-0400][gc,phases   ] GC(609)   Evacuate Collection Set: 12.5ms
[2023-04-17T13:44:50.626-0400][gc,phases   ] GC(609)   Post Evacuate Collection Set: 0.4ms
[2023-04-17T13:44:50.626-0400][gc,phases   ] GC(609)   Other: 0.3ms
[2023-04-17T13:44:50.626-0400][gc,heap     ] GC(609) Eden regions: 46->0(158)
[2023-04-17T13:44:50.626-0400][gc,heap     ] GC(609) Survivor regions: 5->3(7)
[2023-04-17T13:44:50.626-0400][gc,heap     ] GC(609) Old regions: 78->81
[2023-04-17T13:44:50.626-0400][gc,heap     ] GC(609) Archive regions: 2->2
[2023-04-17T13:44:50.626-0400][gc,heap     ] GC(609) Humongous regions: 129->129
[2023-04-17T13:44:50.626-0400][gc,metaspace] GC(609) Metaspace: 44158K(44928K)->44158K(44928K) NonClass: 39063K(39488K)->39063K(39488K) Class: 5095K(5440K)->5095K(5440K)
[2023-04-17T13:44:50.626-0400][gc          ] GC(609) Pause Young (Normal) (G1 Evacuation Pause) 258M->212M(1024M) 15.309ms
[2023-04-17T13:44:50.626-0400][gc,cpu      ] GC(609) User=0.04s Sys=0.02s Real=0.01s
[2023-04-17T13:46:33.739-0400][gc,start    ] GC(610) Pause Young (Normal) (G1 Evacuation Pause)
[2023-04-17T13:46:33.740-0400][gc,task     ] GC(610) Using 8 workers of 8 for evacuation
[2023-04-17T13:46:33.766-0400][gc,mmu      ] GC(610) MMU target violated: 21.0ms (20.0ms/21.0ms)
[2023-04-17T13:46:33.766-0400][gc,phases   ] GC(610)   Pre Evacuate Collection Set: 3.0ms
[2023-04-17T13:46:33.766-0400][gc,phases   ] GC(610)   Merge Heap Roots: 0.2ms
[2023-04-17T13:46:33.766-0400][gc,phases   ] GC(610)   Evacuate Collection Set: 18.4ms
[2023-04-17T13:46:33.766-0400][gc,phases   ] GC(610)   Post Evacuate Collection Set: 1.2ms
[2023-04-17T13:46:33.766-0400][gc,phases   ] GC(610)   Other: 2.7ms
[2023-04-17T13:46:33.766-0400][gc,heap     ] GC(610) Eden regions: 158->0(45)
[2023-04-17T13:46:33.766-0400][gc,heap     ] GC(610) Survivor regions: 3->6(21)
[2023-04-17T13:46:33.766-0400][gc,heap     ] GC(610) Old regions: 81->81
[2023-04-17T13:46:33.766-0400][gc,heap     ] GC(610) Archive regions: 2->2
[2023-04-17T13:46:33.766-0400][gc,heap     ] GC(610) Humongous regions: 129->129
[2023-04-17T13:46:33.766-0400][gc,metaspace] GC(610) Metaspace: 44158K(44928K)->44158K(44928K) NonClass: 39063K(39488K)->39063K(39488K) Class: 5095K(5440K)->5095K(5440K)
[2023-04-17T13:46:33.766-0400][gc          ] GC(610) Pause Young (Normal) (G1 Evacuation Pause) 370M->215M(1024M) 27.051ms
[2023-04-17T13:46:33.766-0400][gc,cpu      ] GC(610) User=0.04s Sys=0.06s Real=0.03s
[2023-04-17T13:47:03.040-0400][gc,start    ] GC(611) Pause Young (Normal) (G1 Evacuation Pause)
[2023-04-17T13:47:03.041-0400][gc,task     ] GC(611) Using 8 workers of 8 for evacuation
[2023-04-17T13:47:03.060-0400][gc,phases   ] GC(611)   Pre Evacuate Collection Set: 0.5ms
[2023-04-17T13:47:03.060-0400][gc,phases   ] GC(611)   Merge Heap Roots: 0.2ms
[2023-04-17T13:47:03.060-0400][gc,phases   ] GC(611)   Evacuate Collection Set: 17.1ms
[2023-04-17T13:47:03.060-0400][gc,phases   ] GC(611)   Post Evacuate Collection Set: 0.4ms
[2023-04-17T13:47:03.060-0400][gc,phases   ] GC(611)   Other: 0.3ms
[2023-04-17T13:47:03.060-0400][gc,heap     ] GC(611) Eden regions: 45->0(76)
[2023-04-17T13:47:03.060-0400][gc,heap     ] GC(611) Survivor regions: 6->4(7)
[2023-04-17T13:47:03.060-0400][gc,heap     ] GC(611) Old regions: 81->82
[2023-04-17T13:47:03.060-0400][gc,heap     ] GC(611) Archive regions: 2->2
[2023-04-17T13:47:03.060-0400][gc,heap     ] GC(611) Humongous regions: 129->129
[2023-04-17T13:47:03.060-0400][gc,metaspace] GC(611) Metaspace: 44158K(44928K)->44158K(44928K) NonClass: 39063K(39488K)->39063K(39488K) Class: 5095K(5440K)->5095K(5440K)
[2023-04-17T13:47:03.060-0400][gc          ] GC(611) Pause Young (Normal) (G1 Evacuation Pause) 260M->215M(1024M) 20.509ms
[2023-04-17T13:47:03.060-0400][gc,cpu      ] GC(611) User=0.04s Sys=0.03s Real=0.02s
[2023-04-17T13:47:53.461-0400][gc,start    ] GC(612) Pause Young (Normal) (G1 Evacuation Pause)
[2023-04-17T13:47:53.463-0400][gc,task     ] GC(612) Using 8 workers of 8 for evacuation
[2023-04-17T13:47:53.471-0400][gc,phases   ] GC(612)   Pre Evacuate Collection Set: 0.3ms
[2023-04-17T13:47:53.471-0400][gc,phases   ] GC(612)   Merge Heap Roots: 0.2ms
[2023-04-17T13:47:53.471-0400][gc,phases   ] GC(612)   Evacuate Collection Set: 6.7ms
[2023-04-17T13:47:53.471-0400][gc,phases   ] GC(612)   Post Evacuate Collection Set: 0.5ms
[2023-04-17T13:47:53.471-0400][gc,phases   ] GC(612)   Other: 0.2ms
[2023-04-17T13:47:53.471-0400][gc,heap     ] GC(612) Eden regions: 76->0(45)
[2023-04-17T13:47:53.471-0400][gc,heap     ] GC(612) Survivor regions: 4->6(10)
[2023-04-17T13:47:53.471-0400][gc,heap     ] GC(612) Old regions: 82->82
[2023-04-17T13:47:53.471-0400][gc,heap     ] GC(612) Archive regions: 2->2
[2023-04-17T13:47:53.471-0400][gc,heap     ] GC(612) Humongous regions: 129->129
[2023-04-17T13:47:53.471-0400][gc,metaspace] GC(612) Metaspace: 44158K(44928K)->44158K(44928K) NonClass: 39063K(39488K)->39063K(39488K) Class: 5095K(5440K)->5095K(5440K)
[2023-04-17T13:47:53.471-0400][gc          ] GC(612) Pause Young (Normal) (G1 Evacuation Pause) 291M->216M(1024M) 10.238ms
[2023-04-17T13:47:53.471-0400][gc,cpu      ] GC(612) User=0.05s Sys=0.01s Real=0.01s
[2023-04-17T13:48:23.332-0400][gc,start    ] GC(613) Pause Young (Normal) (G1 Evacuation Pause)
[2023-04-17T13:48:23.333-0400][gc,task     ] GC(613) Using 8 workers of 8 for evacuation
[2023-04-17T13:48:23.363-0400][gc,mmu      ] GC(613) MMU target violated: 21.0ms (20.0ms/21.0ms)
[2023-04-17T13:48:23.363-0400][gc,phases   ] GC(613)   Pre Evacuate Collection Set: 0.4ms
[2023-04-17T13:48:23.363-0400][gc,phases   ] GC(613)   Merge Heap Roots: 0.2ms
[2023-04-17T13:48:23.363-0400][gc,phases   ] GC(613)   Evacuate Collection Set: 29.2ms
[2023-04-17T13:48:23.363-0400][gc,phases   ] GC(613)   Post Evacuate Collection Set: 0.3ms
[2023-04-17T13:48:23.363-0400][gc,phases   ] GC(613)   Other: 0.3ms
[2023-04-17T13:48:23.363-0400][gc,heap     ] GC(613) Eden regions: 45->0(100)
[2023-04-17T13:48:23.363-0400][gc,heap     ] GC(613) Survivor regions: 6->3(7)
[2023-04-17T13:48:23.363-0400][gc,heap     ] GC(613) Old regions: 82->85
[2023-04-17T13:48:23.363-0400][gc,heap     ] GC(613) Archive regions: 2->2
[2023-04-17T13:48:23.363-0400][gc,heap     ] GC(613) Humongous regions: 129->129
[2023-04-17T13:48:23.363-0400][gc,metaspace] GC(613) Metaspace: 44158K(44928K)->44158K(44928K) NonClass: 39063K(39488K)->39063K(39488K) Class: 5095K(5440K)->5095K(5440K)
[2023-04-17T13:48:23.363-0400][gc          ] GC(613) Pause Young (Normal) (G1 Evacuation Pause) 261M->217M(1024M) 31.424ms
[2023-04-17T13:48:23.363-0400][gc,cpu      ] GC(613) User=0.04s Sys=0.06s Real=0.03s
[2023-04-17T13:49:29.138-0400][gc,start    ] GC(614) Pause Young (Normal) (G1 Evacuation Pause)
[2023-04-17T13:49:29.139-0400][gc,task     ] GC(614) Using 8 workers of 8 for evacuation
[2023-04-17T13:49:29.148-0400][gc,phases   ] GC(614)   Pre Evacuate Collection Set: 0.3ms
[2023-04-17T13:49:29.149-0400][gc,phases   ] GC(614)   Merge Heap Roots: 0.3ms
[2023-04-17T13:49:29.149-0400][gc,phases   ] GC(614)   Evacuate Collection Set: 6.9ms
[2023-04-17T13:49:29.149-0400][gc,phases   ] GC(614)   Post Evacuate Collection Set: 1.5ms
[2023-04-17T13:49:29.149-0400][gc,phases   ] GC(614)   Other: 0.3ms
[2023-04-17T13:49:29.149-0400][gc,heap     ] GC(614) Eden regions: 100->0(46)
[2023-04-17T13:49:29.149-0400][gc,heap     ] GC(614) Survivor regions: 3->5(13)
[2023-04-17T13:49:29.149-0400][gc,heap     ] GC(614) Old regions: 85->85
[2023-04-17T13:49:29.149-0400][gc,heap     ] GC(614) Archive regions: 2->2
[2023-04-17T13:49:29.149-0400][gc,heap     ] GC(614) Humongous regions: 129->129
[2023-04-17T13:49:29.149-0400][gc,metaspace] GC(614) Metaspace: 44158K(44928K)->44158K(44928K) NonClass: 39063K(39488K)->39063K(39488K) Class: 5095K(5440K)->5095K(5440K)
[2023-04-17T13:49:29.149-0400][gc          ] GC(614) Pause Young (Normal) (G1 Evacuation Pause) 317M->219M(1024M) 11.168ms
[2023-04-17T13:49:29.149-0400][gc,cpu      ] GC(614) User=0.05s Sys=0.01s Real=0.01s
[2023-04-17T13:49:58.968-0400][gc,start    ] GC(615) Pause Young (Normal) (G1 Evacuation Pause)
[2023-04-17T13:49:58.968-0400][gc,task     ] GC(615) Using 8 workers of 8 for evacuation
[2023-04-17T13:49:58.981-0400][gc,phases   ] GC(615)   Pre Evacuate Collection Set: 0.2ms
[2023-04-17T13:49:58.981-0400][gc,phases   ] GC(615)   Merge Heap Roots: 0.2ms
[2023-04-17T13:49:58.981-0400][gc,phases   ] GC(615)   Evacuate Collection Set: 12.0ms
[2023-04-17T13:49:58.981-0400][gc,phases   ] GC(615)   Post Evacuate Collection Set: 0.3ms
[2023-04-17T13:49:58.981-0400][gc,phases   ] GC(615)   Other: 0.2ms
[2023-04-17T13:49:58.981-0400][gc,heap     ] GC(615) Eden regions: 46->0(120)
[2023-04-17T13:49:58.981-0400][gc,heap     ] GC(615) Survivor regions: 5->4(7)
[2023-04-17T13:49:58.981-0400][gc,heap     ] GC(615) Old regions: 85->87
[2023-04-17T13:49:58.981-0400][gc,heap     ] GC(615) Archive regions: 2->2
[2023-04-17T13:49:58.981-0400][gc,heap     ] GC(615) Humongous regions: 129->129
[2023-04-17T13:49:58.981-0400][gc,metaspace] GC(615) Metaspace: 44158K(44928K)->44158K(44928K) NonClass: 39063K(39488K)->39063K(39488K) Class: 5095K(5440K)->5095K(5440K)
[2023-04-17T13:49:58.981-0400][gc          ] GC(615) Pause Young (Normal) (G1 Evacuation Pause) 265M->220M(1024M) 13.695ms
[2023-04-17T13:49:58.981-0400][gc,cpu      ] GC(615) User=0.03s Sys=0.02s Real=0.02s
[2023-04-17T13:51:17.856-0400][gc,start    ] GC(616) Pause Young (Normal) (G1 Evacuation Pause)
[2023-04-17T13:51:17.857-0400][gc,task     ] GC(616) Using 8 workers of 8 for evacuation
[2023-04-17T13:51:17.862-0400][gc,phases   ] GC(616)   Pre Evacuate Collection Set: 0.1ms
[2023-04-17T13:51:17.862-0400][gc,phases   ] GC(616)   Merge Heap Roots: 0.1ms
[2023-04-17T13:51:17.862-0400][gc,phases   ] GC(616)   Evacuate Collection Set: 3.5ms
[2023-04-17T13:51:17.862-0400][gc,phases   ] GC(616)   Post Evacuate Collection Set: 0.3ms
[2023-04-17T13:51:17.862-0400][gc,phases   ] GC(616)   Other: 0.1ms
[2023-04-17T13:51:17.862-0400][gc,heap     ] GC(616) Eden regions: 120->0(94)
[2023-04-17T13:51:17.862-0400][gc,heap     ] GC(616) Survivor regions: 4->6(16)
[2023-04-17T13:51:17.862-0400][gc,heap     ] GC(616) Old regions: 87->87
[2023-04-17T13:51:17.862-0400][gc,heap     ] GC(616) Archive regions: 2->2
[2023-04-17T13:51:17.862-0400][gc,heap     ] GC(616) Humongous regions: 129->129
[2023-04-17T13:51:17.862-0400][gc,metaspace] GC(616) Metaspace: 44158K(44928K)->44158K(44928K) NonClass: 39063K(39488K)->39063K(39488K) Class: 5095K(5440K)->5095K(5440K)
[2023-04-17T13:51:17.862-0400][gc          ] GC(616) Pause Young (Normal) (G1 Evacuation Pause) 340M->222M(1024M) 5.538ms
[2023-04-17T13:51:17.862-0400][gc,cpu      ] GC(616) User=0.03s Sys=0.00s Real=0.01s
[2023-04-17T13:52:19.866-0400][gc,start    ] GC(617) Pause Young (Normal) (G1 Evacuation Pause)
[2023-04-17T13:52:19.866-0400][gc,task     ] GC(617) Using 8 workers of 8 for evacuation
[2023-04-17T13:52:19.874-0400][gc,phases   ] GC(617)   Pre Evacuate Collection Set: 0.9ms
[2023-04-17T13:52:19.874-0400][gc,phases   ] GC(617)   Merge Heap Roots: 0.1ms
[2023-04-17T13:52:19.874-0400][gc,phases   ] GC(617)   Evacuate Collection Set: 6.7ms
[2023-04-17T13:52:19.875-0400][gc,phases   ] GC(617)   Post Evacuate Collection Set: 0.4ms
[2023-04-17T13:52:19.875-0400][gc,phases   ] GC(617)   Other: 0.2ms
[2023-04-17T13:52:19.875-0400][gc,heap     ] GC(617) Eden regions: 94->0(71)
[2023-04-17T13:52:19.875-0400][gc,heap     ] GC(617) Survivor regions: 6->8(13)
[2023-04-17T13:52:19.875-0400][gc,heap     ] GC(617) Old regions: 87->87
[2023-04-17T13:52:19.875-0400][gc,heap     ] GC(617) Archive regions: 2->2
[2023-04-17T13:52:19.875-0400][gc,heap     ] GC(617) Humongous regions: 129->129
[2023-04-17T13:52:19.875-0400][gc,metaspace] GC(617) Metaspace: 44158K(44928K)->44158K(44928K) NonClass: 39063K(39488K)->39063K(39488K) Class: 5095K(5440K)->5095K(5440K)
[2023-04-17T13:52:19.875-0400][gc          ] GC(617) Pause Young (Normal) (G1 Evacuation Pause) 316M->223M(1024M) 9.072ms
[2023-04-17T13:52:19.875-0400][gc,cpu      ] GC(617) User=0.04s Sys=0.00s Real=0.01s
[2023-04-17T13:53:06.302-0400][gc,start    ] GC(618) Pause Young (Normal) (G1 Evacuation Pause)
[2023-04-17T13:53:06.303-0400][gc,task     ] GC(618) Using 8 workers of 8 for evacuation
[2023-04-17T13:53:06.332-0400][gc,mmu      ] GC(618) MMU target violated: 21.0ms (20.0ms/21.0ms)
[2023-04-17T13:53:06.332-0400][gc,phases   ] GC(618)   Pre Evacuate Collection Set: 0.3ms
[2023-04-17T13:53:06.332-0400][gc,phases   ] GC(618)   Merge Heap Roots: 0.2ms
[2023-04-17T13:53:06.332-0400][gc,phases   ] GC(618)   Evacuate Collection Set: 28.2ms
[2023-04-17T13:53:06.332-0400][gc,phases   ] GC(618)   Post Evacuate Collection Set: 0.4ms
[2023-04-17T13:53:06.332-0400][gc,phases   ] GC(618)   Other: 0.2ms
[2023-04-17T13:53:06.332-0400][gc,heap     ] GC(618) Eden regions: 71->0(44)
[2023-04-17T13:53:06.332-0400][gc,heap     ] GC(618) Survivor regions: 8->7(10)
[2023-04-17T13:53:06.332-0400][gc,heap     ] GC(618) Old regions: 87->90
[2023-04-17T13:53:06.332-0400][gc,heap     ] GC(618) Archive regions: 2->2
[2023-04-17T13:53:06.332-0400][gc,heap     ] GC(618) Humongous regions: 129->129
[2023-04-17T13:53:06.332-0400][gc,metaspace] GC(618) Metaspace: 44158K(44928K)->44158K(44928K) NonClass: 39063K(39488K)->39063K(39488K) Class: 5095K(5440K)->5095K(5440K)
[2023-04-17T13:53:06.332-0400][gc          ] GC(618) Pause Young (Normal) (G1 Evacuation Pause) 294M->225M(1024M) 29.674ms
[2023-04-17T13:53:06.332-0400][gc,cpu      ] GC(618) User=0.06s Sys=0.04s Real=0.03s
[2023-04-17T13:53:34.804-0400][gc,start    ] GC(619) Pause Young (Normal) (G1 Evacuation Pause)
[2023-04-17T13:53:34.839-0400][gc,task     ] GC(619) Using 8 workers of 8 for evacuation
[2023-04-17T13:53:34.858-0400][gc,phases   ] GC(619)   Pre Evacuate Collection Set: 2.0ms
[2023-04-17T13:53:34.858-0400][gc,phases   ] GC(619)   Merge Heap Roots: 0.1ms
[2023-04-17T13:53:34.858-0400][gc,phases   ] GC(619)   Evacuate Collection Set: 17.4ms
[2023-04-17T13:53:34.859-0400][gc,phases   ] GC(619)   Post Evacuate Collection Set: 0.2ms
[2023-04-17T13:53:34.859-0400][gc,phases   ] GC(619)   Other: 0.2ms
[2023-04-17T13:53:34.859-0400][gc,heap     ] GC(619) Eden regions: 44->0(126)
[2023-04-17T13:53:34.859-0400][gc,heap     ] GC(619) Survivor regions: 7->5(7)
[2023-04-17T13:53:34.859-0400][gc,heap     ] GC(619) Old regions: 90->93
[2023-04-17T13:53:34.859-0400][gc,heap     ] GC(619) Archive regions: 2->2
[2023-04-17T13:53:34.859-0400][gc,heap     ] GC(619) Humongous regions: 129->129
[2023-04-17T13:53:34.859-0400][gc,metaspace] GC(619) Metaspace: 44158K(44928K)->44158K(44928K) NonClass: 39063K(39488K)->39063K(39488K) Class: 5095K(5440K)->5095K(5440K)
[2023-04-17T13:53:34.859-0400][gc          ] GC(619) Pause Young (Normal) (G1 Evacuation Pause) 269M->226M(1024M) 54.696ms
[2023-04-17T13:53:34.859-0400][gc,cpu      ] GC(619) User=0.03s Sys=0.02s Real=0.05s
[2023-04-17T13:54:54.877-0400][gc,start    ] GC(620) Pause Young (Normal) (G1 Evacuation Pause)
[2023-04-17T13:54:54.877-0400][gc,task     ] GC(620) Using 8 workers of 8 for evacuation
[2023-04-17T13:54:54.888-0400][gc,phases   ] GC(620)   Pre Evacuate Collection Set: 0.4ms
[2023-04-17T13:54:54.888-0400][gc,phases   ] GC(620)   Merge Heap Roots: 0.2ms
[2023-04-17T13:54:54.888-0400][gc,phases   ] GC(620)   Evacuate Collection Set: 8.9ms
[2023-04-17T13:54:54.888-0400][gc,phases   ] GC(620)   Post Evacuate Collection Set: 0.4ms
[2023-04-17T13:54:54.888-0400][gc,phases   ] GC(620)   Other: 0.3ms
[2023-04-17T13:54:54.888-0400][gc,heap     ] GC(620) Eden regions: 126->0(72)
[2023-04-17T13:54:54.888-0400][gc,heap     ] GC(620) Survivor regions: 5->7(17)
[2023-04-17T13:54:54.888-0400][gc,heap     ] GC(620) Old regions: 93->93
[2023-04-17T13:54:54.888-0400][gc,heap     ] GC(620) Archive regions: 2->2
[2023-04-17T13:54:54.888-0400][gc,heap     ] GC(620) Humongous regions: 129->129
[2023-04-17T13:54:54.888-0400][gc,metaspace] GC(620) Metaspace: 44158K(44928K)->44158K(44928K) NonClass: 39063K(39488K)->39063K(39488K) Class: 5095K(5440K)->5095K(5440K)
[2023-04-17T13:54:54.888-0400][gc          ] GC(620) Pause Young (Normal) (G1 Evacuation Pause) 352M->228M(1024M) 10.682ms
[2023-04-17T13:54:54.888-0400][gc,cpu      ] GC(620) User=0.06s Sys=0.01s Real=0.01s
[2023-04-17T13:55:42.067-0400][gc,start    ] GC(621) Pause Young (Normal) (G1 Evacuation Pause)
[2023-04-17T13:55:42.070-0400][gc,task     ] GC(621) Using 8 workers of 8 for evacuation
[2023-04-17T13:55:42.095-0400][gc,mmu      ] GC(621) MMU target violated: 21.0ms (20.0ms/21.0ms)
[2023-04-17T13:55:42.096-0400][gc,phases   ] GC(621)   Pre Evacuate Collection Set: 0.5ms
[2023-04-17T13:55:42.096-0400][gc,phases   ] GC(621)   Merge Heap Roots: 0.2ms
[2023-04-17T13:55:42.096-0400][gc,phases   ] GC(621)   Evacuate Collection Set: 24.6ms
[2023-04-17T13:55:42.096-0400][gc,phases   ] GC(621)   Post Evacuate Collection Set: 0.4ms
[2023-04-17T13:55:42.096-0400][gc,phases   ] GC(621)   Other: 0.3ms
[2023-04-17T13:55:42.096-0400][gc,heap     ] GC(621) Eden regions: 72->0(69)
[2023-04-17T13:55:42.096-0400][gc,heap     ] GC(621) Survivor regions: 7->6(10)
[2023-04-17T13:55:42.096-0400][gc,heap     ] GC(621) Old regions: 93->94
[2023-04-17T13:55:42.096-0400][gc,heap     ] GC(621) Archive regions: 2->2
[2023-04-17T13:55:42.096-0400][gc,heap     ] GC(621) Humongous regions: 129->129
[2023-04-17T13:55:42.096-0400][gc,metaspace] GC(621) Metaspace: 44158K(44928K)->44158K(44928K) NonClass: 39063K(39488K)->39063K(39488K) Class: 5095K(5440K)->5095K(5440K)
[2023-04-17T13:55:42.096-0400][gc          ] GC(621) Pause Young (Normal) (G1 Evacuation Pause) 300M->228M(1024M) 28.644ms
[2023-04-17T13:55:42.096-0400][gc,cpu      ] GC(621) User=0.05s Sys=0.07s Real=0.03s
[2023-04-17T13:56:26.388-0400][gc,start    ] GC(622) Pause Young (Normal) (G1 Evacuation Pause)
[2023-04-17T13:56:26.389-0400][gc,task     ] GC(622) Using 8 workers of 8 for evacuation
[2023-04-17T13:56:26.400-0400][gc,phases   ] GC(622)   Pre Evacuate Collection Set: 0.4ms
[2023-04-17T13:56:26.400-0400][gc,phases   ] GC(622)   Merge Heap Roots: 0.3ms
[2023-04-17T13:56:26.400-0400][gc,phases   ] GC(622)   Evacuate Collection Set: 9.8ms
[2023-04-17T13:56:26.400-0400][gc,phases   ] GC(622)   Post Evacuate Collection Set: 0.3ms
[2023-04-17T13:56:26.400-0400][gc,phases   ] GC(622)   Other: 0.3ms
[2023-04-17T13:56:26.400-0400][gc,heap     ] GC(622) Eden regions: 69->0(69)
[2023-04-17T13:56:26.400-0400][gc,heap     ] GC(622) Survivor regions: 6->7(10)
[2023-04-17T13:56:26.400-0400][gc,heap     ] GC(622) Old regions: 94->94
[2023-04-17T13:56:26.400-0400][gc,heap     ] GC(622) Archive regions: 2->2
[2023-04-17T13:56:26.400-0400][gc,heap     ] GC(622) Humongous regions: 129->129
[2023-04-17T13:56:26.400-0400][gc,metaspace] GC(622) Metaspace: 44158K(44928K)->44158K(44928K) NonClass: 39063K(39488K)->39063K(39488K) Class: 5095K(5440K)->5095K(5440K)
[2023-04-17T13:56:26.400-0400][gc          ] GC(622) Pause Young (Normal) (G1 Evacuation Pause) 297M->229M(1024M) 12.296ms
[2023-04-17T13:56:26.400-0400][gc,cpu      ] GC(622) User=0.05s Sys=0.01s Real=0.02s
[2023-04-17T13:57:11.914-0400][gc,start    ] GC(623) Pause Young (Normal) (G1 Evacuation Pause)
[2023-04-17T13:57:11.914-0400][gc,task     ] GC(623) Using 8 workers of 8 for evacuation
[2023-04-17T13:57:11.929-0400][gc,phases   ] GC(623)   Pre Evacuate Collection Set: 0.3ms
[2023-04-17T13:57:11.929-0400][gc,phases   ] GC(623)   Merge Heap Roots: 0.2ms
[2023-04-17T13:57:11.929-0400][gc,phases   ] GC(623)   Evacuate Collection Set: 13.9ms
[2023-04-17T13:57:11.929-0400][gc,phases   ] GC(623)   Post Evacuate Collection Set: 0.4ms
[2023-04-17T13:57:11.929-0400][gc,phases   ] GC(623)   Other: 0.3ms
[2023-04-17T13:57:11.929-0400][gc,heap     ] GC(623) Eden regions: 69->0(157)
[2023-04-17T13:57:11.929-0400][gc,heap     ] GC(623) Survivor regions: 7->6(10)
[2023-04-17T13:57:11.929-0400][gc,heap     ] GC(623) Old regions: 94->95
[2023-04-17T13:57:11.929-0400][gc,heap     ] GC(623) Archive regions: 2->2
[2023-04-17T13:57:11.929-0400][gc,heap     ] GC(623) Humongous regions: 129->129
[2023-04-17T13:57:11.929-0400][gc,metaspace] GC(623) Metaspace: 44158K(44928K)->44158K(44928K) NonClass: 39063K(39488K)->39063K(39488K) Class: 5095K(5440K)->5095K(5440K)
[2023-04-17T13:57:11.929-0400][gc          ] GC(623) Pause Young (Normal) (G1 Evacuation Pause) 298M->230M(1024M) 15.349ms
[2023-04-17T13:57:11.929-0400][gc,cpu      ] GC(623) User=0.05s Sys=0.02s Real=0.01s
[2023-04-17T13:58:55.948-0400][gc,start    ] GC(624) Pause Young (Normal) (G1 Evacuation Pause)
[2023-04-17T13:58:55.949-0400][gc,task     ] GC(624) Using 8 workers of 8 for evacuation
[2023-04-17T13:58:55.972-0400][gc,mmu      ] GC(624) MMU target violated: 21.0ms (20.0ms/21.0ms)
[2023-04-17T13:58:55.972-0400][gc,phases   ] GC(624)   Pre Evacuate Collection Set: 0.6ms
[2023-04-17T13:58:55.972-0400][gc,phases   ] GC(624)   Merge Heap Roots: 0.3ms
[2023-04-17T13:58:55.972-0400][gc,phases   ] GC(624)   Evacuate Collection Set: 20.8ms
[2023-04-17T13:58:55.972-0400][gc,phases   ] GC(624)   Post Evacuate Collection Set: 1.3ms
[2023-04-17T13:58:55.972-0400][gc,phases   ] GC(624)   Other: 0.2ms
[2023-04-17T13:58:55.972-0400][gc,heap     ] GC(624) Eden regions: 157->0(43)
[2023-04-17T13:58:55.972-0400][gc,heap     ] GC(624) Survivor regions: 6->8(21)
[2023-04-17T13:58:55.972-0400][gc,heap     ] GC(624) Old regions: 95->95
[2023-04-17T13:58:55.972-0400][gc,heap     ] GC(624) Archive regions: 2->2
[2023-04-17T13:58:55.972-0400][gc,heap     ] GC(624) Humongous regions: 129->129
[2023-04-17T13:58:55.972-0400][gc,metaspace] GC(624) Metaspace: 44158K(44928K)->44158K(44928K) NonClass: 39063K(39488K)->39063K(39488K) Class: 5095K(5440K)->5095K(5440K)
[2023-04-17T13:58:55.972-0400][gc          ] GC(624) Pause Young (Normal) (G1 Evacuation Pause) 387M->232M(1024M) 23.898ms
[2023-04-17T13:58:55.972-0400][gc,cpu      ] GC(624) User=0.04s Sys=0.06s Real=0.03s
[2023-04-17T13:59:23.400-0400][gc,start    ] GC(625) Pause Young (Normal) (G1 Evacuation Pause)
[2023-04-17T13:59:23.400-0400][gc,task     ] GC(625) Using 8 workers of 8 for evacuation
[2023-04-17T13:59:23.431-0400][gc,mmu      ] GC(625) MMU target violated: 21.0ms (20.0ms/21.0ms)
[2023-04-17T13:59:23.431-0400][gc,phases   ] GC(625)   Pre Evacuate Collection Set: 0.4ms
[2023-04-17T13:59:23.431-0400][gc,phases   ] GC(625)   Merge Heap Roots: 0.2ms
[2023-04-17T13:59:23.431-0400][gc,phases   ] GC(625)   Evacuate Collection Set: 29.5ms
[2023-04-17T13:59:23.431-0400][gc,phases   ] GC(625)   Post Evacuate Collection Set: 0.3ms
[2023-04-17T13:59:23.431-0400][gc,phases   ] GC(625)   Other: 0.2ms
[2023-04-17T13:59:23.431-0400][gc,heap     ] GC(625) Eden regions: 43->0(171)
[2023-04-17T13:59:23.431-0400][gc,heap     ] GC(625) Survivor regions: 8->4(7)
[2023-04-17T13:59:23.431-0400][gc,heap     ] GC(625) Old regions: 95->99
[2023-04-17T13:59:23.431-0400][gc,heap     ] GC(625) Archive regions: 2->2
[2023-04-17T13:59:23.431-0400][gc,heap     ] GC(625) Humongous regions: 129->129
[2023-04-17T13:59:23.431-0400][gc,metaspace] GC(625) Metaspace: 44158K(44928K)->44158K(44928K) NonClass: 39063K(39488K)->39063K(39488K) Class: 5095K(5440K)->5095K(5440K)
[2023-04-17T13:59:23.431-0400][gc          ] GC(625) Pause Young (Normal) (G1 Evacuation Pause) 275M->232M(1024M) 30.938ms
[2023-04-17T13:59:23.431-0400][gc,cpu      ] GC(625) User=0.04s Sys=0.05s Real=0.03s
[2023-04-17T14:02:28.649-0400][gc,start    ] GC(626) Pause Young (Normal) (G1 Evacuation Pause)
[2023-04-17T14:02:28.653-0400][gc,task     ] GC(626) Using 8 workers of 8 for evacuation
[2023-04-17T14:02:28.720-0400][gc,mmu      ] GC(626) MMU target violated: 21.0ms (20.0ms/21.0ms)
[2023-04-17T14:02:28.721-0400][gc,phases   ] GC(626)   Pre Evacuate Collection Set: 3.6ms
[2023-04-17T14:02:28.721-0400][gc,phases   ] GC(626)   Merge Heap Roots: 1.6ms
[2023-04-17T14:02:28.721-0400][gc,phases   ] GC(626)   Evacuate Collection Set: 56.8ms
[2023-04-17T14:02:28.721-0400][gc,phases   ] GC(626)   Post Evacuate Collection Set: 3.2ms
[2023-04-17T14:02:28.721-0400][gc,phases   ] GC(626)   Other: 3.2ms
[2023-04-17T14:02:28.722-0400][gc,heap     ] GC(626) Eden regions: 171->0(43)
[2023-04-17T14:02:28.722-0400][gc,heap     ] GC(626) Survivor regions: 4->8(22)
[2023-04-17T14:02:28.722-0400][gc,heap     ] GC(626) Old regions: 99->99
[2023-04-17T14:02:28.722-0400][gc,heap     ] GC(626) Archive regions: 2->2
[2023-04-17T14:02:28.722-0400][gc,heap     ] GC(626) Humongous regions: 129->129
[2023-04-17T14:02:28.723-0400][gc,metaspace] GC(626) Metaspace: 44158K(44928K)->44158K(44928K) NonClass: 39063K(39488K)->39063K(39488K) Class: 5095K(5440K)->5095K(5440K)
[2023-04-17T14:02:28.723-0400][gc          ] GC(626) Pause Young (Normal) (G1 Evacuation Pause) 403M->236M(1024M) 74.102ms
[2023-04-17T14:02:28.723-0400][gc,cpu      ] GC(626) User=0.09s Sys=0.22s Real=0.08s
[2023-04-17T14:03:16.326-0400][gc,start    ] GC(627) Pause Young (Normal) (G1 Evacuation Pause)
[2023-04-17T14:03:16.328-0400][gc,task     ] GC(627) Using 8 workers of 8 for evacuation
[2023-04-17T14:03:16.404-0400][gc,mmu      ] GC(627) MMU target violated: 21.0ms (20.0ms/21.0ms)
[2023-04-17T14:03:16.404-0400][gc,phases   ] GC(627)   Pre Evacuate Collection Set: 0.5ms
[2023-04-17T14:03:16.404-0400][gc,phases   ] GC(627)   Merge Heap Roots: 0.2ms
[2023-04-17T14:03:16.404-0400][gc,phases   ] GC(627)   Evacuate Collection Set: 73.8ms
[2023-04-17T14:03:16.404-0400][gc,phases   ] GC(627)   Post Evacuate Collection Set: 0.6ms
[2023-04-17T14:03:16.404-0400][gc,phases   ] GC(627)   Other: 0.4ms
[2023-04-17T14:03:16.404-0400][gc,heap     ] GC(627) Eden regions: 43->0(49)
[2023-04-17T14:03:16.404-0400][gc,heap     ] GC(627) Survivor regions: 8->2(7)
[2023-04-17T14:03:16.404-0400][gc,heap     ] GC(627) Old regions: 99->106
[2023-04-17T14:03:16.404-0400][gc,heap     ] GC(627) Archive regions: 2->2
[2023-04-17T14:03:16.404-0400][gc,heap     ] GC(627) Humongous regions: 129->129
[2023-04-17T14:03:16.404-0400][gc,metaspace] GC(627) Metaspace: 44158K(44928K)->44158K(44928K) NonClass: 39063K(39488K)->39063K(39488K) Class: 5095K(5440K)->5095K(5440K)
[2023-04-17T14:03:16.404-0400][gc          ] GC(627) Pause Young (Normal) (G1 Evacuation Pause) 279M->237M(1024M) 77.731ms
[2023-04-17T14:03:16.404-0400][gc,cpu      ] GC(627) User=0.08s Sys=0.15s Real=0.08s
[2023-04-17T14:04:50.827-0400][gc,start    ] GC(628) Pause Young (Normal) (G1 Evacuation Pause)
[2023-04-17T14:04:50.827-0400][gc,task     ] GC(628) Using 8 workers of 8 for evacuation
[2023-04-17T14:04:50.841-0400][gc,phases   ] GC(628)   Pre Evacuate Collection Set: 0.3ms
[2023-04-17T14:04:50.841-0400][gc,phases   ] GC(628)   Merge Heap Roots: 0.2ms
[2023-04-17T14:04:50.841-0400][gc,phases   ] GC(628)   Evacuate Collection Set: 12.5ms
[2023-04-17T14:04:50.841-0400][gc,phases   ] GC(628)   Post Evacuate Collection Set: 0.4ms
[2023-04-17T14:04:50.841-0400][gc,phases   ] GC(628)   Other: 0.5ms
[2023-04-17T14:04:50.841-0400][gc,heap     ] GC(628) Eden regions: 49->0(47)
[2023-04-17T14:04:50.841-0400][gc,heap     ] GC(628) Survivor regions: 2->4(7)
[2023-04-17T14:04:50.841-0400][gc,heap     ] GC(628) Old regions: 106->106
[2023-04-17T14:04:50.841-0400][gc,heap     ] GC(628) Archive regions: 2->2
[2023-04-17T14:04:50.841-0400][gc,heap     ] GC(628) Humongous regions: 129->129
[2023-04-17T14:04:50.841-0400][gc,metaspace] GC(628) Metaspace: 44158K(44928K)->44158K(44928K) NonClass: 39063K(39488K)->39063K(39488K) Class: 5095K(5440K)->5095K(5440K)
[2023-04-17T14:04:50.841-0400][gc          ] GC(628) Pause Young (Normal) (G1 Evacuation Pause) 286M->238M(1024M) 14.581ms
[2023-04-17T14:04:50.842-0400][gc,cpu      ] GC(628) User=0.02s Sys=0.03s Real=0.02s
[2023-04-17T14:05:21.746-0400][gc,start    ] GC(629) Pause Young (Normal) (G1 Evacuation Pause)
[2023-04-17T14:05:21.746-0400][gc,task     ] GC(629) Using 8 workers of 8 for evacuation
[2023-04-17T14:05:21.752-0400][gc,phases   ] GC(629)   Pre Evacuate Collection Set: 1.4ms
[2023-04-17T14:05:21.752-0400][gc,phases   ] GC(629)   Merge Heap Roots: 0.1ms
[2023-04-17T14:05:21.752-0400][gc,phases   ] GC(629)   Evacuate Collection Set: 3.8ms
[2023-04-17T14:05:21.752-0400][gc,phases   ] GC(629)   Post Evacuate Collection Set: 0.4ms
[2023-04-17T14:05:21.752-0400][gc,phases   ] GC(629)   Other: 0.2ms
[2023-04-17T14:05:21.752-0400][gc,heap     ] GC(629) Eden regions: 47->0(46)
[2023-04-17T14:05:21.752-0400][gc,heap     ] GC(629) Survivor regions: 4->5(7)
[2023-04-17T14:05:21.752-0400][gc,heap     ] GC(629) Old regions: 106->106
[2023-04-17T14:05:21.752-0400][gc,heap     ] GC(629) Archive regions: 2->2
[2023-04-17T14:05:21.752-0400][gc,heap     ] GC(629) Humongous regions: 129->129
[2023-04-17T14:05:21.752-0400][gc,metaspace] GC(629) Metaspace: 44158K(44928K)->44158K(44928K) NonClass: 39063K(39488K)->39063K(39488K) Class: 5095K(5440K)->5095K(5440K)
[2023-04-17T14:05:21.753-0400][gc          ] GC(629) Pause Young (Normal) (G1 Evacuation Pause) 285M->240M(1024M) 6.480ms
[2023-04-17T14:05:21.753-0400][gc,cpu      ] GC(629) User=0.03s Sys=0.00s Real=0.01s
[2023-04-17T14:05:51.882-0400][gc,start    ] GC(630) Pause Young (Normal) (G1 Evacuation Pause)
[2023-04-17T14:05:51.882-0400][gc,task     ] GC(630) Using 8 workers of 8 for evacuation
[2023-04-17T14:05:51.910-0400][gc,mmu      ] GC(630) MMU target violated: 21.0ms (20.0ms/21.0ms)
[2023-04-17T14:05:51.910-0400][gc,phases   ] GC(630)   Pre Evacuate Collection Set: 1.1ms
[2023-04-17T14:05:51.910-0400][gc,phases   ] GC(630)   Merge Heap Roots: 0.4ms
[2023-04-17T14:05:51.910-0400][gc,phases   ] GC(630)   Evacuate Collection Set: 18.0ms
[2023-04-17T14:05:51.910-0400][gc,phases   ] GC(630)   Post Evacuate Collection Set: 8.4ms
[2023-04-17T14:05:51.910-0400][gc,phases   ] GC(630)   Other: 0.3ms
[2023-04-17T14:05:51.910-0400][gc,heap     ] GC(630) Eden regions: 46->0(46)
[2023-04-17T14:05:51.910-0400][gc,heap     ] GC(630) Survivor regions: 5->5(7)
[2023-04-17T14:05:51.911-0400][gc,heap     ] GC(630) Old regions: 106->107
[2023-04-17T14:05:51.911-0400][gc,heap     ] GC(630) Archive regions: 2->2
[2023-04-17T14:05:51.911-0400][gc,heap     ] GC(630) Humongous regions: 129->129
[2023-04-17T14:05:51.911-0400][gc,metaspace] GC(630) Metaspace: 44158K(44928K)->44158K(44928K) NonClass: 39063K(39488K)->39063K(39488K) Class: 5095K(5440K)->5095K(5440K)
[2023-04-17T14:05:51.911-0400][gc          ] GC(630) Pause Young (Normal) (G1 Evacuation Pause) 286M->241M(1024M) 29.207ms
[2023-04-17T14:05:51.911-0400][gc,cpu      ] GC(630) User=0.02s Sys=0.01s Real=0.03s
[2023-04-17T14:06:20.425-0400][gc,start    ] GC(631) Pause Young (Normal) (G1 Evacuation Pause)
[2023-04-17T14:06:20.426-0400][gc,task     ] GC(631) Using 8 workers of 8 for evacuation
[2023-04-17T14:06:20.438-0400][gc,phases   ] GC(631)   Pre Evacuate Collection Set: 1.6ms
[2023-04-17T14:06:20.438-0400][gc,phases   ] GC(631)   Merge Heap Roots: 0.1ms
[2023-04-17T14:06:20.438-0400][gc,phases   ] GC(631)   Evacuate Collection Set: 10.0ms
[2023-04-17T14:06:20.438-0400][gc,phases   ] GC(631)   Post Evacuate Collection Set: 0.2ms
[2023-04-17T14:06:20.438-0400][gc,phases   ] GC(631)   Other: 0.1ms
[2023-04-17T14:06:20.438-0400][gc,heap     ] GC(631) Eden regions: 46->0(47)
[2023-04-17T14:06:20.438-0400][gc,heap     ] GC(631) Survivor regions: 5->4(7)
[2023-04-17T14:06:20.438-0400][gc,heap     ] GC(631) Old regions: 107->109
[2023-04-17T14:06:20.438-0400][gc,heap     ] GC(631) Archive regions: 2->2
[2023-04-17T14:06:20.438-0400][gc,heap     ] GC(631) Humongous regions: 129->129
[2023-04-17T14:06:20.438-0400][gc,metaspace] GC(631) Metaspace: 44158K(44928K)->44158K(44928K) NonClass: 39063K(39488K)->39063K(39488K) Class: 5095K(5440K)->5095K(5440K)
[2023-04-17T14:06:20.438-0400][gc          ] GC(631) Pause Young (Normal) (G1 Evacuation Pause) 287M->242M(1024M) 12.541ms
[2023-04-17T14:06:20.438-0400][gc,cpu      ] GC(631) User=0.02s Sys=0.01s Real=0.01s
[2023-04-17T14:06:49.381-0400][gc,start    ] GC(632) Pause Young (Normal) (G1 Evacuation Pause)
[2023-04-17T14:06:49.382-0400][gc,task     ] GC(632) Using 8 workers of 8 for evacuation
[2023-04-17T14:06:49.387-0400][gc,phases   ] GC(632)   Pre Evacuate Collection Set: 0.8ms
[2023-04-17T14:06:49.387-0400][gc,phases   ] GC(632)   Merge Heap Roots: 0.1ms
[2023-04-17T14:06:49.387-0400][gc,phases   ] GC(632)   Evacuate Collection Set: 4.2ms
[2023-04-17T14:06:49.387-0400][gc,phases   ] GC(632)   Post Evacuate Collection Set: 0.3ms
[2023-04-17T14:06:49.387-0400][gc,phases   ] GC(632)   Other: 0.1ms
[2023-04-17T14:06:49.387-0400][gc,heap     ] GC(632) Eden regions: 47->0(47)
[2023-04-17T14:06:49.387-0400][gc,heap     ] GC(632) Survivor regions: 4->5(7)
[2023-04-17T14:06:49.387-0400][gc,heap     ] GC(632) Old regions: 109->109
[2023-04-17T14:06:49.387-0400][gc,heap     ] GC(632) Archive regions: 2->2
[2023-04-17T14:06:49.387-0400][gc,heap     ] GC(632) Humongous regions: 129->129
[2023-04-17T14:06:49.387-0400][gc,metaspace] GC(632) Metaspace: 44158K(44928K)->44158K(44928K) NonClass: 39063K(39488K)->39063K(39488K) Class: 5095K(5440K)->5095K(5440K)
[2023-04-17T14:06:49.387-0400][gc          ] GC(632) Pause Young (Normal) (G1 Evacuation Pause) 289M->242M(1024M) 6.628ms
[2023-04-17T14:06:49.387-0400][gc,cpu      ] GC(632) User=0.02s Sys=0.01s Real=0.00s
[2023-04-17T14:07:18.718-0400][gc,start    ] GC(633) Pause Young (Normal) (G1 Evacuation Pause)
[2023-04-17T14:07:18.719-0400][gc,task     ] GC(633) Using 8 workers of 8 for evacuation
[2023-04-17T14:07:18.728-0400][gc,phases   ] GC(633)   Pre Evacuate Collection Set: 0.1ms
[2023-04-17T14:07:18.728-0400][gc,phases   ] GC(633)   Merge Heap Roots: 0.0ms
[2023-04-17T14:07:18.728-0400][gc,phases   ] GC(633)   Evacuate Collection Set: 9.2ms
[2023-04-17T14:07:18.728-0400][gc,phases   ] GC(633)   Post Evacuate Collection Set: 0.2ms
[2023-04-17T14:07:18.728-0400][gc,phases   ] GC(633)   Other: 0.1ms
[2023-04-17T14:07:18.728-0400][gc,heap     ] GC(633) Eden regions: 47->0(123)
[2023-04-17T14:07:18.728-0400][gc,heap     ] GC(633) Survivor regions: 5->4(7)
[2023-04-17T14:07:18.728-0400][gc,heap     ] GC(633) Old regions: 109->110
[2023-04-17T14:07:18.729-0400][gc,heap     ] GC(633) Archive regions: 2->2
[2023-04-17T14:07:18.729-0400][gc,heap     ] GC(633) Humongous regions: 129->129
[2023-04-17T14:07:18.729-0400][gc,metaspace] GC(633) Metaspace: 44158K(44928K)->44158K(44928K) NonClass: 39063K(39488K)->39063K(39488K) Class: 5095K(5440K)->5095K(5440K)
[2023-04-17T14:07:18.729-0400][gc          ] GC(633) Pause Young (Normal) (G1 Evacuation Pause) 289M->243M(1024M) 10.661ms
[2023-04-17T14:07:18.729-0400][gc,cpu      ] GC(633) User=0.02s Sys=0.01s Real=0.01s
[2023-04-17T14:08:35.129-0400][gc,start    ] GC(634) Pause Young (Normal) (G1 Evacuation Pause)
[2023-04-17T14:08:35.130-0400][gc,task     ] GC(634) Using 8 workers of 8 for evacuation
[2023-04-17T14:08:35.150-0400][gc,mmu      ] GC(634) MMU target violated: 20.5ms (20.0ms/21.0ms)
[2023-04-17T14:08:35.150-0400][gc,phases   ] GC(634)   Pre Evacuate Collection Set: 2.3ms
[2023-04-17T14:08:35.150-0400][gc,phases   ] GC(634)   Merge Heap Roots: 0.1ms
[2023-04-17T14:08:35.150-0400][gc,phases   ] GC(634)   Evacuate Collection Set: 16.9ms
[2023-04-17T14:08:35.150-0400][gc,phases   ] GC(634)   Post Evacuate Collection Set: 1.1ms
[2023-04-17T14:08:35.150-0400][gc,phases   ] GC(634)   Other: 0.2ms
[2023-04-17T14:08:35.151-0400][gc,heap     ] GC(634) Eden regions: 123->0(45)
[2023-04-17T14:08:35.151-0400][gc,heap     ] GC(634) Survivor regions: 4->6(16)
[2023-04-17T14:08:35.151-0400][gc,heap     ] GC(634) Old regions: 110->110
[2023-04-17T14:08:35.151-0400][gc,heap     ] GC(634) Archive regions: 2->2
[2023-04-17T14:08:35.151-0400][gc,heap     ] GC(634) Humongous regions: 129->129
[2023-04-17T14:08:35.151-0400][gc,metaspace] GC(634) Metaspace: 44158K(44928K)->44158K(44928K) NonClass: 39063K(39488K)->39063K(39488K) Class: 5095K(5440K)->5095K(5440K)
[2023-04-17T14:08:35.151-0400][gc          ] GC(634) Pause Young (Normal) (G1 Evacuation Pause) 366M->245M(1024M) 21.911ms
[2023-04-17T14:08:35.151-0400][gc,cpu      ] GC(634) User=0.03s Sys=0.05s Real=0.03s
[2023-04-17T14:09:03.200-0400][gc,start    ] GC(635) Pause Young (Normal) (G1 Evacuation Pause)
[2023-04-17T14:09:03.200-0400][gc,task     ] GC(635) Using 8 workers of 8 for evacuation
[2023-04-17T14:09:03.220-0400][gc,mmu      ] GC(635) MMU target violated: 20.1ms (20.0ms/21.0ms)
[2023-04-17T14:09:03.220-0400][gc,phases   ] GC(635)   Pre Evacuate Collection Set: 0.2ms
[2023-04-17T14:09:03.220-0400][gc,phases   ] GC(635)   Merge Heap Roots: 0.1ms
[2023-04-17T14:09:03.220-0400][gc,phases   ] GC(635)   Evacuate Collection Set: 19.4ms
[2023-04-17T14:09:03.220-0400][gc,phases   ] GC(635)   Post Evacuate Collection Set: 0.3ms
[2023-04-17T14:09:03.220-0400][gc,phases   ] GC(635)   Other: 0.2ms
[2023-04-17T14:09:03.220-0400][gc,heap     ] GC(635) Eden regions: 45->0(98)
[2023-04-17T14:09:03.220-0400][gc,heap     ] GC(635) Survivor regions: 6->4(7)
[2023-04-17T14:09:03.220-0400][gc,heap     ] GC(635) Old regions: 110->113
[2023-04-17T14:09:03.220-0400][gc,heap     ] GC(635) Archive regions: 2->2
[2023-04-17T14:09:03.220-0400][gc,heap     ] GC(635) Humongous regions: 129->129
[2023-04-17T14:09:03.220-0400][gc,metaspace] GC(635) Metaspace: 44158K(44928K)->44158K(44928K) NonClass: 39063K(39488K)->39063K(39488K) Class: 5095K(5440K)->5095K(5440K)
[2023-04-17T14:09:03.220-0400][gc          ] GC(635) Pause Young (Normal) (G1 Evacuation Pause) 290M->246M(1024M) 20.459ms
[2023-04-17T14:09:03.220-0400][gc,cpu      ] GC(635) User=0.04s Sys=0.03s Real=0.02s
[2023-04-17T14:10:04.246-0400][gc,start    ] GC(636) Pause Young (Normal) (G1 Evacuation Pause)
[2023-04-17T14:10:04.246-0400][gc,task     ] GC(636) Using 8 workers of 8 for evacuation
[2023-04-17T14:10:04.251-0400][gc,phases   ] GC(636)   Pre Evacuate Collection Set: 0.1ms
[2023-04-17T14:10:04.251-0400][gc,phases   ] GC(636)   Merge Heap Roots: 0.1ms
[2023-04-17T14:10:04.251-0400][gc,phases   ] GC(636)   Evacuate Collection Set: 4.5ms
[2023-04-17T14:10:04.251-0400][gc,phases   ] GC(636)   Post Evacuate Collection Set: 0.3ms
[2023-04-17T14:10:04.251-0400][gc,phases   ] GC(636)   Other: 0.1ms
[2023-04-17T14:10:04.251-0400][gc,heap     ] GC(636) Eden regions: 98->0(71)
[2023-04-17T14:10:04.251-0400][gc,heap     ] GC(636) Survivor regions: 4->6(13)
[2023-04-17T14:10:04.251-0400][gc,heap     ] GC(636) Old regions: 113->113
[2023-04-17T14:10:04.252-0400][gc,heap     ] GC(636) Archive regions: 2->2
[2023-04-17T14:10:04.252-0400][gc,heap     ] GC(636) Humongous regions: 129->129
[2023-04-17T14:10:04.252-0400][gc,metaspace] GC(636) Metaspace: 44158K(44928K)->44158K(44928K) NonClass: 39063K(39488K)->39063K(39488K) Class: 5095K(5440K)->5095K(5440K)
[2023-04-17T14:10:04.252-0400][gc          ] GC(636) Pause Young (Normal) (G1 Evacuation Pause) 344M->248M(1024M) 5.703ms
[2023-04-17T14:10:04.252-0400][gc,cpu      ] GC(636) User=0.03s Sys=0.00s Real=0.01s
[2023-04-17T14:10:48.153-0400][gc,start    ] GC(637) Pause Young (Normal) (G1 Evacuation Pause)
[2023-04-17T14:10:48.154-0400][gc,task     ] GC(637) Using 8 workers of 8 for evacuation
[2023-04-17T14:10:48.162-0400][gc,phases   ] GC(637)   Pre Evacuate Collection Set: 0.1ms
[2023-04-17T14:10:48.162-0400][gc,phases   ] GC(637)   Merge Heap Roots: 0.1ms
[2023-04-17T14:10:48.162-0400][gc,phases   ] GC(637)   Evacuate Collection Set: 7.5ms
[2023-04-17T14:10:48.162-0400][gc,phases   ] GC(637)   Post Evacuate Collection Set: 0.4ms
[2023-04-17T14:10:48.162-0400][gc,phases   ] GC(637)   Other: 0.1ms
[2023-04-17T14:10:48.162-0400][gc,heap     ] GC(637) Eden regions: 71->0(129)
[2023-04-17T14:10:48.162-0400][gc,heap     ] GC(637) Survivor regions: 6->6(10)
[2023-04-17T14:10:48.162-0400][gc,heap     ] GC(637) Old regions: 113->114
[2023-04-17T14:10:48.162-0400][gc,heap     ] GC(637) Archive regions: 2->2
[2023-04-17T14:10:48.162-0400][gc,heap     ] GC(637) Humongous regions: 129->129
[2023-04-17T14:10:48.162-0400][gc,metaspace] GC(637) Metaspace: 44158K(44928K)->44158K(44928K) NonClass: 39063K(39488K)->39063K(39488K) Class: 5095K(5440K)->5095K(5440K)
[2023-04-17T14:10:48.162-0400][gc          ] GC(637) Pause Young (Normal) (G1 Evacuation Pause) 319M->249M(1024M) 9.249ms
[2023-04-17T14:10:48.162-0400][gc,cpu      ] GC(637) User=0.03s Sys=0.01s Real=0.01s
[2023-04-17T14:12:09.146-0400][gc,start    ] GC(638) Pause Young (Normal) (G1 Evacuation Pause)
[2023-04-17T14:12:09.147-0400][gc,task     ] GC(638) Using 8 workers of 8 for evacuation
[2023-04-17T14:12:09.175-0400][gc,mmu      ] GC(638) MMU target violated: 21.0ms (20.0ms/21.0ms)
[2023-04-17T14:12:09.175-0400][gc,phases   ] GC(638)   Pre Evacuate Collection Set: 1.0ms
[2023-04-17T14:12:09.175-0400][gc,phases   ] GC(638)   Merge Heap Roots: 0.2ms
[2023-04-17T14:12:09.175-0400][gc,phases   ] GC(638)   Evacuate Collection Set: 25.0ms
[2023-04-17T14:12:09.175-0400][gc,phases   ] GC(638)   Post Evacuate Collection Set: 1.5ms
[2023-04-17T14:12:09.175-0400][gc,phases   ] GC(638)   Other: 0.2ms
[2023-04-17T14:12:09.175-0400][gc,heap     ] GC(638) Eden regions: 129->0(43)
[2023-04-17T14:12:09.175-0400][gc,heap     ] GC(638) Survivor regions: 6->8(17)
[2023-04-17T14:12:09.175-0400][gc,heap     ] GC(638) Old regions: 114->114
[2023-04-17T14:12:09.175-0400][gc,heap     ] GC(638) Archive regions: 2->2
[2023-04-17T14:12:09.175-0400][gc,heap     ] GC(638) Humongous regions: 129->129
[2023-04-17T14:12:09.175-0400][gc,metaspace] GC(638) Metaspace: 44158K(44928K)->44158K(44928K) NonClass: 39063K(39488K)->39063K(39488K) Class: 5095K(5440K)->5095K(5440K)
[2023-04-17T14:12:09.175-0400][gc          ] GC(638) Pause Young (Normal) (G1 Evacuation Pause) 378M->251M(1024M) 28.472ms
[2023-04-17T14:12:09.175-0400][gc,cpu      ] GC(638) User=0.05s Sys=0.06s Real=0.03s
[2023-04-17T14:12:35.537-0400][gc,start    ] GC(639) Pause Young (Normal) (G1 Evacuation Pause)
[2023-04-17T14:12:35.537-0400][gc,task     ] GC(639) Using 8 workers of 8 for evacuation
[2023-04-17T14:12:35.572-0400][gc,mmu      ] GC(639) MMU target violated: 21.0ms (20.0ms/21.0ms)
[2023-04-17T14:12:35.572-0400][gc,phases   ] GC(639)   Pre Evacuate Collection Set: 0.3ms
[2023-04-17T14:12:35.572-0400][gc,phases   ] GC(639)   Merge Heap Roots: 0.1ms
[2023-04-17T14:12:35.572-0400][gc,phases   ] GC(639)   Evacuate Collection Set: 34.0ms
[2023-04-17T14:12:35.572-0400][gc,phases   ] GC(639)   Post Evacuate Collection Set: 0.2ms
[2023-04-17T14:12:35.572-0400][gc,phases   ] GC(639)   Other: 0.3ms
[2023-04-17T14:12:35.572-0400][gc,heap     ] GC(639) Eden regions: 43->0(63)
[2023-04-17T14:12:35.572-0400][gc,heap     ] GC(639) Survivor regions: 8->5(7)
[2023-04-17T14:12:35.572-0400][gc,heap     ] GC(639) Old regions: 114->118
[2023-04-17T14:12:35.572-0400][gc,heap     ] GC(639) Archive regions: 2->2
[2023-04-17T14:12:35.572-0400][gc,heap     ] GC(639) Humongous regions: 129->129
[2023-04-17T14:12:35.572-0400][gc,metaspace] GC(639) Metaspace: 44158K(44928K)->44158K(44928K) NonClass: 39063K(39488K)->39063K(39488K) Class: 5095K(5440K)->5095K(5440K)
[2023-04-17T14:12:35.572-0400][gc          ] GC(639) Pause Young (Normal) (G1 Evacuation Pause) 294M->252M(1024M) 35.242ms
[2023-04-17T14:12:35.572-0400][gc,cpu      ] GC(639) User=0.04s Sys=0.04s Real=0.04s
[2023-04-17T14:13:14.957-0400][gc,start    ] GC(640) Pause Young (Normal) (G1 Evacuation Pause)
[2023-04-17T14:13:14.958-0400][gc,task     ] GC(640) Using 8 workers of 8 for evacuation
[2023-04-17T14:13:14.963-0400][gc,phases   ] GC(640)   Pre Evacuate Collection Set: 0.1ms
[2023-04-17T14:13:14.963-0400][gc,phases   ] GC(640)   Merge Heap Roots: 0.1ms
[2023-04-17T14:13:14.963-0400][gc,phases   ] GC(640)   Evacuate Collection Set: 4.7ms
[2023-04-17T14:13:14.963-0400][gc,phases   ] GC(640)   Post Evacuate Collection Set: 0.4ms
[2023-04-17T14:13:14.963-0400][gc,phases   ] GC(640)   Other: 0.2ms
[2023-04-17T14:13:14.963-0400][gc,heap     ] GC(640) Eden regions: 63->0(79)
[2023-04-17T14:13:14.963-0400][gc,heap     ] GC(640) Survivor regions: 5->6(9)
[2023-04-17T14:13:14.963-0400][gc,heap     ] GC(640) Old regions: 118->118
[2023-04-17T14:13:14.963-0400][gc,heap     ] GC(640) Archive regions: 2->2
[2023-04-17T14:13:14.963-0400][gc,heap     ] GC(640) Humongous regions: 129->129
[2023-04-17T14:13:14.963-0400][gc,metaspace] GC(640) Metaspace: 44158K(44928K)->44158K(44928K) NonClass: 39063K(39488K)->39063K(39488K) Class: 5095K(5440K)->5095K(5440K)
[2023-04-17T14:13:14.963-0400][gc          ] GC(640) Pause Young (Normal) (G1 Evacuation Pause) 315M->252M(1024M) 5.769ms
[2023-04-17T14:13:14.963-0400][gc,cpu      ] GC(640) User=0.03s Sys=0.00s Real=0.01s
[2023-04-17T14:14:04.031-0400][gc,start    ] GC(641) Pause Young (Normal) (G1 Evacuation Pause)
[2023-04-17T14:14:04.031-0400][gc,task     ] GC(641) Using 8 workers of 8 for evacuation
[2023-04-17T14:14:04.036-0400][gc,phases   ] GC(641)   Pre Evacuate Collection Set: 0.1ms
[2023-04-17T14:14:04.036-0400][gc,phases   ] GC(641)   Merge Heap Roots: 0.1ms
[2023-04-17T14:14:04.036-0400][gc,phases   ] GC(641)   Evacuate Collection Set: 4.2ms
[2023-04-17T14:14:04.036-0400][gc,phases   ] GC(641)   Post Evacuate Collection Set: 0.3ms
[2023-04-17T14:14:04.036-0400][gc,phases   ] GC(641)   Other: 0.1ms
[2023-04-17T14:14:04.036-0400][gc,heap     ] GC(641) Eden regions: 79->0(102)
[2023-04-17T14:14:04.036-0400][gc,heap     ] GC(641) Survivor regions: 6->7(11)
[2023-04-17T14:14:04.036-0400][gc,heap     ] GC(641) Old regions: 118->118
[2023-04-17T14:14:04.036-0400][gc,heap     ] GC(641) Archive regions: 2->2
[2023-04-17T14:14:04.036-0400][gc,heap     ] GC(641) Humongous regions: 129->129
[2023-04-17T14:14:04.036-0400][gc,metaspace] GC(641) Metaspace: 44158K(44928K)->44158K(44928K) NonClass: 39063K(39488K)->39063K(39488K) Class: 5095K(5440K)->5095K(5440K)
[2023-04-17T14:14:04.036-0400][gc          ] GC(641) Pause Young (Normal) (G1 Evacuation Pause) 331M->254M(1024M) 5.102ms
[2023-04-17T14:14:04.036-0400][gc,cpu      ] GC(641) User=0.03s Sys=0.01s Real=0.00s
[2023-04-17T14:15:08.364-0400][gc,start    ] GC(642) Pause Young (Normal) (G1 Evacuation Pause)
[2023-04-17T14:15:08.365-0400][gc,task     ] GC(642) Using 8 workers of 8 for evacuation
[2023-04-17T14:15:08.373-0400][gc,phases   ] GC(642)   Pre Evacuate Collection Set: 0.2ms
[2023-04-17T14:15:08.373-0400][gc,phases   ] GC(642)   Merge Heap Roots: 0.2ms
[2023-04-17T14:15:08.373-0400][gc,phases   ] GC(642)   Evacuate Collection Set: 7.3ms
[2023-04-17T14:15:08.373-0400][gc,phases   ] GC(642)   Post Evacuate Collection Set: 0.4ms
[2023-04-17T14:15:08.373-0400][gc,phases   ] GC(642)   Other: 0.2ms
[2023-04-17T14:15:08.373-0400][gc,heap     ] GC(642) Eden regions: 102->0(130)
[2023-04-17T14:15:08.373-0400][gc,heap     ] GC(642) Survivor regions: 7->8(14)
[2023-04-17T14:15:08.373-0400][gc,heap     ] GC(642) Old regions: 118->118
[2023-04-17T14:15:08.373-0400][gc,heap     ] GC(642) Archive regions: 2->2
[2023-04-17T14:15:08.373-0400][gc,heap     ] GC(642) Humongous regions: 129->129
[2023-04-17T14:15:08.373-0400][gc,metaspace] GC(642) Metaspace: 44158K(44928K)->44158K(44928K) NonClass: 39063K(39488K)->39063K(39488K) Class: 5095K(5440K)->5095K(5440K)
[2023-04-17T14:15:08.373-0400][gc          ] GC(642) Pause Young (Normal) (G1 Evacuation Pause) 356M->255M(1024M) 9.049ms
[2023-04-17T14:15:08.373-0400][gc,cpu      ] GC(642) User=0.06s Sys=0.01s Real=0.01s
[2023-04-17T14:16:30.038-0400][gc,start    ] GC(643) Pause Young (Normal) (G1 Evacuation Pause)
[2023-04-17T14:16:30.039-0400][gc,task     ] GC(643) Using 8 workers of 8 for evacuation
[2023-04-17T14:16:30.054-0400][gc,phases   ] GC(643)   Pre Evacuate Collection Set: 0.1ms
[2023-04-17T14:16:30.054-0400][gc,phases   ] GC(643)   Merge Heap Roots: 0.1ms
[2023-04-17T14:16:30.054-0400][gc,phases   ] GC(643)   Evacuate Collection Set: 14.7ms
[2023-04-17T14:16:30.054-0400][gc,phases   ] GC(643)   Post Evacuate Collection Set: 0.5ms
[2023-04-17T14:16:30.054-0400][gc,phases   ] GC(643)   Other: 0.1ms
[2023-04-17T14:16:30.054-0400][gc,heap     ] GC(643) Eden regions: 130->0(42)
[2023-04-17T14:16:30.054-0400][gc,heap     ] GC(643) Survivor regions: 8->10(18)
[2023-04-17T14:16:30.054-0400][gc,heap     ] GC(643) Old regions: 118->118
[2023-04-17T14:16:30.054-0400][gc,heap     ] GC(643) Archive regions: 2->2
[2023-04-17T14:16:30.054-0400][gc,heap     ] GC(643) Humongous regions: 129->129
[2023-04-17T14:16:30.054-0400][gc,metaspace] GC(643) Metaspace: 44159K(44928K)->44159K(44928K) NonClass: 39063K(39488K)->39063K(39488K) Class: 5095K(5440K)->5095K(5440K)
[2023-04-17T14:16:30.054-0400][gc          ] GC(643) Pause Young (Normal) (G1 Evacuation Pause) 385M->257M(1024M) 16.440ms
[2023-04-17T14:16:30.054-0400][gc,cpu      ] GC(643) User=0.04s Sys=0.04s Real=0.02s
[2023-04-17T14:16:55.639-0400][gc,start    ] GC(644) Pause Young (Normal) (G1 Evacuation Pause)
[2023-04-17T14:16:55.639-0400][gc,task     ] GC(644) Using 8 workers of 8 for evacuation
[2023-04-17T14:16:55.699-0400][gc,mmu      ] GC(644) MMU target violated: 21.0ms (20.0ms/21.0ms)
[2023-04-17T14:16:55.699-0400][gc,phases   ] GC(644)   Pre Evacuate Collection Set: 0.1ms
[2023-04-17T14:16:55.699-0400][gc,phases   ] GC(644)   Merge Heap Roots: 0.1ms
[2023-04-17T14:16:55.699-0400][gc,phases   ] GC(644)   Evacuate Collection Set: 58.9ms
[2023-04-17T14:16:55.699-0400][gc,phases   ] GC(644)   Post Evacuate Collection Set: 0.2ms
[2023-04-17T14:16:55.699-0400][gc,phases   ] GC(644)   Other: 0.2ms
[2023-04-17T14:16:55.699-0400][gc,heap     ] GC(644) Eden regions: 42->0(101)
[2023-04-17T14:16:55.699-0400][gc,heap     ] GC(644) Survivor regions: 10->4(7)
[2023-04-17T14:16:55.699-0400][gc,heap     ] GC(644) Old regions: 118->125
[2023-04-17T14:16:55.699-0400][gc,heap     ] GC(644) Archive regions: 2->2
[2023-04-17T14:16:55.699-0400][gc,heap     ] GC(644) Humongous regions: 129->129
[2023-04-17T14:16:55.699-0400][gc,metaspace] GC(644) Metaspace: 44159K(44928K)->44159K(44928K) NonClass: 39063K(39488K)->39063K(39488K) Class: 5095K(5440K)->5095K(5440K)
[2023-04-17T14:16:55.699-0400][gc          ] GC(644) Pause Young (Normal) (G1 Evacuation Pause) 299M->258M(1024M) 60.099ms
[2023-04-17T14:16:55.699-0400][gc,cpu      ] GC(644) User=0.05s Sys=0.08s Real=0.06s
[2023-04-17T14:17:58.257-0400][gc,start    ] GC(645) Pause Young (Normal) (G1 Evacuation Pause)
[2023-04-17T14:17:58.258-0400][gc,task     ] GC(645) Using 8 workers of 8 for evacuation
[2023-04-17T14:17:58.264-0400][gc,phases   ] GC(645)   Pre Evacuate Collection Set: 0.1ms
[2023-04-17T14:17:58.264-0400][gc,phases   ] GC(645)   Merge Heap Roots: 0.1ms
[2023-04-17T14:17:58.264-0400][gc,phases   ] GC(645)   Evacuate Collection Set: 4.9ms
[2023-04-17T14:17:58.264-0400][gc,phases   ] GC(645)   Post Evacuate Collection Set: 0.4ms
[2023-04-17T14:17:58.264-0400][gc,phases   ] GC(645)   Other: 0.1ms
[2023-04-17T14:17:58.264-0400][gc,heap     ] GC(645) Eden regions: 101->0(105)
[2023-04-17T14:17:58.264-0400][gc,heap     ] GC(645) Survivor regions: 4->5(14)
[2023-04-17T14:17:58.264-0400][gc,heap     ] GC(645) Old regions: 125->125
[2023-04-17T14:17:58.264-0400][gc,heap     ] GC(645) Archive regions: 2->2
[2023-04-17T14:17:58.264-0400][gc,heap     ] GC(645) Humongous regions: 129->129
[2023-04-17T14:17:58.264-0400][gc,metaspace] GC(645) Metaspace: 44159K(44928K)->44159K(44928K) NonClass: 39063K(39488K)->39063K(39488K) Class: 5095K(5440K)->5095K(5440K)
[2023-04-17T14:17:58.264-0400][gc          ] GC(645) Pause Young (Normal) (G1 Evacuation Pause) 359M->259M(1024M) 6.598ms
[2023-04-17T14:17:58.264-0400][gc,cpu      ] GC(645) User=0.04s Sys=0.00s Real=0.01s
[2023-04-17T14:19:02.779-0400][gc,start    ] GC(646) Pause Young (Normal) (G1 Evacuation Pause)
[2023-04-17T14:19:02.779-0400][gc,task     ] GC(646) Using 8 workers of 8 for evacuation
[2023-04-17T14:19:02.785-0400][gc,phases   ] GC(646)   Pre Evacuate Collection Set: 0.1ms
[2023-04-17T14:19:02.785-0400][gc,phases   ] GC(646)   Merge Heap Roots: 0.1ms
[2023-04-17T14:19:02.785-0400][gc,phases   ] GC(646)   Evacuate Collection Set: 5.4ms
[2023-04-17T14:19:02.786-0400][gc,phases   ] GC(646)   Post Evacuate Collection Set: 0.3ms
[2023-04-17T14:19:02.786-0400][gc,phases   ] GC(646)   Other: 0.1ms
[2023-04-17T14:19:02.786-0400][gc,heap     ] GC(646) Eden regions: 105->0(67)
[2023-04-17T14:19:02.786-0400][gc,heap     ] GC(646) Survivor regions: 5->7(14)
[2023-04-17T14:19:02.786-0400][gc,heap     ] GC(646) Old regions: 125->125
[2023-04-17T14:19:02.786-0400][gc,heap     ] GC(646) Archive regions: 2->2
[2023-04-17T14:19:02.786-0400][gc,heap     ] GC(646) Humongous regions: 129->129
[2023-04-17T14:19:02.786-0400][gc,metaspace] GC(646) Metaspace: 44159K(44928K)->44159K(44928K) NonClass: 39063K(39488K)->39063K(39488K) Class: 5095K(5440K)->5095K(5440K)
[2023-04-17T14:19:02.786-0400][gc          ] GC(646) Pause Young (Normal) (G1 Evacuation Pause) 364M->261M(1024M) 7.030ms
[2023-04-17T14:19:02.786-0400][gc,cpu      ] GC(646) User=0.04s Sys=0.01s Real=0.01s
[2023-04-17T14:19:44.106-0400][gc,start    ] GC(647) Pause Young (Normal) (G1 Evacuation Pause)
[2023-04-17T14:19:44.122-0400][gc,task     ] GC(647) Using 8 workers of 8 for evacuation
[2023-04-17T14:19:44.137-0400][gc,phases   ] GC(647)   Pre Evacuate Collection Set: 0.1ms
[2023-04-17T14:19:44.137-0400][gc,phases   ] GC(647)   Merge Heap Roots: 0.1ms
[2023-04-17T14:19:44.137-0400][gc,phases   ] GC(647)   Evacuate Collection Set: 14.1ms
[2023-04-17T14:19:44.137-0400][gc,phases   ] GC(647)   Post Evacuate Collection Set: 0.2ms
[2023-04-17T14:19:44.137-0400][gc,phases   ] GC(647)   Other: 0.1ms
[2023-04-17T14:19:44.137-0400][gc,heap     ] GC(647) Eden regions: 67->0(142)
[2023-04-17T14:19:44.137-0400][gc,heap     ] GC(647) Survivor regions: 7->6(10)
[2023-04-17T14:19:44.137-0400][gc,heap     ] GC(647) Old regions: 125->128
[2023-04-17T14:19:44.137-0400][gc,heap     ] GC(647) Archive regions: 2->2
[2023-04-17T14:19:44.137-0400][gc,heap     ] GC(647) Humongous regions: 129->129
[2023-04-17T14:19:44.137-0400][gc,metaspace] GC(647) Metaspace: 44159K(44928K)->44159K(44928K) NonClass: 39063K(39488K)->39063K(39488K) Class: 5095K(5440K)->5095K(5440K)
[2023-04-17T14:19:44.137-0400][gc          ] GC(647) Pause Young (Normal) (G1 Evacuation Pause) 328M->262M(1024M) 31.184ms
[2023-04-17T14:19:44.137-0400][gc,cpu      ] GC(647) User=0.03s Sys=0.02s Real=0.03s
[2023-04-17T14:21:13.624-0400][gc,start    ] GC(648) Pause Young (Normal) (G1 Evacuation Pause)
[2023-04-17T14:21:13.625-0400][gc,task     ] GC(648) Using 8 workers of 8 for evacuation
[2023-04-17T14:21:13.674-0400][gc,mmu      ] GC(648) MMU target violated: 21.0ms (20.0ms/21.0ms)
[2023-04-17T14:21:13.674-0400][gc,phases   ] GC(648)   Pre Evacuate Collection Set: 1.7ms
[2023-04-17T14:21:13.674-0400][gc,phases   ] GC(648)   Merge Heap Roots: 0.1ms
[2023-04-17T14:21:13.674-0400][gc,phases   ] GC(648)   Evacuate Collection Set: 44.6ms
[2023-04-17T14:21:13.674-0400][gc,phases   ] GC(648)   Post Evacuate Collection Set: 2.0ms
[2023-04-17T14:21:13.674-0400][gc,phases   ] GC(648)   Other: 1.1ms
[2023-04-17T14:21:13.674-0400][gc,heap     ] GC(648) Eden regions: 142->0(43)
[2023-04-17T14:21:13.674-0400][gc,heap     ] GC(648) Survivor regions: 6->8(19)
[2023-04-17T14:21:13.674-0400][gc,heap     ] GC(648) Old regions: 128->128
[2023-04-17T14:21:13.674-0400][gc,heap     ] GC(648) Archive regions: 2->2
[2023-04-17T14:21:13.674-0400][gc,heap     ] GC(648) Humongous regions: 129->129
[2023-04-17T14:21:13.674-0400][gc,metaspace] GC(648) Metaspace: 44159K(44928K)->44159K(44928K) NonClass: 39063K(39488K)->39063K(39488K) Class: 5095K(5440K)->5095K(5440K)
[2023-04-17T14:21:13.674-0400][gc          ] GC(648) Pause Young (Normal) (G1 Evacuation Pause) 404M->264M(1024M) 49.881ms
[2023-04-17T14:21:13.674-0400][gc,cpu      ] GC(648) User=0.03s Sys=0.05s Real=0.05s
[2023-04-17T14:21:39.794-0400][gc,start    ] GC(649) Pause Young (Normal) (G1 Evacuation Pause)
[2023-04-17T14:21:39.794-0400][gc,task     ] GC(649) Using 8 workers of 8 for evacuation
[2023-04-17T14:21:39.821-0400][gc,mmu      ] GC(649) MMU target violated: 21.0ms (20.0ms/21.0ms)
[2023-04-17T14:21:39.821-0400][gc,phases   ] GC(649)   Pre Evacuate Collection Set: 0.8ms
[2023-04-17T14:21:39.821-0400][gc,phases   ] GC(649)   Merge Heap Roots: 0.1ms
[2023-04-17T14:21:39.822-0400][gc,phases   ] GC(649)   Evacuate Collection Set: 26.0ms
[2023-04-17T14:21:39.822-0400][gc,phases   ] GC(649)   Post Evacuate Collection Set: 0.2ms
[2023-04-17T14:21:39.822-0400][gc,phases   ] GC(649)   Other: 0.2ms
[2023-04-17T14:21:39.822-0400][gc,heap     ] GC(649) Eden regions: 43->0(46)
[2023-04-17T14:21:39.822-0400][gc,heap     ] GC(649) Survivor regions: 8->5(7)
[2023-04-17T14:21:39.822-0400][gc,heap     ] GC(649) Old regions: 128->132
[2023-04-17T14:21:39.822-0400][gc,heap     ] GC(649) Archive regions: 2->2
[2023-04-17T14:21:39.822-0400][gc,heap     ] GC(649) Humongous regions: 129->129
[2023-04-17T14:21:39.822-0400][gc,metaspace] GC(649) Metaspace: 44159K(44928K)->44159K(44928K) NonClass: 39063K(39488K)->39063K(39488K) Class: 5095K(5440K)->5095K(5440K)
[2023-04-17T14:21:39.822-0400][gc          ] GC(649) Pause Young (Normal) (G1 Evacuation Pause) 307M->265M(1024M) 27.471ms
[2023-04-17T14:21:39.822-0400][gc,cpu      ] GC(649) User=0.04s Sys=0.04s Real=0.03s
[2023-04-17T14:22:08.339-0400][gc,start    ] GC(650) Pause Young (Normal) (G1 Evacuation Pause)
[2023-04-17T14:22:08.339-0400][gc,task     ] GC(650) Using 8 workers of 8 for evacuation
[2023-04-17T14:22:08.347-0400][gc,phases   ] GC(650)   Pre Evacuate Collection Set: 0.1ms
[2023-04-17T14:22:08.347-0400][gc,phases   ] GC(650)   Merge Heap Roots: 0.1ms
[2023-04-17T14:22:08.347-0400][gc,phases   ] GC(650)   Evacuate Collection Set: 6.8ms
[2023-04-17T14:22:08.347-0400][gc,phases   ] GC(650)   Post Evacuate Collection Set: 0.8ms
[2023-04-17T14:22:08.347-0400][gc,phases   ] GC(650)   Other: 0.1ms
[2023-04-17T14:22:08.347-0400][gc,heap     ] GC(650) Eden regions: 46->0(86)
[2023-04-17T14:22:08.347-0400][gc,heap     ] GC(650) Survivor regions: 5->5(7)
[2023-04-17T14:22:08.347-0400][gc,heap     ] GC(650) Old regions: 132->133
[2023-04-17T14:22:08.347-0400][gc,heap     ] GC(650) Archive regions: 2->2
[2023-04-17T14:22:08.347-0400][gc,heap     ] GC(650) Humongous regions: 129->129
[2023-04-17T14:22:08.347-0400][gc,metaspace] GC(650) Metaspace: 44159K(44928K)->44159K(44928K) NonClass: 39063K(39488K)->39063K(39488K) Class: 5095K(5440K)->5095K(5440K)
[2023-04-17T14:22:08.347-0400][gc          ] GC(650) Pause Young (Normal) (G1 Evacuation Pause) 311M->266M(1024M) 8.452ms
[2023-04-17T14:22:08.347-0400][gc,cpu      ] GC(650) User=0.02s Sys=0.01s Real=0.01s
[2023-04-17T14:23:01.923-0400][gc,start    ] GC(651) Pause Young (Normal) (G1 Evacuation Pause)
[2023-04-17T14:23:01.923-0400][gc,task     ] GC(651) Using 8 workers of 8 for evacuation
[2023-04-17T14:23:01.927-0400][gc,phases   ] GC(651)   Pre Evacuate Collection Set: 0.1ms
[2023-04-17T14:23:01.927-0400][gc,phases   ] GC(651)   Merge Heap Roots: 0.1ms
[2023-04-17T14:23:01.927-0400][gc,phases   ] GC(651)   Evacuate Collection Set: 3.2ms
[2023-04-17T14:23:01.927-0400][gc,phases   ] GC(651)   Post Evacuate Collection Set: 0.3ms
[2023-04-17T14:23:01.927-0400][gc,phases   ] GC(651)   Other: 0.1ms
[2023-04-17T14:23:01.927-0400][gc,heap     ] GC(651) Eden regions: 86->0(159)
[2023-04-17T14:23:01.927-0400][gc,heap     ] GC(651) Survivor regions: 5->5(12)
[2023-04-17T14:23:01.927-0400][gc,heap     ] GC(651) Old regions: 133->133
[2023-04-17T14:23:01.927-0400][gc,heap     ] GC(651) Archive regions: 2->2
[2023-04-17T14:23:01.927-0400][gc,heap     ] GC(651) Humongous regions: 129->129
[2023-04-17T14:23:01.927-0400][gc,metaspace] GC(651) Metaspace: 44159K(44928K)->44159K(44928K) NonClass: 39063K(39488K)->39063K(39488K) Class: 5095K(5440K)->5095K(5440K)
[2023-04-17T14:23:01.927-0400][gc          ] GC(651) Pause Young (Normal) (G1 Evacuation Pause) 352M->267M(1024M) 4.230ms
[2023-04-17T14:23:01.927-0400][gc,cpu      ] GC(651) User=0.02s Sys=0.00s Real=0.00s
[2023-04-17T14:24:42.460-0400][gc,start    ] GC(652) Pause Young (Normal) (G1 Evacuation Pause)
[2023-04-17T14:24:42.460-0400][gc,task     ] GC(652) Using 8 workers of 8 for evacuation
[2023-04-17T14:24:42.492-0400][gc,mmu      ] GC(652) MMU target violated: 21.0ms (20.0ms/21.0ms)
[2023-04-17T14:24:42.492-0400][gc,phases   ] GC(652)   Pre Evacuate Collection Set: 1.3ms
[2023-04-17T14:24:42.492-0400][gc,phases   ] GC(652)   Merge Heap Roots: 0.1ms
[2023-04-17T14:24:42.492-0400][gc,phases   ] GC(652)   Evacuate Collection Set: 29.0ms
[2023-04-17T14:24:42.492-0400][gc,phases   ] GC(652)   Post Evacuate Collection Set: 0.8ms
[2023-04-17T14:24:42.492-0400][gc,phases   ] GC(652)   Other: 0.3ms
[2023-04-17T14:24:42.492-0400][gc,heap     ] GC(652) Eden regions: 159->0(43)
[2023-04-17T14:24:42.492-0400][gc,heap     ] GC(652) Survivor regions: 5->8(21)
[2023-04-17T14:24:42.492-0400][gc,heap     ] GC(652) Old regions: 133->133
[2023-04-17T14:24:42.492-0400][gc,heap     ] GC(652) Archive regions: 2->2
[2023-04-17T14:24:42.492-0400][gc,heap     ] GC(652) Humongous regions: 129->129
[2023-04-17T14:24:42.492-0400][gc,metaspace] GC(652) Metaspace: 44159K(44928K)->44159K(44928K) NonClass: 39063K(39488K)->39063K(39488K) Class: 5095K(5440K)->5095K(5440K)
[2023-04-17T14:24:42.492-0400][gc          ] GC(652) Pause Young (Normal) (G1 Evacuation Pause) 426M->270M(1024M) 32.103ms
[2023-04-17T14:24:42.492-0400][gc,cpu      ] GC(652) User=0.04s Sys=0.07s Real=0.03s
[2023-04-17T14:25:09.037-0400][gc,start    ] GC(653) Pause Young (Normal) (G1 Evacuation Pause)
[2023-04-17T14:25:09.037-0400][gc,task     ] GC(653) Using 8 workers of 8 for evacuation
[2023-04-17T14:25:09.075-0400][gc,mmu      ] GC(653) MMU target violated: 21.0ms (20.0ms/21.0ms)
[2023-04-17T14:25:09.075-0400][gc,phases   ] GC(653)   Pre Evacuate Collection Set: 0.1ms
[2023-04-17T14:25:09.075-0400][gc,phases   ] GC(653)   Merge Heap Roots: 0.1ms
[2023-04-17T14:25:09.075-0400][gc,phases   ] GC(653)   Evacuate Collection Set: 37.8ms
[2023-04-17T14:25:09.075-0400][gc,phases   ] GC(653)   Post Evacuate Collection Set: 0.2ms
[2023-04-17T14:25:09.075-0400][gc,phases   ] GC(653)   Other: 0.1ms
[2023-04-17T14:25:09.075-0400][gc,heap     ] GC(653) Eden regions: 43->0(74)
[2023-04-17T14:25:09.075-0400][gc,heap     ] GC(653) Survivor regions: 8->4(7)
[2023-04-17T14:25:09.075-0400][gc,heap     ] GC(653) Old regions: 133->138
[2023-04-17T14:25:09.075-0400][gc,heap     ] GC(653) Archive regions: 2->2
[2023-04-17T14:25:09.075-0400][gc,heap     ] GC(653) Humongous regions: 129->129
[2023-04-17T14:25:09.075-0400][gc,metaspace] GC(653) Metaspace: 44159K(44928K)->44159K(44928K) NonClass: 39063K(39488K)->39063K(39488K) Class: 5095K(5440K)->5095K(5440K)
[2023-04-17T14:25:09.075-0400][gc          ] GC(653) Pause Young (Normal) (G1 Evacuation Pause) 313M->270M(1024M) 38.633ms
[2023-04-17T14:25:09.075-0400][gc,cpu      ] GC(653) User=0.03s Sys=0.04s Real=0.04s
[2023-04-17T14:25:55.324-0400][gc,start    ] GC(654) Pause Young (Normal) (G1 Evacuation Pause)
[2023-04-17T14:25:55.325-0400][gc,task     ] GC(654) Using 8 workers of 8 for evacuation
[2023-04-17T14:25:55.329-0400][gc,phases   ] GC(654)   Pre Evacuate Collection Set: 0.1ms
[2023-04-17T14:25:55.329-0400][gc,phases   ] GC(654)   Merge Heap Roots: 0.1ms
[2023-04-17T14:25:55.329-0400][gc,phases   ] GC(654)   Evacuate Collection Set: 3.7ms
[2023-04-17T14:25:55.329-0400][gc,phases   ] GC(654)   Post Evacuate Collection Set: 0.4ms
[2023-04-17T14:25:55.329-0400][gc,phases   ] GC(654)   Other: 0.1ms
[2023-04-17T14:25:55.329-0400][gc,heap     ] GC(654) Eden regions: 74->0(75)
[2023-04-17T14:25:55.329-0400][gc,heap     ] GC(654) Survivor regions: 4->5(10)
[2023-04-17T14:25:55.329-0400][gc,heap     ] GC(654) Old regions: 138->138
[2023-04-17T14:25:55.329-0400][gc,heap     ] GC(654) Archive regions: 2->2
[2023-04-17T14:25:55.329-0400][gc,heap     ] GC(654) Humongous regions: 129->129
[2023-04-17T14:25:55.329-0400][gc,metaspace] GC(654) Metaspace: 44159K(44928K)->44159K(44928K) NonClass: 39063K(39488K)->39063K(39488K) Class: 5095K(5440K)->5095K(5440K)
[2023-04-17T14:25:55.329-0400][gc          ] GC(654) Pause Young (Normal) (G1 Evacuation Pause) 344M->271M(1024M) 5.704ms
[2023-04-17T14:25:55.329-0400][gc,cpu      ] GC(654) User=0.02s Sys=0.00s Real=0.00s
[2023-04-17T14:26:41.718-0400][gc,start    ] GC(655) Pause Young (Normal) (G1 Evacuation Pause)
[2023-04-17T14:26:41.719-0400][gc,task     ] GC(655) Using 8 workers of 8 for evacuation
[2023-04-17T14:26:41.723-0400][gc,phases   ] GC(655)   Pre Evacuate Collection Set: 0.1ms
[2023-04-17T14:26:41.723-0400][gc,phases   ] GC(655)   Merge Heap Roots: 0.0ms
[2023-04-17T14:26:41.723-0400][gc,phases   ] GC(655)   Evacuate Collection Set: 3.6ms
[2023-04-17T14:26:41.723-0400][gc,phases   ] GC(655)   Post Evacuate Collection Set: 0.3ms
[2023-04-17T14:26:41.724-0400][gc,phases   ] GC(655)   Other: 0.1ms
[2023-04-17T14:26:41.724-0400][gc,heap     ] GC(655) Eden regions: 75->0(92)
[2023-04-17T14:26:41.724-0400][gc,heap     ] GC(655) Survivor regions: 5->6(10)
[2023-04-17T14:26:41.724-0400][gc,heap     ] GC(655) Old regions: 138->138
[2023-04-17T14:26:41.724-0400][gc,heap     ] GC(655) Archive regions: 2->2
[2023-04-17T14:26:41.724-0400][gc,heap     ] GC(655) Humongous regions: 129->129
[2023-04-17T14:26:41.724-0400][gc,metaspace] GC(655) Metaspace: 44159K(44928K)->44159K(44928K) NonClass: 39063K(39488K)->39063K(39488K) Class: 5095K(5440K)->5095K(5440K)
[2023-04-17T14:26:41.724-0400][gc          ] GC(655) Pause Young (Normal) (G1 Evacuation Pause) 346M->272M(1024M) 5.166ms
[2023-04-17T14:26:41.724-0400][gc,cpu      ] GC(655) User=0.03s Sys=0.00s Real=0.01s
[2023-04-17T14:27:39.400-0400][gc,start    ] GC(656) Pause Young (Normal) (G1 Evacuation Pause)
[2023-04-17T14:27:39.401-0400][gc,task     ] GC(656) Using 8 workers of 8 for evacuation
[2023-04-17T14:27:39.408-0400][gc,phases   ] GC(656)   Pre Evacuate Collection Set: 0.1ms
[2023-04-17T14:27:39.408-0400][gc,phases   ] GC(656)   Merge Heap Roots: 0.1ms
[2023-04-17T14:27:39.408-0400][gc,phases   ] GC(656)   Evacuate Collection Set: 6.4ms
[2023-04-17T14:27:39.408-0400][gc,phases   ] GC(656)   Post Evacuate Collection Set: 0.4ms
[2023-04-17T14:27:39.408-0400][gc,phases   ] GC(656)   Other: 0.1ms
[2023-04-17T14:27:39.408-0400][gc,heap     ] GC(656) Eden regions: 92->0(63)
[2023-04-17T14:27:39.408-0400][gc,heap     ] GC(656) Survivor regions: 6->8(13)
[2023-04-17T14:27:39.408-0400][gc,heap     ] GC(656) Old regions: 138->138
[2023-04-17T14:27:39.408-0400][gc,heap     ] GC(656) Archive regions: 2->2
[2023-04-17T14:27:39.408-0400][gc,heap     ] GC(656) Humongous regions: 129->129
[2023-04-17T14:27:39.408-0400][gc,metaspace] GC(656) Metaspace: 44159K(44928K)->44159K(44928K) NonClass: 39063K(39488K)->39063K(39488K) Class: 5095K(5440K)->5095K(5440K)
[2023-04-17T14:27:39.408-0400][gc          ] GC(656) Pause Young (Normal) (G1 Evacuation Pause) 364M->274M(1024M) 8.300ms
[2023-04-17T14:27:39.408-0400][gc,cpu      ] GC(656) User=0.05s Sys=0.00s Real=0.00s
[2023-04-17T14:28:18.560-0400][gc,start    ] GC(657) Pause Young (Normal) (G1 Evacuation Pause)
[2023-04-17T14:28:18.561-0400][gc,task     ] GC(657) Using 8 workers of 8 for evacuation
[2023-04-17T14:28:18.585-0400][gc,mmu      ] GC(657) MMU target violated: 21.0ms (20.0ms/21.0ms)
[2023-04-17T14:28:18.585-0400][gc,phases   ] GC(657)   Pre Evacuate Collection Set: 0.1ms
[2023-04-17T14:28:18.585-0400][gc,phases   ] GC(657)   Merge Heap Roots: 0.1ms
[2023-04-17T14:28:18.585-0400][gc,phases   ] GC(657)   Evacuate Collection Set: 23.8ms
[2023-04-17T14:28:18.585-0400][gc,phases   ] GC(657)   Post Evacuate Collection Set: 0.4ms
[2023-04-17T14:28:18.585-0400][gc,phases   ] GC(657)   Other: 0.2ms
[2023-04-17T14:28:18.585-0400][gc,heap     ] GC(657) Eden regions: 63->0(113)
[2023-04-17T14:28:18.585-0400][gc,heap     ] GC(657) Survivor regions: 8->6(9)
[2023-04-17T14:28:18.585-0400][gc,heap     ] GC(657) Old regions: 138->141
[2023-04-17T14:28:18.586-0400][gc,heap     ] GC(657) Archive regions: 2->2
[2023-04-17T14:28:18.586-0400][gc,heap     ] GC(657) Humongous regions: 129->129
[2023-04-17T14:28:18.586-0400][gc,metaspace] GC(657) Metaspace: 44159K(44928K)->44159K(44928K) NonClass: 39063K(39488K)->39063K(39488K) Class: 5095K(5440K)->5095K(5440K)
[2023-04-17T14:28:18.586-0400][gc          ] GC(657) Pause Young (Normal) (G1 Evacuation Pause) 337M->275M(1024M) 25.884ms
[2023-04-17T14:28:18.586-0400][gc,cpu      ] GC(657) User=0.04s Sys=0.03s Real=0.02s
[2023-04-17T14:29:29.826-0400][gc,start    ] GC(658) Pause Young (Normal) (G1 Evacuation Pause)
[2023-04-17T14:29:29.827-0400][gc,task     ] GC(658) Using 8 workers of 8 for evacuation
[2023-04-17T14:29:29.832-0400][gc,phases   ] GC(658)   Pre Evacuate Collection Set: 0.1ms
[2023-04-17T14:29:29.832-0400][gc,phases   ] GC(658)   Merge Heap Roots: 0.1ms
[2023-04-17T14:29:29.832-0400][gc,phases   ] GC(658)   Evacuate Collection Set: 4.5ms
[2023-04-17T14:29:29.832-0400][gc,phases   ] GC(658)   Post Evacuate Collection Set: 0.4ms
[2023-04-17T14:29:29.832-0400][gc,phases   ] GC(658)   Other: 0.1ms
[2023-04-17T14:29:29.832-0400][gc,heap     ] GC(658) Eden regions: 113->0(106)
[2023-04-17T14:29:29.832-0400][gc,heap     ] GC(658) Survivor regions: 6->8(15)
[2023-04-17T14:29:29.832-0400][gc,heap     ] GC(658) Old regions: 141->141
[2023-04-17T14:29:29.832-0400][gc,heap     ] GC(658) Archive regions: 2->2
[2023-04-17T14:29:29.832-0400][gc,heap     ] GC(658) Humongous regions: 129->129
[2023-04-17T14:29:29.832-0400][gc,metaspace] GC(658) Metaspace: 44159K(44928K)->44159K(44928K) NonClass: 39063K(39488K)->39063K(39488K) Class: 5095K(5440K)->5095K(5440K)
[2023-04-17T14:29:29.832-0400][gc          ] GC(658) Pause Young (Normal) (G1 Evacuation Pause) 388M->277M(1024M) 6.039ms
[2023-04-17T14:29:29.833-0400][gc,cpu      ] GC(658) User=0.03s Sys=0.00s Real=0.01s
[2023-04-17T14:30:37.529-0400][gc,start    ] GC(659) Pause Young (Normal) (G1 Evacuation Pause)
[2023-04-17T14:30:37.530-0400][gc,task     ] GC(659) Using 8 workers of 8 for evacuation
[2023-04-17T14:30:37.537-0400][gc,phases   ] GC(659)   Pre Evacuate Collection Set: 0.1ms
[2023-04-17T14:30:37.538-0400][gc,phases   ] GC(659)   Merge Heap Roots: 0.1ms
[2023-04-17T14:30:37.538-0400][gc,phases   ] GC(659)   Evacuate Collection Set: 7.0ms
[2023-04-17T14:30:37.538-0400][gc,phases   ] GC(659)   Post Evacuate Collection Set: 0.4ms
[2023-04-17T14:30:37.538-0400][gc,phases   ] GC(659)   Other: 0.1ms
[2023-04-17T14:30:37.538-0400][gc,heap     ] GC(659) Eden regions: 106->0(124)
[2023-04-17T14:30:37.538-0400][gc,heap     ] GC(659) Survivor regions: 8->9(15)
[2023-04-17T14:30:37.538-0400][gc,heap     ] GC(659) Old regions: 141->141
[2023-04-17T14:30:37.538-0400][gc,heap     ] GC(659) Archive regions: 2->2
[2023-04-17T14:30:37.538-0400][gc,heap     ] GC(659) Humongous regions: 129->129
[2023-04-17T14:30:37.538-0400][gc,metaspace] GC(659) Metaspace: 44159K(44928K)->44159K(44928K) NonClass: 39063K(39488K)->39063K(39488K) Class: 5095K(5440K)->5095K(5440K)
[2023-04-17T14:30:37.538-0400][gc          ] GC(659) Pause Young (Normal) (G1 Evacuation Pause) 383M->279M(1024M) 8.796ms
[2023-04-17T14:30:37.538-0400][gc,cpu      ] GC(659) User=0.05s Sys=0.00s Real=0.01s
[2023-04-17T14:31:54.921-0400][gc,start    ] GC(660) Pause Young (Normal) (G1 Evacuation Pause)
[2023-04-17T14:31:54.921-0400][gc,task     ] GC(660) Using 8 workers of 8 for evacuation
[2023-04-17T14:31:54.928-0400][gc,phases   ] GC(660)   Pre Evacuate Collection Set: 0.1ms
[2023-04-17T14:31:54.928-0400][gc,phases   ] GC(660)   Merge Heap Roots: 0.1ms
[2023-04-17T14:31:54.928-0400][gc,phases   ] GC(660)   Evacuate Collection Set: 5.5ms
[2023-04-17T14:31:54.928-0400][gc,phases   ] GC(660)   Post Evacuate Collection Set: 0.3ms
[2023-04-17T14:31:54.928-0400][gc,phases   ] GC(660)   Other: 0.1ms
[2023-04-17T14:31:54.928-0400][gc,heap     ] GC(660) Eden regions: 124->0(190)
[2023-04-17T14:31:54.928-0400][gc,heap     ] GC(660) Survivor regions: 9->10(17)
[2023-04-17T14:31:54.928-0400][gc,heap     ] GC(660) Old regions: 141->141
[2023-04-17T14:31:54.928-0400][gc,heap     ] GC(660) Archive regions: 2->2
[2023-04-17T14:31:54.928-0400][gc,heap     ] GC(660) Humongous regions: 129->129
[2023-04-17T14:31:54.928-0400][gc,metaspace] GC(660) Metaspace: 44159K(44928K)->44159K(44928K) NonClass: 39063K(39488K)->39063K(39488K) Class: 5095K(5440K)->5095K(5440K)
[2023-04-17T14:31:54.928-0400][gc          ] GC(660) Pause Young (Normal) (G1 Evacuation Pause) 403M->280M(1024M) 6.876ms
[2023-04-17T14:31:54.928-0400][gc,cpu      ] GC(660) User=0.04s Sys=0.00s Real=0.00s
[2023-04-17T14:33:53.817-0400][gc,start    ] GC(661) Pause Young (Normal) (G1 Evacuation Pause)
[2023-04-17T14:33:53.818-0400][gc,task     ] GC(661) Using 8 workers of 8 for evacuation
[2023-04-17T14:33:53.870-0400][gc,mmu      ] GC(661) MMU target violated: 21.0ms (20.0ms/21.0ms)
[2023-04-17T14:33:53.870-0400][gc,phases   ] GC(661)   Pre Evacuate Collection Set: 2.6ms
[2023-04-17T14:33:53.870-0400][gc,phases   ] GC(661)   Merge Heap Roots: 0.2ms
[2023-04-17T14:33:53.870-0400][gc,phases   ] GC(661)   Evacuate Collection Set: 47.8ms
[2023-04-17T14:33:53.870-0400][gc,phases   ] GC(661)   Post Evacuate Collection Set: 1.1ms
[2023-04-17T14:33:53.870-0400][gc,phases   ] GC(661)   Other: 0.3ms
[2023-04-17T14:33:53.870-0400][gc,heap     ] GC(661) Eden regions: 190->0(37)
[2023-04-17T14:33:53.870-0400][gc,heap     ] GC(661) Survivor regions: 10->14(25)
[2023-04-17T14:33:53.870-0400][gc,heap     ] GC(661) Old regions: 141->141
[2023-04-17T14:33:53.870-0400][gc,heap     ] GC(661) Archive regions: 2->2
[2023-04-17T14:33:53.870-0400][gc,heap     ] GC(661) Humongous regions: 129->129
[2023-04-17T14:33:53.870-0400][gc,metaspace] GC(661) Metaspace: 44159K(44928K)->44159K(44928K) NonClass: 39063K(39488K)->39063K(39488K) Class: 5095K(5440K)->5095K(5440K)
[2023-04-17T14:33:53.870-0400][gc          ] GC(661) Pause Young (Normal) (G1 Evacuation Pause) 470M->283M(1024M) 53.287ms
[2023-04-17T14:33:53.870-0400][gc,cpu      ] GC(661) User=0.06s Sys=0.11s Real=0.06s
[2023-04-17T14:34:16.588-0400][gc,start    ] GC(662) Pause Young (Normal) (G1 Evacuation Pause)
[2023-04-17T14:34:16.588-0400][gc,task     ] GC(662) Using 8 workers of 8 for evacuation
[2023-04-17T14:34:16.673-0400][gc,mmu      ] GC(662) MMU target violated: 21.0ms (20.0ms/21.0ms)
[2023-04-17T14:34:16.674-0400][gc,phases   ] GC(662)   Pre Evacuate Collection Set: 0.2ms
[2023-04-17T14:34:16.674-0400][gc,phases   ] GC(662)   Merge Heap Roots: 1.2ms
[2023-04-17T14:34:16.674-0400][gc,phases   ] GC(662)   Evacuate Collection Set: 81.3ms
[2023-04-17T14:34:16.674-0400][gc,phases   ] GC(662)   Post Evacuate Collection Set: 2.3ms
[2023-04-17T14:34:16.674-0400][gc,phases   ] GC(662)   Other: 0.2ms
[2023-04-17T14:34:16.674-0400][gc,heap     ] GC(662) Eden regions: 37->0(46)
[2023-04-17T14:34:16.674-0400][gc,heap     ] GC(662) Survivor regions: 14->5(7)
[2023-04-17T14:34:16.674-0400][gc,heap     ] GC(662) Old regions: 141->150
[2023-04-17T14:34:16.674-0400][gc,heap     ] GC(662) Archive regions: 2->2
[2023-04-17T14:34:16.674-0400][gc,heap     ] GC(662) Humongous regions: 129->129
[2023-04-17T14:34:16.674-0400][gc,metaspace] GC(662) Metaspace: 44159K(44928K)->44159K(44928K) NonClass: 39063K(39488K)->39063K(39488K) Class: 5095K(5440K)->5095K(5440K)
[2023-04-17T14:34:16.674-0400][gc          ] GC(662) Pause Young (Normal) (G1 Evacuation Pause) 320M->284M(1024M) 85.434ms
[2023-04-17T14:34:16.674-0400][gc,cpu      ] GC(662) User=0.05s Sys=0.10s Real=0.09s
[2023-04-17T14:34:45.289-0400][gc,start    ] GC(663) Pause Young (Normal) (G1 Evacuation Pause)
[2023-04-17T14:34:45.289-0400][gc,task     ] GC(663) Using 8 workers of 8 for evacuation
[2023-04-17T14:34:45.322-0400][gc,mmu      ] GC(663) MMU target violated: 21.0ms (20.0ms/21.0ms)
[2023-04-17T14:34:45.322-0400][gc,phases   ] GC(663)   Pre Evacuate Collection Set: 0.1ms
[2023-04-17T14:34:45.322-0400][gc,phases   ] GC(663)   Merge Heap Roots: 0.7ms
[2023-04-17T14:34:45.322-0400][gc,phases   ] GC(663)   Evacuate Collection Set: 30.3ms
[2023-04-17T14:34:45.322-0400][gc,phases   ] GC(663)   Post Evacuate Collection Set: 0.2ms
[2023-04-17T14:34:45.322-0400][gc,phases   ] GC(663)   Other: 1.9ms
[2023-04-17T14:34:45.322-0400][gc,heap     ] GC(663) Eden regions: 46->0(107)
[2023-04-17T14:34:45.322-0400][gc,heap     ] GC(663) Survivor regions: 5->2(7)
[2023-04-17T14:34:45.322-0400][gc,heap     ] GC(663) Old regions: 150->154
[2023-04-17T14:34:45.322-0400][gc,heap     ] GC(663) Archive regions: 2->2
[2023-04-17T14:34:45.322-0400][gc,heap     ] GC(663) Humongous regions: 129->129
[2023-04-17T14:34:45.322-0400][gc,metaspace] GC(663) Metaspace: 44159K(44928K)->44159K(44928K) NonClass: 39063K(39488K)->39063K(39488K) Class: 5095K(5440K)->5095K(5440K)
[2023-04-17T14:34:45.322-0400][gc          ] GC(663) Pause Young (Normal) (G1 Evacuation Pause) 330M->285M(1024M) 33.454ms
[2023-04-17T14:34:45.322-0400][gc,cpu      ] GC(663) User=0.02s Sys=0.04s Real=0.04s
[2023-04-17T14:35:56.829-0400][gc,start    ] GC(664) Pause Young (Normal) (G1 Evacuation Pause)
[2023-04-17T14:35:56.829-0400][gc,task     ] GC(664) Using 8 workers of 8 for evacuation
[2023-04-17T14:35:56.834-0400][gc,phases   ] GC(664)   Pre Evacuate Collection Set: 0.2ms
[2023-04-17T14:35:56.834-0400][gc,phases   ] GC(664)   Merge Heap Roots: 0.3ms
[2023-04-17T14:35:56.834-0400][gc,phases   ] GC(664)   Evacuate Collection Set: 4.0ms
[2023-04-17T14:35:56.834-0400][gc,phases   ] GC(664)   Post Evacuate Collection Set: 0.4ms
[2023-04-17T14:35:56.834-0400][gc,phases   ] GC(664)   Other: 0.2ms
[2023-04-17T14:35:56.834-0400][gc,heap     ] GC(664) Eden regions: 107->0(49)
[2023-04-17T14:35:56.834-0400][gc,heap     ] GC(664) Survivor regions: 2->4(14)
[2023-04-17T14:35:56.834-0400][gc,heap     ] GC(664) Old regions: 154->154
[2023-04-17T14:35:56.834-0400][gc,heap     ] GC(664) Archive regions: 2->2
[2023-04-17T14:35:56.834-0400][gc,heap     ] GC(664) Humongous regions: 129->129
[2023-04-17T14:35:56.834-0400][gc,metaspace] GC(664) Metaspace: 44159K(44928K)->44159K(44928K) NonClass: 39063K(39488K)->39063K(39488K) Class: 5095K(5440K)->5095K(5440K)
[2023-04-17T14:35:56.834-0400][gc          ] GC(664) Pause Young (Normal) (G1 Evacuation Pause) 392M->287M(1024M) 5.396ms
[2023-04-17T14:35:56.834-0400][gc,cpu      ] GC(664) User=0.02s Sys=0.00s Real=0.01s
[2023-04-17T14:36:28.293-0400][gc,start    ] GC(665) Pause Young (Normal) (G1 Evacuation Pause)
[2023-04-17T14:36:28.293-0400][gc,task     ] GC(665) Using 8 workers of 8 for evacuation
[2023-04-17T14:36:28.297-0400][gc,phases   ] GC(665)   Pre Evacuate Collection Set: 0.1ms
[2023-04-17T14:36:28.297-0400][gc,phases   ] GC(665)   Merge Heap Roots: 0.1ms
[2023-04-17T14:36:28.297-0400][gc,phases   ] GC(665)   Evacuate Collection Set: 3.6ms
[2023-04-17T14:36:28.297-0400][gc,phases   ] GC(665)   Post Evacuate Collection Set: 0.3ms
[2023-04-17T14:36:28.297-0400][gc,phases   ] GC(665)   Other: 0.1ms
[2023-04-17T14:36:28.297-0400][gc,heap     ] GC(665) Eden regions: 49->0(45)
[2023-04-17T14:36:28.297-0400][gc,heap     ] GC(665) Survivor regions: 4->6(7)
[2023-04-17T14:36:28.297-0400][gc,heap     ] GC(665) Old regions: 154->154
[2023-04-17T14:36:28.297-0400][gc,heap     ] GC(665) Archive regions: 2->2
[2023-04-17T14:36:28.297-0400][gc,heap     ] GC(665) Humongous regions: 129->129
[2023-04-17T14:36:28.297-0400][gc,metaspace] GC(665) Metaspace: 44159K(44928K)->44159K(44928K) NonClass: 39063K(39488K)->39063K(39488K) Class: 5095K(5440K)->5095K(5440K)
[2023-04-17T14:36:28.297-0400][gc          ] GC(665) Pause Young (Normal) (G1 Evacuation Pause) 336M->289M(1024M) 4.427ms
[2023-04-17T14:36:28.297-0400][gc,cpu      ] GC(665) User=0.02s Sys=0.00s Real=0.00s
[2023-04-17T14:36:58.117-0400][gc,start    ] GC(666) Pause Young (Normal) (G1 Evacuation Pause)
[2023-04-17T14:36:58.134-0400][gc,task     ] GC(666) Using 8 workers of 8 for evacuation
[2023-04-17T14:36:58.156-0400][gc,mmu      ] GC(666) MMU target violated: 21.0ms (20.0ms/21.0ms)
[2023-04-17T14:36:58.156-0400][gc,phases   ] GC(666)   Pre Evacuate Collection Set: 0.1ms
[2023-04-17T14:36:58.156-0400][gc,phases   ] GC(666)   Merge Heap Roots: 0.1ms
[2023-04-17T14:36:58.156-0400][gc,phases   ] GC(666)   Evacuate Collection Set: 21.2ms
[2023-04-17T14:36:58.156-0400][gc,phases   ] GC(666)   Post Evacuate Collection Set: 0.3ms
[2023-04-17T14:36:58.156-0400][gc,phases   ] GC(666)   Other: 0.2ms
[2023-04-17T14:36:58.156-0400][gc,heap     ] GC(666) Eden regions: 45->0(68)
[2023-04-17T14:36:58.156-0400][gc,heap     ] GC(666) Survivor regions: 6->4(7)
[2023-04-17T14:36:58.156-0400][gc,heap     ] GC(666) Old regions: 154->157
[2023-04-17T14:36:58.156-0400][gc,heap     ] GC(666) Archive regions: 2->2
[2023-04-17T14:36:58.156-0400][gc,heap     ] GC(666) Humongous regions: 129->129
[2023-04-17T14:36:58.156-0400][gc,metaspace] GC(666) Metaspace: 44159K(44928K)->44159K(44928K) NonClass: 39063K(39488K)->39063K(39488K) Class: 5095K(5440K)->5095K(5440K)
[2023-04-17T14:36:58.156-0400][gc          ] GC(666) Pause Young (Normal) (G1 Evacuation Pause) 334M->290M(1024M) 39.416ms
[2023-04-17T14:36:58.156-0400][gc,cpu      ] GC(666) User=0.02s Sys=0.03s Real=0.04s
[2023-04-17T14:37:39.163-0400][gc,start    ] GC(667) Pause Young (Normal) (G1 Evacuation Pause)
[2023-04-17T14:37:39.163-0400][gc,task     ] GC(667) Using 8 workers of 8 for evacuation
[2023-04-17T14:37:39.169-0400][gc,phases   ] GC(667)   Pre Evacuate Collection Set: 0.1ms
[2023-04-17T14:37:39.169-0400][gc,phases   ] GC(667)   Merge Heap Roots: 0.1ms
[2023-04-17T14:37:39.169-0400][gc,phases   ] GC(667)   Evacuate Collection Set: 5.5ms
[2023-04-17T14:37:39.169-0400][gc,phases   ] GC(667)   Post Evacuate Collection Set: 0.2ms
[2023-04-17T14:37:39.169-0400][gc,phases   ] GC(667)   Other: 0.1ms
[2023-04-17T14:37:39.169-0400][gc,heap     ] GC(667) Eden regions: 68->0(69)
[2023-04-17T14:37:39.169-0400][gc,heap     ] GC(667) Survivor regions: 4->5(9)
[2023-04-17T14:37:39.169-0400][gc,heap     ] GC(667) Old regions: 157->157
[2023-04-17T14:37:39.169-0400][gc,heap     ] GC(667) Archive regions: 2->2
[2023-04-17T14:37:39.169-0400][gc,heap     ] GC(667) Humongous regions: 129->129
[2023-04-17T14:37:39.169-0400][gc,metaspace] GC(667) Metaspace: 44159K(44928K)->44159K(44928K) NonClass: 39063K(39488K)->39063K(39488K) Class: 5095K(5440K)->5095K(5440K)
[2023-04-17T14:37:39.169-0400][gc          ] GC(667) Pause Young (Normal) (G1 Evacuation Pause) 358M->291M(1024M) 6.656ms
[2023-04-17T14:37:39.169-0400][gc,cpu      ] GC(667) User=0.02s Sys=0.01s Real=0.00s
[2023-04-17T14:38:21.440-0400][gc,start    ] GC(668) Pause Young (Normal) (G1 Evacuation Pause)
[2023-04-17T14:38:21.441-0400][gc,task     ] GC(668) Using 8 workers of 8 for evacuation
[2023-04-17T14:38:21.444-0400][gc,phases   ] GC(668)   Pre Evacuate Collection Set: 0.1ms
[2023-04-17T14:38:21.444-0400][gc,phases   ] GC(668)   Merge Heap Roots: 0.1ms
[2023-04-17T14:38:21.444-0400][gc,phases   ] GC(668)   Evacuate Collection Set: 3.1ms
[2023-04-17T14:38:21.444-0400][gc,phases   ] GC(668)   Post Evacuate Collection Set: 0.2ms
[2023-04-17T14:38:21.444-0400][gc,phases   ] GC(668)   Other: 0.1ms
[2023-04-17T14:38:21.444-0400][gc,heap     ] GC(668) Eden regions: 69->0(102)
[2023-04-17T14:38:21.444-0400][gc,heap     ] GC(668) Survivor regions: 5->6(10)
[2023-04-17T14:38:21.444-0400][gc,heap     ] GC(668) Old regions: 157->157
[2023-04-17T14:38:21.444-0400][gc,heap     ] GC(668) Archive regions: 2->2
[2023-04-17T14:38:21.444-0400][gc,heap     ] GC(668) Humongous regions: 129->129
[2023-04-17T14:38:21.444-0400][gc,metaspace] GC(668) Metaspace: 44159K(44928K)->44159K(44928K) NonClass: 39063K(39488K)->39063K(39488K) Class: 5095K(5440K)->5095K(5440K)
[2023-04-17T14:38:21.444-0400][gc          ] GC(668) Pause Young (Normal) (G1 Evacuation Pause) 360M->292M(1024M) 4.530ms
[2023-04-17T14:38:21.444-0400][gc,cpu      ] GC(668) User=0.03s Sys=0.00s Real=0.00s
[2023-04-17T14:39:23.797-0400][gc,start    ] GC(669) Pause Young (Normal) (G1 Evacuation Pause)
[2023-04-17T14:39:23.798-0400][gc,task     ] GC(669) Using 8 workers of 8 for evacuation
[2023-04-17T14:39:23.807-0400][gc,phases   ] GC(669)   Pre Evacuate Collection Set: 0.1ms
[2023-04-17T14:39:23.807-0400][gc,phases   ] GC(669)   Merge Heap Roots: 0.1ms
[2023-04-17T14:39:23.807-0400][gc,phases   ] GC(669)   Evacuate Collection Set: 7.7ms
[2023-04-17T14:39:23.807-0400][gc,phases   ] GC(669)   Post Evacuate Collection Set: 0.8ms
[2023-04-17T14:39:23.807-0400][gc,phases   ] GC(669)   Other: 0.2ms
[2023-04-17T14:39:23.807-0400][gc,heap     ] GC(669) Eden regions: 102->0(78)
[2023-04-17T14:39:23.807-0400][gc,heap     ] GC(669) Survivor regions: 6->8(14)
[2023-04-17T14:39:23.807-0400][gc,heap     ] GC(669) Old regions: 157->157
[2023-04-17T14:39:23.807-0400][gc,heap     ] GC(669) Archive regions: 2->2
[2023-04-17T14:39:23.807-0400][gc,heap     ] GC(669) Humongous regions: 129->129
[2023-04-17T14:39:23.808-0400][gc,metaspace] GC(669) Metaspace: 44159K(44928K)->44159K(44928K) NonClass: 39063K(39488K)->39063K(39488K) Class: 5095K(5440K)->5095K(5440K)
[2023-04-17T14:39:23.808-0400][gc          ] GC(669) Pause Young (Normal) (G1 Evacuation Pause) 394M->294M(1024M) 10.242ms
[2023-04-17T14:39:23.808-0400][gc,cpu      ] GC(669) User=0.05s Sys=0.01s Real=0.01s
[2023-04-17T14:40:11.721-0400][gc,start    ] GC(670) Pause Young (Normal) (G1 Evacuation Pause)
[2023-04-17T14:40:11.723-0400][gc,task     ] GC(670) Using 8 workers of 8 for evacuation
[2023-04-17T14:40:11.738-0400][gc,phases   ] GC(670)   Pre Evacuate Collection Set: 0.1ms
[2023-04-17T14:40:11.738-0400][gc,phases   ] GC(670)   Merge Heap Roots: 0.1ms
[2023-04-17T14:40:11.738-0400][gc,phases   ] GC(670)   Evacuate Collection Set: 14.8ms
[2023-04-17T14:40:11.738-0400][gc,phases   ] GC(670)   Post Evacuate Collection Set: 0.2ms
[2023-04-17T14:40:11.738-0400][gc,phases   ] GC(670)   Other: 0.1ms
[2023-04-17T14:40:11.738-0400][gc,heap     ] GC(670) Eden regions: 78->0(143)
[2023-04-17T14:40:11.738-0400][gc,heap     ] GC(670) Survivor regions: 8->7(11)
[2023-04-17T14:40:11.738-0400][gc,heap     ] GC(670) Old regions: 157->159
[2023-04-17T14:40:11.738-0400][gc,heap     ] GC(670) Archive regions: 2->2
[2023-04-17T14:40:11.738-0400][gc,heap     ] GC(670) Humongous regions: 129->129
[2023-04-17T14:40:11.738-0400][gc,metaspace] GC(670) Metaspace: 44159K(44928K)->44159K(44928K) NonClass: 39063K(39488K)->39063K(39488K) Class: 5095K(5440K)->5095K(5440K)
[2023-04-17T14:40:11.738-0400][gc          ] GC(670) Pause Young (Normal) (G1 Evacuation Pause) 372M->294M(1024M) 16.836ms
[2023-04-17T14:40:11.738-0400][gc,cpu      ] GC(670) User=0.03s Sys=0.01s Real=0.01s
[2023-04-17T14:41:39.886-0400][gc,start    ] GC(671) Pause Young (Normal) (G1 Evacuation Pause)
[2023-04-17T14:41:39.887-0400][gc,task     ] GC(671) Using 8 workers of 8 for evacuation
[2023-04-17T14:41:39.901-0400][gc,phases   ] GC(671)   Pre Evacuate Collection Set: 0.2ms
[2023-04-17T14:41:39.901-0400][gc,phases   ] GC(671)   Merge Heap Roots: 0.2ms
[2023-04-17T14:41:39.901-0400][gc,phases   ] GC(671)   Evacuate Collection Set: 12.9ms
[2023-04-17T14:41:39.901-0400][gc,phases   ] GC(671)   Post Evacuate Collection Set: 0.4ms
[2023-04-17T14:41:39.901-0400][gc,phases   ] GC(671)   Other: 0.1ms
[2023-04-17T14:41:39.901-0400][gc,heap     ] GC(671) Eden regions: 143->0(64)
[2023-04-17T14:41:39.901-0400][gc,heap     ] GC(671) Survivor regions: 7->9(19)
[2023-04-17T14:41:39.901-0400][gc,heap     ] GC(671) Old regions: 159->159
[2023-04-17T14:41:39.901-0400][gc,heap     ] GC(671) Archive regions: 2->2
[2023-04-17T14:41:39.901-0400][gc,heap     ] GC(671) Humongous regions: 129->129
[2023-04-17T14:41:39.901-0400][gc,metaspace] GC(671) Metaspace: 44159K(44928K)->44159K(44928K) NonClass: 39063K(39488K)->39063K(39488K) Class: 5095K(5440K)->5095K(5440K)
[2023-04-17T14:41:39.901-0400][gc          ] GC(671) Pause Young (Normal) (G1 Evacuation Pause) 437M->297M(1024M) 14.894ms
[2023-04-17T14:41:39.901-0400][gc,cpu      ] GC(671) User=0.05s Sys=0.02s Real=0.02s
[2023-04-17T14:42:18.943-0400][gc,start    ] GC(672) Pause Young (Normal) (G1 Evacuation Pause)
[2023-04-17T14:42:18.944-0400][gc,task     ] GC(672) Using 8 workers of 8 for evacuation
[2023-04-17T14:42:18.956-0400][gc,phases   ] GC(672)   Pre Evacuate Collection Set: 0.1ms
[2023-04-17T14:42:18.956-0400][gc,phases   ] GC(672)   Merge Heap Roots: 0.0ms
[2023-04-17T14:42:18.956-0400][gc,phases   ] GC(672)   Evacuate Collection Set: 11.4ms
[2023-04-17T14:42:18.956-0400][gc,phases   ] GC(672)   Post Evacuate Collection Set: 0.2ms
[2023-04-17T14:42:18.956-0400][gc,phases   ] GC(672)   Other: 0.1ms
[2023-04-17T14:42:18.956-0400][gc,heap     ] GC(672) Eden regions: 64->0(217)
[2023-04-17T14:42:18.956-0400][gc,heap     ] GC(672) Survivor regions: 9->7(10)
[2023-04-17T14:42:18.956-0400][gc,heap     ] GC(672) Old regions: 159->162
[2023-04-17T14:42:18.956-0400][gc,heap     ] GC(672) Archive regions: 2->2
[2023-04-17T14:42:18.956-0400][gc,heap     ] GC(672) Humongous regions: 129->129
[2023-04-17T14:42:18.956-0400][gc,metaspace] GC(672) Metaspace: 44159K(44928K)->44159K(44928K) NonClass: 39063K(39488K)->39063K(39488K) Class: 5095K(5440K)->5095K(5440K)
[2023-04-17T14:42:18.956-0400][gc          ] GC(672) Pause Young (Normal) (G1 Evacuation Pause) 361M->298M(1024M) 12.736ms
[2023-04-17T14:42:18.956-0400][gc,cpu      ] GC(672) User=0.03s Sys=0.01s Real=0.01s
[2023-04-17T14:44:32.920-0400][gc,start    ] GC(673) Pause Young (Normal) (G1 Evacuation Pause)
[2023-04-17T14:44:32.921-0400][gc,task     ] GC(673) Using 8 workers of 8 for evacuation
[2023-04-17T14:44:32.948-0400][gc,mmu      ] GC(673) MMU target violated: 21.0ms (20.0ms/21.0ms)
[2023-04-17T14:44:32.948-0400][gc,phases   ] GC(673)   Pre Evacuate Collection Set: 1.2ms
[2023-04-17T14:44:32.948-0400][gc,phases   ] GC(673)   Merge Heap Roots: 0.1ms
[2023-04-17T14:44:32.948-0400][gc,phases   ] GC(673)   Evacuate Collection Set: 25.6ms
[2023-04-17T14:44:32.948-0400][gc,phases   ] GC(673)   Post Evacuate Collection Set: 0.3ms
[2023-04-17T14:44:32.948-0400][gc,phases   ] GC(673)   Other: 0.2ms
[2023-04-17T14:44:32.948-0400][gc,heap     ] GC(673) Eden regions: 217->0(41)
[2023-04-17T14:44:32.948-0400][gc,heap     ] GC(673) Survivor regions: 7->10(28)
[2023-04-17T14:44:32.948-0400][gc,heap     ] GC(673) Old regions: 162->162
[2023-04-17T14:44:32.948-0400][gc,heap     ] GC(673) Archive regions: 2->2
[2023-04-17T14:44:32.948-0400][gc,heap     ] GC(673) Humongous regions: 129->129
[2023-04-17T14:44:32.948-0400][gc,metaspace] GC(673) Metaspace: 44159K(44928K)->44159K(44928K) NonClass: 39063K(39488K)->39063K(39488K) Class: 5095K(5440K)->5095K(5440K)
[2023-04-17T14:44:32.948-0400][gc          ] GC(673) Pause Young (Normal) (G1 Evacuation Pause) 515M->301M(1024M) 27.858ms
[2023-04-17T14:44:32.948-0400][gc,cpu      ] GC(673) User=0.04s Sys=0.06s Real=0.02s
[2023-04-17T14:44:57.211-0400][gc,start    ] GC(674) Pause Young (Normal) (G1 Evacuation Pause)
[2023-04-17T14:44:57.211-0400][gc,task     ] GC(674) Using 8 workers of 8 for evacuation
[2023-04-17T14:44:57.234-0400][gc,mmu      ] GC(674) MMU target violated: 21.0ms (20.0ms/21.0ms)
[2023-04-17T14:44:57.234-0400][gc,phases   ] GC(674)   Pre Evacuate Collection Set: 0.1ms
[2023-04-17T14:44:57.234-0400][gc,phases   ] GC(674)   Merge Heap Roots: 0.1ms
[2023-04-17T14:44:57.234-0400][gc,phases   ] GC(674)   Evacuate Collection Set: 21.7ms
[2023-04-17T14:44:57.234-0400][gc,phases   ] GC(674)   Post Evacuate Collection Set: 0.2ms
[2023-04-17T14:44:57.234-0400][gc,phases   ] GC(674)   Other: 0.1ms
[2023-04-17T14:44:57.234-0400][gc,heap     ] GC(674) Eden regions: 41->0(164)
[2023-04-17T14:44:57.234-0400][gc,heap     ] GC(674) Survivor regions: 10->6(7)
[2023-04-17T14:44:57.234-0400][gc,heap     ] GC(674) Old regions: 162->168
[2023-04-17T14:44:57.234-0400][gc,heap     ] GC(674) Archive regions: 2->2
[2023-04-17T14:44:57.234-0400][gc,heap     ] GC(674) Humongous regions: 129->129
[2023-04-17T14:44:57.234-0400][gc,metaspace] GC(674) Metaspace: 44159K(44928K)->44159K(44928K) NonClass: 39063K(39488K)->39063K(39488K) Class: 5095K(5440K)->5095K(5440K)
[2023-04-17T14:44:57.234-0400][gc          ] GC(674) Pause Young (Normal) (G1 Evacuation Pause) 342M->303M(1024M) 22.372ms
[2023-04-17T14:44:57.234-0400][gc,cpu      ] GC(674) User=0.03s Sys=0.04s Real=0.02s
[2023-04-17T14:46:38.493-0400][gc,start    ] GC(675) Pause Young (Normal) (G1 Evacuation Pause)
[2023-04-17T14:46:38.493-0400][gc,task     ] GC(675) Using 8 workers of 8 for evacuation
[2023-04-17T14:46:38.502-0400][gc,phases   ] GC(675)   Pre Evacuate Collection Set: 0.8ms
[2023-04-17T14:46:38.502-0400][gc,phases   ] GC(675)   Merge Heap Roots: 0.1ms
[2023-04-17T14:46:38.502-0400][gc,phases   ] GC(675)   Evacuate Collection Set: 5.0ms
[2023-04-17T14:46:38.502-0400][gc,phases   ] GC(675)   Post Evacuate Collection Set: 1.6ms
[2023-04-17T14:46:38.502-0400][gc,phases   ] GC(675)   Other: 1.2ms
[2023-04-17T14:46:38.502-0400][gc,heap     ] GC(675) Eden regions: 164->0(174)
[2023-04-17T14:46:38.502-0400][gc,heap     ] GC(675) Survivor regions: 6->7(22)
[2023-04-17T14:46:38.502-0400][gc,heap     ] GC(675) Old regions: 168->168
[2023-04-17T14:46:38.502-0400][gc,heap     ] GC(675) Archive regions: 2->2
[2023-04-17T14:46:38.502-0400][gc,heap     ] GC(675) Humongous regions: 129->129
[2023-04-17T14:46:38.502-0400][gc,metaspace] GC(675) Metaspace: 44160K(44928K)->44160K(44928K) NonClass: 39065K(39488K)->39065K(39488K) Class: 5095K(5440K)->5095K(5440K)
[2023-04-17T14:46:38.502-0400][gc          ] GC(675) Pause Young (Normal) (G1 Evacuation Pause) 467M->304M(1024M) 9.300ms
[2023-04-17T14:46:38.502-0400][gc,cpu      ] GC(675) User=0.04s Sys=0.01s Real=0.01s
[2023-04-17T14:48:26.155-0400][gc,start    ] GC(676) Pause Young (Normal) (G1 Evacuation Pause)
[2023-04-17T14:48:26.155-0400][gc,task     ] GC(676) Using 8 workers of 8 for evacuation
[2023-04-17T14:48:26.160-0400][gc,phases   ] GC(676)   Pre Evacuate Collection Set: 0.1ms
[2023-04-17T14:48:26.160-0400][gc,phases   ] GC(676)   Merge Heap Roots: 0.1ms
[2023-04-17T14:48:26.160-0400][gc,phases   ] GC(676)   Evacuate Collection Set: 4.0ms
[2023-04-17T14:48:26.160-0400][gc,phases   ] GC(676)   Post Evacuate Collection Set: 0.3ms
[2023-04-17T14:48:26.160-0400][gc,phases   ] GC(676)   Other: 0.1ms
[2023-04-17T14:48:26.160-0400][gc,heap     ] GC(676) Eden regions: 174->0(266)
[2023-04-17T14:48:26.160-0400][gc,heap     ] GC(676) Survivor regions: 7->8(23)
[2023-04-17T14:48:26.160-0400][gc,heap     ] GC(676) Old regions: 168->168
[2023-04-17T14:48:26.160-0400][gc,heap     ] GC(676) Archive regions: 2->2
[2023-04-17T14:48:26.160-0400][gc,heap     ] GC(676) Humongous regions: 129->129
[2023-04-17T14:48:26.160-0400][gc,metaspace] GC(676) Metaspace: 44160K(44928K)->44160K(44928K) NonClass: 39065K(39488K)->39065K(39488K) Class: 5095K(5440K)->5095K(5440K)
[2023-04-17T14:48:26.160-0400][gc          ] GC(676) Pause Young (Normal) (G1 Evacuation Pause) 478M->305M(1024M) 4.768ms
[2023-04-17T14:48:26.160-0400][gc,cpu      ] GC(676) User=0.03s Sys=0.00s Real=0.01s
[2023-04-17T14:51:11.251-0400][gc,start    ] GC(677) Pause Young (Normal) (G1 Evacuation Pause)
[2023-04-17T14:51:11.251-0400][gc,task     ] GC(677) Using 8 workers of 8 for evacuation
[2023-04-17T14:51:11.296-0400][gc,mmu      ] GC(677) MMU target violated: 21.0ms (20.0ms/21.0ms)
[2023-04-17T14:51:11.296-0400][gc,phases   ] GC(677)   Pre Evacuate Collection Set: 0.8ms
[2023-04-17T14:51:11.296-0400][gc,phases   ] GC(677)   Merge Heap Roots: 0.1ms
[2023-04-17T14:51:11.296-0400][gc,phases   ] GC(677)   Evacuate Collection Set: 42.8ms
[2023-04-17T14:51:11.296-0400][gc,phases   ] GC(677)   Post Evacuate Collection Set: 1.5ms
[2023-04-17T14:51:11.296-0400][gc,phases   ] GC(677)   Other: 0.2ms
[2023-04-17T14:51:11.296-0400][gc,heap     ] GC(677) Eden regions: 266->0(40)
[2023-04-17T14:51:11.296-0400][gc,heap     ] GC(677) Survivor regions: 8->11(35)
[2023-04-17T14:51:11.296-0400][gc,heap     ] GC(677) Old regions: 168->168
[2023-04-17T14:51:11.296-0400][gc,heap     ] GC(677) Archive regions: 2->2
[2023-04-17T14:51:11.296-0400][gc,heap     ] GC(677) Humongous regions: 129->129
[2023-04-17T14:51:11.296-0400][gc,metaspace] GC(677) Metaspace: 44160K(44928K)->44160K(44928K) NonClass: 39065K(39488K)->39065K(39488K) Class: 5095K(5440K)->5095K(5440K)
[2023-04-17T14:51:11.296-0400][gc          ] GC(677) Pause Young (Normal) (G1 Evacuation Pause) 571M->307M(1024M) 45.932ms
[2023-04-17T14:51:11.296-0400][gc,cpu      ] GC(677) User=0.05s Sys=0.11s Real=0.04s
[2023-04-17T14:51:35.054-0400][gc,start    ] GC(678) Pause Young (Normal) (G1 Evacuation Pause)
[2023-04-17T14:51:35.054-0400][gc,task     ] GC(678) Using 8 workers of 8 for evacuation
[2023-04-17T14:51:35.107-0400][gc,mmu      ] GC(678) MMU target violated: 21.0ms (20.0ms/21.0ms)
[2023-04-17T14:51:35.107-0400][gc,phases   ] GC(678)   Pre Evacuate Collection Set: 0.2ms
[2023-04-17T14:51:35.108-0400][gc,phases   ] GC(678)   Merge Heap Roots: 0.1ms
[2023-04-17T14:51:35.108-0400][gc,phases   ] GC(678)   Evacuate Collection Set: 52.2ms
[2023-04-17T14:51:35.108-0400][gc,phases   ] GC(678)   Post Evacuate Collection Set: 0.4ms
[2023-04-17T14:51:35.108-0400][gc,phases   ] GC(678)   Other: 0.2ms
[2023-04-17T14:51:35.108-0400][gc,heap     ] GC(678) Eden regions: 40->0(90)
[2023-04-17T14:51:35.108-0400][gc,heap     ] GC(678) Survivor regions: 11->4(7)
[2023-04-17T14:51:35.108-0400][gc,heap     ] GC(678) Old regions: 168->175
[2023-04-17T14:51:35.108-0400][gc,heap     ] GC(678) Archive regions: 2->2
[2023-04-17T14:51:35.108-0400][gc,heap     ] GC(678) Humongous regions: 129->129
[2023-04-17T14:51:35.108-0400][gc,metaspace] GC(678) Metaspace: 44160K(44928K)->44160K(44928K) NonClass: 39065K(39488K)->39065K(39488K) Class: 5095K(5440K)->5095K(5440K)
[2023-04-17T14:51:35.108-0400][gc          ] GC(678) Pause Young (Normal) (G1 Evacuation Pause) 347M->308M(1024M) 53.712ms
[2023-04-17T14:51:35.108-0400][gc,cpu      ] GC(678) User=0.03s Sys=0.06s Real=0.05s
[2023-04-17T14:52:30.645-0400][gc,start    ] GC(679) Pause Young (Normal) (G1 Evacuation Pause)
[2023-04-17T14:52:30.647-0400][gc,task     ] GC(679) Using 8 workers of 8 for evacuation
[2023-04-17T14:52:30.674-0400][gc,mmu      ] GC(679) MMU target violated: 21.0ms (20.0ms/21.0ms)
[2023-04-17T14:52:30.674-0400][gc,phases   ] GC(679)   Pre Evacuate Collection Set: 1.5ms
[2023-04-17T14:52:30.674-0400][gc,phases   ] GC(679)   Merge Heap Roots: 0.3ms
[2023-04-17T14:52:30.674-0400][gc,phases   ] GC(679)   Evacuate Collection Set: 23.5ms
[2023-04-17T14:52:30.674-0400][gc,phases   ] GC(679)   Post Evacuate Collection Set: 1.6ms
[2023-04-17T14:52:30.675-0400][gc,phases   ] GC(679)   Other: 0.6ms
[2023-04-17T14:52:30.675-0400][gc,heap     ] GC(679) Eden regions: 90->0(45)
[2023-04-17T14:52:30.675-0400][gc,heap     ] GC(679) Survivor regions: 4->6(12)
[2023-04-17T14:52:30.675-0400][gc,heap     ] GC(679) Old regions: 175->175
[2023-04-17T14:52:30.675-0400][gc,heap     ] GC(679) Archive regions: 2->2
[2023-04-17T14:52:30.675-0400][gc,heap     ] GC(679) Humongous regions: 129->129
[2023-04-17T14:52:30.675-0400][gc,metaspace] GC(679) Metaspace: 44160K(44928K)->44160K(44928K) NonClass: 39065K(39488K)->39065K(39488K) Class: 5095K(5440K)->5095K(5440K)
[2023-04-17T14:52:30.675-0400][gc          ] GC(679) Pause Young (Normal) (G1 Evacuation Pause) 398M->309M(1024M) 30.132ms
[2023-04-17T14:52:30.675-0400][gc,cpu      ] GC(679) User=0.03s Sys=0.09s Real=0.03s
[2023-04-17T14:52:58.141-0400][gc,start    ] GC(680) Pause Young (Normal) (G1 Evacuation Pause)
[2023-04-17T14:52:58.141-0400][gc,task     ] GC(680) Using 8 workers of 8 for evacuation
[2023-04-17T14:52:58.162-0400][gc,mmu      ] GC(680) MMU target violated: 20.6ms (20.0ms/21.0ms)
[2023-04-17T14:52:58.162-0400][gc,phases   ] GC(680)   Pre Evacuate Collection Set: 0.1ms
[2023-04-17T14:52:58.162-0400][gc,phases   ] GC(680)   Merge Heap Roots: 0.1ms
[2023-04-17T14:52:58.162-0400][gc,phases   ] GC(680)   Evacuate Collection Set: 20.0ms
[2023-04-17T14:52:58.162-0400][gc,phases   ] GC(680)   Post Evacuate Collection Set: 0.3ms
[2023-04-17T14:52:58.162-0400][gc,phases   ] GC(680)   Other: 0.3ms
[2023-04-17T14:52:58.162-0400][gc,heap     ] GC(680) Eden regions: 45->0(129)
[2023-04-17T14:52:58.162-0400][gc,heap     ] GC(680) Survivor regions: 6->3(7)
[2023-04-17T14:52:58.162-0400][gc,heap     ] GC(680) Old regions: 175->178
[2023-04-17T14:52:58.162-0400][gc,heap     ] GC(680) Archive regions: 2->2
[2023-04-17T14:52:58.162-0400][gc,heap     ] GC(680) Humongous regions: 129->129
[2023-04-17T14:52:58.162-0400][gc,metaspace] GC(680) Metaspace: 44160K(44928K)->44160K(44928K) NonClass: 39065K(39488K)->39065K(39488K) Class: 5095K(5440K)->5095K(5440K)
[2023-04-17T14:52:58.162-0400][gc          ] GC(680) Pause Young (Normal) (G1 Evacuation Pause) 354M->310M(1024M) 21.024ms
[2023-04-17T14:52:58.162-0400][gc,cpu      ] GC(680) User=0.03s Sys=0.04s Real=0.02s
[2023-04-17T14:54:17.597-0400][gc,start    ] GC(681) Pause Young (Normal) (G1 Evacuation Pause)
[2023-04-17T14:54:17.597-0400][gc,task     ] GC(681) Using 8 workers of 8 for evacuation
[2023-04-17T14:54:17.607-0400][gc,phases   ] GC(681)   Pre Evacuate Collection Set: 0.1ms
[2023-04-17T14:54:17.607-0400][gc,phases   ] GC(681)   Merge Heap Roots: 0.1ms
[2023-04-17T14:54:17.607-0400][gc,phases   ] GC(681)   Evacuate Collection Set: 8.9ms
[2023-04-17T14:54:17.607-0400][gc,phases   ] GC(681)   Post Evacuate Collection Set: 0.4ms
[2023-04-17T14:54:17.607-0400][gc,phases   ] GC(681)   Other: 0.1ms
[2023-04-17T14:54:17.607-0400][gc,heap     ] GC(681) Eden regions: 129->0(45)
[2023-04-17T14:54:17.607-0400][gc,heap     ] GC(681) Survivor regions: 3->6(17)
[2023-04-17T14:54:17.607-0400][gc,heap     ] GC(681) Old regions: 178->178
[2023-04-17T14:54:17.607-0400][gc,heap     ] GC(681) Archive regions: 2->2
[2023-04-17T14:54:17.607-0400][gc,heap     ] GC(681) Humongous regions: 129->129
[2023-04-17T14:54:17.607-0400][gc,metaspace] GC(681) Metaspace: 44160K(44928K)->44160K(44928K) NonClass: 39065K(39488K)->39065K(39488K) Class: 5095K(5440K)->5095K(5440K)
[2023-04-17T14:54:17.607-0400][gc          ] GC(681) Pause Young (Normal) (G1 Evacuation Pause) 439M->312M(1024M) 10.206ms
[2023-04-17T14:54:17.607-0400][gc,cpu      ] GC(681) User=0.03s Sys=0.02s Real=0.01s
[2023-04-17T14:54:45.091-0400][gc,start    ] GC(682) Pause Young (Normal) (G1 Evacuation Pause)
[2023-04-17T14:54:45.091-0400][gc,task     ] GC(682) Using 8 workers of 8 for evacuation
[2023-04-17T14:54:45.106-0400][gc,phases   ] GC(682)   Pre Evacuate Collection Set: 0.1ms
[2023-04-17T14:54:45.107-0400][gc,phases   ] GC(682)   Merge Heap Roots: 0.0ms
[2023-04-17T14:54:45.107-0400][gc,phases   ] GC(682)   Evacuate Collection Set: 15.0ms
[2023-04-17T14:54:45.107-0400][gc,phases   ] GC(682)   Post Evacuate Collection Set: 0.2ms
[2023-04-17T14:54:45.107-0400][gc,phases   ] GC(682)   Other: 0.1ms
[2023-04-17T14:54:45.107-0400][gc,heap     ] GC(682) Eden regions: 45->0(124)
[2023-04-17T14:54:45.107-0400][gc,heap     ] GC(682) Survivor regions: 6->4(7)
[2023-04-17T14:54:45.107-0400][gc,heap     ] GC(682) Old regions: 178->180
[2023-04-17T14:54:45.107-0400][gc,heap     ] GC(682) Archive regions: 2->2
[2023-04-17T14:54:45.107-0400][gc,heap     ] GC(682) Humongous regions: 129->129
[2023-04-17T14:54:45.107-0400][gc,metaspace] GC(682) Metaspace: 44160K(44928K)->44160K(44928K) NonClass: 39065K(39488K)->39065K(39488K) Class: 5095K(5440K)->5095K(5440K)
[2023-04-17T14:54:45.107-0400][gc          ] GC(682) Pause Young (Normal) (G1 Evacuation Pause) 357M->313M(1024M) 15.661ms
[2023-04-17T14:54:45.107-0400][gc,cpu      ] GC(682) User=0.02s Sys=0.02s Real=0.01s
[2023-04-17T14:56:01.396-0400][gc,start    ] GC(683) Pause Young (Normal) (G1 Evacuation Pause)
[2023-04-17T14:56:01.396-0400][gc,task     ] GC(683) Using 8 workers of 8 for evacuation
[2023-04-17T14:56:01.402-0400][gc,phases   ] GC(683)   Pre Evacuate Collection Set: 0.1ms
[2023-04-17T14:56:01.402-0400][gc,phases   ] GC(683)   Merge Heap Roots: 0.1ms
[2023-04-17T14:56:01.402-0400][gc,phases   ] GC(683)   Evacuate Collection Set: 4.5ms
[2023-04-17T14:56:01.402-0400][gc,phases   ] GC(683)   Post Evacuate Collection Set: 0.5ms
[2023-04-17T14:56:01.402-0400][gc,phases   ] GC(683)   Other: 0.2ms
[2023-04-17T14:56:01.402-0400][gc,heap     ] GC(683) Eden regions: 124->0(71)
[2023-04-17T14:56:01.402-0400][gc,heap     ] GC(683) Survivor regions: 4->6(16)
[2023-04-17T14:56:01.402-0400][gc,heap     ] GC(683) Old regions: 180->180
[2023-04-17T14:56:01.402-0400][gc,heap     ] GC(683) Archive regions: 2->2
[2023-04-17T14:56:01.402-0400][gc,heap     ] GC(683) Humongous regions: 129->129
[2023-04-17T14:56:01.402-0400][gc,metaspace] GC(683) Metaspace: 44160K(44928K)->44160K(44928K) NonClass: 39065K(39488K)->39065K(39488K) Class: 5095K(5440K)->5095K(5440K)
[2023-04-17T14:56:01.402-0400][gc          ] GC(683) Pause Young (Normal) (G1 Evacuation Pause) 437M->315M(1024M) 5.720ms
[2023-04-17T14:56:01.402-0400][gc,cpu      ] GC(683) User=0.03s Sys=0.00s Real=0.01s
[2023-04-17T14:56:44.565-0400][gc,start    ] GC(684) Pause Young (Normal) (G1 Evacuation Pause)
[2023-04-17T14:56:44.565-0400][gc,task     ] GC(684) Using 8 workers of 8 for evacuation
[2023-04-17T14:56:44.574-0400][gc,phases   ] GC(684)   Pre Evacuate Collection Set: 0.1ms
[2023-04-17T14:56:44.574-0400][gc,phases   ] GC(684)   Merge Heap Roots: 0.1ms
[2023-04-17T14:56:44.574-0400][gc,phases   ] GC(684)   Evacuate Collection Set: 8.2ms
[2023-04-17T14:56:44.574-0400][gc,phases   ] GC(684)   Post Evacuate Collection Set: 0.5ms
[2023-04-17T14:56:44.574-0400][gc,phases   ] GC(684)   Other: 0.1ms
[2023-04-17T14:56:44.574-0400][gc,heap     ] GC(684) Eden regions: 71->0(131)
[2023-04-17T14:56:44.574-0400][gc,heap     ] GC(684) Survivor regions: 6->6(10)
[2023-04-17T14:56:44.574-0400][gc,heap     ] GC(684) Old regions: 180->181
[2023-04-17T14:56:44.574-0400][gc,heap     ] GC(684) Archive regions: 2->2
[2023-04-17T14:56:44.574-0400][gc,heap     ] GC(684) Humongous regions: 129->129
[2023-04-17T14:56:44.574-0400][gc,metaspace] GC(684) Metaspace: 44160K(44928K)->44160K(44928K) NonClass: 39065K(39488K)->39065K(39488K) Class: 5095K(5440K)->5095K(5440K)
[2023-04-17T14:56:44.574-0400][gc          ] GC(684) Pause Young (Normal) (G1 Evacuation Pause) 386M->316M(1024M) 9.283ms
[2023-04-17T14:56:44.574-0400][gc,cpu      ] GC(684) User=0.03s Sys=0.01s Real=0.01s
[2023-04-17T14:58:04.444-0400][gc,start    ] GC(685) Pause Young (Normal) (G1 Evacuation Pause)
[2023-04-17T14:58:04.444-0400][gc,task     ] GC(685) Using 8 workers of 8 for evacuation
[2023-04-17T14:58:04.457-0400][gc,phases   ] GC(685)   Pre Evacuate Collection Set: 0.1ms
[2023-04-17T14:58:04.457-0400][gc,phases   ] GC(685)   Merge Heap Roots: 0.1ms
[2023-04-17T14:58:04.457-0400][gc,phases   ] GC(685)   Evacuate Collection Set: 11.9ms
[2023-04-17T14:58:04.457-0400][gc,phases   ] GC(685)   Post Evacuate Collection Set: 0.2ms
[2023-04-17T14:58:04.457-0400][gc,phases   ] GC(685)   Other: 0.1ms
[2023-04-17T14:58:04.457-0400][gc,heap     ] GC(685) Eden regions: 131->0(64)
[2023-04-17T14:58:04.457-0400][gc,heap     ] GC(685) Survivor regions: 6->8(18)
[2023-04-17T14:58:04.457-0400][gc,heap     ] GC(685) Old regions: 181->181
[2023-04-17T14:58:04.457-0400][gc,heap     ] GC(685) Archive regions: 2->2
[2023-04-17T14:58:04.457-0400][gc,heap     ] GC(685) Humongous regions: 129->129
[2023-04-17T14:58:04.457-0400][gc,metaspace] GC(685) Metaspace: 44160K(44928K)->44160K(44928K) NonClass: 39065K(39488K)->39065K(39488K) Class: 5095K(5440K)->5095K(5440K)
[2023-04-17T14:58:04.457-0400][gc          ] GC(685) Pause Young (Normal) (G1 Evacuation Pause) 447M->318M(1024M) 12.538ms
[2023-04-17T14:58:04.457-0400][gc,cpu      ] GC(685) User=0.03s Sys=0.04s Real=0.01s
[2023-04-17T14:58:43.243-0400][gc,start    ] GC(686) Pause Young (Normal) (G1 Evacuation Pause)
[2023-04-17T14:58:43.244-0400][gc,task     ] GC(686) Using 8 workers of 8 for evacuation
[2023-04-17T14:58:43.258-0400][gc,phases   ] GC(686)   Pre Evacuate Collection Set: 0.1ms
[2023-04-17T14:58:43.258-0400][gc,phases   ] GC(686)   Merge Heap Roots: 0.0ms
[2023-04-17T14:58:43.258-0400][gc,phases   ] GC(686)   Evacuate Collection Set: 13.8ms
[2023-04-17T14:58:43.258-0400][gc,phases   ] GC(686)   Post Evacuate Collection Set: 0.2ms
[2023-04-17T14:58:43.258-0400][gc,phases   ] GC(686)   Other: 0.1ms
[2023-04-17T14:58:43.258-0400][gc,heap     ] GC(686) Eden regions: 64->0(271)
[2023-04-17T14:58:43.258-0400][gc,heap     ] GC(686) Survivor regions: 8->5(9)
[2023-04-17T14:58:43.258-0400][gc,heap     ] GC(686) Old regions: 181->185
[2023-04-17T14:58:43.258-0400][gc,heap     ] GC(686) Archive regions: 2->2
[2023-04-17T14:58:43.258-0400][gc,heap     ] GC(686) Humongous regions: 129->129
[2023-04-17T14:58:43.258-0400][gc,metaspace] GC(686) Metaspace: 44160K(44928K)->44160K(44928K) NonClass: 39065K(39488K)->39065K(39488K) Class: 5095K(5440K)->5095K(5440K)
[2023-04-17T14:58:43.258-0400][gc          ] GC(686) Pause Young (Normal) (G1 Evacuation Pause) 382M->318M(1024M) 15.263ms
[2023-04-17T14:58:43.258-0400][gc,cpu      ] GC(686) User=0.03s Sys=0.02s Real=0.01s
[2023-04-17T15:38:11.305-0400][gc,start    ] GC(687) Pause Young (Normal) (G1 Evacuation Pause)
[2023-04-17T15:38:11.306-0400][gc,task     ] GC(687) Using 8 workers of 8 for evacuation
[2023-04-17T15:38:11.376-0400][gc,mmu      ] GC(687) MMU target violated: 21.0ms (20.0ms/21.0ms)
[2023-04-17T15:38:11.376-0400][gc,phases   ] GC(687)   Pre Evacuate Collection Set: 3.4ms
[2023-04-17T15:38:11.376-0400][gc,phases   ] GC(687)   Merge Heap Roots: 0.4ms
[2023-04-17T15:38:11.376-0400][gc,phases   ] GC(687)   Evacuate Collection Set: 63.9ms
[2023-04-17T15:38:11.376-0400][gc,phases   ] GC(687)   Post Evacuate Collection Set: 1.4ms
[2023-04-17T15:38:11.376-0400][gc,phases   ] GC(687)   Other: 1.5ms
[2023-04-17T15:38:11.376-0400][gc,heap     ] GC(687) Eden regions: 271->0(41)
[2023-04-17T15:38:11.376-0400][gc,heap     ] GC(687) Survivor regions: 5->10(35)
[2023-04-17T15:38:11.376-0400][gc,heap     ] GC(687) Old regions: 185->185
[2023-04-17T15:38:11.376-0400][gc,heap     ] GC(687) Archive regions: 2->2
[2023-04-17T15:38:11.376-0400][gc,heap     ] GC(687) Humongous regions: 129->129
[2023-04-17T15:38:11.376-0400][gc,metaspace] GC(687) Metaspace: 44160K(44928K)->44160K(44928K) NonClass: 39065K(39488K)->39065K(39488K) Class: 5095K(5440K)->5095K(5440K)
[2023-04-17T15:38:11.377-0400][gc          ] GC(687) Pause Young (Normal) (G1 Evacuation Pause) 589M->323M(1024M) 71.398ms
[2023-04-17T15:38:11.377-0400][gc,cpu      ] GC(687) User=0.05s Sys=0.12s Real=0.07s
[2023-04-17T15:43:21.944-0400][gc,start    ] GC(688) Pause Young (Normal) (G1 Evacuation Pause)
[2023-04-17T15:43:21.945-0400][gc,task     ] GC(688) Using 8 workers of 8 for evacuation
[2023-04-17T15:43:22.001-0400][gc,mmu      ] GC(688) MMU target violated: 21.0ms (20.0ms/21.0ms)
[2023-04-17T15:43:22.001-0400][gc,phases   ] GC(688)   Pre Evacuate Collection Set: 1.7ms
[2023-04-17T15:43:22.001-0400][gc,phases   ] GC(688)   Merge Heap Roots: 0.2ms
[2023-04-17T15:43:22.001-0400][gc,phases   ] GC(688)   Evacuate Collection Set: 52.6ms
[2023-04-17T15:43:22.001-0400][gc,phases   ] GC(688)   Post Evacuate Collection Set: 1.0ms
[2023-04-17T15:43:22.001-0400][gc,phases   ] GC(688)   Other: 0.4ms
[2023-04-17T15:43:22.001-0400][gc,heap     ] GC(688) Eden regions: 41->0(89)
[2023-04-17T15:43:22.001-0400][gc,heap     ] GC(688) Survivor regions: 10->2(7)
[2023-04-17T15:43:22.001-0400][gc,heap     ] GC(688) Old regions: 185->193
[2023-04-17T15:43:22.001-0400][gc,heap     ] GC(688) Archive regions: 2->2
[2023-04-17T15:43:22.001-0400][gc,heap     ] GC(688) Humongous regions: 129->129
[2023-04-17T15:43:22.001-0400][gc,metaspace] GC(688) Metaspace: 44160K(44928K)->44160K(44928K) NonClass: 39065K(39488K)->39065K(39488K) Class: 5095K(5440K)->5095K(5440K)
[2023-04-17T15:43:22.001-0400][gc          ] GC(688) Pause Young (Normal) (G1 Evacuation Pause) 364M->324M(1024M) 57.179ms
[2023-04-17T15:43:22.001-0400][gc,cpu      ] GC(688) User=0.05s Sys=0.12s Real=0.06s
[2023-04-17T15:46:23.612-0400][gc,start    ] GC(689) Pause Young (Normal) (G1 Evacuation Pause)
[2023-04-17T15:46:23.612-0400][gc,task     ] GC(689) Using 8 workers of 8 for evacuation
[2023-04-17T15:46:23.638-0400][gc,mmu      ] GC(689) MMU target violated: 21.0ms (20.0ms/21.0ms)
[2023-04-17T15:46:23.638-0400][gc,phases   ] GC(689)   Pre Evacuate Collection Set: 0.4ms
[2023-04-17T15:46:23.638-0400][gc,phases   ] GC(689)   Merge Heap Roots: 0.2ms
[2023-04-17T15:46:23.638-0400][gc,phases   ] GC(689)   Evacuate Collection Set: 24.7ms
[2023-04-17T15:46:23.638-0400][gc,phases   ] GC(689)   Post Evacuate Collection Set: 0.6ms
[2023-04-17T15:46:23.638-0400][gc,phases   ] GC(689)   Other: 0.5ms
[2023-04-17T15:46:23.638-0400][gc,heap     ] GC(689) Eden regions: 89->0(43)
[2023-04-17T15:46:23.638-0400][gc,heap     ] GC(689) Survivor regions: 2->8(12)
[2023-04-17T15:46:23.638-0400][gc,heap     ] GC(689) Old regions: 193->193
[2023-04-17T15:46:23.638-0400][gc,heap     ] GC(689) Archive regions: 2->2
[2023-04-17T15:46:23.638-0400][gc,heap     ] GC(689) Humongous regions: 129->129
[2023-04-17T15:46:23.638-0400][gc,metaspace] GC(689) Metaspace: 44160K(44928K)->44160K(44928K) NonClass: 39065K(39488K)->39065K(39488K) Class: 5095K(5440K)->5095K(5440K)
[2023-04-17T15:46:23.638-0400][gc          ] GC(689) Pause Young (Normal) (G1 Evacuation Pause) 413M->330M(1024M) 26.769ms
[2023-04-17T15:46:23.638-0400][gc,cpu      ] GC(689) User=0.06s Sys=0.07s Real=0.02s
[2023-04-17T16:35:36.494-0400][gc,start    ] GC(690) Pause Young (Normal) (G1 Evacuation Pause)
[2023-04-17T16:35:36.495-0400][gc,task     ] GC(690) Using 8 workers of 8 for evacuation
[2023-04-17T16:35:36.549-0400][gc,mmu      ] GC(690) MMU target violated: 21.0ms (20.0ms/21.0ms)
[2023-04-17T16:35:36.549-0400][gc,phases   ] GC(690)   Pre Evacuate Collection Set: 2.0ms
[2023-04-17T16:35:36.549-0400][gc,phases   ] GC(690)   Merge Heap Roots: 1.6ms
[2023-04-17T16:35:36.549-0400][gc,phases   ] GC(690)   Evacuate Collection Set: 46.2ms
[2023-04-17T16:35:36.549-0400][gc,phases   ] GC(690)   Post Evacuate Collection Set: 2.6ms
[2023-04-17T16:35:36.549-0400][gc,phases   ] GC(690)   Other: 1.2ms
[2023-04-17T16:35:36.549-0400][gc,heap     ] GC(690) Eden regions: 43->0(47)
[2023-04-17T16:35:36.549-0400][gc,heap     ] GC(690) Survivor regions: 8->4(7)
[2023-04-17T16:35:36.549-0400][gc,heap     ] GC(690) Old regions: 193->201
[2023-04-17T16:35:36.549-0400][gc,heap     ] GC(690) Archive regions: 2->2
[2023-04-17T16:35:36.549-0400][gc,heap     ] GC(690) Humongous regions: 129->129
[2023-04-17T16:35:36.549-0400][gc,metaspace] GC(690) Metaspace: 44160K(44928K)->44160K(44928K) NonClass: 39065K(39488K)->39065K(39488K) Class: 5095K(5440K)->5095K(5440K)
[2023-04-17T16:35:36.549-0400][gc          ] GC(690) Pause Young (Normal) (G1 Evacuation Pause) 373M->333M(1024M) 54.834ms
[2023-04-17T16:35:36.549-0400][gc,cpu      ] GC(690) User=0.05s Sys=0.15s Real=0.05s
[2023-04-17T16:36:06.770-0400][gc,start    ] GC(691) Pause Young (Normal) (G1 Evacuation Pause)
[2023-04-17T16:36:06.770-0400][gc,task     ] GC(691) Using 8 workers of 8 for evacuation
[2023-04-17T16:36:06.787-0400][gc,phases   ] GC(691)   Pre Evacuate Collection Set: 0.9ms
[2023-04-17T16:36:06.787-0400][gc,phases   ] GC(691)   Merge Heap Roots: 0.1ms
[2023-04-17T16:36:06.787-0400][gc,phases   ] GC(691)   Evacuate Collection Set: 13.6ms
[2023-04-17T16:36:06.787-0400][gc,phases   ] GC(691)   Post Evacuate Collection Set: 0.9ms
[2023-04-17T16:36:06.787-0400][gc,phases   ] GC(691)   Other: 1.3ms
[2023-04-17T16:36:06.787-0400][gc,heap     ] GC(691) Eden regions: 47->0(45)
[2023-04-17T16:36:06.787-0400][gc,heap     ] GC(691) Survivor regions: 4->6(7)
[2023-04-17T16:36:06.787-0400][gc,heap     ] GC(691) Old regions: 201->201
[2023-04-17T16:36:06.787-0400][gc,heap     ] GC(691) Archive regions: 2->2
[2023-04-17T16:36:06.787-0400][gc,heap     ] GC(691) Humongous regions: 129->129
[2023-04-17T16:36:06.787-0400][gc,metaspace] GC(691) Metaspace: 44160K(44928K)->44160K(44928K) NonClass: 39065K(39488K)->39065K(39488K) Class: 5095K(5440K)->5095K(5440K)
[2023-04-17T16:36:06.787-0400][gc          ] GC(691) Pause Young (Normal) (G1 Evacuation Pause) 380M->335M(1024M) 16.961ms
[2023-04-17T16:36:06.787-0400][gc,cpu      ] GC(691) User=0.02s Sys=0.04s Real=0.01s
[2023-04-17T16:36:35.219-0400][gc,start    ] GC(692) Pause Young (Normal) (G1 Evacuation Pause)
[2023-04-17T16:36:35.221-0400][gc,task     ] GC(692) Using 8 workers of 8 for evacuation
[2023-04-17T16:36:35.261-0400][gc,mmu      ] GC(692) MMU target violated: 21.0ms (20.0ms/21.0ms)
[2023-04-17T16:36:35.262-0400][gc,phases   ] GC(692)   Pre Evacuate Collection Set: 2.3ms
[2023-04-17T16:36:35.262-0400][gc,phases   ] GC(692)   Merge Heap Roots: 0.1ms
[2023-04-17T16:36:35.262-0400][gc,phases   ] GC(692)   Evacuate Collection Set: 35.2ms
[2023-04-17T16:36:35.262-0400][gc,phases   ] GC(692)   Post Evacuate Collection Set: 0.3ms
[2023-04-17T16:36:35.262-0400][gc,phases   ] GC(692)   Other: 3.0ms
[2023-04-17T16:36:35.262-0400][gc,heap     ] GC(692) Eden regions: 45->0(47)
[2023-04-17T16:36:35.262-0400][gc,heap     ] GC(692) Survivor regions: 6->4(7)
[2023-04-17T16:36:35.262-0400][gc,heap     ] GC(692) Old regions: 201->204
[2023-04-17T16:36:35.262-0400][gc,heap     ] GC(692) Archive regions: 2->2
[2023-04-17T16:36:35.262-0400][gc,heap     ] GC(692) Humongous regions: 129->129
[2023-04-17T16:36:35.262-0400][gc,metaspace] GC(692) Metaspace: 44160K(44928K)->44160K(44928K) NonClass: 39065K(39488K)->39065K(39488K) Class: 5095K(5440K)->5095K(5440K)
[2023-04-17T16:36:35.263-0400][gc          ] GC(692) Pause Young (Normal) (G1 Evacuation Pause) 380M->336M(1024M) 43.064ms
[2023-04-17T16:36:35.263-0400][gc,cpu      ] GC(692) User=0.03s Sys=0.06s Real=0.05s
[2023-04-17T16:37:05.862-0400][gc,start    ] GC(693) Pause Young (Normal) (G1 Evacuation Pause)
[2023-04-17T16:37:05.863-0400][gc,task     ] GC(693) Using 8 workers of 8 for evacuation
[2023-04-17T16:37:05.869-0400][gc,phases   ] GC(693)   Pre Evacuate Collection Set: 1.1ms
[2023-04-17T16:37:05.869-0400][gc,phases   ] GC(693)   Merge Heap Roots: 0.1ms
[2023-04-17T16:37:05.869-0400][gc,phases   ] GC(693)   Evacuate Collection Set: 4.2ms
[2023-04-17T16:37:05.869-0400][gc,phases   ] GC(693)   Post Evacuate Collection Set: 0.4ms
[2023-04-17T16:37:05.869-0400][gc,phases   ] GC(693)   Other: 0.2ms
[2023-04-17T16:37:05.869-0400][gc,heap     ] GC(693) Eden regions: 47->0(46)
[2023-04-17T16:37:05.869-0400][gc,heap     ] GC(693) Survivor regions: 4->5(7)
[2023-04-17T16:37:05.869-0400][gc,heap     ] GC(693) Old regions: 204->204
[2023-04-17T16:37:05.869-0400][gc,heap     ] GC(693) Archive regions: 2->2
[2023-04-17T16:37:05.869-0400][gc,heap     ] GC(693) Humongous regions: 129->129
[2023-04-17T16:37:05.869-0400][gc,metaspace] GC(693) Metaspace: 44160K(44928K)->44160K(44928K) NonClass: 39065K(39488K)->39065K(39488K) Class: 5095K(5440K)->5095K(5440K)
[2023-04-17T16:37:05.869-0400][gc          ] GC(693) Pause Young (Normal) (G1 Evacuation Pause) 383M->337M(1024M) 7.124ms
[2023-04-17T16:37:05.869-0400][gc,cpu      ] GC(693) User=0.02s Sys=0.00s Real=0.00s
[2023-04-17T16:37:36.100-0400][gc,start    ] GC(694) Pause Young (Normal) (G1 Evacuation Pause)
[2023-04-17T16:37:36.100-0400][gc,task     ] GC(694) Using 8 workers of 8 for evacuation
[2023-04-17T16:37:36.116-0400][gc,phases   ] GC(694)   Pre Evacuate Collection Set: 0.2ms
[2023-04-17T16:37:36.116-0400][gc,phases   ] GC(694)   Merge Heap Roots: 0.1ms
[2023-04-17T16:37:36.116-0400][gc,phases   ] GC(694)   Evacuate Collection Set: 13.4ms
[2023-04-17T16:37:36.116-0400][gc,phases   ] GC(694)   Post Evacuate Collection Set: 1.0ms
[2023-04-17T16:37:36.116-0400][gc,phases   ] GC(694)   Other: 1.1ms
[2023-04-17T16:37:36.116-0400][gc,heap     ] GC(694) Eden regions: 46->0(47)
[2023-04-17T16:37:36.116-0400][gc,heap     ] GC(694) Survivor regions: 5->4(7)
[2023-04-17T16:37:36.116-0400][gc,heap     ] GC(694) Old regions: 204->205
[2023-04-17T16:37:36.116-0400][gc,heap     ] GC(694) Archive regions: 2->2
[2023-04-17T16:37:36.116-0400][gc,heap     ] GC(694) Humongous regions: 129->129
[2023-04-17T16:37:36.116-0400][gc,metaspace] GC(694) Metaspace: 44160K(44928K)->44160K(44928K) NonClass: 39065K(39488K)->39065K(39488K) Class: 5095K(5440K)->5095K(5440K)
[2023-04-17T16:37:36.118-0400][gc          ] GC(694) Pause Young (Normal) (G1 Evacuation Pause) 383M->338M(1024M) 16.757ms
[2023-04-17T16:37:36.118-0400][gc,cpu      ] GC(694) User=0.02s Sys=0.02s Real=0.01s
[2023-04-17T16:38:06.917-0400][gc,start    ] GC(695) Pause Young (Normal) (G1 Evacuation Pause)
[2023-04-17T16:38:06.918-0400][gc,task     ] GC(695) Using 8 workers of 8 for evacuation
[2023-04-17T16:38:06.925-0400][gc,phases   ] GC(695)   Pre Evacuate Collection Set: 0.3ms
[2023-04-17T16:38:06.925-0400][gc,phases   ] GC(695)   Merge Heap Roots: 0.2ms
[2023-04-17T16:38:06.925-0400][gc,phases   ] GC(695)   Evacuate Collection Set: 5.4ms
[2023-04-17T16:38:06.925-0400][gc,phases   ] GC(695)   Post Evacuate Collection Set: 0.5ms
[2023-04-17T16:38:06.925-0400][gc,phases   ] GC(695)   Other: 0.8ms
[2023-04-17T16:38:06.925-0400][gc,heap     ] GC(695) Eden regions: 47->0(46)
[2023-04-17T16:38:06.925-0400][gc,heap     ] GC(695) Survivor regions: 4->5(7)
[2023-04-17T16:38:06.925-0400][gc,heap     ] GC(695) Old regions: 205->205
[2023-04-17T16:38:06.925-0400][gc,heap     ] GC(695) Archive regions: 2->2
[2023-04-17T16:38:06.925-0400][gc,heap     ] GC(695) Humongous regions: 129->129
[2023-04-17T16:38:06.925-0400][gc,metaspace] GC(695) Metaspace: 44160K(44928K)->44160K(44928K) NonClass: 39065K(39488K)->39065K(39488K) Class: 5095K(5440K)->5095K(5440K)
[2023-04-17T16:38:06.925-0400][gc          ] GC(695) Pause Young (Normal) (G1 Evacuation Pause) 385M->339M(1024M) 8.119ms
[2023-04-17T16:38:06.926-0400][gc,cpu      ] GC(695) User=0.04s Sys=0.01s Real=0.01s
[2023-04-17T16:38:37.678-0400][gc,start    ] GC(696) Pause Young (Normal) (G1 Evacuation Pause)
[2023-04-17T16:38:37.679-0400][gc,task     ] GC(696) Using 8 workers of 8 for evacuation
[2023-04-17T16:38:37.691-0400][gc,phases   ] GC(696)   Pre Evacuate Collection Set: 0.3ms
[2023-04-17T16:38:37.691-0400][gc,phases   ] GC(696)   Merge Heap Roots: 0.1ms
[2023-04-17T16:38:37.691-0400][gc,phases   ] GC(696)   Evacuate Collection Set: 11.4ms
[2023-04-17T16:38:37.691-0400][gc,phases   ] GC(696)   Post Evacuate Collection Set: 0.4ms
[2023-04-17T16:38:37.691-0400][gc,phases   ] GC(696)   Other: 0.2ms
[2023-04-17T16:38:37.692-0400][gc,heap     ] GC(696) Eden regions: 46->0(94)
[2023-04-17T16:38:37.692-0400][gc,heap     ] GC(696) Survivor regions: 5->4(7)
[2023-04-17T16:38:37.692-0400][gc,heap     ] GC(696) Old regions: 205->206
[2023-04-17T16:38:37.692-0400][gc,heap     ] GC(696) Archive regions: 2->2
[2023-04-17T16:38:37.692-0400][gc,heap     ] GC(696) Humongous regions: 129->129
[2023-04-17T16:38:37.692-0400][gc,metaspace] GC(696) Metaspace: 44160K(44928K)->44160K(44928K) NonClass: 39065K(39488K)->39065K(39488K) Class: 5095K(5440K)->5095K(5440K)
[2023-04-17T16:38:37.692-0400][gc          ] GC(696) Pause Young (Normal) (G1 Evacuation Pause) 385M->339M(1024M) 13.488ms
[2023-04-17T16:38:37.692-0400][gc,cpu      ] GC(696) User=0.04s Sys=0.02s Real=0.02s
[2023-04-17T16:39:40.058-0400][gc,start    ] GC(697) Pause Young (Normal) (G1 Evacuation Pause)
[2023-04-17T16:39:40.060-0400][gc,task     ] GC(697) Using 8 workers of 8 for evacuation
[2023-04-17T16:39:40.081-0400][gc,mmu      ] GC(697) MMU target violated: 20.6ms (20.0ms/21.0ms)
[2023-04-17T16:39:40.081-0400][gc,phases   ] GC(697)   Pre Evacuate Collection Set: 0.5ms
[2023-04-17T16:39:40.081-0400][gc,phases   ] GC(697)   Merge Heap Roots: 0.2ms
[2023-04-17T16:39:40.081-0400][gc,phases   ] GC(697)   Evacuate Collection Set: 19.4ms
[2023-04-17T16:39:40.081-0400][gc,phases   ] GC(697)   Post Evacuate Collection Set: 0.4ms
[2023-04-17T16:39:40.081-0400][gc,phases   ] GC(697)   Other: 0.3ms
[2023-04-17T16:39:40.081-0400][gc,heap     ] GC(697) Eden regions: 94->0(45)
[2023-04-17T16:39:40.081-0400][gc,heap     ] GC(697) Survivor regions: 4->6(13)
[2023-04-17T16:39:40.081-0400][gc,heap     ] GC(697) Old regions: 206->206
[2023-04-17T16:39:40.081-0400][gc,heap     ] GC(697) Archive regions: 2->2
[2023-04-17T16:39:40.081-0400][gc,heap     ] GC(697) Humongous regions: 129->129
[2023-04-17T16:39:40.081-0400][gc,metaspace] GC(697) Metaspace: 44166K(44928K)->44166K(44928K) NonClass: 39071K(39488K)->39071K(39488K) Class: 5095K(5440K)->5095K(5440K)
[2023-04-17T16:39:40.081-0400][gc          ] GC(697) Pause Young (Normal) (G1 Evacuation Pause) 433M->341M(1024M) 22.623ms
[2023-04-17T16:39:40.081-0400][gc,cpu      ] GC(697) User=0.04s Sys=0.06s Real=0.03s
[2023-04-17T16:40:09.020-0400][gc,start    ] GC(698) Pause Young (Normal) (G1 Evacuation Pause)
[2023-04-17T16:40:09.021-0400][gc,task     ] GC(698) Using 8 workers of 8 for evacuation
[2023-04-17T16:40:09.047-0400][gc,mmu      ] GC(698) MMU target violated: 21.0ms (20.0ms/21.0ms)
[2023-04-17T16:40:09.047-0400][gc,phases   ] GC(698)   Pre Evacuate Collection Set: 1.1ms
[2023-04-17T16:40:09.047-0400][gc,phases   ] GC(698)   Merge Heap Roots: 0.2ms
[2023-04-17T16:40:09.047-0400][gc,phases   ] GC(698)   Evacuate Collection Set: 23.7ms
[2023-04-17T16:40:09.047-0400][gc,phases   ] GC(698)   Post Evacuate Collection Set: 0.3ms
[2023-04-17T16:40:09.047-0400][gc,phases   ] GC(698)   Other: 0.8ms
[2023-04-17T16:40:09.047-0400][gc,heap     ] GC(698) Eden regions: 45->0(46)
[2023-04-17T16:40:09.047-0400][gc,heap     ] GC(698) Survivor regions: 6->5(7)
[2023-04-17T16:40:09.047-0400][gc,heap     ] GC(698) Old regions: 206->208
[2023-04-17T16:40:09.047-0400][gc,heap     ] GC(698) Archive regions: 2->2
[2023-04-17T16:40:09.047-0400][gc,heap     ] GC(698) Humongous regions: 129->129
[2023-04-17T16:40:09.047-0400][gc,metaspace] GC(698) Metaspace: 44166K(44928K)->44166K(44928K) NonClass: 39071K(39488K)->39071K(39488K) Class: 5095K(5440K)->5095K(5440K)
[2023-04-17T16:40:09.047-0400][gc          ] GC(698) Pause Young (Normal) (G1 Evacuation Pause) 386M->342M(1024M) 26.860ms
[2023-04-17T16:40:09.047-0400][gc,cpu      ] GC(698) User=0.04s Sys=0.04s Real=0.02s
[2023-04-17T16:40:39.695-0400][gc,start    ] GC(699) Pause Young (Normal) (G1 Evacuation Pause)
[2023-04-17T16:40:39.695-0400][gc,task     ] GC(699) Using 8 workers of 8 for evacuation
[2023-04-17T16:40:39.707-0400][gc,phases   ] GC(699)   Pre Evacuate Collection Set: 1.8ms
[2023-04-17T16:40:39.707-0400][gc,phases   ] GC(699)   Merge Heap Roots: 0.3ms
[2023-04-17T16:40:39.707-0400][gc,phases   ] GC(699)   Evacuate Collection Set: 8.9ms
[2023-04-17T16:40:39.707-0400][gc,phases   ] GC(699)   Post Evacuate Collection Set: 0.5ms
[2023-04-17T16:40:39.707-0400][gc,phases   ] GC(699)   Other: 0.2ms
[2023-04-17T16:40:39.707-0400][gc,heap     ] GC(699) Eden regions: 46->0(62)
[2023-04-17T16:40:39.707-0400][gc,heap     ] GC(699) Survivor regions: 5->5(7)
[2023-04-17T16:40:39.707-0400][gc,heap     ] GC(699) Old regions: 208->209
[2023-04-17T16:40:39.707-0400][gc,heap     ] GC(699) Archive regions: 2->2
[2023-04-17T16:40:39.707-0400][gc,heap     ] GC(699) Humongous regions: 129->129
[2023-04-17T16:40:39.707-0400][gc,metaspace] GC(699) Metaspace: 44166K(44928K)->44166K(44928K) NonClass: 39071K(39488K)->39071K(39488K) Class: 5095K(5440K)->5095K(5440K)
[2023-04-17T16:40:39.707-0400][gc          ] GC(699) Pause Young (Normal) (G1 Evacuation Pause) 388M->343M(1024M) 12.028ms
[2023-04-17T16:40:39.707-0400][gc,cpu      ] GC(699) User=0.05s Sys=0.02s Real=0.01s
[2023-04-17T16:41:20.882-0400][gc,start    ] GC(700) Pause Young (Normal) (G1 Evacuation Pause)
[2023-04-17T16:41:20.882-0400][gc,task     ] GC(700) Using 8 workers of 8 for evacuation
[2023-04-17T16:41:20.890-0400][gc,phases   ] GC(700)   Pre Evacuate Collection Set: 0.3ms
[2023-04-17T16:41:20.890-0400][gc,phases   ] GC(700)   Merge Heap Roots: 0.3ms
[2023-04-17T16:41:20.891-0400][gc,phases   ] GC(700)   Evacuate Collection Set: 7.3ms
[2023-04-17T16:41:20.891-0400][gc,phases   ] GC(700)   Post Evacuate Collection Set: 0.4ms
[2023-04-17T16:41:20.891-0400][gc,phases   ] GC(700)   Other: 0.1ms
[2023-04-17T16:41:20.891-0400][gc,heap     ] GC(700) Eden regions: 62->0(72)
[2023-04-17T16:41:20.891-0400][gc,heap     ] GC(700) Survivor regions: 5->6(9)
[2023-04-17T16:41:20.891-0400][gc,heap     ] GC(700) Old regions: 209->209
[2023-04-17T16:41:20.891-0400][gc,heap     ] GC(700) Archive regions: 2->2
[2023-04-17T16:41:20.891-0400][gc,heap     ] GC(700) Humongous regions: 129->129
[2023-04-17T16:41:20.891-0400][gc,metaspace] GC(700) Metaspace: 44166K(44928K)->44166K(44928K) NonClass: 39071K(39488K)->39071K(39488K) Class: 5095K(5440K)->5095K(5440K)
[2023-04-17T16:41:20.891-0400][gc          ] GC(700) Pause Young (Normal) (G1 Evacuation Pause) 405M->344M(1024M) 8.805ms
[2023-04-17T16:41:20.891-0400][gc,cpu      ] GC(700) User=0.05s Sys=0.00s Real=0.01s
[2023-04-17T16:42:08.835-0400][gc,start    ] GC(701) Pause Young (Normal) (G1 Evacuation Pause)
[2023-04-17T16:42:08.835-0400][gc,task     ] GC(701) Using 8 workers of 8 for evacuation
[2023-04-17T16:42:08.844-0400][gc,phases   ] GC(701)   Pre Evacuate Collection Set: 0.1ms
[2023-04-17T16:42:08.844-0400][gc,phases   ] GC(701)   Merge Heap Roots: 0.1ms
[2023-04-17T16:42:08.845-0400][gc,phases   ] GC(701)   Evacuate Collection Set: 9.0ms
[2023-04-17T16:42:08.845-0400][gc,phases   ] GC(701)   Post Evacuate Collection Set: 0.4ms
[2023-04-17T16:42:08.845-0400][gc,phases   ] GC(701)   Other: 0.1ms
[2023-04-17T16:42:08.845-0400][gc,heap     ] GC(701) Eden regions: 72->0(113)
[2023-04-17T16:42:08.845-0400][gc,heap     ] GC(701) Survivor regions: 6->6(10)
[2023-04-17T16:42:08.845-0400][gc,heap     ] GC(701) Old regions: 209->210
[2023-04-17T16:42:08.845-0400][gc,heap     ] GC(701) Archive regions: 2->2
[2023-04-17T16:42:08.845-0400][gc,heap     ] GC(701) Humongous regions: 129->129
[2023-04-17T16:42:08.845-0400][gc,metaspace] GC(701) Metaspace: 44166K(44928K)->44166K(44928K) NonClass: 39071K(39488K)->39071K(39488K) Class: 5095K(5440K)->5095K(5440K)
[2023-04-17T16:42:08.845-0400][gc          ] GC(701) Pause Young (Normal) (G1 Evacuation Pause) 416M->345M(1024M) 9.934ms
[2023-04-17T16:42:08.845-0400][gc,cpu      ] GC(701) User=0.03s Sys=0.01s Real=0.01s
[2023-04-17T16:43:28.239-0400][gc,start    ] GC(702) Pause Young (Normal) (G1 Evacuation Pause)
[2023-04-17T16:43:28.239-0400][gc,task     ] GC(702) Using 8 workers of 8 for evacuation
[2023-04-17T16:43:28.264-0400][gc,mmu      ] GC(702) MMU target violated: 21.0ms (20.0ms/21.0ms)
[2023-04-17T16:43:28.264-0400][gc,phases   ] GC(702)   Pre Evacuate Collection Set: 0.4ms
[2023-04-17T16:43:28.264-0400][gc,phases   ] GC(702)   Merge Heap Roots: 0.3ms
[2023-04-17T16:43:28.264-0400][gc,phases   ] GC(702)   Evacuate Collection Set: 23.1ms
[2023-04-17T16:43:28.264-0400][gc,phases   ] GC(702)   Post Evacuate Collection Set: 0.3ms
[2023-04-17T16:43:28.264-0400][gc,phases   ] GC(702)   Other: 0.2ms
[2023-04-17T16:43:28.264-0400][gc,heap     ] GC(702) Eden regions: 113->0(43)
[2023-04-17T16:43:28.264-0400][gc,heap     ] GC(702) Survivor regions: 6->8(15)
[2023-04-17T16:43:28.264-0400][gc,heap     ] GC(702) Old regions: 210->210
[2023-04-17T16:43:28.264-0400][gc,heap     ] GC(702) Archive regions: 2->2
[2023-04-17T16:43:28.264-0400][gc,heap     ] GC(702) Humongous regions: 129->129
[2023-04-17T16:43:28.264-0400][gc,metaspace] GC(702) Metaspace: 44166K(44928K)->44166K(44928K) NonClass: 39071K(39488K)->39071K(39488K) Class: 5095K(5440K)->5095K(5440K)
[2023-04-17T16:43:28.264-0400][gc          ] GC(702) Pause Young (Normal) (G1 Evacuation Pause) 458M->347M(1024M) 24.559ms
[2023-04-17T16:43:28.264-0400][gc,cpu      ] GC(702) User=0.05s Sys=0.06s Real=0.03s
[2023-04-17T16:44:00.303-0400][gc,start    ] GC(703) Pause Young (Normal) (G1 Evacuation Pause)
[2023-04-17T16:44:00.303-0400][gc,task     ] GC(703) Using 8 workers of 8 for evacuation
[2023-04-17T16:44:00.345-0400][gc,mmu      ] GC(703) MMU target violated: 21.0ms (20.0ms/21.0ms)
[2023-04-17T16:44:00.345-0400][gc,phases   ] GC(703)   Pre Evacuate Collection Set: 0.4ms
[2023-04-17T16:44:00.345-0400][gc,phases   ] GC(703)   Merge Heap Roots: 0.2ms
[2023-04-17T16:44:00.345-0400][gc,phases   ] GC(703)   Evacuate Collection Set: 41.4ms
[2023-04-17T16:44:00.345-0400][gc,phases   ] GC(703)   Post Evacuate Collection Set: 0.3ms
[2023-04-17T16:44:00.345-0400][gc,phases   ] GC(703)   Other: 0.2ms
[2023-04-17T16:44:00.345-0400][gc,heap     ] GC(703) Eden regions: 43->0(46)
[2023-04-17T16:44:00.345-0400][gc,heap     ] GC(703) Survivor regions: 8->5(7)
[2023-04-17T16:44:00.345-0400][gc,heap     ] GC(703) Old regions: 210->215
[2023-04-17T16:44:00.345-0400][gc,heap     ] GC(703) Archive regions: 2->2
[2023-04-17T16:44:00.345-0400][gc,heap     ] GC(703) Humongous regions: 129->129
[2023-04-17T16:44:00.345-0400][gc,metaspace] GC(703) Metaspace: 44166K(44928K)->44166K(44928K) NonClass: 39071K(39488K)->39071K(39488K) Class: 5095K(5440K)->5095K(5440K)
[2023-04-17T16:44:00.345-0400][gc          ] GC(703) Pause Young (Normal) (G1 Evacuation Pause) 390M->348M(1024M) 42.809ms
[2023-04-17T16:44:00.345-0400][gc,cpu      ] GC(703) User=0.06s Sys=0.06s Real=0.04s
[2023-04-17T16:44:34.867-0400][gc,start    ] GC(704) Pause Young (Normal) (G1 Evacuation Pause)
[2023-04-17T16:44:34.867-0400][gc,task     ] GC(704) Using 8 workers of 8 for evacuation
[2023-04-17T16:44:34.877-0400][gc,phases   ] GC(704)   Pre Evacuate Collection Set: 0.8ms
[2023-04-17T16:44:34.877-0400][gc,phases   ] GC(704)   Merge Heap Roots: 0.1ms
[2023-04-17T16:44:34.877-0400][gc,phases   ] GC(704)   Evacuate Collection Set: 8.8ms
[2023-04-17T16:44:34.877-0400][gc,phases   ] GC(704)   Post Evacuate Collection Set: 0.4ms
[2023-04-17T16:44:34.877-0400][gc,phases   ] GC(704)   Other: 0.1ms
[2023-04-17T16:44:34.877-0400][gc,heap     ] GC(704) Eden regions: 46->0(118)
[2023-04-17T16:44:34.877-0400][gc,heap     ] GC(704) Survivor regions: 5->4(7)
[2023-04-17T16:44:34.877-0400][gc,heap     ] GC(704) Old regions: 215->216
[2023-04-17T16:44:34.877-0400][gc,heap     ] GC(704) Archive regions: 2->2
[2023-04-17T16:44:34.877-0400][gc,heap     ] GC(704) Humongous regions: 129->129
[2023-04-17T16:44:34.877-0400][gc,metaspace] GC(704) Metaspace: 44166K(44928K)->44166K(44928K) NonClass: 39071K(39488K)->39071K(39488K) Class: 5095K(5440K)->5095K(5440K)
[2023-04-17T16:44:34.877-0400][gc          ] GC(704) Pause Young (Normal) (G1 Evacuation Pause) 394M->349M(1024M) 10.440ms
[2023-04-17T16:44:34.878-0400][gc,cpu      ] GC(704) User=0.02s Sys=0.02s Real=0.01s
[2023-04-17T16:46:01.511-0400][gc,start    ] GC(705) Pause Young (Normal) (G1 Evacuation Pause)
[2023-04-17T16:46:01.511-0400][gc,task     ] GC(705) Using 8 workers of 8 for evacuation
[2023-04-17T16:46:01.533-0400][gc,mmu      ] GC(705) MMU target violated: 21.0ms (20.0ms/21.0ms)
[2023-04-17T16:46:01.534-0400][gc,phases   ] GC(705)   Pre Evacuate Collection Set: 0.2ms
[2023-04-17T16:46:01.534-0400][gc,phases   ] GC(705)   Merge Heap Roots: 0.2ms
[2023-04-17T16:46:01.534-0400][gc,phases   ] GC(705)   Evacuate Collection Set: 21.2ms
[2023-04-17T16:46:01.534-0400][gc,phases   ] GC(705)   Post Evacuate Collection Set: 0.4ms
[2023-04-17T16:46:01.534-0400][gc,phases   ] GC(705)   Other: 0.2ms
[2023-04-17T16:46:01.534-0400][gc,heap     ] GC(705) Eden regions: 118->0(45)
[2023-04-17T16:46:01.534-0400][gc,heap     ] GC(705) Survivor regions: 4->6(16)
[2023-04-17T16:46:01.534-0400][gc,heap     ] GC(705) Old regions: 216->216
[2023-04-17T16:46:01.534-0400][gc,heap     ] GC(705) Archive regions: 2->2
[2023-04-17T16:46:01.534-0400][gc,heap     ] GC(705) Humongous regions: 129->129
[2023-04-17T16:46:01.534-0400][gc,metaspace] GC(705) Metaspace: 44166K(44928K)->44166K(44928K) NonClass: 39071K(39488K)->39071K(39488K) Class: 5095K(5440K)->5095K(5440K)
[2023-04-17T16:46:01.534-0400][gc          ] GC(705) Pause Young (Normal) (G1 Evacuation Pause) 467M->351M(1024M) 23.107ms
[2023-04-17T16:46:01.534-0400][gc,cpu      ] GC(705) User=0.03s Sys=0.02s Real=0.02s
[2023-04-17T16:46:32.974-0400][gc,start    ] GC(706) Pause Young (Normal) (G1 Evacuation Pause)
[2023-04-17T16:46:32.977-0400][gc,task     ] GC(706) Using 8 workers of 8 for evacuation
[2023-04-17T16:46:33.000-0400][gc,mmu      ] GC(706) MMU target violated: 21.0ms (20.0ms/21.0ms)
[2023-04-17T16:46:33.009-0400][gc,phases   ] GC(706)   Pre Evacuate Collection Set: 0.6ms
[2023-04-17T16:46:33.009-0400][gc,phases   ] GC(706)   Merge Heap Roots: 0.7ms
[2023-04-17T16:46:33.009-0400][gc,phases   ] GC(706)   Evacuate Collection Set: 20.3ms
[2023-04-17T16:46:33.009-0400][gc,phases   ] GC(706)   Post Evacuate Collection Set: 0.8ms
[2023-04-17T16:46:33.009-0400][gc,phases   ] GC(706)   Other: 9.3ms
[2023-04-17T16:46:33.009-0400][gc,heap     ] GC(706) Eden regions: 45->0(61)
[2023-04-17T16:46:33.009-0400][gc,heap     ] GC(706) Survivor regions: 6->5(7)
[2023-04-17T16:46:33.009-0400][gc,heap     ] GC(706) Old regions: 216->219
[2023-04-17T16:46:33.009-0400][gc,heap     ] GC(706) Archive regions: 2->2
[2023-04-17T16:46:33.009-0400][gc,heap     ] GC(706) Humongous regions: 129->129
[2023-04-17T16:46:33.009-0400][gc,metaspace] GC(706) Metaspace: 44166K(44928K)->44166K(44928K) NonClass: 39071K(39488K)->39071K(39488K) Class: 5095K(5440K)->5095K(5440K)
[2023-04-17T16:46:33.009-0400][gc          ] GC(706) Pause Young (Normal) (G1 Evacuation Pause) 396M->352M(1024M) 34.921ms
[2023-04-17T16:46:33.010-0400][gc,cpu      ] GC(706) User=0.02s Sys=0.03s Real=0.04s
[2023-04-17T16:47:18.806-0400][gc,start    ] GC(707) Pause Young (Normal) (G1 Evacuation Pause)
[2023-04-17T16:47:18.806-0400][gc,task     ] GC(707) Using 8 workers of 8 for evacuation
[2023-04-17T16:47:18.821-0400][gc,phases   ] GC(707)   Pre Evacuate Collection Set: 0.4ms
[2023-04-17T16:47:18.821-0400][gc,phases   ] GC(707)   Merge Heap Roots: 0.2ms
[2023-04-17T16:47:18.821-0400][gc,phases   ] GC(707)   Evacuate Collection Set: 13.2ms
[2023-04-17T16:47:18.821-0400][gc,phases   ] GC(707)   Post Evacuate Collection Set: 0.5ms
[2023-04-17T16:47:18.821-0400][gc,phases   ] GC(707)   Other: 0.2ms
[2023-04-17T16:47:18.821-0400][gc,heap     ] GC(707) Eden regions: 61->0(45)
[2023-04-17T16:47:18.821-0400][gc,heap     ] GC(707) Survivor regions: 5->6(9)
[2023-04-17T16:47:18.821-0400][gc,heap     ] GC(707) Old regions: 219->219
[2023-04-17T16:47:18.821-0400][gc,heap     ] GC(707) Archive regions: 2->2
[2023-04-17T16:47:18.821-0400][gc,heap     ] GC(707) Humongous regions: 129->129
[2023-04-17T16:47:18.821-0400][gc,metaspace] GC(707) Metaspace: 44166K(44928K)->44166K(44928K) NonClass: 39071K(39488K)->39071K(39488K) Class: 5095K(5440K)->5095K(5440K)
[2023-04-17T16:47:18.821-0400][gc          ] GC(707) Pause Young (Normal) (G1 Evacuation Pause) 413M->353M(1024M) 14.936ms
[2023-04-17T16:47:18.822-0400][gc,cpu      ] GC(707) User=0.04s Sys=0.04s Real=0.02s
[2023-04-17T16:47:52.110-0400][gc,start    ] GC(708) Pause Young (Normal) (G1 Evacuation Pause)
[2023-04-17T16:47:52.110-0400][gc,task     ] GC(708) Using 8 workers of 8 for evacuation
[2023-04-17T16:47:52.136-0400][gc,mmu      ] GC(708) MMU target violated: 21.0ms (20.0ms/21.0ms)
[2023-04-17T16:47:52.136-0400][gc,phases   ] GC(708)   Pre Evacuate Collection Set: 0.3ms
[2023-04-17T16:47:52.136-0400][gc,phases   ] GC(708)   Merge Heap Roots: 0.2ms
[2023-04-17T16:47:52.136-0400][gc,phases   ] GC(708)   Evacuate Collection Set: 23.3ms
[2023-04-17T16:47:52.136-0400][gc,phases   ] GC(708)   Post Evacuate Collection Set: 0.3ms
[2023-04-17T16:47:52.136-0400][gc,phases   ] GC(708)   Other: 1.7ms
[2023-04-17T16:47:52.136-0400][gc,heap     ] GC(708) Eden regions: 45->0(110)
[2023-04-17T16:47:52.136-0400][gc,heap     ] GC(708) Survivor regions: 6->4(7)
[2023-04-17T16:47:52.136-0400][gc,heap     ] GC(708) Old regions: 219->222
[2023-04-17T16:47:52.136-0400][gc,heap     ] GC(708) Archive regions: 2->2
[2023-04-17T16:47:52.136-0400][gc,heap     ] GC(708) Humongous regions: 129->129
[2023-04-17T16:47:52.136-0400][gc,metaspace] GC(708) Metaspace: 44166K(44928K)->44166K(44928K) NonClass: 39071K(39488K)->39071K(39488K) Class: 5095K(5440K)->5095K(5440K)
[2023-04-17T16:47:52.136-0400][gc          ] GC(708) Pause Young (Normal) (G1 Evacuation Pause) 398M->354M(1024M) 26.202ms
[2023-04-17T16:47:52.136-0400][gc,cpu      ] GC(708) User=0.05s Sys=0.04s Real=0.02s
[2023-04-17T16:49:15.576-0400][gc,start    ] GC(709) Pause Young (Normal) (G1 Evacuation Pause)
[2023-04-17T16:49:15.576-0400][gc,task     ] GC(709) Using 8 workers of 8 for evacuation
[2023-04-17T16:49:15.584-0400][gc,phases   ] GC(709)   Pre Evacuate Collection Set: 0.3ms
[2023-04-17T16:49:15.584-0400][gc,phases   ] GC(709)   Merge Heap Roots: 0.2ms
[2023-04-17T16:49:15.584-0400][gc,phases   ] GC(709)   Evacuate Collection Set: 7.1ms
[2023-04-17T16:49:15.584-0400][gc,phases   ] GC(709)   Post Evacuate Collection Set: 0.6ms
[2023-04-17T16:49:15.584-0400][gc,phases   ] GC(709)   Other: 0.2ms
[2023-04-17T16:49:15.584-0400][gc,heap     ] GC(709) Eden regions: 110->0(54)
[2023-04-17T16:49:15.585-0400][gc,heap     ] GC(709) Survivor regions: 4->6(15)
[2023-04-17T16:49:15.585-0400][gc,heap     ] GC(709) Old regions: 222->222
[2023-04-17T16:49:15.585-0400][gc,heap     ] GC(709) Archive regions: 2->2
[2023-04-17T16:49:15.585-0400][gc,heap     ] GC(709) Humongous regions: 129->129
[2023-04-17T16:49:15.585-0400][gc,metaspace] GC(709) Metaspace: 44166K(44928K)->44166K(44928K) NonClass: 39071K(39488K)->39071K(39488K) Class: 5095K(5440K)->5095K(5440K)
[2023-04-17T16:49:15.585-0400][gc          ] GC(709) Pause Young (Normal) (G1 Evacuation Pause) 464M->356M(1024M) 9.026ms
[2023-04-17T16:49:15.585-0400][gc,cpu      ] GC(709) User=0.05s Sys=0.00s Real=0.01s
[2023-04-17T16:49:55.769-0400][gc,start    ] GC(710) Pause Young (Normal) (G1 Evacuation Pause)
[2023-04-17T16:49:55.769-0400][gc,task     ] GC(710) Using 8 workers of 8 for evacuation
[2023-04-17T16:49:55.784-0400][gc,phases   ] GC(710)   Pre Evacuate Collection Set: 0.3ms
[2023-04-17T16:49:55.784-0400][gc,phases   ] GC(710)   Merge Heap Roots: 0.2ms
[2023-04-17T16:49:55.784-0400][gc,phases   ] GC(710)   Evacuate Collection Set: 14.2ms
[2023-04-17T16:49:55.784-0400][gc,phases   ] GC(710)   Post Evacuate Collection Set: 0.4ms
[2023-04-17T16:49:55.784-0400][gc,phases   ] GC(710)   Other: 0.2ms
[2023-04-17T16:49:55.784-0400][gc,heap     ] GC(710) Eden regions: 54->0(121)
[2023-04-17T16:49:55.784-0400][gc,heap     ] GC(710) Survivor regions: 6->5(8)
[2023-04-17T16:49:55.784-0400][gc,heap     ] GC(710) Old regions: 222->224
[2023-04-17T16:49:55.784-0400][gc,heap     ] GC(710) Archive regions: 2->2
[2023-04-17T16:49:55.784-0400][gc,heap     ] GC(710) Humongous regions: 129->129
[2023-04-17T16:49:55.784-0400][gc,metaspace] GC(710) Metaspace: 44166K(44928K)->44166K(44928K) NonClass: 39071K(39488K)->39071K(39488K) Class: 5095K(5440K)->5095K(5440K)
[2023-04-17T16:49:55.784-0400][gc          ] GC(710) Pause Young (Normal) (G1 Evacuation Pause) 410M->357M(1024M) 15.682ms
[2023-04-17T16:49:55.785-0400][gc,cpu      ] GC(710) User=0.05s Sys=0.02s Real=0.02s
[2023-04-17T16:51:27.011-0400][gc,start    ] GC(711) Pause Young (Normal) (G1 Evacuation Pause)
[2023-04-17T16:51:27.012-0400][gc,task     ] GC(711) Using 8 workers of 8 for evacuation
[2023-04-17T16:51:27.035-0400][gc,mmu      ] GC(711) MMU target violated: 21.0ms (20.0ms/21.0ms)
[2023-04-17T16:51:27.036-0400][gc,phases   ] GC(711)   Pre Evacuate Collection Set: 1.4ms
[2023-04-17T16:51:27.036-0400][gc,phases   ] GC(711)   Merge Heap Roots: 0.3ms
[2023-04-17T16:51:27.036-0400][gc,phases   ] GC(711)   Evacuate Collection Set: 21.7ms
[2023-04-17T16:51:27.036-0400][gc,phases   ] GC(711)   Post Evacuate Collection Set: 0.4ms
[2023-04-17T16:51:27.036-0400][gc,phases   ] GC(711)   Other: 0.2ms
[2023-04-17T16:51:27.036-0400][gc,heap     ] GC(711) Eden regions: 121->0(44)
[2023-04-17T16:51:27.036-0400][gc,heap     ] GC(711) Survivor regions: 5->7(16)
[2023-04-17T16:51:27.036-0400][gc,heap     ] GC(711) Old regions: 224->224
[2023-04-17T16:51:27.036-0400][gc,heap     ] GC(711) Archive regions: 2->2
[2023-04-17T16:51:27.036-0400][gc,heap     ] GC(711) Humongous regions: 129->129
[2023-04-17T16:51:27.036-0400][gc,metaspace] GC(711) Metaspace: 44166K(44928K)->44166K(44928K) NonClass: 39071K(39488K)->39071K(39488K) Class: 5095K(5440K)->5095K(5440K)
[2023-04-17T16:51:27.036-0400][gc          ] GC(711) Pause Young (Normal) (G1 Evacuation Pause) 478M->359M(1024M) 24.282ms
[2023-04-17T16:51:27.036-0400][gc,cpu      ] GC(711) User=0.05s Sys=0.05s Real=0.02s
[2023-04-17T16:51:59.998-0400][gc,start    ] GC(712) Pause Young (Normal) (G1 Evacuation Pause)
[2023-04-17T16:51:59.998-0400][gc,task     ] GC(712) Using 8 workers of 8 for evacuation
[2023-04-17T16:52:00.014-0400][gc,phases   ] GC(712)   Pre Evacuate Collection Set: 0.2ms
[2023-04-17T16:52:00.014-0400][gc,phases   ] GC(712)   Merge Heap Roots: 0.1ms
[2023-04-17T16:52:00.014-0400][gc,phases   ] GC(712)   Evacuate Collection Set: 15.8ms
[2023-04-17T16:52:00.014-0400][gc,phases   ] GC(712)   Post Evacuate Collection Set: 0.3ms
[2023-04-17T16:52:00.014-0400][gc,phases   ] GC(712)   Other: 0.1ms
[2023-04-17T16:52:00.015-0400][gc,heap     ] GC(712) Eden regions: 44->0(115)
[2023-04-17T16:52:00.015-0400][gc,heap     ] GC(712) Survivor regions: 7->5(7)
[2023-04-17T16:52:00.015-0400][gc,heap     ] GC(712) Old regions: 224->227
[2023-04-17T16:52:00.015-0400][gc,heap     ] GC(712) Archive regions: 2->2
[2023-04-17T16:52:00.015-0400][gc,heap     ] GC(712) Humongous regions: 129->129
[2023-04-17T16:52:00.015-0400][gc,metaspace] GC(712) Metaspace: 44166K(44928K)->44166K(44928K) NonClass: 39071K(39488K)->39071K(39488K) Class: 5095K(5440K)->5095K(5440K)
[2023-04-17T16:52:00.015-0400][gc          ] GC(712) Pause Young (Normal) (G1 Evacuation Pause) 403M->360M(1024M) 16.841ms
[2023-04-17T16:52:00.015-0400][gc,cpu      ] GC(712) User=0.04s Sys=0.02s Real=0.02s
[2023-04-17T16:53:26.876-0400][gc,start    ] GC(713) Pause Young (Normal) (G1 Evacuation Pause)
[2023-04-17T16:53:26.876-0400][gc,task     ] GC(713) Using 8 workers of 8 for evacuation
[2023-04-17T16:53:26.888-0400][gc,phases   ] GC(713)   Pre Evacuate Collection Set: 0.4ms
[2023-04-17T16:53:26.888-0400][gc,phases   ] GC(713)   Merge Heap Roots: 0.3ms
[2023-04-17T16:53:26.888-0400][gc,phases   ] GC(713)   Evacuate Collection Set: 8.2ms
[2023-04-17T16:53:26.888-0400][gc,phases   ] GC(713)   Post Evacuate Collection Set: 0.5ms
[2023-04-17T16:53:26.888-0400][gc,phases   ] GC(713)   Other: 1.7ms
[2023-04-17T16:53:26.888-0400][gc,heap     ] GC(713) Eden regions: 115->0(65)
[2023-04-17T16:53:26.888-0400][gc,heap     ] GC(713) Survivor regions: 5->7(15)
[2023-04-17T16:53:26.888-0400][gc,heap     ] GC(713) Old regions: 227->227
[2023-04-17T16:53:26.888-0400][gc,heap     ] GC(713) Archive regions: 2->2
[2023-04-17T16:53:26.888-0400][gc,heap     ] GC(713) Humongous regions: 129->129
[2023-04-17T16:53:26.888-0400][gc,metaspace] GC(713) Metaspace: 44166K(44928K)->44166K(44928K) NonClass: 39071K(39488K)->39071K(39488K) Class: 5095K(5440K)->5095K(5440K)
[2023-04-17T16:53:26.888-0400][gc          ] GC(713) Pause Young (Normal) (G1 Evacuation Pause) 475M->362M(1024M) 11.515ms
[2023-04-17T16:53:26.888-0400][gc,cpu      ] GC(713) User=0.05s Sys=0.00s Real=0.01s
[2023-04-17T16:54:15.599-0400][gc,start    ] GC(714) Pause Young (Normal) (G1 Evacuation Pause)
[2023-04-17T16:54:15.599-0400][gc,task     ] GC(714) Using 8 workers of 8 for evacuation
[2023-04-17T16:54:15.625-0400][gc,mmu      ] GC(714) MMU target violated: 21.0ms (20.0ms/21.0ms)
[2023-04-17T16:54:15.625-0400][gc,phases   ] GC(714)   Pre Evacuate Collection Set: 0.3ms
[2023-04-17T16:54:15.625-0400][gc,phases   ] GC(714)   Merge Heap Roots: 0.2ms
[2023-04-17T16:54:15.626-0400][gc,phases   ] GC(714)   Evacuate Collection Set: 25.8ms
[2023-04-17T16:54:15.626-0400][gc,phases   ] GC(714)   Post Evacuate Collection Set: 0.3ms
[2023-04-17T16:54:15.626-0400][gc,phases   ] GC(714)   Other: 0.2ms
[2023-04-17T16:54:15.626-0400][gc,heap     ] GC(714) Eden regions: 65->0(105)
[2023-04-17T16:54:15.626-0400][gc,heap     ] GC(714) Survivor regions: 7->5(9)
[2023-04-17T16:54:15.626-0400][gc,heap     ] GC(714) Old regions: 227->230
[2023-04-17T16:54:15.626-0400][gc,heap     ] GC(714) Archive regions: 2->2
[2023-04-17T16:54:15.626-0400][gc,heap     ] GC(714) Humongous regions: 129->129
[2023-04-17T16:54:15.626-0400][gc,metaspace] GC(714) Metaspace: 44166K(44928K)->44166K(44928K) NonClass: 39071K(39488K)->39071K(39488K) Class: 5095K(5440K)->5095K(5440K)
[2023-04-17T16:54:15.626-0400][gc          ] GC(714) Pause Young (Normal) (G1 Evacuation Pause) 427M->363M(1024M) 27.073ms
[2023-04-17T16:54:15.626-0400][gc,cpu      ] GC(714) User=0.05s Sys=0.05s Real=0.03s
[2023-04-17T16:55:34.549-0400][gc,start    ] GC(715) Pause Young (Normal) (G1 Evacuation Pause)
[2023-04-17T16:55:34.552-0400][gc,task     ] GC(715) Using 8 workers of 8 for evacuation
[2023-04-17T16:55:34.557-0400][gc,phases   ] GC(715)   Pre Evacuate Collection Set: 0.1ms
[2023-04-17T16:55:34.572-0400][gc,phases   ] GC(715)   Merge Heap Roots: 0.1ms
[2023-04-17T16:55:34.572-0400][gc,phases   ] GC(715)   Evacuate Collection Set: 3.6ms
[2023-04-17T16:55:34.572-0400][gc,phases   ] GC(715)   Post Evacuate Collection Set: 1.6ms
[2023-04-17T16:55:34.572-0400][gc,phases   ] GC(715)   Other: 0.1ms
[2023-04-17T16:55:34.573-0400][gc,heap     ] GC(715) Eden regions: 105->0(71)
[2023-04-17T16:55:34.573-0400][gc,heap     ] GC(715) Survivor regions: 5->7(14)
[2023-04-17T16:55:34.573-0400][gc,heap     ] GC(715) Old regions: 230->230
[2023-04-17T16:55:34.573-0400][gc,heap     ] GC(715) Archive regions: 2->2
[2023-04-17T16:55:34.573-0400][gc,heap     ] GC(715) Humongous regions: 129->129
[2023-04-17T16:55:34.573-0400][gc,metaspace] GC(715) Metaspace: 44166K(44928K)->44166K(44928K) NonClass: 39071K(39488K)->39071K(39488K) Class: 5095K(5440K)->5095K(5440K)
[2023-04-17T16:55:34.573-0400][gc          ] GC(715) Pause Young (Normal) (G1 Evacuation Pause) 468M->365M(1024M) 23.899ms
[2023-04-17T16:55:34.573-0400][gc,cpu      ] GC(715) User=0.03s Sys=0.00s Real=0.03s
[2023-04-17T16:56:27.872-0400][gc,start    ] GC(716) Pause Young (Normal) (G1 Evacuation Pause)
[2023-04-17T16:56:27.872-0400][gc,task     ] GC(716) Using 8 workers of 8 for evacuation
[2023-04-17T16:56:27.896-0400][gc,mmu      ] GC(716) MMU target violated: 21.0ms (20.0ms/21.0ms)
[2023-04-17T16:56:27.896-0400][gc,phases   ] GC(716)   Pre Evacuate Collection Set: 0.3ms
[2023-04-17T16:56:27.896-0400][gc,phases   ] GC(716)   Merge Heap Roots: 0.2ms
[2023-04-17T16:56:27.896-0400][gc,phases   ] GC(716)   Evacuate Collection Set: 23.1ms
[2023-04-17T16:56:27.896-0400][gc,phases   ] GC(716)   Post Evacuate Collection Set: 0.3ms
[2023-04-17T16:56:27.896-0400][gc,phases   ] GC(716)   Other: 0.2ms
[2023-04-17T16:56:27.896-0400][gc,heap     ] GC(716) Eden regions: 71->0(88)
[2023-04-17T16:56:27.896-0400][gc,heap     ] GC(716) Survivor regions: 7->6(10)
[2023-04-17T16:56:27.896-0400][gc,heap     ] GC(716) Old regions: 230->233
[2023-04-17T16:56:27.896-0400][gc,heap     ] GC(716) Archive regions: 2->2
[2023-04-17T16:56:27.896-0400][gc,heap     ] GC(716) Humongous regions: 129->129
[2023-04-17T16:56:27.897-0400][gc,metaspace] GC(716) Metaspace: 44166K(44928K)->44166K(44928K) NonClass: 39071K(39488K)->39071K(39488K) Class: 5095K(5440K)->5095K(5440K)
[2023-04-17T16:56:27.897-0400][gc          ] GC(716) Pause Young (Normal) (G1 Evacuation Pause) 436M->367M(1024M) 24.341ms
[2023-04-17T16:56:27.897-0400][gc,cpu      ] GC(716) User=0.06s Sys=0.04s Real=0.02s
[2023-04-17T16:57:34.629-0400][gc,start    ] GC(717) Pause Young (Normal) (G1 Evacuation Pause)
[2023-04-17T16:57:34.630-0400][gc,task     ] GC(717) Using 8 workers of 8 for evacuation
[2023-04-17T16:57:34.640-0400][gc,phases   ] GC(717)   Pre Evacuate Collection Set: 0.2ms
[2023-04-17T16:57:34.640-0400][gc,phases   ] GC(717)   Merge Heap Roots: 0.3ms
[2023-04-17T16:57:34.640-0400][gc,phases   ] GC(717)   Evacuate Collection Set: 7.7ms
[2023-04-17T16:57:34.640-0400][gc,phases   ] GC(717)   Post Evacuate Collection Set: 0.4ms
[2023-04-17T16:57:34.640-0400][gc,phases   ] GC(717)   Other: 1.3ms
[2023-04-17T16:57:34.640-0400][gc,heap     ] GC(717) Eden regions: 88->0(88)
[2023-04-17T16:57:34.640-0400][gc,heap     ] GC(717) Survivor regions: 6->7(12)
[2023-04-17T16:57:34.640-0400][gc,heap     ] GC(717) Old regions: 233->233
[2023-04-17T16:57:34.640-0400][gc,heap     ] GC(717) Archive regions: 2->2
[2023-04-17T16:57:34.640-0400][gc,heap     ] GC(717) Humongous regions: 129->129
[2023-04-17T16:57:34.640-0400][gc,metaspace] GC(717) Metaspace: 44166K(44928K)->44166K(44928K) NonClass: 39071K(39488K)->39071K(39488K) Class: 5095K(5440K)->5095K(5440K)
[2023-04-17T16:57:34.640-0400][gc          ] GC(717) Pause Young (Normal) (G1 Evacuation Pause) 455M->368M(1024M) 10.357ms
[2023-04-17T16:57:34.640-0400][gc,cpu      ] GC(717) User=0.06s Sys=0.00s Real=0.02s
[2023-04-17T16:58:40.612-0400][gc,start    ] GC(718) Pause Young (Normal) (G1 Evacuation Pause)
[2023-04-17T16:58:40.612-0400][gc,task     ] GC(718) Using 8 workers of 8 for evacuation
[2023-04-17T16:58:40.625-0400][gc,phases   ] GC(718)   Pre Evacuate Collection Set: 0.3ms
[2023-04-17T16:58:40.625-0400][gc,phases   ] GC(718)   Merge Heap Roots: 0.2ms
[2023-04-17T16:58:40.625-0400][gc,phases   ] GC(718)   Evacuate Collection Set: 12.3ms
[2023-04-17T16:58:40.625-0400][gc,phases   ] GC(718)   Post Evacuate Collection Set: 0.4ms
[2023-04-17T16:58:40.625-0400][gc,phases   ] GC(718)   Other: 0.2ms
[2023-04-17T16:58:40.625-0400][gc,heap     ] GC(718) Eden regions: 88->0(81)
[2023-04-17T16:58:40.625-0400][gc,heap     ] GC(718) Survivor regions: 7->8(12)
[2023-04-17T16:58:40.625-0400][gc,heap     ] GC(718) Old regions: 233->234
[2023-04-17T16:58:40.625-0400][gc,heap     ] GC(718) Archive regions: 2->2
[2023-04-17T16:58:40.625-0400][gc,heap     ] GC(718) Humongous regions: 129->129
[2023-04-17T16:58:40.626-0400][gc,metaspace] GC(718) Metaspace: 44166K(44928K)->44166K(44928K) NonClass: 39071K(39488K)->39071K(39488K) Class: 5095K(5440K)->5095K(5440K)
[2023-04-17T16:58:40.626-0400][gc          ] GC(718) Pause Young (Normal) (G1 Evacuation Pause) 456M->370M(1024M) 13.690ms
[2023-04-17T16:58:40.626-0400][gc,cpu      ] GC(718) User=0.07s Sys=0.01s Real=0.01s
[2023-04-17T16:59:41.043-0400][gc,start    ] GC(719) Pause Young (Normal) (G1 Evacuation Pause)
[2023-04-17T16:59:41.044-0400][gc,task     ] GC(719) Using 8 workers of 8 for evacuation
[2023-04-17T16:59:41.057-0400][gc,phases   ] GC(719)   Pre Evacuate Collection Set: 0.2ms
[2023-04-17T16:59:41.057-0400][gc,phases   ] GC(719)   Merge Heap Roots: 0.2ms
[2023-04-17T16:59:41.057-0400][gc,phases   ] GC(719)   Evacuate Collection Set: 12.4ms
[2023-04-17T16:59:41.057-0400][gc,phases   ] GC(719)   Post Evacuate Collection Set: 0.4ms
[2023-04-17T16:59:41.057-0400][gc,phases   ] GC(719)   Other: 0.2ms
[2023-04-17T16:59:41.057-0400][gc,heap     ] GC(719) Eden regions: 81->0(170)
[2023-04-17T16:59:41.057-0400][gc,heap     ] GC(719) Survivor regions: 8->7(12)
[2023-04-17T16:59:41.057-0400][gc,heap     ] GC(719) Old regions: 234->236
[2023-04-17T16:59:41.057-0400][gc,heap     ] GC(719) Archive regions: 2->2
[2023-04-17T16:59:41.057-0400][gc,heap     ] GC(719) Humongous regions: 129->129
[2023-04-17T16:59:41.057-0400][gc,metaspace] GC(719) Metaspace: 44166K(44928K)->44166K(44928K) NonClass: 39071K(39488K)->39071K(39488K) Class: 5095K(5440K)->5095K(5440K)
[2023-04-17T16:59:41.057-0400][gc          ] GC(719) Pause Young (Normal) (G1 Evacuation Pause) 451M->372M(1024M) 14.780ms
[2023-04-17T16:59:41.057-0400][gc,cpu      ] GC(719) User=0.05s Sys=0.02s Real=0.01s
[2023-04-17T17:01:50.148-0400][gc,start    ] GC(720) Pause Young (Normal) (G1 Evacuation Pause)
[2023-04-17T17:01:50.150-0400][gc,task     ] GC(720) Using 8 workers of 8 for evacuation
[2023-04-17T17:01:50.195-0400][gc,mmu      ] GC(720) MMU target violated: 21.0ms (20.0ms/21.0ms)
[2023-04-17T17:01:50.195-0400][gc,phases   ] GC(720)   Pre Evacuate Collection Set: 0.9ms
[2023-04-17T17:01:50.195-0400][gc,phases   ] GC(720)   Merge Heap Roots: 0.6ms
[2023-04-17T17:01:50.195-0400][gc,phases   ] GC(720)   Evacuate Collection Set: 42.9ms
[2023-04-17T17:01:50.195-0400][gc,phases   ] GC(720)   Post Evacuate Collection Set: 0.6ms
[2023-04-17T17:01:50.195-0400][gc,phases   ] GC(720)   Other: 0.4ms
[2023-04-17T17:01:50.195-0400][gc,heap     ] GC(720) Eden regions: 170->0(41)
[2023-04-17T17:01:50.195-0400][gc,heap     ] GC(720) Survivor regions: 7->10(23)
[2023-04-17T17:01:50.195-0400][gc,heap     ] GC(720) Old regions: 236->236
[2023-04-17T17:01:50.195-0400][gc,heap     ] GC(720) Archive regions: 2->2
[2023-04-17T17:01:50.195-0400][gc,heap     ] GC(720) Humongous regions: 129->129
[2023-04-17T17:01:50.195-0400][gc,metaspace] GC(720) Metaspace: 44166K(44928K)->44166K(44928K) NonClass: 39071K(39488K)->39071K(39488K) Class: 5095K(5440K)->5095K(5440K)
[2023-04-17T17:01:50.196-0400][gc          ] GC(720) Pause Young (Normal) (G1 Evacuation Pause) 542M->374M(1024M) 47.197ms
[2023-04-17T17:01:50.196-0400][gc,cpu      ] GC(720) User=0.06s Sys=0.13s Real=0.05s
[2023-04-17T17:02:19.778-0400][gc,start    ] GC(721) Pause Young (Normal) (G1 Evacuation Pause)
[2023-04-17T17:02:19.779-0400][gc,task     ] GC(721) Using 8 workers of 8 for evacuation
[2023-04-17T17:02:19.812-0400][gc,mmu      ] GC(721) MMU target violated: 21.0ms (20.0ms/21.0ms)
[2023-04-17T17:02:19.813-0400][gc,phases   ] GC(721)   Pre Evacuate Collection Set: 0.3ms
[2023-04-17T17:02:19.813-0400][gc,phases   ] GC(721)   Merge Heap Roots: 0.2ms
[2023-04-17T17:02:19.813-0400][gc,phases   ] GC(721)   Evacuate Collection Set: 31.6ms
[2023-04-17T17:02:19.813-0400][gc,phases   ] GC(721)   Post Evacuate Collection Set: 0.4ms
[2023-04-17T17:02:19.813-0400][gc,phases   ] GC(721)   Other: 0.8ms
[2023-04-17T17:02:19.813-0400][gc,heap     ] GC(721) Eden regions: 41->0(62)
[2023-04-17T17:02:19.813-0400][gc,heap     ] GC(721) Survivor regions: 10->5(7)
[2023-04-17T17:02:19.813-0400][gc,heap     ] GC(721) Old regions: 236->242
[2023-04-17T17:02:19.813-0400][gc,heap     ] GC(721) Archive regions: 2->2
[2023-04-17T17:02:19.813-0400][gc,heap     ] GC(721) Humongous regions: 129->129
[2023-04-17T17:02:19.813-0400][gc,metaspace] GC(721) Metaspace: 44166K(44928K)->44166K(44928K) NonClass: 39071K(39488K)->39071K(39488K) Class: 5095K(5440K)->5095K(5440K)
[2023-04-17T17:02:19.813-0400][gc          ] GC(721) Pause Young (Normal) (G1 Evacuation Pause) 415M->375M(1024M) 34.711ms
[2023-04-17T17:02:19.813-0400][gc,cpu      ] GC(721) User=0.06s Sys=0.06s Real=0.04s
[2023-04-17T17:03:04.906-0400][gc,start    ] GC(722) Pause Young (Normal) (G1 Evacuation Pause)
[2023-04-17T17:03:04.908-0400][gc,task     ] GC(722) Using 8 workers of 8 for evacuation
[2023-04-17T17:03:04.920-0400][gc,phases   ] GC(722)   Pre Evacuate Collection Set: 0.3ms
[2023-04-17T17:03:04.920-0400][gc,phases   ] GC(722)   Merge Heap Roots: 0.2ms
[2023-04-17T17:03:04.920-0400][gc,phases   ] GC(722)   Evacuate Collection Set: 8.8ms
[2023-04-17T17:03:04.920-0400][gc,phases   ] GC(722)   Post Evacuate Collection Set: 0.4ms
[2023-04-17T17:03:04.920-0400][gc,phases   ] GC(722)   Other: 2.2ms
[2023-04-17T17:03:04.920-0400][gc,heap     ] GC(722) Eden regions: 62->0(48)
[2023-04-17T17:03:04.920-0400][gc,heap     ] GC(722) Survivor regions: 5->6(9)
[2023-04-17T17:03:04.920-0400][gc,heap     ] GC(722) Old regions: 242->242
[2023-04-17T17:03:04.920-0400][gc,heap     ] GC(722) Archive regions: 2->2
[2023-04-17T17:03:04.920-0400][gc,heap     ] GC(722) Humongous regions: 129->129
[2023-04-17T17:03:04.920-0400][gc,metaspace] GC(722) Metaspace: 44166K(44928K)->44166K(44928K) NonClass: 39071K(39488K)->39071K(39488K) Class: 5095K(5440K)->5095K(5440K)
[2023-04-17T17:03:04.920-0400][gc          ] GC(722) Pause Young (Normal) (G1 Evacuation Pause) 437M->376M(1024M) 14.049ms
[2023-04-17T17:03:04.920-0400][gc,cpu      ] GC(722) User=0.04s Sys=0.01s Real=0.02s
[2023-04-17T17:03:39.937-0400][gc,start    ] GC(723) Pause Young (Normal) (G1 Evacuation Pause)
[2023-04-17T17:03:39.937-0400][gc,task     ] GC(723) Using 8 workers of 8 for evacuation
[2023-04-17T17:03:39.961-0400][gc,mmu      ] GC(723) MMU target violated: 21.0ms (20.0ms/21.0ms)
[2023-04-17T17:03:39.961-0400][gc,phases   ] GC(723)   Pre Evacuate Collection Set: 0.3ms
[2023-04-17T17:03:39.961-0400][gc,phases   ] GC(723)   Merge Heap Roots: 0.1ms
[2023-04-17T17:03:39.961-0400][gc,phases   ] GC(723)   Evacuate Collection Set: 22.2ms
[2023-04-17T17:03:39.961-0400][gc,phases   ] GC(723)   Post Evacuate Collection Set: 0.4ms
[2023-04-17T17:03:39.961-0400][gc,phases   ] GC(723)   Other: 0.8ms
[2023-04-17T17:03:39.961-0400][gc,heap     ] GC(723) Eden regions: 48->0(111)
[2023-04-17T17:03:39.961-0400][gc,heap     ] GC(723) Survivor regions: 6->4(7)
[2023-04-17T17:03:39.961-0400][gc,heap     ] GC(723) Old regions: 242->245
[2023-04-17T17:03:39.961-0400][gc,heap     ] GC(723) Archive regions: 2->2
[2023-04-17T17:03:39.961-0400][gc,heap     ] GC(723) Humongous regions: 129->129
[2023-04-17T17:03:39.961-0400][gc,metaspace] GC(723) Metaspace: 44166K(44928K)->44166K(44928K) NonClass: 39071K(39488K)->39071K(39488K) Class: 5095K(5440K)->5095K(5440K)
[2023-04-17T17:03:39.961-0400][gc          ] GC(723) Pause Young (Normal) (G1 Evacuation Pause) 424M->377M(1024M) 24.048ms
[2023-04-17T17:03:39.961-0400][gc,cpu      ] GC(723) User=0.04s Sys=0.04s Real=0.03s
[2023-04-17T17:04:53.514-0400][gc,start    ] GC(724) Pause Young (Normal) (G1 Evacuation Pause)
[2023-04-17T17:04:53.514-0400][gc,task     ] GC(724) Using 8 workers of 8 for evacuation
[2023-04-17T17:04:53.523-0400][gc,phases   ] GC(724)   Pre Evacuate Collection Set: 0.3ms
[2023-04-17T17:04:53.523-0400][gc,phases   ] GC(724)   Merge Heap Roots: 0.2ms
[2023-04-17T17:04:53.523-0400][gc,phases   ] GC(724)   Evacuate Collection Set: 8.0ms
[2023-04-17T17:04:53.523-0400][gc,phases   ] GC(724)   Post Evacuate Collection Set: 0.7ms
[2023-04-17T17:04:53.524-0400][gc,phases   ] GC(724)   Other: 0.2ms
[2023-04-17T17:04:53.524-0400][gc,heap     ] GC(724) Eden regions: 111->0(68)
[2023-04-17T17:04:53.524-0400][gc,heap     ] GC(724) Survivor regions: 4->6(15)
[2023-04-17T17:04:53.524-0400][gc,heap     ] GC(724) Old regions: 245->245
[2023-04-17T17:04:53.524-0400][gc,heap     ] GC(724) Archive regions: 2->2
[2023-04-17T17:04:53.524-0400][gc,heap     ] GC(724) Humongous regions: 129->129
[2023-04-17T17:04:53.524-0400][gc,metaspace] GC(724) Metaspace: 44166K(44928K)->44166K(44928K) NonClass: 39071K(39488K)->39071K(39488K) Class: 5095K(5440K)->5095K(5440K)
[2023-04-17T17:04:53.524-0400][gc          ] GC(724) Pause Young (Normal) (G1 Evacuation Pause) 488M->379M(1024M) 9.976ms
[2023-04-17T17:04:53.524-0400][gc,cpu      ] GC(724) User=0.05s Sys=0.01s Real=0.01s
[2023-04-17T17:05:38.512-0400][gc,start    ] GC(725) Pause Young (Normal) (G1 Evacuation Pause)
[2023-04-17T17:05:38.512-0400][gc,task     ] GC(725) Using 8 workers of 8 for evacuation
[2023-04-17T17:05:38.521-0400][gc,phases   ] GC(725)   Pre Evacuate Collection Set: 0.3ms
[2023-04-17T17:05:38.521-0400][gc,phases   ] GC(725)   Merge Heap Roots: 0.2ms
[2023-04-17T17:05:38.521-0400][gc,phases   ] GC(725)   Evacuate Collection Set: 7.2ms
[2023-04-17T17:05:38.521-0400][gc,phases   ] GC(725)   Post Evacuate Collection Set: 0.5ms
[2023-04-17T17:05:38.521-0400][gc,phases   ] GC(725)   Other: 0.3ms
[2023-04-17T17:05:38.521-0400][gc,heap     ] GC(725) Eden regions: 68->0(76)
[2023-04-17T17:05:38.521-0400][gc,heap     ] GC(725) Survivor regions: 6->7(10)
[2023-04-17T17:05:38.521-0400][gc,heap     ] GC(725) Old regions: 245->245
[2023-04-17T17:05:38.521-0400][gc,heap     ] GC(725) Archive regions: 2->2
[2023-04-17T17:05:38.521-0400][gc,heap     ] GC(725) Humongous regions: 129->129
[2023-04-17T17:05:38.521-0400][gc,metaspace] GC(725) Metaspace: 44166K(44928K)->44166K(44928K) NonClass: 39071K(39488K)->39071K(39488K) Class: 5095K(5440K)->5095K(5440K)
[2023-04-17T17:05:38.521-0400][gc          ] GC(725) Pause Young (Normal) (G1 Evacuation Pause) 447M->380M(1024M) 8.830ms
[2023-04-17T17:05:38.521-0400][gc,cpu      ] GC(725) User=0.06s Sys=0.00s Real=0.01s
[2023-04-17T17:06:29.209-0400][gc,start    ] GC(726) Pause Young (Normal) (G1 Evacuation Pause)
[2023-04-17T17:06:29.209-0400][gc,task     ] GC(726) Using 8 workers of 8 for evacuation
[2023-04-17T17:06:29.220-0400][gc,phases   ] GC(726)   Pre Evacuate Collection Set: 0.1ms
[2023-04-17T17:06:29.220-0400][gc,phases   ] GC(726)   Merge Heap Roots: 0.1ms
[2023-04-17T17:06:29.220-0400][gc,phases   ] GC(726)   Evacuate Collection Set: 10.6ms
[2023-04-17T17:06:29.220-0400][gc,phases   ] GC(726)   Post Evacuate Collection Set: 0.3ms
[2023-04-17T17:06:29.220-0400][gc,phases   ] GC(726)   Other: 0.1ms
[2023-04-17T17:06:29.220-0400][gc,heap     ] GC(726) Eden regions: 76->0(119)
[2023-04-17T17:06:29.220-0400][gc,heap     ] GC(726) Survivor regions: 7->7(11)
[2023-04-17T17:06:29.220-0400][gc,heap     ] GC(726) Old regions: 245->246
[2023-04-17T17:06:29.220-0400][gc,heap     ] GC(726) Archive regions: 2->2
[2023-04-17T17:06:29.220-0400][gc,heap     ] GC(726) Humongous regions: 129->129
[2023-04-17T17:06:29.220-0400][gc,metaspace] GC(726) Metaspace: 44166K(44928K)->44166K(44928K) NonClass: 39071K(39488K)->39071K(39488K) Class: 5095K(5440K)->5095K(5440K)
[2023-04-17T17:06:29.220-0400][gc          ] GC(726) Pause Young (Normal) (G1 Evacuation Pause) 456M->382M(1024M) 11.610ms
[2023-04-17T17:06:29.220-0400][gc,cpu      ] GC(726) User=0.04s Sys=0.01s Real=0.02s
[2023-04-17T17:07:48.230-0400][gc,start    ] GC(727) Pause Young (Normal) (G1 Evacuation Pause)
[2023-04-17T17:07:48.231-0400][gc,task     ] GC(727) Using 8 workers of 8 for evacuation
[2023-04-17T17:07:48.240-0400][gc,phases   ] GC(727)   Pre Evacuate Collection Set: 0.2ms
[2023-04-17T17:07:48.240-0400][gc,phases   ] GC(727)   Merge Heap Roots: 0.2ms
[2023-04-17T17:07:48.240-0400][gc,phases   ] GC(727)   Evacuate Collection Set: 8.4ms
[2023-04-17T17:07:48.240-0400][gc,phases   ] GC(727)   Post Evacuate Collection Set: 0.4ms
[2023-04-17T17:07:48.240-0400][gc,phases   ] GC(727)   Other: 0.2ms
[2023-04-17T17:07:48.240-0400][gc,heap     ] GC(727) Eden regions: 119->0(50)
[2023-04-17T17:07:48.240-0400][gc,heap     ] GC(727) Survivor regions: 7->10(16)
[2023-04-17T17:07:48.240-0400][gc,heap     ] GC(727) Old regions: 246->246
[2023-04-17T17:07:48.240-0400][gc,heap     ] GC(727) Archive regions: 2->2
[2023-04-17T17:07:48.240-0400][gc,heap     ] GC(727) Humongous regions: 129->129
[2023-04-17T17:07:48.240-0400][gc,metaspace] GC(727) Metaspace: 44167K(44928K)->44167K(44928K) NonClass: 39072K(39488K)->39072K(39488K) Class: 5095K(5440K)->5095K(5440K)
[2023-04-17T17:07:48.240-0400][gc          ] GC(727) Pause Young (Normal) (G1 Evacuation Pause) 501M->384M(1024M) 10.255ms
[2023-04-17T17:07:48.240-0400][gc,cpu      ] GC(727) User=0.06s Sys=0.01s Real=0.01s
[2023-04-17T17:08:20.061-0400][gc,start    ] GC(728) Pause Young (Normal) (G1 Evacuation Pause)
[2023-04-17T17:08:20.061-0400][gc,task     ] GC(728) Using 8 workers of 8 for evacuation
[2023-04-17T17:08:20.098-0400][gc,mmu      ] GC(728) MMU target violated: 21.0ms (20.0ms/21.0ms)
[2023-04-17T17:08:20.098-0400][gc,phases   ] GC(728)   Pre Evacuate Collection Set: 0.3ms
[2023-04-17T17:08:20.098-0400][gc,phases   ] GC(728)   Merge Heap Roots: 0.2ms
[2023-04-17T17:08:20.098-0400][gc,phases   ] GC(728)   Evacuate Collection Set: 36.6ms
[2023-04-17T17:08:20.098-0400][gc,phases   ] GC(728)   Post Evacuate Collection Set: 0.3ms
[2023-04-17T17:08:20.098-0400][gc,phases   ] GC(728)   Other: 0.2ms
[2023-04-17T17:08:20.098-0400][gc,heap     ] GC(728) Eden regions: 50->0(47)
[2023-04-17T17:08:20.098-0400][gc,heap     ] GC(728) Survivor regions: 10->7(8)
[2023-04-17T17:08:20.098-0400][gc,heap     ] GC(728) Old regions: 246->251
[2023-04-17T17:08:20.098-0400][gc,heap     ] GC(728) Archive regions: 2->2
[2023-04-17T17:08:20.098-0400][gc,heap     ] GC(728) Humongous regions: 129->129
[2023-04-17T17:08:20.099-0400][gc,metaspace] GC(728) Metaspace: 44167K(44928K)->44167K(44928K) NonClass: 39072K(39488K)->39072K(39488K) Class: 5095K(5440K)->5095K(5440K)
[2023-04-17T17:08:20.099-0400][gc          ] GC(728) Pause Young (Normal) (G1 Evacuation Pause) 434M->386M(1024M) 37.834ms
[2023-04-17T17:08:20.099-0400][gc,cpu      ] GC(728) User=0.07s Sys=0.05s Real=0.03s
[2023-04-17T17:08:50.593-0400][gc,start    ] GC(729) Pause Young (Normal) (G1 Evacuation Pause)
[2023-04-17T17:08:50.595-0400][gc,task     ] GC(729) Using 8 workers of 8 for evacuation
[2023-04-17T17:08:50.605-0400][gc,phases   ] GC(729)   Pre Evacuate Collection Set: 0.3ms
[2023-04-17T17:08:50.605-0400][gc,phases   ] GC(729)   Merge Heap Roots: 0.2ms
[2023-04-17T17:08:50.605-0400][gc,phases   ] GC(729)   Evacuate Collection Set: 9.2ms
[2023-04-17T17:08:50.605-0400][gc,phases   ] GC(729)   Post Evacuate Collection Set: 0.5ms
[2023-04-17T17:08:50.605-0400][gc,phases   ] GC(729)   Other: 0.2ms
[2023-04-17T17:08:50.605-0400][gc,heap     ] GC(729) Eden regions: 47->0(120)
[2023-04-17T17:08:50.605-0400][gc,heap     ] GC(729) Survivor regions: 7->4(7)
[2023-04-17T17:08:50.605-0400][gc,heap     ] GC(729) Old regions: 251->255
[2023-04-17T17:08:50.605-0400][gc,heap     ] GC(729) Archive regions: 2->2
[2023-04-17T17:08:50.605-0400][gc,heap     ] GC(729) Humongous regions: 129->129
[2023-04-17T17:08:50.605-0400][gc,metaspace] GC(729) Metaspace: 44167K(44928K)->44167K(44928K) NonClass: 39072K(39488K)->39072K(39488K) Class: 5095K(5440K)->5095K(5440K)
[2023-04-17T17:08:50.605-0400][gc          ] GC(729) Pause Young (Normal) (G1 Evacuation Pause) 433M->388M(1024M) 11.997ms
[2023-04-17T17:08:50.605-0400][gc,cpu      ] GC(729) User=0.05s Sys=0.01s Real=0.01s
[2023-04-17T17:10:10.525-0400][gc,start    ] GC(730) Pause Young (Normal) (G1 Evacuation Pause)
[2023-04-17T17:10:10.527-0400][gc,task     ] GC(730) Using 8 workers of 8 for evacuation
[2023-04-17T17:10:10.536-0400][gc,phases   ] GC(730)   Pre Evacuate Collection Set: 0.3ms
[2023-04-17T17:10:10.536-0400][gc,phases   ] GC(730)   Merge Heap Roots: 0.3ms
[2023-04-17T17:10:10.536-0400][gc,phases   ] GC(730)   Evacuate Collection Set: 7.6ms
[2023-04-17T17:10:10.536-0400][gc,phases   ] GC(730)   Post Evacuate Collection Set: 0.5ms
[2023-04-17T17:10:10.536-0400][gc,phases   ] GC(730)   Other: 0.2ms
[2023-04-17T17:10:10.536-0400][gc,heap     ] GC(730) Eden regions: 120->0(121)
[2023-04-17T17:10:10.536-0400][gc,heap     ] GC(730) Survivor regions: 4->6(16)
[2023-04-17T17:10:10.536-0400][gc,heap     ] GC(730) Old regions: 255->255
[2023-04-17T17:10:10.536-0400][gc,heap     ] GC(730) Archive regions: 2->2
[2023-04-17T17:10:10.536-0400][gc,heap     ] GC(730) Humongous regions: 129->129
[2023-04-17T17:10:10.536-0400][gc,metaspace] GC(730) Metaspace: 44167K(44928K)->44167K(44928K) NonClass: 39072K(39488K)->39072K(39488K) Class: 5095K(5440K)->5095K(5440K)
[2023-04-17T17:10:10.536-0400][gc          ] GC(730) Pause Young (Normal) (G1 Evacuation Pause) 508M->389M(1024M) 11.092ms
[2023-04-17T17:10:10.536-0400][gc,cpu      ] GC(730) User=0.06s Sys=0.01s Real=0.01s
[2023-04-17T17:11:38.200-0400][gc,start    ] GC(731) Pause Young (Normal) (G1 Evacuation Pause)
[2023-04-17T17:11:38.201-0400][gc,task     ] GC(731) Using 8 workers of 8 for evacuation
[2023-04-17T17:11:38.215-0400][gc,phases   ] GC(731)   Pre Evacuate Collection Set: 0.2ms
[2023-04-17T17:11:38.215-0400][gc,phases   ] GC(731)   Merge Heap Roots: 0.1ms
[2023-04-17T17:11:38.215-0400][gc,phases   ] GC(731)   Evacuate Collection Set: 13.5ms
[2023-04-17T17:11:38.215-0400][gc,phases   ] GC(731)   Post Evacuate Collection Set: 0.3ms
[2023-04-17T17:11:38.215-0400][gc,phases   ] GC(731)   Other: 0.1ms
[2023-04-17T17:11:38.215-0400][gc,heap     ] GC(731) Eden regions: 121->0(85)
[2023-04-17T17:11:38.215-0400][gc,heap     ] GC(731) Survivor regions: 6->8(16)
[2023-04-17T17:11:38.215-0400][gc,heap     ] GC(731) Old regions: 255->255
[2023-04-17T17:11:38.215-0400][gc,heap     ] GC(731) Archive regions: 2->2
[2023-04-17T17:11:38.215-0400][gc,heap     ] GC(731) Humongous regions: 129->129
[2023-04-17T17:11:38.215-0400][gc,metaspace] GC(731) Metaspace: 44167K(44928K)->44167K(44928K) NonClass: 39072K(39488K)->39072K(39488K) Class: 5095K(5440K)->5095K(5440K)
[2023-04-17T17:11:38.215-0400][gc          ] GC(731) Pause Young (Normal) (G1 Evacuation Pause) 510M->391M(1024M) 15.101ms
[2023-04-17T17:11:38.215-0400][gc,cpu      ] GC(731) User=0.03s Sys=0.04s Real=0.01s
[2023-04-17T20:12:19.807-0400][gc,start    ] GC(732) Pause Young (Normal) (G1 Evacuation Pause)
[2023-04-17T20:12:19.827-0400][gc,task     ] GC(732) Using 8 workers of 8 for evacuation
[2023-04-17T20:12:19.876-0400][gc,phases   ] GC(732)   Pre Evacuate Collection Set: 0.4ms
[2023-04-17T20:12:19.876-0400][gc,phases   ] GC(732)   Merge Heap Roots: 0.3ms
[2023-04-17T20:12:19.876-0400][gc,phases   ] GC(732)   Evacuate Collection Set: 16.7ms
[2023-04-17T20:12:19.876-0400][gc,phases   ] GC(732)   Post Evacuate Collection Set: 0.6ms
[2023-04-17T20:12:19.876-0400][gc,phases   ] GC(732)   Other: 30.9ms
[2023-04-17T20:12:19.876-0400][gc,heap     ] GC(732) Eden regions: 85->0(41)
[2023-04-17T20:12:19.876-0400][gc,heap     ] GC(732) Survivor regions: 8->10(12)
[2023-04-17T20:12:19.876-0400][gc,heap     ] GC(732) Old regions: 255->257
[2023-04-17T20:12:19.876-0400][gc,heap     ] GC(732) Archive regions: 2->2
[2023-04-17T20:12:19.876-0400][gc,heap     ] GC(732) Humongous regions: 129->129
[2023-04-17T20:12:19.876-0400][gc,metaspace] GC(732) Metaspace: 44167K(44928K)->44167K(44928K) NonClass: 39072K(39488K)->39072K(39488K) Class: 5095K(5440K)->5095K(5440K)
[2023-04-17T20:12:19.876-0400][gc          ] GC(732) Pause Young (Normal) (G1 Evacuation Pause) 476M->395M(1024M) 69.339ms
[2023-04-17T20:12:19.876-0400][gc,cpu      ] GC(732) User=0.07s Sys=0.03s Real=0.07s
[2023-04-17T20:12:47.035-0400][gc,start    ] GC(733) Pause Young (Normal) (G1 Evacuation Pause)
[2023-04-17T20:12:47.036-0400][gc,task     ] GC(733) Using 8 workers of 8 for evacuation
[2023-04-17T20:12:47.052-0400][gc,phases   ] GC(733)   Pre Evacuate Collection Set: 0.2ms
[2023-04-17T20:12:47.052-0400][gc,phases   ] GC(733)   Merge Heap Roots: 0.2ms
[2023-04-17T20:12:47.052-0400][gc,phases   ] GC(733)   Evacuate Collection Set: 14.5ms
[2023-04-17T20:12:47.052-0400][gc,phases   ] GC(733)   Post Evacuate Collection Set: 0.5ms
[2023-04-17T20:12:47.052-0400][gc,phases   ] GC(733)   Other: 1.0ms
[2023-04-17T20:12:47.052-0400][gc,heap     ] GC(733) Eden regions: 41->0(126)
[2023-04-17T20:12:47.053-0400][gc,heap     ] GC(733) Survivor regions: 10->4(7)
[2023-04-17T20:12:47.053-0400][gc,heap     ] GC(733) Old regions: 257->265
[2023-04-17T20:12:47.053-0400][gc,heap     ] GC(733) Archive regions: 2->2
[2023-04-17T20:12:47.053-0400][gc,heap     ] GC(733) Humongous regions: 129->129
[2023-04-17T20:12:47.053-0400][gc,metaspace] GC(733) Metaspace: 44167K(44928K)->44167K(44928K) NonClass: 39072K(39488K)->39072K(39488K) Class: 5095K(5440K)->5095K(5440K)
[2023-04-17T20:12:47.053-0400][gc          ] GC(733) Pause Young (Normal) (G1 Evacuation Pause) 436M->398M(1024M) 17.250ms
[2023-04-17T20:12:47.053-0400][gc,cpu      ] GC(733) User=0.08s Sys=0.02s Real=0.02s
[2023-04-17T20:52:04.543-0400][gc,start    ] GC(734) Pause Young (Normal) (G1 Evacuation Pause)
[2023-04-17T20:52:04.545-0400][gc,task     ] GC(734) Using 8 workers of 8 for evacuation
[2023-04-17T20:52:04.575-0400][gc,mmu      ] GC(734) MMU target violated: 21.0ms (20.0ms/21.0ms)
[2023-04-17T20:52:04.575-0400][gc,phases   ] GC(734)   Pre Evacuate Collection Set: 2.2ms
[2023-04-17T20:52:04.575-0400][gc,phases   ] GC(734)   Merge Heap Roots: 0.7ms
[2023-04-17T20:52:04.575-0400][gc,phases   ] GC(734)   Evacuate Collection Set: 25.5ms
[2023-04-17T20:52:04.575-0400][gc,phases   ] GC(734)   Post Evacuate Collection Set: 0.9ms
[2023-04-17T20:52:04.575-0400][gc,phases   ] GC(734)   Other: 0.7ms
[2023-04-17T20:52:04.575-0400][gc,heap     ] GC(734) Eden regions: 126->0(42)
[2023-04-17T20:52:04.575-0400][gc,heap     ] GC(734) Survivor regions: 4->9(17)
[2023-04-17T20:52:04.575-0400][gc,heap     ] GC(734) Old regions: 265->265
[2023-04-17T20:52:04.575-0400][gc,heap     ] GC(734) Archive regions: 2->2
[2023-04-17T20:52:04.575-0400][gc,heap     ] GC(734) Humongous regions: 129->129
[2023-04-17T20:52:04.575-0400][gc,metaspace] GC(734) Metaspace: 44204K(44928K)->44204K(44928K) NonClass: 39109K(39488K)->39109K(39488K) Class: 5095K(5440K)->5095K(5440K)
[2023-04-17T20:52:04.575-0400][gc          ] GC(734) Pause Young (Normal) (G1 Evacuation Pause) 524M->403M(1024M) 32.227ms
[2023-04-17T20:52:04.575-0400][gc,cpu      ] GC(734) User=0.06s Sys=0.10s Real=0.03s
[2023-04-17T20:52:32.231-0400][gc,start    ] GC(735) Pause Young (Normal) (G1 Evacuation Pause)
[2023-04-17T20:52:32.231-0400][gc,task     ] GC(735) Using 8 workers of 8 for evacuation
[2023-04-17T20:52:32.244-0400][gc,phases   ] GC(735)   Pre Evacuate Collection Set: 0.5ms
[2023-04-17T20:52:32.244-0400][gc,phases   ] GC(735)   Merge Heap Roots: 0.2ms
[2023-04-17T20:52:32.244-0400][gc,phases   ] GC(735)   Evacuate Collection Set: 11.1ms
[2023-04-17T20:52:32.244-0400][gc,phases   ] GC(735)   Post Evacuate Collection Set: 0.5ms
[2023-04-17T20:52:32.244-0400][gc,phases   ] GC(735)   Other: 0.2ms
[2023-04-17T20:52:32.244-0400][gc,heap     ] GC(735) Eden regions: 42->0(143)
[2023-04-17T20:52:32.244-0400][gc,heap     ] GC(735) Survivor regions: 9->2(7)
[2023-04-17T20:52:32.244-0400][gc,heap     ] GC(735) Old regions: 265->273
[2023-04-17T20:52:32.244-0400][gc,heap     ] GC(735) Archive regions: 2->2
[2023-04-17T20:52:32.244-0400][gc,heap     ] GC(735) Humongous regions: 129->129
[2023-04-17T20:52:32.244-0400][gc,metaspace] GC(735) Metaspace: 44204K(44928K)->44204K(44928K) NonClass: 39109K(39488K)->39109K(39488K) Class: 5095K(5440K)->5095K(5440K)
[2023-04-17T20:52:32.244-0400][gc          ] GC(735) Pause Young (Normal) (G1 Evacuation Pause) 445M->404M(1024M) 12.840ms
[2023-04-17T20:52:32.244-0400][gc,cpu      ] GC(735) User=0.07s Sys=0.02s Real=0.01s
[2023-04-17T20:54:06.496-0400][gc,start    ] GC(736) Pause Young (Normal) (G1 Evacuation Pause)
[2023-04-17T20:54:06.496-0400][gc,task     ] GC(736) Using 8 workers of 8 for evacuation
[2023-04-17T20:54:06.517-0400][gc,mmu      ] GC(736) MMU target violated: 20.5ms (20.0ms/21.0ms)
[2023-04-17T20:54:06.517-0400][gc,phases   ] GC(736)   Pre Evacuate Collection Set: 1.8ms
[2023-04-17T20:54:06.517-0400][gc,phases   ] GC(736)   Merge Heap Roots: 0.2ms
[2023-04-17T20:54:06.517-0400][gc,phases   ] GC(736)   Evacuate Collection Set: 18.0ms
[2023-04-17T20:54:06.517-0400][gc,phases   ] GC(736)   Post Evacuate Collection Set: 0.4ms
[2023-04-17T20:54:06.517-0400][gc,phases   ] GC(736)   Other: 0.2ms
[2023-04-17T20:54:06.517-0400][gc,heap     ] GC(736) Eden regions: 143->0(47)
[2023-04-17T20:54:06.517-0400][gc,heap     ] GC(736) Survivor regions: 2->5(19)
[2023-04-17T20:54:06.517-0400][gc,heap     ] GC(736) Old regions: 273->273
[2023-04-17T20:54:06.517-0400][gc,heap     ] GC(736) Archive regions: 2->2
[2023-04-17T20:54:06.517-0400][gc,heap     ] GC(736) Humongous regions: 129->129
[2023-04-17T20:54:06.517-0400][gc,metaspace] GC(736) Metaspace: 44204K(44928K)->44204K(44928K) NonClass: 39109K(39488K)->39109K(39488K) Class: 5095K(5440K)->5095K(5440K)
[2023-04-17T20:54:06.517-0400][gc          ] GC(736) Pause Young (Normal) (G1 Evacuation Pause) 547M->407M(1024M) 20.963ms
[2023-04-17T20:54:06.517-0400][gc,cpu      ] GC(736) User=0.04s Sys=0.05s Real=0.02s
[2023-04-17T20:54:37.828-0400][gc,start    ] GC(737) Pause Young (Normal) (G1 Evacuation Pause)
[2023-04-17T20:54:37.830-0400][gc,task     ] GC(737) Using 8 workers of 8 for evacuation
[2023-04-17T20:54:37.839-0400][gc,phases   ] GC(737)   Pre Evacuate Collection Set: 0.3ms
[2023-04-17T20:54:37.839-0400][gc,phases   ] GC(737)   Merge Heap Roots: 0.2ms
[2023-04-17T20:54:37.839-0400][gc,phases   ] GC(737)   Evacuate Collection Set: 6.8ms
[2023-04-17T20:54:37.839-0400][gc,phases   ] GC(737)   Post Evacuate Collection Set: 0.6ms
[2023-04-17T20:54:37.839-0400][gc,phases   ] GC(737)   Other: 1.0ms
[2023-04-17T20:54:37.839-0400][gc,heap     ] GC(737) Eden regions: 47->0(98)
[2023-04-17T20:54:37.839-0400][gc,heap     ] GC(737) Survivor regions: 5->4(7)
[2023-04-17T20:54:37.839-0400][gc,heap     ] GC(737) Old regions: 273->275
[2023-04-17T20:54:37.839-0400][gc,heap     ] GC(737) Archive regions: 2->2
[2023-04-17T20:54:37.839-0400][gc,heap     ] GC(737) Humongous regions: 129->129
[2023-04-17T20:54:37.839-0400][gc,metaspace] GC(737) Metaspace: 44204K(44928K)->44204K(44928K) NonClass: 39109K(39488K)->39109K(39488K) Class: 5095K(5440K)->5095K(5440K)
[2023-04-17T20:54:37.839-0400][gc          ] GC(737) Pause Young (Normal) (G1 Evacuation Pause) 454M->408M(1024M) 10.845ms
[2023-04-17T20:54:37.839-0400][gc,cpu      ] GC(737) User=0.05s Sys=0.00s Real=0.01s
[2023-04-17T20:55:43.277-0400][gc,start    ] GC(738) Pause Young (Normal) (G1 Evacuation Pause)
[2023-04-17T20:55:43.277-0400][gc,task     ] GC(738) Using 8 workers of 8 for evacuation
[2023-04-17T20:55:43.285-0400][gc,phases   ] GC(738)   Pre Evacuate Collection Set: 0.3ms
[2023-04-17T20:55:43.285-0400][gc,phases   ] GC(738)   Merge Heap Roots: 0.3ms
[2023-04-17T20:55:43.285-0400][gc,phases   ] GC(738)   Evacuate Collection Set: 6.8ms
[2023-04-17T20:55:43.285-0400][gc,phases   ] GC(738)   Post Evacuate Collection Set: 0.5ms
[2023-04-17T20:55:43.285-0400][gc,phases   ] GC(738)   Other: 0.2ms
[2023-04-17T20:55:43.285-0400][gc,heap     ] GC(738) Eden regions: 98->0(114)
[2023-04-17T20:55:43.285-0400][gc,heap     ] GC(738) Survivor regions: 4->5(13)
[2023-04-17T20:55:43.285-0400][gc,heap     ] GC(738) Old regions: 275->275
[2023-04-17T20:55:43.285-0400][gc,heap     ] GC(738) Archive regions: 2->2
[2023-04-17T20:55:43.285-0400][gc,heap     ] GC(738) Humongous regions: 129->129
[2023-04-17T20:55:43.285-0400][gc,metaspace] GC(738) Metaspace: 44204K(44928K)->44204K(44928K) NonClass: 39109K(39488K)->39109K(39488K) Class: 5095K(5440K)->5095K(5440K)
[2023-04-17T20:55:43.285-0400][gc          ] GC(738) Pause Young (Normal) (G1 Evacuation Pause) 506M->408M(1024M) 8.561ms
[2023-04-17T20:55:43.285-0400][gc,cpu      ] GC(738) User=0.04s Sys=0.00s Real=0.01s
[2023-04-17T20:56:59.654-0400][gc,start    ] GC(739) Pause Young (Normal) (G1 Evacuation Pause)
[2023-04-17T20:56:59.655-0400][gc,task     ] GC(739) Using 8 workers of 8 for evacuation
[2023-04-17T20:56:59.660-0400][gc,phases   ] GC(739)   Pre Evacuate Collection Set: 0.2ms
[2023-04-17T20:56:59.660-0400][gc,phases   ] GC(739)   Merge Heap Roots: 0.1ms
[2023-04-17T20:56:59.660-0400][gc,phases   ] GC(739)   Evacuate Collection Set: 4.9ms
[2023-04-17T20:56:59.660-0400][gc,phases   ] GC(739)   Post Evacuate Collection Set: 0.4ms
[2023-04-17T20:56:59.660-0400][gc,phases   ] GC(739)   Other: 0.1ms
[2023-04-17T20:56:59.660-0400][gc,heap     ] GC(739) Eden regions: 114->0(154)
[2023-04-17T20:56:59.660-0400][gc,heap     ] GC(739) Survivor regions: 5->6(15)
[2023-04-17T20:56:59.660-0400][gc,heap     ] GC(739) Old regions: 275->275
[2023-04-17T20:56:59.660-0400][gc,heap     ] GC(739) Archive regions: 2->2
[2023-04-17T20:56:59.660-0400][gc,heap     ] GC(739) Humongous regions: 129->129
[2023-04-17T20:56:59.661-0400][gc,metaspace] GC(739) Metaspace: 44204K(44928K)->44204K(44928K) NonClass: 39109K(39488K)->39109K(39488K) Class: 5095K(5440K)->5095K(5440K)
[2023-04-17T20:56:59.661-0400][gc          ] GC(739) Pause Young (Normal) (G1 Evacuation Pause) 522M->409M(1024M) 6.135ms
[2023-04-17T20:56:59.661-0400][gc,cpu      ] GC(739) User=0.04s Sys=0.00s Real=0.01s
[2023-04-17T20:58:42.980-0400][gc,start    ] GC(740) Pause Young (Normal) (G1 Evacuation Pause)
[2023-04-17T20:58:42.980-0400][gc,task     ] GC(740) Using 8 workers of 8 for evacuation
[2023-04-17T20:58:43.003-0400][gc,mmu      ] GC(740) MMU target violated: 21.0ms (20.0ms/21.0ms)
[2023-04-17T20:58:43.003-0400][gc,phases   ] GC(740)   Pre Evacuate Collection Set: 0.2ms
[2023-04-17T20:58:43.003-0400][gc,phases   ] GC(740)   Merge Heap Roots: 0.1ms
[2023-04-17T20:58:43.003-0400][gc,phases   ] GC(740)   Evacuate Collection Set: 21.3ms
[2023-04-17T20:58:43.003-0400][gc,phases   ] GC(740)   Post Evacuate Collection Set: 0.4ms
[2023-04-17T20:58:43.003-0400][gc,phases   ] GC(740)   Other: 0.2ms
[2023-04-17T20:58:43.003-0400][gc,heap     ] GC(740) Eden regions: 154->0(43)
[2023-04-17T20:58:43.003-0400][gc,heap     ] GC(740) Survivor regions: 6->8(20)
[2023-04-17T20:58:43.003-0400][gc,heap     ] GC(740) Old regions: 275->275
[2023-04-17T20:58:43.003-0400][gc,heap     ] GC(740) Archive regions: 2->2
[2023-04-17T20:58:43.003-0400][gc,heap     ] GC(740) Humongous regions: 129->129
[2023-04-17T20:58:43.003-0400][gc,metaspace] GC(740) Metaspace: 44204K(44928K)->44204K(44928K) NonClass: 39109K(39488K)->39109K(39488K) Class: 5095K(5440K)->5095K(5440K)
[2023-04-17T20:58:43.003-0400][gc          ] GC(740) Pause Young (Normal) (G1 Evacuation Pause) 563M->411M(1024M) 22.562ms
[2023-04-17T20:58:43.003-0400][gc,cpu      ] GC(740) User=0.04s Sys=0.05s Real=0.02s
[2023-04-17T20:59:11.024-0400][gc,start    ] GC(741) Pause Young (Normal) (G1 Evacuation Pause)
[2023-04-17T20:59:11.024-0400][gc,task     ] GC(741) Using 8 workers of 8 for evacuation
[2023-04-17T20:59:11.073-0400][gc,mmu      ] GC(741) MMU target violated: 21.0ms (20.0ms/21.0ms)
[2023-04-17T20:59:11.073-0400][gc,phases   ] GC(741)   Pre Evacuate Collection Set: 0.3ms
[2023-04-17T20:59:11.073-0400][gc,phases   ] GC(741)   Merge Heap Roots: 0.1ms
[2023-04-17T20:59:11.073-0400][gc,phases   ] GC(741)   Evacuate Collection Set: 47.0ms
[2023-04-17T20:59:11.073-0400][gc,phases   ] GC(741)   Post Evacuate Collection Set: 0.5ms
[2023-04-17T20:59:11.073-0400][gc,phases   ] GC(741)   Other: 0.3ms
[2023-04-17T20:59:11.073-0400][gc,heap     ] GC(741) Eden regions: 43->0(46)
[2023-04-17T20:59:11.073-0400][gc,heap     ] GC(741) Survivor regions: 8->5(7)
[2023-04-17T20:59:11.073-0400][gc,heap     ] GC(741) Old regions: 275->278
[2023-04-17T20:59:11.073-0400][gc,heap     ] GC(741) Archive regions: 2->2
[2023-04-17T20:59:11.073-0400][gc,heap     ] GC(741) Humongous regions: 129->129
[2023-04-17T20:59:11.073-0400][gc,metaspace] GC(741) Metaspace: 44204K(44928K)->44204K(44928K) NonClass: 39109K(39488K)->39109K(39488K) Class: 5095K(5440K)->5095K(5440K)
[2023-04-17T20:59:11.073-0400][gc          ] GC(741) Pause Young (Normal) (G1 Evacuation Pause) 454M->412M(1024M) 48.541ms
[2023-04-17T20:59:11.073-0400][gc,cpu      ] GC(741) User=0.04s Sys=0.06s Real=0.05s
[2023-04-17T20:59:41.520-0400][gc,start    ] GC(742) Pause Young (Normal) (G1 Evacuation Pause)
[2023-04-17T20:59:41.520-0400][gc,task     ] GC(742) Using 8 workers of 8 for evacuation
[2023-04-17T20:59:41.531-0400][gc,phases   ] GC(742)   Pre Evacuate Collection Set: 0.1ms
[2023-04-17T20:59:41.531-0400][gc,phases   ] GC(742)   Merge Heap Roots: 0.1ms
[2023-04-17T20:59:41.531-0400][gc,phases   ] GC(742)   Evacuate Collection Set: 9.6ms
[2023-04-17T20:59:41.531-0400][gc,phases   ] GC(742)   Post Evacuate Collection Set: 0.3ms
[2023-04-17T20:59:41.531-0400][gc,phases   ] GC(742)   Other: 0.7ms
[2023-04-17T20:59:41.531-0400][gc,heap     ] GC(742) Eden regions: 46->0(87)
[2023-04-17T20:59:41.531-0400][gc,heap     ] GC(742) Survivor regions: 5->4(7)
[2023-04-17T20:59:41.531-0400][gc,heap     ] GC(742) Old regions: 278->280
[2023-04-17T20:59:41.531-0400][gc,heap     ] GC(742) Archive regions: 2->2
[2023-04-17T20:59:41.531-0400][gc,heap     ] GC(742) Humongous regions: 129->129
[2023-04-17T20:59:41.531-0400][gc,metaspace] GC(742) Metaspace: 44204K(44928K)->44204K(44928K) NonClass: 39109K(39488K)->39109K(39488K) Class: 5095K(5440K)->5095K(5440K)
[2023-04-17T20:59:41.531-0400][gc          ] GC(742) Pause Young (Normal) (G1 Evacuation Pause) 458M->413M(1024M) 11.073ms
[2023-04-17T20:59:41.531-0400][gc,cpu      ] GC(742) User=0.02s Sys=0.01s Real=0.01s
[2023-04-17T21:00:39.053-0400][gc,start    ] GC(743) Pause Young (Normal) (G1 Evacuation Pause)
[2023-04-17T21:00:39.055-0400][gc,task     ] GC(743) Using 8 workers of 8 for evacuation
[2023-04-17T21:00:39.061-0400][gc,phases   ] GC(743)   Pre Evacuate Collection Set: 0.2ms
[2023-04-17T21:00:39.061-0400][gc,phases   ] GC(743)   Merge Heap Roots: 0.2ms
[2023-04-17T21:00:39.061-0400][gc,phases   ] GC(743)   Evacuate Collection Set: 5.3ms
[2023-04-17T21:00:39.061-0400][gc,phases   ] GC(743)   Post Evacuate Collection Set: 0.4ms
[2023-04-17T21:00:39.061-0400][gc,phases   ] GC(743)   Other: 0.1ms
[2023-04-17T21:00:39.061-0400][gc,heap     ] GC(743) Eden regions: 87->0(51)
[2023-04-17T21:00:39.061-0400][gc,heap     ] GC(743) Survivor regions: 4->6(12)
[2023-04-17T21:00:39.061-0400][gc,heap     ] GC(743) Old regions: 280->280
[2023-04-17T21:00:39.061-0400][gc,heap     ] GC(743) Archive regions: 2->2
[2023-04-17T21:00:39.061-0400][gc,heap     ] GC(743) Humongous regions: 129->129
[2023-04-17T21:00:39.061-0400][gc,metaspace] GC(743) Metaspace: 44204K(44928K)->44204K(44928K) NonClass: 39109K(39488K)->39109K(39488K) Class: 5095K(5440K)->5095K(5440K)
[2023-04-17T21:00:39.061-0400][gc          ] GC(743) Pause Young (Normal) (G1 Evacuation Pause) 500M->414M(1024M) 7.641ms
[2023-04-17T21:00:39.061-0400][gc,cpu      ] GC(743) User=0.03s Sys=0.00s Real=0.01s
[2023-04-17T21:01:12.975-0400][gc,start    ] GC(744) Pause Young (Normal) (G1 Evacuation Pause)
[2023-04-17T21:01:12.976-0400][gc,task     ] GC(744) Using 8 workers of 8 for evacuation
[2023-04-17T21:01:12.999-0400][gc,mmu      ] GC(744) MMU target violated: 21.0ms (20.0ms/21.0ms)
[2023-04-17T21:01:12.999-0400][gc,phases   ] GC(744)   Pre Evacuate Collection Set: 0.3ms
[2023-04-17T21:01:12.999-0400][gc,phases   ] GC(744)   Merge Heap Roots: 0.2ms
[2023-04-17T21:01:12.999-0400][gc,phases   ] GC(744)   Evacuate Collection Set: 21.8ms
[2023-04-17T21:01:12.999-0400][gc,phases   ] GC(744)   Post Evacuate Collection Set: 0.3ms
[2023-04-17T21:01:12.999-0400][gc,phases   ] GC(744)   Other: 0.3ms
[2023-04-17T21:01:12.999-0400][gc,heap     ] GC(744) Eden regions: 51->0(69)
[2023-04-17T21:01:12.999-0400][gc,heap     ] GC(744) Survivor regions: 6->5(8)
[2023-04-17T21:01:12.999-0400][gc,heap     ] GC(744) Old regions: 280->282
[2023-04-17T21:01:12.999-0400][gc,heap     ] GC(744) Archive regions: 2->2
[2023-04-17T21:01:12.999-0400][gc,heap     ] GC(744) Humongous regions: 129->129
[2023-04-17T21:01:12.999-0400][gc,metaspace] GC(744) Metaspace: 44204K(44928K)->44204K(44928K) NonClass: 39109K(39488K)->39109K(39488K) Class: 5095K(5440K)->5095K(5440K)
[2023-04-17T21:01:12.999-0400][gc          ] GC(744) Pause Young (Normal) (G1 Evacuation Pause) 465M->415M(1024M) 24.416ms
[2023-04-17T21:01:12.999-0400][gc,cpu      ] GC(744) User=0.04s Sys=0.05s Real=0.02s
[2023-04-17T21:01:59.186-0400][gc,start    ] GC(745) Pause Young (Normal) (G1 Evacuation Pause)
[2023-04-17T21:01:59.186-0400][gc,task     ] GC(745) Using 8 workers of 8 for evacuation
[2023-04-17T21:01:59.194-0400][gc,phases   ] GC(745)   Pre Evacuate Collection Set: 0.3ms
[2023-04-17T21:01:59.194-0400][gc,phases   ] GC(745)   Merge Heap Roots: 0.3ms
[2023-04-17T21:01:59.194-0400][gc,phases   ] GC(745)   Evacuate Collection Set: 6.4ms
[2023-04-17T21:01:59.194-0400][gc,phases   ] GC(745)   Post Evacuate Collection Set: 0.6ms
[2023-04-17T21:01:59.194-0400][gc,phases   ] GC(745)   Other: 0.2ms
[2023-04-17T21:01:59.194-0400][gc,heap     ] GC(745) Eden regions: 69->0(74)
[2023-04-17T21:01:59.194-0400][gc,heap     ] GC(745) Survivor regions: 5->6(10)
[2023-04-17T21:01:59.194-0400][gc,heap     ] GC(745) Old regions: 282->282
[2023-04-17T21:01:59.194-0400][gc,heap     ] GC(745) Archive regions: 2->2
[2023-04-17T21:01:59.194-0400][gc,heap     ] GC(745) Humongous regions: 129->129
[2023-04-17T21:01:59.194-0400][gc,metaspace] GC(745) Metaspace: 44204K(44928K)->44204K(44928K) NonClass: 39109K(39488K)->39109K(39488K) Class: 5095K(5440K)->5095K(5440K)
[2023-04-17T21:01:59.194-0400][gc          ] GC(745) Pause Young (Normal) (G1 Evacuation Pause) 484M->416M(1024M) 8.204ms
[2023-04-17T21:01:59.194-0400][gc,cpu      ] GC(745) User=0.04s Sys=0.01s Real=0.01s
[2023-04-17T21:02:48.084-0400][gc,start    ] GC(746) Pause Young (Normal) (G1 Evacuation Pause)
[2023-04-17T21:02:48.084-0400][gc,task     ] GC(746) Using 8 workers of 8 for evacuation
[2023-04-17T21:02:48.092-0400][gc,phases   ] GC(746)   Pre Evacuate Collection Set: 0.2ms
[2023-04-17T21:02:48.092-0400][gc,phases   ] GC(746)   Merge Heap Roots: 0.2ms
[2023-04-17T21:02:48.092-0400][gc,phases   ] GC(746)   Evacuate Collection Set: 7.5ms
[2023-04-17T21:02:48.092-0400][gc,phases   ] GC(746)   Post Evacuate Collection Set: 0.5ms
[2023-04-17T21:02:48.092-0400][gc,phases   ] GC(746)   Other: 0.2ms
[2023-04-17T21:02:48.092-0400][gc,heap     ] GC(746) Eden regions: 74->0(81)
[2023-04-17T21:02:48.092-0400][gc,heap     ] GC(746) Survivor regions: 6->7(10)
[2023-04-17T21:02:48.092-0400][gc,heap     ] GC(746) Old regions: 282->282
[2023-04-17T21:02:48.092-0400][gc,heap     ] GC(746) Archive regions: 2->2
[2023-04-17T21:02:48.092-0400][gc,heap     ] GC(746) Humongous regions: 129->129
[2023-04-17T21:02:48.092-0400][gc,metaspace] GC(746) Metaspace: 44204K(44928K)->44204K(44928K) NonClass: 39109K(39488K)->39109K(39488K) Class: 5095K(5440K)->5095K(5440K)
[2023-04-17T21:02:48.092-0400][gc          ] GC(746) Pause Young (Normal) (G1 Evacuation Pause) 490M->418M(1024M) 8.847ms
[2023-04-17T21:02:48.093-0400][gc,cpu      ] GC(746) User=0.05s Sys=0.01s Real=0.01s
[2023-04-17T21:03:42.482-0400][gc,start    ] GC(747) Pause Young (Normal) (G1 Evacuation Pause)
[2023-04-17T21:03:42.482-0400][gc,task     ] GC(747) Using 8 workers of 8 for evacuation
[2023-04-17T21:03:42.528-0400][gc,mmu      ] GC(747) MMU target violated: 21.0ms (20.0ms/21.0ms)
[2023-04-17T21:03:42.528-0400][gc,phases   ] GC(747)   Pre Evacuate Collection Set: 0.3ms
[2023-04-17T21:03:42.528-0400][gc,phases   ] GC(747)   Merge Heap Roots: 0.2ms
[2023-04-17T21:03:42.528-0400][gc,phases   ] GC(747)   Evacuate Collection Set: 45.0ms
[2023-04-17T21:03:42.528-0400][gc,phases   ] GC(747)   Post Evacuate Collection Set: 0.3ms
[2023-04-17T21:03:42.528-0400][gc,phases   ] GC(747)   Other: 0.2ms
[2023-04-17T21:03:42.528-0400][gc,heap     ] GC(747) Eden regions: 81->0(44)
[2023-04-17T21:03:42.528-0400][gc,heap     ] GC(747) Survivor regions: 7->7(11)
[2023-04-17T21:03:42.528-0400][gc,heap     ] GC(747) Old regions: 282->283
[2023-04-17T21:03:42.528-0400][gc,heap     ] GC(747) Archive regions: 2->2
[2023-04-17T21:03:42.528-0400][gc,heap     ] GC(747) Humongous regions: 129->129
[2023-04-17T21:03:42.528-0400][gc,metaspace] GC(747) Metaspace: 44204K(44928K)->44204K(44928K) NonClass: 39109K(39488K)->39109K(39488K) Class: 5095K(5440K)->5095K(5440K)
[2023-04-17T21:03:42.528-0400][gc          ] GC(747) Pause Young (Normal) (G1 Evacuation Pause) 499M->419M(1024M) 46.432ms
[2023-04-17T21:03:42.528-0400][gc,cpu      ] GC(747) User=0.05s Sys=0.06s Real=0.04s
[2023-04-17T21:04:11.893-0400][gc,start    ] GC(748) Pause Young (Normal) (G1 Evacuation Pause)
[2023-04-17T21:04:11.893-0400][gc,task     ] GC(748) Using 8 workers of 8 for evacuation
[2023-04-17T21:04:11.927-0400][gc,mmu      ] GC(748) MMU target violated: 21.0ms (20.0ms/21.0ms)
[2023-04-17T21:04:11.927-0400][gc,phases   ] GC(748)   Pre Evacuate Collection Set: 0.1ms
[2023-04-17T21:04:11.927-0400][gc,phases   ] GC(748)   Merge Heap Roots: 0.1ms
[2023-04-17T21:04:11.927-0400][gc,phases   ] GC(748)   Evacuate Collection Set: 33.3ms
[2023-04-17T21:04:11.927-0400][gc,phases   ] GC(748)   Post Evacuate Collection Set: 0.2ms
[2023-04-17T21:04:11.927-0400][gc,phases   ] GC(748)   Other: 0.7ms
[2023-04-17T21:04:11.927-0400][gc,heap     ] GC(748) Eden regions: 44->0(53)
[2023-04-17T21:04:11.927-0400][gc,heap     ] GC(748) Survivor regions: 7->4(7)
[2023-04-17T21:04:11.927-0400][gc,heap     ] GC(748) Old regions: 283->287
[2023-04-17T21:04:11.927-0400][gc,heap     ] GC(748) Archive regions: 2->2
[2023-04-17T21:04:11.927-0400][gc,heap     ] GC(748) Humongous regions: 129->129
[2023-04-17T21:04:11.927-0400][gc,metaspace] GC(748) Metaspace: 44204K(44928K)->44204K(44928K) NonClass: 39109K(39488K)->39109K(39488K) Class: 5095K(5440K)->5095K(5440K)
[2023-04-17T21:04:11.927-0400][gc          ] GC(748) Pause Young (Normal) (G1 Evacuation Pause) 463M->420M(1024M) 34.654ms
[2023-04-17T21:04:11.927-0400][gc,cpu      ] GC(748) User=0.03s Sys=0.05s Real=0.03s
[2023-04-17T21:04:47.638-0400][gc,start    ] GC(749) Pause Young (Normal) (G1 Evacuation Pause)
[2023-04-17T21:04:47.638-0400][gc,task     ] GC(749) Using 8 workers of 8 for evacuation
[2023-04-17T21:04:47.646-0400][gc,phases   ] GC(749)   Pre Evacuate Collection Set: 0.3ms
[2023-04-17T21:04:47.646-0400][gc,phases   ] GC(749)   Merge Heap Roots: 0.2ms
[2023-04-17T21:04:47.646-0400][gc,phases   ] GC(749)   Evacuate Collection Set: 5.7ms
[2023-04-17T21:04:47.646-0400][gc,phases   ] GC(749)   Post Evacuate Collection Set: 2.1ms
[2023-04-17T21:04:47.646-0400][gc,phases   ] GC(749)   Other: 0.2ms
[2023-04-17T21:04:47.646-0400][gc,heap     ] GC(749) Eden regions: 53->0(48)
[2023-04-17T21:04:47.646-0400][gc,heap     ] GC(749) Survivor regions: 4->5(8)
[2023-04-17T21:04:47.646-0400][gc,heap     ] GC(749) Old regions: 287->287
[2023-04-17T21:04:47.646-0400][gc,heap     ] GC(749) Archive regions: 2->2
[2023-04-17T21:04:47.646-0400][gc,heap     ] GC(749) Humongous regions: 129->129
[2023-04-17T21:04:47.646-0400][gc,metaspace] GC(749) Metaspace: 44204K(44928K)->44204K(44928K) NonClass: 39109K(39488K)->39109K(39488K) Class: 5095K(5440K)->5095K(5440K)
[2023-04-17T21:04:47.646-0400][gc          ] GC(749) Pause Young (Normal) (G1 Evacuation Pause) 473M->420M(1024M) 8.886ms
[2023-04-17T21:04:47.647-0400][gc,cpu      ] GC(749) User=0.05s Sys=0.00s Real=0.01s
[2023-04-17T21:05:19.391-0400][gc,start    ] GC(750) Pause Young (Normal) (G1 Evacuation Pause)
[2023-04-17T21:05:19.391-0400][gc,task     ] GC(750) Using 8 workers of 8 for evacuation
[2023-04-17T21:05:19.408-0400][gc,phases   ] GC(750)   Pre Evacuate Collection Set: 0.3ms
[2023-04-17T21:05:19.408-0400][gc,phases   ] GC(750)   Merge Heap Roots: 0.2ms
[2023-04-17T21:05:19.408-0400][gc,phases   ] GC(750)   Evacuate Collection Set: 15.2ms
[2023-04-17T21:05:19.408-0400][gc,phases   ] GC(750)   Post Evacuate Collection Set: 0.3ms
[2023-04-17T21:05:19.408-0400][gc,phases   ] GC(750)   Other: 0.2ms
[2023-04-17T21:05:19.408-0400][gc,heap     ] GC(750) Eden regions: 48->0(99)
[2023-04-17T21:05:19.408-0400][gc,heap     ] GC(750) Survivor regions: 5->4(7)
[2023-04-17T21:05:19.408-0400][gc,heap     ] GC(750) Old regions: 287->288
[2023-04-17T21:05:19.408-0400][gc,heap     ] GC(750) Archive regions: 2->2
[2023-04-17T21:05:19.408-0400][gc,heap     ] GC(750) Humongous regions: 129->129
[2023-04-17T21:05:19.408-0400][gc,metaspace] GC(750) Metaspace: 44204K(44928K)->44204K(44928K) NonClass: 39109K(39488K)->39109K(39488K) Class: 5095K(5440K)->5095K(5440K)
[2023-04-17T21:05:19.408-0400][gc          ] GC(750) Pause Young (Normal) (G1 Evacuation Pause) 468M->421M(1024M) 16.508ms
[2023-04-17T21:05:19.408-0400][gc,cpu      ] GC(750) User=0.03s Sys=0.03s Real=0.01s
[2023-04-17T21:06:25.415-0400][gc,start    ] GC(751) Pause Young (Normal) (G1 Evacuation Pause)
[2023-04-17T21:06:25.415-0400][gc,task     ] GC(751) Using 8 workers of 8 for evacuation
[2023-04-17T21:06:25.423-0400][gc,phases   ] GC(751)   Pre Evacuate Collection Set: 0.4ms
[2023-04-17T21:06:25.423-0400][gc,phases   ] GC(751)   Merge Heap Roots: 0.4ms
[2023-04-17T21:06:25.423-0400][gc,phases   ] GC(751)   Evacuate Collection Set: 7.1ms
[2023-04-17T21:06:25.423-0400][gc,phases   ] GC(751)   Post Evacuate Collection Set: 0.3ms
[2023-04-17T21:06:25.423-0400][gc,phases   ] GC(751)   Other: 0.2ms
[2023-04-17T21:06:25.423-0400][gc,heap     ] GC(751) Eden regions: 99->0(45)
[2023-04-17T21:06:25.423-0400][gc,heap     ] GC(751) Survivor regions: 4->6(13)
[2023-04-17T21:06:25.424-0400][gc,heap     ] GC(751) Old regions: 288->288
[2023-04-17T21:06:25.424-0400][gc,heap     ] GC(751) Archive regions: 2->2
[2023-04-17T21:06:25.424-0400][gc,heap     ] GC(751) Humongous regions: 129->129
[2023-04-17T21:06:25.424-0400][gc,metaspace] GC(751) Metaspace: 44204K(44928K)->44204K(44928K) NonClass: 39109K(39488K)->39109K(39488K) Class: 5095K(5440K)->5095K(5440K)
[2023-04-17T21:06:25.424-0400][gc          ] GC(751) Pause Young (Normal) (G1 Evacuation Pause) 520M->423M(1024M) 8.784ms
[2023-04-17T21:06:25.424-0400][gc,cpu      ] GC(751) User=0.05s Sys=0.01s Real=0.01s
[2023-04-17T21:06:52.108-0400][gc,start    ] GC(752) Pause Young (Normal) (G1 Evacuation Pause)
[2023-04-17T21:06:52.110-0400][gc,task     ] GC(752) Using 8 workers of 8 for evacuation
[2023-04-17T21:06:52.132-0400][gc,mmu      ] GC(752) MMU target violated: 21.0ms (20.0ms/21.0ms)
[2023-04-17T21:06:52.132-0400][gc,phases   ] GC(752)   Pre Evacuate Collection Set: 0.1ms
[2023-04-17T21:06:52.132-0400][gc,phases   ] GC(752)   Merge Heap Roots: 0.1ms
[2023-04-17T21:06:52.132-0400][gc,phases   ] GC(752)   Evacuate Collection Set: 21.6ms
[2023-04-17T21:06:52.132-0400][gc,phases   ] GC(752)   Post Evacuate Collection Set: 0.2ms
[2023-04-17T21:06:52.132-0400][gc,phases   ] GC(752)   Other: 0.1ms
[2023-04-17T21:06:52.132-0400][gc,heap     ] GC(752) Eden regions: 45->0(109)
[2023-04-17T21:06:52.132-0400][gc,heap     ] GC(752) Survivor regions: 6->4(7)
[2023-04-17T21:06:52.132-0400][gc,heap     ] GC(752) Old regions: 288->291
[2023-04-17T21:06:52.132-0400][gc,heap     ] GC(752) Archive regions: 2->2
[2023-04-17T21:06:52.132-0400][gc,heap     ] GC(752) Humongous regions: 129->129
[2023-04-17T21:06:52.132-0400][gc,metaspace] GC(752) Metaspace: 44204K(44928K)->44204K(44928K) NonClass: 39109K(39488K)->39109K(39488K) Class: 5095K(5440K)->5095K(5440K)
[2023-04-17T21:06:52.132-0400][gc          ] GC(752) Pause Young (Normal) (G1 Evacuation Pause) 468M->424M(1024M) 24.070ms
[2023-04-17T21:06:52.132-0400][gc,cpu      ] GC(752) User=0.02s Sys=0.03s Real=0.03s
[2023-04-17T21:08:06.321-0400][gc,start    ] GC(753) Pause Young (Normal) (G1 Evacuation Pause)
[2023-04-17T21:08:06.322-0400][gc,task     ] GC(753) Using 8 workers of 8 for evacuation
[2023-04-17T21:08:06.329-0400][gc,phases   ] GC(753)   Pre Evacuate Collection Set: 1.3ms
[2023-04-17T21:08:06.329-0400][gc,phases   ] GC(753)   Merge Heap Roots: 0.2ms
[2023-04-17T21:08:06.330-0400][gc,phases   ] GC(753)   Evacuate Collection Set: 5.1ms
[2023-04-17T21:08:06.330-0400][gc,phases   ] GC(753)   Post Evacuate Collection Set: 0.4ms
[2023-04-17T21:08:06.330-0400][gc,phases   ] GC(753)   Other: 0.2ms
[2023-04-17T21:08:06.330-0400][gc,heap     ] GC(753) Eden regions: 109->0(121)
[2023-04-17T21:08:06.330-0400][gc,heap     ] GC(753) Survivor regions: 4->5(15)
[2023-04-17T21:08:06.330-0400][gc,heap     ] GC(753) Old regions: 291->291
[2023-04-17T21:08:06.330-0400][gc,heap     ] GC(753) Archive regions: 2->2
[2023-04-17T21:08:06.330-0400][gc,heap     ] GC(753) Humongous regions: 129->129
[2023-04-17T21:08:06.330-0400][gc,metaspace] GC(753) Metaspace: 44204K(44928K)->44204K(44928K) NonClass: 39109K(39488K)->39109K(39488K) Class: 5095K(5440K)->5095K(5440K)
[2023-04-17T21:08:06.330-0400][gc          ] GC(753) Pause Young (Normal) (G1 Evacuation Pause) 533M->425M(1024M) 8.850ms
[2023-04-17T21:08:06.330-0400][gc,cpu      ] GC(753) User=0.04s Sys=0.00s Real=0.01s
[2023-04-17T21:09:27.459-0400][gc,start    ] GC(754) Pause Young (Normal) (G1 Evacuation Pause)
[2023-04-17T21:09:27.460-0400][gc,task     ] GC(754) Using 8 workers of 8 for evacuation
[2023-04-17T21:09:27.486-0400][gc,mmu      ] GC(754) MMU target violated: 21.0ms (20.0ms/21.0ms)
[2023-04-17T21:09:27.486-0400][gc,phases   ] GC(754)   Pre Evacuate Collection Set: 0.3ms
[2023-04-17T21:09:27.486-0400][gc,phases   ] GC(754)   Merge Heap Roots: 0.1ms
[2023-04-17T21:09:27.486-0400][gc,phases   ] GC(754)   Evacuate Collection Set: 24.8ms
[2023-04-17T21:09:27.486-0400][gc,phases   ] GC(754)   Post Evacuate Collection Set: 0.6ms
[2023-04-17T21:09:27.486-0400][gc,phases   ] GC(754)   Other: 0.2ms
[2023-04-17T21:09:27.486-0400][gc,heap     ] GC(754) Eden regions: 121->0(45)
[2023-04-17T21:09:27.486-0400][gc,heap     ] GC(754) Survivor regions: 5->6(16)
[2023-04-17T21:09:27.486-0400][gc,heap     ] GC(754) Old regions: 291->291
[2023-04-17T21:09:27.486-0400][gc,heap     ] GC(754) Archive regions: 2->2
[2023-04-17T21:09:27.486-0400][gc,heap     ] GC(754) Humongous regions: 129->129
[2023-04-17T21:09:27.486-0400][gc,metaspace] GC(754) Metaspace: 44204K(44928K)->44204K(44928K) NonClass: 39109K(39488K)->39109K(39488K) Class: 5095K(5440K)->5095K(5440K)
[2023-04-17T21:09:27.486-0400][gc          ] GC(754) Pause Young (Normal) (G1 Evacuation Pause) 546M->426M(1024M) 27.285ms
[2023-04-17T21:09:27.486-0400][gc,cpu      ] GC(754) User=0.05s Sys=0.08s Real=0.03s
[2023-04-17T21:09:57.114-0400][gc,start    ] GC(755) Pause Young (Normal) (G1 Evacuation Pause)
[2023-04-17T21:09:57.114-0400][gc,task     ] GC(755) Using 8 workers of 8 for evacuation
[2023-04-17T21:09:57.142-0400][gc,mmu      ] GC(755) MMU target violated: 21.0ms (20.0ms/21.0ms)
[2023-04-17T21:09:57.142-0400][gc,phases   ] GC(755)   Pre Evacuate Collection Set: 0.4ms
[2023-04-17T21:09:57.142-0400][gc,phases   ] GC(755)   Merge Heap Roots: 0.2ms
[2023-04-17T21:09:57.142-0400][gc,phases   ] GC(755)   Evacuate Collection Set: 27.2ms
[2023-04-17T21:09:57.142-0400][gc,phases   ] GC(755)   Post Evacuate Collection Set: 0.3ms
[2023-04-17T21:09:57.142-0400][gc,phases   ] GC(755)   Other: 0.2ms
[2023-04-17T21:09:57.142-0400][gc,heap     ] GC(755) Eden regions: 45->0(46)
[2023-04-17T21:09:57.142-0400][gc,heap     ] GC(755) Survivor regions: 6->5(7)
[2023-04-17T21:09:57.142-0400][gc,heap     ] GC(755) Old regions: 291->293
[2023-04-17T21:09:57.142-0400][gc,heap     ] GC(755) Archive regions: 2->2
[2023-04-17T21:09:57.142-0400][gc,heap     ] GC(755) Humongous regions: 129->129
[2023-04-17T21:09:57.143-0400][gc,metaspace] GC(755) Metaspace: 44204K(44928K)->44204K(44928K) NonClass: 39109K(39488K)->39109K(39488K) Class: 5095K(5440K)->5095K(5440K)
[2023-04-17T21:09:57.143-0400][gc          ] GC(755) Pause Young (Normal) (G1 Evacuation Pause) 471M->427M(1024M) 28.800ms
[2023-04-17T21:09:57.143-0400][gc,cpu      ] GC(755) User=0.05s Sys=0.05s Real=0.03s
[2023-04-17T21:10:28.042-0400][gc,start    ] GC(756) Pause Young (Normal) (G1 Evacuation Pause)
[2023-04-17T21:10:28.043-0400][gc,task     ] GC(756) Using 8 workers of 8 for evacuation
[2023-04-17T21:10:28.053-0400][gc,phases   ] GC(756)   Pre Evacuate Collection Set: 0.3ms
[2023-04-17T21:10:28.053-0400][gc,phases   ] GC(756)   Merge Heap Roots: 0.2ms
[2023-04-17T21:10:28.053-0400][gc,phases   ] GC(756)   Evacuate Collection Set: 7.7ms
[2023-04-17T21:10:28.053-0400][gc,phases   ] GC(756)   Post Evacuate Collection Set: 0.5ms
[2023-04-17T21:10:28.053-0400][gc,phases   ] GC(756)   Other: 1.1ms
[2023-04-17T21:10:28.053-0400][gc,heap     ] GC(756) Eden regions: 46->0(76)
[2023-04-17T21:10:28.053-0400][gc,heap     ] GC(756) Survivor regions: 5->5(7)
[2023-04-17T21:10:28.053-0400][gc,heap     ] GC(756) Old regions: 293->294
[2023-04-17T21:10:28.053-0400][gc,heap     ] GC(756) Archive regions: 2->2
[2023-04-17T21:10:28.053-0400][gc,heap     ] GC(756) Humongous regions: 129->129
[2023-04-17T21:10:28.053-0400][gc,metaspace] GC(756) Metaspace: 44204K(44928K)->44204K(44928K) NonClass: 39109K(39488K)->39109K(39488K) Class: 5095K(5440K)->5095K(5440K)
[2023-04-17T21:10:28.053-0400][gc          ] GC(756) Pause Young (Normal) (G1 Evacuation Pause) 473M->427M(1024M) 10.400ms
[2023-04-17T21:10:28.053-0400][gc,cpu      ] GC(756) User=0.04s Sys=0.01s Real=0.01s
[2023-04-17T21:11:18.829-0400][gc,start    ] GC(757) Pause Young (Normal) (G1 Evacuation Pause)
[2023-04-17T21:11:18.831-0400][gc,task     ] GC(757) Using 8 workers of 8 for evacuation
[2023-04-17T21:11:18.839-0400][gc,phases   ] GC(757)   Pre Evacuate Collection Set: 0.3ms
[2023-04-17T21:11:18.839-0400][gc,phases   ] GC(757)   Merge Heap Roots: 0.3ms
[2023-04-17T21:11:18.839-0400][gc,phases   ] GC(757)   Evacuate Collection Set: 6.9ms
[2023-04-17T21:11:18.839-0400][gc,phases   ] GC(757)   Post Evacuate Collection Set: 0.5ms
[2023-04-17T21:11:18.839-0400][gc,phases   ] GC(757)   Other: 0.2ms
[2023-04-17T21:11:18.839-0400][gc,heap     ] GC(757) Eden regions: 76->0(65)
[2023-04-17T21:11:18.839-0400][gc,heap     ] GC(757) Survivor regions: 5->6(11)
[2023-04-17T21:11:18.839-0400][gc,heap     ] GC(757) Old regions: 294->294
[2023-04-17T21:11:18.839-0400][gc,heap     ] GC(757) Archive regions: 2->2
[2023-04-17T21:11:18.839-0400][gc,heap     ] GC(757) Humongous regions: 129->129
[2023-04-17T21:11:18.839-0400][gc,metaspace] GC(757) Metaspace: 44218K(44928K)->44218K(44928K) NonClass: 39122K(39488K)->39122K(39488K) Class: 5095K(5440K)->5095K(5440K)
[2023-04-17T21:11:18.839-0400][gc          ] GC(757) Pause Young (Normal) (G1 Evacuation Pause) 503M->429M(1024M) 9.973ms
[2023-04-17T21:11:18.839-0400][gc,cpu      ] GC(757) User=0.05s Sys=0.01s Real=0.01s
[2023-04-17T21:19:09.046-0400][gc,start    ] GC(758) Pause Young (Normal) (G1 Evacuation Pause)
[2023-04-17T21:19:09.048-0400][gc,task     ] GC(758) Using 8 workers of 8 for evacuation
[2023-04-17T21:19:09.091-0400][gc,mmu      ] GC(758) MMU target violated: 21.0ms (20.0ms/21.0ms)
[2023-04-17T21:19:09.091-0400][gc,phases   ] GC(758)   Pre Evacuate Collection Set: 0.6ms
[2023-04-17T21:19:09.091-0400][gc,phases   ] GC(758)   Merge Heap Roots: 0.1ms
[2023-04-17T21:19:09.091-0400][gc,phases   ] GC(758)   Evacuate Collection Set: 38.8ms
[2023-04-17T21:19:09.091-0400][gc,phases   ] GC(758)   Post Evacuate Collection Set: 3.5ms
[2023-04-17T21:19:09.091-0400][gc,phases   ] GC(758)   Other: 0.2ms
[2023-04-17T21:19:09.091-0400][gc,heap     ] GC(758) Eden regions: 65->0(44)
[2023-04-17T21:19:09.091-0400][gc,heap     ] GC(758) Survivor regions: 6->7(9)
[2023-04-17T21:19:09.091-0400][gc,heap     ] GC(758) Old regions: 294->295
[2023-04-17T21:19:09.091-0400][gc,heap     ] GC(758) Archive regions: 2->2
[2023-04-17T21:19:09.091-0400][gc,heap     ] GC(758) Humongous regions: 129->129
[2023-04-17T21:19:09.091-0400][gc,metaspace] GC(758) Metaspace: 44218K(44928K)->44218K(44928K) NonClass: 39122K(39488K)->39122K(39488K) Class: 5095K(5440K)->5095K(5440K)
[2023-04-17T21:19:09.091-0400][gc          ] GC(758) Pause Young (Normal) (G1 Evacuation Pause) 494M->430M(1024M) 45.264ms
[2023-04-17T21:19:09.091-0400][gc,cpu      ] GC(758) User=0.03s Sys=0.04s Real=0.05s
[2023-04-17T21:19:36.914-0400][gc,start    ] GC(759) Pause Young (Normal) (G1 Evacuation Pause)
[2023-04-17T21:19:36.914-0400][gc,task     ] GC(759) Using 8 workers of 8 for evacuation
[2023-04-17T21:19:36.951-0400][gc,mmu      ] GC(759) MMU target violated: 21.0ms (20.0ms/21.0ms)
[2023-04-17T21:19:36.951-0400][gc,phases   ] GC(759)   Pre Evacuate Collection Set: 0.2ms
[2023-04-17T21:19:36.951-0400][gc,phases   ] GC(759)   Merge Heap Roots: 0.2ms
[2023-04-17T21:19:36.951-0400][gc,phases   ] GC(759)   Evacuate Collection Set: 34.6ms
[2023-04-17T21:19:36.951-0400][gc,phases   ] GC(759)   Post Evacuate Collection Set: 1.2ms
[2023-04-17T21:19:36.951-0400][gc,phases   ] GC(759)   Other: 0.3ms
[2023-04-17T21:19:36.951-0400][gc,heap     ] GC(759) Eden regions: 44->0(44)
[2023-04-17T21:19:36.951-0400][gc,heap     ] GC(759) Survivor regions: 7->7(7)
[2023-04-17T21:19:36.951-0400][gc,heap     ] GC(759) Old regions: 295->298
[2023-04-17T21:19:36.951-0400][gc,heap     ] GC(759) Archive regions: 2->2
[2023-04-17T21:19:36.951-0400][gc,heap     ] GC(759) Humongous regions: 129->129
[2023-04-17T21:19:36.951-0400][gc,metaspace] GC(759) Metaspace: 44218K(44928K)->44218K(44928K) NonClass: 39122K(39488K)->39122K(39488K) Class: 5095K(5440K)->5095K(5440K)
[2023-04-17T21:19:36.951-0400][gc          ] GC(759) Pause Young (Normal) (G1 Evacuation Pause) 474M->433M(1024M) 36.953ms
[2023-04-17T21:19:36.951-0400][gc,cpu      ] GC(759) User=0.07s Sys=0.09s Real=0.04s
[2023-04-17T21:20:06.254-0400][gc,start    ] GC(760) Pause Young (Normal) (G1 Evacuation Pause)
[2023-04-17T21:20:06.254-0400][gc,task     ] GC(760) Using 8 workers of 8 for evacuation
[2023-04-17T21:20:06.282-0400][gc,mmu      ] GC(760) MMU target violated: 21.0ms (20.0ms/21.0ms)
[2023-04-17T21:20:06.282-0400][gc,phases   ] GC(760)   Pre Evacuate Collection Set: 0.1ms
[2023-04-17T21:20:06.282-0400][gc,phases   ] GC(760)   Merge Heap Roots: 0.1ms
[2023-04-17T21:20:06.282-0400][gc,phases   ] GC(760)   Evacuate Collection Set: 27.4ms
[2023-04-17T21:20:06.282-0400][gc,phases   ] GC(760)   Post Evacuate Collection Set: 0.2ms
[2023-04-17T21:20:06.282-0400][gc,phases   ] GC(760)   Other: 0.7ms
[2023-04-17T21:20:06.283-0400][gc,heap     ] GC(760) Eden regions: 44->0(46)
[2023-04-17T21:20:06.283-0400][gc,heap     ] GC(760) Survivor regions: 7->5(7)
[2023-04-17T21:20:06.283-0400][gc,heap     ] GC(760) Old regions: 298->301
[2023-04-17T21:20:06.283-0400][gc,heap     ] GC(760) Archive regions: 2->2
[2023-04-17T21:20:06.283-0400][gc,heap     ] GC(760) Humongous regions: 129->129
[2023-04-17T21:20:06.283-0400][gc,metaspace] GC(760) Metaspace: 44218K(44928K)->44218K(44928K) NonClass: 39122K(39488K)->39122K(39488K) Class: 5095K(5440K)->5095K(5440K)
[2023-04-17T21:20:06.283-0400][gc          ] GC(760) Pause Young (Normal) (G1 Evacuation Pause) 477M->435M(1024M) 28.745ms
[2023-04-17T21:20:06.283-0400][gc,cpu      ] GC(760) User=0.02s Sys=0.04s Real=0.03s
[2023-04-17T21:20:36.133-0400][gc,start    ] GC(761) Pause Young (Normal) (G1 Evacuation Pause)
[2023-04-17T21:20:36.133-0400][gc,task     ] GC(761) Using 8 workers of 8 for evacuation
[2023-04-17T21:20:36.142-0400][gc,phases   ] GC(761)   Pre Evacuate Collection Set: 0.2ms
[2023-04-17T21:20:36.142-0400][gc,phases   ] GC(761)   Merge Heap Roots: 0.1ms
[2023-04-17T21:20:36.142-0400][gc,phases   ] GC(761)   Evacuate Collection Set: 8.8ms
[2023-04-17T21:20:36.142-0400][gc,phases   ] GC(761)   Post Evacuate Collection Set: 0.4ms
[2023-04-17T21:20:36.142-0400][gc,phases   ] GC(761)   Other: 0.1ms
[2023-04-17T21:20:36.142-0400][gc,heap     ] GC(761) Eden regions: 46->0(71)
[2023-04-17T21:20:36.142-0400][gc,heap     ] GC(761) Survivor regions: 5->3(7)
[2023-04-17T21:20:36.142-0400][gc,heap     ] GC(761) Old regions: 301->304
[2023-04-17T21:20:36.143-0400][gc,heap     ] GC(761) Archive regions: 2->2
[2023-04-17T21:20:36.143-0400][gc,heap     ] GC(761) Humongous regions: 129->129
[2023-04-17T21:20:36.143-0400][gc,metaspace] GC(761) Metaspace: 44218K(44928K)->44218K(44928K) NonClass: 39122K(39488K)->39122K(39488K) Class: 5095K(5440K)->5095K(5440K)
[2023-04-17T21:20:36.143-0400][gc          ] GC(761) Pause Young (Normal) (G1 Evacuation Pause) 481M->436M(1024M) 9.858ms
[2023-04-17T21:20:36.143-0400][gc,cpu      ] GC(761) User=0.03s Sys=0.02s Real=0.01s
[2023-04-17T21:21:22.980-0400][gc,start    ] GC(762) Pause Young (Normal) (G1 Evacuation Pause)
[2023-04-17T21:21:22.980-0400][gc,task     ] GC(762) Using 8 workers of 8 for evacuation
[2023-04-17T21:21:22.986-0400][gc,phases   ] GC(762)   Pre Evacuate Collection Set: 0.2ms
[2023-04-17T21:21:22.987-0400][gc,phases   ] GC(762)   Merge Heap Roots: 0.1ms
[2023-04-17T21:21:22.987-0400][gc,phases   ] GC(762)   Evacuate Collection Set: 5.2ms
[2023-04-17T21:21:22.987-0400][gc,phases   ] GC(762)   Post Evacuate Collection Set: 0.6ms
[2023-04-17T21:21:22.987-0400][gc,phases   ] GC(762)   Other: 0.2ms
[2023-04-17T21:21:22.987-0400][gc,heap     ] GC(762) Eden regions: 71->0(75)
[2023-04-17T21:21:22.987-0400][gc,heap     ] GC(762) Survivor regions: 3->4(10)
[2023-04-17T21:21:22.987-0400][gc,heap     ] GC(762) Old regions: 304->304
[2023-04-17T21:21:22.987-0400][gc,heap     ] GC(762) Archive regions: 2->2
[2023-04-17T21:21:22.987-0400][gc,heap     ] GC(762) Humongous regions: 129->129
[2023-04-17T21:21:22.987-0400][gc,metaspace] GC(762) Metaspace: 44218K(44928K)->44218K(44928K) NonClass: 39122K(39488K)->39122K(39488K) Class: 5095K(5440K)->5095K(5440K)
[2023-04-17T21:21:22.987-0400][gc          ] GC(762) Pause Young (Normal) (G1 Evacuation Pause) 507M->437M(1024M) 7.285ms
[2023-04-17T21:21:22.987-0400][gc,cpu      ] GC(762) User=0.03s Sys=0.01s Real=0.00s
[2023-04-17T21:22:12.142-0400][gc,start    ] GC(763) Pause Young (Normal) (G1 Evacuation Pause)
[2023-04-17T21:22:12.142-0400][gc,task     ] GC(763) Using 8 workers of 8 for evacuation
[2023-04-17T21:22:12.150-0400][gc,phases   ] GC(763)   Pre Evacuate Collection Set: 0.2ms
[2023-04-17T21:22:12.150-0400][gc,phases   ] GC(763)   Merge Heap Roots: 0.1ms
[2023-04-17T21:22:12.150-0400][gc,phases   ] GC(763)   Evacuate Collection Set: 6.0ms
[2023-04-17T21:22:12.150-0400][gc,phases   ] GC(763)   Post Evacuate Collection Set: 1.6ms
[2023-04-17T21:22:12.150-0400][gc,phases   ] GC(763)   Other: 0.2ms
[2023-04-17T21:22:12.151-0400][gc,heap     ] GC(763) Eden regions: 75->0(57)
[2023-04-17T21:22:12.151-0400][gc,heap     ] GC(763) Survivor regions: 4->6(10)
[2023-04-17T21:22:12.151-0400][gc,heap     ] GC(763) Old regions: 304->304
[2023-04-17T21:22:12.151-0400][gc,heap     ] GC(763) Archive regions: 2->2
[2023-04-17T21:22:12.151-0400][gc,heap     ] GC(763) Humongous regions: 129->129
[2023-04-17T21:22:12.151-0400][gc,metaspace] GC(763) Metaspace: 44220K(44928K)->44220K(44928K) NonClass: 39124K(39488K)->39124K(39488K) Class: 5095K(5440K)->5095K(5440K)
[2023-04-17T21:22:12.151-0400][gc          ] GC(763) Pause Young (Normal) (G1 Evacuation Pause) 512M->439M(1024M) 9.176ms
[2023-04-17T21:22:12.151-0400][gc,cpu      ] GC(763) User=0.04s Sys=0.00s Real=0.01s
[2023-04-17T21:22:48.927-0400][gc,start    ] GC(764) Pause Young (Normal) (G1 Evacuation Pause)
[2023-04-17T21:22:48.928-0400][gc,task     ] GC(764) Using 8 workers of 8 for evacuation
[2023-04-17T21:22:48.939-0400][gc,phases   ] GC(764)   Pre Evacuate Collection Set: 0.2ms
[2023-04-17T21:22:48.939-0400][gc,phases   ] GC(764)   Merge Heap Roots: 0.2ms
[2023-04-17T21:22:48.939-0400][gc,phases   ] GC(764)   Evacuate Collection Set: 10.4ms
[2023-04-17T21:22:48.939-0400][gc,phases   ] GC(764)   Post Evacuate Collection Set: 0.4ms
[2023-04-17T21:22:48.939-0400][gc,phases   ] GC(764)   Other: 0.2ms
[2023-04-17T21:22:48.939-0400][gc,heap     ] GC(764) Eden regions: 57->0(92)
[2023-04-17T21:22:48.939-0400][gc,heap     ] GC(764) Survivor regions: 6->6(8)
[2023-04-17T21:22:48.939-0400][gc,heap     ] GC(764) Old regions: 304->306
[2023-04-17T21:22:48.939-0400][gc,heap     ] GC(764) Archive regions: 2->2
[2023-04-17T21:22:48.939-0400][gc,heap     ] GC(764) Humongous regions: 129->129
[2023-04-17T21:22:48.939-0400][gc,metaspace] GC(764) Metaspace: 44220K(44928K)->44220K(44928K) NonClass: 39124K(39488K)->39124K(39488K) Class: 5095K(5440K)->5095K(5440K)
[2023-04-17T21:22:48.939-0400][gc          ] GC(764) Pause Young (Normal) (G1 Evacuation Pause) 496M->440M(1024M) 12.067ms
[2023-04-17T21:22:48.939-0400][gc,cpu      ] GC(764) User=0.04s Sys=0.01s Real=0.01s
[2023-04-17T21:23:47.315-0400][gc,start    ] GC(765) Pause Young (Normal) (G1 Evacuation Pause)
[2023-04-17T21:23:47.316-0400][gc,task     ] GC(765) Using 8 workers of 8 for evacuation
[2023-04-17T21:23:47.321-0400][gc,phases   ] GC(765)   Pre Evacuate Collection Set: 0.1ms
[2023-04-17T21:23:47.321-0400][gc,phases   ] GC(765)   Merge Heap Roots: 0.1ms
[2023-04-17T21:23:47.321-0400][gc,phases   ] GC(765)   Evacuate Collection Set: 4.3ms
[2023-04-17T21:23:47.321-0400][gc,phases   ] GC(765)   Post Evacuate Collection Set: 0.4ms
[2023-04-17T21:23:47.321-0400][gc,phases   ] GC(765)   Other: 0.1ms
[2023-04-17T21:23:47.321-0400][gc,heap     ] GC(765) Eden regions: 92->0(117)
[2023-04-17T21:23:47.321-0400][gc,heap     ] GC(765) Survivor regions: 6->7(13)
[2023-04-17T21:23:47.321-0400][gc,heap     ] GC(765) Old regions: 306->306
[2023-04-17T21:23:47.321-0400][gc,heap     ] GC(765) Archive regions: 2->2
[2023-04-17T21:23:47.321-0400][gc,heap     ] GC(765) Humongous regions: 129->129
[2023-04-17T21:23:47.321-0400][gc,metaspace] GC(765) Metaspace: 44220K(44928K)->44220K(44928K) NonClass: 39124K(39488K)->39124K(39488K) Class: 5095K(5440K)->5095K(5440K)
[2023-04-17T21:23:47.321-0400][gc          ] GC(765) Pause Young (Normal) (G1 Evacuation Pause) 532M->441M(1024M) 6.085ms
[2023-04-17T21:23:47.321-0400][gc,cpu      ] GC(765) User=0.04s Sys=0.00s Real=0.01s
[2023-04-17T21:25:03.143-0400][gc,start    ] GC(766) Pause Young (Normal) (G1 Evacuation Pause)
[2023-04-17T21:25:03.144-0400][gc,task     ] GC(766) Using 8 workers of 8 for evacuation
[2023-04-17T21:25:03.155-0400][gc,phases   ] GC(766)   Pre Evacuate Collection Set: 0.2ms
[2023-04-17T21:25:03.155-0400][gc,phases   ] GC(766)   Merge Heap Roots: 0.2ms
[2023-04-17T21:25:03.155-0400][gc,phases   ] GC(766)   Evacuate Collection Set: 10.9ms
[2023-04-17T21:25:03.155-0400][gc,phases   ] GC(766)   Post Evacuate Collection Set: 0.3ms
[2023-04-17T21:25:03.155-0400][gc,phases   ] GC(766)   Other: 0.2ms
[2023-04-17T21:25:03.155-0400][gc,heap     ] GC(766) Eden regions: 117->0(91)
[2023-04-17T21:25:03.155-0400][gc,heap     ] GC(766) Survivor regions: 7->9(16)
[2023-04-17T21:25:03.155-0400][gc,heap     ] GC(766) Old regions: 306->306
[2023-04-17T21:25:03.155-0400][gc,heap     ] GC(766) Archive regions: 2->2
[2023-04-17T21:25:03.155-0400][gc,heap     ] GC(766) Humongous regions: 129->129
[2023-04-17T21:25:03.155-0400][gc,metaspace] GC(766) Metaspace: 44220K(44928K)->44220K(44928K) NonClass: 39124K(39488K)->39124K(39488K) Class: 5095K(5440K)->5095K(5440K)
[2023-04-17T21:25:03.156-0400][gc          ] GC(766) Pause Young (Normal) (G1 Evacuation Pause) 558M->443M(1024M) 12.045ms
[2023-04-17T21:25:03.156-0400][gc,cpu      ] GC(766) User=0.06s Sys=0.02s Real=0.01s
[2023-04-17T21:26:03.318-0400][gc,start    ] GC(767) Pause Young (Normal) (G1 Evacuation Pause)
[2023-04-17T21:26:03.320-0400][gc,task     ] GC(767) Using 8 workers of 8 for evacuation
[2023-04-17T21:26:03.339-0400][gc,phases   ] GC(767)   Pre Evacuate Collection Set: 0.2ms
[2023-04-17T21:26:03.339-0400][gc,phases   ] GC(767)   Merge Heap Roots: 0.1ms
[2023-04-17T21:26:03.339-0400][gc,phases   ] GC(767)   Evacuate Collection Set: 18.7ms
[2023-04-17T21:26:03.339-0400][gc,phases   ] GC(767)   Post Evacuate Collection Set: 0.4ms
[2023-04-17T21:26:03.339-0400][gc,phases   ] GC(767)   Other: 0.1ms
[2023-04-17T21:26:03.339-0400][gc,heap     ] GC(767) Eden regions: 91->0(113)
[2023-04-17T21:26:03.339-0400][gc,heap     ] GC(767) Survivor regions: 9->8(13)
[2023-04-17T21:26:03.339-0400][gc,heap     ] GC(767) Old regions: 306->308
[2023-04-17T21:26:03.339-0400][gc,heap     ] GC(767) Archive regions: 2->2
[2023-04-17T21:26:03.340-0400][gc,heap     ] GC(767) Humongous regions: 129->129
[2023-04-17T21:26:03.340-0400][gc,metaspace] GC(767) Metaspace: 44220K(44928K)->44220K(44928K) NonClass: 39124K(39488K)->39124K(39488K) Class: 5095K(5440K)->5095K(5440K)
[2023-04-17T21:26:03.340-0400][gc          ] GC(767) Pause Young (Normal) (G1 Evacuation Pause) 534M->445M(1024M) 21.397ms
[2023-04-17T21:26:03.340-0400][gc,cpu      ] GC(767) User=0.05s Sys=0.02s Real=0.03s
[2023-04-17T21:27:17.230-0400][gc,start    ] GC(768) Pause Young (Normal) (G1 Evacuation Pause)
[2023-04-17T21:27:17.230-0400][gc,task     ] GC(768) Using 8 workers of 8 for evacuation
[2023-04-17T21:27:17.235-0400][gc,phases   ] GC(768)   Pre Evacuate Collection Set: 0.1ms
[2023-04-17T21:27:17.235-0400][gc,phases   ] GC(768)   Merge Heap Roots: 0.1ms
[2023-04-17T21:27:17.235-0400][gc,phases   ] GC(768)   Evacuate Collection Set: 4.6ms
[2023-04-17T21:27:17.235-0400][gc,phases   ] GC(768)   Post Evacuate Collection Set: 0.3ms
[2023-04-17T21:27:17.235-0400][gc,phases   ] GC(768)   Other: 0.1ms
[2023-04-17T21:27:17.235-0400][gc,heap     ] GC(768) Eden regions: 113->0(97)
[2023-04-17T21:27:17.235-0400][gc,heap     ] GC(768) Survivor regions: 8->11(16)
[2023-04-17T21:27:17.235-0400][gc,heap     ] GC(768) Old regions: 308->308
[2023-04-17T21:27:17.235-0400][gc,heap     ] GC(768) Archive regions: 2->2
[2023-04-17T21:27:17.235-0400][gc,heap     ] GC(768) Humongous regions: 129->129
[2023-04-17T21:27:17.235-0400][gc,metaspace] GC(768) Metaspace: 44220K(44928K)->44220K(44928K) NonClass: 39124K(39488K)->39124K(39488K) Class: 5095K(5440K)->5095K(5440K)
[2023-04-17T21:27:17.235-0400][gc          ] GC(768) Pause Young (Normal) (G1 Evacuation Pause) 558M->447M(1024M) 5.333ms
[2023-04-17T21:27:17.235-0400][gc,cpu      ] GC(768) User=0.04s Sys=0.00s Real=0.00s
[2023-04-17T21:28:22.214-0400][gc,start    ] GC(769) Pause Young (Normal) (G1 Evacuation Pause)
[2023-04-17T21:28:22.214-0400][gc,task     ] GC(769) Using 8 workers of 8 for evacuation
[2023-04-17T21:28:22.228-0400][gc,phases   ] GC(769)   Pre Evacuate Collection Set: 0.2ms
[2023-04-17T21:28:22.228-0400][gc,phases   ] GC(769)   Merge Heap Roots: 0.1ms
[2023-04-17T21:28:22.228-0400][gc,phases   ] GC(769)   Evacuate Collection Set: 13.6ms
[2023-04-17T21:28:22.228-0400][gc,phases   ] GC(769)   Post Evacuate Collection Set: 0.4ms
[2023-04-17T21:28:22.228-0400][gc,phases   ] GC(769)   Other: 0.1ms
[2023-04-17T21:28:22.228-0400][gc,heap     ] GC(769) Eden regions: 97->0(167)
[2023-04-17T21:28:22.228-0400][gc,heap     ] GC(769) Survivor regions: 11->10(14)
[2023-04-17T21:28:22.228-0400][gc,heap     ] GC(769) Old regions: 308->310
[2023-04-17T21:28:22.228-0400][gc,heap     ] GC(769) Archive regions: 2->2
[2023-04-17T21:28:22.228-0400][gc,heap     ] GC(769) Humongous regions: 129->129
[2023-04-17T21:28:22.228-0400][gc,metaspace] GC(769) Metaspace: 44226K(44928K)->44226K(44928K) NonClass: 39130K(39488K)->39130K(39488K) Class: 5095K(5440K)->5095K(5440K)
[2023-04-17T21:28:22.228-0400][gc          ] GC(769) Pause Young (Normal) (G1 Evacuation Pause) 544M->449M(1024M) 14.738ms
[2023-04-17T21:28:22.228-0400][gc,cpu      ] GC(769) User=0.06s Sys=0.02s Real=0.01s
[2023-04-17T21:30:14.916-0400][gc,start    ] GC(770) Pause Young (Normal) (G1 Evacuation Pause)
[2023-04-17T21:30:14.916-0400][gc,task     ] GC(770) Using 8 workers of 8 for evacuation
[2023-04-17T21:30:14.957-0400][gc,mmu      ] GC(770) MMU target violated: 21.0ms (20.0ms/21.0ms)
[2023-04-17T21:30:14.957-0400][gc,phases   ] GC(770)   Pre Evacuate Collection Set: 1.8ms
[2023-04-17T21:30:14.957-0400][gc,phases   ] GC(770)   Merge Heap Roots: 0.3ms
[2023-04-17T21:30:14.957-0400][gc,phases   ] GC(770)   Evacuate Collection Set: 38.1ms
[2023-04-17T21:30:14.957-0400][gc,phases   ] GC(770)   Post Evacuate Collection Set: 0.4ms
[2023-04-17T21:30:14.957-0400][gc,phases   ] GC(770)   Other: 0.2ms
[2023-04-17T21:30:14.957-0400][gc,heap     ] GC(770) Eden regions: 167->0(39)
[2023-04-17T21:30:14.957-0400][gc,heap     ] GC(770) Survivor regions: 10->12(23)
[2023-04-17T21:30:14.957-0400][gc,heap     ] GC(770) Old regions: 310->310
[2023-04-17T21:30:14.957-0400][gc,heap     ] GC(770) Archive regions: 2->2
[2023-04-17T21:30:14.957-0400][gc,heap     ] GC(770) Humongous regions: 129->129
[2023-04-17T21:30:14.957-0400][gc,metaspace] GC(770) Metaspace: 44226K(44928K)->44226K(44928K) NonClass: 39130K(39488K)->39130K(39488K) Class: 5095K(5440K)->5095K(5440K)
[2023-04-17T21:30:14.957-0400][gc          ] GC(770) Pause Young (Normal) (G1 Evacuation Pause) 616M->451M(1024M) 41.019ms
[2023-04-17T21:30:14.957-0400][gc,cpu      ] GC(770) User=0.07s Sys=0.09s Real=0.04s
[2023-04-17T21:30:40.623-0400][gc,start    ] GC(771) Pause Young (Normal) (G1 Evacuation Pause)
[2023-04-17T21:30:40.623-0400][gc,task     ] GC(771) Using 8 workers of 8 for evacuation
[2023-04-17T21:30:40.659-0400][gc,mmu      ] GC(771) MMU target violated: 21.0ms (20.0ms/21.0ms)
[2023-04-17T21:30:40.659-0400][gc,phases   ] GC(771)   Pre Evacuate Collection Set: 2.1ms
[2023-04-17T21:30:40.659-0400][gc,phases   ] GC(771)   Merge Heap Roots: 0.2ms
[2023-04-17T21:30:40.659-0400][gc,phases   ] GC(771)   Evacuate Collection Set: 33.0ms
[2023-04-17T21:30:40.659-0400][gc,phases   ] GC(771)   Post Evacuate Collection Set: 0.9ms
[2023-04-17T21:30:40.659-0400][gc,phases   ] GC(771)   Other: 0.2ms
[2023-04-17T21:30:40.659-0400][gc,heap     ] GC(771) Eden regions: 39->0(132)
[2023-04-17T21:30:40.659-0400][gc,heap     ] GC(771) Survivor regions: 12->5(7)
[2023-04-17T21:30:40.659-0400][gc,heap     ] GC(771) Old regions: 310->318
[2023-04-17T21:30:40.659-0400][gc,heap     ] GC(771) Archive regions: 2->2
[2023-04-17T21:30:40.659-0400][gc,heap     ] GC(771) Humongous regions: 129->129
[2023-04-17T21:30:40.659-0400][gc,metaspace] GC(771) Metaspace: 44226K(44928K)->44226K(44928K) NonClass: 39130K(39488K)->39130K(39488K) Class: 5095K(5440K)->5095K(5440K)
[2023-04-17T21:30:40.659-0400][gc          ] GC(771) Pause Young (Normal) (G1 Evacuation Pause) 490M->452M(1024M) 36.610ms
[2023-04-17T21:30:40.659-0400][gc,cpu      ] GC(771) User=0.08s Sys=0.08s Real=0.03s
[2023-04-17T21:32:09.000-0400][gc,start    ] GC(772) Pause Young (Normal) (G1 Evacuation Pause)
[2023-04-17T21:32:09.000-0400][gc,task     ] GC(772) Using 8 workers of 8 for evacuation
[2023-04-17T21:32:09.006-0400][gc,phases   ] GC(772)   Pre Evacuate Collection Set: 0.1ms
[2023-04-17T21:32:09.006-0400][gc,phases   ] GC(772)   Merge Heap Roots: 0.1ms
[2023-04-17T21:32:09.006-0400][gc,phases   ] GC(772)   Evacuate Collection Set: 5.4ms
[2023-04-17T21:32:09.006-0400][gc,phases   ] GC(772)   Post Evacuate Collection Set: 0.5ms
[2023-04-17T21:32:09.006-0400][gc,phases   ] GC(772)   Other: 0.1ms
[2023-04-17T21:32:09.006-0400][gc,heap     ] GC(772) Eden regions: 132->0(116)
[2023-04-17T21:32:09.006-0400][gc,heap     ] GC(772) Survivor regions: 5->7(18)
[2023-04-17T21:32:09.006-0400][gc,heap     ] GC(772) Old regions: 318->318
[2023-04-17T21:32:09.006-0400][gc,heap     ] GC(772) Archive regions: 2->2
[2023-04-17T21:32:09.006-0400][gc,heap     ] GC(772) Humongous regions: 129->129
[2023-04-17T21:32:09.006-0400][gc,metaspace] GC(772) Metaspace: 44226K(44928K)->44226K(44928K) NonClass: 39130K(39488K)->39130K(39488K) Class: 5095K(5440K)->5095K(5440K)
[2023-04-17T21:32:09.006-0400][gc          ] GC(772) Pause Young (Normal) (G1 Evacuation Pause) 584M->453M(1024M) 6.593ms
[2023-04-17T21:32:09.006-0400][gc,cpu      ] GC(772) User=0.04s Sys=0.01s Real=0.00s
[2023-04-17T21:33:25.704-0400][gc,start    ] GC(773) Pause Young (Normal) (G1 Evacuation Pause)
[2023-04-17T21:33:25.704-0400][gc,task     ] GC(773) Using 8 workers of 8 for evacuation
[2023-04-17T21:33:25.721-0400][gc,phases   ] GC(773)   Pre Evacuate Collection Set: 0.6ms
[2023-04-17T21:33:25.721-0400][gc,phases   ] GC(773)   Merge Heap Roots: 0.2ms
[2023-04-17T21:33:25.721-0400][gc,phases   ] GC(773)   Evacuate Collection Set: 15.1ms
[2023-04-17T21:33:25.721-0400][gc,phases   ] GC(773)   Post Evacuate Collection Set: 0.9ms
[2023-04-17T21:33:25.721-0400][gc,phases   ] GC(773)   Other: 0.2ms
[2023-04-17T21:33:25.721-0400][gc,heap     ] GC(773) Eden regions: 116->0(42)
[2023-04-17T21:33:25.721-0400][gc,heap     ] GC(773) Survivor regions: 7->9(16)
[2023-04-17T21:33:25.721-0400][gc,heap     ] GC(773) Old regions: 318->318
[2023-04-17T21:33:25.721-0400][gc,heap     ] GC(773) Archive regions: 2->2
[2023-04-17T21:33:25.721-0400][gc,heap     ] GC(773) Humongous regions: 129->129
[2023-04-17T21:33:25.721-0400][gc,metaspace] GC(773) Metaspace: 44226K(44928K)->44226K(44928K) NonClass: 39130K(39488K)->39130K(39488K) Class: 5095K(5440K)->5095K(5440K)
[2023-04-17T21:33:25.721-0400][gc          ] GC(773) Pause Young (Normal) (G1 Evacuation Pause) 569M->455M(1024M) 17.638ms
[2023-04-17T21:33:25.722-0400][gc,cpu      ] GC(773) User=0.03s Sys=0.06s Real=0.02s
[2023-04-17T21:33:52.692-0400][gc,start    ] GC(774) Pause Young (Normal) (G1 Evacuation Pause)
[2023-04-17T21:33:52.693-0400][gc,task     ] GC(774) Using 8 workers of 8 for evacuation
[2023-04-17T21:33:52.753-0400][gc,mmu      ] GC(774) MMU target violated: 21.0ms (20.0ms/21.0ms)
[2023-04-17T21:33:52.753-0400][gc,phases   ] GC(774)   Pre Evacuate Collection Set: 0.4ms
[2023-04-17T21:33:52.753-0400][gc,phases   ] GC(774)   Merge Heap Roots: 0.2ms
[2023-04-17T21:33:52.753-0400][gc,phases   ] GC(774)   Evacuate Collection Set: 58.6ms
[2023-04-17T21:33:52.753-0400][gc,phases   ] GC(774)   Post Evacuate Collection Set: 0.5ms
[2023-04-17T21:33:52.753-0400][gc,phases   ] GC(774)   Other: 0.3ms
[2023-04-17T21:33:52.753-0400][gc,heap     ] GC(774) Eden regions: 42->0(63)
[2023-04-17T21:33:52.753-0400][gc,heap     ] GC(774) Survivor regions: 9->4(7)
[2023-04-17T21:33:52.753-0400][gc,heap     ] GC(774) Old regions: 318->324
[2023-04-17T21:33:52.753-0400][gc,heap     ] GC(774) Archive regions: 2->2
[2023-04-17T21:33:52.753-0400][gc,heap     ] GC(774) Humongous regions: 129->129
[2023-04-17T21:33:52.753-0400][gc,metaspace] GC(774) Metaspace: 44226K(44928K)->44226K(44928K) NonClass: 39130K(39488K)->39130K(39488K) Class: 5095K(5440K)->5095K(5440K)
[2023-04-17T21:33:52.753-0400][gc          ] GC(774) Pause Young (Normal) (G1 Evacuation Pause) 497M->456M(1024M) 60.808ms
[2023-04-17T21:33:52.753-0400][gc,cpu      ] GC(774) User=0.04s Sys=0.08s Real=0.06s
[2023-04-17T21:34:33.205-0400][gc,start    ] GC(775) Pause Young (Normal) (G1 Evacuation Pause)
[2023-04-17T21:34:33.206-0400][gc,task     ] GC(775) Using 8 workers of 8 for evacuation
[2023-04-17T21:34:33.210-0400][gc,phases   ] GC(775)   Pre Evacuate Collection Set: 0.2ms
[2023-04-17T21:34:33.210-0400][gc,phases   ] GC(775)   Merge Heap Roots: 0.1ms
[2023-04-17T21:34:33.210-0400][gc,phases   ] GC(775)   Evacuate Collection Set: 3.6ms
[2023-04-17T21:34:33.210-0400][gc,phases   ] GC(775)   Post Evacuate Collection Set: 0.4ms
[2023-04-17T21:34:33.210-0400][gc,phases   ] GC(775)   Other: 0.2ms
[2023-04-17T21:34:33.210-0400][gc,heap     ] GC(775) Eden regions: 63->0(111)
[2023-04-17T21:34:33.210-0400][gc,heap     ] GC(775) Survivor regions: 4->4(9)
[2023-04-17T21:34:33.210-0400][gc,heap     ] GC(775) Old regions: 324->324
[2023-04-17T21:34:33.210-0400][gc,heap     ] GC(775) Archive regions: 2->2
[2023-04-17T21:34:33.210-0400][gc,heap     ] GC(775) Humongous regions: 129->129
[2023-04-17T21:34:33.210-0400][gc,metaspace] GC(775) Metaspace: 44226K(44928K)->44226K(44928K) NonClass: 39130K(39488K)->39130K(39488K) Class: 5095K(5440K)->5095K(5440K)
[2023-04-17T21:34:33.210-0400][gc          ] GC(775) Pause Young (Normal) (G1 Evacuation Pause) 519M->457M(1024M) 5.711ms
[2023-04-17T21:34:33.210-0400][gc,cpu      ] GC(775) User=0.02s Sys=0.00s Real=0.01s
[2023-04-17T21:35:45.258-0400][gc,start    ] GC(776) Pause Young (Normal) (G1 Evacuation Pause)
[2023-04-17T21:35:45.271-0400][gc,task     ] GC(776) Using 8 workers of 8 for evacuation
[2023-04-17T21:35:45.282-0400][gc,phases   ] GC(776)   Pre Evacuate Collection Set: 0.2ms
[2023-04-17T21:35:45.293-0400][gc,phases   ] GC(776)   Merge Heap Roots: 0.2ms
[2023-04-17T21:35:45.293-0400][gc,phases   ] GC(776)   Evacuate Collection Set: 7.8ms
[2023-04-17T21:35:45.294-0400][gc,phases   ] GC(776)   Post Evacuate Collection Set: 0.6ms
[2023-04-17T21:35:45.294-0400][gc,phases   ] GC(776)   Other: 1.9ms
[2023-04-17T21:35:45.294-0400][gc,heap     ] GC(776) Eden regions: 111->0(45)
[2023-04-17T21:35:45.294-0400][gc,heap     ] GC(776) Survivor regions: 4->6(15)
[2023-04-17T21:35:45.294-0400][gc,heap     ] GC(776) Old regions: 324->324
[2023-04-17T21:35:45.294-0400][gc,heap     ] GC(776) Archive regions: 2->2
[2023-04-17T21:35:45.294-0400][gc,heap     ] GC(776) Humongous regions: 129->129
[2023-04-17T21:35:45.294-0400][gc,metaspace] GC(776) Metaspace: 44226K(44928K)->44226K(44928K) NonClass: 39130K(39488K)->39130K(39488K) Class: 5095K(5440K)->5095K(5440K)
[2023-04-17T21:35:45.294-0400][gc          ] GC(776) Pause Young (Normal) (G1 Evacuation Pause) 568M->459M(1024M) 35.778ms
[2023-04-17T21:35:45.294-0400][gc,cpu      ] GC(776) User=0.05s Sys=0.01s Real=0.04s
[2023-04-17T21:36:14.987-0400][gc,start    ] GC(777) Pause Young (Normal) (G1 Evacuation Pause)
[2023-04-17T21:36:14.988-0400][gc,task     ] GC(777) Using 8 workers of 8 for evacuation
[2023-04-17T21:36:15.008-0400][gc,phases   ] GC(777)   Pre Evacuate Collection Set: 0.4ms
[2023-04-17T21:36:15.008-0400][gc,phases   ] GC(777)   Merge Heap Roots: 0.2ms
[2023-04-17T21:36:15.008-0400][gc,phases   ] GC(777)   Evacuate Collection Set: 18.4ms
[2023-04-17T21:36:15.008-0400][gc,phases   ] GC(777)   Post Evacuate Collection Set: 0.4ms
[2023-04-17T21:36:15.008-0400][gc,phases   ] GC(777)   Other: 0.3ms
[2023-04-17T21:36:15.008-0400][gc,heap     ] GC(777) Eden regions: 45->0(96)
[2023-04-17T21:36:15.008-0400][gc,heap     ] GC(777) Survivor regions: 6->5(7)
[2023-04-17T21:36:15.008-0400][gc,heap     ] GC(777) Old regions: 324->327
[2023-04-17T21:36:15.008-0400][gc,heap     ] GC(777) Archive regions: 2->2
[2023-04-17T21:36:15.008-0400][gc,heap     ] GC(777) Humongous regions: 129->129
[2023-04-17T21:36:15.008-0400][gc,metaspace] GC(777) Metaspace: 44226K(44928K)->44226K(44928K) NonClass: 39130K(39488K)->39130K(39488K) Class: 5095K(5440K)->5095K(5440K)
[2023-04-17T21:36:15.008-0400][gc          ] GC(777) Pause Young (Normal) (G1 Evacuation Pause) 504M->460M(1024M) 21.218ms
[2023-04-17T21:36:15.008-0400][gc,cpu      ] GC(777) User=0.04s Sys=0.03s Real=0.02s
[2023-04-17T21:37:17.589-0400][gc,start    ] GC(778) Pause Young (Normal) (G1 Evacuation Pause)
[2023-04-17T21:37:17.589-0400][gc,task     ] GC(778) Using 8 workers of 8 for evacuation
[2023-04-17T21:37:17.597-0400][gc,phases   ] GC(778)   Pre Evacuate Collection Set: 0.4ms
[2023-04-17T21:37:17.597-0400][gc,phases   ] GC(778)   Merge Heap Roots: 0.4ms
[2023-04-17T21:37:17.597-0400][gc,phases   ] GC(778)   Evacuate Collection Set: 6.5ms
[2023-04-17T21:37:17.598-0400][gc,phases   ] GC(778)   Post Evacuate Collection Set: 0.5ms
[2023-04-17T21:37:17.598-0400][gc,phases   ] GC(778)   Other: 0.2ms
[2023-04-17T21:37:17.598-0400][gc,heap     ] GC(778) Eden regions: 96->0(109)
[2023-04-17T21:37:17.598-0400][gc,heap     ] GC(778) Survivor regions: 5->6(13)
[2023-04-17T21:37:17.598-0400][gc,heap     ] GC(778) Old regions: 327->327
[2023-04-17T21:37:17.598-0400][gc,heap     ] GC(778) Archive regions: 2->2
[2023-04-17T21:37:17.598-0400][gc,heap     ] GC(778) Humongous regions: 129->129
[2023-04-17T21:37:17.598-0400][gc,metaspace] GC(778) Metaspace: 44226K(44928K)->44226K(44928K) NonClass: 39130K(39488K)->39130K(39488K) Class: 5095K(5440K)->5095K(5440K)
[2023-04-17T21:37:17.598-0400][gc          ] GC(778) Pause Young (Normal) (G1 Evacuation Pause) 556M->461M(1024M) 8.724ms
[2023-04-17T21:37:17.598-0400][gc,cpu      ] GC(778) User=0.05s Sys=0.00s Real=0.01s
[2023-04-17T21:38:27.524-0400][gc,start    ] GC(779) Pause Young (Normal) (G1 Evacuation Pause)
[2023-04-17T21:38:27.526-0400][gc,task     ] GC(779) Using 8 workers of 8 for evacuation
[2023-04-17T21:38:27.535-0400][gc,phases   ] GC(779)   Pre Evacuate Collection Set: 0.2ms
[2023-04-17T21:38:27.535-0400][gc,phases   ] GC(779)   Merge Heap Roots: 0.2ms
[2023-04-17T21:38:27.535-0400][gc,phases   ] GC(779)   Evacuate Collection Set: 8.1ms
[2023-04-17T21:38:27.535-0400][gc,phases   ] GC(779)   Post Evacuate Collection Set: 0.6ms
[2023-04-17T21:38:27.535-0400][gc,phases   ] GC(779)   Other: 0.3ms
[2023-04-17T21:38:27.535-0400][gc,heap     ] GC(779) Eden regions: 109->0(106)
[2023-04-17T21:38:27.535-0400][gc,heap     ] GC(779) Survivor regions: 6->7(15)
[2023-04-17T21:38:27.535-0400][gc,heap     ] GC(779) Old regions: 327->327
[2023-04-17T21:38:27.535-0400][gc,heap     ] GC(779) Archive regions: 2->2
[2023-04-17T21:38:27.535-0400][gc,heap     ] GC(779) Humongous regions: 129->129
[2023-04-17T21:38:27.535-0400][gc,metaspace] GC(779) Metaspace: 44226K(44928K)->44226K(44928K) NonClass: 39130K(39488K)->39130K(39488K) Class: 5095K(5440K)->5095K(5440K)
[2023-04-17T21:38:27.535-0400][gc          ] GC(779) Pause Young (Normal) (G1 Evacuation Pause) 570M->463M(1024M) 11.852ms
[2023-04-17T21:38:27.535-0400][gc,cpu      ] GC(779) User=0.06s Sys=0.01s Real=0.01s
[2023-04-17T21:39:36.568-0400][gc,start    ] GC(780) Pause Young (Normal) (G1 Evacuation Pause)
[2023-04-17T21:39:36.569-0400][gc,task     ] GC(780) Using 8 workers of 8 for evacuation
[2023-04-17T21:39:36.578-0400][gc,phases   ] GC(780)   Pre Evacuate Collection Set: 0.1ms
[2023-04-17T21:39:36.578-0400][gc,phases   ] GC(780)   Merge Heap Roots: 0.1ms
[2023-04-17T21:39:36.578-0400][gc,phases   ] GC(780)   Evacuate Collection Set: 8.1ms
[2023-04-17T21:39:36.578-0400][gc,phases   ] GC(780)   Post Evacuate Collection Set: 0.5ms
[2023-04-17T21:39:36.578-0400][gc,phases   ] GC(780)   Other: 0.2ms
[2023-04-17T21:39:36.578-0400][gc,heap     ] GC(780) Eden regions: 106->0(66)
[2023-04-17T21:39:36.578-0400][gc,heap     ] GC(780) Survivor regions: 7->9(15)
[2023-04-17T21:39:36.578-0400][gc,heap     ] GC(780) Old regions: 327->327
[2023-04-17T21:39:36.578-0400][gc,heap     ] GC(780) Archive regions: 2->2
[2023-04-17T21:39:36.578-0400][gc,heap     ] GC(780) Humongous regions: 129->129
[2023-04-17T21:39:36.578-0400][gc,metaspace] GC(780) Metaspace: 44226K(44928K)->44226K(44928K) NonClass: 39130K(39488K)->39130K(39488K) Class: 5095K(5440K)->5095K(5440K)
[2023-04-17T21:39:36.578-0400][gc          ] GC(780) Pause Young (Normal) (G1 Evacuation Pause) 569M->465M(1024M) 10.345ms
[2023-04-17T21:39:36.578-0400][gc,cpu      ] GC(780) User=0.05s Sys=0.00s Real=0.01s
[2023-04-17T21:40:20.342-0400][gc,start    ] GC(781) Pause Young (Normal) (G1 Evacuation Pause)
[2023-04-17T21:40:20.343-0400][gc,task     ] GC(781) Using 8 workers of 8 for evacuation
[2023-04-17T21:40:20.378-0400][gc,mmu      ] GC(781) MMU target violated: 21.0ms (20.0ms/21.0ms)
[2023-04-17T21:40:20.378-0400][gc,phases   ] GC(781)   Pre Evacuate Collection Set: 1.5ms
[2023-04-17T21:40:20.378-0400][gc,phases   ] GC(781)   Merge Heap Roots: 0.2ms
[2023-04-17T21:40:20.378-0400][gc,phases   ] GC(781)   Evacuate Collection Set: 31.8ms
[2023-04-17T21:40:20.378-0400][gc,phases   ] GC(781)   Post Evacuate Collection Set: 0.4ms
[2023-04-17T21:40:20.378-0400][gc,phases   ] GC(781)   Other: 0.4ms
[2023-04-17T21:40:20.378-0400][gc,heap     ] GC(781) Eden regions: 66->0(105)
[2023-04-17T21:40:20.378-0400][gc,heap     ] GC(781) Survivor regions: 9->6(10)
[2023-04-17T21:40:20.378-0400][gc,heap     ] GC(781) Old regions: 327->332
[2023-04-17T21:40:20.378-0400][gc,heap     ] GC(781) Archive regions: 2->2
[2023-04-17T21:40:20.378-0400][gc,heap     ] GC(781) Humongous regions: 129->129
[2023-04-17T21:40:20.378-0400][gc,metaspace] GC(781) Metaspace: 44226K(44928K)->44226K(44928K) NonClass: 39130K(39488K)->39130K(39488K) Class: 5095K(5440K)->5095K(5440K)
[2023-04-17T21:40:20.378-0400][gc          ] GC(781) Pause Young (Normal) (G1 Evacuation Pause) 531M->466M(1024M) 35.650ms
[2023-04-17T21:40:20.378-0400][gc,cpu      ] GC(781) User=0.07s Sys=0.05s Real=0.03s
[2023-04-17T21:41:30.323-0400][gc,start    ] GC(782) Pause Young (Normal) (G1 Evacuation Pause)
[2023-04-17T21:41:30.324-0400][gc,task     ] GC(782) Using 8 workers of 8 for evacuation
[2023-04-17T21:41:30.354-0400][gc,mmu      ] GC(782) MMU target violated: 21.0ms (20.0ms/21.0ms)
[2023-04-17T21:41:30.354-0400][gc,phases   ] GC(782)   Pre Evacuate Collection Set: 2.7ms
[2023-04-17T21:41:30.354-0400][gc,phases   ] GC(782)   Merge Heap Roots: 1.2ms
[2023-04-17T21:41:30.354-0400][gc,phases   ] GC(782)   Evacuate Collection Set: 24.7ms
[2023-04-17T21:41:30.354-0400][gc,phases   ] GC(782)   Post Evacuate Collection Set: 1.1ms
[2023-04-17T21:41:30.354-0400][gc,phases   ] GC(782)   Other: 0.9ms
[2023-04-17T21:41:30.355-0400][gc,heap     ] GC(782) Eden regions: 105->0(44)
[2023-04-17T21:41:30.355-0400][gc,heap     ] GC(782) Survivor regions: 6->7(14)
[2023-04-17T21:41:30.355-0400][gc,heap     ] GC(782) Old regions: 332->332
[2023-04-17T21:41:30.355-0400][gc,heap     ] GC(782) Archive regions: 2->2
[2023-04-17T21:41:30.355-0400][gc,heap     ] GC(782) Humongous regions: 129->129
[2023-04-17T21:41:30.355-0400][gc,metaspace] GC(782) Metaspace: 44226K(44928K)->44226K(44928K) NonClass: 39130K(39488K)->39130K(39488K) Class: 5095K(5440K)->5095K(5440K)
[2023-04-17T21:41:30.355-0400][gc          ] GC(782) Pause Young (Normal) (G1 Evacuation Pause) 571M->468M(1024M) 31.891ms
[2023-04-17T21:41:30.355-0400][gc,cpu      ] GC(782) User=0.05s Sys=0.09s Real=0.03s
[2023-04-17T21:41:58.722-0400][gc,start    ] GC(783) Pause Young (Normal) (G1 Evacuation Pause)
[2023-04-17T21:41:58.722-0400][gc,task     ] GC(783) Using 8 workers of 8 for evacuation
[2023-04-17T21:41:58.756-0400][gc,mmu      ] GC(783) MMU target violated: 21.0ms (20.0ms/21.0ms)
[2023-04-17T21:41:58.756-0400][gc,phases   ] GC(783)   Pre Evacuate Collection Set: 0.1ms
[2023-04-17T21:41:58.756-0400][gc,phases   ] GC(783)   Merge Heap Roots: 0.1ms
[2023-04-17T21:41:58.756-0400][gc,phases   ] GC(783)   Evacuate Collection Set: 31.2ms
[2023-04-17T21:41:58.756-0400][gc,phases   ] GC(783)   Post Evacuate Collection Set: 0.4ms
[2023-04-17T21:41:58.756-0400][gc,phases   ] GC(783)   Other: 2.3ms
[2023-04-17T21:41:58.756-0400][gc,heap     ] GC(783) Eden regions: 44->0(46)
[2023-04-17T21:41:58.756-0400][gc,heap     ] GC(783) Survivor regions: 7->5(7)
[2023-04-17T21:41:58.756-0400][gc,heap     ] GC(783) Old regions: 332->335
[2023-04-17T21:41:58.756-0400][gc,heap     ] GC(783) Archive regions: 2->2
[2023-04-17T21:41:58.756-0400][gc,heap     ] GC(783) Humongous regions: 129->129
[2023-04-17T21:41:58.756-0400][gc,metaspace] GC(783) Metaspace: 44226K(44928K)->44226K(44928K) NonClass: 39130K(39488K)->39130K(39488K) Class: 5095K(5440K)->5095K(5440K)
[2023-04-17T21:41:58.758-0400][gc          ] GC(783) Pause Young (Normal) (G1 Evacuation Pause) 512M->469M(1024M) 34.426ms
[2023-04-17T21:41:58.758-0400][gc,cpu      ] GC(783) User=0.03s Sys=0.02s Real=0.03s
[2023-04-17T21:42:28.662-0400][gc,start    ] GC(784) Pause Young (Normal) (G1 Evacuation Pause)
[2023-04-17T21:42:28.662-0400][gc,task     ] GC(784) Using 8 workers of 8 for evacuation
[2023-04-17T21:42:28.673-0400][gc,phases   ] GC(784)   Pre Evacuate Collection Set: 0.3ms
[2023-04-17T21:42:28.673-0400][gc,phases   ] GC(784)   Merge Heap Roots: 0.2ms
[2023-04-17T21:42:28.673-0400][gc,phases   ] GC(784)   Evacuate Collection Set: 9.0ms
[2023-04-17T21:42:28.673-0400][gc,phases   ] GC(784)   Post Evacuate Collection Set: 0.4ms
[2023-04-17T21:42:28.673-0400][gc,phases   ] GC(784)   Other: 0.3ms
[2023-04-17T21:42:28.673-0400][gc,heap     ] GC(784) Eden regions: 46->0(114)
[2023-04-17T21:42:28.673-0400][gc,heap     ] GC(784) Survivor regions: 5->4(7)
[2023-04-17T21:42:28.673-0400][gc,heap     ] GC(784) Old regions: 335->336
[2023-04-17T21:42:28.673-0400][gc,heap     ] GC(784) Archive regions: 2->2
[2023-04-17T21:42:28.673-0400][gc,heap     ] GC(784) Humongous regions: 129->129
[2023-04-17T21:42:28.673-0400][gc,metaspace] GC(784) Metaspace: 44226K(44928K)->44226K(44928K) NonClass: 39130K(39488K)->39130K(39488K) Class: 5095K(5440K)->5095K(5440K)
[2023-04-17T21:42:28.673-0400][gc          ] GC(784) Pause Young (Normal) (G1 Evacuation Pause) 515M->469M(1024M) 10.655ms
[2023-04-17T21:42:28.673-0400][gc,cpu      ] GC(784) User=0.04s Sys=0.01s Real=0.01s
[2023-04-17T21:43:44.135-0400][gc,start    ] GC(785) Pause Young (Normal) (G1 Evacuation Pause)
[2023-04-17T21:43:44.135-0400][gc,task     ] GC(785) Using 8 workers of 8 for evacuation
[2023-04-17T21:43:44.147-0400][gc,phases   ] GC(785)   Pre Evacuate Collection Set: 0.4ms
[2023-04-17T21:43:44.147-0400][gc,phases   ] GC(785)   Merge Heap Roots: 0.2ms
[2023-04-17T21:43:44.147-0400][gc,phases   ] GC(785)   Evacuate Collection Set: 10.3ms
[2023-04-17T21:43:44.147-0400][gc,phases   ] GC(785)   Post Evacuate Collection Set: 1.4ms
[2023-04-17T21:43:44.147-0400][gc,phases   ] GC(785)   Other: 0.1ms
[2023-04-17T21:43:44.147-0400][gc,heap     ] GC(785) Eden regions: 114->0(45)
[2023-04-17T21:43:44.147-0400][gc,heap     ] GC(785) Survivor regions: 4->6(15)
[2023-04-17T21:43:44.147-0400][gc,heap     ] GC(785) Old regions: 336->336
[2023-04-17T21:43:44.147-0400][gc,heap     ] GC(785) Archive regions: 2->2
[2023-04-17T21:43:44.148-0400][gc,heap     ] GC(785) Humongous regions: 129->129
[2023-04-17T21:43:44.148-0400][gc,metaspace] GC(785) Metaspace: 44226K(44928K)->44226K(44928K) NonClass: 39130K(39488K)->39130K(39488K) Class: 5095K(5440K)->5095K(5440K)
[2023-04-17T21:43:44.148-0400][gc          ] GC(785) Pause Young (Normal) (G1 Evacuation Pause) 583M->471M(1024M) 12.694ms
[2023-04-17T21:43:44.148-0400][gc,cpu      ] GC(785) User=0.03s Sys=0.01s Real=0.01s
[2023-04-17T21:44:13.429-0400][gc,start    ] GC(786) Pause Young (Normal) (G1 Evacuation Pause)
[2023-04-17T21:44:13.430-0400][gc,task     ] GC(786) Using 8 workers of 8 for evacuation
[2023-04-17T21:44:13.444-0400][gc,phases   ] GC(786)   Pre Evacuate Collection Set: 0.3ms
[2023-04-17T21:44:13.444-0400][gc,phases   ] GC(786)   Merge Heap Roots: 0.2ms
[2023-04-17T21:44:13.444-0400][gc,phases   ] GC(786)   Evacuate Collection Set: 13.4ms
[2023-04-17T21:44:13.444-0400][gc,phases   ] GC(786)   Post Evacuate Collection Set: 0.5ms
[2023-04-17T21:44:13.444-0400][gc,phases   ] GC(786)   Other: 0.2ms
[2023-04-17T21:44:13.444-0400][gc,heap     ] GC(786) Eden regions: 45->0(123)
[2023-04-17T21:44:13.444-0400][gc,heap     ] GC(786) Survivor regions: 6->5(7)
[2023-04-17T21:44:13.444-0400][gc,heap     ] GC(786) Old regions: 336->338
[2023-04-17T21:44:13.444-0400][gc,heap     ] GC(786) Archive regions: 2->2
[2023-04-17T21:44:13.444-0400][gc,heap     ] GC(786) Humongous regions: 129->129
[2023-04-17T21:44:13.444-0400][gc,metaspace] GC(786) Metaspace: 44226K(44928K)->44226K(44928K) NonClass: 39130K(39488K)->39130K(39488K) Class: 5095K(5440K)->5095K(5440K)
[2023-04-17T21:44:13.444-0400][gc          ] GC(786) Pause Young (Normal) (G1 Evacuation Pause) 516M->472M(1024M) 14.877ms
[2023-04-17T21:44:13.444-0400][gc,cpu      ] GC(786) User=0.05s Sys=0.03s Real=0.02s
[2023-04-17T21:45:35.494-0400][gc,start    ] GC(787) Pause Young (Normal) (G1 Evacuation Pause)
[2023-04-17T21:45:35.495-0400][gc,task     ] GC(787) Using 8 workers of 8 for evacuation
[2023-04-17T21:45:35.518-0400][gc,mmu      ] GC(787) MMU target violated: 21.0ms (20.0ms/21.0ms)
[2023-04-17T21:45:35.518-0400][gc,phases   ] GC(787)   Pre Evacuate Collection Set: 0.3ms
[2023-04-17T21:45:35.518-0400][gc,phases   ] GC(787)   Merge Heap Roots: 0.3ms
[2023-04-17T21:45:35.518-0400][gc,phases   ] GC(787)   Evacuate Collection Set: 22.2ms
[2023-04-17T21:45:35.518-0400][gc,phases   ] GC(787)   Post Evacuate Collection Set: 0.3ms
[2023-04-17T21:45:35.518-0400][gc,phases   ] GC(787)   Other: 0.2ms
[2023-04-17T21:45:35.518-0400][gc,heap     ] GC(787) Eden regions: 123->0(45)
[2023-04-17T21:45:35.518-0400][gc,heap     ] GC(787) Survivor regions: 5->6(16)
[2023-04-17T21:45:35.518-0400][gc,heap     ] GC(787) Old regions: 338->338
[2023-04-17T21:45:35.518-0400][gc,heap     ] GC(787) Archive regions: 2->2
[2023-04-17T21:45:35.518-0400][gc,heap     ] GC(787) Humongous regions: 129->129
[2023-04-17T21:45:35.518-0400][gc,metaspace] GC(787) Metaspace: 44226K(44928K)->44226K(44928K) NonClass: 39130K(39488K)->39130K(39488K) Class: 5095K(5440K)->5095K(5440K)
[2023-04-17T21:45:35.518-0400][gc          ] GC(787) Pause Young (Normal) (G1 Evacuation Pause) 595M->473M(1024M) 24.054ms
[2023-04-17T21:45:35.518-0400][gc,cpu      ] GC(787) User=0.05s Sys=0.06s Real=0.02s
[2023-04-17T21:46:04.212-0400][gc,start    ] GC(788) Pause Young (Normal) (G1 Evacuation Pause)
[2023-04-17T21:46:04.212-0400][gc,task     ] GC(788) Using 8 workers of 8 for evacuation
[2023-04-17T21:46:04.225-0400][gc,phases   ] GC(788)   Pre Evacuate Collection Set: 0.7ms
[2023-04-17T21:46:04.225-0400][gc,phases   ] GC(788)   Merge Heap Roots: 0.1ms
[2023-04-17T21:46:04.225-0400][gc,phases   ] GC(788)   Evacuate Collection Set: 11.0ms
[2023-04-17T21:46:04.225-0400][gc,phases   ] GC(788)   Post Evacuate Collection Set: 0.3ms
[2023-04-17T21:46:04.225-0400][gc,phases   ] GC(788)   Other: 0.2ms
[2023-04-17T21:46:04.225-0400][gc,heap     ] GC(788) Eden regions: 45->0(154)
[2023-04-17T21:46:04.225-0400][gc,heap     ] GC(788) Survivor regions: 6->4(7)
[2023-04-17T21:46:04.225-0400][gc,heap     ] GC(788) Old regions: 338->341
[2023-04-17T21:46:04.225-0400][gc,heap     ] GC(788) Archive regions: 2->2
[2023-04-17T21:46:04.225-0400][gc,heap     ] GC(788) Humongous regions: 129->129
[2023-04-17T21:46:04.225-0400][gc,metaspace] GC(788) Metaspace: 44226K(44928K)->44226K(44928K) NonClass: 39130K(39488K)->39130K(39488K) Class: 5095K(5440K)->5095K(5440K)
[2023-04-17T21:46:04.225-0400][gc          ] GC(788) Pause Young (Normal) (G1 Evacuation Pause) 518M->474M(1024M) 12.813ms
[2023-04-17T21:46:04.225-0400][gc,cpu      ] GC(788) User=0.03s Sys=0.02s Real=0.01s
[2023-04-17T21:47:45.165-0400][gc,start    ] GC(789) Pause Young (Normal) (G1 Evacuation Pause)
[2023-04-17T21:47:45.165-0400][gc,task     ] GC(789) Using 8 workers of 8 for evacuation
[2023-04-17T21:47:45.188-0400][gc,mmu      ] GC(789) MMU target violated: 21.0ms (20.0ms/21.0ms)
[2023-04-17T21:47:45.188-0400][gc,phases   ] GC(789)   Pre Evacuate Collection Set: 1.1ms
[2023-04-17T21:47:45.188-0400][gc,phases   ] GC(789)   Merge Heap Roots: 0.2ms
[2023-04-17T21:47:45.188-0400][gc,phases   ] GC(789)   Evacuate Collection Set: 20.5ms
[2023-04-17T21:47:45.188-0400][gc,phases   ] GC(789)   Post Evacuate Collection Set: 0.9ms
[2023-04-17T21:47:45.188-0400][gc,phases   ] GC(789)   Other: 0.2ms
[2023-04-17T21:47:45.188-0400][gc,heap     ] GC(789) Eden regions: 154->0(44)
[2023-04-17T21:47:45.188-0400][gc,heap     ] GC(789) Survivor regions: 4->7(20)
[2023-04-17T21:47:45.188-0400][gc,heap     ] GC(789) Old regions: 341->341
[2023-04-17T21:47:45.188-0400][gc,heap     ] GC(789) Archive regions: 2->2
[2023-04-17T21:47:45.188-0400][gc,heap     ] GC(789) Humongous regions: 129->129
[2023-04-17T21:47:45.188-0400][gc,metaspace] GC(789) Metaspace: 44226K(44928K)->44226K(44928K) NonClass: 39130K(39488K)->39130K(39488K) Class: 5095K(5440K)->5095K(5440K)
[2023-04-17T21:47:45.188-0400][gc          ] GC(789) Pause Young (Normal) (G1 Evacuation Pause) 628M->477M(1024M) 23.552ms
[2023-04-17T21:47:45.188-0400][gc,cpu      ] GC(789) User=0.04s Sys=0.06s Real=0.02s
[2023-04-17T21:48:13.615-0400][gc,start    ] GC(790) Pause Young (Normal) (G1 Evacuation Pause)
[2023-04-17T21:48:13.615-0400][gc,task     ] GC(790) Using 8 workers of 8 for evacuation
[2023-04-17T21:48:13.630-0400][gc,phases   ] GC(790)   Pre Evacuate Collection Set: 0.1ms
[2023-04-17T21:48:13.630-0400][gc,phases   ] GC(790)   Merge Heap Roots: 0.1ms
[2023-04-17T21:48:13.630-0400][gc,phases   ] GC(790)   Evacuate Collection Set: 14.0ms
[2023-04-17T21:48:13.630-0400][gc,phases   ] GC(790)   Post Evacuate Collection Set: 0.8ms
[2023-04-17T21:48:13.630-0400][gc,phases   ] GC(790)   Other: 0.1ms
[2023-04-17T21:48:13.630-0400][gc,heap     ] GC(790) Eden regions: 44->0(104)
[2023-04-17T21:48:13.630-0400][gc,heap     ] GC(790) Survivor regions: 7->5(7)
[2023-04-17T21:48:13.630-0400][gc,heap     ] GC(790) Old regions: 341->344
[2023-04-17T21:48:13.630-0400][gc,heap     ] GC(790) Archive regions: 2->2
[2023-04-17T21:48:13.630-0400][gc,heap     ] GC(790) Humongous regions: 129->129
[2023-04-17T21:48:13.630-0400][gc,metaspace] GC(790) Metaspace: 44226K(44928K)->44226K(44928K) NonClass: 39130K(39488K)->39130K(39488K) Class: 5095K(5440K)->5095K(5440K)
[2023-04-17T21:48:13.630-0400][gc          ] GC(790) Pause Young (Normal) (G1 Evacuation Pause) 521M->478M(1024M) 15.232ms
[2023-04-17T21:48:13.630-0400][gc,cpu      ] GC(790) User=0.03s Sys=0.02s Real=0.02s
[2023-04-17T21:49:21.317-0400][gc,start    ] GC(791) Pause Young (Normal) (G1 Evacuation Pause)
[2023-04-17T21:49:21.317-0400][gc,task     ] GC(791) Using 8 workers of 8 for evacuation
[2023-04-17T21:49:21.328-0400][gc,phases   ] GC(791)   Pre Evacuate Collection Set: 0.3ms
[2023-04-17T21:49:21.328-0400][gc,phases   ] GC(791)   Merge Heap Roots: 0.1ms
[2023-04-17T21:49:21.328-0400][gc,phases   ] GC(791)   Evacuate Collection Set: 10.0ms
[2023-04-17T21:49:21.328-0400][gc,phases   ] GC(791)   Post Evacuate Collection Set: 0.4ms
[2023-04-17T21:49:21.328-0400][gc,phases   ] GC(791)   Other: 0.1ms
[2023-04-17T21:49:21.328-0400][gc,heap     ] GC(791) Eden regions: 104->0(81)
[2023-04-17T21:49:21.328-0400][gc,heap     ] GC(791) Survivor regions: 5->7(14)
[2023-04-17T21:49:21.328-0400][gc,heap     ] GC(791) Old regions: 344->344
[2023-04-17T21:49:21.328-0400][gc,heap     ] GC(791) Archive regions: 2->2
[2023-04-17T21:49:21.328-0400][gc,heap     ] GC(791) Humongous regions: 129->129
[2023-04-17T21:49:21.328-0400][gc,metaspace] GC(791) Metaspace: 44226K(44928K)->44226K(44928K) NonClass: 39130K(39488K)->39130K(39488K) Class: 5095K(5440K)->5095K(5440K)
[2023-04-17T21:49:21.328-0400][gc          ] GC(791) Pause Young (Normal) (G1 Evacuation Pause) 582M->479M(1024M) 11.192ms
[2023-04-17T21:49:21.328-0400][gc,cpu      ] GC(791) User=0.02s Sys=0.00s Real=0.01s
[2023-04-17T21:50:13.164-0400][gc,start    ] GC(792) Pause Young (Normal) (G1 Evacuation Pause)
[2023-04-17T21:50:13.164-0400][gc,task     ] GC(792) Using 8 workers of 8 for evacuation
[2023-04-17T21:50:13.175-0400][gc,phases   ] GC(792)   Pre Evacuate Collection Set: 0.1ms
[2023-04-17T21:50:13.175-0400][gc,phases   ] GC(792)   Merge Heap Roots: 0.1ms
[2023-04-17T21:50:13.175-0400][gc,phases   ] GC(792)   Evacuate Collection Set: 9.3ms
[2023-04-17T21:50:13.175-0400][gc,phases   ] GC(792)   Post Evacuate Collection Set: 0.9ms
[2023-04-17T21:50:13.175-0400][gc,phases   ] GC(792)   Other: 0.7ms
[2023-04-17T21:50:13.175-0400][gc,heap     ] GC(792) Eden regions: 81->0(119)
[2023-04-17T21:50:13.175-0400][gc,heap     ] GC(792) Survivor regions: 7->7(11)
[2023-04-17T21:50:13.175-0400][gc,heap     ] GC(792) Old regions: 344->345
[2023-04-17T21:50:13.175-0400][gc,heap     ] GC(792) Archive regions: 2->2
[2023-04-17T21:50:13.175-0400][gc,heap     ] GC(792) Humongous regions: 129->129
[2023-04-17T21:50:13.175-0400][gc,metaspace] GC(792) Metaspace: 44226K(44928K)->44226K(44928K) NonClass: 39130K(39488K)->39130K(39488K) Class: 5095K(5440K)->5095K(5440K)
[2023-04-17T21:50:13.175-0400][gc          ] GC(792) Pause Young (Normal) (G1 Evacuation Pause) 560M->481M(1024M) 11.385ms
[2023-04-17T21:50:13.175-0400][gc,cpu      ] GC(792) User=0.03s Sys=0.01s Real=0.01s
[2023-04-17T21:51:30.348-0400][gc,start    ] GC(793) Pause Young (Normal) (G1 Evacuation Pause)
[2023-04-17T21:51:30.348-0400][gc,task     ] GC(793) Using 8 workers of 8 for evacuation
[2023-04-17T21:51:30.356-0400][gc,phases   ] GC(793)   Pre Evacuate Collection Set: 0.2ms
[2023-04-17T21:51:30.356-0400][gc,phases   ] GC(793)   Merge Heap Roots: 0.2ms
[2023-04-17T21:51:30.356-0400][gc,phases   ] GC(793)   Evacuate Collection Set: 7.3ms
[2023-04-17T21:51:30.356-0400][gc,phases   ] GC(793)   Post Evacuate Collection Set: 0.4ms
[2023-04-17T21:51:30.356-0400][gc,phases   ] GC(793)   Other: 0.1ms
[2023-04-17T21:51:30.356-0400][gc,heap     ] GC(793) Eden regions: 119->0(97)
[2023-04-17T21:51:30.356-0400][gc,heap     ] GC(793) Survivor regions: 7->9(16)
[2023-04-17T21:51:30.356-0400][gc,heap     ] GC(793) Old regions: 345->345
[2023-04-17T21:51:30.356-0400][gc,heap     ] GC(793) Archive regions: 2->2
[2023-04-17T21:51:30.356-0400][gc,heap     ] GC(793) Humongous regions: 129->129
[2023-04-17T21:51:30.356-0400][gc,metaspace] GC(793) Metaspace: 44226K(44928K)->44226K(44928K) NonClass: 39130K(39488K)->39130K(39488K) Class: 5095K(5440K)->5095K(5440K)
[2023-04-17T21:51:30.356-0400][gc          ] GC(793) Pause Young (Normal) (G1 Evacuation Pause) 600M->483M(1024M) 8.460ms
[2023-04-17T21:51:30.356-0400][gc,cpu      ] GC(793) User=0.05s Sys=0.00s Real=0.01s
[2023-04-17T21:52:32.216-0400][gc,start    ] GC(794) Pause Young (Normal) (G1 Evacuation Pause)
[2023-04-17T21:52:32.217-0400][gc,task     ] GC(794) Using 8 workers of 8 for evacuation
[2023-04-17T21:52:32.235-0400][gc,phases   ] GC(794)   Pre Evacuate Collection Set: 0.1ms
[2023-04-17T21:52:32.235-0400][gc,phases   ] GC(794)   Merge Heap Roots: 0.1ms
[2023-04-17T21:52:32.235-0400][gc,phases   ] GC(794)   Evacuate Collection Set: 16.6ms
[2023-04-17T21:52:32.235-0400][gc,phases   ] GC(794)   Post Evacuate Collection Set: 1.0ms
[2023-04-17T21:52:32.235-0400][gc,phases   ] GC(794)   Other: 0.2ms
[2023-04-17T21:52:32.235-0400][gc,heap     ] GC(794) Eden regions: 97->0(41)
[2023-04-17T21:52:32.235-0400][gc,heap     ] GC(794) Survivor regions: 9->10(14)
[2023-04-17T21:52:32.235-0400][gc,heap     ] GC(794) Old regions: 345->348
[2023-04-17T21:52:32.235-0400][gc,heap     ] GC(794) Archive regions: 2->2
[2023-04-17T21:52:32.235-0400][gc,heap     ] GC(794) Humongous regions: 129->129
[2023-04-17T21:52:32.235-0400][gc,metaspace] GC(794) Metaspace: 44232K(44928K)->44232K(44928K) NonClass: 39137K(39488K)->39137K(39488K) Class: 5095K(5440K)->5095K(5440K)
[2023-04-17T21:52:32.235-0400][gc          ] GC(794) Pause Young (Normal) (G1 Evacuation Pause) 580M->486M(1024M) 19.221ms
[2023-04-17T21:52:32.235-0400][gc,cpu      ] GC(794) User=0.06s Sys=0.02s Real=0.02s
[2023-04-17T21:52:58.287-0400][gc,start    ] GC(795) Pause Young (Normal) (G1 Evacuation Pause)
[2023-04-17T21:52:58.288-0400][gc,task     ] GC(795) Using 8 workers of 8 for evacuation
[2023-04-17T21:52:58.308-0400][gc,mmu      ] GC(795) MMU target violated: 20.1ms (20.0ms/21.0ms)
[2023-04-17T21:52:58.308-0400][gc,phases   ] GC(795)   Pre Evacuate Collection Set: 0.2ms
[2023-04-17T21:52:58.308-0400][gc,phases   ] GC(795)   Merge Heap Roots: 0.2ms
[2023-04-17T21:52:58.308-0400][gc,phases   ] GC(795)   Evacuate Collection Set: 19.4ms
[2023-04-17T21:52:58.308-0400][gc,phases   ] GC(795)   Post Evacuate Collection Set: 0.3ms
[2023-04-17T21:52:58.308-0400][gc,phases   ] GC(795)   Other: 0.2ms
[2023-04-17T21:52:58.308-0400][gc,heap     ] GC(795) Eden regions: 41->0(281)
[2023-04-17T21:52:58.308-0400][gc,heap     ] GC(795) Survivor regions: 10->5(7)
[2023-04-17T21:52:58.308-0400][gc,heap     ] GC(795) Old regions: 348->353
[2023-04-17T21:52:58.308-0400][gc,heap     ] GC(795) Archive regions: 2->2
[2023-04-17T21:52:58.308-0400][gc,heap     ] GC(795) Humongous regions: 129->129
[2023-04-17T21:52:58.308-0400][gc,metaspace] GC(795) Metaspace: 44232K(44928K)->44232K(44928K) NonClass: 39137K(39488K)->39137K(39488K) Class: 5095K(5440K)->5095K(5440K)
[2023-04-17T21:52:58.308-0400][gc          ] GC(795) Pause Young (Normal) (G1 Evacuation Pause) 527M->487M(1024M) 20.732ms
[2023-04-17T21:52:58.308-0400][gc,cpu      ] GC(795) User=0.06s Sys=0.05s Real=0.02s
[2023-04-17T21:56:03.226-0400][gc,start    ] GC(796) Pause Young (Normal) (G1 Evacuation Pause)
[2023-04-17T21:56:03.226-0400][gc,task     ] GC(796) Using 8 workers of 8 for evacuation
[2023-04-17T21:56:03.266-0400][gc,mmu      ] GC(796) MMU target violated: 21.0ms (20.0ms/21.0ms)
[2023-04-17T21:56:03.266-0400][gc,phases   ] GC(796)   Pre Evacuate Collection Set: 1.1ms
[2023-04-17T21:56:03.266-0400][gc,phases   ] GC(796)   Merge Heap Roots: 0.2ms
[2023-04-17T21:56:03.266-0400][gc,phases   ] GC(796)   Evacuate Collection Set: 37.2ms
[2023-04-17T21:56:03.266-0400][gc,phases   ] GC(796)   Post Evacuate Collection Set: 1.0ms
[2023-04-17T21:56:03.266-0400][gc,phases   ] GC(796)   Other: 0.2ms
[2023-04-17T21:56:03.266-0400][gc,heap     ] GC(796) Eden regions: 281->0(42)
[2023-04-17T21:56:03.266-0400][gc,heap     ] GC(796) Survivor regions: 5->9(36)
[2023-04-17T21:56:03.266-0400][gc,heap     ] GC(796) Old regions: 353->353
[2023-04-17T21:56:03.266-0400][gc,heap     ] GC(796) Archive regions: 2->2
[2023-04-17T21:56:03.266-0400][gc,heap     ] GC(796) Humongous regions: 129->129
[2023-04-17T21:56:03.266-0400][gc,metaspace] GC(796) Metaspace: 44232K(44928K)->44232K(44928K) NonClass: 39137K(39488K)->39137K(39488K) Class: 5095K(5440K)->5095K(5440K)
[2023-04-17T21:56:03.266-0400][gc          ] GC(796) Pause Young (Normal) (G1 Evacuation Pause) 768M->491M(1024M) 40.371ms
[2023-04-17T21:56:03.266-0400][gc,cpu      ] GC(796) User=0.05s Sys=0.07s Real=0.04s
[2023-04-17T21:56:31.140-0400][gc,start    ] GC(797) Pause Young (Concurrent Start) (G1 Evacuation Pause)
[2023-04-17T21:56:31.140-0400][gc,task     ] GC(797) Using 8 workers of 8 for evacuation
[2023-04-17T21:56:31.186-0400][gc,mmu      ] GC(797) MMU target violated: 21.0ms (20.0ms/21.0ms)
[2023-04-17T21:56:31.186-0400][gc,phases   ] GC(797)   Pre Evacuate Collection Set: 4.8ms
[2023-04-17T21:56:31.186-0400][gc,phases   ] GC(797)   Merge Heap Roots: 0.2ms
[2023-04-17T21:56:31.186-0400][gc,phases   ] GC(797)   Evacuate Collection Set: 40.3ms
[2023-04-17T21:56:31.186-0400][gc,phases   ] GC(797)   Post Evacuate Collection Set: 0.2ms
[2023-04-17T21:56:31.186-0400][gc,phases   ] GC(797)   Other: -0.1ms
[2023-04-17T21:56:31.186-0400][gc,heap     ] GC(797) Eden regions: 42->0(185)
[2023-04-17T21:56:31.186-0400][gc,heap     ] GC(797) Survivor regions: 9->2(7)
[2023-04-17T21:56:31.186-0400][gc,heap     ] GC(797) Old regions: 353->361
[2023-04-17T21:56:31.186-0400][gc,heap     ] GC(797) Archive regions: 2->2
[2023-04-17T21:56:31.186-0400][gc,heap     ] GC(797) Humongous regions: 129->129
[2023-04-17T21:56:31.186-0400][gc,metaspace] GC(797) Metaspace: 44232K(44928K)->44232K(44928K) NonClass: 39137K(39488K)->39137K(39488K) Class: 5095K(5440K)->5095K(5440K)
[2023-04-17T21:56:31.186-0400][gc          ] GC(797) Pause Young (Concurrent Start) (G1 Evacuation Pause) 533M->492M(1024M) 46.528ms
[2023-04-17T21:56:31.186-0400][gc,cpu      ] GC(797) User=0.05s Sys=0.10s Real=0.04s
[2023-04-17T21:56:31.187-0400][gc          ] GC(798) Concurrent Mark Cycle
[2023-04-17T21:56:31.187-0400][gc,marking  ] GC(798) Concurrent Clear Claimed Marks
[2023-04-17T21:56:31.187-0400][gc,marking  ] GC(798) Concurrent Clear Claimed Marks 0.035ms
[2023-04-17T21:56:31.187-0400][gc,marking  ] GC(798) Concurrent Scan Root Regions
[2023-04-17T21:56:31.229-0400][gc,marking  ] GC(798) Concurrent Scan Root Regions 41.787ms
[2023-04-17T21:56:31.229-0400][gc,marking  ] GC(798) Concurrent Mark
[2023-04-17T21:56:31.229-0400][gc,marking  ] GC(798) Concurrent Mark From Roots
[2023-04-17T21:56:31.229-0400][gc,task     ] GC(798) Using 2 workers of 2 for marking
[2023-04-17T21:56:31.370-0400][gc,marking  ] GC(798) Concurrent Mark From Roots 140.558ms
[2023-04-17T21:56:31.370-0400][gc,marking  ] GC(798) Concurrent Preclean
[2023-04-17T21:56:31.370-0400][gc,marking  ] GC(798) Concurrent Preclean 0.092ms
[2023-04-17T21:56:31.370-0400][gc,start    ] GC(798) Pause Remark
[2023-04-17T21:56:31.667-0400][gc,mmu      ] GC(798) MMU target violated: 21.0ms (20.0ms/21.0ms)
[2023-04-17T21:56:31.667-0400][gc          ] GC(798) Pause Remark 493M->317M(1024M) 297.031ms
[2023-04-17T21:56:31.667-0400][gc,cpu      ] GC(798) User=0.04s Sys=0.48s Real=0.29s
[2023-04-17T21:56:31.667-0400][gc,marking  ] GC(798) Concurrent Mark 438.047ms
[2023-04-17T21:56:31.667-0400][gc,marking  ] GC(798) Concurrent Rebuild Remembered Sets
[2023-04-17T21:56:31.856-0400][gc,marking  ] GC(798) Concurrent Rebuild Remembered Sets 188.847ms
[2023-04-17T21:56:31.856-0400][gc,start    ] GC(798) Pause Cleanup
[2023-04-17T21:56:31.857-0400][gc          ] GC(798) Pause Cleanup 317M->317M(1024M) 1.298ms
[2023-04-17T21:56:31.858-0400][gc,cpu      ] GC(798) User=0.00s Sys=0.00s Real=0.00s
[2023-04-17T21:56:31.858-0400][gc,marking  ] GC(798) Concurrent Cleanup for Next Mark
[2023-04-17T21:56:31.867-0400][gc,marking  ] GC(798) Concurrent Cleanup for Next Mark 9.805ms
[2023-04-17T21:56:31.868-0400][gc          ] GC(798) Concurrent Mark Cycle 681.028ms
[2023-04-17T21:58:49.780-0400][gc,start    ] GC(799) Pause Young (Prepare Mixed) (G1 Evacuation Pause)
[2023-04-17T21:58:49.780-0400][gc,task     ] GC(799) Using 8 workers of 8 for evacuation
[2023-04-17T21:58:49.785-0400][gc,phases   ] GC(799)   Pre Evacuate Collection Set: 0.6ms
[2023-04-17T21:58:49.785-0400][gc,phases   ] GC(799)   Merge Heap Roots: 0.1ms
[2023-04-17T21:58:49.785-0400][gc,phases   ] GC(799)   Evacuate Collection Set: 3.5ms
[2023-04-17T21:58:49.785-0400][gc,phases   ] GC(799)   Post Evacuate Collection Set: 0.3ms
[2023-04-17T21:58:49.785-0400][gc,phases   ] GC(799)   Other: 0.5ms
[2023-04-17T21:58:49.785-0400][gc,heap     ] GC(799) Eden regions: 208->0(46)
[2023-04-17T21:58:49.785-0400][gc,heap     ] GC(799) Survivor regions: 2->5(27)
[2023-04-17T21:58:49.785-0400][gc,heap     ] GC(799) Old regions: 185->185
[2023-04-17T21:58:49.785-0400][gc,heap     ] GC(799) Archive regions: 2->2
[2023-04-17T21:58:49.785-0400][gc,heap     ] GC(799) Humongous regions: 129->129
[2023-04-17T21:58:49.785-0400][gc,metaspace] GC(799) Metaspace: 44230K(44928K)->44230K(44928K) NonClass: 39135K(39488K)->39135K(39488K) Class: 5095K(5440K)->5095K(5440K)
[2023-04-17T21:58:49.785-0400][gc          ] GC(799) Pause Young (Prepare Mixed) (G1 Evacuation Pause) 524M->319M(1024M) 5.527ms
[2023-04-17T21:58:49.785-0400][gc,cpu      ] GC(799) User=0.02s Sys=0.00s Real=0.00s
[2023-04-17T21:59:18.510-0400][gc,start    ] GC(800) Pause Young (Mixed) (G1 Evacuation Pause)
[2023-04-17T21:59:18.510-0400][gc,task     ] GC(800) Using 8 workers of 8 for evacuation
[2023-04-17T21:59:18.540-0400][gc,mmu      ] GC(800) MMU target violated: 21.0ms (20.0ms/21.0ms)
[2023-04-17T21:59:18.540-0400][gc,phases   ] GC(800)   Pre Evacuate Collection Set: 0.2ms
[2023-04-17T21:59:18.540-0400][gc,phases   ] GC(800)   Merge Heap Roots: 0.5ms
[2023-04-17T21:59:18.540-0400][gc,phases   ] GC(800)   Evacuate Collection Set: 27.1ms
[2023-04-17T21:59:18.540-0400][gc,phases   ] GC(800)   Post Evacuate Collection Set: 1.6ms
[2023-04-17T21:59:18.540-0400][gc,phases   ] GC(800)   Other: 0.2ms
[2023-04-17T21:59:18.540-0400][gc,heap     ] GC(800) Eden regions: 46->0(50)
[2023-04-17T21:59:18.540-0400][gc,heap     ] GC(800) Survivor regions: 5->1(7)
[2023-04-17T21:59:18.540-0400][gc,heap     ] GC(800) Old regions: 185->87
[2023-04-17T21:59:18.540-0400][gc,heap     ] GC(800) Archive regions: 2->2
[2023-04-17T21:59:18.540-0400][gc,heap     ] GC(800) Humongous regions: 129->129
[2023-04-17T21:59:18.540-0400][gc,metaspace] GC(800) Metaspace: 44230K(44928K)->44230K(44928K) NonClass: 39135K(39488K)->39135K(39488K) Class: 5095K(5440K)->5095K(5440K)
[2023-04-17T21:59:18.540-0400][gc          ] GC(800) Pause Young (Mixed) (G1 Evacuation Pause) 365M->217M(1024M) 29.876ms
[2023-04-17T21:59:18.540-0400][gc,cpu      ] GC(800) User=0.03s Sys=0.05s Real=0.03s
[2023-04-17T21:59:49.138-0400][gc,start    ] GC(801) Pause Young (Mixed) (G1 Evacuation Pause)
[2023-04-17T21:59:49.138-0400][gc,task     ] GC(801) Using 8 workers of 8 for evacuation
[2023-04-17T21:59:49.141-0400][gc,phases   ] GC(801)   Pre Evacuate Collection Set: 0.1ms
[2023-04-17T21:59:49.141-0400][gc,phases   ] GC(801)   Merge Heap Roots: 0.0ms
[2023-04-17T21:59:49.141-0400][gc,phases   ] GC(801)   Evacuate Collection Set: 2.1ms
[2023-04-17T21:59:49.141-0400][gc,phases   ] GC(801)   Post Evacuate Collection Set: 0.2ms
[2023-04-17T21:59:49.141-0400][gc,phases   ] GC(801)   Other: 0.5ms
[2023-04-17T21:59:49.141-0400][gc,heap     ] GC(801) Eden regions: 50->0(216)
[2023-04-17T21:59:49.141-0400][gc,heap     ] GC(801) Survivor regions: 1->2(7)
[2023-04-17T21:59:49.141-0400][gc,heap     ] GC(801) Old regions: 87->82
[2023-04-17T21:59:49.141-0400][gc,heap     ] GC(801) Archive regions: 2->2
[2023-04-17T21:59:49.141-0400][gc,heap     ] GC(801) Humongous regions: 129->129
[2023-04-17T21:59:49.141-0400][gc,metaspace] GC(801) Metaspace: 44230K(44928K)->44230K(44928K) NonClass: 39135K(39488K)->39135K(39488K) Class: 5095K(5440K)->5095K(5440K)
[2023-04-17T21:59:49.141-0400][gc          ] GC(801) Pause Young (Mixed) (G1 Evacuation Pause) 267M->212M(1024M) 3.149ms
[2023-04-17T21:59:49.141-0400][gc,cpu      ] GC(801) User=0.01s Sys=0.00s Real=0.01s
[2023-04-17T22:02:10.287-0400][gc,start    ] GC(802) Pause Young (Normal) (G1 Evacuation Pause)
[2023-04-17T22:02:10.287-0400][gc,task     ] GC(802) Using 8 workers of 8 for evacuation
[2023-04-17T22:02:10.292-0400][gc,phases   ] GC(802)   Pre Evacuate Collection Set: 0.2ms
[2023-04-17T22:02:10.292-0400][gc,phases   ] GC(802)   Merge Heap Roots: 0.1ms
[2023-04-17T22:02:10.292-0400][gc,phases   ] GC(802)   Evacuate Collection Set: 3.9ms
[2023-04-17T22:02:10.292-0400][gc,phases   ] GC(802)   Post Evacuate Collection Set: 0.3ms
[2023-04-17T22:02:10.292-0400][gc,phases   ] GC(802)   Other: 0.1ms
[2023-04-17T22:02:10.292-0400][gc,heap     ] GC(802) Eden regions: 216->0(137)
[2023-04-17T22:02:10.292-0400][gc,heap     ] GC(802) Survivor regions: 2->5(28)
[2023-04-17T22:02:10.292-0400][gc,heap     ] GC(802) Old regions: 82->82
[2023-04-17T22:02:10.292-0400][gc,heap     ] GC(802) Archive regions: 2->2
[2023-04-17T22:02:10.292-0400][gc,heap     ] GC(802) Humongous regions: 129->129
[2023-04-17T22:02:10.292-0400][gc,metaspace] GC(802) Metaspace: 44230K(44928K)->44230K(44928K) NonClass: 39135K(39488K)->39135K(39488K) Class: 5095K(5440K)->5095K(5440K)
[2023-04-17T22:02:10.292-0400][gc          ] GC(802) Pause Young (Normal) (G1 Evacuation Pause) 428M->215M(1024M) 4.994ms
[2023-04-17T22:02:10.292-0400][gc,cpu      ] GC(802) User=0.03s Sys=0.00s Real=0.01s
[2023-04-17T22:03:40.275-0400][gc,start    ] GC(803) Pause Young (Normal) (G1 Evacuation Pause)
[2023-04-17T22:03:40.275-0400][gc,task     ] GC(803) Using 8 workers of 8 for evacuation
[2023-04-17T22:03:40.282-0400][gc,phases   ] GC(803)   Pre Evacuate Collection Set: 0.2ms
[2023-04-17T22:03:40.282-0400][gc,phases   ] GC(803)   Merge Heap Roots: 0.1ms
[2023-04-17T22:03:40.282-0400][gc,phases   ] GC(803)   Evacuate Collection Set: 6.7ms
[2023-04-17T22:03:40.282-0400][gc,phases   ] GC(803)   Post Evacuate Collection Set: 0.5ms
[2023-04-17T22:03:40.282-0400][gc,phases   ] GC(803)   Other: 0.1ms
[2023-04-17T22:03:40.282-0400][gc,heap     ] GC(803) Eden regions: 137->0(119)
[2023-04-17T22:03:40.282-0400][gc,heap     ] GC(803) Survivor regions: 5->7(18)
[2023-04-17T22:03:40.282-0400][gc,heap     ] GC(803) Old regions: 82->82
[2023-04-17T22:03:40.283-0400][gc,heap     ] GC(803) Archive regions: 2->2
[2023-04-17T22:03:40.283-0400][gc,heap     ] GC(803) Humongous regions: 129->129
[2023-04-17T22:03:40.283-0400][gc,metaspace] GC(803) Metaspace: 44230K(44928K)->44230K(44928K) NonClass: 39135K(39488K)->39135K(39488K) Class: 5095K(5440K)->5095K(5440K)
[2023-04-17T22:03:40.283-0400][gc          ] GC(803) Pause Young (Normal) (G1 Evacuation Pause) 352M->217M(1024M) 8.050ms
[2023-04-17T22:03:40.283-0400][gc,cpu      ] GC(803) User=0.05s Sys=0.00s Real=0.01s
[2023-04-17T22:04:58.504-0400][gc,start    ] GC(804) Pause Young (Normal) (G1 Evacuation Pause)
[2023-04-17T22:04:58.504-0400][gc,task     ] GC(804) Using 8 workers of 8 for evacuation
[2023-04-17T22:04:58.514-0400][gc,phases   ] GC(804)   Pre Evacuate Collection Set: 0.3ms
[2023-04-17T22:04:58.514-0400][gc,phases   ] GC(804)   Merge Heap Roots: 0.2ms
[2023-04-17T22:04:58.514-0400][gc,phases   ] GC(804)   Evacuate Collection Set: 8.5ms
[2023-04-17T22:04:58.514-0400][gc,phases   ] GC(804)   Post Evacuate Collection Set: 0.5ms
[2023-04-17T22:04:58.514-0400][gc,phases   ] GC(804)   Other: 0.2ms
[2023-04-17T22:04:58.514-0400][gc,heap     ] GC(804) Eden regions: 119->0(129)
[2023-04-17T22:04:58.514-0400][gc,heap     ] GC(804) Survivor regions: 7->8(16)
[2023-04-17T22:04:58.514-0400][gc,heap     ] GC(804) Old regions: 82->82
[2023-04-17T22:04:58.514-0400][gc,heap     ] GC(804) Archive regions: 2->2
[2023-04-17T22:04:58.514-0400][gc,heap     ] GC(804) Humongous regions: 129->129
[2023-04-17T22:04:58.514-0400][gc,metaspace] GC(804) Metaspace: 44230K(44928K)->44230K(44928K) NonClass: 39135K(39488K)->39135K(39488K) Class: 5095K(5440K)->5095K(5440K)
[2023-04-17T22:04:58.514-0400][gc          ] GC(804) Pause Young (Normal) (G1 Evacuation Pause) 336M->219M(1024M) 9.948ms
[2023-04-17T22:04:58.514-0400][gc,cpu      ] GC(804) User=0.07s Sys=0.00s Real=0.01s
[2023-04-17T22:06:23.015-0400][gc,start    ] GC(805) Pause Young (Normal) (G1 Evacuation Pause)
[2023-04-17T22:06:23.015-0400][gc,task     ] GC(805) Using 8 workers of 8 for evacuation
[2023-04-17T22:06:23.021-0400][gc,phases   ] GC(805)   Pre Evacuate Collection Set: 0.1ms
[2023-04-17T22:06:23.021-0400][gc,phases   ] GC(805)   Merge Heap Roots: 0.1ms
[2023-04-17T22:06:23.021-0400][gc,phases   ] GC(805)   Evacuate Collection Set: 5.1ms
[2023-04-17T22:06:23.021-0400][gc,phases   ] GC(805)   Post Evacuate Collection Set: 0.3ms
[2023-04-17T22:06:23.021-0400][gc,phases   ] GC(805)   Other: 0.1ms
[2023-04-17T22:06:23.021-0400][gc,heap     ] GC(805) Eden regions: 129->0(162)
[2023-04-17T22:06:23.021-0400][gc,heap     ] GC(805) Survivor regions: 8->10(18)
[2023-04-17T22:06:23.021-0400][gc,heap     ] GC(805) Old regions: 82->82
[2023-04-17T22:06:23.021-0400][gc,heap     ] GC(805) Archive regions: 2->2
[2023-04-17T22:06:23.021-0400][gc,heap     ] GC(805) Humongous regions: 129->129
[2023-04-17T22:06:23.021-0400][gc,metaspace] GC(805) Metaspace: 44230K(44928K)->44230K(44928K) NonClass: 39135K(39488K)->39135K(39488K) Class: 5095K(5440K)->5095K(5440K)
[2023-04-17T22:06:23.021-0400][gc          ] GC(805) Pause Young (Normal) (G1 Evacuation Pause) 348M->220M(1024M) 5.845ms
[2023-04-17T22:06:23.021-0400][gc,cpu      ] GC(805) User=0.04s Sys=0.00s Real=0.01s
[2023-04-17T22:08:11.851-0400][gc,start    ] GC(806) Pause Young (Normal) (G1 Evacuation Pause)
[2023-04-17T22:08:11.852-0400][gc,task     ] GC(806) Using 8 workers of 8 for evacuation
[2023-04-17T22:08:11.865-0400][gc,phases   ] GC(806)   Pre Evacuate Collection Set: 0.3ms
[2023-04-17T22:08:11.865-0400][gc,phases   ] GC(806)   Merge Heap Roots: 0.3ms
[2023-04-17T22:08:11.865-0400][gc,phases   ] GC(806)   Evacuate Collection Set: 10.3ms
[2023-04-17T22:08:11.865-0400][gc,phases   ] GC(806)   Post Evacuate Collection Set: 2.5ms
[2023-04-17T22:08:11.865-0400][gc,phases   ] GC(806)   Other: 0.2ms
[2023-04-17T22:08:11.865-0400][gc,heap     ] GC(806) Eden regions: 162->0(85)
[2023-04-17T22:08:11.865-0400][gc,heap     ] GC(806) Survivor regions: 10->12(22)
[2023-04-17T22:08:11.865-0400][gc,heap     ] GC(806) Old regions: 82->82
[2023-04-17T22:08:11.865-0400][gc,heap     ] GC(806) Archive regions: 2->2
[2023-04-17T22:08:11.865-0400][gc,heap     ] GC(806) Humongous regions: 129->129
[2023-04-17T22:08:11.865-0400][gc,metaspace] GC(806) Metaspace: 44230K(44928K)->44230K(44928K) NonClass: 39135K(39488K)->39135K(39488K) Class: 5095K(5440K)->5095K(5440K)
[2023-04-17T22:08:11.865-0400][gc          ] GC(806) Pause Young (Normal) (G1 Evacuation Pause) 382M->222M(1024M) 13.947ms
[2023-04-17T22:08:11.865-0400][gc,cpu      ] GC(806) User=0.08s Sys=0.00s Real=0.01s
[2023-04-17T22:09:08.471-0400][gc,start    ] GC(807) Pause Young (Normal) (G1 Evacuation Pause)
[2023-04-17T22:09:08.471-0400][gc,task     ] GC(807) Using 8 workers of 8 for evacuation
[2023-04-17T22:09:08.523-0400][gc,mmu      ] GC(807) MMU target violated: 21.0ms (20.0ms/21.0ms)
[2023-04-17T22:09:08.523-0400][gc,phases   ] GC(807)   Pre Evacuate Collection Set: 0.3ms
[2023-04-17T22:09:08.523-0400][gc,phases   ] GC(807)   Merge Heap Roots: 0.2ms
[2023-04-17T22:09:08.523-0400][gc,phases   ] GC(807)   Evacuate Collection Set: 50.7ms
[2023-04-17T22:09:08.523-0400][gc,phases   ] GC(807)   Post Evacuate Collection Set: 0.3ms
[2023-04-17T22:09:08.523-0400][gc,phases   ] GC(807)   Other: 0.3ms
[2023-04-17T22:09:08.523-0400][gc,heap     ] GC(807) Eden regions: 85->0(43)
[2023-04-17T22:09:08.523-0400][gc,heap     ] GC(807) Survivor regions: 12->8(13)
[2023-04-17T22:09:08.523-0400][gc,heap     ] GC(807) Old regions: 82->86
[2023-04-17T22:09:08.523-0400][gc,heap     ] GC(807) Archive regions: 2->2
[2023-04-17T22:09:08.523-0400][gc,heap     ] GC(807) Humongous regions: 129->129
[2023-04-17T22:09:08.523-0400][gc,metaspace] GC(807) Metaspace: 44230K(44928K)->44230K(44928K) NonClass: 39135K(39488K)->39135K(39488K) Class: 5095K(5440K)->5095K(5440K)
[2023-04-17T22:09:08.523-0400][gc          ] GC(807) Pause Young (Normal) (G1 Evacuation Pause) 307M->223M(1024M) 52.091ms
[2023-04-17T22:09:08.523-0400][gc,cpu      ] GC(807) User=0.05s Sys=0.06s Real=0.05s
[2023-04-17T22:09:37.091-0400][gc,start    ] GC(808) Pause Young (Normal) (G1 Evacuation Pause)
[2023-04-17T22:09:37.091-0400][gc,task     ] GC(808) Using 8 workers of 8 for evacuation
[2023-04-17T22:09:37.121-0400][gc,mmu      ] GC(808) MMU target violated: 21.0ms (20.0ms/21.0ms)
[2023-04-17T22:09:37.122-0400][gc,phases   ] GC(808)   Pre Evacuate Collection Set: 0.3ms
[2023-04-17T22:09:37.122-0400][gc,phases   ] GC(808)   Merge Heap Roots: 0.2ms
[2023-04-17T22:09:37.122-0400][gc,phases   ] GC(808)   Evacuate Collection Set: 29.3ms
[2023-04-17T22:09:37.122-0400][gc,phases   ] GC(808)   Post Evacuate Collection Set: 0.2ms
[2023-04-17T22:09:37.122-0400][gc,phases   ] GC(808)   Other: 0.7ms
[2023-04-17T22:09:37.122-0400][gc,heap     ] GC(808) Eden regions: 43->0(83)
[2023-04-17T22:09:37.122-0400][gc,heap     ] GC(808) Survivor regions: 8->5(7)
[2023-04-17T22:09:37.122-0400][gc,heap     ] GC(808) Old regions: 86->90
[2023-04-17T22:09:37.122-0400][gc,heap     ] GC(808) Archive regions: 2->2
[2023-04-17T22:09:37.122-0400][gc,heap     ] GC(808) Humongous regions: 129->129
[2023-04-17T22:09:37.122-0400][gc,metaspace] GC(808) Metaspace: 44230K(44928K)->44230K(44928K) NonClass: 39135K(39488K)->39135K(39488K) Class: 5095K(5440K)->5095K(5440K)
[2023-04-17T22:09:37.122-0400][gc          ] GC(808) Pause Young (Normal) (G1 Evacuation Pause) 266M->224M(1024M) 30.874ms
[2023-04-17T22:09:37.122-0400][gc,cpu      ] GC(808) User=0.04s Sys=0.06s Real=0.03s
[2023-04-17T22:10:33.229-0400][gc,start    ] GC(809) Pause Young (Normal) (G1 Evacuation Pause)
[2023-04-17T22:10:33.229-0400][gc,task     ] GC(809) Using 8 workers of 8 for evacuation
[2023-04-17T22:10:33.235-0400][gc,phases   ] GC(809)   Pre Evacuate Collection Set: 0.2ms
[2023-04-17T22:10:33.235-0400][gc,phases   ] GC(809)   Merge Heap Roots: 0.2ms
[2023-04-17T22:10:33.235-0400][gc,phases   ] GC(809)   Evacuate Collection Set: 5.4ms
[2023-04-17T22:10:33.235-0400][gc,phases   ] GC(809)   Post Evacuate Collection Set: 0.5ms
[2023-04-17T22:10:33.235-0400][gc,phases   ] GC(809)   Other: 0.2ms
[2023-04-17T22:10:33.235-0400][gc,heap     ] GC(809) Eden regions: 83->0(150)
[2023-04-17T22:10:33.235-0400][gc,heap     ] GC(809) Survivor regions: 5->5(11)
[2023-04-17T22:10:33.235-0400][gc,heap     ] GC(809) Old regions: 90->90
[2023-04-17T22:10:33.235-0400][gc,heap     ] GC(809) Archive regions: 2->2
[2023-04-17T22:10:33.235-0400][gc,heap     ] GC(809) Humongous regions: 129->129
[2023-04-17T22:10:33.235-0400][gc,metaspace] GC(809) Metaspace: 44230K(44928K)->44230K(44928K) NonClass: 39135K(39488K)->39135K(39488K) Class: 5095K(5440K)->5095K(5440K)
[2023-04-17T22:10:33.235-0400][gc          ] GC(809) Pause Young (Normal) (G1 Evacuation Pause) 307M->224M(1024M) 6.857ms
[2023-04-17T22:10:33.236-0400][gc,cpu      ] GC(809) User=0.04s Sys=0.00s Real=0.01s
[2023-04-17T22:12:13.985-0400][gc,start    ] GC(810) Pause Young (Normal) (G1 Evacuation Pause)
[2023-04-17T22:12:13.986-0400][gc,task     ] GC(810) Using 8 workers of 8 for evacuation
[2023-04-17T22:12:13.995-0400][gc,phases   ] GC(810)   Pre Evacuate Collection Set: 0.3ms
[2023-04-17T22:12:13.995-0400][gc,phases   ] GC(810)   Merge Heap Roots: 0.2ms
[2023-04-17T22:12:13.995-0400][gc,phases   ] GC(810)   Evacuate Collection Set: 8.0ms
[2023-04-17T22:12:13.995-0400][gc,phases   ] GC(810)   Post Evacuate Collection Set: 0.6ms
[2023-04-17T22:12:13.995-0400][gc,phases   ] GC(810)   Other: 0.2ms
[2023-04-17T22:12:13.995-0400][gc,heap     ] GC(810) Eden regions: 150->0(43)
[2023-04-17T22:12:13.995-0400][gc,heap     ] GC(810) Survivor regions: 5->8(20)
[2023-04-17T22:12:13.995-0400][gc,heap     ] GC(810) Old regions: 90->90
[2023-04-17T22:12:13.995-0400][gc,heap     ] GC(810) Archive regions: 2->2
[2023-04-17T22:12:13.995-0400][gc,heap     ] GC(810) Humongous regions: 129->129
[2023-04-17T22:12:13.995-0400][gc,metaspace] GC(810) Metaspace: 44230K(44928K)->44230K(44928K) NonClass: 39135K(39488K)->39135K(39488K) Class: 5095K(5440K)->5095K(5440K)
[2023-04-17T22:12:13.995-0400][gc          ] GC(810) Pause Young (Normal) (G1 Evacuation Pause) 374M->227M(1024M) 10.547ms
[2023-04-17T22:12:13.995-0400][gc,cpu      ] GC(810) User=0.06s Sys=0.00s Real=0.01s
[2023-04-17T22:12:42.326-0400][gc,start    ] GC(811) Pause Young (Normal) (G1 Evacuation Pause)
[2023-04-17T22:12:42.327-0400][gc,task     ] GC(811) Using 8 workers of 8 for evacuation
[2023-04-17T22:12:42.366-0400][gc,mmu      ] GC(811) MMU target violated: 21.0ms (20.0ms/21.0ms)
[2023-04-17T22:12:42.366-0400][gc,phases   ] GC(811)   Pre Evacuate Collection Set: 0.3ms
[2023-04-17T22:12:42.366-0400][gc,phases   ] GC(811)   Merge Heap Roots: 0.2ms
[2023-04-17T22:12:42.366-0400][gc,phases   ] GC(811)   Evacuate Collection Set: 37.7ms
[2023-04-17T22:12:42.366-0400][gc,phases   ] GC(811)   Post Evacuate Collection Set: 0.2ms
[2023-04-17T22:12:42.366-0400][gc,phases   ] GC(811)   Other: 0.2ms
[2023-04-17T22:12:42.366-0400][gc,heap     ] GC(811) Eden regions: 43->0(109)
[2023-04-17T22:12:42.366-0400][gc,heap     ] GC(811) Survivor regions: 8->4(7)
[2023-04-17T22:12:42.366-0400][gc,heap     ] GC(811) Old regions: 90->95
[2023-04-17T22:12:42.366-0400][gc,heap     ] GC(811) Archive regions: 2->2
[2023-04-17T22:12:42.366-0400][gc,heap     ] GC(811) Humongous regions: 129->129
[2023-04-17T22:12:42.366-0400][gc,metaspace] GC(811) Metaspace: 44230K(44928K)->44230K(44928K) NonClass: 39135K(39488K)->39135K(39488K) Class: 5095K(5440K)->5095K(5440K)
[2023-04-17T22:12:42.366-0400][gc          ] GC(811) Pause Young (Normal) (G1 Evacuation Pause) 270M->228M(1024M) 39.749ms
[2023-04-17T22:12:42.366-0400][gc,cpu      ] GC(811) User=0.05s Sys=0.06s Real=0.04s
[2023-04-17T22:13:53.583-0400][gc,start    ] GC(812) Pause Young (Normal) (G1 Evacuation Pause)
[2023-04-17T22:13:53.584-0400][gc,task     ] GC(812) Using 8 workers of 8 for evacuation
[2023-04-17T22:13:53.606-0400][gc,mmu      ] GC(812) MMU target violated: 21.0ms (20.0ms/21.0ms)
[2023-04-17T22:13:53.606-0400][gc,phases   ] GC(812)   Pre Evacuate Collection Set: 0.9ms
[2023-04-17T22:13:53.606-0400][gc,phases   ] GC(812)   Merge Heap Roots: 0.3ms
[2023-04-17T22:13:53.606-0400][gc,phases   ] GC(812)   Evacuate Collection Set: 15.2ms
[2023-04-17T22:13:53.606-0400][gc,phases   ] GC(812)   Post Evacuate Collection Set: 5.2ms
[2023-04-17T22:13:53.606-0400][gc,phases   ] GC(812)   Other: 0.5ms
[2023-04-17T22:13:53.606-0400][gc,heap     ] GC(812) Eden regions: 109->0(45)
[2023-04-17T22:13:53.606-0400][gc,heap     ] GC(812) Survivor regions: 4->6(15)
[2023-04-17T22:13:53.606-0400][gc,heap     ] GC(812) Old regions: 95->95
[2023-04-17T22:13:53.606-0400][gc,heap     ] GC(812) Archive regions: 2->2
[2023-04-17T22:13:53.606-0400][gc,heap     ] GC(812) Humongous regions: 129->129
[2023-04-17T22:13:53.606-0400][gc,metaspace] GC(812) Metaspace: 44230K(44928K)->44230K(44928K) NonClass: 39135K(39488K)->39135K(39488K) Class: 5095K(5440K)->5095K(5440K)
[2023-04-17T22:13:53.607-0400][gc          ] GC(812) Pause Young (Normal) (G1 Evacuation Pause) 337M->230M(1024M) 23.223ms
[2023-04-17T22:13:53.607-0400][gc,cpu      ] GC(812) User=0.03s Sys=0.06s Real=0.02s
[2023-04-17T22:14:22.635-0400][gc,start    ] GC(813) Pause Young (Normal) (G1 Evacuation Pause)
[2023-04-17T22:14:22.637-0400][gc,task     ] GC(813) Using 8 workers of 8 for evacuation
[2023-04-17T22:14:22.663-0400][gc,mmu      ] GC(813) MMU target violated: 21.0ms (20.0ms/21.0ms)
[2023-04-17T22:14:22.663-0400][gc,phases   ] GC(813)   Pre Evacuate Collection Set: 0.7ms
[2023-04-17T22:14:22.663-0400][gc,phases   ] GC(813)   Merge Heap Roots: 0.2ms
[2023-04-17T22:14:22.663-0400][gc,phases   ] GC(813)   Evacuate Collection Set: 24.4ms
[2023-04-17T22:14:22.663-0400][gc,phases   ] GC(813)   Post Evacuate Collection Set: 0.3ms
[2023-04-17T22:14:22.663-0400][gc,phases   ] GC(813)   Other: 0.9ms
[2023-04-17T22:14:22.663-0400][gc,heap     ] GC(813) Eden regions: 45->0(71)
[2023-04-17T22:14:22.663-0400][gc,heap     ] GC(813) Survivor regions: 6->4(7)
[2023-04-17T22:14:22.663-0400][gc,heap     ] GC(813) Old regions: 95->97
[2023-04-17T22:14:22.663-0400][gc,heap     ] GC(813) Archive regions: 2->2
[2023-04-17T22:14:22.663-0400][gc,heap     ] GC(813) Humongous regions: 129->129
[2023-04-17T22:14:22.663-0400][gc,metaspace] GC(813) Metaspace: 44230K(44928K)->44230K(44928K) NonClass: 39135K(39488K)->39135K(39488K) Class: 5095K(5440K)->5095K(5440K)
[2023-04-17T22:14:22.663-0400][gc          ] GC(813) Pause Young (Normal) (G1 Evacuation Pause) 275M->230M(1024M) 27.813ms
[2023-04-17T22:14:22.663-0400][gc,cpu      ] GC(813) User=0.03s Sys=0.05s Real=0.03s
[2023-04-17T22:15:08.966-0400][gc,start    ] GC(814) Pause Young (Normal) (G1 Evacuation Pause)
[2023-04-17T22:15:08.966-0400][gc,task     ] GC(814) Using 8 workers of 8 for evacuation
[2023-04-17T22:15:08.969-0400][gc,phases   ] GC(814)   Pre Evacuate Collection Set: 0.1ms
[2023-04-17T22:15:08.969-0400][gc,phases   ] GC(814)   Merge Heap Roots: 0.1ms
[2023-04-17T22:15:08.969-0400][gc,phases   ] GC(814)   Evacuate Collection Set: 2.7ms
[2023-04-17T22:15:08.969-0400][gc,phases   ] GC(814)   Post Evacuate Collection Set: 0.3ms
[2023-04-17T22:15:08.969-0400][gc,phases   ] GC(814)   Other: 0.1ms
[2023-04-17T22:15:08.969-0400][gc,heap     ] GC(814) Eden regions: 71->0(93)
[2023-04-17T22:15:08.969-0400][gc,heap     ] GC(814) Survivor regions: 4->5(10)
[2023-04-17T22:15:08.969-0400][gc,heap     ] GC(814) Old regions: 97->97
[2023-04-17T22:15:08.969-0400][gc,heap     ] GC(814) Archive regions: 2->2
[2023-04-17T22:15:08.969-0400][gc,heap     ] GC(814) Humongous regions: 129->129
[2023-04-17T22:15:08.969-0400][gc,metaspace] GC(814) Metaspace: 44230K(44928K)->44230K(44928K) NonClass: 39135K(39488K)->39135K(39488K) Class: 5095K(5440K)->5095K(5440K)
[2023-04-17T22:15:08.969-0400][gc          ] GC(814) Pause Young (Normal) (G1 Evacuation Pause) 301M->231M(1024M) 3.623ms
[2023-04-17T22:15:08.969-0400][gc,cpu      ] GC(814) User=0.02s Sys=0.00s Real=0.00s
[2023-04-17T22:16:08.672-0400][gc,start    ] GC(815) Pause Young (Normal) (G1 Evacuation Pause)
[2023-04-17T22:16:08.672-0400][gc,task     ] GC(815) Using 8 workers of 8 for evacuation
[2023-04-17T22:16:08.681-0400][gc,phases   ] GC(815)   Pre Evacuate Collection Set: 0.3ms
[2023-04-17T22:16:08.681-0400][gc,phases   ] GC(815)   Merge Heap Roots: 0.2ms
[2023-04-17T22:16:08.681-0400][gc,phases   ] GC(815)   Evacuate Collection Set: 8.1ms
[2023-04-17T22:16:08.681-0400][gc,phases   ] GC(815)   Post Evacuate Collection Set: 0.6ms
[2023-04-17T22:16:08.681-0400][gc,phases   ] GC(815)   Other: 0.2ms
[2023-04-17T22:16:08.681-0400][gc,heap     ] GC(815) Eden regions: 93->0(146)
[2023-04-17T22:16:08.681-0400][gc,heap     ] GC(815) Survivor regions: 5->5(13)
[2023-04-17T22:16:08.681-0400][gc,heap     ] GC(815) Old regions: 97->97
[2023-04-17T22:16:08.681-0400][gc,heap     ] GC(815) Archive regions: 2->2
[2023-04-17T22:16:08.681-0400][gc,heap     ] GC(815) Humongous regions: 129->129
[2023-04-17T22:16:08.681-0400][gc,metaspace] GC(815) Metaspace: 44230K(44928K)->44230K(44928K) NonClass: 39135K(39488K)->39135K(39488K) Class: 5095K(5440K)->5095K(5440K)
[2023-04-17T22:16:08.681-0400][gc          ] GC(815) Pause Young (Normal) (G1 Evacuation Pause) 324M->231M(1024M) 9.655ms
[2023-04-17T22:16:08.681-0400][gc,cpu      ] GC(815) User=0.05s Sys=0.00s Real=0.01s
[2023-04-17T22:17:44.056-0400][gc,start    ] GC(816) Pause Young (Normal) (G1 Evacuation Pause)
[2023-04-17T22:17:44.057-0400][gc,task     ] GC(816) Using 8 workers of 8 for evacuation
[2023-04-17T22:17:44.086-0400][gc,mmu      ] GC(816) MMU target violated: 21.0ms (20.0ms/21.0ms)
[2023-04-17T22:17:44.086-0400][gc,phases   ] GC(816)   Pre Evacuate Collection Set: 3.3ms
[2023-04-17T22:17:44.086-0400][gc,phases   ] GC(816)   Merge Heap Roots: 0.2ms
[2023-04-17T22:17:44.086-0400][gc,phases   ] GC(816)   Evacuate Collection Set: 24.4ms
[2023-04-17T22:17:44.086-0400][gc,phases   ] GC(816)   Post Evacuate Collection Set: 1.0ms
[2023-04-17T22:17:44.086-0400][gc,phases   ] GC(816)   Other: 0.3ms
[2023-04-17T22:17:44.086-0400][gc,heap     ] GC(816) Eden regions: 146->0(44)
[2023-04-17T22:17:44.086-0400][gc,heap     ] GC(816) Survivor regions: 5->7(19)
[2023-04-17T22:17:44.086-0400][gc,heap     ] GC(816) Old regions: 97->97
[2023-04-17T22:17:44.086-0400][gc,heap     ] GC(816) Archive regions: 2->2
[2023-04-17T22:17:44.086-0400][gc,heap     ] GC(816) Humongous regions: 129->129
[2023-04-17T22:17:44.086-0400][gc,metaspace] GC(816) Metaspace: 44230K(44928K)->44230K(44928K) NonClass: 39135K(39488K)->39135K(39488K) Class: 5095K(5440K)->5095K(5440K)
[2023-04-17T22:17:44.086-0400][gc          ] GC(816) Pause Young (Normal) (G1 Evacuation Pause) 377M->233M(1024M) 30.072ms
[2023-04-17T22:17:44.086-0400][gc,cpu      ] GC(816) User=0.04s Sys=0.06s Real=0.03s
[2023-04-17T22:18:10.191-0400][gc,start    ] GC(817) Pause Young (Normal) (G1 Evacuation Pause)
[2023-04-17T22:18:10.191-0400][gc,task     ] GC(817) Using 8 workers of 8 for evacuation
[2023-04-17T22:18:10.232-0400][gc,mmu      ] GC(817) MMU target violated: 21.0ms (20.0ms/21.0ms)
[2023-04-17T22:18:10.232-0400][gc,phases   ] GC(817)   Pre Evacuate Collection Set: 0.1ms
[2023-04-17T22:18:10.232-0400][gc,phases   ] GC(817)   Merge Heap Roots: 0.5ms
[2023-04-17T22:18:10.232-0400][gc,phases   ] GC(817)   Evacuate Collection Set: 39.4ms
[2023-04-17T22:18:10.232-0400][gc,phases   ] GC(817)   Post Evacuate Collection Set: 0.8ms
[2023-04-17T22:18:10.232-0400][gc,phases   ] GC(817)   Other: 0.1ms
[2023-04-17T22:18:10.232-0400][gc,heap     ] GC(817) Eden regions: 44->0(47)
[2023-04-17T22:18:10.232-0400][gc,heap     ] GC(817) Survivor regions: 7->4(7)
[2023-04-17T22:18:10.232-0400][gc,heap     ] GC(817) Old regions: 97->101
[2023-04-17T22:18:10.232-0400][gc,heap     ] GC(817) Archive regions: 2->2
[2023-04-17T22:18:10.232-0400][gc,heap     ] GC(817) Humongous regions: 129->129
[2023-04-17T22:18:10.232-0400][gc,metaspace] GC(817) Metaspace: 44230K(44928K)->44230K(44928K) NonClass: 39135K(39488K)->39135K(39488K) Class: 5095K(5440K)->5095K(5440K)
[2023-04-17T22:18:10.232-0400][gc          ] GC(817) Pause Young (Normal) (G1 Evacuation Pause) 277M->234M(1024M) 41.237ms
[2023-04-17T22:18:10.232-0400][gc,cpu      ] GC(817) User=0.03s Sys=0.04s Real=0.04s
[2023-04-17T22:18:39.643-0400][gc,start    ] GC(818) Pause Young (Normal) (G1 Evacuation Pause)
[2023-04-17T22:18:39.643-0400][gc,task     ] GC(818) Using 8 workers of 8 for evacuation
[2023-04-17T22:18:39.651-0400][gc,phases   ] GC(818)   Pre Evacuate Collection Set: 0.3ms
[2023-04-17T22:18:39.651-0400][gc,phases   ] GC(818)   Merge Heap Roots: 0.1ms
[2023-04-17T22:18:39.651-0400][gc,phases   ] GC(818)   Evacuate Collection Set: 6.7ms
[2023-04-17T22:18:39.651-0400][gc,phases   ] GC(818)   Post Evacuate Collection Set: 0.5ms
[2023-04-17T22:18:39.651-0400][gc,phases   ] GC(818)   Other: 0.2ms
[2023-04-17T22:18:39.651-0400][gc,heap     ] GC(818) Eden regions: 47->0(46)
[2023-04-17T22:18:39.651-0400][gc,heap     ] GC(818) Survivor regions: 4->5(7)
[2023-04-17T22:18:39.651-0400][gc,heap     ] GC(818) Old regions: 101->101
[2023-04-17T22:18:39.651-0400][gc,heap     ] GC(818) Archive regions: 2->2
[2023-04-17T22:18:39.651-0400][gc,heap     ] GC(818) Humongous regions: 129->129
[2023-04-17T22:18:39.651-0400][gc,metaspace] GC(818) Metaspace: 44230K(44928K)->44230K(44928K) NonClass: 39135K(39488K)->39135K(39488K) Class: 5095K(5440K)->5095K(5440K)
[2023-04-17T22:18:39.651-0400][gc          ] GC(818) Pause Young (Normal) (G1 Evacuation Pause) 281M->234M(1024M) 8.310ms
[2023-04-17T22:18:39.651-0400][gc,cpu      ] GC(818) User=0.04s Sys=0.01s Real=0.01s
[2023-04-17T22:19:10.251-0400][gc,start    ] GC(819) Pause Young (Normal) (G1 Evacuation Pause)
[2023-04-17T22:19:10.251-0400][gc,task     ] GC(819) Using 8 workers of 8 for evacuation
[2023-04-17T22:19:10.262-0400][gc,phases   ] GC(819)   Pre Evacuate Collection Set: 0.1ms
[2023-04-17T22:19:10.262-0400][gc,phases   ] GC(819)   Merge Heap Roots: 0.1ms
[2023-04-17T22:19:10.262-0400][gc,phases   ] GC(819)   Evacuate Collection Set: 10.0ms
[2023-04-17T22:19:10.262-0400][gc,phases   ] GC(819)   Post Evacuate Collection Set: 0.6ms
[2023-04-17T22:19:10.262-0400][gc,phases   ] GC(819)   Other: 0.1ms
[2023-04-17T22:19:10.262-0400][gc,heap     ] GC(819) Eden regions: 46->0(139)
[2023-04-17T22:19:10.262-0400][gc,heap     ] GC(819) Survivor regions: 5->4(7)
[2023-04-17T22:19:10.262-0400][gc,heap     ] GC(819) Old regions: 101->102
[2023-04-17T22:19:10.262-0400][gc,heap     ] GC(819) Archive regions: 2->2
[2023-04-17T22:19:10.262-0400][gc,heap     ] GC(819) Humongous regions: 129->129
[2023-04-17T22:19:10.262-0400][gc,metaspace] GC(819) Metaspace: 44230K(44928K)->44230K(44928K) NonClass: 39135K(39488K)->39135K(39488K) Class: 5095K(5440K)->5095K(5440K)
[2023-04-17T22:19:10.262-0400][gc          ] GC(819) Pause Young (Normal) (G1 Evacuation Pause) 280M->235M(1024M) 11.141ms
[2023-04-17T22:19:10.262-0400][gc,cpu      ] GC(819) User=0.02s Sys=0.00s Real=0.01s
[2023-04-17T22:20:43.483-0400][gc,start    ] GC(820) Pause Young (Normal) (G1 Evacuation Pause)
[2023-04-17T22:20:43.483-0400][gc,task     ] GC(820) Using 8 workers of 8 for evacuation
[2023-04-17T22:20:43.491-0400][gc,phases   ] GC(820)   Pre Evacuate Collection Set: 0.3ms
[2023-04-17T22:20:43.491-0400][gc,phases   ] GC(820)   Merge Heap Roots: 0.3ms
[2023-04-17T22:20:43.491-0400][gc,phases   ] GC(820)   Evacuate Collection Set: 6.5ms
[2023-04-17T22:20:43.491-0400][gc,phases   ] GC(820)   Post Evacuate Collection Set: 0.4ms
[2023-04-17T22:20:43.491-0400][gc,phases   ] GC(820)   Other: 0.2ms
[2023-04-17T22:20:43.491-0400][gc,heap     ] GC(820) Eden regions: 139->0(70)
[2023-04-17T22:20:43.491-0400][gc,heap     ] GC(820) Survivor regions: 4->6(18)
[2023-04-17T22:20:43.491-0400][gc,heap     ] GC(820) Old regions: 102->102
[2023-04-17T22:20:43.491-0400][gc,heap     ] GC(820) Archive regions: 2->2
[2023-04-17T22:20:43.491-0400][gc,heap     ] GC(820) Humongous regions: 129->129
[2023-04-17T22:20:43.491-0400][gc,metaspace] GC(820) Metaspace: 44230K(44928K)->44230K(44928K) NonClass: 39135K(39488K)->39135K(39488K) Class: 5095K(5440K)->5095K(5440K)
[2023-04-17T22:20:43.491-0400][gc          ] GC(820) Pause Young (Normal) (G1 Evacuation Pause) 374M->237M(1024M) 8.008ms
[2023-04-17T22:20:43.491-0400][gc,cpu      ] GC(820) User=0.05s Sys=0.00s Real=0.01s
[2023-04-17T22:21:30.661-0400][gc,start    ] GC(821) Pause Young (Normal) (G1 Evacuation Pause)
[2023-04-17T22:21:30.661-0400][gc,task     ] GC(821) Using 8 workers of 8 for evacuation
[2023-04-17T22:21:30.676-0400][gc,phases   ] GC(821)   Pre Evacuate Collection Set: 0.3ms
[2023-04-17T22:21:30.676-0400][gc,phases   ] GC(821)   Merge Heap Roots: 0.2ms
[2023-04-17T22:21:30.676-0400][gc,phases   ] GC(821)   Evacuate Collection Set: 13.8ms
[2023-04-17T22:21:30.676-0400][gc,phases   ] GC(821)   Post Evacuate Collection Set: 0.4ms
[2023-04-17T22:21:30.676-0400][gc,phases   ] GC(821)   Other: 0.2ms
[2023-04-17T22:21:30.676-0400][gc,heap     ] GC(821) Eden regions: 70->0(88)
[2023-04-17T22:21:30.676-0400][gc,heap     ] GC(821) Survivor regions: 6->6(10)
[2023-04-17T22:21:30.676-0400][gc,heap     ] GC(821) Old regions: 102->103
[2023-04-17T22:21:30.676-0400][gc,heap     ] GC(821) Archive regions: 2->2
[2023-04-17T22:21:30.676-0400][gc,heap     ] GC(821) Humongous regions: 129->129
[2023-04-17T22:21:30.676-0400][gc,metaspace] GC(821) Metaspace: 44230K(44928K)->44230K(44928K) NonClass: 39135K(39488K)->39135K(39488K) Class: 5095K(5440K)->5095K(5440K)
[2023-04-17T22:21:30.676-0400][gc          ] GC(821) Pause Young (Normal) (G1 Evacuation Pause) 307M->238M(1024M) 15.136ms
[2023-04-17T22:21:30.676-0400][gc,cpu      ] GC(821) User=0.04s Sys=0.02s Real=0.01s
[2023-04-17T22:22:28.887-0400][gc,start    ] GC(822) Pause Young (Normal) (G1 Evacuation Pause)
[2023-04-17T22:22:28.888-0400][gc,task     ] GC(822) Using 8 workers of 8 for evacuation
[2023-04-17T22:22:28.899-0400][gc,phases   ] GC(822)   Pre Evacuate Collection Set: 0.3ms
[2023-04-17T22:22:28.899-0400][gc,phases   ] GC(822)   Merge Heap Roots: 0.2ms
[2023-04-17T22:22:28.899-0400][gc,phases   ] GC(822)   Evacuate Collection Set: 8.3ms
[2023-04-17T22:22:28.899-0400][gc,phases   ] GC(822)   Post Evacuate Collection Set: 1.4ms
[2023-04-17T22:22:28.899-0400][gc,phases   ] GC(822)   Other: 0.2ms
[2023-04-17T22:22:28.899-0400][gc,heap     ] GC(822) Eden regions: 88->0(51)
[2023-04-17T22:22:28.899-0400][gc,heap     ] GC(822) Survivor regions: 6->8(12)
[2023-04-17T22:22:28.899-0400][gc,heap     ] GC(822) Old regions: 103->103
[2023-04-17T22:22:28.899-0400][gc,heap     ] GC(822) Archive regions: 2->2
[2023-04-17T22:22:28.899-0400][gc,heap     ] GC(822) Humongous regions: 129->129
[2023-04-17T22:22:28.899-0400][gc,metaspace] GC(822) Metaspace: 44230K(44928K)->44230K(44928K) NonClass: 39135K(39488K)->39135K(39488K) Class: 5095K(5440K)->5095K(5440K)
[2023-04-17T22:22:28.899-0400][gc          ] GC(822) Pause Young (Normal) (G1 Evacuation Pause) 326M->240M(1024M) 11.662ms
[2023-04-17T22:22:28.899-0400][gc,cpu      ] GC(822) User=0.06s Sys=0.00s Real=0.01s
[2023-04-17T22:23:03.214-0400][gc,start    ] GC(823) Pause Young (Normal) (G1 Evacuation Pause)
[2023-04-17T22:23:03.214-0400][gc,task     ] GC(823) Using 8 workers of 8 for evacuation
[2023-04-17T22:23:03.257-0400][gc,mmu      ] GC(823) MMU target violated: 21.0ms (20.0ms/21.0ms)
[2023-04-17T22:23:03.257-0400][gc,phases   ] GC(823)   Pre Evacuate Collection Set: 0.2ms
[2023-04-17T22:23:03.257-0400][gc,phases   ] GC(823)   Merge Heap Roots: 0.2ms
[2023-04-17T22:23:03.257-0400][gc,phases   ] GC(823)   Evacuate Collection Set: 41.2ms
[2023-04-17T22:23:03.257-0400][gc,phases   ] GC(823)   Post Evacuate Collection Set: 0.2ms
[2023-04-17T22:23:03.257-0400][gc,phases   ] GC(823)   Other: 1.1ms
[2023-04-17T22:23:03.257-0400][gc,heap     ] GC(823) Eden regions: 51->0(86)
[2023-04-17T22:23:03.257-0400][gc,heap     ] GC(823) Survivor regions: 8->4(8)
[2023-04-17T22:23:03.257-0400][gc,heap     ] GC(823) Old regions: 103->108
[2023-04-17T22:23:03.257-0400][gc,heap     ] GC(823) Archive regions: 2->2
[2023-04-17T22:23:03.257-0400][gc,heap     ] GC(823) Humongous regions: 129->129
[2023-04-17T22:23:03.257-0400][gc,metaspace] GC(823) Metaspace: 44230K(44928K)->44230K(44928K) NonClass: 39135K(39488K)->39135K(39488K) Class: 5095K(5440K)->5095K(5440K)
[2023-04-17T22:23:03.257-0400][gc          ] GC(823) Pause Young (Normal) (G1 Evacuation Pause) 291M->240M(1024M) 43.043ms
[2023-04-17T22:23:03.257-0400][gc,cpu      ] GC(823) User=0.03s Sys=0.07s Real=0.04s
[2023-04-17T22:23:59.481-0400][gc,start    ] GC(824) Pause Young (Normal) (G1 Evacuation Pause)
[2023-04-17T22:23:59.481-0400][gc,task     ] GC(824) Using 8 workers of 8 for evacuation
[2023-04-17T22:23:59.487-0400][gc,phases   ] GC(824)   Pre Evacuate Collection Set: 0.1ms
[2023-04-17T22:23:59.487-0400][gc,phases   ] GC(824)   Merge Heap Roots: 0.1ms
[2023-04-17T22:23:59.487-0400][gc,phases   ] GC(824)   Evacuate Collection Set: 5.1ms
[2023-04-17T22:23:59.487-0400][gc,phases   ] GC(824)   Post Evacuate Collection Set: 0.4ms
[2023-04-17T22:23:59.487-0400][gc,phases   ] GC(824)   Other: 0.2ms
[2023-04-17T22:23:59.487-0400][gc,heap     ] GC(824) Eden regions: 86->0(49)
[2023-04-17T22:23:59.487-0400][gc,heap     ] GC(824) Survivor regions: 4->6(12)
[2023-04-17T22:23:59.487-0400][gc,heap     ] GC(824) Old regions: 108->108
[2023-04-17T22:23:59.487-0400][gc,heap     ] GC(824) Archive regions: 2->2
[2023-04-17T22:23:59.487-0400][gc,heap     ] GC(824) Humongous regions: 129->129
[2023-04-17T22:23:59.487-0400][gc,metaspace] GC(824) Metaspace: 44230K(44928K)->44230K(44928K) NonClass: 39135K(39488K)->39135K(39488K) Class: 5095K(5440K)->5095K(5440K)
[2023-04-17T22:23:59.487-0400][gc          ] GC(824) Pause Young (Normal) (G1 Evacuation Pause) 326M->242M(1024M) 6.175ms
[2023-04-17T22:23:59.487-0400][gc,cpu      ] GC(824) User=0.04s Sys=0.01s Real=0.00s
[2023-04-17T22:24:29.769-0400][gc,start    ] GC(825) Pause Young (Normal) (G1 Evacuation Pause)
[2023-04-17T22:24:29.769-0400][gc,task     ] GC(825) Using 8 workers of 8 for evacuation
[2023-04-17T22:24:29.784-0400][gc,phases   ] GC(825)   Pre Evacuate Collection Set: 0.1ms
[2023-04-17T22:24:29.784-0400][gc,phases   ] GC(825)   Merge Heap Roots: 0.1ms
[2023-04-17T22:24:29.784-0400][gc,phases   ] GC(825)   Evacuate Collection Set: 14.4ms
[2023-04-17T22:24:29.784-0400][gc,phases   ] GC(825)   Post Evacuate Collection Set: 0.2ms
[2023-04-17T22:24:29.784-0400][gc,phases   ] GC(825)   Other: 0.2ms
[2023-04-17T22:24:29.784-0400][gc,heap     ] GC(825) Eden regions: 49->0(159)
[2023-04-17T22:24:29.784-0400][gc,heap     ] GC(825) Survivor regions: 6->4(7)
[2023-04-17T22:24:29.784-0400][gc,heap     ] GC(825) Old regions: 108->110
[2023-04-17T22:24:29.784-0400][gc,heap     ] GC(825) Archive regions: 2->2
[2023-04-17T22:24:29.784-0400][gc,heap     ] GC(825) Humongous regions: 129->129
[2023-04-17T22:24:29.784-0400][gc,metaspace] GC(825) Metaspace: 44230K(44928K)->44230K(44928K) NonClass: 39135K(39488K)->39135K(39488K) Class: 5095K(5440K)->5095K(5440K)
[2023-04-17T22:24:29.784-0400][gc          ] GC(825) Pause Young (Normal) (G1 Evacuation Pause) 291M->243M(1024M) 15.169ms
[2023-04-17T22:24:29.784-0400][gc,cpu      ] GC(825) User=0.03s Sys=0.03s Real=0.02s
[2023-04-17T22:26:08.492-0400][gc,start    ] GC(826) Pause Young (Normal) (G1 Evacuation Pause)
[2023-04-17T22:26:08.493-0400][gc,task     ] GC(826) Using 8 workers of 8 for evacuation
[2023-04-17T22:26:08.512-0400][gc,phases   ] GC(826)   Pre Evacuate Collection Set: 0.3ms
[2023-04-17T22:26:08.512-0400][gc,phases   ] GC(826)   Merge Heap Roots: 0.1ms
[2023-04-17T22:26:08.512-0400][gc,phases   ] GC(826)   Evacuate Collection Set: 17.8ms
[2023-04-17T22:26:08.512-0400][gc,phases   ] GC(826)   Post Evacuate Collection Set: 0.3ms
[2023-04-17T22:26:08.512-0400][gc,phases   ] GC(826)   Other: 0.1ms
[2023-04-17T22:26:08.512-0400][gc,heap     ] GC(826) Eden regions: 159->0(44)
[2023-04-17T22:26:08.512-0400][gc,heap     ] GC(826) Survivor regions: 4->7(21)
[2023-04-17T22:26:08.512-0400][gc,heap     ] GC(826) Old regions: 110->110
[2023-04-17T22:26:08.512-0400][gc,heap     ] GC(826) Archive regions: 2->2
[2023-04-17T22:26:08.512-0400][gc,heap     ] GC(826) Humongous regions: 129->129
[2023-04-17T22:26:08.512-0400][gc,metaspace] GC(826) Metaspace: 44230K(44928K)->44230K(44928K) NonClass: 39135K(39488K)->39135K(39488K) Class: 5095K(5440K)->5095K(5440K)
[2023-04-17T22:26:08.512-0400][gc          ] GC(826) Pause Young (Normal) (G1 Evacuation Pause) 402M->245M(1024M) 19.282ms
[2023-04-17T22:26:08.512-0400][gc,cpu      ] GC(826) User=0.04s Sys=0.05s Real=0.02s
[2023-04-17T22:26:37.070-0400][gc,start    ] GC(827) Pause Young (Normal) (G1 Evacuation Pause)
[2023-04-17T22:26:37.071-0400][gc,task     ] GC(827) Using 8 workers of 8 for evacuation
[2023-04-17T22:26:37.112-0400][gc,mmu      ] GC(827) MMU target violated: 21.0ms (20.0ms/21.0ms)
[2023-04-17T22:26:37.112-0400][gc,phases   ] GC(827)   Pre Evacuate Collection Set: 0.3ms
[2023-04-17T22:26:37.112-0400][gc,phases   ] GC(827)   Merge Heap Roots: 0.2ms
[2023-04-17T22:26:37.112-0400][gc,phases   ] GC(827)   Evacuate Collection Set: 40.1ms
[2023-04-17T22:26:37.112-0400][gc,phases   ] GC(827)   Post Evacuate Collection Set: 0.4ms
[2023-04-17T22:26:37.112-0400][gc,phases   ] GC(827)   Other: 0.3ms
[2023-04-17T22:26:37.112-0400][gc,heap     ] GC(827) Eden regions: 44->0(46)
[2023-04-17T22:26:37.112-0400][gc,heap     ] GC(827) Survivor regions: 7->5(7)
[2023-04-17T22:26:37.112-0400][gc,heap     ] GC(827) Old regions: 110->113
[2023-04-17T22:26:37.112-0400][gc,heap     ] GC(827) Archive regions: 2->2
[2023-04-17T22:26:37.112-0400][gc,heap     ] GC(827) Humongous regions: 129->129
[2023-04-17T22:26:37.112-0400][gc,metaspace] GC(827) Metaspace: 44230K(44928K)->44230K(44928K) NonClass: 39135K(39488K)->39135K(39488K) Class: 5095K(5440K)->5095K(5440K)
[2023-04-17T22:26:37.112-0400][gc          ] GC(827) Pause Young (Normal) (G1 Evacuation Pause) 289M->246M(1024M) 42.546ms
[2023-04-17T22:26:37.112-0400][gc,cpu      ] GC(827) User=0.04s Sys=0.06s Real=0.04s
[2023-04-17T22:27:07.395-0400][gc,start    ] GC(828) Pause Young (Normal) (G1 Evacuation Pause)
[2023-04-17T22:27:07.396-0400][gc,task     ] GC(828) Using 8 workers of 8 for evacuation
[2023-04-17T22:27:07.409-0400][gc,phases   ] GC(828)   Pre Evacuate Collection Set: 0.4ms
[2023-04-17T22:27:07.409-0400][gc,phases   ] GC(828)   Merge Heap Roots: 0.4ms
[2023-04-17T22:27:07.409-0400][gc,phases   ] GC(828)   Evacuate Collection Set: 11.0ms
[2023-04-17T22:27:07.409-0400][gc,phases   ] GC(828)   Post Evacuate Collection Set: 0.5ms
[2023-04-17T22:27:07.409-0400][gc,phases   ] GC(828)   Other: 0.9ms
[2023-04-17T22:27:07.409-0400][gc,heap     ] GC(828) Eden regions: 46->0(46)
[2023-04-17T22:27:07.409-0400][gc,heap     ] GC(828) Survivor regions: 5->5(7)
[2023-04-17T22:27:07.409-0400][gc,heap     ] GC(828) Old regions: 113->114
[2023-04-17T22:27:07.409-0400][gc,heap     ] GC(828) Archive regions: 2->2
[2023-04-17T22:27:07.409-0400][gc,heap     ] GC(828) Humongous regions: 129->129
[2023-04-17T22:27:07.409-0400][gc,metaspace] GC(828) Metaspace: 44230K(44928K)->44230K(44928K) NonClass: 39135K(39488K)->39135K(39488K) Class: 5095K(5440K)->5095K(5440K)
[2023-04-17T22:27:07.409-0400][gc          ] GC(828) Pause Young (Normal) (G1 Evacuation Pause) 292M->247M(1024M) 14.093ms
[2023-04-17T22:27:07.409-0400][gc,cpu      ] GC(828) User=0.05s Sys=0.02s Real=0.01s
[2023-04-17T22:27:38.146-0400][gc,start    ] GC(829) Pause Young (Normal) (G1 Evacuation Pause)
[2023-04-17T22:27:38.147-0400][gc,task     ] GC(829) Using 8 workers of 8 for evacuation
[2023-04-17T22:27:38.161-0400][gc,phases   ] GC(829)   Pre Evacuate Collection Set: 0.2ms
[2023-04-17T22:27:38.162-0400][gc,phases   ] GC(829)   Merge Heap Roots: 0.3ms
[2023-04-17T22:27:38.162-0400][gc,phases   ] GC(829)   Evacuate Collection Set: 13.4ms
[2023-04-17T22:27:38.162-0400][gc,phases   ] GC(829)   Post Evacuate Collection Set: 0.4ms
[2023-04-17T22:27:38.162-0400][gc,phases   ] GC(829)   Other: 0.2ms
[2023-04-17T22:27:38.162-0400][gc,heap     ] GC(829) Eden regions: 46->0(168)
[2023-04-17T22:27:38.162-0400][gc,heap     ] GC(829) Survivor regions: 5->3(7)
[2023-04-17T22:27:38.162-0400][gc,heap     ] GC(829) Old regions: 114->116
[2023-04-17T22:27:38.162-0400][gc,heap     ] GC(829) Archive regions: 2->2
[2023-04-17T22:27:38.162-0400][gc,heap     ] GC(829) Humongous regions: 129->129
[2023-04-17T22:27:38.162-0400][gc,metaspace] GC(829) Metaspace: 44230K(44928K)->44230K(44928K) NonClass: 39135K(39488K)->39135K(39488K) Class: 5095K(5440K)->5095K(5440K)
[2023-04-17T22:27:38.162-0400][gc          ] GC(829) Pause Young (Normal) (G1 Evacuation Pause) 293M->248M(1024M) 15.512ms
[2023-04-17T22:27:38.162-0400][gc,cpu      ] GC(829) User=0.04s Sys=0.03s Real=0.02s
[2023-04-17T22:29:30.645-0400][gc,start    ] GC(830) Pause Young (Normal) (G1 Evacuation Pause)
[2023-04-17T22:29:30.645-0400][gc,task     ] GC(830) Using 8 workers of 8 for evacuation
[2023-04-17T22:29:30.662-0400][gc,phases   ] GC(830)   Pre Evacuate Collection Set: 0.3ms
[2023-04-17T22:29:30.662-0400][gc,phases   ] GC(830)   Merge Heap Roots: 0.2ms
[2023-04-17T22:29:30.662-0400][gc,phases   ] GC(830)   Evacuate Collection Set: 16.2ms
[2023-04-17T22:29:30.662-0400][gc,phases   ] GC(830)   Post Evacuate Collection Set: 0.4ms
[2023-04-17T22:29:30.662-0400][gc,phases   ] GC(830)   Other: 0.1ms
[2023-04-17T22:29:30.662-0400][gc,heap     ] GC(830) Eden regions: 168->0(45)
[2023-04-17T22:29:30.662-0400][gc,heap     ] GC(830) Survivor regions: 3->6(22)
[2023-04-17T22:29:30.662-0400][gc,heap     ] GC(830) Old regions: 116->116
[2023-04-17T22:29:30.662-0400][gc,heap     ] GC(830) Archive regions: 2->2
[2023-04-17T22:29:30.662-0400][gc,heap     ] GC(830) Humongous regions: 129->129
[2023-04-17T22:29:30.662-0400][gc,metaspace] GC(830) Metaspace: 44230K(44928K)->44230K(44928K) NonClass: 39135K(39488K)->39135K(39488K) Class: 5095K(5440K)->5095K(5440K)
[2023-04-17T22:29:30.662-0400][gc          ] GC(830) Pause Young (Normal) (G1 Evacuation Pause) 416M->250M(1024M) 17.755ms
[2023-04-17T22:29:30.663-0400][gc,cpu      ] GC(830) User=0.03s Sys=0.04s Real=0.02s
[2023-04-17T22:29:57.955-0400][gc,start    ] GC(831) Pause Young (Normal) (G1 Evacuation Pause)
[2023-04-17T22:29:57.955-0400][gc,task     ] GC(831) Using 8 workers of 8 for evacuation
[2023-04-17T22:29:57.970-0400][gc,phases   ] GC(831)   Pre Evacuate Collection Set: 0.1ms
[2023-04-17T22:29:57.970-0400][gc,phases   ] GC(831)   Merge Heap Roots: 0.1ms
[2023-04-17T22:29:57.970-0400][gc,phases   ] GC(831)   Evacuate Collection Set: 14.1ms
[2023-04-17T22:29:57.970-0400][gc,phases   ] GC(831)   Post Evacuate Collection Set: 0.2ms
[2023-04-17T22:29:57.970-0400][gc,phases   ] GC(831)   Other: 0.1ms
[2023-04-17T22:29:57.970-0400][gc,heap     ] GC(831) Eden regions: 45->0(139)
[2023-04-17T22:29:57.970-0400][gc,heap     ] GC(831) Survivor regions: 6->4(7)
[2023-04-17T22:29:57.970-0400][gc,heap     ] GC(831) Old regions: 116->118
[2023-04-17T22:29:57.970-0400][gc,heap     ] GC(831) Archive regions: 2->2
[2023-04-17T22:29:57.970-0400][gc,heap     ] GC(831) Humongous regions: 129->129
[2023-04-17T22:29:57.970-0400][gc,metaspace] GC(831) Metaspace: 44230K(44928K)->44230K(44928K) NonClass: 39135K(39488K)->39135K(39488K) Class: 5095K(5440K)->5095K(5440K)
[2023-04-17T22:29:57.970-0400][gc          ] GC(831) Pause Young (Normal) (G1 Evacuation Pause) 295M->251M(1024M) 14.993ms
[2023-04-17T22:29:57.970-0400][gc,cpu      ] GC(831) User=0.03s Sys=0.02s Real=0.02s
[2023-04-17T22:31:29.454-0400][gc,start    ] GC(832) Pause Young (Normal) (G1 Evacuation Pause)
[2023-04-17T22:31:29.454-0400][gc,task     ] GC(832) Using 8 workers of 8 for evacuation
[2023-04-17T22:31:29.462-0400][gc,phases   ] GC(832)   Pre Evacuate Collection Set: 0.3ms
[2023-04-17T22:31:29.462-0400][gc,phases   ] GC(832)   Merge Heap Roots: 0.2ms
[2023-04-17T22:31:29.462-0400][gc,phases   ] GC(832)   Evacuate Collection Set: 6.8ms
[2023-04-17T22:31:29.462-0400][gc,phases   ] GC(832)   Post Evacuate Collection Set: 0.5ms
[2023-04-17T22:31:29.462-0400][gc,phases   ] GC(832)   Other: 0.2ms
[2023-04-17T22:31:29.462-0400][gc,heap     ] GC(832) Eden regions: 139->0(44)
[2023-04-17T22:31:29.462-0400][gc,heap     ] GC(832) Survivor regions: 4->7(18)
[2023-04-17T22:31:29.462-0400][gc,heap     ] GC(832) Old regions: 118->118
[2023-04-17T22:31:29.462-0400][gc,heap     ] GC(832) Archive regions: 2->2
[2023-04-17T22:31:29.463-0400][gc,heap     ] GC(832) Humongous regions: 129->129
[2023-04-17T22:31:29.463-0400][gc,metaspace] GC(832) Metaspace: 44230K(44928K)->44230K(44928K) NonClass: 39135K(39488K)->39135K(39488K) Class: 5095K(5440K)->5095K(5440K)
[2023-04-17T22:31:29.463-0400][gc          ] GC(832) Pause Young (Normal) (G1 Evacuation Pause) 390M->254M(1024M) 8.876ms
[2023-04-17T22:31:29.463-0400][gc,cpu      ] GC(832) User=0.05s Sys=0.01s Real=0.01s
[2023-04-17T22:31:57.546-0400][gc,start    ] GC(833) Pause Young (Normal) (G1 Evacuation Pause)
[2023-04-17T22:31:57.547-0400][gc,task     ] GC(833) Using 8 workers of 8 for evacuation
[2023-04-17T22:31:57.585-0400][gc,mmu      ] GC(833) MMU target violated: 21.0ms (20.0ms/21.0ms)
[2023-04-17T22:31:57.585-0400][gc,phases   ] GC(833)   Pre Evacuate Collection Set: 0.1ms
[2023-04-17T22:31:57.585-0400][gc,phases   ] GC(833)   Merge Heap Roots: 0.1ms
[2023-04-17T22:31:57.585-0400][gc,phases   ] GC(833)   Evacuate Collection Set: 37.6ms
[2023-04-17T22:31:57.585-0400][gc,phases   ] GC(833)   Post Evacuate Collection Set: 0.6ms
[2023-04-17T22:31:57.585-0400][gc,phases   ] GC(833)   Other: 0.2ms
[2023-04-17T22:31:57.585-0400][gc,heap     ] GC(833) Eden regions: 44->0(46)
[2023-04-17T22:31:57.585-0400][gc,heap     ] GC(833) Survivor regions: 7->5(7)
[2023-04-17T22:31:57.585-0400][gc,heap     ] GC(833) Old regions: 118->121
[2023-04-17T22:31:57.585-0400][gc,heap     ] GC(833) Archive regions: 2->2
[2023-04-17T22:31:57.585-0400][gc,heap     ] GC(833) Humongous regions: 129->129
[2023-04-17T22:31:57.585-0400][gc,metaspace] GC(833) Metaspace: 44230K(44928K)->44230K(44928K) NonClass: 39135K(39488K)->39135K(39488K) Class: 5095K(5440K)->5095K(5440K)
[2023-04-17T22:31:57.585-0400][gc          ] GC(833) Pause Young (Normal) (G1 Evacuation Pause) 298M->255M(1024M) 39.552ms
[2023-04-17T22:31:57.585-0400][gc,cpu      ] GC(833) User=0.03s Sys=0.04s Real=0.04s
[2023-04-17T22:32:27.370-0400][gc,start    ] GC(834) Pause Young (Normal) (G1 Evacuation Pause)
[2023-04-17T22:32:27.370-0400][gc,task     ] GC(834) Using 8 workers of 8 for evacuation
[2023-04-17T22:32:27.377-0400][gc,phases   ] GC(834)   Pre Evacuate Collection Set: 0.1ms
[2023-04-17T22:32:27.377-0400][gc,phases   ] GC(834)   Merge Heap Roots: 0.1ms
[2023-04-17T22:32:27.377-0400][gc,phases   ] GC(834)   Evacuate Collection Set: 5.7ms
[2023-04-17T22:32:27.377-0400][gc,phases   ] GC(834)   Post Evacuate Collection Set: 0.4ms
[2023-04-17T22:32:27.377-0400][gc,phases   ] GC(834)   Other: 0.1ms
[2023-04-17T22:32:27.377-0400][gc,heap     ] GC(834) Eden regions: 46->0(83)
[2023-04-17T22:32:27.377-0400][gc,heap     ] GC(834) Survivor regions: 5->5(7)
[2023-04-17T22:32:27.377-0400][gc,heap     ] GC(834) Old regions: 121->122
[2023-04-17T22:32:27.377-0400][gc,heap     ] GC(834) Archive regions: 2->2
[2023-04-17T22:32:27.377-0400][gc,heap     ] GC(834) Humongous regions: 129->129
[2023-04-17T22:32:27.377-0400][gc,metaspace] GC(834) Metaspace: 44230K(44928K)->44230K(44928K) NonClass: 39135K(39488K)->39135K(39488K) Class: 5095K(5440K)->5095K(5440K)
[2023-04-17T22:32:27.377-0400][gc          ] GC(834) Pause Young (Normal) (G1 Evacuation Pause) 301M->255M(1024M) 6.629ms
[2023-04-17T22:32:27.377-0400][gc,cpu      ] GC(834) User=0.02s Sys=0.01s Real=0.00s
[2023-04-17T22:33:21.960-0400][gc,start    ] GC(835) Pause Young (Normal) (G1 Evacuation Pause)
[2023-04-17T22:33:21.965-0400][gc,task     ] GC(835) Using 8 workers of 8 for evacuation
[2023-04-17T22:33:21.975-0400][gc,phases   ] GC(835)   Pre Evacuate Collection Set: 0.3ms
[2023-04-17T22:33:21.975-0400][gc,phases   ] GC(835)   Merge Heap Roots: 0.2ms
[2023-04-17T22:33:21.975-0400][gc,phases   ] GC(835)   Evacuate Collection Set: 8.4ms
[2023-04-17T22:33:21.975-0400][gc,phases   ] GC(835)   Post Evacuate Collection Set: 0.5ms
[2023-04-17T22:33:21.975-0400][gc,phases   ] GC(835)   Other: 0.2ms
[2023-04-17T22:33:21.975-0400][gc,heap     ] GC(835) Eden regions: 83->0(78)
[2023-04-17T22:33:21.975-0400][gc,heap     ] GC(835) Survivor regions: 5->6(11)
[2023-04-17T22:33:21.975-0400][gc,heap     ] GC(835) Old regions: 122->122
[2023-04-17T22:33:21.975-0400][gc,heap     ] GC(835) Archive regions: 2->2
[2023-04-17T22:33:21.975-0400][gc,heap     ] GC(835) Humongous regions: 129->129
[2023-04-17T22:33:21.975-0400][gc,metaspace] GC(835) Metaspace: 44230K(44928K)->44230K(44928K) NonClass: 39135K(39488K)->39135K(39488K) Class: 5095K(5440K)->5095K(5440K)
[2023-04-17T22:33:21.975-0400][gc          ] GC(835) Pause Young (Normal) (G1 Evacuation Pause) 338M->257M(1024M) 15.557ms
[2023-04-17T22:33:21.975-0400][gc,cpu      ] GC(835) User=0.05s Sys=0.00s Real=0.01s
[2023-04-17T22:34:12.971-0400][gc,start    ] GC(836) Pause Young (Normal) (G1 Evacuation Pause)
[2023-04-17T22:34:12.972-0400][gc,task     ] GC(836) Using 8 workers of 8 for evacuation
[2023-04-17T22:34:12.982-0400][gc,phases   ] GC(836)   Pre Evacuate Collection Set: 0.3ms
[2023-04-17T22:34:12.982-0400][gc,phases   ] GC(836)   Merge Heap Roots: 0.2ms
[2023-04-17T22:34:12.982-0400][gc,phases   ] GC(836)   Evacuate Collection Set: 8.4ms
[2023-04-17T22:34:12.982-0400][gc,phases   ] GC(836)   Post Evacuate Collection Set: 0.5ms
[2023-04-17T22:34:12.982-0400][gc,phases   ] GC(836)   Other: 0.2ms
[2023-04-17T22:34:12.982-0400][gc,heap     ] GC(836) Eden regions: 78->0(74)
[2023-04-17T22:34:12.982-0400][gc,heap     ] GC(836) Survivor regions: 6->7(11)
[2023-04-17T22:34:12.982-0400][gc,heap     ] GC(836) Old regions: 122->122
[2023-04-17T22:34:12.982-0400][gc,heap     ] GC(836) Archive regions: 2->2
[2023-04-17T22:34:12.982-0400][gc,heap     ] GC(836) Humongous regions: 129->129
[2023-04-17T22:34:12.982-0400][gc,metaspace] GC(836) Metaspace: 44230K(44928K)->44230K(44928K) NonClass: 39135K(39488K)->39135K(39488K) Class: 5095K(5440K)->5095K(5440K)
[2023-04-17T22:34:12.982-0400][gc          ] GC(836) Pause Young (Normal) (G1 Evacuation Pause) 335M->258M(1024M) 10.959ms
[2023-04-17T22:34:12.982-0400][gc,cpu      ] GC(836) User=0.06s Sys=0.01s Real=0.01s
[2023-04-17T22:35:02.789-0400][gc,start    ] GC(837) Pause Young (Normal) (G1 Evacuation Pause)
[2023-04-17T22:35:02.789-0400][gc,task     ] GC(837) Using 8 workers of 8 for evacuation
[2023-04-17T22:35:02.830-0400][gc,mmu      ] GC(837) MMU target violated: 21.0ms (20.0ms/21.0ms)
[2023-04-17T22:35:02.830-0400][gc,phases   ] GC(837)   Pre Evacuate Collection Set: 0.3ms
[2023-04-17T22:35:02.831-0400][gc,phases   ] GC(837)   Merge Heap Roots: 0.2ms
[2023-04-17T22:35:02.831-0400][gc,phases   ] GC(837)   Evacuate Collection Set: 39.4ms
[2023-04-17T22:35:02.831-0400][gc,phases   ] GC(837)   Post Evacuate Collection Set: 0.4ms
[2023-04-17T22:35:02.831-0400][gc,phases   ] GC(837)   Other: 0.8ms
[2023-04-17T22:35:02.831-0400][gc,heap     ] GC(837) Eden regions: 74->0(45)
[2023-04-17T22:35:02.831-0400][gc,heap     ] GC(837) Survivor regions: 7->6(11)
[2023-04-17T22:35:02.831-0400][gc,heap     ] GC(837) Old regions: 122->125
[2023-04-17T22:35:02.831-0400][gc,heap     ] GC(837) Archive regions: 2->2
[2023-04-17T22:35:02.831-0400][gc,heap     ] GC(837) Humongous regions: 129->129
[2023-04-17T22:35:02.831-0400][gc,metaspace] GC(837) Metaspace: 44230K(44928K)->44230K(44928K) NonClass: 39135K(39488K)->39135K(39488K) Class: 5095K(5440K)->5095K(5440K)
[2023-04-17T22:35:02.831-0400][gc          ] GC(837) Pause Young (Normal) (G1 Evacuation Pause) 332M->259M(1024M) 41.405ms
[2023-04-17T22:35:02.831-0400][gc,cpu      ] GC(837) User=0.05s Sys=0.04s Real=0.05s
[2023-04-17T22:35:33.001-0400][gc,start    ] GC(838) Pause Young (Normal) (G1 Evacuation Pause)
[2023-04-17T22:35:33.001-0400][gc,task     ] GC(838) Using 8 workers of 8 for evacuation
[2023-04-17T22:35:33.020-0400][gc,phases   ] GC(838)   Pre Evacuate Collection Set: 0.3ms
[2023-04-17T22:35:33.020-0400][gc,phases   ] GC(838)   Merge Heap Roots: 0.3ms
[2023-04-17T22:35:33.020-0400][gc,phases   ] GC(838)   Evacuate Collection Set: 16.4ms
[2023-04-17T22:35:33.020-0400][gc,phases   ] GC(838)   Post Evacuate Collection Set: 0.4ms
[2023-04-17T22:35:33.020-0400][gc,phases   ] GC(838)   Other: 0.9ms
[2023-04-17T22:35:33.020-0400][gc,heap     ] GC(838) Eden regions: 45->0(109)
[2023-04-17T22:35:33.020-0400][gc,heap     ] GC(838) Survivor regions: 6->4(7)
[2023-04-17T22:35:33.020-0400][gc,heap     ] GC(838) Old regions: 125->128
[2023-04-17T22:35:33.020-0400][gc,heap     ] GC(838) Archive regions: 2->2
[2023-04-17T22:35:33.020-0400][gc,heap     ] GC(838) Humongous regions: 129->129
[2023-04-17T22:35:33.020-0400][gc,metaspace] GC(838) Metaspace: 44230K(44928K)->44230K(44928K) NonClass: 39135K(39488K)->39135K(39488K) Class: 5095K(5440K)->5095K(5440K)
[2023-04-17T22:35:33.020-0400][gc          ] GC(838) Pause Young (Normal) (G1 Evacuation Pause) 304M->261M(1024M) 18.619ms
[2023-04-17T22:35:33.020-0400][gc,cpu      ] GC(838) User=0.05s Sys=0.03s Real=0.02s
[2023-04-17T22:36:43.681-0400][gc,start    ] GC(839) Pause Young (Normal) (G1 Evacuation Pause)
[2023-04-17T22:36:43.683-0400][gc,task     ] GC(839) Using 8 workers of 8 for evacuation
[2023-04-17T22:36:43.689-0400][gc,phases   ] GC(839)   Pre Evacuate Collection Set: 0.3ms
[2023-04-17T22:36:43.689-0400][gc,phases   ] GC(839)   Merge Heap Roots: 0.1ms
[2023-04-17T22:36:43.689-0400][gc,phases   ] GC(839)   Evacuate Collection Set: 5.3ms
[2023-04-17T22:36:43.689-0400][gc,phases   ] GC(839)   Post Evacuate Collection Set: 0.4ms
[2023-04-17T22:36:43.689-0400][gc,phases   ] GC(839)   Other: 0.1ms
[2023-04-17T22:36:43.689-0400][gc,heap     ] GC(839) Eden regions: 109->0(116)
[2023-04-17T22:36:43.689-0400][gc,heap     ] GC(839) Survivor regions: 4->5(15)
[2023-04-17T22:36:43.689-0400][gc,heap     ] GC(839) Old regions: 128->128
[2023-04-17T22:36:43.689-0400][gc,heap     ] GC(839) Archive regions: 2->2
[2023-04-17T22:36:43.689-0400][gc,heap     ] GC(839) Humongous regions: 129->129
[2023-04-17T22:36:43.689-0400][gc,metaspace] GC(839) Metaspace: 44230K(44928K)->44230K(44928K) NonClass: 39135K(39488K)->39135K(39488K) Class: 5095K(5440K)->5095K(5440K)
[2023-04-17T22:36:43.689-0400][gc          ] GC(839) Pause Young (Normal) (G1 Evacuation Pause) 370M->262M(1024M) 7.761ms
[2023-04-17T22:36:43.689-0400][gc,cpu      ] GC(839) User=0.04s Sys=0.00s Real=0.00s
[2023-04-17T22:37:56.142-0400][gc,start    ] GC(840) Pause Young (Normal) (G1 Evacuation Pause)
[2023-04-17T22:37:56.143-0400][gc,task     ] GC(840) Using 8 workers of 8 for evacuation
[2023-04-17T22:37:56.153-0400][gc,phases   ] GC(840)   Pre Evacuate Collection Set: 0.4ms
[2023-04-17T22:37:56.153-0400][gc,phases   ] GC(840)   Merge Heap Roots: 0.2ms
[2023-04-17T22:37:56.153-0400][gc,phases   ] GC(840)   Evacuate Collection Set: 8.3ms
[2023-04-17T22:37:56.153-0400][gc,phases   ] GC(840)   Post Evacuate Collection Set: 0.5ms
[2023-04-17T22:37:56.153-0400][gc,phases   ] GC(840)   Other: 0.2ms
[2023-04-17T22:37:56.153-0400][gc,heap     ] GC(840) Eden regions: 116->0(43)
[2023-04-17T22:37:56.153-0400][gc,heap     ] GC(840) Survivor regions: 5->8(16)
[2023-04-17T22:37:56.153-0400][gc,heap     ] GC(840) Old regions: 128->128
[2023-04-17T22:37:56.153-0400][gc,heap     ] GC(840) Archive regions: 2->2
[2023-04-17T22:37:56.153-0400][gc,heap     ] GC(840) Humongous regions: 129->129
[2023-04-17T22:37:56.153-0400][gc,metaspace] GC(840) Metaspace: 44230K(44928K)->44230K(44928K) NonClass: 39135K(39488K)->39135K(39488K) Class: 5095K(5440K)->5095K(5440K)
[2023-04-17T22:37:56.153-0400][gc          ] GC(840) Pause Young (Normal) (G1 Evacuation Pause) 378M->264M(1024M) 10.952ms
[2023-04-17T22:37:56.153-0400][gc,cpu      ] GC(840) User=0.06s Sys=0.01s Real=0.01s
[2023-04-17T22:38:22.853-0400][gc,start    ] GC(841) Pause Young (Normal) (G1 Evacuation Pause)
[2023-04-17T22:38:22.853-0400][gc,task     ] GC(841) Using 8 workers of 8 for evacuation
[2023-04-17T22:38:22.892-0400][gc,mmu      ] GC(841) MMU target violated: 21.0ms (20.0ms/21.0ms)
[2023-04-17T22:38:22.892-0400][gc,phases   ] GC(841)   Pre Evacuate Collection Set: 0.2ms
[2023-04-17T22:38:22.892-0400][gc,phases   ] GC(841)   Merge Heap Roots: 0.2ms
[2023-04-17T22:38:22.892-0400][gc,phases   ] GC(841)   Evacuate Collection Set: 37.6ms
[2023-04-17T22:38:22.892-0400][gc,phases   ] GC(841)   Post Evacuate Collection Set: 0.2ms
[2023-04-17T22:38:22.892-0400][gc,phases   ] GC(841)   Other: 0.2ms
[2023-04-17T22:38:22.892-0400][gc,heap     ] GC(841) Eden regions: 43->0(143)
[2023-04-17T22:38:22.892-0400][gc,heap     ] GC(841) Survivor regions: 8->3(7)
[2023-04-17T22:38:22.892-0400][gc,heap     ] GC(841) Old regions: 128->133
[2023-04-17T22:38:22.892-0400][gc,heap     ] GC(841) Archive regions: 2->2
[2023-04-17T22:38:22.892-0400][gc,heap     ] GC(841) Humongous regions: 129->129
[2023-04-17T22:38:22.892-0400][gc,metaspace] GC(841) Metaspace: 44230K(44928K)->44230K(44928K) NonClass: 39135K(39488K)->39135K(39488K) Class: 5095K(5440K)->5095K(5440K)
[2023-04-17T22:38:22.892-0400][gc          ] GC(841) Pause Young (Normal) (G1 Evacuation Pause) 307M->265M(1024M) 38.774ms
[2023-04-17T22:38:22.892-0400][gc,cpu      ] GC(841) User=0.04s Sys=0.05s Real=0.04s
[2023-04-17T22:39:55.123-0400][gc,start    ] GC(842) Pause Young (Normal) (G1 Evacuation Pause)
[2023-04-17T22:39:55.123-0400][gc,task     ] GC(842) Using 8 workers of 8 for evacuation
[2023-04-17T22:39:55.129-0400][gc,phases   ] GC(842)   Pre Evacuate Collection Set: 0.2ms
[2023-04-17T22:39:55.129-0400][gc,phases   ] GC(842)   Merge Heap Roots: 0.1ms
[2023-04-17T22:39:55.129-0400][gc,phases   ] GC(842)   Evacuate Collection Set: 5.3ms
[2023-04-17T22:39:55.129-0400][gc,phases   ] GC(842)   Post Evacuate Collection Set: 0.4ms
[2023-04-17T22:39:55.130-0400][gc,phases   ] GC(842)   Other: 0.2ms
[2023-04-17T22:39:55.130-0400][gc,heap     ] GC(842) Eden regions: 143->0(65)
[2023-04-17T22:39:55.130-0400][gc,heap     ] GC(842) Survivor regions: 3->6(19)
[2023-04-17T22:39:55.130-0400][gc,heap     ] GC(842) Old regions: 133->133
[2023-04-17T22:39:55.130-0400][gc,heap     ] GC(842) Archive regions: 2->2
[2023-04-17T22:39:55.130-0400][gc,heap     ] GC(842) Humongous regions: 129->129
[2023-04-17T22:39:55.130-0400][gc,metaspace] GC(842) Metaspace: 44230K(44928K)->44230K(44928K) NonClass: 39135K(39488K)->39135K(39488K) Class: 5095K(5440K)->5095K(5440K)
[2023-04-17T22:39:55.130-0400][gc          ] GC(842) Pause Young (Normal) (G1 Evacuation Pause) 408M->267M(1024M) 6.918ms
[2023-04-17T22:39:55.130-0400][gc,cpu      ] GC(842) User=0.04s Sys=0.00s Real=0.01s
[2023-04-17T22:40:36.884-0400][gc,start    ] GC(843) Pause Young (Normal) (G1 Evacuation Pause)
[2023-04-17T22:40:36.885-0400][gc,task     ] GC(843) Using 8 workers of 8 for evacuation
[2023-04-17T22:40:36.899-0400][gc,phases   ] GC(843)   Pre Evacuate Collection Set: 0.2ms
[2023-04-17T22:40:36.899-0400][gc,phases   ] GC(843)   Merge Heap Roots: 0.1ms
[2023-04-17T22:40:36.899-0400][gc,phases   ] GC(843)   Evacuate Collection Set: 14.0ms
[2023-04-17T22:40:36.899-0400][gc,phases   ] GC(843)   Post Evacuate Collection Set: 0.3ms
[2023-04-17T22:40:36.899-0400][gc,phases   ] GC(843)   Other: 0.1ms
[2023-04-17T22:40:36.899-0400][gc,heap     ] GC(843) Eden regions: 65->0(127)
[2023-04-17T22:40:36.900-0400][gc,heap     ] GC(843) Survivor regions: 6->5(9)
[2023-04-17T22:40:36.900-0400][gc,heap     ] GC(843) Old regions: 133->135
[2023-04-17T22:40:36.900-0400][gc,heap     ] GC(843) Archive regions: 2->2
[2023-04-17T22:40:36.900-0400][gc,heap     ] GC(843) Humongous regions: 129->129
[2023-04-17T22:40:36.900-0400][gc,metaspace] GC(843) Metaspace: 44230K(44928K)->44230K(44928K) NonClass: 39135K(39488K)->39135K(39488K) Class: 5095K(5440K)->5095K(5440K)
[2023-04-17T22:40:36.900-0400][gc          ] GC(843) Pause Young (Normal) (G1 Evacuation Pause) 332M->268M(1024M) 15.361ms
[2023-04-17T22:40:36.900-0400][gc,cpu      ] GC(843) User=0.03s Sys=0.02s Real=0.02s
[2023-04-17T22:42:10.024-0400][gc,start    ] GC(844) Pause Young (Normal) (G1 Evacuation Pause)
[2023-04-17T22:42:10.024-0400][gc,task     ] GC(844) Using 8 workers of 8 for evacuation
[2023-04-17T22:42:10.031-0400][gc,phases   ] GC(844)   Pre Evacuate Collection Set: 0.5ms
[2023-04-17T22:42:10.031-0400][gc,phases   ] GC(844)   Merge Heap Roots: 0.2ms
[2023-04-17T22:42:10.031-0400][gc,phases   ] GC(844)   Evacuate Collection Set: 5.4ms
[2023-04-17T22:42:10.031-0400][gc,phases   ] GC(844)   Post Evacuate Collection Set: 0.5ms
[2023-04-17T22:42:10.031-0400][gc,phases   ] GC(844)   Other: 0.2ms
[2023-04-17T22:42:10.031-0400][gc,heap     ] GC(844) Eden regions: 127->0(91)
[2023-04-17T22:42:10.031-0400][gc,heap     ] GC(844) Survivor regions: 5->7(17)
[2023-04-17T22:42:10.031-0400][gc,heap     ] GC(844) Old regions: 135->135
[2023-04-17T22:42:10.031-0400][gc,heap     ] GC(844) Archive regions: 2->2
[2023-04-17T22:42:10.031-0400][gc,heap     ] GC(844) Humongous regions: 129->129
[2023-04-17T22:42:10.031-0400][gc,metaspace] GC(844) Metaspace: 44230K(44928K)->44230K(44928K) NonClass: 39135K(39488K)->39135K(39488K) Class: 5095K(5440K)->5095K(5440K)
[2023-04-17T22:42:10.031-0400][gc          ] GC(844) Pause Young (Normal) (G1 Evacuation Pause) 395M->270M(1024M) 7.459ms
[2023-04-17T22:42:10.032-0400][gc,cpu      ] GC(844) User=0.03s Sys=0.00s Real=0.01s
[2023-04-17T22:43:17.891-0400][gc,start    ] GC(845) Pause Young (Normal) (G1 Evacuation Pause)
[2023-04-17T22:43:17.893-0400][gc,task     ] GC(845) Using 8 workers of 8 for evacuation
[2023-04-17T22:43:17.903-0400][gc,phases   ] GC(845)   Pre Evacuate Collection Set: 0.4ms
[2023-04-17T22:43:17.903-0400][gc,phases   ] GC(845)   Merge Heap Roots: 0.2ms
[2023-04-17T22:43:17.903-0400][gc,phases   ] GC(845)   Evacuate Collection Set: 8.7ms
[2023-04-17T22:43:17.903-0400][gc,phases   ] GC(845)   Post Evacuate Collection Set: 0.4ms
[2023-04-17T22:43:17.903-0400][gc,phases   ] GC(845)   Other: 0.2ms
[2023-04-17T22:43:17.903-0400][gc,heap     ] GC(845) Eden regions: 91->0(55)
[2023-04-17T22:43:17.903-0400][gc,heap     ] GC(845) Survivor regions: 7->9(13)
[2023-04-17T22:43:17.903-0400][gc,heap     ] GC(845) Old regions: 135->135
[2023-04-17T22:43:17.903-0400][gc,heap     ] GC(845) Archive regions: 2->2
[2023-04-17T22:43:17.903-0400][gc,heap     ] GC(845) Humongous regions: 129->129
[2023-04-17T22:43:17.903-0400][gc,metaspace] GC(845) Metaspace: 44230K(44928K)->44230K(44928K) NonClass: 39135K(39488K)->39135K(39488K) Class: 5095K(5440K)->5095K(5440K)
[2023-04-17T22:43:17.903-0400][gc          ] GC(845) Pause Young (Normal) (G1 Evacuation Pause) 361M->272M(1024M) 12.372ms
[2023-04-17T22:43:17.903-0400][gc,cpu      ] GC(845) User=0.06s Sys=0.00s Real=0.01s
[2023-04-17T22:43:57.919-0400][gc,start    ] GC(846) Pause Young (Normal) (G1 Evacuation Pause)
[2023-04-17T22:43:57.920-0400][gc,task     ] GC(846) Using 8 workers of 8 for evacuation
[2023-04-17T22:43:57.970-0400][gc,mmu      ] GC(846) MMU target violated: 21.0ms (20.0ms/21.0ms)
[2023-04-17T22:43:57.970-0400][gc,phases   ] GC(846)   Pre Evacuate Collection Set: 0.2ms
[2023-04-17T22:43:57.970-0400][gc,phases   ] GC(846)   Merge Heap Roots: 0.1ms
[2023-04-17T22:43:57.970-0400][gc,phases   ] GC(846)   Evacuate Collection Set: 49.4ms
[2023-04-17T22:43:57.970-0400][gc,phases   ] GC(846)   Post Evacuate Collection Set: 0.3ms
[2023-04-17T22:43:57.970-0400][gc,phases   ] GC(846)   Other: 0.2ms
[2023-04-17T22:43:57.970-0400][gc,heap     ] GC(846) Eden regions: 55->0(45)
[2023-04-17T22:43:57.970-0400][gc,heap     ] GC(846) Survivor regions: 9->6(8)
[2023-04-17T22:43:57.970-0400][gc,heap     ] GC(846) Old regions: 135->139
[2023-04-17T22:43:57.970-0400][gc,heap     ] GC(846) Archive regions: 2->2
[2023-04-17T22:43:57.970-0400][gc,heap     ] GC(846) Humongous regions: 129->129
[2023-04-17T22:43:57.970-0400][gc,metaspace] GC(846) Metaspace: 44230K(44928K)->44230K(44928K) NonClass: 39135K(39488K)->39135K(39488K) Class: 5095K(5440K)->5095K(5440K)
[2023-04-17T22:43:57.970-0400][gc          ] GC(846) Pause Young (Normal) (G1 Evacuation Pause) 327M->273M(1024M) 50.646ms
[2023-04-17T22:43:57.970-0400][gc,cpu      ] GC(846) User=0.06s Sys=0.06s Real=0.06s
[2023-04-17T22:44:27.965-0400][gc,start    ] GC(847) Pause Young (Normal) (G1 Evacuation Pause)
[2023-04-17T22:44:27.965-0400][gc,task     ] GC(847) Using 8 workers of 8 for evacuation
[2023-04-17T22:44:27.974-0400][gc,phases   ] GC(847)   Pre Evacuate Collection Set: 0.1ms
[2023-04-17T22:44:27.974-0400][gc,phases   ] GC(847)   Merge Heap Roots: 0.1ms
[2023-04-17T22:44:27.974-0400][gc,phases   ] GC(847)   Evacuate Collection Set: 8.3ms
[2023-04-17T22:44:27.974-0400][gc,phases   ] GC(847)   Post Evacuate Collection Set: 0.2ms
[2023-04-17T22:44:27.975-0400][gc,phases   ] GC(847)   Other: 0.7ms
[2023-04-17T22:44:27.975-0400][gc,heap     ] GC(847) Eden regions: 45->0(137)
[2023-04-17T22:44:27.975-0400][gc,heap     ] GC(847) Survivor regions: 6->4(7)
[2023-04-17T22:44:27.975-0400][gc,heap     ] GC(847) Old regions: 139->141
[2023-04-17T22:44:27.975-0400][gc,heap     ] GC(847) Archive regions: 2->2
[2023-04-17T22:44:27.975-0400][gc,heap     ] GC(847) Humongous regions: 129->129
[2023-04-17T22:44:27.975-0400][gc,metaspace] GC(847) Metaspace: 44230K(44928K)->44230K(44928K) NonClass: 39135K(39488K)->39135K(39488K) Class: 5095K(5440K)->5095K(5440K)
[2023-04-17T22:44:27.975-0400][gc          ] GC(847) Pause Young (Normal) (G1 Evacuation Pause) 318M->274M(1024M) 9.699ms
[2023-04-17T22:44:27.975-0400][gc,cpu      ] GC(847) User=0.02s Sys=0.01s Real=0.01s
[2023-04-17T22:45:55.772-0400][gc,start    ] GC(848) Pause Young (Normal) (G1 Evacuation Pause)
[2023-04-17T22:45:55.773-0400][gc,task     ] GC(848) Using 8 workers of 8 for evacuation
[2023-04-17T22:45:55.786-0400][gc,phases   ] GC(848)   Pre Evacuate Collection Set: 0.4ms
[2023-04-17T22:45:55.786-0400][gc,phases   ] GC(848)   Merge Heap Roots: 0.6ms
[2023-04-17T22:45:55.786-0400][gc,phases   ] GC(848)   Evacuate Collection Set: 11.7ms
[2023-04-17T22:45:55.786-0400][gc,phases   ] GC(848)   Post Evacuate Collection Set: 0.6ms
[2023-04-17T22:45:55.786-0400][gc,phases   ] GC(848)   Other: 0.1ms
[2023-04-17T22:45:55.786-0400][gc,heap     ] GC(848) Eden regions: 137->0(93)
[2023-04-17T22:45:55.786-0400][gc,heap     ] GC(848) Survivor regions: 4->6(18)
[2023-04-17T22:45:55.786-0400][gc,heap     ] GC(848) Old regions: 141->141
[2023-04-17T22:45:55.786-0400][gc,heap     ] GC(848) Archive regions: 2->2
[2023-04-17T22:45:55.786-0400][gc,heap     ] GC(848) Humongous regions: 129->129
[2023-04-17T22:45:55.786-0400][gc,metaspace] GC(848) Metaspace: 44230K(44928K)->44230K(44928K) NonClass: 39135K(39488K)->39135K(39488K) Class: 5095K(5440K)->5095K(5440K)
[2023-04-17T22:45:55.786-0400][gc          ] GC(848) Pause Young (Normal) (G1 Evacuation Pause) 411M->276M(1024M) 14.125ms
[2023-04-17T22:45:55.786-0400][gc,cpu      ] GC(848) User=0.03s Sys=0.00s Real=0.01s
[2023-04-17T22:46:57.694-0400][gc,start    ] GC(849) Pause Young (Normal) (G1 Evacuation Pause)
[2023-04-17T22:46:57.700-0400][gc,task     ] GC(849) Using 8 workers of 8 for evacuation
[2023-04-17T22:46:57.707-0400][gc,phases   ] GC(849)   Pre Evacuate Collection Set: 0.1ms
[2023-04-17T22:46:57.707-0400][gc,phases   ] GC(849)   Merge Heap Roots: 0.1ms
[2023-04-17T22:46:57.707-0400][gc,phases   ] GC(849)   Evacuate Collection Set: 5.2ms
[2023-04-17T22:46:57.707-0400][gc,phases   ] GC(849)   Post Evacuate Collection Set: 0.3ms
[2023-04-17T22:46:57.707-0400][gc,phases   ] GC(849)   Other: 1.2ms
[2023-04-17T22:46:57.707-0400][gc,heap     ] GC(849) Eden regions: 93->0(70)
[2023-04-17T22:46:57.707-0400][gc,heap     ] GC(849) Survivor regions: 6->8(13)
[2023-04-17T22:46:57.707-0400][gc,heap     ] GC(849) Old regions: 141->141
[2023-04-17T22:46:57.707-0400][gc,heap     ] GC(849) Archive regions: 2->2
[2023-04-17T22:46:57.707-0400][gc,heap     ] GC(849) Humongous regions: 129->129
[2023-04-17T22:46:57.707-0400][gc,metaspace] GC(849) Metaspace: 44230K(44928K)->44230K(44928K) NonClass: 39135K(39488K)->39135K(39488K) Class: 5095K(5440K)->5095K(5440K)
[2023-04-17T22:46:57.707-0400][gc          ] GC(849) Pause Young (Normal) (G1 Evacuation Pause) 369M->278M(1024M) 12.982ms
[2023-04-17T22:46:57.707-0400][gc,cpu      ] GC(849) User=0.04s Sys=0.00s Real=0.01s
[2023-04-17T22:47:44.061-0400][gc,start    ] GC(850) Pause Young (Normal) (G1 Evacuation Pause)
[2023-04-17T22:47:44.061-0400][gc,task     ] GC(850) Using 8 workers of 8 for evacuation
[2023-04-17T22:47:44.081-0400][gc,mmu      ] GC(850) MMU target violated: 20.1ms (20.0ms/21.0ms)
[2023-04-17T22:47:44.081-0400][gc,phases   ] GC(850)   Pre Evacuate Collection Set: 0.3ms
[2023-04-17T22:47:44.081-0400][gc,phases   ] GC(850)   Merge Heap Roots: 0.1ms
[2023-04-17T22:47:44.081-0400][gc,phases   ] GC(850)   Evacuate Collection Set: 18.9ms
[2023-04-17T22:47:44.081-0400][gc,phases   ] GC(850)   Post Evacuate Collection Set: 0.2ms
[2023-04-17T22:47:44.081-0400][gc,phases   ] GC(850)   Other: 0.7ms
[2023-04-17T22:47:44.081-0400][gc,heap     ] GC(850) Eden regions: 70->0(111)
[2023-04-17T22:47:44.081-0400][gc,heap     ] GC(850) Survivor regions: 8->7(10)
[2023-04-17T22:47:44.081-0400][gc,heap     ] GC(850) Old regions: 141->144
[2023-04-17T22:47:44.081-0400][gc,heap     ] GC(850) Archive regions: 2->2
[2023-04-17T22:47:44.081-0400][gc,heap     ] GC(850) Humongous regions: 129->129
[2023-04-17T22:47:44.081-0400][gc,metaspace] GC(850) Metaspace: 44230K(44928K)->44230K(44928K) NonClass: 39135K(39488K)->39135K(39488K) Class: 5095K(5440K)->5095K(5440K)
[2023-04-17T22:47:44.081-0400][gc          ] GC(850) Pause Young (Normal) (G1 Evacuation Pause) 348M->279M(1024M) 20.717ms
[2023-04-17T22:47:44.081-0400][gc,cpu      ] GC(850) User=0.03s Sys=0.02s Real=0.02s
[2023-04-17T22:48:57.958-0400][gc,start    ] GC(851) Pause Young (Normal) (G1 Evacuation Pause)
[2023-04-17T22:48:57.958-0400][gc,task     ] GC(851) Using 8 workers of 8 for evacuation
[2023-04-17T22:48:57.971-0400][gc,phases   ] GC(851)   Pre Evacuate Collection Set: 0.3ms
[2023-04-17T22:48:57.971-0400][gc,phases   ] GC(851)   Merge Heap Roots: 0.3ms
[2023-04-17T22:48:57.971-0400][gc,phases   ] GC(851)   Evacuate Collection Set: 10.2ms
[2023-04-17T22:48:57.971-0400][gc,phases   ] GC(851)   Post Evacuate Collection Set: 0.4ms
[2023-04-17T22:48:57.971-0400][gc,phases   ] GC(851)   Other: 1.7ms
[2023-04-17T22:48:57.971-0400][gc,heap     ] GC(851) Eden regions: 111->0(61)
[2023-04-17T22:48:57.971-0400][gc,heap     ] GC(851) Survivor regions: 7->9(15)
[2023-04-17T22:48:57.971-0400][gc,heap     ] GC(851) Old regions: 144->144
[2023-04-17T22:48:57.971-0400][gc,heap     ] GC(851) Archive regions: 2->2
[2023-04-17T22:48:57.971-0400][gc,heap     ] GC(851) Humongous regions: 129->129
[2023-04-17T22:48:57.971-0400][gc,metaspace] GC(851) Metaspace: 44230K(44928K)->44230K(44928K) NonClass: 39135K(39488K)->39135K(39488K) Class: 5095K(5440K)->5095K(5440K)
[2023-04-17T22:48:57.971-0400][gc          ] GC(851) Pause Young (Normal) (G1 Evacuation Pause) 390M->281M(1024M) 13.152ms
[2023-04-17T22:48:57.971-0400][gc,cpu      ] GC(851) User=0.06s Sys=0.01s Real=0.02s
[2023-04-17T22:49:36.510-0400][gc,start    ] GC(852) Pause Young (Normal) (G1 Evacuation Pause)
[2023-04-17T22:49:36.511-0400][gc,task     ] GC(852) Using 8 workers of 8 for evacuation
[2023-04-17T22:49:36.560-0400][gc,mmu      ] GC(852) MMU target violated: 21.0ms (20.0ms/21.0ms)
[2023-04-17T22:49:36.560-0400][gc,phases   ] GC(852)   Pre Evacuate Collection Set: 1.5ms
[2023-04-17T22:49:36.560-0400][gc,phases   ] GC(852)   Merge Heap Roots: 0.7ms
[2023-04-17T22:49:36.560-0400][gc,phases   ] GC(852)   Evacuate Collection Set: 43.9ms
[2023-04-17T22:49:36.560-0400][gc,phases   ] GC(852)   Post Evacuate Collection Set: 1.7ms
[2023-04-17T22:49:36.560-0400][gc,phases   ] GC(852)   Other: 1.1ms
[2023-04-17T22:49:36.560-0400][gc,heap     ] GC(852) Eden regions: 61->0(45)
[2023-04-17T22:49:36.560-0400][gc,heap     ] GC(852) Survivor regions: 9->6(9)
[2023-04-17T22:49:36.560-0400][gc,heap     ] GC(852) Old regions: 144->148
[2023-04-17T22:49:36.560-0400][gc,heap     ] GC(852) Archive regions: 2->2
[2023-04-17T22:49:36.560-0400][gc,heap     ] GC(852) Humongous regions: 129->129
[2023-04-17T22:49:36.560-0400][gc,metaspace] GC(852) Metaspace: 44230K(44928K)->44230K(44928K) NonClass: 39135K(39488K)->39135K(39488K) Class: 5095K(5440K)->5095K(5440K)
[2023-04-17T22:49:36.560-0400][gc          ] GC(852) Pause Young (Normal) (G1 Evacuation Pause) 342M->283M(1024M) 49.562ms
[2023-04-17T22:49:36.560-0400][gc,cpu      ] GC(852) User=0.04s Sys=0.09s Real=0.05s
[2023-04-17T22:50:05.710-0400][gc,start    ] GC(853) Pause Young (Normal) (G1 Evacuation Pause)
[2023-04-17T22:50:05.711-0400][gc,task     ] GC(853) Using 8 workers of 8 for evacuation
[2023-04-17T22:50:05.717-0400][gc,phases   ] GC(853)   Pre Evacuate Collection Set: 0.1ms
[2023-04-17T22:50:05.717-0400][gc,phases   ] GC(853)   Merge Heap Roots: 0.1ms
[2023-04-17T22:50:05.718-0400][gc,phases   ] GC(853)   Evacuate Collection Set: 5.6ms
[2023-04-17T22:50:05.718-0400][gc,phases   ] GC(853)   Post Evacuate Collection Set: 0.3ms
[2023-04-17T22:50:05.718-0400][gc,phases   ] GC(853)   Other: 0.6ms
[2023-04-17T22:50:05.718-0400][gc,heap     ] GC(853) Eden regions: 45->0(137)
[2023-04-17T22:50:05.718-0400][gc,heap     ] GC(853) Survivor regions: 6->5(7)
[2023-04-17T22:50:05.718-0400][gc,heap     ] GC(853) Old regions: 148->150
[2023-04-17T22:50:05.718-0400][gc,heap     ] GC(853) Archive regions: 2->2
[2023-04-17T22:50:05.718-0400][gc,heap     ] GC(853) Humongous regions: 129->129
[2023-04-17T22:50:05.718-0400][gc,metaspace] GC(853) Metaspace: 44230K(44928K)->44230K(44928K) NonClass: 39135K(39488K)->39135K(39488K) Class: 5095K(5440K)->5095K(5440K)
[2023-04-17T22:50:05.718-0400][gc          ] GC(853) Pause Young (Normal) (G1 Evacuation Pause) 328M->283M(1024M) 7.262ms
[2023-04-17T22:50:05.718-0400][gc,cpu      ] GC(853) User=0.02s Sys=0.01s Real=0.00s
[2023-04-17T22:51:37.819-0400][gc,start    ] GC(854) Pause Young (Normal) (G1 Evacuation Pause)
[2023-04-17T22:51:37.819-0400][gc,task     ] GC(854) Using 8 workers of 8 for evacuation
[2023-04-17T22:51:37.827-0400][gc,phases   ] GC(854)   Pre Evacuate Collection Set: 0.5ms
[2023-04-17T22:51:37.827-0400][gc,phases   ] GC(854)   Merge Heap Roots: 0.2ms
[2023-04-17T22:51:37.827-0400][gc,phases   ] GC(854)   Evacuate Collection Set: 7.1ms
[2023-04-17T22:51:37.827-0400][gc,phases   ] GC(854)   Post Evacuate Collection Set: 0.4ms
[2023-04-17T22:51:37.827-0400][gc,phases   ] GC(854)   Other: 0.1ms
[2023-04-17T22:51:37.827-0400][gc,heap     ] GC(854) Eden regions: 137->0(109)
[2023-04-17T22:51:37.827-0400][gc,heap     ] GC(854) Survivor regions: 5->7(18)
[2023-04-17T22:51:37.827-0400][gc,heap     ] GC(854) Old regions: 150->150
[2023-04-17T22:51:37.827-0400][gc,heap     ] GC(854) Archive regions: 2->2
[2023-04-17T22:51:37.827-0400][gc,heap     ] GC(854) Humongous regions: 129->129
[2023-04-17T22:51:37.828-0400][gc,metaspace] GC(854) Metaspace: 44230K(44928K)->44230K(44928K) NonClass: 39135K(39488K)->39135K(39488K) Class: 5095K(5440K)->5095K(5440K)
[2023-04-17T22:51:37.828-0400][gc          ] GC(854) Pause Young (Normal) (G1 Evacuation Pause) 420M->285M(1024M) 8.621ms
[2023-04-17T22:51:37.828-0400][gc,cpu      ] GC(854) User=0.04s Sys=0.00s Real=0.01s
[2023-04-17T22:52:47.666-0400][gc,start    ] GC(855) Pause Young (Normal) (G1 Evacuation Pause)
[2023-04-17T22:52:47.666-0400][gc,task     ] GC(855) Using 8 workers of 8 for evacuation
[2023-04-17T22:52:47.676-0400][gc,phases   ] GC(855)   Pre Evacuate Collection Set: 0.3ms
[2023-04-17T22:52:47.676-0400][gc,phases   ] GC(855)   Merge Heap Roots: 0.2ms
[2023-04-17T22:52:47.676-0400][gc,phases   ] GC(855)   Evacuate Collection Set: 9.1ms
[2023-04-17T22:52:47.676-0400][gc,phases   ] GC(855)   Post Evacuate Collection Set: 0.5ms
[2023-04-17T22:52:47.676-0400][gc,phases   ] GC(855)   Other: 0.2ms
[2023-04-17T22:52:47.676-0400][gc,heap     ] GC(855) Eden regions: 109->0(46)
[2023-04-17T22:52:47.676-0400][gc,heap     ] GC(855) Survivor regions: 7->9(15)
[2023-04-17T22:52:47.676-0400][gc,heap     ] GC(855) Old regions: 150->150
[2023-04-17T22:52:47.676-0400][gc,heap     ] GC(855) Archive regions: 2->2
[2023-04-17T22:52:47.677-0400][gc,heap     ] GC(855) Humongous regions: 129->129
[2023-04-17T22:52:47.677-0400][gc,metaspace] GC(855) Metaspace: 44230K(44928K)->44230K(44928K) NonClass: 39135K(39488K)->39135K(39488K) Class: 5095K(5440K)->5095K(5440K)
[2023-04-17T22:52:47.677-0400][gc          ] GC(855) Pause Young (Normal) (G1 Evacuation Pause) 394M->288M(1024M) 10.577ms
[2023-04-17T22:52:47.677-0400][gc,cpu      ] GC(855) User=0.07s Sys=0.01s Real=0.01s
[2023-04-17T22:53:17.600-0400][gc,start    ] GC(856) Pause Young (Normal) (G1 Evacuation Pause)
[2023-04-17T22:53:17.600-0400][gc,task     ] GC(856) Using 8 workers of 8 for evacuation
[2023-04-17T22:53:17.657-0400][gc,mmu      ] GC(856) MMU target violated: 21.0ms (20.0ms/21.0ms)
[2023-04-17T22:53:17.657-0400][gc,phases   ] GC(856)   Pre Evacuate Collection Set: 0.3ms
[2023-04-17T22:53:17.657-0400][gc,phases   ] GC(856)   Merge Heap Roots: 0.2ms
[2023-04-17T22:53:17.657-0400][gc,phases   ] GC(856)   Evacuate Collection Set: 55.9ms
[2023-04-17T22:53:17.657-0400][gc,phases   ] GC(856)   Post Evacuate Collection Set: 0.3ms
[2023-04-17T22:53:17.657-0400][gc,phases   ] GC(856)   Other: 0.4ms
[2023-04-17T22:53:17.657-0400][gc,heap     ] GC(856) Eden regions: 46->0(45)
[2023-04-17T22:53:17.657-0400][gc,heap     ] GC(856) Survivor regions: 9->6(7)
[2023-04-17T22:53:17.657-0400][gc,heap     ] GC(856) Old regions: 150->155
[2023-04-17T22:53:17.657-0400][gc,heap     ] GC(856) Archive regions: 2->2
[2023-04-17T22:53:17.657-0400][gc,heap     ] GC(856) Humongous regions: 129->129
[2023-04-17T22:53:17.657-0400][gc,metaspace] GC(856) Metaspace: 44230K(44928K)->44230K(44928K) NonClass: 39135K(39488K)->39135K(39488K) Class: 5095K(5440K)->5095K(5440K)
[2023-04-17T22:53:17.657-0400][gc          ] GC(856) Pause Young (Normal) (G1 Evacuation Pause) 334M->290M(1024M) 57.529ms
[2023-04-17T22:53:17.657-0400][gc,cpu      ] GC(856) User=0.08s Sys=0.08s Real=0.05s
[2023-04-17T22:53:47.384-0400][gc,start    ] GC(857) Pause Young (Normal) (G1 Evacuation Pause)
[2023-04-17T22:53:47.384-0400][gc,task     ] GC(857) Using 8 workers of 8 for evacuation
[2023-04-17T22:53:47.397-0400][gc,phases   ] GC(857)   Pre Evacuate Collection Set: 0.2ms
[2023-04-17T22:53:47.398-0400][gc,phases   ] GC(857)   Merge Heap Roots: 0.2ms
[2023-04-17T22:53:47.398-0400][gc,phases   ] GC(857)   Evacuate Collection Set: 12.3ms
[2023-04-17T22:53:47.398-0400][gc,phases   ] GC(857)   Post Evacuate Collection Set: 0.5ms
[2023-04-17T22:53:47.398-0400][gc,phases   ] GC(857)   Other: 0.2ms
[2023-04-17T22:53:47.398-0400][gc,heap     ] GC(857) Eden regions: 45->0(151)
[2023-04-17T22:53:47.398-0400][gc,heap     ] GC(857) Survivor regions: 6->3(7)
[2023-04-17T22:53:47.398-0400][gc,heap     ] GC(857) Old regions: 155->159
[2023-04-17T22:53:47.398-0400][gc,heap     ] GC(857) Archive regions: 2->2
[2023-04-17T22:53:47.398-0400][gc,heap     ] GC(857) Humongous regions: 129->129
[2023-04-17T22:53:47.398-0400][gc,metaspace] GC(857) Metaspace: 44230K(44928K)->44230K(44928K) NonClass: 39135K(39488K)->39135K(39488K) Class: 5095K(5440K)->5095K(5440K)
[2023-04-17T22:53:47.398-0400][gc          ] GC(857) Pause Young (Normal) (G1 Evacuation Pause) 335M->291M(1024M) 13.854ms
[2023-04-17T22:53:47.398-0400][gc,cpu      ] GC(857) User=0.04s Sys=0.02s Real=0.01s
[2023-04-17T22:55:26.258-0400][gc,start    ] GC(858) Pause Young (Normal) (G1 Evacuation Pause)
[2023-04-17T22:55:26.258-0400][gc,task     ] GC(858) Using 8 workers of 8 for evacuation
[2023-04-17T22:55:26.278-0400][gc,phases   ] GC(858)   Pre Evacuate Collection Set: 0.3ms
[2023-04-17T22:55:26.278-0400][gc,phases   ] GC(858)   Merge Heap Roots: 0.3ms
[2023-04-17T22:55:26.278-0400][gc,phases   ] GC(858)   Evacuate Collection Set: 19.0ms
[2023-04-17T22:55:26.279-0400][gc,phases   ] GC(858)   Post Evacuate Collection Set: 0.4ms
[2023-04-17T22:55:26.279-0400][gc,phases   ] GC(858)   Other: 0.2ms
[2023-04-17T22:55:26.279-0400][gc,heap     ] GC(858) Eden regions: 151->0(46)
[2023-04-17T22:55:26.279-0400][gc,heap     ] GC(858) Survivor regions: 3->5(20)
[2023-04-17T22:55:26.279-0400][gc,heap     ] GC(858) Old regions: 159->159
[2023-04-17T22:55:26.279-0400][gc,heap     ] GC(858) Archive regions: 2->2
[2023-04-17T22:55:26.279-0400][gc,heap     ] GC(858) Humongous regions: 129->129
[2023-04-17T22:55:26.279-0400][gc,metaspace] GC(858) Metaspace: 44230K(44928K)->44230K(44928K) NonClass: 39135K(39488K)->39135K(39488K) Class: 5095K(5440K)->5095K(5440K)
[2023-04-17T22:55:26.279-0400][gc          ] GC(858) Pause Young (Normal) (G1 Evacuation Pause) 442M->293M(1024M) 20.368ms
[2023-04-17T22:55:26.279-0400][gc,cpu      ] GC(858) User=0.05s Sys=0.06s Real=0.02s
[2023-04-17T22:55:54.487-0400][gc,start    ] GC(859) Pause Young (Normal) (G1 Evacuation Pause)
[2023-04-17T22:55:54.487-0400][gc,task     ] GC(859) Using 8 workers of 8 for evacuation
[2023-04-17T22:55:54.493-0400][gc,phases   ] GC(859)   Pre Evacuate Collection Set: 0.1ms
[2023-04-17T22:55:54.494-0400][gc,phases   ] GC(859)   Merge Heap Roots: 0.1ms
[2023-04-17T22:55:54.494-0400][gc,phases   ] GC(859)   Evacuate Collection Set: 6.3ms
[2023-04-17T22:55:54.494-0400][gc,phases   ] GC(859)   Post Evacuate Collection Set: 0.3ms
[2023-04-17T22:55:54.494-0400][gc,phases   ] GC(859)   Other: 0.1ms
[2023-04-17T22:55:54.494-0400][gc,heap     ] GC(859) Eden regions: 46->0(85)
[2023-04-17T22:55:54.494-0400][gc,heap     ] GC(859) Survivor regions: 5->5(7)
[2023-04-17T22:55:54.494-0400][gc,heap     ] GC(859) Old regions: 159->160
[2023-04-17T22:55:54.494-0400][gc,heap     ] GC(859) Archive regions: 2->2
[2023-04-17T22:55:54.494-0400][gc,heap     ] GC(859) Humongous regions: 129->129
[2023-04-17T22:55:54.494-0400][gc,metaspace] GC(859) Metaspace: 44230K(44928K)->44230K(44928K) NonClass: 39135K(39488K)->39135K(39488K) Class: 5095K(5440K)->5095K(5440K)
[2023-04-17T22:55:54.494-0400][gc          ] GC(859) Pause Young (Normal) (G1 Evacuation Pause) 339M->294M(1024M) 7.021ms
[2023-04-17T22:55:54.494-0400][gc,cpu      ] GC(859) User=0.03s Sys=0.00s Real=0.01s
[2023-04-17T22:56:47.591-0400][gc,start    ] GC(860) Pause Young (Normal) (G1 Evacuation Pause)
[2023-04-17T22:56:47.591-0400][gc,task     ] GC(860) Using 8 workers of 8 for evacuation
[2023-04-17T22:56:47.599-0400][gc,phases   ] GC(860)   Pre Evacuate Collection Set: 0.2ms
[2023-04-17T22:56:47.599-0400][gc,phases   ] GC(860)   Merge Heap Roots: 0.3ms
[2023-04-17T22:56:47.599-0400][gc,phases   ] GC(860)   Evacuate Collection Set: 7.0ms
[2023-04-17T22:56:47.599-0400][gc,phases   ] GC(860)   Post Evacuate Collection Set: 0.5ms
[2023-04-17T22:56:47.599-0400][gc,phases   ] GC(860)   Other: 0.2ms
[2023-04-17T22:56:47.599-0400][gc,heap     ] GC(860) Eden regions: 85->0(91)
[2023-04-17T22:56:47.599-0400][gc,heap     ] GC(860) Survivor regions: 5->6(12)
[2023-04-17T22:56:47.599-0400][gc,heap     ] GC(860) Old regions: 160->160
[2023-04-17T22:56:47.599-0400][gc,heap     ] GC(860) Archive regions: 2->2
[2023-04-17T22:56:47.599-0400][gc,heap     ] GC(860) Humongous regions: 129->129
[2023-04-17T22:56:47.599-0400][gc,metaspace] GC(860) Metaspace: 44230K(44928K)->44230K(44928K) NonClass: 39135K(39488K)->39135K(39488K) Class: 5095K(5440K)->5095K(5440K)
[2023-04-17T22:56:47.599-0400][gc          ] GC(860) Pause Young (Normal) (G1 Evacuation Pause) 379M->295M(1024M) 8.587ms
[2023-04-17T22:56:47.599-0400][gc,cpu      ] GC(860) User=0.05s Sys=0.01s Real=0.00s
[2023-04-17T22:57:47.087-0400][gc,start    ] GC(861) Pause Young (Normal) (G1 Evacuation Pause)
[2023-04-17T22:57:47.087-0400][gc,task     ] GC(861) Using 8 workers of 8 for evacuation
[2023-04-17T22:57:47.095-0400][gc,phases   ] GC(861)   Pre Evacuate Collection Set: 0.2ms
[2023-04-17T22:57:47.095-0400][gc,phases   ] GC(861)   Merge Heap Roots: 0.1ms
[2023-04-17T22:57:47.095-0400][gc,phases   ] GC(861)   Evacuate Collection Set: 6.5ms
[2023-04-17T22:57:47.095-0400][gc,phases   ] GC(861)   Post Evacuate Collection Set: 0.5ms
[2023-04-17T22:57:47.095-0400][gc,phases   ] GC(861)   Other: 0.1ms
[2023-04-17T22:57:47.095-0400][gc,heap     ] GC(861) Eden regions: 91->0(67)
[2023-04-17T22:57:47.095-0400][gc,heap     ] GC(861) Survivor regions: 6->8(13)
[2023-04-17T22:57:47.095-0400][gc,heap     ] GC(861) Old regions: 160->160
[2023-04-17T22:57:47.095-0400][gc,heap     ] GC(861) Archive regions: 2->2
[2023-04-17T22:57:47.095-0400][gc,heap     ] GC(861) Humongous regions: 129->129
[2023-04-17T22:57:47.095-0400][gc,metaspace] GC(861) Metaspace: 44230K(44928K)->44230K(44928K) NonClass: 39135K(39488K)->39135K(39488K) Class: 5095K(5440K)->5095K(5440K)
[2023-04-17T22:57:47.095-0400][gc          ] GC(861) Pause Young (Normal) (G1 Evacuation Pause) 386M->297M(1024M) 7.763ms
[2023-04-17T22:57:47.095-0400][gc,cpu      ] GC(861) User=0.04s Sys=0.00s Real=0.01s
[2023-04-17T22:58:30.221-0400][gc,start    ] GC(862) Pause Young (Normal) (G1 Evacuation Pause)
[2023-04-17T22:58:30.221-0400][gc,task     ] GC(862) Using 8 workers of 8 for evacuation
[2023-04-17T22:58:30.254-0400][gc,mmu      ] GC(862) MMU target violated: 21.0ms (20.0ms/21.0ms)
[2023-04-17T22:58:30.254-0400][gc,phases   ] GC(862)   Pre Evacuate Collection Set: 0.3ms
[2023-04-17T22:58:30.254-0400][gc,phases   ] GC(862)   Merge Heap Roots: 0.2ms
[2023-04-17T22:58:30.254-0400][gc,phases   ] GC(862)   Evacuate Collection Set: 31.8ms
[2023-04-17T22:58:30.254-0400][gc,phases   ] GC(862)   Post Evacuate Collection Set: 0.5ms
[2023-04-17T22:58:30.254-0400][gc,phases   ] GC(862)   Other: 0.2ms
[2023-04-17T22:58:30.254-0400][gc,heap     ] GC(862) Eden regions: 67->0(63)
[2023-04-17T22:58:30.254-0400][gc,heap     ] GC(862) Survivor regions: 8->6(10)
[2023-04-17T22:58:30.254-0400][gc,heap     ] GC(862) Old regions: 160->164
[2023-04-17T22:58:30.254-0400][gc,heap     ] GC(862) Archive regions: 2->2
[2023-04-17T22:58:30.254-0400][gc,heap     ] GC(862) Humongous regions: 129->129
[2023-04-17T22:58:30.254-0400][gc,metaspace] GC(862) Metaspace: 44230K(44928K)->44230K(44928K) NonClass: 39135K(39488K)->39135K(39488K) Class: 5095K(5440K)->5095K(5440K)
[2023-04-17T22:58:30.254-0400][gc          ] GC(862) Pause Young (Normal) (G1 Evacuation Pause) 364M->298M(1024M) 33.296ms
[2023-04-17T22:58:30.254-0400][gc,cpu      ] GC(862) User=0.06s Sys=0.05s Real=0.03s
[2023-04-17T22:59:10.919-0400][gc,start    ] GC(863) Pause Young (Normal) (G1 Evacuation Pause)
[2023-04-17T22:59:10.920-0400][gc,task     ] GC(863) Using 8 workers of 8 for evacuation
[2023-04-17T22:59:10.931-0400][gc,phases   ] GC(863)   Pre Evacuate Collection Set: 0.2ms
[2023-04-17T22:59:10.931-0400][gc,phases   ] GC(863)   Merge Heap Roots: 0.2ms
[2023-04-17T22:59:10.931-0400][gc,phases   ] GC(863)   Evacuate Collection Set: 9.9ms
[2023-04-17T22:59:10.931-0400][gc,phases   ] GC(863)   Post Evacuate Collection Set: 0.4ms
[2023-04-17T22:59:10.931-0400][gc,phases   ] GC(863)   Other: 1.0ms
[2023-04-17T22:59:10.931-0400][gc,heap     ] GC(863) Eden regions: 63->0(96)
[2023-04-17T22:59:10.931-0400][gc,heap     ] GC(863) Survivor regions: 6->6(9)
[2023-04-17T22:59:10.931-0400][gc,heap     ] GC(863) Old regions: 164->165
[2023-04-17T22:59:10.931-0400][gc,heap     ] GC(863) Archive regions: 2->2
[2023-04-17T22:59:10.931-0400][gc,heap     ] GC(863) Humongous regions: 129->129
[2023-04-17T22:59:10.931-0400][gc,metaspace] GC(863) Metaspace: 44230K(44928K)->44230K(44928K) NonClass: 39135K(39488K)->39135K(39488K) Class: 5095K(5440K)->5095K(5440K)
[2023-04-17T22:59:10.931-0400][gc          ] GC(863) Pause Young (Normal) (G1 Evacuation Pause) 361M->299M(1024M) 12.059ms
[2023-04-17T22:59:10.931-0400][gc,cpu      ] GC(863) User=0.03s Sys=0.01s Real=0.02s
[2023-04-17T23:00:10.943-0400][gc,start    ] GC(864) Pause Young (Normal) (G1 Evacuation Pause)
[2023-04-17T23:00:10.943-0400][gc,task     ] GC(864) Using 8 workers of 8 for evacuation
[2023-04-17T23:00:10.949-0400][gc,phases   ] GC(864)   Pre Evacuate Collection Set: 0.1ms
[2023-04-17T23:00:10.949-0400][gc,phases   ] GC(864)   Merge Heap Roots: 0.1ms
[2023-04-17T23:00:10.949-0400][gc,phases   ] GC(864)   Evacuate Collection Set: 5.0ms
[2023-04-17T23:00:10.949-0400][gc,phases   ] GC(864)   Post Evacuate Collection Set: 0.4ms
[2023-04-17T23:00:10.949-0400][gc,phases   ] GC(864)   Other: 0.1ms
[2023-04-17T23:00:10.949-0400][gc,heap     ] GC(864) Eden regions: 96->0(119)
[2023-04-17T23:00:10.949-0400][gc,heap     ] GC(864) Survivor regions: 6->7(13)
[2023-04-17T23:00:10.949-0400][gc,heap     ] GC(864) Old regions: 165->165
[2023-04-17T23:00:10.949-0400][gc,heap     ] GC(864) Archive regions: 2->2
[2023-04-17T23:00:10.949-0400][gc,heap     ] GC(864) Humongous regions: 129->129
[2023-04-17T23:00:10.949-0400][gc,metaspace] GC(864) Metaspace: 44230K(44928K)->44230K(44928K) NonClass: 39135K(39488K)->39135K(39488K) Class: 5095K(5440K)->5095K(5440K)
[2023-04-17T23:00:10.949-0400][gc          ] GC(864) Pause Young (Normal) (G1 Evacuation Pause) 395M->301M(1024M) 6.113ms
[2023-04-17T23:00:10.949-0400][gc,cpu      ] GC(864) User=0.03s Sys=0.00s Real=0.00s
[2023-04-17T23:01:26.070-0400][gc,start    ] GC(865) Pause Young (Normal) (G1 Evacuation Pause)
[2023-04-17T23:01:26.070-0400][gc,task     ] GC(865) Using 8 workers of 8 for evacuation
[2023-04-17T23:01:26.079-0400][gc,phases   ] GC(865)   Pre Evacuate Collection Set: 0.3ms
[2023-04-17T23:01:26.079-0400][gc,phases   ] GC(865)   Merge Heap Roots: 0.3ms
[2023-04-17T23:01:26.079-0400][gc,phases   ] GC(865)   Evacuate Collection Set: 7.6ms
[2023-04-17T23:01:26.079-0400][gc,phases   ] GC(865)   Post Evacuate Collection Set: 0.5ms
[2023-04-17T23:01:26.079-0400][gc,phases   ] GC(865)   Other: 0.2ms
[2023-04-17T23:01:26.079-0400][gc,heap     ] GC(865) Eden regions: 119->0(88)
[2023-04-17T23:01:26.079-0400][gc,heap     ] GC(865) Survivor regions: 7->9(16)
[2023-04-17T23:01:26.079-0400][gc,heap     ] GC(865) Old regions: 165->165
[2023-04-17T23:01:26.079-0400][gc,heap     ] GC(865) Archive regions: 2->2
[2023-04-17T23:01:26.079-0400][gc,heap     ] GC(865) Humongous regions: 129->129
[2023-04-17T23:01:26.079-0400][gc,metaspace] GC(865) Metaspace: 44230K(44928K)->44230K(44928K) NonClass: 39135K(39488K)->39135K(39488K) Class: 5095K(5440K)->5095K(5440K)
[2023-04-17T23:01:26.079-0400][gc          ] GC(865) Pause Young (Normal) (G1 Evacuation Pause) 420M->302M(1024M) 9.522ms
[2023-04-17T23:01:26.080-0400][gc,cpu      ] GC(865) User=0.06s Sys=0.00s Real=0.01s
[2023-04-17T23:02:23.067-0400][gc,start    ] GC(866) Pause Young (Normal) (G1 Evacuation Pause)
[2023-04-17T23:02:23.068-0400][gc,task     ] GC(866) Using 8 workers of 8 for evacuation
[2023-04-17T23:02:23.098-0400][gc,mmu      ] GC(866) MMU target violated: 21.0ms (20.0ms/21.0ms)
[2023-04-17T23:02:23.098-0400][gc,phases   ] GC(866)   Pre Evacuate Collection Set: 0.2ms
[2023-04-17T23:02:23.098-0400][gc,phases   ] GC(866)   Merge Heap Roots: 0.1ms
[2023-04-17T23:02:23.098-0400][gc,phases   ] GC(866)   Evacuate Collection Set: 28.8ms
[2023-04-17T23:02:23.098-0400][gc,phases   ] GC(866)   Post Evacuate Collection Set: 0.4ms
[2023-04-17T23:02:23.098-0400][gc,phases   ] GC(866)   Other: 0.3ms
[2023-04-17T23:02:23.098-0400][gc,heap     ] GC(866) Eden regions: 88->0(43)
[2023-04-17T23:02:23.098-0400][gc,heap     ] GC(866) Survivor regions: 9->8(13)
[2023-04-17T23:02:23.098-0400][gc,heap     ] GC(866) Old regions: 165->167
[2023-04-17T23:02:23.098-0400][gc,heap     ] GC(866) Archive regions: 2->2
[2023-04-17T23:02:23.098-0400][gc,heap     ] GC(866) Humongous regions: 129->129
[2023-04-17T23:02:23.098-0400][gc,metaspace] GC(866) Metaspace: 44230K(44928K)->44230K(44928K) NonClass: 39135K(39488K)->39135K(39488K) Class: 5095K(5440K)->5095K(5440K)
[2023-04-17T23:02:23.098-0400][gc          ] GC(866) Pause Young (Normal) (G1 Evacuation Pause) 390M->303M(1024M) 30.666ms
[2023-04-17T23:02:23.098-0400][gc,cpu      ] GC(866) User=0.06s Sys=0.03s Real=0.03s
[2023-04-17T23:02:50.656-0400][gc,start    ] GC(867) Pause Young (Normal) (G1 Evacuation Pause)
[2023-04-17T23:02:50.657-0400][gc,task     ] GC(867) Using 8 workers of 8 for evacuation
[2023-04-17T23:02:50.678-0400][gc,mmu      ] GC(867) MMU target violated: 21.0ms (20.0ms/21.0ms)
[2023-04-17T23:02:50.678-0400][gc,phases   ] GC(867)   Pre Evacuate Collection Set: 0.2ms
[2023-04-17T23:02:50.678-0400][gc,phases   ] GC(867)   Merge Heap Roots: 0.1ms
[2023-04-17T23:02:50.678-0400][gc,phases   ] GC(867)   Evacuate Collection Set: 20.5ms
[2023-04-17T23:02:50.678-0400][gc,phases   ] GC(867)   Post Evacuate Collection Set: 0.3ms
[2023-04-17T23:02:50.678-0400][gc,phases   ] GC(867)   Other: 0.2ms
[2023-04-17T23:02:50.678-0400][gc,heap     ] GC(867) Eden regions: 43->0(205)
[2023-04-17T23:02:50.678-0400][gc,heap     ] GC(867) Survivor regions: 8->4(7)
[2023-04-17T23:02:50.678-0400][gc,heap     ] GC(867) Old regions: 167->171
[2023-04-17T23:02:50.678-0400][gc,heap     ] GC(867) Archive regions: 2->2
[2023-04-17T23:02:50.678-0400][gc,heap     ] GC(867) Humongous regions: 129->129
[2023-04-17T23:02:50.678-0400][gc,metaspace] GC(867) Metaspace: 44230K(44928K)->44230K(44928K) NonClass: 39135K(39488K)->39135K(39488K) Class: 5095K(5440K)->5095K(5440K)
[2023-04-17T23:02:50.678-0400][gc          ] GC(867) Pause Young (Normal) (G1 Evacuation Pause) 346M->304M(1024M) 21.983ms
[2023-04-17T23:02:50.678-0400][gc,cpu      ] GC(867) User=0.04s Sys=0.04s Real=0.02s
[2023-04-17T23:05:03.774-0400][gc,start    ] GC(868) Pause Young (Normal) (G1 Evacuation Pause)
[2023-04-17T23:05:03.774-0400][gc,task     ] GC(868) Using 8 workers of 8 for evacuation
[2023-04-17T23:05:03.795-0400][gc,mmu      ] GC(868) MMU target violated: 21.0ms (20.0ms/21.0ms)
[2023-04-17T23:05:03.795-0400][gc,phases   ] GC(868)   Pre Evacuate Collection Set: 0.9ms
[2023-04-17T23:05:03.795-0400][gc,phases   ] GC(868)   Merge Heap Roots: 0.1ms
[2023-04-17T23:05:03.796-0400][gc,phases   ] GC(868)   Evacuate Collection Set: 19.1ms
[2023-04-17T23:05:03.796-0400][gc,phases   ] GC(868)   Post Evacuate Collection Set: 1.0ms
[2023-04-17T23:05:03.796-0400][gc,phases   ] GC(868)   Other: 0.1ms
[2023-04-17T23:05:03.796-0400][gc,heap     ] GC(868) Eden regions: 205->0(44)
[2023-04-17T23:05:03.796-0400][gc,heap     ] GC(868) Survivor regions: 4->7(27)
[2023-04-17T23:05:03.796-0400][gc,heap     ] GC(868) Old regions: 171->171
[2023-04-17T23:05:03.796-0400][gc,heap     ] GC(868) Archive regions: 2->2
[2023-04-17T23:05:03.796-0400][gc,heap     ] GC(868) Humongous regions: 129->129
[2023-04-17T23:05:03.796-0400][gc,metaspace] GC(868) Metaspace: 44230K(44928K)->44230K(44928K) NonClass: 39135K(39488K)->39135K(39488K) Class: 5095K(5440K)->5095K(5440K)
[2023-04-17T23:05:03.796-0400][gc          ] GC(868) Pause Young (Normal) (G1 Evacuation Pause) 509M->306M(1024M) 21.766ms
[2023-04-17T23:05:03.796-0400][gc,cpu      ] GC(868) User=0.03s Sys=0.05s Real=0.02s
[2023-04-17T23:05:29.762-0400][gc,start    ] GC(869) Pause Young (Normal) (G1 Evacuation Pause)
[2023-04-17T23:05:29.763-0400][gc,task     ] GC(869) Using 8 workers of 8 for evacuation
[2023-04-17T23:05:29.777-0400][gc,phases   ] GC(869)   Pre Evacuate Collection Set: 0.1ms
[2023-04-17T23:05:29.777-0400][gc,phases   ] GC(869)   Merge Heap Roots: 0.1ms
[2023-04-17T23:05:29.777-0400][gc,phases   ] GC(869)   Evacuate Collection Set: 13.5ms
[2023-04-17T23:05:29.777-0400][gc,phases   ] GC(869)   Post Evacuate Collection Set: 0.3ms
[2023-04-17T23:05:29.777-0400][gc,phases   ] GC(869)   Other: 0.6ms
[2023-04-17T23:05:29.777-0400][gc,heap     ] GC(869) Eden regions: 44->0(203)
[2023-04-17T23:05:29.777-0400][gc,heap     ] GC(869) Survivor regions: 7->4(7)
[2023-04-17T23:05:29.777-0400][gc,heap     ] GC(869) Old regions: 171->174
[2023-04-17T23:05:29.777-0400][gc,heap     ] GC(869) Archive regions: 2->2
[2023-04-17T23:05:29.777-0400][gc,heap     ] GC(869) Humongous regions: 129->129
[2023-04-17T23:05:29.777-0400][gc,metaspace] GC(869) Metaspace: 44230K(44928K)->44230K(44928K) NonClass: 39135K(39488K)->39135K(39488K) Class: 5095K(5440K)->5095K(5440K)
[2023-04-17T23:05:29.777-0400][gc          ] GC(869) Pause Young (Normal) (G1 Evacuation Pause) 350M->306M(1024M) 15.083ms
[2023-04-17T23:05:29.777-0400][gc,cpu      ] GC(869) User=0.02s Sys=0.02s Real=0.01s
[2023-04-17T23:07:41.351-0400][gc,start    ] GC(870) Pause Young (Normal) (G1 Evacuation Pause)
[2023-04-17T23:07:41.367-0400][gc,task     ] GC(870) Using 8 workers of 8 for evacuation
[2023-04-17T23:07:41.371-0400][gc,phases   ] GC(870)   Pre Evacuate Collection Set: 0.1ms
[2023-04-17T23:07:41.371-0400][gc,phases   ] GC(870)   Merge Heap Roots: 0.1ms
[2023-04-17T23:07:41.371-0400][gc,phases   ] GC(870)   Evacuate Collection Set: 3.8ms
[2023-04-17T23:07:41.371-0400][gc,phases   ] GC(870)   Post Evacuate Collection Set: 0.3ms
[2023-04-17T23:07:41.371-0400][gc,phases   ] GC(870)   Other: 0.1ms
[2023-04-17T23:07:41.371-0400][gc,heap     ] GC(870) Eden regions: 203->0(103)
[2023-04-17T23:07:41.371-0400][gc,heap     ] GC(870) Survivor regions: 4->7(26)
[2023-04-17T23:07:41.371-0400][gc,heap     ] GC(870) Old regions: 174->174
[2023-04-17T23:07:41.371-0400][gc,heap     ] GC(870) Archive regions: 2->2
[2023-04-17T23:07:41.371-0400][gc,heap     ] GC(870) Humongous regions: 129->129
[2023-04-17T23:07:41.371-0400][gc,metaspace] GC(870) Metaspace: 44230K(44928K)->44230K(44928K) NonClass: 39135K(39488K)->39135K(39488K) Class: 5095K(5440K)->5095K(5440K)
[2023-04-17T23:07:41.371-0400][gc          ] GC(870) Pause Young (Normal) (G1 Evacuation Pause) 509M->309M(1024M) 20.490ms
[2023-04-17T23:07:41.371-0400][gc,cpu      ] GC(870) User=0.02s Sys=0.00s Real=0.02s
[2023-04-17T23:08:46.375-0400][gc,start    ] GC(871) Pause Young (Normal) (G1 Evacuation Pause)
[2023-04-17T23:08:46.375-0400][gc,task     ] GC(871) Using 8 workers of 8 for evacuation
[2023-04-17T23:08:46.384-0400][gc,phases   ] GC(871)   Pre Evacuate Collection Set: 0.1ms
[2023-04-17T23:08:46.384-0400][gc,phases   ] GC(871)   Merge Heap Roots: 0.1ms
[2023-04-17T23:08:46.384-0400][gc,phases   ] GC(871)   Evacuate Collection Set: 8.3ms
[2023-04-17T23:08:46.384-0400][gc,phases   ] GC(871)   Post Evacuate Collection Set: 0.4ms
[2023-04-17T23:08:46.384-0400][gc,phases   ] GC(871)   Other: 0.2ms
[2023-04-17T23:08:46.384-0400][gc,heap     ] GC(871) Eden regions: 103->0(58)
[2023-04-17T23:08:46.385-0400][gc,heap     ] GC(871) Survivor regions: 7->9(14)
[2023-04-17T23:08:46.385-0400][gc,heap     ] GC(871) Old regions: 174->174
[2023-04-17T23:08:46.385-0400][gc,heap     ] GC(871) Archive regions: 2->2
[2023-04-17T23:08:46.385-0400][gc,heap     ] GC(871) Humongous regions: 129->129
[2023-04-17T23:08:46.385-0400][gc,metaspace] GC(871) Metaspace: 44230K(44928K)->44230K(44928K) NonClass: 39135K(39488K)->39135K(39488K) Class: 5095K(5440K)->5095K(5440K)
[2023-04-17T23:08:46.385-0400][gc          ] GC(871) Pause Young (Normal) (G1 Evacuation Pause) 412M->311M(1024M) 9.806ms
[2023-04-17T23:08:46.385-0400][gc,cpu      ] GC(871) User=0.06s Sys=0.00s Real=0.01s
[2023-04-17T23:09:23.339-0400][gc,start    ] GC(872) Pause Young (Normal) (G1 Evacuation Pause)
[2023-04-17T23:09:23.339-0400][gc,task     ] GC(872) Using 8 workers of 8 for evacuation
[2023-04-17T23:09:23.378-0400][gc,mmu      ] GC(872) MMU target violated: 21.0ms (20.0ms/21.0ms)
[2023-04-17T23:09:23.378-0400][gc,phases   ] GC(872)   Pre Evacuate Collection Set: 0.2ms
[2023-04-17T23:09:23.378-0400][gc,phases   ] GC(872)   Merge Heap Roots: 0.1ms
[2023-04-17T23:09:23.378-0400][gc,phases   ] GC(872)   Evacuate Collection Set: 38.0ms
[2023-04-17T23:09:23.378-0400][gc,phases   ] GC(872)   Post Evacuate Collection Set: 0.3ms
[2023-04-17T23:09:23.378-0400][gc,phases   ] GC(872)   Other: 0.1ms
[2023-04-17T23:09:23.378-0400][gc,heap     ] GC(872) Eden regions: 58->0(164)
[2023-04-17T23:09:23.378-0400][gc,heap     ] GC(872) Survivor regions: 9->4(9)
[2023-04-17T23:09:23.378-0400][gc,heap     ] GC(872) Old regions: 174->179
[2023-04-17T23:09:23.378-0400][gc,heap     ] GC(872) Archive regions: 2->2
[2023-04-17T23:09:23.378-0400][gc,heap     ] GC(872) Humongous regions: 129->129
[2023-04-17T23:09:23.378-0400][gc,metaspace] GC(872) Metaspace: 44230K(44928K)->44230K(44928K) NonClass: 39135K(39488K)->39135K(39488K) Class: 5095K(5440K)->5095K(5440K)
[2023-04-17T23:09:23.378-0400][gc          ] GC(872) Pause Young (Normal) (G1 Evacuation Pause) 369M->312M(1024M) 39.176ms
[2023-04-17T23:09:23.378-0400][gc,cpu      ] GC(872) User=0.04s Sys=0.06s Real=0.04s
[2023-04-17T23:11:07.092-0400][gc,start    ] GC(873) Pause Young (Normal) (G1 Evacuation Pause)
[2023-04-17T23:11:07.092-0400][gc,task     ] GC(873) Using 8 workers of 8 for evacuation
[2023-04-17T23:11:07.098-0400][gc,phases   ] GC(873)   Pre Evacuate Collection Set: 0.2ms
[2023-04-17T23:11:07.098-0400][gc,phases   ] GC(873)   Merge Heap Roots: 0.1ms
[2023-04-17T23:11:07.098-0400][gc,phases   ] GC(873)   Evacuate Collection Set: 4.5ms
[2023-04-17T23:11:07.098-0400][gc,phases   ] GC(873)   Post Evacuate Collection Set: 0.7ms
[2023-04-17T23:11:07.098-0400][gc,phases   ] GC(873)   Other: 0.1ms
[2023-04-17T23:11:07.098-0400][gc,heap     ] GC(873) Eden regions: 164->0(123)
[2023-04-17T23:11:07.098-0400][gc,heap     ] GC(873) Survivor regions: 4->6(21)
[2023-04-17T23:11:07.098-0400][gc,heap     ] GC(873) Old regions: 179->179
[2023-04-17T23:11:07.098-0400][gc,heap     ] GC(873) Archive regions: 2->2
[2023-04-17T23:11:07.098-0400][gc,heap     ] GC(873) Humongous regions: 129->129
[2023-04-17T23:11:07.098-0400][gc,metaspace] GC(873) Metaspace: 44230K(44928K)->44230K(44928K) NonClass: 39135K(39488K)->39135K(39488K) Class: 5095K(5440K)->5095K(5440K)
[2023-04-17T23:11:07.098-0400][gc          ] GC(873) Pause Young (Normal) (G1 Evacuation Pause) 476M->314M(1024M) 6.011ms
[2023-04-17T23:11:07.098-0400][gc,cpu      ] GC(873) User=0.03s Sys=0.00s Real=0.00s
[2023-04-17T23:12:25.804-0400][gc,start    ] GC(874) Pause Young (Normal) (G1 Evacuation Pause)
[2023-04-17T23:12:25.804-0400][gc,task     ] GC(874) Using 8 workers of 8 for evacuation
[2023-04-17T23:12:25.814-0400][gc,phases   ] GC(874)   Pre Evacuate Collection Set: 1.1ms
[2023-04-17T23:12:25.814-0400][gc,phases   ] GC(874)   Merge Heap Roots: 0.2ms
[2023-04-17T23:12:25.814-0400][gc,phases   ] GC(874)   Evacuate Collection Set: 8.1ms
[2023-04-17T23:12:25.814-0400][gc,phases   ] GC(874)   Post Evacuate Collection Set: 0.4ms
[2023-04-17T23:12:25.814-0400][gc,phases   ] GC(874)   Other: 0.3ms
[2023-04-17T23:12:25.815-0400][gc,heap     ] GC(874) Eden regions: 123->0(70)
[2023-04-17T23:12:25.815-0400][gc,heap     ] GC(874) Survivor regions: 6->8(17)
[2023-04-17T23:12:25.815-0400][gc,heap     ] GC(874) Old regions: 179->179
[2023-04-17T23:12:25.815-0400][gc,heap     ] GC(874) Archive regions: 2->2
[2023-04-17T23:12:25.815-0400][gc,heap     ] GC(874) Humongous regions: 129->129
[2023-04-17T23:12:25.815-0400][gc,metaspace] GC(874) Metaspace: 44230K(44928K)->44230K(44928K) NonClass: 39135K(39488K)->39135K(39488K) Class: 5095K(5440K)->5095K(5440K)
[2023-04-17T23:12:25.815-0400][gc          ] GC(874) Pause Young (Normal) (G1 Evacuation Pause) 437M->316M(1024M) 10.885ms
[2023-04-17T23:12:25.815-0400][gc,cpu      ] GC(874) User=0.06s Sys=0.00s Real=0.01s
[2023-04-17T23:13:11.075-0400][gc,start    ] GC(875) Pause Young (Normal) (G1 Evacuation Pause)
[2023-04-17T23:13:11.075-0400][gc,task     ] GC(875) Using 8 workers of 8 for evacuation
[2023-04-17T23:13:11.095-0400][gc,phases   ] GC(875)   Pre Evacuate Collection Set: 0.3ms
[2023-04-17T23:13:11.095-0400][gc,phases   ] GC(875)   Merge Heap Roots: 0.2ms
[2023-04-17T23:13:11.095-0400][gc,phases   ] GC(875)   Evacuate Collection Set: 18.4ms
[2023-04-17T23:13:11.095-0400][gc,phases   ] GC(875)   Post Evacuate Collection Set: 0.4ms
[2023-04-17T23:13:11.095-0400][gc,phases   ] GC(875)   Other: 0.3ms
[2023-04-17T23:13:11.095-0400][gc,heap     ] GC(875) Eden regions: 70->0(109)
[2023-04-17T23:13:11.095-0400][gc,heap     ] GC(875) Survivor regions: 8->7(10)
[2023-04-17T23:13:11.095-0400][gc,heap     ] GC(875) Old regions: 179->182
[2023-04-17T23:13:11.095-0400][gc,heap     ] GC(875) Archive regions: 2->2
[2023-04-17T23:13:11.095-0400][gc,heap     ] GC(875) Humongous regions: 129->129
[2023-04-17T23:13:11.095-0400][gc,metaspace] GC(875) Metaspace: 44230K(44928K)->44230K(44928K) NonClass: 39135K(39488K)->39135K(39488K) Class: 5095K(5440K)->5095K(5440K)
[2023-04-17T23:13:11.095-0400][gc          ] GC(875) Pause Young (Normal) (G1 Evacuation Pause) 386M->318M(1024M) 19.904ms
[2023-04-17T23:13:11.095-0400][gc,cpu      ] GC(875) User=0.06s Sys=0.03s Real=0.02s
[2023-04-17T23:14:20.929-0400][gc,start    ] GC(876) Pause Young (Normal) (G1 Evacuation Pause)
[2023-04-17T23:14:20.929-0400][gc,task     ] GC(876) Using 8 workers of 8 for evacuation
[2023-04-17T23:14:20.935-0400][gc,phases   ] GC(876)   Pre Evacuate Collection Set: 0.1ms
[2023-04-17T23:14:20.935-0400][gc,phases   ] GC(876)   Merge Heap Roots: 0.1ms
[2023-04-17T23:14:20.935-0400][gc,phases   ] GC(876)   Evacuate Collection Set: 5.0ms
[2023-04-17T23:14:20.935-0400][gc,phases   ] GC(876)   Post Evacuate Collection Set: 0.3ms
[2023-04-17T23:14:20.935-0400][gc,phases   ] GC(876)   Other: 0.1ms
[2023-04-17T23:14:20.935-0400][gc,heap     ] GC(876) Eden regions: 109->0(156)
[2023-04-17T23:14:20.935-0400][gc,heap     ] GC(876) Survivor regions: 7->8(15)
[2023-04-17T23:14:20.935-0400][gc,heap     ] GC(876) Old regions: 182->182
[2023-04-17T23:14:20.935-0400][gc,heap     ] GC(876) Archive regions: 2->2
[2023-04-17T23:14:20.935-0400][gc,heap     ] GC(876) Humongous regions: 129->129
[2023-04-17T23:14:20.935-0400][gc,metaspace] GC(876) Metaspace: 44230K(44928K)->44230K(44928K) NonClass: 39135K(39488K)->39135K(39488K) Class: 5095K(5440K)->5095K(5440K)
[2023-04-17T23:14:20.935-0400][gc          ] GC(876) Pause Young (Normal) (G1 Evacuation Pause) 427M->319M(1024M) 5.872ms
[2023-04-17T23:14:20.935-0400][gc,cpu      ] GC(876) User=0.04s Sys=0.00s Real=0.01s
[2023-04-17T23:15:59.735-0400][gc,start    ] GC(877) Pause Young (Normal) (G1 Evacuation Pause)
[2023-04-17T23:15:59.736-0400][gc,task     ] GC(877) Using 8 workers of 8 for evacuation
[2023-04-17T23:15:59.745-0400][gc,phases   ] GC(877)   Pre Evacuate Collection Set: 0.2ms
[2023-04-17T23:15:59.746-0400][gc,phases   ] GC(877)   Merge Heap Roots: 0.1ms
[2023-04-17T23:15:59.746-0400][gc,phases   ] GC(877)   Evacuate Collection Set: 9.0ms
[2023-04-17T23:15:59.746-0400][gc,phases   ] GC(877)   Post Evacuate Collection Set: 0.4ms
[2023-04-17T23:15:59.746-0400][gc,phases   ] GC(877)   Other: 0.1ms
[2023-04-17T23:15:59.746-0400][gc,heap     ] GC(877) Eden regions: 156->0(149)
[2023-04-17T23:15:59.746-0400][gc,heap     ] GC(877) Survivor regions: 8->10(21)
[2023-04-17T23:15:59.746-0400][gc,heap     ] GC(877) Old regions: 182->182
[2023-04-17T23:15:59.746-0400][gc,heap     ] GC(877) Archive regions: 2->2
[2023-04-17T23:15:59.746-0400][gc,heap     ] GC(877) Humongous regions: 129->129
[2023-04-17T23:15:59.746-0400][gc,metaspace] GC(877) Metaspace: 44230K(44928K)->44230K(44928K) NonClass: 39135K(39488K)->39135K(39488K) Class: 5095K(5440K)->5095K(5440K)
[2023-04-17T23:15:59.746-0400][gc          ] GC(877) Pause Young (Normal) (G1 Evacuation Pause) 475M->320M(1024M) 10.562ms
[2023-04-17T23:15:59.746-0400][gc,cpu      ] GC(877) User=0.06s Sys=0.00s Real=0.01s
[2023-04-17T23:17:37.490-0400][gc,start    ] GC(878) Pause Young (Normal) (G1 Evacuation Pause)
[2023-04-17T23:17:37.491-0400][gc,task     ] GC(878) Using 8 workers of 8 for evacuation
[2023-04-17T23:17:37.498-0400][gc,phases   ] GC(878)   Pre Evacuate Collection Set: 0.1ms
[2023-04-17T23:17:37.498-0400][gc,phases   ] GC(878)   Merge Heap Roots: 0.1ms
[2023-04-17T23:17:37.498-0400][gc,phases   ] GC(878)   Evacuate Collection Set: 7.0ms
[2023-04-17T23:17:37.498-0400][gc,phases   ] GC(878)   Post Evacuate Collection Set: 0.3ms
[2023-04-17T23:17:37.498-0400][gc,phases   ] GC(878)   Other: 0.1ms
[2023-04-17T23:17:37.498-0400][gc,heap     ] GC(878) Eden regions: 149->0(281)
[2023-04-17T23:17:37.498-0400][gc,heap     ] GC(878) Survivor regions: 10->10(20)
[2023-04-17T23:17:37.498-0400][gc,heap     ] GC(878) Old regions: 182->182
[2023-04-17T23:17:37.498-0400][gc,heap     ] GC(878) Archive regions: 2->2
[2023-04-17T23:17:37.498-0400][gc,heap     ] GC(878) Humongous regions: 129->129
[2023-04-17T23:17:37.498-0400][gc,metaspace] GC(878) Metaspace: 44230K(44928K)->44230K(44928K) NonClass: 39135K(39488K)->39135K(39488K) Class: 5095K(5440K)->5095K(5440K)
[2023-04-17T23:17:37.498-0400][gc          ] GC(878) Pause Young (Normal) (G1 Evacuation Pause) 469M->321M(1024M) 8.332ms
[2023-04-17T23:17:37.498-0400][gc,cpu      ] GC(878) User=0.05s Sys=0.00s Real=0.00s
[2023-04-17T23:20:38.377-0400][gc,start    ] GC(879) Pause Young (Normal) (G1 Evacuation Pause)
[2023-04-17T23:20:38.377-0400][gc,task     ] GC(879) Using 8 workers of 8 for evacuation
[2023-04-17T23:20:38.462-0400][gc,mmu      ] GC(879) MMU target violated: 21.0ms (20.0ms/21.0ms)
[2023-04-17T23:20:38.462-0400][gc,phases   ] GC(879)   Pre Evacuate Collection Set: 0.2ms
[2023-04-17T23:20:38.462-0400][gc,phases   ] GC(879)   Merge Heap Roots: 0.1ms
[2023-04-17T23:20:38.462-0400][gc,phases   ] GC(879)   Evacuate Collection Set: 83.3ms
[2023-04-17T23:20:38.462-0400][gc,phases   ] GC(879)   Post Evacuate Collection Set: 0.7ms
[2023-04-17T23:20:38.462-0400][gc,phases   ] GC(879)   Other: 0.7ms
[2023-04-17T23:20:38.462-0400][gc,heap     ] GC(879) Eden regions: 281->0(38)
[2023-04-17T23:20:38.462-0400][gc,heap     ] GC(879) Survivor regions: 10->13(37)
[2023-04-17T23:20:38.462-0400][gc,heap     ] GC(879) Old regions: 182->182
[2023-04-17T23:20:38.462-0400][gc,heap     ] GC(879) Archive regions: 2->2
[2023-04-17T23:20:38.462-0400][gc,heap     ] GC(879) Humongous regions: 129->129
[2023-04-17T23:20:38.462-0400][gc,metaspace] GC(879) Metaspace: 44230K(44928K)->44230K(44928K) NonClass: 39135K(39488K)->39135K(39488K) Class: 5095K(5440K)->5095K(5440K)
[2023-04-17T23:20:38.462-0400][gc          ] GC(879) Pause Young (Normal) (G1 Evacuation Pause) 602M->324M(1024M) 85.407ms
[2023-04-17T23:20:38.462-0400][gc,cpu      ] GC(879) User=0.05s Sys=0.12s Real=0.09s
[2023-04-17T23:21:02.029-0400][gc,start    ] GC(880) Pause Young (Normal) (G1 Evacuation Pause)
[2023-04-17T23:21:02.029-0400][gc,task     ] GC(880) Using 8 workers of 8 for evacuation
[2023-04-17T23:21:02.131-0400][gc,mmu      ] GC(880) MMU target violated: 21.0ms (20.0ms/21.0ms)
[2023-04-17T23:21:02.131-0400][gc,phases   ] GC(880)   Pre Evacuate Collection Set: 0.1ms
[2023-04-17T23:21:02.131-0400][gc,phases   ] GC(880)   Merge Heap Roots: 2.9ms
[2023-04-17T23:21:02.131-0400][gc,phases   ] GC(880)   Evacuate Collection Set: 97.5ms
[2023-04-17T23:21:02.131-0400][gc,phases   ] GC(880)   Post Evacuate Collection Set: 0.8ms
[2023-04-17T23:21:02.131-0400][gc,phases   ] GC(880)   Other: 0.1ms
[2023-04-17T23:21:02.131-0400][gc,heap     ] GC(880) Eden regions: 38->0(46)
[2023-04-17T23:21:02.131-0400][gc,heap     ] GC(880) Survivor regions: 13->5(7)
[2023-04-17T23:21:02.131-0400][gc,heap     ] GC(880) Old regions: 182->191
[2023-04-17T23:21:02.131-0400][gc,heap     ] GC(880) Archive regions: 2->2
[2023-04-17T23:21:02.131-0400][gc,heap     ] GC(880) Humongous regions: 129->129
[2023-04-17T23:21:02.131-0400][gc,metaspace] GC(880) Metaspace: 44230K(44928K)->44230K(44928K) NonClass: 39135K(39488K)->39135K(39488K) Class: 5095K(5440K)->5095K(5440K)
[2023-04-17T23:21:02.131-0400][gc          ] GC(880) Pause Young (Normal) (G1 Evacuation Pause) 362M->325M(1024M) 102.218ms
[2023-04-17T23:21:02.131-0400][gc,cpu      ] GC(880) User=0.05s Sys=0.09s Real=0.11s
[2023-04-17T23:21:31.560-0400][gc,start    ] GC(881) Pause Young (Normal) (G1 Evacuation Pause)
[2023-04-17T23:21:31.561-0400][gc,task     ] GC(881) Using 8 workers of 8 for evacuation
[2023-04-17T23:21:31.584-0400][gc,mmu      ] GC(881) MMU target violated: 21.0ms (20.0ms/21.0ms)
[2023-04-17T23:21:31.584-0400][gc,phases   ] GC(881)   Pre Evacuate Collection Set: 0.2ms
[2023-04-17T23:21:31.584-0400][gc,phases   ] GC(881)   Merge Heap Roots: 0.2ms
[2023-04-17T23:21:31.584-0400][gc,phases   ] GC(881)   Evacuate Collection Set: 20.8ms
[2023-04-17T23:21:31.584-0400][gc,phases   ] GC(881)   Post Evacuate Collection Set: 0.4ms
[2023-04-17T23:21:31.584-0400][gc,phases   ] GC(881)   Other: 1.1ms
[2023-04-17T23:21:31.584-0400][gc,heap     ] GC(881) Eden regions: 46->0(122)
[2023-04-17T23:21:31.584-0400][gc,heap     ] GC(881) Survivor regions: 5->2(7)
[2023-04-17T23:21:31.584-0400][gc,heap     ] GC(881) Old regions: 191->194
[2023-04-17T23:21:31.584-0400][gc,heap     ] GC(881) Archive regions: 2->2
[2023-04-17T23:21:31.584-0400][gc,heap     ] GC(881) Humongous regions: 129->129
[2023-04-17T23:21:31.584-0400][gc,metaspace] GC(881) Metaspace: 44230K(44928K)->44230K(44928K) NonClass: 39135K(39488K)->39135K(39488K) Class: 5095K(5440K)->5095K(5440K)
[2023-04-17T23:21:31.584-0400][gc          ] GC(881) Pause Young (Normal) (G1 Evacuation Pause) 371M->325M(1024M) 23.892ms
[2023-04-17T23:21:31.584-0400][gc,cpu      ] GC(881) User=0.04s Sys=0.05s Real=0.02s
[2023-04-17T23:22:50.038-0400][gc,start    ] GC(882) Pause Young (Normal) (G1 Evacuation Pause)
[2023-04-17T23:22:50.039-0400][gc,task     ] GC(882) Using 8 workers of 8 for evacuation
[2023-04-17T23:22:50.045-0400][gc,phases   ] GC(882)   Pre Evacuate Collection Set: 0.2ms
[2023-04-17T23:22:50.045-0400][gc,phases   ] GC(882)   Merge Heap Roots: 0.1ms
[2023-04-17T23:22:50.045-0400][gc,phases   ] GC(882)   Evacuate Collection Set: 4.4ms
[2023-04-17T23:22:50.045-0400][gc,phases   ] GC(882)   Post Evacuate Collection Set: 0.4ms
[2023-04-17T23:22:50.045-0400][gc,phases   ] GC(882)   Other: 0.1ms
[2023-04-17T23:22:50.045-0400][gc,heap     ] GC(882) Eden regions: 122->0(47)
[2023-04-17T23:22:50.045-0400][gc,heap     ] GC(882) Survivor regions: 2->4(16)
[2023-04-17T23:22:50.045-0400][gc,heap     ] GC(882) Old regions: 194->194
[2023-04-17T23:22:50.045-0400][gc,heap     ] GC(882) Archive regions: 2->2
[2023-04-17T23:22:50.045-0400][gc,heap     ] GC(882) Humongous regions: 129->129
[2023-04-17T23:22:50.045-0400][gc,metaspace] GC(882) Metaspace: 44230K(44928K)->44230K(44928K) NonClass: 39135K(39488K)->39135K(39488K) Class: 5095K(5440K)->5095K(5440K)
[2023-04-17T23:22:50.045-0400][gc          ] GC(882) Pause Young (Normal) (G1 Evacuation Pause) 447M->327M(1024M) 6.502ms
[2023-04-17T23:22:50.045-0400][gc,cpu      ] GC(882) User=0.04s Sys=0.00s Real=0.01s
[2023-04-17T23:23:19.205-0400][gc,start    ] GC(883) Pause Young (Normal) (G1 Evacuation Pause)
[2023-04-17T23:23:19.205-0400][gc,task     ] GC(883) Using 8 workers of 8 for evacuation
[2023-04-17T23:23:19.209-0400][gc,phases   ] GC(883)   Pre Evacuate Collection Set: 0.1ms
[2023-04-17T23:23:19.209-0400][gc,phases   ] GC(883)   Merge Heap Roots: 0.0ms
[2023-04-17T23:23:19.209-0400][gc,phases   ] GC(883)   Evacuate Collection Set: 3.0ms
[2023-04-17T23:23:19.209-0400][gc,phases   ] GC(883)   Post Evacuate Collection Set: 0.4ms
[2023-04-17T23:23:19.209-0400][gc,phases   ] GC(883)   Other: 0.1ms
[2023-04-17T23:23:19.209-0400][gc,heap     ] GC(883) Eden regions: 47->0(46)
[2023-04-17T23:23:19.209-0400][gc,heap     ] GC(883) Survivor regions: 4->5(7)
[2023-04-17T23:23:19.209-0400][gc,heap     ] GC(883) Old regions: 194->194
[2023-04-17T23:23:19.209-0400][gc,heap     ] GC(883) Archive regions: 2->2
[2023-04-17T23:23:19.209-0400][gc,heap     ] GC(883) Humongous regions: 129->129
[2023-04-17T23:23:19.209-0400][gc,metaspace] GC(883) Metaspace: 44230K(44928K)->44230K(44928K) NonClass: 39135K(39488K)->39135K(39488K) Class: 5095K(5440K)->5095K(5440K)
[2023-04-17T23:23:19.209-0400][gc          ] GC(883) Pause Young (Normal) (G1 Evacuation Pause) 374M->328M(1024M) 3.770ms
[2023-04-17T23:23:19.209-0400][gc,cpu      ] GC(883) User=0.02s Sys=0.01s Real=0.00s
[2023-04-17T23:23:48.356-0400][gc,start    ] GC(884) Pause Young (Normal) (G1 Evacuation Pause)
[2023-04-17T23:23:48.356-0400][gc,task     ] GC(884) Using 8 workers of 8 for evacuation
[2023-04-17T23:23:48.373-0400][gc,phases   ] GC(884)   Pre Evacuate Collection Set: 0.1ms
[2023-04-17T23:23:48.373-0400][gc,phases   ] GC(884)   Merge Heap Roots: 0.1ms
[2023-04-17T23:23:48.373-0400][gc,phases   ] GC(884)   Evacuate Collection Set: 16.5ms
[2023-04-17T23:23:48.373-0400][gc,phases   ] GC(884)   Post Evacuate Collection Set: 0.4ms
[2023-04-17T23:23:48.373-0400][gc,phases   ] GC(884)   Other: 0.1ms
[2023-04-17T23:23:48.373-0400][gc,heap     ] GC(884) Eden regions: 46->0(92)
[2023-04-17T23:23:48.373-0400][gc,heap     ] GC(884) Survivor regions: 5->4(7)
[2023-04-17T23:23:48.373-0400][gc,heap     ] GC(884) Old regions: 194->196
[2023-04-17T23:23:48.373-0400][gc,heap     ] GC(884) Archive regions: 2->2
[2023-04-17T23:23:48.374-0400][gc,heap     ] GC(884) Humongous regions: 129->129
[2023-04-17T23:23:48.374-0400][gc,metaspace] GC(884) Metaspace: 44230K(44928K)->44230K(44928K) NonClass: 39135K(39488K)->39135K(39488K) Class: 5095K(5440K)->5095K(5440K)
[2023-04-17T23:23:48.374-0400][gc          ] GC(884) Pause Young (Normal) (G1 Evacuation Pause) 374M->329M(1024M) 17.488ms
[2023-04-17T23:23:48.374-0400][gc,cpu      ] GC(884) User=0.01s Sys=0.02s Real=0.02s
[2023-04-17T23:24:48.446-0400][gc,start    ] GC(885) Pause Young (Normal) (G1 Evacuation Pause)
[2023-04-17T23:24:48.446-0400][gc,task     ] GC(885) Using 8 workers of 8 for evacuation
[2023-04-17T23:24:48.455-0400][gc,phases   ] GC(885)   Pre Evacuate Collection Set: 0.4ms
[2023-04-17T23:24:48.455-0400][gc,phases   ] GC(885)   Merge Heap Roots: 0.3ms
[2023-04-17T23:24:48.455-0400][gc,phases   ] GC(885)   Evacuate Collection Set: 7.3ms
[2023-04-17T23:24:48.455-0400][gc,phases   ] GC(885)   Post Evacuate Collection Set: 0.5ms
[2023-04-17T23:24:48.455-0400][gc,phases   ] GC(885)   Other: 0.2ms
[2023-04-17T23:24:48.455-0400][gc,heap     ] GC(885) Eden regions: 92->0(45)
[2023-04-17T23:24:48.455-0400][gc,heap     ] GC(885) Survivor regions: 4->6(12)
[2023-04-17T23:24:48.455-0400][gc,heap     ] GC(885) Old regions: 196->196
[2023-04-17T23:24:48.455-0400][gc,heap     ] GC(885) Archive regions: 2->2
[2023-04-17T23:24:48.455-0400][gc,heap     ] GC(885) Humongous regions: 129->129
[2023-04-17T23:24:48.455-0400][gc,metaspace] GC(885) Metaspace: 44230K(44928K)->44230K(44928K) NonClass: 39135K(39488K)->39135K(39488K) Class: 5095K(5440K)->5095K(5440K)
[2023-04-17T23:24:48.455-0400][gc          ] GC(885) Pause Young (Normal) (G1 Evacuation Pause) 421M->330M(1024M) 9.029ms
[2023-04-17T23:24:48.455-0400][gc,cpu      ] GC(885) User=0.05s Sys=0.01s Real=0.01s
[2023-04-17T23:25:17.111-0400][gc,start    ] GC(886) Pause Young (Normal) (G1 Evacuation Pause)
[2023-04-17T23:25:17.111-0400][gc,task     ] GC(886) Using 8 workers of 8 for evacuation
[2023-04-17T23:25:17.140-0400][gc,mmu      ] GC(886) MMU target violated: 21.0ms (20.0ms/21.0ms)
[2023-04-17T23:25:17.140-0400][gc,phases   ] GC(886)   Pre Evacuate Collection Set: 0.2ms
[2023-04-17T23:25:17.140-0400][gc,phases   ] GC(886)   Merge Heap Roots: 0.2ms
[2023-04-17T23:25:17.140-0400][gc,phases   ] GC(886)   Evacuate Collection Set: 27.3ms
[2023-04-17T23:25:17.140-0400][gc,phases   ] GC(886)   Post Evacuate Collection Set: 0.3ms
[2023-04-17T23:25:17.140-0400][gc,phases   ] GC(886)   Other: 0.7ms
[2023-04-17T23:25:17.140-0400][gc,heap     ] GC(886) Eden regions: 45->0(46)
[2023-04-17T23:25:17.140-0400][gc,heap     ] GC(886) Survivor regions: 6->5(7)
[2023-04-17T23:25:17.140-0400][gc,heap     ] GC(886) Old regions: 196->198
[2023-04-17T23:25:17.140-0400][gc,heap     ] GC(886) Archive regions: 2->2
[2023-04-17T23:25:17.140-0400][gc,heap     ] GC(886) Humongous regions: 129->129
[2023-04-17T23:25:17.140-0400][gc,metaspace] GC(886) Metaspace: 44230K(44928K)->44230K(44928K) NonClass: 39135K(39488K)->39135K(39488K) Class: 5095K(5440K)->5095K(5440K)
[2023-04-17T23:25:17.140-0400][gc          ] GC(886) Pause Young (Normal) (G1 Evacuation Pause) 375M->331M(1024M) 29.079ms
[2023-04-17T23:25:17.140-0400][gc,cpu      ] GC(886) User=0.04s Sys=0.04s Real=0.03s
[2023-04-17T23:25:47.083-0400][gc,start    ] GC(887) Pause Young (Normal) (G1 Evacuation Pause)
[2023-04-17T23:25:47.083-0400][gc,task     ] GC(887) Using 8 workers of 8 for evacuation
[2023-04-17T23:25:47.096-0400][gc,phases   ] GC(887)   Pre Evacuate Collection Set: 0.2ms
[2023-04-17T23:25:47.096-0400][gc,phases   ] GC(887)   Merge Heap Roots: 0.2ms
[2023-04-17T23:25:47.096-0400][gc,phases   ] GC(887)   Evacuate Collection Set: 10.9ms
[2023-04-17T23:25:47.096-0400][gc,phases   ] GC(887)   Post Evacuate Collection Set: 0.4ms
[2023-04-17T23:25:47.096-0400][gc,phases   ] GC(887)   Other: 1.0ms
[2023-04-17T23:25:47.096-0400][gc,heap     ] GC(887) Eden regions: 46->0(71)
[2023-04-17T23:25:47.096-0400][gc,heap     ] GC(887) Survivor regions: 5->5(7)
[2023-04-17T23:25:47.096-0400][gc,heap     ] GC(887) Old regions: 198->199
[2023-04-17T23:25:47.096-0400][gc,heap     ] GC(887) Archive regions: 2->2
[2023-04-17T23:25:47.096-0400][gc,heap     ] GC(887) Humongous regions: 129->129
[2023-04-17T23:25:47.096-0400][gc,metaspace] GC(887) Metaspace: 44230K(44928K)->44230K(44928K) NonClass: 39135K(39488K)->39135K(39488K) Class: 5095K(5440K)->5095K(5440K)
[2023-04-17T23:25:47.096-0400][gc          ] GC(887) Pause Young (Normal) (G1 Evacuation Pause) 377M->332M(1024M) 12.901ms
[2023-04-17T23:25:47.096-0400][gc,cpu      ] GC(887) User=0.04s Sys=0.02s Real=0.01s
[2023-04-17T23:26:33.125-0400][gc,start    ] GC(888) Pause Young (Normal) (G1 Evacuation Pause)
[2023-04-17T23:26:33.125-0400][gc,task     ] GC(888) Using 8 workers of 8 for evacuation
[2023-04-17T23:26:33.129-0400][gc,phases   ] GC(888)   Pre Evacuate Collection Set: 0.1ms
[2023-04-17T23:26:33.129-0400][gc,phases   ] GC(888)   Merge Heap Roots: 0.1ms
[2023-04-17T23:26:33.129-0400][gc,phases   ] GC(888)   Evacuate Collection Set: 4.0ms
[2023-04-17T23:26:33.129-0400][gc,phases   ] GC(888)   Post Evacuate Collection Set: 0.3ms
[2023-04-17T23:26:33.129-0400][gc,phases   ] GC(888)   Other: 0.1ms
[2023-04-17T23:26:33.129-0400][gc,heap     ] GC(888) Eden regions: 71->0(136)
[2023-04-17T23:26:33.129-0400][gc,heap     ] GC(888) Survivor regions: 5->5(10)
[2023-04-17T23:26:33.129-0400][gc,heap     ] GC(888) Old regions: 199->199
[2023-04-17T23:26:33.129-0400][gc,heap     ] GC(888) Archive regions: 2->2
[2023-04-17T23:26:33.129-0400][gc,heap     ] GC(888) Humongous regions: 129->129
[2023-04-17T23:26:33.129-0400][gc,metaspace] GC(888) Metaspace: 44230K(44928K)->44230K(44928K) NonClass: 39135K(39488K)->39135K(39488K) Class: 5095K(5440K)->5095K(5440K)
[2023-04-17T23:26:33.130-0400][gc          ] GC(888) Pause Young (Normal) (G1 Evacuation Pause) 403M->333M(1024M) 4.912ms
[2023-04-17T23:26:33.130-0400][gc,cpu      ] GC(888) User=0.02s Sys=0.00s Real=0.01s
[2023-04-17T23:27:59.984-0400][gc,start    ] GC(889) Pause Young (Normal) (G1 Evacuation Pause)
[2023-04-17T23:27:59.986-0400][gc,task     ] GC(889) Using 8 workers of 8 for evacuation
[2023-04-17T23:27:59.994-0400][gc,phases   ] GC(889)   Pre Evacuate Collection Set: 0.2ms
[2023-04-17T23:27:59.994-0400][gc,phases   ] GC(889)   Merge Heap Roots: 0.1ms
[2023-04-17T23:27:59.994-0400][gc,phases   ] GC(889)   Evacuate Collection Set: 6.7ms
[2023-04-17T23:27:59.994-0400][gc,phases   ] GC(889)   Post Evacuate Collection Set: 0.4ms
[2023-04-17T23:27:59.994-0400][gc,phases   ] GC(889)   Other: 0.2ms
[2023-04-17T23:27:59.994-0400][gc,heap     ] GC(889) Eden regions: 136->0(82)
[2023-04-17T23:27:59.994-0400][gc,heap     ] GC(889) Survivor regions: 5->7(18)
[2023-04-17T23:27:59.994-0400][gc,heap     ] GC(889) Old regions: 199->199
[2023-04-17T23:27:59.994-0400][gc,heap     ] GC(889) Archive regions: 2->2
[2023-04-17T23:27:59.994-0400][gc,heap     ] GC(889) Humongous regions: 129->129
[2023-04-17T23:27:59.994-0400][gc,metaspace] GC(889) Metaspace: 44230K(44928K)->44230K(44928K) NonClass: 39135K(39488K)->39135K(39488K) Class: 5095K(5440K)->5095K(5440K)
[2023-04-17T23:27:59.994-0400][gc          ] GC(889) Pause Young (Normal) (G1 Evacuation Pause) 469M->335M(1024M) 9.667ms
[2023-04-17T23:27:59.994-0400][gc,cpu      ] GC(889) User=0.05s Sys=0.00s Real=0.01s
[2023-04-17T23:28:52.893-0400][gc,start    ] GC(890) Pause Young (Normal) (G1 Evacuation Pause)
[2023-04-17T23:28:52.893-0400][gc,task     ] GC(890) Using 8 workers of 8 for evacuation
[2023-04-17T23:28:52.922-0400][gc,mmu      ] GC(890) MMU target violated: 21.0ms (20.0ms/21.0ms)
[2023-04-17T23:28:52.923-0400][gc,phases   ] GC(890)   Pre Evacuate Collection Set: 0.1ms
[2023-04-17T23:28:52.923-0400][gc,phases   ] GC(890)   Merge Heap Roots: 0.1ms
[2023-04-17T23:28:52.923-0400][gc,phases   ] GC(890)   Evacuate Collection Set: 28.6ms
[2023-04-17T23:28:52.923-0400][gc,phases   ] GC(890)   Post Evacuate Collection Set: 0.3ms
[2023-04-17T23:28:52.923-0400][gc,phases   ] GC(890)   Other: 0.1ms
[2023-04-17T23:28:52.923-0400][gc,heap     ] GC(890) Eden regions: 82->0(44)
[2023-04-17T23:28:52.923-0400][gc,heap     ] GC(890) Survivor regions: 7->7(12)
[2023-04-17T23:28:52.923-0400][gc,heap     ] GC(890) Old regions: 199->201
[2023-04-17T23:28:52.923-0400][gc,heap     ] GC(890) Archive regions: 2->2
[2023-04-17T23:28:52.923-0400][gc,heap     ] GC(890) Humongous regions: 129->129
[2023-04-17T23:28:52.923-0400][gc,metaspace] GC(890) Metaspace: 44230K(44928K)->44230K(44928K) NonClass: 39135K(39488K)->39135K(39488K) Class: 5095K(5440K)->5095K(5440K)
[2023-04-17T23:28:52.923-0400][gc          ] GC(890) Pause Young (Normal) (G1 Evacuation Pause) 417M->337M(1024M) 29.845ms
[2023-04-17T23:28:52.923-0400][gc,cpu      ] GC(890) User=0.03s Sys=0.02s Real=0.03s
[2023-04-17T23:29:20.649-0400][gc,start    ] GC(891) Pause Young (Normal) (G1 Evacuation Pause)
[2023-04-17T23:29:20.650-0400][gc,task     ] GC(891) Using 8 workers of 8 for evacuation
[2023-04-17T23:29:20.697-0400][gc,mmu      ] GC(891) MMU target violated: 21.0ms (20.0ms/21.0ms)
[2023-04-17T23:29:20.697-0400][gc,phases   ] GC(891)   Pre Evacuate Collection Set: 0.3ms
[2023-04-17T23:29:20.697-0400][gc,phases   ] GC(891)   Merge Heap Roots: 0.2ms
[2023-04-17T23:29:20.697-0400][gc,phases   ] GC(891)   Evacuate Collection Set: 46.5ms
[2023-04-17T23:29:20.697-0400][gc,phases   ] GC(891)   Post Evacuate Collection Set: 0.3ms
[2023-04-17T23:29:20.697-0400][gc,phases   ] GC(891)   Other: 0.2ms
[2023-04-17T23:29:20.697-0400][gc,heap     ] GC(891) Eden regions: 44->0(95)
[2023-04-17T23:29:20.698-0400][gc,heap     ] GC(891) Survivor regions: 7->3(7)
[2023-04-17T23:29:20.698-0400][gc,heap     ] GC(891) Old regions: 201->206
[2023-04-17T23:29:20.698-0400][gc,heap     ] GC(891) Archive regions: 2->2
[2023-04-17T23:29:20.698-0400][gc,heap     ] GC(891) Humongous regions: 129->129
[2023-04-17T23:29:20.698-0400][gc,metaspace] GC(891) Metaspace: 44230K(44928K)->44230K(44928K) NonClass: 39135K(39488K)->39135K(39488K) Class: 5095K(5440K)->5095K(5440K)
[2023-04-17T23:29:20.698-0400][gc          ] GC(891) Pause Young (Normal) (G1 Evacuation Pause) 381M->337M(1024M) 48.601ms
[2023-04-17T23:29:20.698-0400][gc,cpu      ] GC(891) User=0.04s Sys=0.08s Real=0.05s
[2023-04-17T23:30:20.829-0400][gc,start    ] GC(892) Pause Young (Normal) (G1 Evacuation Pause)
[2023-04-17T23:30:20.830-0400][gc,task     ] GC(892) Using 8 workers of 8 for evacuation
[2023-04-17T23:30:20.836-0400][gc,phases   ] GC(892)   Pre Evacuate Collection Set: 0.2ms
[2023-04-17T23:30:20.836-0400][gc,phases   ] GC(892)   Merge Heap Roots: 0.2ms
[2023-04-17T23:30:20.836-0400][gc,phases   ] GC(892)   Evacuate Collection Set: 5.1ms
[2023-04-17T23:30:20.836-0400][gc,phases   ] GC(892)   Post Evacuate Collection Set: 0.5ms
[2023-04-17T23:30:20.836-0400][gc,phases   ] GC(892)   Other: 0.2ms
[2023-04-17T23:30:20.836-0400][gc,heap     ] GC(892) Eden regions: 95->0(83)
[2023-04-17T23:30:20.836-0400][gc,heap     ] GC(892) Survivor regions: 3->4(13)
[2023-04-17T23:30:20.836-0400][gc,heap     ] GC(892) Old regions: 206->206
[2023-04-17T23:30:20.836-0400][gc,heap     ] GC(892) Archive regions: 2->2
[2023-04-17T23:30:20.836-0400][gc,heap     ] GC(892) Humongous regions: 129->129
[2023-04-17T23:30:20.836-0400][gc,metaspace] GC(892) Metaspace: 44230K(44928K)->44230K(44928K) NonClass: 39135K(39488K)->39135K(39488K) Class: 5095K(5440K)->5095K(5440K)
[2023-04-17T23:30:20.836-0400][gc          ] GC(892) Pause Young (Normal) (G1 Evacuation Pause) 432M->339M(1024M) 7.068ms
[2023-04-17T23:30:20.836-0400][gc,cpu      ] GC(892) User=0.03s Sys=0.00s Real=0.01s
[2023-04-17T23:31:14.962-0400][gc,start    ] GC(893) Pause Young (Normal) (G1 Evacuation Pause)
[2023-04-17T23:31:14.965-0400][gc,task     ] GC(893) Using 8 workers of 8 for evacuation
[2023-04-17T23:31:14.973-0400][gc,phases   ] GC(893)   Pre Evacuate Collection Set: 0.2ms
[2023-04-17T23:31:14.973-0400][gc,phases   ] GC(893)   Merge Heap Roots: 0.2ms
[2023-04-17T23:31:14.973-0400][gc,phases   ] GC(893)   Evacuate Collection Set: 6.9ms
[2023-04-17T23:31:14.973-0400][gc,phases   ] GC(893)   Post Evacuate Collection Set: 0.5ms
[2023-04-17T23:31:14.973-0400][gc,phases   ] GC(893)   Other: 0.2ms
[2023-04-17T23:31:14.973-0400][gc,heap     ] GC(893) Eden regions: 83->0(45)
[2023-04-17T23:31:14.973-0400][gc,heap     ] GC(893) Survivor regions: 4->6(11)
[2023-04-17T23:31:14.973-0400][gc,heap     ] GC(893) Old regions: 206->206
[2023-04-17T23:31:14.973-0400][gc,heap     ] GC(893) Archive regions: 2->2
[2023-04-17T23:31:14.974-0400][gc,heap     ] GC(893) Humongous regions: 129->129
[2023-04-17T23:31:14.974-0400][gc,metaspace] GC(893) Metaspace: 44230K(44928K)->44230K(44928K) NonClass: 39135K(39488K)->39135K(39488K) Class: 5095K(5440K)->5095K(5440K)
[2023-04-17T23:31:14.974-0400][gc          ] GC(893) Pause Young (Normal) (G1 Evacuation Pause) 422M->340M(1024M) 11.683ms
[2023-04-17T23:31:14.974-0400][gc,cpu      ] GC(893) User=0.05s Sys=0.00s Real=0.01s
[2023-04-17T23:31:44.067-0400][gc,start    ] GC(894) Pause Young (Normal) (G1 Evacuation Pause)
[2023-04-17T23:31:44.067-0400][gc,task     ] GC(894) Using 8 workers of 8 for evacuation
[2023-04-17T23:31:44.091-0400][gc,mmu      ] GC(894) MMU target violated: 21.0ms (20.0ms/21.0ms)
[2023-04-17T23:31:44.091-0400][gc,phases   ] GC(894)   Pre Evacuate Collection Set: 0.3ms
[2023-04-17T23:31:44.091-0400][gc,phases   ] GC(894)   Merge Heap Roots: 0.2ms
[2023-04-17T23:31:44.091-0400][gc,phases   ] GC(894)   Evacuate Collection Set: 22.4ms
[2023-04-17T23:31:44.091-0400][gc,phases   ] GC(894)   Post Evacuate Collection Set: 0.3ms
[2023-04-17T23:31:44.091-0400][gc,phases   ] GC(894)   Other: 0.2ms
[2023-04-17T23:31:44.091-0400][gc,heap     ] GC(894) Eden regions: 45->0(64)
[2023-04-17T23:31:44.091-0400][gc,heap     ] GC(894) Survivor regions: 6->5(7)
[2023-04-17T23:31:44.091-0400][gc,heap     ] GC(894) Old regions: 206->208
[2023-04-17T23:31:44.091-0400][gc,heap     ] GC(894) Archive regions: 2->2
[2023-04-17T23:31:44.091-0400][gc,heap     ] GC(894) Humongous regions: 129->129
[2023-04-17T23:31:44.091-0400][gc,metaspace] GC(894) Metaspace: 44230K(44928K)->44230K(44928K) NonClass: 39135K(39488K)->39135K(39488K) Class: 5095K(5440K)->5095K(5440K)
[2023-04-17T23:31:44.091-0400][gc          ] GC(894) Pause Young (Normal) (G1 Evacuation Pause) 385M->341M(1024M) 23.684ms
[2023-04-17T23:31:44.091-0400][gc,cpu      ] GC(894) User=0.04s Sys=0.03s Real=0.03s
[2023-04-17T23:32:25.564-0400][gc,start    ] GC(895) Pause Young (Normal) (G1 Evacuation Pause)
[2023-04-17T23:32:25.585-0400][gc,task     ] GC(895) Using 8 workers of 8 for evacuation
[2023-04-17T23:32:25.594-0400][gc,phases   ] GC(895)   Pre Evacuate Collection Set: 0.3ms
[2023-04-17T23:32:25.594-0400][gc,phases   ] GC(895)   Merge Heap Roots: 0.2ms
[2023-04-17T23:32:25.594-0400][gc,phases   ] GC(895)   Evacuate Collection Set: 8.5ms
[2023-04-17T23:32:25.594-0400][gc,phases   ] GC(895)   Post Evacuate Collection Set: 0.3ms
[2023-04-17T23:32:25.594-0400][gc,phases   ] GC(895)   Other: 0.2ms
[2023-04-17T23:32:25.594-0400][gc,heap     ] GC(895) Eden regions: 64->0(70)
[2023-04-17T23:32:25.594-0400][gc,heap     ] GC(895) Survivor regions: 5->6(9)
[2023-04-17T23:32:25.594-0400][gc,heap     ] GC(895) Old regions: 208->208
[2023-04-17T23:32:25.594-0400][gc,heap     ] GC(895) Archive regions: 2->2
[2023-04-17T23:32:25.594-0400][gc,heap     ] GC(895) Humongous regions: 129->129
[2023-04-17T23:32:25.594-0400][gc,metaspace] GC(895) Metaspace: 44230K(44928K)->44230K(44928K) NonClass: 39135K(39488K)->39135K(39488K) Class: 5095K(5440K)->5095K(5440K)
[2023-04-17T23:32:25.594-0400][gc          ] GC(895) Pause Young (Normal) (G1 Evacuation Pause) 405M->342M(1024M) 30.283ms
[2023-04-17T23:32:25.594-0400][gc,cpu      ] GC(895) User=0.04s Sys=0.01s Real=0.03s
[2023-04-17T23:33:10.964-0400][gc,start    ] GC(896) Pause Young (Normal) (G1 Evacuation Pause)
[2023-04-17T23:33:10.965-0400][gc,task     ] GC(896) Using 8 workers of 8 for evacuation
[2023-04-17T23:33:10.973-0400][gc,phases   ] GC(896)   Pre Evacuate Collection Set: 0.3ms
[2023-04-17T23:33:10.973-0400][gc,phases   ] GC(896)   Merge Heap Roots: 0.2ms
[2023-04-17T23:33:10.973-0400][gc,phases   ] GC(896)   Evacuate Collection Set: 7.7ms
[2023-04-17T23:33:10.973-0400][gc,phases   ] GC(896)   Post Evacuate Collection Set: 0.4ms
[2023-04-17T23:33:10.974-0400][gc,phases   ] GC(896)   Other: 0.2ms
[2023-04-17T23:33:10.974-0400][gc,heap     ] GC(896) Eden regions: 70->0(76)
[2023-04-17T23:33:10.974-0400][gc,heap     ] GC(896) Survivor regions: 6->7(10)
[2023-04-17T23:33:10.974-0400][gc,heap     ] GC(896) Old regions: 208->208
[2023-04-17T23:33:10.974-0400][gc,heap     ] GC(896) Archive regions: 2->2
[2023-04-17T23:33:10.974-0400][gc,heap     ] GC(896) Humongous regions: 129->129
[2023-04-17T23:33:10.974-0400][gc,metaspace] GC(896) Metaspace: 44230K(44928K)->44230K(44928K) NonClass: 39135K(39488K)->39135K(39488K) Class: 5095K(5440K)->5095K(5440K)
[2023-04-17T23:33:10.974-0400][gc          ] GC(896) Pause Young (Normal) (G1 Evacuation Pause) 412M->343M(1024M) 9.686ms
[2023-04-17T23:33:10.974-0400][gc,cpu      ] GC(896) User=0.06s Sys=0.01s Real=0.01s
[2023-04-17T23:34:00.471-0400][gc,start    ] GC(897) Pause Young (Normal) (G1 Evacuation Pause)
[2023-04-17T23:34:00.472-0400][gc,task     ] GC(897) Using 8 workers of 8 for evacuation
[2023-04-17T23:34:00.497-0400][gc,mmu      ] GC(897) MMU target violated: 21.0ms (20.0ms/21.0ms)
[2023-04-17T23:34:00.497-0400][gc,phases   ] GC(897)   Pre Evacuate Collection Set: 0.3ms
[2023-04-17T23:34:00.498-0400][gc,phases   ] GC(897)   Merge Heap Roots: 0.2ms
[2023-04-17T23:34:00.498-0400][gc,phases   ] GC(897)   Evacuate Collection Set: 24.0ms
[2023-04-17T23:34:00.498-0400][gc,phases   ] GC(897)   Post Evacuate Collection Set: 0.4ms
[2023-04-17T23:34:00.498-0400][gc,phases   ] GC(897)   Other: 0.2ms
[2023-04-17T23:34:00.498-0400][gc,heap     ] GC(897) Eden regions: 76->0(73)
[2023-04-17T23:34:00.498-0400][gc,heap     ] GC(897) Survivor regions: 7->6(11)
[2023-04-17T23:34:00.498-0400][gc,heap     ] GC(897) Old regions: 208->209
[2023-04-17T23:34:00.498-0400][gc,heap     ] GC(897) Archive regions: 2->2
[2023-04-17T23:34:00.498-0400][gc,heap     ] GC(897) Humongous regions: 129->129
[2023-04-17T23:34:00.498-0400][gc,metaspace] GC(897) Metaspace: 44230K(44928K)->44230K(44928K) NonClass: 39135K(39488K)->39135K(39488K) Class: 5095K(5440K)->5095K(5440K)
[2023-04-17T23:34:00.498-0400][gc          ] GC(897) Pause Young (Normal) (G1 Evacuation Pause) 419M->344M(1024M) 26.286ms
[2023-04-17T23:34:00.498-0400][gc,cpu      ] GC(897) User=0.04s Sys=0.03s Real=0.02s
[2023-04-17T23:34:47.457-0400][gc,start    ] GC(898) Pause Young (Normal) (G1 Evacuation Pause)
[2023-04-17T23:34:47.458-0400][gc,task     ] GC(898) Using 8 workers of 8 for evacuation
[2023-04-17T23:34:47.470-0400][gc,phases   ] GC(898)   Pre Evacuate Collection Set: 0.2ms
[2023-04-17T23:34:47.470-0400][gc,phases   ] GC(898)   Merge Heap Roots: 0.2ms
[2023-04-17T23:34:47.470-0400][gc,phases   ] GC(898)   Evacuate Collection Set: 11.4ms
[2023-04-17T23:34:47.470-0400][gc,phases   ] GC(898)   Post Evacuate Collection Set: 0.3ms
[2023-04-17T23:34:47.470-0400][gc,phases   ] GC(898)   Other: 0.2ms
[2023-04-17T23:34:47.470-0400][gc,heap     ] GC(898) Eden regions: 73->0(114)
[2023-04-17T23:34:47.470-0400][gc,heap     ] GC(898) Survivor regions: 6->6(10)
[2023-04-17T23:34:47.470-0400][gc,heap     ] GC(898) Old regions: 209->211
[2023-04-17T23:34:47.470-0400][gc,heap     ] GC(898) Archive regions: 2->2
[2023-04-17T23:34:47.470-0400][gc,heap     ] GC(898) Humongous regions: 129->129
[2023-04-17T23:34:47.470-0400][gc,metaspace] GC(898) Metaspace: 44230K(44928K)->44230K(44928K) NonClass: 39135K(39488K)->39135K(39488K) Class: 5095K(5440K)->5095K(5440K)
[2023-04-17T23:34:47.470-0400][gc          ] GC(898) Pause Young (Normal) (G1 Evacuation Pause) 417M->345M(1024M) 13.346ms
[2023-04-17T23:34:47.470-0400][gc,cpu      ] GC(898) User=0.04s Sys=0.02s Real=0.02s
[2023-04-17T23:35:59.727-0400][gc,start    ] GC(899) Pause Young (Normal) (G1 Evacuation Pause)
[2023-04-17T23:35:59.728-0400][gc,task     ] GC(899) Using 8 workers of 8 for evacuation
[2023-04-17T23:35:59.737-0400][gc,phases   ] GC(899)   Pre Evacuate Collection Set: 0.2ms
[2023-04-17T23:35:59.737-0400][gc,phases   ] GC(899)   Merge Heap Roots: 0.3ms
[2023-04-17T23:35:59.737-0400][gc,phases   ] GC(899)   Evacuate Collection Set: 8.0ms
[2023-04-17T23:35:59.737-0400][gc,phases   ] GC(899)   Post Evacuate Collection Set: 0.4ms
[2023-04-17T23:35:59.737-0400][gc,phases   ] GC(899)   Other: 0.2ms
[2023-04-17T23:35:59.737-0400][gc,heap     ] GC(899) Eden regions: 114->0(82)
[2023-04-17T23:35:59.737-0400][gc,heap     ] GC(899) Survivor regions: 6->8(15)
[2023-04-17T23:35:59.737-0400][gc,heap     ] GC(899) Old regions: 211->211
[2023-04-17T23:35:59.737-0400][gc,heap     ] GC(899) Archive regions: 2->2
[2023-04-17T23:35:59.737-0400][gc,heap     ] GC(899) Humongous regions: 129->129
[2023-04-17T23:35:59.737-0400][gc,metaspace] GC(899) Metaspace: 44230K(44928K)->44230K(44928K) NonClass: 39135K(39488K)->39135K(39488K) Class: 5095K(5440K)->5095K(5440K)
[2023-04-17T23:35:59.737-0400][gc          ] GC(899) Pause Young (Normal) (G1 Evacuation Pause) 459M->347M(1024M) 10.369ms
[2023-04-17T23:35:59.737-0400][gc,cpu      ] GC(899) User=0.07s Sys=0.00s Real=0.01s
[2023-04-17T23:36:53.088-0400][gc,start    ] GC(900) Pause Young (Normal) (G1 Evacuation Pause)
[2023-04-17T23:36:53.088-0400][gc,task     ] GC(900) Using 8 workers of 8 for evacuation
[2023-04-17T23:36:53.104-0400][gc,phases   ] GC(900)   Pre Evacuate Collection Set: 0.3ms
[2023-04-17T23:36:53.104-0400][gc,phases   ] GC(900)   Merge Heap Roots: 0.2ms
[2023-04-17T23:36:53.104-0400][gc,phases   ] GC(900)   Evacuate Collection Set: 14.5ms
[2023-04-17T23:36:53.104-0400][gc,phases   ] GC(900)   Post Evacuate Collection Set: 0.4ms
[2023-04-17T23:36:53.104-0400][gc,phases   ] GC(900)   Other: 0.2ms
[2023-04-17T23:36:53.104-0400][gc,heap     ] GC(900) Eden regions: 82->0(143)
[2023-04-17T23:36:53.104-0400][gc,heap     ] GC(900) Survivor regions: 8->7(12)
[2023-04-17T23:36:53.104-0400][gc,heap     ] GC(900) Old regions: 211->212
[2023-04-17T23:36:53.104-0400][gc,heap     ] GC(900) Archive regions: 2->2
[2023-04-17T23:36:53.104-0400][gc,heap     ] GC(900) Humongous regions: 129->129
[2023-04-17T23:36:53.104-0400][gc,metaspace] GC(900) Metaspace: 44230K(44928K)->44230K(44928K) NonClass: 39135K(39488K)->39135K(39488K) Class: 5095K(5440K)->5095K(5440K)
[2023-04-17T23:36:53.104-0400][gc          ] GC(900) Pause Young (Normal) (G1 Evacuation Pause) 429M->348M(1024M) 16.432ms
[2023-04-17T23:36:53.104-0400][gc,cpu      ] GC(900) User=0.05s Sys=0.02s Real=0.02s
[2023-04-17T23:38:25.263-0400][gc,start    ] GC(901) Pause Young (Normal) (G1 Evacuation Pause)
[2023-04-17T23:38:25.263-0400][gc,task     ] GC(901) Using 8 workers of 8 for evacuation
[2023-04-17T23:38:25.273-0400][gc,phases   ] GC(901)   Pre Evacuate Collection Set: 0.1ms
[2023-04-17T23:38:25.273-0400][gc,phases   ] GC(901)   Merge Heap Roots: 0.2ms
[2023-04-17T23:38:25.273-0400][gc,phases   ] GC(901)   Evacuate Collection Set: 9.3ms
[2023-04-17T23:38:25.273-0400][gc,phases   ] GC(901)   Post Evacuate Collection Set: 0.4ms
[2023-04-17T23:38:25.273-0400][gc,phases   ] GC(901)   Other: 0.1ms
[2023-04-17T23:38:25.273-0400][gc,heap     ] GC(901) Eden regions: 143->0(56)
[2023-04-17T23:38:25.273-0400][gc,heap     ] GC(901) Survivor regions: 7->10(19)
[2023-04-17T23:38:25.273-0400][gc,heap     ] GC(901) Old regions: 212->212
[2023-04-17T23:38:25.273-0400][gc,heap     ] GC(901) Archive regions: 2->2
[2023-04-17T23:38:25.273-0400][gc,heap     ] GC(901) Humongous regions: 129->129
[2023-04-17T23:38:25.273-0400][gc,metaspace] GC(901) Metaspace: 44230K(44928K)->44230K(44928K) NonClass: 39135K(39488K)->39135K(39488K) Class: 5095K(5440K)->5095K(5440K)
[2023-04-17T23:38:25.273-0400][gc          ] GC(901) Pause Young (Normal) (G1 Evacuation Pause) 491M->351M(1024M) 10.734ms
[2023-04-17T23:38:25.273-0400][gc,cpu      ] GC(901) User=0.06s Sys=0.01s Real=0.01s
[2023-04-17T23:39:00.903-0400][gc,start    ] GC(902) Pause Young (Normal) (G1 Evacuation Pause)
[2023-04-17T23:39:00.904-0400][gc,task     ] GC(902) Using 8 workers of 8 for evacuation
[2023-04-17T23:39:00.935-0400][gc,mmu      ] GC(902) MMU target violated: 21.0ms (20.0ms/21.0ms)
[2023-04-17T23:39:00.935-0400][gc,phases   ] GC(902)   Pre Evacuate Collection Set: 0.4ms
[2023-04-17T23:39:00.935-0400][gc,phases   ] GC(902)   Merge Heap Roots: 0.2ms
[2023-04-17T23:39:00.935-0400][gc,phases   ] GC(902)   Evacuate Collection Set: 30.0ms
[2023-04-17T23:39:00.935-0400][gc,phases   ] GC(902)   Post Evacuate Collection Set: 0.3ms
[2023-04-17T23:39:00.935-0400][gc,phases   ] GC(902)   Other: 0.2ms
[2023-04-17T23:39:00.935-0400][gc,heap     ] GC(902) Eden regions: 56->0(164)
[2023-04-17T23:39:00.935-0400][gc,heap     ] GC(902) Survivor regions: 10->6(9)
[2023-04-17T23:39:00.935-0400][gc,heap     ] GC(902) Old regions: 212->218
[2023-04-17T23:39:00.935-0400][gc,heap     ] GC(902) Archive regions: 2->2
[2023-04-17T23:39:00.935-0400][gc,heap     ] GC(902) Humongous regions: 129->129
[2023-04-17T23:39:00.935-0400][gc,metaspace] GC(902) Metaspace: 44230K(44928K)->44230K(44928K) NonClass: 39135K(39488K)->39135K(39488K) Class: 5095K(5440K)->5095K(5440K)
[2023-04-17T23:39:00.935-0400][gc          ] GC(902) Pause Young (Normal) (G1 Evacuation Pause) 407M->352M(1024M) 32.363ms
[2023-04-17T23:39:00.935-0400][gc,cpu      ] GC(902) User=0.07s Sys=0.05s Real=0.03s
[2023-04-17T23:40:46.645-0400][gc,start    ] GC(903) Pause Young (Normal) (G1 Evacuation Pause)
[2023-04-17T23:40:46.646-0400][gc,task     ] GC(903) Using 8 workers of 8 for evacuation
[2023-04-17T23:40:46.671-0400][gc,mmu      ] GC(903) MMU target violated: 21.0ms (20.0ms/21.0ms)
[2023-04-17T23:40:46.671-0400][gc,phases   ] GC(903)   Pre Evacuate Collection Set: 0.2ms
[2023-04-17T23:40:46.671-0400][gc,phases   ] GC(903)   Merge Heap Roots: 0.2ms
[2023-04-17T23:40:46.671-0400][gc,phases   ] GC(903)   Evacuate Collection Set: 24.9ms
[2023-04-17T23:40:46.671-0400][gc,phases   ] GC(903)   Post Evacuate Collection Set: 0.4ms
[2023-04-17T23:40:46.671-0400][gc,phases   ] GC(903)   Other: 0.2ms
[2023-04-17T23:40:46.671-0400][gc,heap     ] GC(903) Eden regions: 164->0(43)
[2023-04-17T23:40:46.671-0400][gc,heap     ] GC(903) Survivor regions: 6->8(22)
[2023-04-17T23:40:46.671-0400][gc,heap     ] GC(903) Old regions: 218->218
[2023-04-17T23:40:46.671-0400][gc,heap     ] GC(903) Archive regions: 2->2
[2023-04-17T23:40:46.671-0400][gc,heap     ] GC(903) Humongous regions: 129->129
[2023-04-17T23:40:46.671-0400][gc,metaspace] GC(903) Metaspace: 44230K(44928K)->44230K(44928K) NonClass: 39135K(39488K)->39135K(39488K) Class: 5095K(5440K)->5095K(5440K)
[2023-04-17T23:40:46.671-0400][gc          ] GC(903) Pause Young (Normal) (G1 Evacuation Pause) 516M->355M(1024M) 26.488ms
[2023-04-17T23:40:46.672-0400][gc,cpu      ] GC(903) User=0.04s Sys=0.07s Real=0.03s
[2023-04-17T23:41:14.096-0400][gc,start    ] GC(904) Pause Young (Normal) (G1 Evacuation Pause)
[2023-04-17T23:41:14.098-0400][gc,task     ] GC(904) Using 8 workers of 8 for evacuation
[2023-04-17T23:41:14.158-0400][gc,mmu      ] GC(904) MMU target violated: 21.0ms (20.0ms/21.0ms)
[2023-04-17T23:41:14.158-0400][gc,phases   ] GC(904)   Pre Evacuate Collection Set: 0.1ms
[2023-04-17T23:41:14.158-0400][gc,phases   ] GC(904)   Merge Heap Roots: 0.1ms
[2023-04-17T23:41:14.158-0400][gc,phases   ] GC(904)   Evacuate Collection Set: 59.1ms
[2023-04-17T23:41:14.158-0400][gc,phases   ] GC(904)   Post Evacuate Collection Set: 0.3ms
[2023-04-17T23:41:14.158-0400][gc,phases   ] GC(904)   Other: 0.2ms
[2023-04-17T23:41:14.158-0400][gc,heap     ] GC(904) Eden regions: 43->0(47)
[2023-04-17T23:41:14.158-0400][gc,heap     ] GC(904) Survivor regions: 8->4(7)
[2023-04-17T23:41:14.158-0400][gc,heap     ] GC(904) Old regions: 218->222
[2023-04-17T23:41:14.158-0400][gc,heap     ] GC(904) Archive regions: 2->2
[2023-04-17T23:41:14.158-0400][gc,heap     ] GC(904) Humongous regions: 129->129
[2023-04-17T23:41:14.158-0400][gc,metaspace] GC(904) Metaspace: 44230K(44928K)->44230K(44928K) NonClass: 39135K(39488K)->39135K(39488K) Class: 5095K(5440K)->5095K(5440K)
[2023-04-17T23:41:14.158-0400][gc          ] GC(904) Pause Young (Normal) (G1 Evacuation Pause) 398M->355M(1024M) 61.594ms
[2023-04-17T23:41:14.158-0400][gc,cpu      ] GC(904) User=0.04s Sys=0.07s Real=0.06s
[2023-04-17T23:41:43.548-0400][gc,start    ] GC(905) Pause Young (Normal) (G1 Evacuation Pause)
[2023-04-17T23:41:43.548-0400][gc,task     ] GC(905) Using 8 workers of 8 for evacuation
[2023-04-17T23:41:43.553-0400][gc,phases   ] GC(905)   Pre Evacuate Collection Set: 0.1ms
[2023-04-17T23:41:43.553-0400][gc,phases   ] GC(905)   Merge Heap Roots: 0.1ms
[2023-04-17T23:41:43.553-0400][gc,phases   ] GC(905)   Evacuate Collection Set: 4.4ms
[2023-04-17T23:41:43.553-0400][gc,phases   ] GC(905)   Post Evacuate Collection Set: 0.4ms
[2023-04-17T23:41:43.553-0400][gc,phases   ] GC(905)   Other: 0.1ms
[2023-04-17T23:41:43.553-0400][gc,heap     ] GC(905) Eden regions: 47->0(46)
[2023-04-17T23:41:43.553-0400][gc,heap     ] GC(905) Survivor regions: 4->5(7)
[2023-04-17T23:41:43.553-0400][gc,heap     ] GC(905) Old regions: 222->222
[2023-04-17T23:41:43.553-0400][gc,heap     ] GC(905) Archive regions: 2->2
[2023-04-17T23:41:43.553-0400][gc,heap     ] GC(905) Humongous regions: 129->129
[2023-04-17T23:41:43.553-0400][gc,metaspace] GC(905) Metaspace: 44230K(44928K)->44230K(44928K) NonClass: 39135K(39488K)->39135K(39488K) Class: 5095K(5440K)->5095K(5440K)
[2023-04-17T23:41:43.554-0400][gc          ] GC(905) Pause Young (Normal) (G1 Evacuation Pause) 402M->356M(1024M) 5.920ms
[2023-04-17T23:41:43.554-0400][gc,cpu      ] GC(905) User=0.04s Sys=0.00s Real=0.01s
[2023-04-17T23:42:12.644-0400][gc,start    ] GC(906) Pause Young (Normal) (G1 Evacuation Pause)
[2023-04-17T23:42:12.644-0400][gc,task     ] GC(906) Using 8 workers of 8 for evacuation
[2023-04-17T23:42:12.665-0400][gc,mmu      ] GC(906) MMU target violated: 20.6ms (20.0ms/21.0ms)
[2023-04-17T23:42:12.665-0400][gc,phases   ] GC(906)   Pre Evacuate Collection Set: 0.1ms
[2023-04-17T23:42:12.665-0400][gc,phases   ] GC(906)   Merge Heap Roots: 0.1ms
[2023-04-17T23:42:12.665-0400][gc,phases   ] GC(906)   Evacuate Collection Set: 20.2ms
[2023-04-17T23:42:12.665-0400][gc,phases   ] GC(906)   Post Evacuate Collection Set: 0.2ms
[2023-04-17T23:42:12.665-0400][gc,phases   ] GC(906)   Other: 0.1ms
[2023-04-17T23:42:12.665-0400][gc,heap     ] GC(906) Eden regions: 46->0(134)
[2023-04-17T23:42:12.665-0400][gc,heap     ] GC(906) Survivor regions: 5->3(7)
[2023-04-17T23:42:12.665-0400][gc,heap     ] GC(906) Old regions: 222->225
[2023-04-17T23:42:12.665-0400][gc,heap     ] GC(906) Archive regions: 2->2
[2023-04-17T23:42:12.665-0400][gc,heap     ] GC(906) Humongous regions: 129->129
[2023-04-17T23:42:12.665-0400][gc,metaspace] GC(906) Metaspace: 44230K(44928K)->44230K(44928K) NonClass: 39135K(39488K)->39135K(39488K) Class: 5095K(5440K)->5095K(5440K)
[2023-04-17T23:42:12.665-0400][gc          ] GC(906) Pause Young (Normal) (G1 Evacuation Pause) 402M->357M(1024M) 21.178ms
[2023-04-17T23:42:12.665-0400][gc,cpu      ] GC(906) User=0.02s Sys=0.03s Real=0.02s
[2023-04-17T23:43:39.689-0400][gc,start    ] GC(907) Pause Young (Normal) (G1 Evacuation Pause)
[2023-04-17T23:43:39.691-0400][gc,task     ] GC(907) Using 8 workers of 8 for evacuation
[2023-04-17T23:43:39.697-0400][gc,phases   ] GC(907)   Pre Evacuate Collection Set: 0.1ms
[2023-04-17T23:43:39.697-0400][gc,phases   ] GC(907)   Merge Heap Roots: 0.1ms
[2023-04-17T23:43:39.697-0400][gc,phases   ] GC(907)   Evacuate Collection Set: 4.3ms
[2023-04-17T23:43:39.697-0400][gc,phases   ] GC(907)   Post Evacuate Collection Set: 0.3ms
[2023-04-17T23:43:39.697-0400][gc,phases   ] GC(907)   Other: 0.1ms
[2023-04-17T23:43:39.697-0400][gc,heap     ] GC(907) Eden regions: 134->0(87)
[2023-04-17T23:43:39.697-0400][gc,heap     ] GC(907) Survivor regions: 3->5(18)
[2023-04-17T23:43:39.697-0400][gc,heap     ] GC(907) Old regions: 225->225
[2023-04-17T23:43:39.697-0400][gc,heap     ] GC(907) Archive regions: 2->2
[2023-04-17T23:43:39.697-0400][gc,heap     ] GC(907) Humongous regions: 129->129
[2023-04-17T23:43:39.697-0400][gc,metaspace] GC(907) Metaspace: 44230K(44928K)->44230K(44928K) NonClass: 39135K(39488K)->39135K(39488K) Class: 5095K(5440K)->5095K(5440K)
[2023-04-17T23:43:39.697-0400][gc          ] GC(907) Pause Young (Normal) (G1 Evacuation Pause) 491M->359M(1024M) 7.994ms
[2023-04-17T23:43:39.697-0400][gc,cpu      ] GC(907) User=0.03s Sys=0.00s Real=0.01s
[2023-04-17T23:44:35.477-0400][gc,start    ] GC(908) Pause Young (Normal) (G1 Evacuation Pause)
[2023-04-17T23:44:35.478-0400][gc,task     ] GC(908) Using 8 workers of 8 for evacuation
[2023-04-17T23:44:35.487-0400][gc,phases   ] GC(908)   Pre Evacuate Collection Set: 0.3ms
[2023-04-17T23:44:35.487-0400][gc,phases   ] GC(908)   Merge Heap Roots: 0.2ms
[2023-04-17T23:44:35.487-0400][gc,phases   ] GC(908)   Evacuate Collection Set: 7.9ms
[2023-04-17T23:44:35.487-0400][gc,phases   ] GC(908)   Post Evacuate Collection Set: 0.5ms
[2023-04-17T23:44:35.487-0400][gc,phases   ] GC(908)   Other: 0.3ms
[2023-04-17T23:44:35.487-0400][gc,heap     ] GC(908) Eden regions: 87->0(79)
[2023-04-17T23:44:35.487-0400][gc,heap     ] GC(908) Survivor regions: 5->6(12)
[2023-04-17T23:44:35.487-0400][gc,heap     ] GC(908) Old regions: 225->225
[2023-04-17T23:44:35.487-0400][gc,heap     ] GC(908) Archive regions: 2->2
[2023-04-17T23:44:35.487-0400][gc,heap     ] GC(908) Humongous regions: 129->129
[2023-04-17T23:44:35.487-0400][gc,metaspace] GC(908) Metaspace: 44230K(44928K)->44230K(44928K) NonClass: 39135K(39488K)->39135K(39488K) Class: 5095K(5440K)->5095K(5440K)
[2023-04-17T23:44:35.487-0400][gc          ] GC(908) Pause Young (Normal) (G1 Evacuation Pause) 446M->360M(1024M) 10.206ms
[2023-04-17T23:44:35.487-0400][gc,cpu      ] GC(908) User=0.05s Sys=0.00s Real=0.01s
[2023-04-17T23:45:25.893-0400][gc,start    ] GC(909) Pause Young (Normal) (G1 Evacuation Pause)
[2023-04-17T23:45:25.893-0400][gc,task     ] GC(909) Using 8 workers of 8 for evacuation
[2023-04-17T23:45:25.909-0400][gc,phases   ] GC(909)   Pre Evacuate Collection Set: 0.2ms
[2023-04-17T23:45:25.909-0400][gc,phases   ] GC(909)   Merge Heap Roots: 0.2ms
[2023-04-17T23:45:25.910-0400][gc,phases   ] GC(909)   Evacuate Collection Set: 15.3ms
[2023-04-17T23:45:25.910-0400][gc,phases   ] GC(909)   Post Evacuate Collection Set: 0.5ms
[2023-04-17T23:45:25.910-0400][gc,phases   ] GC(909)   Other: 0.2ms
[2023-04-17T23:45:25.910-0400][gc,heap     ] GC(909) Eden regions: 79->0(44)
[2023-04-17T23:45:25.910-0400][gc,heap     ] GC(909) Survivor regions: 6->7(11)
[2023-04-17T23:45:25.910-0400][gc,heap     ] GC(909) Old regions: 225->226
[2023-04-17T23:45:25.910-0400][gc,heap     ] GC(909) Archive regions: 2->2
[2023-04-17T23:45:25.910-0400][gc,heap     ] GC(909) Humongous regions: 129->129
[2023-04-17T23:45:25.910-0400][gc,metaspace] GC(909) Metaspace: 44230K(44928K)->44230K(44928K) NonClass: 39135K(39488K)->39135K(39488K) Class: 5095K(5440K)->5095K(5440K)
[2023-04-17T23:45:25.910-0400][gc          ] GC(909) Pause Young (Normal) (G1 Evacuation Pause) 439M->362M(1024M) 16.670ms
[2023-04-17T23:45:25.910-0400][gc,cpu      ] GC(909) User=0.05s Sys=0.02s Real=0.02s
[2023-04-17T23:45:54.124-0400][gc,start    ] GC(910) Pause Young (Normal) (G1 Evacuation Pause)
[2023-04-17T23:45:54.124-0400][gc,task     ] GC(910) Using 8 workers of 8 for evacuation
[2023-04-17T23:45:54.147-0400][gc,mmu      ] GC(910) MMU target violated: 21.0ms (20.0ms/21.0ms)
[2023-04-17T23:45:54.147-0400][gc,phases   ] GC(910)   Pre Evacuate Collection Set: 0.1ms
[2023-04-17T23:45:54.147-0400][gc,phases   ] GC(910)   Merge Heap Roots: 0.1ms
[2023-04-17T23:45:54.147-0400][gc,phases   ] GC(910)   Evacuate Collection Set: 22.2ms
[2023-04-17T23:45:54.147-0400][gc,phases   ] GC(910)   Post Evacuate Collection Set: 0.3ms
[2023-04-17T23:45:54.147-0400][gc,phases   ] GC(910)   Other: 0.1ms
[2023-04-17T23:45:54.147-0400][gc,heap     ] GC(910) Eden regions: 44->0(173)
[2023-04-17T23:45:54.147-0400][gc,heap     ] GC(910) Survivor regions: 7->4(7)
[2023-04-17T23:45:54.147-0400][gc,heap     ] GC(910) Old regions: 226->230
[2023-04-17T23:45:54.147-0400][gc,heap     ] GC(910) Archive regions: 2->2
[2023-04-17T23:45:54.147-0400][gc,heap     ] GC(910) Humongous regions: 129->129
[2023-04-17T23:45:54.147-0400][gc,metaspace] GC(910) Metaspace: 44230K(44928K)->44230K(44928K) NonClass: 39135K(39488K)->39135K(39488K) Class: 5095K(5440K)->5095K(5440K)
[2023-04-17T23:45:54.147-0400][gc          ] GC(910) Pause Young (Normal) (G1 Evacuation Pause) 406M->362M(1024M) 23.049ms
[2023-04-17T23:45:54.147-0400][gc,cpu      ] GC(910) User=0.03s Sys=0.02s Real=0.02s
[2023-04-17T23:47:44.072-0400][gc,start    ] GC(911) Pause Young (Normal) (G1 Evacuation Pause)
[2023-04-17T23:47:44.073-0400][gc,task     ] GC(911) Using 8 workers of 8 for evacuation
[2023-04-17T23:47:44.092-0400][gc,phases   ] GC(911)   Pre Evacuate Collection Set: 0.2ms
[2023-04-17T23:47:44.092-0400][gc,phases   ] GC(911)   Merge Heap Roots: 0.2ms
[2023-04-17T23:47:44.092-0400][gc,phases   ] GC(911)   Evacuate Collection Set: 18.5ms
[2023-04-17T23:47:44.092-0400][gc,phases   ] GC(911)   Post Evacuate Collection Set: 0.4ms
[2023-04-17T23:47:44.092-0400][gc,phases   ] GC(911)   Other: 0.2ms
[2023-04-17T23:47:44.092-0400][gc,heap     ] GC(911) Eden regions: 173->0(44)
[2023-04-17T23:47:44.092-0400][gc,heap     ] GC(911) Survivor regions: 4->7(23)
[2023-04-17T23:47:44.092-0400][gc,heap     ] GC(911) Old regions: 230->230
[2023-04-17T23:47:44.093-0400][gc,heap     ] GC(911) Archive regions: 2->2
[2023-04-17T23:47:44.093-0400][gc,heap     ] GC(911) Humongous regions: 129->129
[2023-04-17T23:47:44.093-0400][gc,metaspace] GC(911) Metaspace: 44230K(44928K)->44230K(44928K) NonClass: 39135K(39488K)->39135K(39488K) Class: 5095K(5440K)->5095K(5440K)
[2023-04-17T23:47:44.093-0400][gc          ] GC(911) Pause Young (Normal) (G1 Evacuation Pause) 535M->365M(1024M) 20.164ms
[2023-04-17T23:47:44.093-0400][gc,cpu      ] GC(911) User=0.05s Sys=0.06s Real=0.02s
[2023-04-17T23:48:12.292-0400][gc,start    ] GC(912) Pause Young (Normal) (G1 Evacuation Pause)
[2023-04-17T23:48:12.293-0400][gc,task     ] GC(912) Using 8 workers of 8 for evacuation
[2023-04-17T23:48:12.321-0400][gc,mmu      ] GC(912) MMU target violated: 21.0ms (20.0ms/21.0ms)
[2023-04-17T23:48:12.321-0400][gc,phases   ] GC(912)   Pre Evacuate Collection Set: 0.3ms
[2023-04-17T23:48:12.321-0400][gc,phases   ] GC(912)   Merge Heap Roots: 0.2ms
[2023-04-17T23:48:12.321-0400][gc,phases   ] GC(912)   Evacuate Collection Set: 27.1ms
[2023-04-17T23:48:12.321-0400][gc,phases   ] GC(912)   Post Evacuate Collection Set: 0.4ms
[2023-04-17T23:48:12.321-0400][gc,phases   ] GC(912)   Other: 0.3ms
[2023-04-17T23:48:12.321-0400][gc,heap     ] GC(912) Eden regions: 44->0(125)
[2023-04-17T23:48:12.321-0400][gc,heap     ] GC(912) Survivor regions: 7->4(7)
[2023-04-17T23:48:12.321-0400][gc,heap     ] GC(912) Old regions: 230->233
[2023-04-17T23:48:12.321-0400][gc,heap     ] GC(912) Archive regions: 2->2
[2023-04-17T23:48:12.321-0400][gc,heap     ] GC(912) Humongous regions: 129->129
[2023-04-17T23:48:12.321-0400][gc,metaspace] GC(912) Metaspace: 44230K(44928K)->44230K(44928K) NonClass: 39135K(39488K)->39135K(39488K) Class: 5095K(5440K)->5095K(5440K)
[2023-04-17T23:48:12.321-0400][gc          ] GC(912) Pause Young (Normal) (G1 Evacuation Pause) 409M->366M(1024M) 29.111ms
[2023-04-17T23:48:12.321-0400][gc,cpu      ] GC(912) User=0.05s Sys=0.05s Real=0.03s
[2023-04-17T23:49:33.229-0400][gc,start    ] GC(913) Pause Young (Normal) (G1 Evacuation Pause)
[2023-04-17T23:49:33.229-0400][gc,task     ] GC(913) Using 8 workers of 8 for evacuation
[2023-04-17T23:49:33.237-0400][gc,phases   ] GC(913)   Pre Evacuate Collection Set: 0.9ms
[2023-04-17T23:49:33.237-0400][gc,phases   ] GC(913)   Merge Heap Roots: 0.1ms
[2023-04-17T23:49:33.237-0400][gc,phases   ] GC(913)   Evacuate Collection Set: 5.3ms
[2023-04-17T23:49:33.237-0400][gc,phases   ] GC(913)   Post Evacuate Collection Set: 1.1ms
[2023-04-17T23:49:33.237-0400][gc,phases   ] GC(913)   Other: 0.2ms
[2023-04-17T23:49:33.237-0400][gc,heap     ] GC(913) Eden regions: 125->0(62)
[2023-04-17T23:49:33.237-0400][gc,heap     ] GC(913) Survivor regions: 4->6(17)
[2023-04-17T23:49:33.237-0400][gc,heap     ] GC(913) Old regions: 233->233
[2023-04-17T23:49:33.237-0400][gc,heap     ] GC(913) Archive regions: 2->2
[2023-04-17T23:49:33.237-0400][gc,heap     ] GC(913) Humongous regions: 129->129
[2023-04-17T23:49:33.237-0400][gc,metaspace] GC(913) Metaspace: 44230K(44928K)->44230K(44928K) NonClass: 39135K(39488K)->39135K(39488K) Class: 5095K(5440K)->5095K(5440K)
[2023-04-17T23:49:33.237-0400][gc          ] GC(913) Pause Young (Normal) (G1 Evacuation Pause) 491M->368M(1024M) 8.154ms
[2023-04-17T23:49:33.237-0400][gc,cpu      ] GC(913) User=0.03s Sys=0.01s Real=0.01s
[2023-04-17T23:50:13.204-0400][gc,start    ] GC(914) Pause Young (Normal) (G1 Evacuation Pause)
[2023-04-17T23:50:13.204-0400][gc,task     ] GC(914) Using 8 workers of 8 for evacuation
[2023-04-17T23:50:13.232-0400][gc,mmu      ] GC(914) MMU target violated: 21.0ms (20.0ms/21.0ms)
[2023-04-17T23:50:13.232-0400][gc,phases   ] GC(914)   Pre Evacuate Collection Set: 1.5ms
[2023-04-17T23:50:13.232-0400][gc,phases   ] GC(914)   Merge Heap Roots: 0.3ms
[2023-04-17T23:50:13.232-0400][gc,phases   ] GC(914)   Evacuate Collection Set: 25.6ms
[2023-04-17T23:50:13.232-0400][gc,phases   ] GC(914)   Post Evacuate Collection Set: 0.3ms
[2023-04-17T23:50:13.232-0400][gc,phases   ] GC(914)   Other: 0.3ms
[2023-04-17T23:50:13.232-0400][gc,heap     ] GC(914) Eden regions: 62->0(74)
[2023-04-17T23:50:13.232-0400][gc,heap     ] GC(914) Survivor regions: 6->5(9)
[2023-04-17T23:50:13.232-0400][gc,heap     ] GC(914) Old regions: 233->236
[2023-04-17T23:50:13.232-0400][gc,heap     ] GC(914) Archive regions: 2->2
[2023-04-17T23:50:13.232-0400][gc,heap     ] GC(914) Humongous regions: 129->129
[2023-04-17T23:50:13.232-0400][gc,metaspace] GC(914) Metaspace: 44230K(44928K)->44230K(44928K) NonClass: 39135K(39488K)->39135K(39488K) Class: 5095K(5440K)->5095K(5440K)
[2023-04-17T23:50:13.232-0400][gc          ] GC(914) Pause Young (Normal) (G1 Evacuation Pause) 430M->369M(1024M) 28.539ms
[2023-04-17T23:50:13.232-0400][gc,cpu      ] GC(914) User=0.04s Sys=0.04s Real=0.03s
[2023-04-17T23:51:00.528-0400][gc,start    ] GC(915) Pause Young (Normal) (G1 Evacuation Pause)
[2023-04-17T23:51:00.528-0400][gc,task     ] GC(915) Using 8 workers of 8 for evacuation
[2023-04-17T23:51:00.544-0400][gc,phases   ] GC(915)   Pre Evacuate Collection Set: 0.2ms
[2023-04-17T23:51:00.544-0400][gc,phases   ] GC(915)   Merge Heap Roots: 0.1ms
[2023-04-17T23:51:00.544-0400][gc,phases   ] GC(915)   Evacuate Collection Set: 15.2ms
[2023-04-17T23:51:00.544-0400][gc,phases   ] GC(915)   Post Evacuate Collection Set: 0.3ms
[2023-04-17T23:51:00.544-0400][gc,phases   ] GC(915)   Other: 0.1ms
[2023-04-17T23:51:00.544-0400][gc,heap     ] GC(915) Eden regions: 74->0(45)
[2023-04-17T23:51:00.544-0400][gc,heap     ] GC(915) Survivor regions: 5->6(10)
[2023-04-17T23:51:00.544-0400][gc,heap     ] GC(915) Old regions: 236->236
[2023-04-17T23:51:00.544-0400][gc,heap     ] GC(915) Archive regions: 2->2
[2023-04-17T23:51:00.544-0400][gc,heap     ] GC(915) Humongous regions: 129->129
[2023-04-17T23:51:00.544-0400][gc,metaspace] GC(915) Metaspace: 44230K(44928K)->44230K(44928K) NonClass: 39135K(39488K)->39135K(39488K) Class: 5095K(5440K)->5095K(5440K)
[2023-04-17T23:51:00.544-0400][gc          ] GC(915) Pause Young (Normal) (G1 Evacuation Pause) 443M->370M(1024M) 16.203ms
[2023-04-17T23:51:00.544-0400][gc,cpu      ] GC(915) User=0.02s Sys=0.04s Real=0.02s
[2023-04-17T23:51:28.932-0400][gc,start    ] GC(916) Pause Young (Normal) (G1 Evacuation Pause)
[2023-04-17T23:51:28.932-0400][gc,task     ] GC(916) Using 8 workers of 8 for evacuation
[2023-04-17T23:51:28.957-0400][gc,mmu      ] GC(916) MMU target violated: 21.0ms (20.0ms/21.0ms)
[2023-04-17T23:51:28.957-0400][gc,phases   ] GC(916)   Pre Evacuate Collection Set: 0.1ms
[2023-04-17T23:51:28.957-0400][gc,phases   ] GC(916)   Merge Heap Roots: 0.1ms
[2023-04-17T23:51:28.957-0400][gc,phases   ] GC(916)   Evacuate Collection Set: 23.8ms
[2023-04-17T23:51:28.957-0400][gc,phases   ] GC(916)   Post Evacuate Collection Set: 0.4ms
[2023-04-17T23:51:28.957-0400][gc,phases   ] GC(916)   Other: 0.3ms
[2023-04-17T23:51:28.957-0400][gc,heap     ] GC(916) Eden regions: 45->0(110)
[2023-04-17T23:51:28.957-0400][gc,heap     ] GC(916) Survivor regions: 6->4(7)
[2023-04-17T23:51:28.957-0400][gc,heap     ] GC(916) Old regions: 236->239
[2023-04-17T23:51:28.957-0400][gc,heap     ] GC(916) Archive regions: 2->2
[2023-04-17T23:51:28.957-0400][gc,heap     ] GC(916) Humongous regions: 129->129
[2023-04-17T23:51:28.957-0400][gc,metaspace] GC(916) Metaspace: 44230K(44928K)->44230K(44928K) NonClass: 39135K(39488K)->39135K(39488K) Class: 5095K(5440K)->5095K(5440K)
[2023-04-17T23:51:28.957-0400][gc          ] GC(916) Pause Young (Normal) (G1 Evacuation Pause) 415M->371M(1024M) 25.250ms
[2023-04-17T23:51:28.957-0400][gc,cpu      ] GC(916) User=0.03s Sys=0.03s Real=0.02s
[2023-04-17T23:52:39.466-0400][gc,start    ] GC(917) Pause Young (Normal) (G1 Evacuation Pause)
[2023-04-17T23:52:39.466-0400][gc,task     ] GC(917) Using 8 workers of 8 for evacuation
[2023-04-17T23:52:39.492-0400][gc,mmu      ] GC(917) MMU target violated: 21.0ms (20.0ms/21.0ms)
[2023-04-17T23:52:39.492-0400][gc,phases   ] GC(917)   Pre Evacuate Collection Set: 0.6ms
[2023-04-17T23:52:39.492-0400][gc,phases   ] GC(917)   Merge Heap Roots: 0.3ms
[2023-04-17T23:52:39.492-0400][gc,phases   ] GC(917)   Evacuate Collection Set: 24.1ms
[2023-04-17T23:52:39.492-0400][gc,phases   ] GC(917)   Post Evacuate Collection Set: 0.5ms
[2023-04-17T23:52:39.492-0400][gc,phases   ] GC(917)   Other: 0.4ms
[2023-04-17T23:52:39.492-0400][gc,heap     ] GC(917) Eden regions: 110->0(44)
[2023-04-17T23:52:39.492-0400][gc,heap     ] GC(917) Survivor regions: 4->7(15)
[2023-04-17T23:52:39.492-0400][gc,heap     ] GC(917) Old regions: 239->239
[2023-04-17T23:52:39.492-0400][gc,heap     ] GC(917) Archive regions: 2->2
[2023-04-17T23:52:39.492-0400][gc,heap     ] GC(917) Humongous regions: 129->129
[2023-04-17T23:52:39.492-0400][gc,metaspace] GC(917) Metaspace: 44230K(44928K)->44230K(44928K) NonClass: 39135K(39488K)->39135K(39488K) Class: 5095K(5440K)->5095K(5440K)
[2023-04-17T23:52:39.492-0400][gc          ] GC(917) Pause Young (Normal) (G1 Evacuation Pause) 481M->374M(1024M) 26.085ms
[2023-04-17T23:52:39.492-0400][gc,cpu      ] GC(917) User=0.05s Sys=0.08s Real=0.03s
[2023-04-17T23:53:07.605-0400][gc,start    ] GC(918) Pause Young (Normal) (G1 Evacuation Pause)
[2023-04-17T23:53:07.737-0400][gc,task     ] GC(918) Using 8 workers of 8 for evacuation
[2023-04-17T23:53:07.771-0400][gc,mmu      ] GC(918) MMU target violated: 21.0ms (20.0ms/21.0ms)
[2023-04-17T23:53:07.771-0400][gc,phases   ] GC(918)   Pre Evacuate Collection Set: 0.2ms
[2023-04-17T23:53:07.771-0400][gc,phases   ] GC(918)   Merge Heap Roots: 0.1ms
[2023-04-17T23:53:07.771-0400][gc,phases   ] GC(918)   Evacuate Collection Set: 33.4ms
[2023-04-17T23:53:07.771-0400][gc,phases   ] GC(918)   Post Evacuate Collection Set: 0.3ms
[2023-04-17T23:53:07.771-0400][gc,phases   ] GC(918)   Other: 0.2ms
[2023-04-17T23:53:07.771-0400][gc,heap     ] GC(918) Eden regions: 44->0(46)
[2023-04-17T23:53:07.771-0400][gc,heap     ] GC(918) Survivor regions: 7->5(7)
[2023-04-17T23:53:07.771-0400][gc,heap     ] GC(918) Old regions: 239->241
[2023-04-17T23:53:07.771-0400][gc,heap     ] GC(918) Archive regions: 2->2
[2023-04-17T23:53:07.771-0400][gc,heap     ] GC(918) Humongous regions: 129->129
[2023-04-17T23:53:07.771-0400][gc,metaspace] GC(918) Metaspace: 44230K(44928K)->44230K(44928K) NonClass: 39135K(39488K)->39135K(39488K) Class: 5095K(5440K)->5095K(5440K)
[2023-04-17T23:53:07.771-0400][gc          ] GC(918) Pause Young (Normal) (G1 Evacuation Pause) 418M->375M(1024M) 166.235ms
[2023-04-17T23:53:07.771-0400][gc,cpu      ] GC(918) User=0.02s Sys=0.03s Real=0.17s
[2023-04-17T23:53:37.244-0400][gc,start    ] GC(919) Pause Young (Normal) (G1 Evacuation Pause)
[2023-04-17T23:53:37.244-0400][gc,task     ] GC(919) Using 8 workers of 8 for evacuation
[2023-04-17T23:53:37.277-0400][gc,mmu      ] GC(919) MMU target violated: 21.0ms (20.0ms/21.0ms)
[2023-04-17T23:53:37.278-0400][gc,phases   ] GC(919)   Pre Evacuate Collection Set: 0.2ms
[2023-04-17T23:53:37.278-0400][gc,phases   ] GC(919)   Merge Heap Roots: 0.2ms
[2023-04-17T23:53:37.278-0400][gc,phases   ] GC(919)   Evacuate Collection Set: 32.4ms
[2023-04-17T23:53:37.278-0400][gc,phases   ] GC(919)   Post Evacuate Collection Set: 0.2ms
[2023-04-17T23:53:37.278-0400][gc,phases   ] GC(919)   Other: 0.7ms
[2023-04-17T23:53:37.278-0400][gc,heap     ] GC(919) Eden regions: 46->0(51)
[2023-04-17T23:53:37.278-0400][gc,heap     ] GC(919) Survivor regions: 5->3(7)
[2023-04-17T23:53:37.278-0400][gc,heap     ] GC(919) Old regions: 241->245
[2023-04-17T23:53:37.278-0400][gc,heap     ] GC(919) Archive regions: 2->2
[2023-04-17T23:53:37.278-0400][gc,heap     ] GC(919) Humongous regions: 129->129
[2023-04-17T23:53:37.278-0400][gc,metaspace] GC(919) Metaspace: 44230K(44928K)->44230K(44928K) NonClass: 39135K(39488K)->39135K(39488K) Class: 5095K(5440K)->5095K(5440K)
[2023-04-17T23:53:37.278-0400][gc          ] GC(919) Pause Young (Normal) (G1 Evacuation Pause) 421M->376M(1024M) 34.092ms
[2023-04-17T23:53:37.278-0400][gc,cpu      ] GC(919) User=0.04s Sys=0.06s Real=0.03s
[2023-04-17T23:54:09.993-0400][gc,start    ] GC(920) Pause Young (Normal) (G1 Evacuation Pause)
[2023-04-17T23:54:09.994-0400][gc,task     ] GC(920) Using 8 workers of 8 for evacuation
[2023-04-17T23:54:09.999-0400][gc,phases   ] GC(920)   Pre Evacuate Collection Set: 0.1ms
[2023-04-17T23:54:10.000-0400][gc,phases   ] GC(920)   Merge Heap Roots: 0.1ms
[2023-04-17T23:54:10.000-0400][gc,phases   ] GC(920)   Evacuate Collection Set: 3.3ms
[2023-04-17T23:54:10.000-0400][gc,phases   ] GC(920)   Post Evacuate Collection Set: 1.4ms
[2023-04-17T23:54:10.000-0400][gc,phases   ] GC(920)   Other: 0.7ms
[2023-04-17T23:54:10.000-0400][gc,heap     ] GC(920) Eden regions: 51->0(47)
[2023-04-17T23:54:10.000-0400][gc,heap     ] GC(920) Survivor regions: 3->4(7)
[2023-04-17T23:54:10.000-0400][gc,heap     ] GC(920) Old regions: 245->245
[2023-04-17T23:54:10.000-0400][gc,heap     ] GC(920) Archive regions: 2->2
[2023-04-17T23:54:10.000-0400][gc,heap     ] GC(920) Humongous regions: 129->129
[2023-04-17T23:54:10.000-0400][gc,metaspace] GC(920) Metaspace: 44230K(44928K)->44230K(44928K) NonClass: 39135K(39488K)->39135K(39488K) Class: 5095K(5440K)->5095K(5440K)
[2023-04-17T23:54:10.000-0400][gc          ] GC(920) Pause Young (Normal) (G1 Evacuation Pause) 427M->377M(1024M) 6.521ms
[2023-04-17T23:54:10.000-0400][gc,cpu      ] GC(920) User=0.02s Sys=0.00s Real=0.01s
[2023-04-17T23:54:40.176-0400][gc,start    ] GC(921) Pause Young (Normal) (G1 Evacuation Pause)
[2023-04-17T23:54:40.177-0400][gc,task     ] GC(921) Using 8 workers of 8 for evacuation
[2023-04-17T23:54:40.183-0400][gc,phases   ] GC(921)   Pre Evacuate Collection Set: 0.3ms
[2023-04-17T23:54:40.183-0400][gc,phases   ] GC(921)   Merge Heap Roots: 0.2ms
[2023-04-17T23:54:40.183-0400][gc,phases   ] GC(921)   Evacuate Collection Set: 5.2ms
[2023-04-17T23:54:40.183-0400][gc,phases   ] GC(921)   Post Evacuate Collection Set: 0.5ms
[2023-04-17T23:54:40.183-0400][gc,phases   ] GC(921)   Other: 0.1ms
[2023-04-17T23:54:40.183-0400][gc,heap     ] GC(921) Eden regions: 47->0(93)
[2023-04-17T23:54:40.183-0400][gc,heap     ] GC(921) Survivor regions: 4->4(7)
[2023-04-17T23:54:40.183-0400][gc,heap     ] GC(921) Old regions: 245->245
[2023-04-17T23:54:40.183-0400][gc,heap     ] GC(921) Archive regions: 2->2
[2023-04-17T23:54:40.183-0400][gc,heap     ] GC(921) Humongous regions: 129->129
[2023-04-17T23:54:40.183-0400][gc,metaspace] GC(921) Metaspace: 44230K(44928K)->44230K(44928K) NonClass: 39135K(39488K)->39135K(39488K) Class: 5095K(5440K)->5095K(5440K)
[2023-04-17T23:54:40.183-0400][gc          ] GC(921) Pause Young (Normal) (G1 Evacuation Pause) 424M->378M(1024M) 6.684ms
[2023-04-17T23:54:40.183-0400][gc,cpu      ] GC(921) User=0.04s Sys=0.01s Real=0.01s
[2023-04-17T23:55:42.850-0400][gc,start    ] GC(922) Pause Young (Normal) (G1 Evacuation Pause)
[2023-04-17T23:55:42.851-0400][gc,task     ] GC(922) Using 8 workers of 8 for evacuation
[2023-04-17T23:55:42.859-0400][gc,phases   ] GC(922)   Pre Evacuate Collection Set: 0.3ms
[2023-04-17T23:55:42.859-0400][gc,phases   ] GC(922)   Merge Heap Roots: 0.2ms
[2023-04-17T23:55:42.859-0400][gc,phases   ] GC(922)   Evacuate Collection Set: 6.9ms
[2023-04-17T23:55:42.859-0400][gc,phases   ] GC(922)   Post Evacuate Collection Set: 0.5ms
[2023-04-17T23:55:42.859-0400][gc,phases   ] GC(922)   Other: 0.3ms
[2023-04-17T23:55:42.859-0400][gc,heap     ] GC(922) Eden regions: 93->0(45)
[2023-04-17T23:55:42.859-0400][gc,heap     ] GC(922) Survivor regions: 4->6(13)
[2023-04-17T23:55:42.859-0400][gc,heap     ] GC(922) Old regions: 245->245
[2023-04-17T23:55:42.859-0400][gc,heap     ] GC(922) Archive regions: 2->2
[2023-04-17T23:55:42.859-0400][gc,heap     ] GC(922) Humongous regions: 129->129
[2023-04-17T23:55:42.859-0400][gc,metaspace] GC(922) Metaspace: 44230K(44928K)->44230K(44928K) NonClass: 39135K(39488K)->39135K(39488K) Class: 5095K(5440K)->5095K(5440K)
[2023-04-17T23:55:42.859-0400][gc          ] GC(922) Pause Young (Normal) (G1 Evacuation Pause) 471M->379M(1024M) 9.044ms
[2023-04-17T23:55:42.860-0400][gc,cpu      ] GC(922) User=0.05s Sys=0.00s Real=0.01s
[2023-04-17T23:56:12.975-0400][gc,start    ] GC(923) Pause Young (Normal) (G1 Evacuation Pause)
[2023-04-17T23:56:12.976-0400][gc,task     ] GC(923) Using 8 workers of 8 for evacuation
[2023-04-17T23:56:13.002-0400][gc,mmu      ] GC(923) MMU target violated: 21.0ms (20.0ms/21.0ms)
[2023-04-17T23:56:13.002-0400][gc,phases   ] GC(923)   Pre Evacuate Collection Set: 0.2ms
[2023-04-17T23:56:13.002-0400][gc,phases   ] GC(923)   Merge Heap Roots: 0.1ms
[2023-04-17T23:56:13.002-0400][gc,phases   ] GC(923)   Evacuate Collection Set: 25.8ms
[2023-04-17T23:56:13.002-0400][gc,phases   ] GC(923)   Post Evacuate Collection Set: 0.3ms
[2023-04-17T23:56:13.002-0400][gc,phases   ] GC(923)   Other: 0.2ms
[2023-04-17T23:56:13.002-0400][gc,heap     ] GC(923) Eden regions: 45->0(46)
[2023-04-17T23:56:13.002-0400][gc,heap     ] GC(923) Survivor regions: 6->5(7)
[2023-04-17T23:56:13.002-0400][gc,heap     ] GC(923) Old regions: 245->247
[2023-04-17T23:56:13.002-0400][gc,heap     ] GC(923) Archive regions: 2->2
[2023-04-17T23:56:13.002-0400][gc,heap     ] GC(923) Humongous regions: 129->129
[2023-04-17T23:56:13.002-0400][gc,metaspace] GC(923) Metaspace: 44230K(44928K)->44230K(44928K) NonClass: 39135K(39488K)->39135K(39488K) Class: 5095K(5440K)->5095K(5440K)
[2023-04-17T23:56:13.003-0400][gc          ] GC(923) Pause Young (Normal) (G1 Evacuation Pause) 424M->380M(1024M) 27.465ms
[2023-04-17T23:56:13.003-0400][gc,cpu      ] GC(923) User=0.04s Sys=0.03s Real=0.03s
[2023-04-17T23:56:43.396-0400][gc,start    ] GC(924) Pause Young (Normal) (G1 Evacuation Pause)
[2023-04-17T23:56:43.398-0400][gc,task     ] GC(924) Using 8 workers of 8 for evacuation
[2023-04-17T23:56:43.409-0400][gc,phases   ] GC(924)   Pre Evacuate Collection Set: 0.3ms
[2023-04-17T23:56:43.409-0400][gc,phases   ] GC(924)   Merge Heap Roots: 0.3ms
[2023-04-17T23:56:43.409-0400][gc,phases   ] GC(924)   Evacuate Collection Set: 9.6ms
[2023-04-17T23:56:43.409-0400][gc,phases   ] GC(924)   Post Evacuate Collection Set: 0.4ms
[2023-04-17T23:56:43.409-0400][gc,phases   ] GC(924)   Other: 0.9ms
[2023-04-17T23:56:43.409-0400][gc,heap     ] GC(924) Eden regions: 46->0(85)
[2023-04-17T23:56:43.409-0400][gc,heap     ] GC(924) Survivor regions: 5->5(7)
[2023-04-17T23:56:43.409-0400][gc,heap     ] GC(924) Old regions: 247->248
[2023-04-17T23:56:43.409-0400][gc,heap     ] GC(924) Archive regions: 2->2
[2023-04-17T23:56:43.409-0400][gc,heap     ] GC(924) Humongous regions: 129->129
[2023-04-17T23:56:43.409-0400][gc,metaspace] GC(924) Metaspace: 44230K(44928K)->44230K(44928K) NonClass: 39135K(39488K)->39135K(39488K) Class: 5095K(5440K)->5095K(5440K)
[2023-04-17T23:56:43.409-0400][gc          ] GC(924) Pause Young (Normal) (G1 Evacuation Pause) 426M->381M(1024M) 13.926ms
[2023-04-17T23:56:43.410-0400][gc,cpu      ] GC(924) User=0.04s Sys=0.02s Real=0.02s
[2023-04-17T23:57:40.359-0400][gc,start    ] GC(925) Pause Young (Normal) (G1 Evacuation Pause)
[2023-04-17T23:57:40.359-0400][gc,task     ] GC(925) Using 8 workers of 8 for evacuation
[2023-04-17T23:57:40.368-0400][gc,phases   ] GC(925)   Pre Evacuate Collection Set: 0.2ms
[2023-04-17T23:57:40.368-0400][gc,phases   ] GC(925)   Merge Heap Roots: 0.3ms
[2023-04-17T23:57:40.368-0400][gc,phases   ] GC(925)   Evacuate Collection Set: 7.6ms
[2023-04-17T23:57:40.368-0400][gc,phases   ] GC(925)   Post Evacuate Collection Set: 0.6ms
[2023-04-17T23:57:40.368-0400][gc,phases   ] GC(925)   Other: 0.2ms
[2023-04-17T23:57:40.368-0400][gc,heap     ] GC(925) Eden regions: 85->0(83)
[2023-04-17T23:57:40.368-0400][gc,heap     ] GC(925) Survivor regions: 5->6(12)
[2023-04-17T23:57:40.368-0400][gc,heap     ] GC(925) Old regions: 248->248
[2023-04-17T23:57:40.368-0400][gc,heap     ] GC(925) Archive regions: 2->2
[2023-04-17T23:57:40.368-0400][gc,heap     ] GC(925) Humongous regions: 129->129
[2023-04-17T23:57:40.368-0400][gc,metaspace] GC(925) Metaspace: 44230K(44928K)->44230K(44928K) NonClass: 39135K(39488K)->39135K(39488K) Class: 5095K(5440K)->5095K(5440K)
[2023-04-17T23:57:40.368-0400][gc          ] GC(925) Pause Young (Normal) (G1 Evacuation Pause) 466M->383M(1024M) 9.271ms
[2023-04-17T23:57:40.368-0400][gc,cpu      ] GC(925) User=0.06s Sys=0.00s Real=0.01s
[2023-04-17T23:58:36.410-0400][gc,start    ] GC(926) Pause Young (Normal) (G1 Evacuation Pause)
[2023-04-17T23:58:36.410-0400][gc,task     ] GC(926) Using 8 workers of 8 for evacuation
[2023-04-17T23:58:36.417-0400][gc,phases   ] GC(926)   Pre Evacuate Collection Set: 0.2ms
[2023-04-17T23:58:36.417-0400][gc,phases   ] GC(926)   Merge Heap Roots: 0.1ms
[2023-04-17T23:58:36.417-0400][gc,phases   ] GC(926)   Evacuate Collection Set: 5.9ms
[2023-04-17T23:58:36.417-0400][gc,phases   ] GC(926)   Post Evacuate Collection Set: 0.3ms
[2023-04-17T23:58:36.417-0400][gc,phases   ] GC(926)   Other: 0.1ms
[2023-04-17T23:58:36.417-0400][gc,heap     ] GC(926) Eden regions: 83->0(65)
[2023-04-17T23:58:36.417-0400][gc,heap     ] GC(926) Survivor regions: 6->8(12)
[2023-04-17T23:58:36.417-0400][gc,heap     ] GC(926) Old regions: 248->248
[2023-04-17T23:58:36.417-0400][gc,heap     ] GC(926) Archive regions: 2->2
[2023-04-17T23:58:36.417-0400][gc,heap     ] GC(926) Humongous regions: 129->129
[2023-04-17T23:58:36.417-0400][gc,metaspace] GC(926) Metaspace: 44230K(44928K)->44230K(44928K) NonClass: 39135K(39488K)->39135K(39488K) Class: 5095K(5440K)->5095K(5440K)
[2023-04-17T23:58:36.417-0400][gc          ] GC(926) Pause Young (Normal) (G1 Evacuation Pause) 466M->384M(1024M) 6.925ms
[2023-04-17T23:58:36.417-0400][gc,cpu      ] GC(926) User=0.04s Sys=0.00s Real=0.00s
[2023-04-17T23:59:20.085-0400][gc,start    ] GC(927) Pause Young (Normal) (G1 Evacuation Pause)
[2023-04-17T23:59:20.085-0400][gc,task     ] GC(927) Using 8 workers of 8 for evacuation
[2023-04-17T23:59:20.116-0400][gc,mmu      ] GC(927) MMU target violated: 21.0ms (20.0ms/21.0ms)
[2023-04-17T23:59:20.116-0400][gc,phases   ] GC(927)   Pre Evacuate Collection Set: 0.3ms
[2023-04-17T23:59:20.116-0400][gc,phases   ] GC(927)   Merge Heap Roots: 0.2ms
[2023-04-17T23:59:20.116-0400][gc,phases   ] GC(927)   Evacuate Collection Set: 30.4ms
[2023-04-17T23:59:20.116-0400][gc,phases   ] GC(927)   Post Evacuate Collection Set: 0.4ms
[2023-04-17T23:59:20.116-0400][gc,phases   ] GC(927)   Other: 0.2ms
[2023-04-17T23:59:20.117-0400][gc,heap     ] GC(927) Eden regions: 65->0(60)
[2023-04-17T23:59:20.117-0400][gc,heap     ] GC(927) Survivor regions: 8->6(10)
[2023-04-17T23:59:20.117-0400][gc,heap     ] GC(927) Old regions: 248->250
[2023-04-17T23:59:20.117-0400][gc,heap     ] GC(927) Archive regions: 2->2
[2023-04-17T23:59:20.117-0400][gc,heap     ] GC(927) Humongous regions: 129->129
[2023-04-17T23:59:20.117-0400][gc,metaspace] GC(927) Metaspace: 44230K(44928K)->44230K(44928K) NonClass: 39135K(39488K)->39135K(39488K) Class: 5095K(5440K)->5095K(5440K)
[2023-04-17T23:59:20.117-0400][gc          ] GC(927) Pause Young (Normal) (G1 Evacuation Pause) 449M->385M(1024M) 31.879ms
[2023-04-17T23:59:20.117-0400][gc,cpu      ] GC(927) User=0.06s Sys=0.04s Real=0.03s
[2023-04-18T00:00:01.769-0400][gc,start    ] GC(928) Pause Young (Normal) (G1 Evacuation Pause)
[2023-04-18T00:00:01.772-0400][gc,task     ] GC(928) Using 8 workers of 8 for evacuation
[2023-04-18T00:00:01.789-0400][gc,phases   ] GC(928)   Pre Evacuate Collection Set: 0.1ms
[2023-04-18T00:00:01.789-0400][gc,phases   ] GC(928)   Merge Heap Roots: 0.1ms
[2023-04-18T00:00:01.789-0400][gc,phases   ] GC(928)   Evacuate Collection Set: 13.8ms
[2023-04-18T00:00:01.789-0400][gc,phases   ] GC(928)   Post Evacuate Collection Set: 2.8ms
[2023-04-18T00:00:01.789-0400][gc,phases   ] GC(928)   Other: 0.2ms
[2023-04-18T00:00:01.789-0400][gc,heap     ] GC(928) Eden regions: 60->0(78)
[2023-04-18T00:00:01.789-0400][gc,heap     ] GC(928) Survivor regions: 6->6(9)
[2023-04-18T00:00:01.789-0400][gc,heap     ] GC(928) Old regions: 250->252
[2023-04-18T00:00:01.789-0400][gc,heap     ] GC(928) Archive regions: 2->2
[2023-04-18T00:00:01.789-0400][gc,heap     ] GC(928) Humongous regions: 129->129
[2023-04-18T00:00:01.789-0400][gc,metaspace] GC(928) Metaspace: 44230K(44928K)->44230K(44928K) NonClass: 39135K(39488K)->39135K(39488K) Class: 5095K(5440K)->5095K(5440K)
[2023-04-18T00:00:01.789-0400][gc          ] GC(928) Pause Young (Normal) (G1 Evacuation Pause) 445M->386M(1024M) 19.290ms
[2023-04-18T00:00:01.789-0400][gc,cpu      ] GC(928) User=0.02s Sys=0.01s Real=0.02s
[2023-04-18T00:00:55.938-0400][gc,start    ] GC(929) Pause Young (Normal) (G1 Evacuation Pause)
[2023-04-18T00:00:55.938-0400][gc,task     ] GC(929) Using 8 workers of 8 for evacuation
[2023-04-18T00:00:55.946-0400][gc,phases   ] GC(929)   Pre Evacuate Collection Set: 0.2ms
[2023-04-18T00:00:55.946-0400][gc,phases   ] GC(929)   Merge Heap Roots: 0.2ms
[2023-04-18T00:00:55.946-0400][gc,phases   ] GC(929)   Evacuate Collection Set: 6.4ms
[2023-04-18T00:00:55.946-0400][gc,phases   ] GC(929)   Post Evacuate Collection Set: 0.4ms
[2023-04-18T00:00:55.946-0400][gc,phases   ] GC(929)   Other: 0.2ms
[2023-04-18T00:00:55.946-0400][gc,heap     ] GC(929) Eden regions: 78->0(68)
[2023-04-18T00:00:55.946-0400][gc,heap     ] GC(929) Survivor regions: 6->7(11)
[2023-04-18T00:00:55.946-0400][gc,heap     ] GC(929) Old regions: 252->252
[2023-04-18T00:00:55.946-0400][gc,heap     ] GC(929) Archive regions: 2->2
[2023-04-18T00:00:55.946-0400][gc,heap     ] GC(929) Humongous regions: 129->129
[2023-04-18T00:00:55.946-0400][gc,metaspace] GC(929) Metaspace: 44230K(44928K)->44230K(44928K) NonClass: 39135K(39488K)->39135K(39488K) Class: 5095K(5440K)->5095K(5440K)
[2023-04-18T00:00:55.946-0400][gc          ] GC(929) Pause Young (Normal) (G1 Evacuation Pause) 464M->388M(1024M) 8.018ms
[2023-04-18T00:00:55.946-0400][gc,cpu      ] GC(929) User=0.05s Sys=0.01s Real=0.01s
[2023-04-18T00:01:41.890-0400][gc,start    ] GC(930) Pause Young (Normal) (G1 Evacuation Pause)
[2023-04-18T00:01:41.891-0400][gc,task     ] GC(930) Using 8 workers of 8 for evacuation
[2023-04-18T00:01:41.913-0400][gc,mmu      ] GC(930) MMU target violated: 21.0ms (20.0ms/21.0ms)
[2023-04-18T00:01:41.913-0400][gc,phases   ] GC(930)   Pre Evacuate Collection Set: 0.2ms
[2023-04-18T00:01:41.913-0400][gc,phases   ] GC(930)   Merge Heap Roots: 0.2ms
[2023-04-18T00:01:41.913-0400][gc,phases   ] GC(930)   Evacuate Collection Set: 21.3ms
[2023-04-18T00:01:41.913-0400][gc,phases   ] GC(930)   Post Evacuate Collection Set: 0.3ms
[2023-04-18T00:01:41.913-0400][gc,phases   ] GC(930)   Other: 0.2ms
[2023-04-18T00:01:41.913-0400][gc,heap     ] GC(930) Eden regions: 68->0(99)
[2023-04-18T00:01:41.913-0400][gc,heap     ] GC(930) Survivor regions: 7->6(10)
[2023-04-18T00:01:41.913-0400][gc,heap     ] GC(930) Old regions: 252->254
[2023-04-18T00:01:41.913-0400][gc,heap     ] GC(930) Archive regions: 2->2
[2023-04-18T00:01:41.913-0400][gc,heap     ] GC(930) Humongous regions: 129->129
[2023-04-18T00:01:41.913-0400][gc,metaspace] GC(930) Metaspace: 44230K(44928K)->44230K(44928K) NonClass: 39135K(39488K)->39135K(39488K) Class: 5095K(5440K)->5095K(5440K)
[2023-04-18T00:01:41.913-0400][gc          ] GC(930) Pause Young (Normal) (G1 Evacuation Pause) 456M->389M(1024M) 23.473ms
[2023-04-18T00:01:41.913-0400][gc,cpu      ] GC(930) User=0.06s Sys=0.04s Real=0.02s
[2023-04-18T00:02:47.412-0400][gc,start    ] GC(931) Pause Young (Normal) (G1 Evacuation Pause)
[2023-04-18T00:02:47.412-0400][gc,task     ] GC(931) Using 8 workers of 8 for evacuation
[2023-04-18T00:02:47.419-0400][gc,phases   ] GC(931)   Pre Evacuate Collection Set: 0.2ms
[2023-04-18T00:02:47.419-0400][gc,phases   ] GC(931)   Merge Heap Roots: 0.1ms
[2023-04-18T00:02:47.419-0400][gc,phases   ] GC(931)   Evacuate Collection Set: 6.5ms
[2023-04-18T00:02:47.419-0400][gc,phases   ] GC(931)   Post Evacuate Collection Set: 0.4ms
[2023-04-18T00:02:47.419-0400][gc,phases   ] GC(931)   Other: 0.1ms
[2023-04-18T00:02:47.419-0400][gc,heap     ] GC(931) Eden regions: 99->0(178)
[2023-04-18T00:02:47.419-0400][gc,heap     ] GC(931) Survivor regions: 6->6(14)
[2023-04-18T00:02:47.419-0400][gc,heap     ] GC(931) Old regions: 254->254
[2023-04-18T00:02:47.419-0400][gc,heap     ] GC(931) Archive regions: 2->2
[2023-04-18T00:02:47.419-0400][gc,heap     ] GC(931) Humongous regions: 129->129
[2023-04-18T00:02:47.419-0400][gc,metaspace] GC(931) Metaspace: 44230K(44928K)->44230K(44928K) NonClass: 39135K(39488K)->39135K(39488K) Class: 5095K(5440K)->5095K(5440K)
[2023-04-18T00:02:47.419-0400][gc          ] GC(931) Pause Young (Normal) (G1 Evacuation Pause) 488M->389M(1024M) 7.532ms
[2023-04-18T00:02:47.419-0400][gc,cpu      ] GC(931) User=0.04s Sys=0.00s Real=0.00s
[2023-04-18T00:04:46.787-0400][gc,start    ] GC(932) Pause Young (Normal) (G1 Evacuation Pause)
[2023-04-18T00:04:46.788-0400][gc,task     ] GC(932) Using 8 workers of 8 for evacuation
[2023-04-18T00:04:46.814-0400][gc,mmu      ] GC(932) MMU target violated: 21.0ms (20.0ms/21.0ms)
[2023-04-18T00:04:46.814-0400][gc,phases   ] GC(932)   Pre Evacuate Collection Set: 1.7ms
[2023-04-18T00:04:46.815-0400][gc,phases   ] GC(932)   Merge Heap Roots: 0.1ms
[2023-04-18T00:04:46.815-0400][gc,phases   ] GC(932)   Evacuate Collection Set: 23.8ms
[2023-04-18T00:04:46.815-0400][gc,phases   ] GC(932)   Post Evacuate Collection Set: 0.9ms
[2023-04-18T00:04:46.815-0400][gc,phases   ] GC(932)   Other: 0.2ms
[2023-04-18T00:04:46.815-0400][gc,heap     ] GC(932) Eden regions: 178->0(42)
[2023-04-18T00:04:46.815-0400][gc,heap     ] GC(932) Survivor regions: 6->9(23)
[2023-04-18T00:04:46.815-0400][gc,heap     ] GC(932) Old regions: 254->254
[2023-04-18T00:04:46.815-0400][gc,heap     ] GC(932) Archive regions: 2->2
[2023-04-18T00:04:46.815-0400][gc,heap     ] GC(932) Humongous regions: 129->129
[2023-04-18T00:04:46.815-0400][gc,metaspace] GC(932) Metaspace: 44230K(44928K)->44230K(44928K) NonClass: 39135K(39488K)->39135K(39488K) Class: 5095K(5440K)->5095K(5440K)
[2023-04-18T00:04:46.815-0400][gc          ] GC(932) Pause Young (Normal) (G1 Evacuation Pause) 567M->392M(1024M) 27.464ms
[2023-04-18T00:04:46.815-0400][gc,cpu      ] GC(932) User=0.05s Sys=0.07s Real=0.03s
[2023-04-18T00:05:12.845-0400][gc,start    ] GC(933) Pause Young (Normal) (G1 Evacuation Pause)
[2023-04-18T00:05:12.846-0400][gc,task     ] GC(933) Using 8 workers of 8 for evacuation
[2023-04-18T00:05:12.873-0400][gc,mmu      ] GC(933) MMU target violated: 21.0ms (20.0ms/21.0ms)
[2023-04-18T00:05:12.873-0400][gc,phases   ] GC(933)   Pre Evacuate Collection Set: 0.9ms
[2023-04-18T00:05:12.873-0400][gc,phases   ] GC(933)   Merge Heap Roots: 0.0ms
[2023-04-18T00:05:12.873-0400][gc,phases   ] GC(933)   Evacuate Collection Set: 24.9ms
[2023-04-18T00:05:12.873-0400][gc,phases   ] GC(933)   Post Evacuate Collection Set: 1.2ms
[2023-04-18T00:05:12.873-0400][gc,phases   ] GC(933)   Other: 0.1ms
[2023-04-18T00:05:12.873-0400][gc,heap     ] GC(933) Eden regions: 42->0(126)
[2023-04-18T00:05:12.873-0400][gc,heap     ] GC(933) Survivor regions: 9->5(7)
[2023-04-18T00:05:12.873-0400][gc,heap     ] GC(933) Old regions: 254->259
[2023-04-18T00:05:12.873-0400][gc,heap     ] GC(933) Archive regions: 2->2
[2023-04-18T00:05:12.873-0400][gc,heap     ] GC(933) Humongous regions: 129->129
[2023-04-18T00:05:12.873-0400][gc,metaspace] GC(933) Metaspace: 44230K(44928K)->44230K(44928K) NonClass: 39135K(39488K)->39135K(39488K) Class: 5095K(5440K)->5095K(5440K)
[2023-04-18T00:05:12.873-0400][gc          ] GC(933) Pause Young (Normal) (G1 Evacuation Pause) 434M->392M(1024M) 28.724ms
[2023-04-18T00:05:12.873-0400][gc,cpu      ] GC(933) User=0.03s Sys=0.03s Real=0.03s
[2023-04-18T00:06:36.172-0400][gc,start    ] GC(934) Pause Young (Normal) (G1 Evacuation Pause)
[2023-04-18T00:06:36.172-0400][gc,task     ] GC(934) Using 8 workers of 8 for evacuation
[2023-04-18T00:06:36.182-0400][gc,phases   ] GC(934)   Pre Evacuate Collection Set: 0.3ms
[2023-04-18T00:06:36.182-0400][gc,phases   ] GC(934)   Merge Heap Roots: 0.2ms
[2023-04-18T00:06:36.182-0400][gc,phases   ] GC(934)   Evacuate Collection Set: 7.5ms
[2023-04-18T00:06:36.182-0400][gc,phases   ] GC(934)   Post Evacuate Collection Set: 0.5ms
[2023-04-18T00:06:36.182-0400][gc,phases   ] GC(934)   Other: 1.0ms
[2023-04-18T00:06:36.182-0400][gc,heap     ] GC(934) Eden regions: 126->0(84)
[2023-04-18T00:06:36.182-0400][gc,heap     ] GC(934) Survivor regions: 5->7(17)
[2023-04-18T00:06:36.182-0400][gc,heap     ] GC(934) Old regions: 259->259
[2023-04-18T00:06:36.182-0400][gc,heap     ] GC(934) Archive regions: 2->2
[2023-04-18T00:06:36.182-0400][gc,heap     ] GC(934) Humongous regions: 129->129
[2023-04-18T00:06:36.182-0400][gc,metaspace] GC(934) Metaspace: 44230K(44928K)->44230K(44928K) NonClass: 39135K(39488K)->39135K(39488K) Class: 5095K(5440K)->5095K(5440K)
[2023-04-18T00:06:36.182-0400][gc          ] GC(934) Pause Young (Normal) (G1 Evacuation Pause) 518M->394M(1024M) 10.303ms
[2023-04-18T00:06:36.182-0400][gc,cpu      ] GC(934) User=0.06s Sys=0.00s Real=0.01s
[2023-04-18T00:07:30.506-0400][gc,start    ] GC(935) Pause Young (Normal) (G1 Evacuation Pause)
[2023-04-18T00:07:30.508-0400][gc,task     ] GC(935) Using 8 workers of 8 for evacuation
[2023-04-18T00:07:30.531-0400][gc,mmu      ] GC(935) MMU target violated: 21.0ms (20.0ms/21.0ms)
[2023-04-18T00:07:30.531-0400][gc,phases   ] GC(935)   Pre Evacuate Collection Set: 2.4ms
[2023-04-18T00:07:30.531-0400][gc,phases   ] GC(935)   Merge Heap Roots: 0.1ms
[2023-04-18T00:07:30.531-0400][gc,phases   ] GC(935)   Evacuate Collection Set: 19.4ms
[2023-04-18T00:07:30.531-0400][gc,phases   ] GC(935)   Post Evacuate Collection Set: 0.5ms
[2023-04-18T00:07:30.531-0400][gc,phases   ] GC(935)   Other: 0.2ms
[2023-04-18T00:07:30.531-0400][gc,heap     ] GC(935) Eden regions: 84->0(43)
[2023-04-18T00:07:30.531-0400][gc,heap     ] GC(935) Survivor regions: 7->8(12)
[2023-04-18T00:07:30.531-0400][gc,heap     ] GC(935) Old regions: 259->259
[2023-04-18T00:07:30.531-0400][gc,heap     ] GC(935) Archive regions: 2->2
[2023-04-18T00:07:30.531-0400][gc,heap     ] GC(935) Humongous regions: 129->129
[2023-04-18T00:07:30.531-0400][gc,metaspace] GC(935) Metaspace: 44230K(44928K)->44230K(44928K) NonClass: 39135K(39488K)->39135K(39488K) Class: 5095K(5440K)->5095K(5440K)
[2023-04-18T00:07:30.531-0400][gc          ] GC(935) Pause Young (Normal) (G1 Evacuation Pause) 478M->396M(1024M) 24.692ms
[2023-04-18T00:07:30.531-0400][gc,cpu      ] GC(935) User=0.04s Sys=0.07s Real=0.03s
[2023-04-18T00:07:58.175-0400][gc,start    ] GC(936) Pause Young (Normal) (G1 Evacuation Pause)
[2023-04-18T00:07:58.175-0400][gc,task     ] GC(936) Using 8 workers of 8 for evacuation
[2023-04-18T00:07:58.200-0400][gc,mmu      ] GC(936) MMU target violated: 21.0ms (20.0ms/21.0ms)
[2023-04-18T00:07:58.200-0400][gc,phases   ] GC(936)   Pre Evacuate Collection Set: 0.8ms
[2023-04-18T00:07:58.200-0400][gc,phases   ] GC(936)   Merge Heap Roots: 0.1ms
[2023-04-18T00:07:58.200-0400][gc,phases   ] GC(936)   Evacuate Collection Set: 22.1ms
[2023-04-18T00:07:58.200-0400][gc,phases   ] GC(936)   Post Evacuate Collection Set: 0.3ms
[2023-04-18T00:07:58.200-0400][gc,phases   ] GC(936)   Other: 1.5ms
[2023-04-18T00:07:58.200-0400][gc,heap     ] GC(936) Eden regions: 43->0(142)
[2023-04-18T00:07:58.200-0400][gc,heap     ] GC(936) Survivor regions: 8->5(7)
[2023-04-18T00:07:58.200-0400][gc,heap     ] GC(936) Old regions: 259->262
[2023-04-18T00:07:58.200-0400][gc,heap     ] GC(936) Archive regions: 2->2
[2023-04-18T00:07:58.200-0400][gc,heap     ] GC(936) Humongous regions: 129->129
[2023-04-18T00:07:58.200-0400][gc,metaspace] GC(936) Metaspace: 44230K(44928K)->44230K(44928K) NonClass: 39135K(39488K)->39135K(39488K) Class: 5095K(5440K)->5095K(5440K)
[2023-04-18T00:07:58.200-0400][gc          ] GC(936) Pause Young (Normal) (G1 Evacuation Pause) 439M->396M(1024M) 25.002ms
[2023-04-18T00:07:58.200-0400][gc,cpu      ] GC(936) User=0.04s Sys=0.03s Real=0.03s
[2023-04-18T00:09:30.769-0400][gc,start    ] GC(937) Pause Young (Normal) (G1 Evacuation Pause)
[2023-04-18T00:09:30.769-0400][gc,task     ] GC(937) Using 8 workers of 8 for evacuation
[2023-04-18T00:09:30.787-0400][gc,phases   ] GC(937)   Pre Evacuate Collection Set: 0.5ms
[2023-04-18T00:09:30.787-0400][gc,phases   ] GC(937)   Merge Heap Roots: 0.1ms
[2023-04-18T00:09:30.787-0400][gc,phases   ] GC(937)   Evacuate Collection Set: 16.9ms
[2023-04-18T00:09:30.787-0400][gc,phases   ] GC(937)   Post Evacuate Collection Set: 0.4ms
[2023-04-18T00:09:30.787-0400][gc,phases   ] GC(937)   Other: 0.1ms
[2023-04-18T00:09:30.787-0400][gc,heap     ] GC(937) Eden regions: 142->0(44)
[2023-04-18T00:09:30.787-0400][gc,heap     ] GC(937) Survivor regions: 5->7(19)
[2023-04-18T00:09:30.787-0400][gc,heap     ] GC(937) Old regions: 262->262
[2023-04-18T00:09:30.787-0400][gc,heap     ] GC(937) Archive regions: 2->2
[2023-04-18T00:09:30.787-0400][gc,heap     ] GC(937) Humongous regions: 129->129
[2023-04-18T00:09:30.787-0400][gc,metaspace] GC(937) Metaspace: 44230K(44928K)->44230K(44928K) NonClass: 39135K(39488K)->39135K(39488K) Class: 5095K(5440K)->5095K(5440K)
[2023-04-18T00:09:30.787-0400][gc          ] GC(937) Pause Young (Normal) (G1 Evacuation Pause) 538M->398M(1024M) 18.335ms
[2023-04-18T00:09:30.787-0400][gc,cpu      ] GC(937) User=0.03s Sys=0.05s Real=0.02s
[2023-04-18T00:09:59.107-0400][gc,start    ] GC(938) Pause Young (Normal) (G1 Evacuation Pause)
[2023-04-18T00:09:59.107-0400][gc,task     ] GC(938) Using 8 workers of 8 for evacuation
[2023-04-18T00:09:59.127-0400][gc,mmu      ] GC(938) MMU target violated: 20.3ms (20.0ms/21.0ms)
[2023-04-18T00:09:59.128-0400][gc,phases   ] GC(938)   Pre Evacuate Collection Set: 0.2ms
[2023-04-18T00:09:59.128-0400][gc,phases   ] GC(938)   Merge Heap Roots: 0.1ms
[2023-04-18T00:09:59.128-0400][gc,phases   ] GC(938)   Evacuate Collection Set: 19.7ms
[2023-04-18T00:09:59.128-0400][gc,phases   ] GC(938)   Post Evacuate Collection Set: 0.3ms
[2023-04-18T00:09:59.128-0400][gc,phases   ] GC(938)   Other: 0.1ms
[2023-04-18T00:09:59.128-0400][gc,heap     ] GC(938) Eden regions: 44->0(138)
[2023-04-18T00:09:59.128-0400][gc,heap     ] GC(938) Survivor regions: 7->5(7)
[2023-04-18T00:09:59.128-0400][gc,heap     ] GC(938) Old regions: 262->265
[2023-04-18T00:09:59.128-0400][gc,heap     ] GC(938) Archive regions: 2->2
[2023-04-18T00:09:59.128-0400][gc,heap     ] GC(938) Humongous regions: 129->129
[2023-04-18T00:09:59.128-0400][gc,metaspace] GC(938) Metaspace: 44230K(44928K)->44230K(44928K) NonClass: 39135K(39488K)->39135K(39488K) Class: 5095K(5440K)->5095K(5440K)
[2023-04-18T00:09:59.128-0400][gc          ] GC(938) Pause Young (Normal) (G1 Evacuation Pause) 442M->399M(1024M) 20.664ms
[2023-04-18T00:09:59.128-0400][gc,cpu      ] GC(938) User=0.03s Sys=0.03s Real=0.02s
[2023-04-18T00:11:26.664-0400][gc,start    ] GC(939) Pause Young (Normal) (G1 Evacuation Pause)
[2023-04-18T00:11:26.664-0400][gc,task     ] GC(939) Using 8 workers of 8 for evacuation
[2023-04-18T00:11:26.668-0400][gc,phases   ] GC(939)   Pre Evacuate Collection Set: 0.1ms
[2023-04-18T00:11:26.668-0400][gc,phases   ] GC(939)   Merge Heap Roots: 0.1ms
[2023-04-18T00:11:26.668-0400][gc,phases   ] GC(939)   Evacuate Collection Set: 3.5ms
[2023-04-18T00:11:26.668-0400][gc,phases   ] GC(939)   Post Evacuate Collection Set: 0.4ms
[2023-04-18T00:11:26.668-0400][gc,phases   ] GC(939)   Other: 0.1ms
[2023-04-18T00:11:26.668-0400][gc,heap     ] GC(939) Eden regions: 138->0(99)
[2023-04-18T00:11:26.668-0400][gc,heap     ] GC(939) Survivor regions: 5->7(18)
[2023-04-18T00:11:26.668-0400][gc,heap     ] GC(939) Old regions: 265->265
[2023-04-18T00:11:26.668-0400][gc,heap     ] GC(939) Archive regions: 2->2
[2023-04-18T00:11:26.668-0400][gc,heap     ] GC(939) Humongous regions: 129->129
[2023-04-18T00:11:26.668-0400][gc,metaspace] GC(939) Metaspace: 44230K(44928K)->44230K(44928K) NonClass: 39135K(39488K)->39135K(39488K) Class: 5095K(5440K)->5095K(5440K)
[2023-04-18T00:11:26.668-0400][gc          ] GC(939) Pause Young (Normal) (G1 Evacuation Pause) 537M->401M(1024M) 4.582ms
[2023-04-18T00:11:26.668-0400][gc,cpu      ] GC(939) User=0.02s Sys=0.01s Real=0.00s
[2023-04-18T00:12:30.041-0400][gc,start    ] GC(940) Pause Young (Normal) (G1 Evacuation Pause)
[2023-04-18T00:12:30.042-0400][gc,task     ] GC(940) Using 8 workers of 8 for evacuation
[2023-04-18T00:12:30.199-0400][gc,mmu      ] GC(940) MMU target violated: 21.0ms (20.0ms/21.0ms)
[2023-04-18T00:12:30.199-0400][gc,phases   ] GC(940)   Pre Evacuate Collection Set: 1.6ms
[2023-04-18T00:12:30.199-0400][gc,phases   ] GC(940)   Merge Heap Roots: 0.5ms
[2023-04-18T00:12:30.199-0400][gc,phases   ] GC(940)   Evacuate Collection Set: 149.6ms
[2023-04-18T00:12:30.199-0400][gc,phases   ] GC(940)   Post Evacuate Collection Set: 4.7ms
[2023-04-18T00:12:30.199-0400][gc,phases   ] GC(940)   Other: 0.9ms
[2023-04-18T00:12:30.199-0400][gc,heap     ] GC(940) Eden regions: 99->0(42)
[2023-04-18T00:12:30.199-0400][gc,heap     ] GC(940) Survivor regions: 7->9(14)
[2023-04-18T00:12:30.199-0400][gc,heap     ] GC(940) Old regions: 265->265
[2023-04-18T00:12:30.199-0400][gc,heap     ] GC(940) Archive regions: 2->2
[2023-04-18T00:12:30.200-0400][gc,heap     ] GC(940) Humongous regions: 129->129
[2023-04-18T00:12:30.200-0400][gc,metaspace] GC(940) Metaspace: 44230K(44928K)->44230K(44928K) NonClass: 39135K(39488K)->39135K(39488K) Class: 5095K(5440K)->5095K(5440K)
[2023-04-18T00:12:30.200-0400][gc          ] GC(940) Pause Young (Normal) (G1 Evacuation Pause) 500M->402M(1024M) 158.671ms
[2023-04-18T00:12:30.200-0400][gc,cpu      ] GC(940) User=0.07s Sys=0.06s Real=0.16s
[2023-04-18T00:12:59.021-0400][gc,start    ] GC(941) Pause Young (Normal) (G1 Evacuation Pause)
[2023-04-18T00:12:59.022-0400][gc,task     ] GC(941) Using 8 workers of 8 for evacuation
[2023-04-18T00:12:59.114-0400][gc,mmu      ] GC(941) MMU target violated: 21.0ms (20.0ms/21.0ms)
[2023-04-18T00:12:59.114-0400][gc,phases   ] GC(941)   Pre Evacuate Collection Set: 1.2ms
[2023-04-18T00:12:59.114-0400][gc,phases   ] GC(941)   Merge Heap Roots: 0.4ms
[2023-04-18T00:12:59.115-0400][gc,phases   ] GC(941)   Evacuate Collection Set: 86.9ms
[2023-04-18T00:12:59.115-0400][gc,phases   ] GC(941)   Post Evacuate Collection Set: 2.6ms
[2023-04-18T00:12:59.115-0400][gc,phases   ] GC(941)   Other: 1.1ms
[2023-04-18T00:12:59.115-0400][gc,heap     ] GC(941) Eden regions: 42->0(47)
[2023-04-18T00:12:59.115-0400][gc,heap     ] GC(941) Survivor regions: 9->4(7)
[2023-04-18T00:12:59.115-0400][gc,heap     ] GC(941) Old regions: 265->271
[2023-04-18T00:12:59.115-0400][gc,heap     ] GC(941) Archive regions: 2->2
[2023-04-18T00:12:59.115-0400][gc,heap     ] GC(941) Humongous regions: 129->129
[2023-04-18T00:12:59.115-0400][gc,metaspace] GC(941) Metaspace: 44230K(44928K)->44230K(44928K) NonClass: 39135K(39488K)->39135K(39488K) Class: 5095K(5440K)->5095K(5440K)
[2023-04-18T00:12:59.115-0400][gc          ] GC(941) Pause Young (Normal) (G1 Evacuation Pause) 444M->404M(1024M) 93.663ms
[2023-04-18T00:12:59.115-0400][gc,cpu      ] GC(941) User=0.09s Sys=0.15s Real=0.09s
[2023-04-18T00:13:32.541-0400][gc,start    ] GC(942) Pause Young (Normal) (G1 Evacuation Pause)
[2023-04-18T00:13:32.541-0400][gc,task     ] GC(942) Using 8 workers of 8 for evacuation
[2023-04-18T00:13:32.553-0400][gc,phases   ] GC(942)   Pre Evacuate Collection Set: 0.3ms
[2023-04-18T00:13:32.553-0400][gc,phases   ] GC(942)   Merge Heap Roots: 1.5ms
[2023-04-18T00:13:32.553-0400][gc,phases   ] GC(942)   Evacuate Collection Set: 8.3ms
[2023-04-18T00:13:32.553-0400][gc,phases   ] GC(942)   Post Evacuate Collection Set: 1.1ms
[2023-04-18T00:13:32.553-0400][gc,phases   ] GC(942)   Other: 0.2ms
[2023-04-18T00:13:32.553-0400][gc,heap     ] GC(942) Eden regions: 47->0(47)
[2023-04-18T00:13:32.553-0400][gc,heap     ] GC(942) Survivor regions: 4->4(7)
[2023-04-18T00:13:32.553-0400][gc,heap     ] GC(942) Old regions: 271->271
[2023-04-18T00:13:32.553-0400][gc,heap     ] GC(942) Archive regions: 2->2
[2023-04-18T00:13:32.553-0400][gc,heap     ] GC(942) Humongous regions: 129->129
[2023-04-18T00:13:32.553-0400][gc,metaspace] GC(942) Metaspace: 44230K(44928K)->44230K(44928K) NonClass: 39135K(39488K)->39135K(39488K) Class: 5095K(5440K)->5095K(5440K)
[2023-04-18T00:13:32.553-0400][gc          ] GC(942) Pause Young (Normal) (G1 Evacuation Pause) 451M->404M(1024M) 12.214ms
[2023-04-18T00:13:32.553-0400][gc,cpu      ] GC(942) User=0.04s Sys=0.01s Real=0.01s
[2023-04-18T00:14:05.884-0400][gc,start    ] GC(943) Pause Young (Normal) (G1 Evacuation Pause)
[2023-04-18T00:14:05.884-0400][gc,task     ] GC(943) Using 8 workers of 8 for evacuation
[2023-04-18T00:14:05.894-0400][gc,phases   ] GC(943)   Pre Evacuate Collection Set: 0.3ms
[2023-04-18T00:14:05.894-0400][gc,phases   ] GC(943)   Merge Heap Roots: 0.1ms
[2023-04-18T00:14:05.894-0400][gc,phases   ] GC(943)   Evacuate Collection Set: 7.8ms
[2023-04-18T00:14:05.894-0400][gc,phases   ] GC(943)   Post Evacuate Collection Set: 1.1ms
[2023-04-18T00:14:05.894-0400][gc,phases   ] GC(943)   Other: 0.2ms
[2023-04-18T00:14:05.894-0400][gc,heap     ] GC(943) Eden regions: 47->0(46)
[2023-04-18T00:14:05.894-0400][gc,heap     ] GC(943) Survivor regions: 4->5(7)
[2023-04-18T00:14:05.894-0400][gc,heap     ] GC(943) Old regions: 271->271
[2023-04-18T00:14:05.894-0400][gc,heap     ] GC(943) Archive regions: 2->2
[2023-04-18T00:14:05.894-0400][gc,heap     ] GC(943) Humongous regions: 129->129
[2023-04-18T00:14:05.894-0400][gc,metaspace] GC(943) Metaspace: 44230K(44928K)->44230K(44928K) NonClass: 39135K(39488K)->39135K(39488K) Class: 5095K(5440K)->5095K(5440K)
[2023-04-18T00:14:05.895-0400][gc          ] GC(943) Pause Young (Normal) (G1 Evacuation Pause) 451M->405M(1024M) 10.528ms
[2023-04-18T00:14:05.895-0400][gc,cpu      ] GC(943) User=0.05s Sys=0.01s Real=0.01s
[2023-04-18T00:14:41.288-0400][gc,start    ] GC(944) Pause Young (Normal) (G1 Evacuation Pause)
[2023-04-18T00:14:41.289-0400][gc,task     ] GC(944) Using 8 workers of 8 for evacuation
[2023-04-18T00:14:41.323-0400][gc,mmu      ] GC(944) MMU target violated: 21.0ms (20.0ms/21.0ms)
[2023-04-18T00:14:41.323-0400][gc,phases   ] GC(944)   Pre Evacuate Collection Set: 0.7ms
[2023-04-18T00:14:41.323-0400][gc,phases   ] GC(944)   Merge Heap Roots: 0.6ms
[2023-04-18T00:14:41.323-0400][gc,phases   ] GC(944)   Evacuate Collection Set: 30.9ms
[2023-04-18T00:14:41.323-0400][gc,phases   ] GC(944)   Post Evacuate Collection Set: 1.3ms
[2023-04-18T00:14:41.324-0400][gc,phases   ] GC(944)   Other: 0.6ms
[2023-04-18T00:14:41.324-0400][gc,heap     ] GC(944) Eden regions: 46->0(48)
[2023-04-18T00:14:41.324-0400][gc,heap     ] GC(944) Survivor regions: 5->3(7)
[2023-04-18T00:14:41.324-0400][gc,heap     ] GC(944) Old regions: 271->273
[2023-04-18T00:14:41.324-0400][gc,heap     ] GC(944) Archive regions: 2->2
[2023-04-18T00:14:41.324-0400][gc,heap     ] GC(944) Humongous regions: 129->129
[2023-04-18T00:14:41.324-0400][gc,metaspace] GC(944) Metaspace: 44230K(44928K)->44230K(44928K) NonClass: 39135K(39488K)->39135K(39488K) Class: 5095K(5440K)->5095K(5440K)
[2023-04-18T00:14:41.324-0400][gc          ] GC(944) Pause Young (Normal) (G1 Evacuation Pause) 451M->405M(1024M) 36.274ms
[2023-04-18T00:14:41.324-0400][gc,cpu      ] GC(944) User=0.06s Sys=0.05s Real=0.04s
[2023-04-18T00:15:16.207-0400][gc,start    ] GC(945) Pause Young (Normal) (G1 Evacuation Pause)
[2023-04-18T00:15:16.207-0400][gc,task     ] GC(945) Using 8 workers of 8 for evacuation
[2023-04-18T00:15:16.222-0400][gc,phases   ] GC(945)   Pre Evacuate Collection Set: 1.3ms
[2023-04-18T00:15:16.222-0400][gc,phases   ] GC(945)   Merge Heap Roots: 0.2ms
[2023-04-18T00:15:16.222-0400][gc,phases   ] GC(945)   Evacuate Collection Set: 11.9ms
[2023-04-18T00:15:16.222-0400][gc,phases   ] GC(945)   Post Evacuate Collection Set: 0.8ms
[2023-04-18T00:15:16.222-0400][gc,phases   ] GC(945)   Other: 0.3ms
[2023-04-18T00:15:16.222-0400][gc,heap     ] GC(945) Eden regions: 48->0(47)
[2023-04-18T00:15:16.222-0400][gc,heap     ] GC(945) Survivor regions: 3->4(7)
[2023-04-18T00:15:16.222-0400][gc,heap     ] GC(945) Old regions: 273->273
[2023-04-18T00:15:16.222-0400][gc,heap     ] GC(945) Archive regions: 2->2
[2023-04-18T00:15:16.222-0400][gc,heap     ] GC(945) Humongous regions: 129->129
[2023-04-18T00:15:16.222-0400][gc,metaspace] GC(945) Metaspace: 44230K(44928K)->44230K(44928K) NonClass: 39135K(39488K)->39135K(39488K) Class: 5095K(5440K)->5095K(5440K)
[2023-04-18T00:15:16.222-0400][gc          ] GC(945) Pause Young (Normal) (G1 Evacuation Pause) 453M->406M(1024M) 15.953ms
[2023-04-18T00:15:16.223-0400][gc,cpu      ] GC(945) User=0.05s Sys=0.01s Real=0.02s
[2023-04-18T00:15:50.394-0400][gc,start    ] GC(946) Pause Young (Normal) (G1 Evacuation Pause)
[2023-04-18T00:15:50.411-0400][gc,task     ] GC(946) Using 8 workers of 8 for evacuation
[2023-04-18T00:15:50.428-0400][gc,phases   ] GC(946)   Pre Evacuate Collection Set: 0.3ms
[2023-04-18T00:15:50.433-0400][gc,phases   ] GC(946)   Merge Heap Roots: 0.2ms
[2023-04-18T00:15:50.433-0400][gc,phases   ] GC(946)   Evacuate Collection Set: 13.3ms
[2023-04-18T00:15:50.433-0400][gc,phases   ] GC(946)   Post Evacuate Collection Set: 0.7ms
[2023-04-18T00:15:50.433-0400][gc,phases   ] GC(946)   Other: 2.1ms
[2023-04-18T00:15:50.433-0400][gc,heap     ] GC(946) Eden regions: 47->0(46)
[2023-04-18T00:15:50.433-0400][gc,heap     ] GC(946) Survivor regions: 4->5(7)
[2023-04-18T00:15:50.434-0400][gc,heap     ] GC(946) Old regions: 273->273
[2023-04-18T00:15:50.435-0400][gc,heap     ] GC(946) Archive regions: 2->2
[2023-04-18T00:15:50.435-0400][gc,heap     ] GC(946) Humongous regions: 129->129
[2023-04-18T00:15:50.435-0400][gc,metaspace] GC(946) Metaspace: 44230K(44928K)->44230K(44928K) NonClass: 39135K(39488K)->39135K(39488K) Class: 5095K(5440K)->5095K(5440K)
[2023-04-18T00:15:50.435-0400][gc          ] GC(946) Pause Young (Normal) (G1 Evacuation Pause) 453M->406M(1024M) 41.509ms
[2023-04-18T00:15:50.456-0400][gc,cpu      ] GC(946) User=0.05s Sys=0.01s Real=0.06s
[2023-04-18T00:16:22.840-0400][gc,start    ] GC(947) Pause Young (Normal) (G1 Evacuation Pause)
[2023-04-18T00:16:22.840-0400][gc,task     ] GC(947) Using 8 workers of 8 for evacuation
[2023-04-18T00:16:22.863-0400][gc,mmu      ] GC(947) MMU target violated: 21.0ms (20.0ms/21.0ms)
[2023-04-18T00:16:22.863-0400][gc,phases   ] GC(947)   Pre Evacuate Collection Set: 0.4ms
[2023-04-18T00:16:22.863-0400][gc,phases   ] GC(947)   Merge Heap Roots: 0.2ms
[2023-04-18T00:16:22.863-0400][gc,phases   ] GC(947)   Evacuate Collection Set: 21.3ms
[2023-04-18T00:16:22.863-0400][gc,phases   ] GC(947)   Post Evacuate Collection Set: 0.6ms
[2023-04-18T00:16:22.863-0400][gc,phases   ] GC(947)   Other: 0.3ms
[2023-04-18T00:16:22.863-0400][gc,heap     ] GC(947) Eden regions: 46->0(47)
[2023-04-18T00:16:22.863-0400][gc,heap     ] GC(947) Survivor regions: 5->4(7)
[2023-04-18T00:16:22.863-0400][gc,heap     ] GC(947) Old regions: 273->274
[2023-04-18T00:16:22.863-0400][gc,heap     ] GC(947) Archive regions: 2->2
[2023-04-18T00:16:22.863-0400][gc,heap     ] GC(947) Humongous regions: 129->129
[2023-04-18T00:16:22.863-0400][gc,metaspace] GC(947) Metaspace: 44230K(44928K)->44230K(44928K) NonClass: 39135K(39488K)->39135K(39488K) Class: 5095K(5440K)->5095K(5440K)
[2023-04-18T00:16:22.863-0400][gc          ] GC(947) Pause Young (Normal) (G1 Evacuation Pause) 452M->406M(1024M) 23.629ms
[2023-04-18T00:16:22.863-0400][gc,cpu      ] GC(947) User=0.04s Sys=0.03s Real=0.02s
[2023-04-18T00:16:54.797-0400][gc,start    ] GC(948) Pause Young (Normal) (G1 Evacuation Pause)
[2023-04-18T00:16:54.797-0400][gc,task     ] GC(948) Using 8 workers of 8 for evacuation
[2023-04-18T00:16:54.809-0400][gc,phases   ] GC(948)   Pre Evacuate Collection Set: 0.2ms
[2023-04-18T00:16:54.809-0400][gc,phases   ] GC(948)   Merge Heap Roots: 0.2ms
[2023-04-18T00:16:54.809-0400][gc,phases   ] GC(948)   Evacuate Collection Set: 9.8ms
[2023-04-18T00:16:54.809-0400][gc,phases   ] GC(948)   Post Evacuate Collection Set: 0.4ms
[2023-04-18T00:16:54.809-0400][gc,phases   ] GC(948)   Other: 1.4ms
[2023-04-18T00:16:54.809-0400][gc,heap     ] GC(948) Eden regions: 47->0(46)
[2023-04-18T00:16:54.810-0400][gc,heap     ] GC(948) Survivor regions: 4->5(7)
[2023-04-18T00:16:54.810-0400][gc,heap     ] GC(948) Old regions: 274->274
[2023-04-18T00:16:54.810-0400][gc,heap     ] GC(948) Archive regions: 2->2
[2023-04-18T00:16:54.810-0400][gc,heap     ] GC(948) Humongous regions: 129->129
[2023-04-18T00:16:54.810-0400][gc,metaspace] GC(948) Metaspace: 44230K(44928K)->44230K(44928K) NonClass: 39135K(39488K)->39135K(39488K) Class: 5095K(5440K)->5095K(5440K)
[2023-04-18T00:16:54.810-0400][gc          ] GC(948) Pause Young (Normal) (G1 Evacuation Pause) 453M->407M(1024M) 12.321ms
[2023-04-18T00:16:54.810-0400][gc,cpu      ] GC(948) User=0.03s Sys=0.00s Real=0.02s
[2023-04-18T00:17:25.737-0400][gc,start    ] GC(949) Pause Young (Normal) (G1 Evacuation Pause)
[2023-04-18T00:17:25.737-0400][gc,task     ] GC(949) Using 8 workers of 8 for evacuation
[2023-04-18T00:17:25.763-0400][gc,mmu      ] GC(949) MMU target violated: 21.0ms (20.0ms/21.0ms)
[2023-04-18T00:17:25.763-0400][gc,phases   ] GC(949)   Pre Evacuate Collection Set: 0.2ms
[2023-04-18T00:17:25.763-0400][gc,phases   ] GC(949)   Merge Heap Roots: 0.2ms
[2023-04-18T00:17:25.763-0400][gc,phases   ] GC(949)   Evacuate Collection Set: 24.6ms
[2023-04-18T00:17:25.763-0400][gc,phases   ] GC(949)   Post Evacuate Collection Set: 0.9ms
[2023-04-18T00:17:25.763-0400][gc,phases   ] GC(949)   Other: 0.3ms
[2023-04-18T00:17:25.764-0400][gc,heap     ] GC(949) Eden regions: 46->0(46)
[2023-04-18T00:17:25.764-0400][gc,heap     ] GC(949) Survivor regions: 5->5(7)
[2023-04-18T00:17:25.764-0400][gc,heap     ] GC(949) Old regions: 274->275
[2023-04-18T00:17:25.764-0400][gc,heap     ] GC(949) Archive regions: 2->2
[2023-04-18T00:17:25.764-0400][gc,heap     ] GC(949) Humongous regions: 129->129
[2023-04-18T00:17:25.764-0400][gc,metaspace] GC(949) Metaspace: 44230K(44928K)->44230K(44928K) NonClass: 39135K(39488K)->39135K(39488K) Class: 5095K(5440K)->5095K(5440K)
[2023-04-18T00:17:25.764-0400][gc          ] GC(949) Pause Young (Normal) (G1 Evacuation Pause) 453M->408M(1024M) 26.756ms
[2023-04-18T00:17:25.764-0400][gc,cpu      ] GC(949) User=0.05s Sys=0.03s Real=0.03s
[2023-04-18T00:17:57.127-0400][gc,start    ] GC(950) Pause Young (Normal) (G1 Evacuation Pause)
[2023-04-18T00:17:57.127-0400][gc,task     ] GC(950) Using 8 workers of 8 for evacuation
[2023-04-18T00:17:57.146-0400][gc,phases   ] GC(950)   Pre Evacuate Collection Set: 0.3ms
[2023-04-18T00:17:57.146-0400][gc,phases   ] GC(950)   Merge Heap Roots: 0.2ms
[2023-04-18T00:17:57.146-0400][gc,phases   ] GC(950)   Evacuate Collection Set: 14.5ms
[2023-04-18T00:17:57.146-0400][gc,phases   ] GC(950)   Post Evacuate Collection Set: 1.6ms
[2023-04-18T00:17:57.146-0400][gc,phases   ] GC(950)   Other: 2.2ms
[2023-04-18T00:17:57.146-0400][gc,heap     ] GC(950) Eden regions: 46->0(46)
[2023-04-18T00:17:57.146-0400][gc,heap     ] GC(950) Survivor regions: 5->5(7)
[2023-04-18T00:17:57.146-0400][gc,heap     ] GC(950) Old regions: 275->275
[2023-04-18T00:17:57.146-0400][gc,heap     ] GC(950) Archive regions: 2->2
[2023-04-18T00:17:57.146-0400][gc,heap     ] GC(950) Humongous regions: 129->129
[2023-04-18T00:17:57.146-0400][gc,metaspace] GC(950) Metaspace: 44230K(44928K)->44230K(44928K) NonClass: 39135K(39488K)->39135K(39488K) Class: 5095K(5440K)->5095K(5440K)
[2023-04-18T00:17:57.147-0400][gc          ] GC(950) Pause Young (Normal) (G1 Evacuation Pause) 454M->409M(1024M) 19.385ms
[2023-04-18T00:17:57.147-0400][gc,cpu      ] GC(950) User=0.05s Sys=0.01s Real=0.02s
[2023-04-18T00:18:30.395-0400][gc,start    ] GC(951) Pause Young (Normal) (G1 Evacuation Pause)
[2023-04-18T00:18:30.395-0400][gc,task     ] GC(951) Using 8 workers of 8 for evacuation
[2023-04-18T00:18:30.413-0400][gc,phases   ] GC(951)   Pre Evacuate Collection Set: 0.2ms
[2023-04-18T00:18:30.413-0400][gc,phases   ] GC(951)   Merge Heap Roots: 0.2ms
[2023-04-18T00:18:30.413-0400][gc,phases   ] GC(951)   Evacuate Collection Set: 16.8ms
[2023-04-18T00:18:30.413-0400][gc,phases   ] GC(951)   Post Evacuate Collection Set: 0.6ms
[2023-04-18T00:18:30.413-0400][gc,phases   ] GC(951)   Other: 0.2ms
[2023-04-18T00:18:30.414-0400][gc,heap     ] GC(951) Eden regions: 46->0(46)
[2023-04-18T00:18:30.414-0400][gc,heap     ] GC(951) Survivor regions: 5->5(7)
[2023-04-18T00:18:30.414-0400][gc,heap     ] GC(951) Old regions: 275->276
[2023-04-18T00:18:30.414-0400][gc,heap     ] GC(951) Archive regions: 2->2
[2023-04-18T00:18:30.414-0400][gc,heap     ] GC(951) Humongous regions: 129->129
[2023-04-18T00:18:30.414-0400][gc,metaspace] GC(951) Metaspace: 44230K(44928K)->44230K(44928K) NonClass: 39135K(39488K)->39135K(39488K) Class: 5095K(5440K)->5095K(5440K)
[2023-04-18T00:18:30.414-0400][gc          ] GC(951) Pause Young (Normal) (G1 Evacuation Pause) 455M->410M(1024M) 19.038ms
[2023-04-18T00:18:30.414-0400][gc,cpu      ] GC(951) User=0.06s Sys=0.03s Real=0.02s
[2023-04-18T00:19:04.339-0400][gc,start    ] GC(952) Pause Young (Normal) (G1 Evacuation Pause)
[2023-04-18T00:19:04.339-0400][gc,task     ] GC(952) Using 8 workers of 8 for evacuation
[2023-04-18T00:19:04.355-0400][gc,phases   ] GC(952)   Pre Evacuate Collection Set: 0.2ms
[2023-04-18T00:19:04.355-0400][gc,phases   ] GC(952)   Merge Heap Roots: 0.2ms
[2023-04-18T00:19:04.355-0400][gc,phases   ] GC(952)   Evacuate Collection Set: 13.9ms
[2023-04-18T00:19:04.355-0400][gc,phases   ] GC(952)   Post Evacuate Collection Set: 1.1ms
[2023-04-18T00:19:04.355-0400][gc,phases   ] GC(952)   Other: 0.3ms
[2023-04-18T00:19:04.355-0400][gc,heap     ] GC(952) Eden regions: 46->0(46)
[2023-04-18T00:19:04.355-0400][gc,heap     ] GC(952) Survivor regions: 5->5(7)
[2023-04-18T00:19:04.355-0400][gc,heap     ] GC(952) Old regions: 276->277
[2023-04-18T00:19:04.355-0400][gc,heap     ] GC(952) Archive regions: 2->2
[2023-04-18T00:19:04.355-0400][gc,heap     ] GC(952) Humongous regions: 129->129
[2023-04-18T00:19:04.355-0400][gc,metaspace] GC(952) Metaspace: 44230K(44928K)->44230K(44928K) NonClass: 39135K(39488K)->39135K(39488K) Class: 5095K(5440K)->5095K(5440K)
[2023-04-18T00:19:04.356-0400][gc          ] GC(952) Pause Young (Normal) (G1 Evacuation Pause) 456M->411M(1024M) 16.917ms
[2023-04-18T00:19:04.356-0400][gc,cpu      ] GC(952) User=0.06s Sys=0.01s Real=0.02s
[2023-04-18T00:19:41.276-0400][gc,start    ] GC(953) Pause Young (Normal) (G1 Evacuation Pause)
[2023-04-18T00:19:41.277-0400][gc,task     ] GC(953) Using 8 workers of 8 for evacuation
[2023-04-18T00:19:41.296-0400][gc,phases   ] GC(953)   Pre Evacuate Collection Set: 0.4ms
[2023-04-18T00:19:41.296-0400][gc,phases   ] GC(953)   Merge Heap Roots: 0.2ms
[2023-04-18T00:19:41.296-0400][gc,phases   ] GC(953)   Evacuate Collection Set: 17.1ms
[2023-04-18T00:19:41.296-0400][gc,phases   ] GC(953)   Post Evacuate Collection Set: 0.7ms
[2023-04-18T00:19:41.296-0400][gc,phases   ] GC(953)   Other: 0.2ms
[2023-04-18T00:19:41.296-0400][gc,heap     ] GC(953) Eden regions: 46->0(47)
[2023-04-18T00:19:41.296-0400][gc,heap     ] GC(953) Survivor regions: 5->5(7)
[2023-04-18T00:19:41.296-0400][gc,heap     ] GC(953) Old regions: 277->278
[2023-04-18T00:19:41.296-0400][gc,heap     ] GC(953) Archive regions: 2->2
[2023-04-18T00:19:41.296-0400][gc,heap     ] GC(953) Humongous regions: 129->129
[2023-04-18T00:19:41.296-0400][gc,metaspace] GC(953) Metaspace: 44230K(44928K)->44230K(44928K) NonClass: 39135K(39488K)->39135K(39488K) Class: 5095K(5440K)->5095K(5440K)
[2023-04-18T00:19:41.296-0400][gc          ] GC(953) Pause Young (Normal) (G1 Evacuation Pause) 457M->412M(1024M) 19.972ms
[2023-04-18T00:19:41.296-0400][gc,cpu      ] GC(953) User=0.05s Sys=0.02s Real=0.02s
[2023-04-18T00:20:14.839-0400][gc,start    ] GC(954) Pause Young (Normal) (G1 Evacuation Pause)
[2023-04-18T00:20:14.840-0400][gc,task     ] GC(954) Using 8 workers of 8 for evacuation
[2023-04-18T00:20:14.895-0400][gc,mmu      ] GC(954) MMU target violated: 21.0ms (20.0ms/21.0ms)
[2023-04-18T00:20:14.895-0400][gc,phases   ] GC(954)   Pre Evacuate Collection Set: 1.2ms
[2023-04-18T00:20:14.895-0400][gc,phases   ] GC(954)   Merge Heap Roots: 0.5ms
[2023-04-18T00:20:14.895-0400][gc,phases   ] GC(954)   Evacuate Collection Set: 51.1ms
[2023-04-18T00:20:14.895-0400][gc,phases   ] GC(954)   Post Evacuate Collection Set: 1.7ms
[2023-04-18T00:20:14.895-0400][gc,phases   ] GC(954)   Other: 0.5ms
[2023-04-18T00:20:14.895-0400][gc,heap     ] GC(954) Eden regions: 46->0(46)
[2023-04-18T00:20:14.895-0400][gc,heap     ] GC(954) Survivor regions: 5->5(7)
[2023-04-18T00:20:14.895-0400][gc,heap     ] GC(954) Old regions: 278->279
[2023-04-18T00:20:14.895-0400][gc,heap     ] GC(954) Archive regions: 2->2
[2023-04-18T00:20:14.895-0400][gc,heap     ] GC(954) Humongous regions: 129->129
[2023-04-18T00:20:14.895-0400][gc,metaspace] GC(954) Metaspace: 44230K(44928K)->44230K(44928K) NonClass: 39135K(39488K)->39135K(39488K) Class: 5095K(5440K)->5095K(5440K)
[2023-04-18T00:20:14.895-0400][gc          ] GC(954) Pause Young (Normal) (G1 Evacuation Pause) 458M->413M(1024M) 56.121ms
[2023-04-18T00:20:14.895-0400][gc,cpu      ] GC(954) User=0.05s Sys=0.02s Real=0.06s
[2023-04-18T00:20:47.038-0400][gc,start    ] GC(955) Pause Young (Normal) (G1 Evacuation Pause)
[2023-04-18T00:20:47.038-0400][gc,task     ] GC(955) Using 8 workers of 8 for evacuation
[2023-04-18T00:20:47.061-0400][gc,mmu      ] GC(955) MMU target violated: 21.0ms (20.0ms/21.0ms)
[2023-04-18T00:20:47.061-0400][gc,phases   ] GC(955)   Pre Evacuate Collection Set: 2.4ms
[2023-04-18T00:20:47.061-0400][gc,phases   ] GC(955)   Merge Heap Roots: 0.4ms
[2023-04-18T00:20:47.061-0400][gc,phases   ] GC(955)   Evacuate Collection Set: 18.3ms
[2023-04-18T00:20:47.061-0400][gc,phases   ] GC(955)   Post Evacuate Collection Set: 1.4ms
[2023-04-18T00:20:47.061-0400][gc,phases   ] GC(955)   Other: 0.3ms
[2023-04-18T00:20:47.061-0400][gc,heap     ] GC(955) Eden regions: 46->0(46)
[2023-04-18T00:20:47.061-0400][gc,heap     ] GC(955) Survivor regions: 5->5(7)
[2023-04-18T00:20:47.061-0400][gc,heap     ] GC(955) Old regions: 279->280
[2023-04-18T00:20:47.061-0400][gc,heap     ] GC(955) Archive regions: 2->2
[2023-04-18T00:20:47.062-0400][gc,heap     ] GC(955) Humongous regions: 129->129
[2023-04-18T00:20:47.062-0400][gc,metaspace] GC(955) Metaspace: 44230K(44928K)->44230K(44928K) NonClass: 39135K(39488K)->39135K(39488K) Class: 5095K(5440K)->5095K(5440K)
[2023-04-18T00:20:47.062-0400][gc          ] GC(955) Pause Young (Normal) (G1 Evacuation Pause) 459M->414M(1024M) 23.240ms
[2023-04-18T00:20:47.062-0400][gc,cpu      ] GC(955) User=0.05s Sys=0.02s Real=0.03s
[2023-04-18T00:21:19.150-0400][gc,start    ] GC(956) Pause Young (Normal) (G1 Evacuation Pause)
[2023-04-18T00:21:19.150-0400][gc,task     ] GC(956) Using 8 workers of 8 for evacuation
[2023-04-18T00:21:19.169-0400][gc,phases   ] GC(956)   Pre Evacuate Collection Set: 1.0ms
[2023-04-18T00:21:19.169-0400][gc,phases   ] GC(956)   Merge Heap Roots: 0.2ms
[2023-04-18T00:21:19.169-0400][gc,phases   ] GC(956)   Evacuate Collection Set: 15.7ms
[2023-04-18T00:21:19.169-0400][gc,phases   ] GC(956)   Post Evacuate Collection Set: 0.9ms
[2023-04-18T00:21:19.169-0400][gc,phases   ] GC(956)   Other: 0.2ms
[2023-04-18T00:21:19.169-0400][gc,heap     ] GC(956) Eden regions: 46->0(46)
[2023-04-18T00:21:19.169-0400][gc,heap     ] GC(956) Survivor regions: 5->5(7)
[2023-04-18T00:21:19.169-0400][gc,heap     ] GC(956) Old regions: 280->281
[2023-04-18T00:21:19.169-0400][gc,heap     ] GC(956) Archive regions: 2->2
[2023-04-18T00:21:19.169-0400][gc,heap     ] GC(956) Humongous regions: 129->129
[2023-04-18T00:21:19.169-0400][gc,metaspace] GC(956) Metaspace: 44230K(44928K)->44230K(44928K) NonClass: 39135K(39488K)->39135K(39488K) Class: 5095K(5440K)->5095K(5440K)
[2023-04-18T00:21:19.169-0400][gc          ] GC(956) Pause Young (Normal) (G1 Evacuation Pause) 460M->415M(1024M) 19.102ms
[2023-04-18T00:21:19.170-0400][gc,cpu      ] GC(956) User=0.06s Sys=0.02s Real=0.02s
[2023-04-18T00:21:50.874-0400][gc,start    ] GC(957) Pause Young (Normal) (G1 Evacuation Pause)
[2023-04-18T00:21:50.874-0400][gc,task     ] GC(957) Using 8 workers of 8 for evacuation
[2023-04-18T00:21:50.894-0400][gc,mmu      ] GC(957) MMU target violated: 20.2ms (20.0ms/21.0ms)
[2023-04-18T00:21:50.894-0400][gc,phases   ] GC(957)   Pre Evacuate Collection Set: 0.2ms
[2023-04-18T00:21:50.894-0400][gc,phases   ] GC(957)   Merge Heap Roots: 0.2ms
[2023-04-18T00:21:50.894-0400][gc,phases   ] GC(957)   Evacuate Collection Set: 18.7ms
[2023-04-18T00:21:50.894-0400][gc,phases   ] GC(957)   Post Evacuate Collection Set: 0.9ms
[2023-04-18T00:21:50.894-0400][gc,phases   ] GC(957)   Other: 0.4ms
[2023-04-18T00:21:50.895-0400][gc,heap     ] GC(957) Eden regions: 46->0(46)
[2023-04-18T00:21:50.895-0400][gc,heap     ] GC(957) Survivor regions: 5->5(7)
[2023-04-18T00:21:50.895-0400][gc,heap     ] GC(957) Old regions: 281->282
[2023-04-18T00:21:50.895-0400][gc,heap     ] GC(957) Archive regions: 2->2
[2023-04-18T00:21:50.895-0400][gc,heap     ] GC(957) Humongous regions: 129->129
[2023-04-18T00:21:50.895-0400][gc,metaspace] GC(957) Metaspace: 44230K(44928K)->44230K(44928K) NonClass: 39135K(39488K)->39135K(39488K) Class: 5095K(5440K)->5095K(5440K)
[2023-04-18T00:21:50.895-0400][gc          ] GC(957) Pause Young (Normal) (G1 Evacuation Pause) 461M->416M(1024M) 21.047ms
[2023-04-18T00:21:50.895-0400][gc,cpu      ] GC(957) User=0.06s Sys=0.03s Real=0.02s
[2023-04-18T00:22:23.201-0400][gc,start    ] GC(958) Pause Young (Normal) (G1 Evacuation Pause)
[2023-04-18T00:22:23.201-0400][gc,task     ] GC(958) Using 8 workers of 8 for evacuation
[2023-04-18T00:22:23.222-0400][gc,mmu      ] GC(958) MMU target violated: 21.0ms (20.0ms/21.0ms)
[2023-04-18T00:22:23.222-0400][gc,phases   ] GC(958)   Pre Evacuate Collection Set: 0.2ms
[2023-04-18T00:22:23.222-0400][gc,phases   ] GC(958)   Merge Heap Roots: 0.2ms
[2023-04-18T00:22:23.222-0400][gc,phases   ] GC(958)   Evacuate Collection Set: 19.9ms
[2023-04-18T00:22:23.222-0400][gc,phases   ] GC(958)   Post Evacuate Collection Set: 0.7ms
[2023-04-18T00:22:23.222-0400][gc,phases   ] GC(958)   Other: 0.2ms
[2023-04-18T00:22:23.222-0400][gc,heap     ] GC(958) Eden regions: 46->0(46)
[2023-04-18T00:22:23.222-0400][gc,heap     ] GC(958) Survivor regions: 5->5(7)
[2023-04-18T00:22:23.223-0400][gc,heap     ] GC(958) Old regions: 282->283
[2023-04-18T00:22:23.223-0400][gc,heap     ] GC(958) Archive regions: 2->2
[2023-04-18T00:22:23.223-0400][gc,heap     ] GC(958) Humongous regions: 129->129
[2023-04-18T00:22:23.223-0400][gc,metaspace] GC(958) Metaspace: 44230K(44928K)->44230K(44928K) NonClass: 39135K(39488K)->39135K(39488K) Class: 5095K(5440K)->5095K(5440K)
[2023-04-18T00:22:23.223-0400][gc          ] GC(958) Pause Young (Normal) (G1 Evacuation Pause) 462M->416M(1024M) 21.798ms
[2023-04-18T00:22:23.223-0400][gc,cpu      ] GC(958) User=0.06s Sys=0.02s Real=0.02s
[2023-04-18T00:22:54.597-0400][gc,start    ] GC(959) Pause Young (Normal) (G1 Evacuation Pause)
[2023-04-18T00:22:54.597-0400][gc,task     ] GC(959) Using 8 workers of 8 for evacuation
[2023-04-18T00:22:54.620-0400][gc,mmu      ] GC(959) MMU target violated: 21.0ms (20.0ms/21.0ms)
[2023-04-18T00:22:54.621-0400][gc,phases   ] GC(959)   Pre Evacuate Collection Set: 0.4ms
[2023-04-18T00:22:54.621-0400][gc,phases   ] GC(959)   Merge Heap Roots: 0.2ms
[2023-04-18T00:22:54.621-0400][gc,phases   ] GC(959)   Evacuate Collection Set: 21.3ms
[2023-04-18T00:22:54.621-0400][gc,phases   ] GC(959)   Post Evacuate Collection Set: 1.3ms
[2023-04-18T00:22:54.621-0400][gc,phases   ] GC(959)   Other: 0.3ms
[2023-04-18T00:22:54.621-0400][gc,heap     ] GC(959) Eden regions: 46->0(46)
[2023-04-18T00:22:54.621-0400][gc,heap     ] GC(959) Survivor regions: 5->5(7)
[2023-04-18T00:22:54.621-0400][gc,heap     ] GC(959) Old regions: 283->284
[2023-04-18T00:22:54.621-0400][gc,heap     ] GC(959) Archive regions: 2->2
[2023-04-18T00:22:54.621-0400][gc,heap     ] GC(959) Humongous regions: 129->129
[2023-04-18T00:22:54.621-0400][gc,metaspace] GC(959) Metaspace: 44230K(44928K)->44230K(44928K) NonClass: 39135K(39488K)->39135K(39488K) Class: 5095K(5440K)->5095K(5440K)
[2023-04-18T00:22:54.621-0400][gc          ] GC(959) Pause Young (Normal) (G1 Evacuation Pause) 462M->417M(1024M) 24.202ms
[2023-04-18T00:22:54.621-0400][gc,cpu      ] GC(959) User=0.05s Sys=0.02s Real=0.03s
[2023-04-18T00:23:26.294-0400][gc,start    ] GC(960) Pause Young (Normal) (G1 Evacuation Pause)
[2023-04-18T00:23:26.294-0400][gc,task     ] GC(960) Using 8 workers of 8 for evacuation
[2023-04-18T00:23:26.314-0400][gc,phases   ] GC(960)   Pre Evacuate Collection Set: 0.2ms
[2023-04-18T00:23:26.314-0400][gc,phases   ] GC(960)   Merge Heap Roots: 0.2ms
[2023-04-18T00:23:26.314-0400][gc,phases   ] GC(960)   Evacuate Collection Set: 17.2ms
[2023-04-18T00:23:26.314-0400][gc,phases   ] GC(960)   Post Evacuate Collection Set: 1.0ms
[2023-04-18T00:23:26.314-0400][gc,phases   ] GC(960)   Other: 0.5ms
[2023-04-18T00:23:26.314-0400][gc,heap     ] GC(960) Eden regions: 46->0(46)
[2023-04-18T00:23:26.314-0400][gc,heap     ] GC(960) Survivor regions: 5->5(7)
[2023-04-18T00:23:26.314-0400][gc,heap     ] GC(960) Old regions: 284->285
[2023-04-18T00:23:26.314-0400][gc,heap     ] GC(960) Archive regions: 2->2
[2023-04-18T00:23:26.314-0400][gc,heap     ] GC(960) Humongous regions: 129->129
[2023-04-18T00:23:26.314-0400][gc,metaspace] GC(960) Metaspace: 44230K(44928K)->44230K(44928K) NonClass: 39135K(39488K)->39135K(39488K) Class: 5095K(5440K)->5095K(5440K)
[2023-04-18T00:23:26.314-0400][gc          ] GC(960) Pause Young (Normal) (G1 Evacuation Pause) 463M->418M(1024M) 20.058ms
[2023-04-18T00:23:26.314-0400][gc,cpu      ] GC(960) User=0.06s Sys=0.02s Real=0.02s
[2023-04-18T00:23:57.904-0400][gc,start    ] GC(961) Pause Young (Normal) (G1 Evacuation Pause)
[2023-04-18T00:23:57.905-0400][gc,task     ] GC(961) Using 8 workers of 8 for evacuation
[2023-04-18T00:23:57.923-0400][gc,phases   ] GC(961)   Pre Evacuate Collection Set: 0.2ms
[2023-04-18T00:23:57.923-0400][gc,phases   ] GC(961)   Merge Heap Roots: 0.3ms
[2023-04-18T00:23:57.923-0400][gc,phases   ] GC(961)   Evacuate Collection Set: 16.5ms
[2023-04-18T00:23:57.923-0400][gc,phases   ] GC(961)   Post Evacuate Collection Set: 1.1ms
[2023-04-18T00:23:57.923-0400][gc,phases   ] GC(961)   Other: 0.3ms
[2023-04-18T00:23:57.923-0400][gc,heap     ] GC(961) Eden regions: 46->0(52)
[2023-04-18T00:23:57.923-0400][gc,heap     ] GC(961) Survivor regions: 5->5(7)
[2023-04-18T00:23:57.924-0400][gc,heap     ] GC(961) Old regions: 285->286
[2023-04-18T00:23:57.924-0400][gc,heap     ] GC(961) Archive regions: 2->2
[2023-04-18T00:23:57.924-0400][gc,heap     ] GC(961) Humongous regions: 129->129
[2023-04-18T00:23:57.924-0400][gc,metaspace] GC(961) Metaspace: 44230K(44928K)->44230K(44928K) NonClass: 39135K(39488K)->39135K(39488K) Class: 5095K(5440K)->5095K(5440K)
[2023-04-18T00:23:57.924-0400][gc          ] GC(961) Pause Young (Normal) (G1 Evacuation Pause) 464M->419M(1024M) 19.772ms
[2023-04-18T00:23:57.924-0400][gc,cpu      ] GC(961) User=0.06s Sys=0.01s Real=0.02s
[2023-04-18T00:24:33.535-0400][gc,start    ] GC(962) Pause Young (Normal) (G1 Evacuation Pause)
[2023-04-18T00:24:33.535-0400][gc,task     ] GC(962) Using 8 workers of 8 for evacuation
[2023-04-18T00:24:33.581-0400][gc,mmu      ] GC(962) MMU target violated: 21.0ms (20.0ms/21.0ms)
[2023-04-18T00:24:33.581-0400][gc,phases   ] GC(962)   Pre Evacuate Collection Set: 0.3ms
[2023-04-18T00:24:33.582-0400][gc,phases   ] GC(962)   Merge Heap Roots: 0.2ms
[2023-04-18T00:24:33.582-0400][gc,phases   ] GC(962)   Evacuate Collection Set: 44.7ms
[2023-04-18T00:24:33.582-0400][gc,phases   ] GC(962)   Post Evacuate Collection Set: 0.8ms
[2023-04-18T00:24:33.582-0400][gc,phases   ] GC(962)   Other: 0.3ms
[2023-04-18T00:24:33.582-0400][gc,heap     ] GC(962) Eden regions: 51->0(46)
[2023-04-18T00:24:33.582-0400][gc,heap     ] GC(962) Survivor regions: 5->5(7)
[2023-04-18T00:24:33.582-0400][gc,heap     ] GC(962) Old regions: 286->287
[2023-04-18T00:24:33.582-0400][gc,heap     ] GC(962) Archive regions: 2->2
[2023-04-18T00:24:33.582-0400][gc,heap     ] GC(962) Humongous regions: 129->129
[2023-04-18T00:24:33.582-0400][gc,metaspace] GC(962) Metaspace: 44230K(44928K)->44230K(44928K) NonClass: 39135K(39488K)->39135K(39488K) Class: 5095K(5440K)->5095K(5440K)
[2023-04-18T00:24:33.582-0400][gc          ] GC(962) Pause Young (Normal) (G1 Evacuation Pause) 470M->420M(1024M) 47.085ms
[2023-04-18T00:24:33.582-0400][gc,cpu      ] GC(962) User=0.07s Sys=0.07s Real=0.05s
[2023-04-18T00:25:04.987-0400][gc,start    ] GC(963) Pause Young (Normal) (G1 Evacuation Pause)
[2023-04-18T00:25:04.987-0400][gc,task     ] GC(963) Using 8 workers of 8 for evacuation
[2023-04-18T00:25:05.000-0400][gc,phases   ] GC(963)   Pre Evacuate Collection Set: 0.2ms
[2023-04-18T00:25:05.000-0400][gc,phases   ] GC(963)   Merge Heap Roots: 0.2ms
[2023-04-18T00:25:05.000-0400][gc,phases   ] GC(963)   Evacuate Collection Set: 12.4ms
[2023-04-18T00:25:05.000-0400][gc,phases   ] GC(963)   Post Evacuate Collection Set: 0.5ms
[2023-04-18T00:25:05.000-0400][gc,phases   ] GC(963)   Other: 0.2ms
[2023-04-18T00:25:05.000-0400][gc,heap     ] GC(963) Eden regions: 46->0(46)
[2023-04-18T00:25:05.000-0400][gc,heap     ] GC(963) Survivor regions: 5->5(7)
[2023-04-18T00:25:05.000-0400][gc,heap     ] GC(963) Old regions: 287->287
[2023-04-18T00:25:05.000-0400][gc,heap     ] GC(963) Archive regions: 2->2
[2023-04-18T00:25:05.000-0400][gc,heap     ] GC(963) Humongous regions: 129->129
[2023-04-18T00:25:05.000-0400][gc,metaspace] GC(963) Metaspace: 44230K(44928K)->44230K(44928K) NonClass: 39135K(39488K)->39135K(39488K) Class: 5095K(5440K)->5095K(5440K)
[2023-04-18T00:25:05.001-0400][gc          ] GC(963) Pause Young (Normal) (G1 Evacuation Pause) 466M->421M(1024M) 13.823ms
[2023-04-18T00:25:05.001-0400][gc,cpu      ] GC(963) User=0.05s Sys=0.01s Real=0.02s
[2023-04-18T00:25:36.718-0400][gc,start    ] GC(964) Pause Young (Normal) (G1 Evacuation Pause)
[2023-04-18T00:25:36.718-0400][gc,task     ] GC(964) Using 8 workers of 8 for evacuation
[2023-04-18T00:25:36.742-0400][gc,mmu      ] GC(964) MMU target violated: 21.0ms (20.0ms/21.0ms)
[2023-04-18T00:25:36.742-0400][gc,phases   ] GC(964)   Pre Evacuate Collection Set: 1.7ms
[2023-04-18T00:25:36.742-0400][gc,phases   ] GC(964)   Merge Heap Roots: 0.2ms
[2023-04-18T00:25:36.742-0400][gc,phases   ] GC(964)   Evacuate Collection Set: 21.2ms
[2023-04-18T00:25:36.742-0400][gc,phases   ] GC(964)   Post Evacuate Collection Set: 0.8ms
[2023-04-18T00:25:36.742-0400][gc,phases   ] GC(964)   Other: 0.3ms
[2023-04-18T00:25:36.742-0400][gc,heap     ] GC(964) Eden regions: 46->0(46)
[2023-04-18T00:25:36.742-0400][gc,heap     ] GC(964) Survivor regions: 5->5(7)
[2023-04-18T00:25:36.742-0400][gc,heap     ] GC(964) Old regions: 287->288
[2023-04-18T00:25:36.742-0400][gc,heap     ] GC(964) Archive regions: 2->2
[2023-04-18T00:25:36.742-0400][gc,heap     ] GC(964) Humongous regions: 129->129
[2023-04-18T00:25:36.742-0400][gc,metaspace] GC(964) Metaspace: 44230K(44928K)->44230K(44928K) NonClass: 39135K(39488K)->39135K(39488K) Class: 5095K(5440K)->5095K(5440K)
[2023-04-18T00:25:36.743-0400][gc          ] GC(964) Pause Young (Normal) (G1 Evacuation Pause) 467M->422M(1024M) 25.031ms
[2023-04-18T00:25:36.743-0400][gc,cpu      ] GC(964) User=0.05s Sys=0.03s Real=0.03s
[2023-04-18T00:26:08.303-0400][gc,start    ] GC(965) Pause Young (Normal) (G1 Evacuation Pause)
[2023-04-18T00:26:08.303-0400][gc,task     ] GC(965) Using 8 workers of 8 for evacuation
[2023-04-18T00:26:08.343-0400][gc,mmu      ] GC(965) MMU target violated: 21.0ms (20.0ms/21.0ms)
[2023-04-18T00:26:08.343-0400][gc,phases   ] GC(965)   Pre Evacuate Collection Set: 0.6ms
[2023-04-18T00:26:08.343-0400][gc,phases   ] GC(965)   Merge Heap Roots: 0.6ms
[2023-04-18T00:26:08.343-0400][gc,phases   ] GC(965)   Evacuate Collection Set: 29.7ms
[2023-04-18T00:26:08.343-0400][gc,phases   ] GC(965)   Post Evacuate Collection Set: 7.0ms
[2023-04-18T00:26:08.343-0400][gc,phases   ] GC(965)   Other: 1.9ms
[2023-04-18T00:26:08.343-0400][gc,heap     ] GC(965) Eden regions: 46->0(46)
[2023-04-18T00:26:08.343-0400][gc,heap     ] GC(965) Survivor regions: 5->5(7)
[2023-04-18T00:26:08.343-0400][gc,heap     ] GC(965) Old regions: 288->289
[2023-04-18T00:26:08.343-0400][gc,heap     ] GC(965) Archive regions: 2->2
[2023-04-18T00:26:08.343-0400][gc,heap     ] GC(965) Humongous regions: 129->129
[2023-04-18T00:26:08.344-0400][gc,metaspace] GC(965) Metaspace: 44230K(44928K)->44230K(44928K) NonClass: 39135K(39488K)->39135K(39488K) Class: 5095K(5440K)->5095K(5440K)
[2023-04-18T00:26:08.344-0400][gc          ] GC(965) Pause Young (Normal) (G1 Evacuation Pause) 468M->422M(1024M) 40.234ms
[2023-04-18T00:26:08.344-0400][gc,cpu      ] GC(965) User=0.06s Sys=0.02s Real=0.04s
[2023-04-18T00:26:39.612-0400][gc,start    ] GC(966) Pause Young (Normal) (G1 Evacuation Pause)
[2023-04-18T00:26:39.612-0400][gc,task     ] GC(966) Using 8 workers of 8 for evacuation
[2023-04-18T00:26:39.630-0400][gc,phases   ] GC(966)   Pre Evacuate Collection Set: 0.2ms
[2023-04-18T00:26:39.630-0400][gc,phases   ] GC(966)   Merge Heap Roots: 0.2ms
[2023-04-18T00:26:39.630-0400][gc,phases   ] GC(966)   Evacuate Collection Set: 15.8ms
[2023-04-18T00:26:39.630-0400][gc,phases   ] GC(966)   Post Evacuate Collection Set: 0.9ms
[2023-04-18T00:26:39.630-0400][gc,phases   ] GC(966)   Other: 0.2ms
[2023-04-18T00:26:39.630-0400][gc,heap     ] GC(966) Eden regions: 46->0(46)
[2023-04-18T00:26:39.630-0400][gc,heap     ] GC(966) Survivor regions: 5->5(7)
[2023-04-18T00:26:39.630-0400][gc,heap     ] GC(966) Old regions: 289->290
[2023-04-18T00:26:39.630-0400][gc,heap     ] GC(966) Archive regions: 2->2
[2023-04-18T00:26:39.630-0400][gc,heap     ] GC(966) Humongous regions: 129->129
[2023-04-18T00:26:39.630-0400][gc,metaspace] GC(966) Metaspace: 44230K(44928K)->44230K(44928K) NonClass: 39135K(39488K)->39135K(39488K) Class: 5095K(5440K)->5095K(5440K)
[2023-04-18T00:26:39.630-0400][gc          ] GC(966) Pause Young (Normal) (G1 Evacuation Pause) 468M->423M(1024M) 17.887ms
[2023-04-18T00:26:39.630-0400][gc,cpu      ] GC(966) User=0.06s Sys=0.01s Real=0.02s
[2023-04-18T00:27:11.848-0400][gc,start    ] GC(967) Pause Young (Normal) (G1 Evacuation Pause)
[2023-04-18T00:27:11.848-0400][gc,task     ] GC(967) Using 8 workers of 8 for evacuation
[2023-04-18T00:27:11.863-0400][gc,phases   ] GC(967)   Pre Evacuate Collection Set: 0.2ms
[2023-04-18T00:27:11.863-0400][gc,phases   ] GC(967)   Merge Heap Roots: 0.2ms
[2023-04-18T00:27:11.863-0400][gc,phases   ] GC(967)   Evacuate Collection Set: 13.6ms
[2023-04-18T00:27:11.863-0400][gc,phases   ] GC(967)   Post Evacuate Collection Set: 0.7ms
[2023-04-18T00:27:11.863-0400][gc,phases   ] GC(967)   Other: 0.3ms
[2023-04-18T00:27:11.863-0400][gc,heap     ] GC(967) Eden regions: 46->0(46)
[2023-04-18T00:27:11.863-0400][gc,heap     ] GC(967) Survivor regions: 5->5(7)
[2023-04-18T00:27:11.863-0400][gc,heap     ] GC(967) Old regions: 290->291
[2023-04-18T00:27:11.863-0400][gc,heap     ] GC(967) Archive regions: 2->2
[2023-04-18T00:27:11.863-0400][gc,heap     ] GC(967) Humongous regions: 129->129
[2023-04-18T00:27:11.863-0400][gc,metaspace] GC(967) Metaspace: 44230K(44928K)->44230K(44928K) NonClass: 39135K(39488K)->39135K(39488K) Class: 5095K(5440K)->5095K(5440K)
[2023-04-18T00:27:11.863-0400][gc          ] GC(967) Pause Young (Normal) (G1 Evacuation Pause) 469M->424M(1024M) 15.585ms
[2023-04-18T00:27:11.863-0400][gc,cpu      ] GC(967) User=0.06s Sys=0.01s Real=0.02s
[2023-04-18T00:27:43.159-0400][gc,start    ] GC(968) Pause Young (Normal) (G1 Evacuation Pause)
[2023-04-18T00:27:43.159-0400][gc,task     ] GC(968) Using 8 workers of 8 for evacuation
[2023-04-18T00:27:43.176-0400][gc,phases   ] GC(968)   Pre Evacuate Collection Set: 0.3ms
[2023-04-18T00:27:43.176-0400][gc,phases   ] GC(968)   Merge Heap Roots: 0.2ms
[2023-04-18T00:27:43.176-0400][gc,phases   ] GC(968)   Evacuate Collection Set: 15.2ms
[2023-04-18T00:27:43.176-0400][gc,phases   ] GC(968)   Post Evacuate Collection Set: 0.7ms
[2023-04-18T00:27:43.176-0400][gc,phases   ] GC(968)   Other: 0.2ms
[2023-04-18T00:27:43.176-0400][gc,heap     ] GC(968) Eden regions: 46->0(46)
[2023-04-18T00:27:43.176-0400][gc,heap     ] GC(968) Survivor regions: 5->5(7)
[2023-04-18T00:27:43.177-0400][gc,heap     ] GC(968) Old regions: 291->292
[2023-04-18T00:27:43.177-0400][gc,heap     ] GC(968) Archive regions: 2->2
[2023-04-18T00:27:43.177-0400][gc,heap     ] GC(968) Humongous regions: 129->129
[2023-04-18T00:27:43.177-0400][gc,metaspace] GC(968) Metaspace: 44230K(44928K)->44230K(44928K) NonClass: 39135K(39488K)->39135K(39488K) Class: 5095K(5440K)->5095K(5440K)
[2023-04-18T00:27:43.177-0400][gc          ] GC(968) Pause Young (Normal) (G1 Evacuation Pause) 470M->425M(1024M) 17.381ms
[2023-04-18T00:27:43.177-0400][gc,cpu      ] GC(968) User=0.06s Sys=0.01s Real=0.02s
[2023-04-18T00:28:14.837-0400][gc,start    ] GC(969) Pause Young (Normal) (G1 Evacuation Pause)
[2023-04-18T00:28:14.837-0400][gc,task     ] GC(969) Using 8 workers of 8 for evacuation
[2023-04-18T00:28:14.854-0400][gc,phases   ] GC(969)   Pre Evacuate Collection Set: 0.3ms
[2023-04-18T00:28:14.854-0400][gc,phases   ] GC(969)   Merge Heap Roots: 0.2ms
[2023-04-18T00:28:14.854-0400][gc,phases   ] GC(969)   Evacuate Collection Set: 15.7ms
[2023-04-18T00:28:14.854-0400][gc,phases   ] GC(969)   Post Evacuate Collection Set: 0.6ms
[2023-04-18T00:28:14.855-0400][gc,phases   ] GC(969)   Other: 0.2ms
[2023-04-18T00:28:14.855-0400][gc,heap     ] GC(969) Eden regions: 46->0(59)
[2023-04-18T00:28:14.855-0400][gc,heap     ] GC(969) Survivor regions: 5->5(7)
[2023-04-18T00:28:14.855-0400][gc,heap     ] GC(969) Old regions: 292->293
[2023-04-18T00:28:14.855-0400][gc,heap     ] GC(969) Archive regions: 2->2
[2023-04-18T00:28:14.855-0400][gc,heap     ] GC(969) Humongous regions: 129->129
[2023-04-18T00:28:14.855-0400][gc,metaspace] GC(969) Metaspace: 44230K(44928K)->44230K(44928K) NonClass: 39135K(39488K)->39135K(39488K) Class: 5095K(5440K)->5095K(5440K)
[2023-04-18T00:28:14.855-0400][gc          ] GC(969) Pause Young (Normal) (G1 Evacuation Pause) 471M->426M(1024M) 17.457ms
[2023-04-18T00:28:14.855-0400][gc,cpu      ] GC(969) User=0.06s Sys=0.01s Real=0.02s
[2023-04-18T00:28:54.064-0400][gc,start    ] GC(970) Pause Young (Normal) (G1 Evacuation Pause)
[2023-04-18T00:28:54.064-0400][gc,task     ] GC(970) Using 8 workers of 8 for evacuation
[2023-04-18T00:28:54.098-0400][gc,mmu      ] GC(970) MMU target violated: 21.0ms (20.0ms/21.0ms)
[2023-04-18T00:28:54.098-0400][gc,phases   ] GC(970)   Pre Evacuate Collection Set: 0.2ms
[2023-04-18T00:28:54.098-0400][gc,phases   ] GC(970)   Merge Heap Roots: 0.2ms
[2023-04-18T00:28:54.098-0400][gc,phases   ] GC(970)   Evacuate Collection Set: 32.4ms
[2023-04-18T00:28:54.098-0400][gc,phases   ] GC(970)   Post Evacuate Collection Set: 0.7ms
[2023-04-18T00:28:54.098-0400][gc,phases   ] GC(970)   Other: 0.3ms
[2023-04-18T00:28:54.098-0400][gc,heap     ] GC(970) Eden regions: 58->0(46)
[2023-04-18T00:28:54.098-0400][gc,heap     ] GC(970) Survivor regions: 5->5(8)
[2023-04-18T00:28:54.098-0400][gc,heap     ] GC(970) Old regions: 293->294
[2023-04-18T00:28:54.098-0400][gc,heap     ] GC(970) Archive regions: 2->2
[2023-04-18T00:28:54.098-0400][gc,heap     ] GC(970) Humongous regions: 129->129
[2023-04-18T00:28:54.098-0400][gc,metaspace] GC(970) Metaspace: 44230K(44928K)->44230K(44928K) NonClass: 39135K(39488K)->39135K(39488K) Class: 5095K(5440K)->5095K(5440K)
[2023-04-18T00:28:54.098-0400][gc          ] GC(970) Pause Young (Normal) (G1 Evacuation Pause) 484M->427M(1024M) 34.163ms
[2023-04-18T00:28:54.098-0400][gc,cpu      ] GC(970) User=0.06s Sys=0.07s Real=0.03s
[2023-04-18T00:29:25.883-0400][gc,start    ] GC(971) Pause Young (Normal) (G1 Evacuation Pause)
[2023-04-18T00:29:25.883-0400][gc,task     ] GC(971) Using 8 workers of 8 for evacuation
[2023-04-18T00:29:25.900-0400][gc,phases   ] GC(971)   Pre Evacuate Collection Set: 0.3ms
[2023-04-18T00:29:25.901-0400][gc,phases   ] GC(971)   Merge Heap Roots: 0.2ms
[2023-04-18T00:29:25.901-0400][gc,phases   ] GC(971)   Evacuate Collection Set: 15.4ms
[2023-04-18T00:29:25.901-0400][gc,phases   ] GC(971)   Post Evacuate Collection Set: 0.7ms
[2023-04-18T00:29:25.901-0400][gc,phases   ] GC(971)   Other: 0.5ms
[2023-04-18T00:29:25.901-0400][gc,heap     ] GC(971) Eden regions: 46->0(46)
[2023-04-18T00:29:25.901-0400][gc,heap     ] GC(971) Survivor regions: 5->5(7)
[2023-04-18T00:29:25.901-0400][gc,heap     ] GC(971) Old regions: 294->295
[2023-04-18T00:29:25.901-0400][gc,heap     ] GC(971) Archive regions: 2->2
[2023-04-18T00:29:25.901-0400][gc,heap     ] GC(971) Humongous regions: 129->129
[2023-04-18T00:29:25.901-0400][gc,metaspace] GC(971) Metaspace: 44230K(44928K)->44230K(44928K) NonClass: 39135K(39488K)->39135K(39488K) Class: 5095K(5440K)->5095K(5440K)
[2023-04-18T00:29:25.901-0400][gc          ] GC(971) Pause Young (Normal) (G1 Evacuation Pause) 473M->428M(1024M) 18.282ms
[2023-04-18T00:29:25.901-0400][gc,cpu      ] GC(971) User=0.06s Sys=0.02s Real=0.02s
[2023-04-18T00:29:56.971-0400][gc,start    ] GC(972) Pause Young (Normal) (G1 Evacuation Pause)
[2023-04-18T00:29:56.971-0400][gc,task     ] GC(972) Using 8 workers of 8 for evacuation
[2023-04-18T00:29:56.988-0400][gc,phases   ] GC(972)   Pre Evacuate Collection Set: 0.2ms
[2023-04-18T00:29:56.988-0400][gc,phases   ] GC(972)   Merge Heap Roots: 0.2ms
[2023-04-18T00:29:56.988-0400][gc,phases   ] GC(972)   Evacuate Collection Set: 15.2ms
[2023-04-18T00:29:56.988-0400][gc,phases   ] GC(972)   Post Evacuate Collection Set: 0.8ms
[2023-04-18T00:29:56.988-0400][gc,phases   ] GC(972)   Other: 0.2ms
[2023-04-18T00:29:56.988-0400][gc,heap     ] GC(972) Eden regions: 46->0(46)
[2023-04-18T00:29:56.988-0400][gc,heap     ] GC(972) Survivor regions: 5->5(7)
[2023-04-18T00:29:56.988-0400][gc,heap     ] GC(972) Old regions: 295->295
[2023-04-18T00:29:56.988-0400][gc,heap     ] GC(972) Archive regions: 2->2
[2023-04-18T00:29:56.988-0400][gc,heap     ] GC(972) Humongous regions: 129->129
[2023-04-18T00:29:56.988-0400][gc,metaspace] GC(972) Metaspace: 44230K(44928K)->44230K(44928K) NonClass: 39135K(39488K)->39135K(39488K) Class: 5095K(5440K)->5095K(5440K)
[2023-04-18T00:29:56.988-0400][gc          ] GC(972) Pause Young (Normal) (G1 Evacuation Pause) 474M->429M(1024M) 17.917ms
[2023-04-18T00:29:56.989-0400][gc,cpu      ] GC(972) User=0.05s Sys=0.01s Real=0.01s
[2023-04-18T00:30:27.967-0400][gc,start    ] GC(973) Pause Young (Normal) (G1 Evacuation Pause)
[2023-04-18T00:30:27.967-0400][gc,task     ] GC(973) Using 8 workers of 8 for evacuation
[2023-04-18T00:30:27.991-0400][gc,mmu      ] GC(973) MMU target violated: 21.0ms (20.0ms/21.0ms)
[2023-04-18T00:30:27.991-0400][gc,phases   ] GC(973)   Pre Evacuate Collection Set: 0.2ms
[2023-04-18T00:30:27.991-0400][gc,phases   ] GC(973)   Merge Heap Roots: 0.2ms
[2023-04-18T00:30:27.991-0400][gc,phases   ] GC(973)   Evacuate Collection Set: 22.7ms
[2023-04-18T00:30:27.991-0400][gc,phases   ] GC(973)   Post Evacuate Collection Set: 0.6ms
[2023-04-18T00:30:27.992-0400][gc,phases   ] GC(973)   Other: 0.2ms
[2023-04-18T00:30:27.992-0400][gc,heap     ] GC(973) Eden regions: 46->0(46)
[2023-04-18T00:30:27.992-0400][gc,heap     ] GC(973) Survivor regions: 5->5(7)
[2023-04-18T00:30:27.992-0400][gc,heap     ] GC(973) Old regions: 295->296
[2023-04-18T00:30:27.992-0400][gc,heap     ] GC(973) Archive regions: 2->2
[2023-04-18T00:30:27.992-0400][gc,heap     ] GC(973) Humongous regions: 129->129
[2023-04-18T00:30:27.992-0400][gc,metaspace] GC(973) Metaspace: 44230K(44928K)->44230K(44928K) NonClass: 39135K(39488K)->39135K(39488K) Class: 5095K(5440K)->5095K(5440K)
[2023-04-18T00:30:27.992-0400][gc          ] GC(973) Pause Young (Normal) (G1 Evacuation Pause) 475M->430M(1024M) 25.106ms
[2023-04-18T00:30:27.992-0400][gc,cpu      ] GC(973) User=0.05s Sys=0.04s Real=0.03s
[2023-04-18T00:30:59.309-0400][gc,start    ] GC(974) Pause Young (Normal) (G1 Evacuation Pause)
[2023-04-18T00:30:59.310-0400][gc,task     ] GC(974) Using 8 workers of 8 for evacuation
[2023-04-18T00:30:59.359-0400][gc,mmu      ] GC(974) MMU target violated: 21.0ms (20.0ms/21.0ms)
[2023-04-18T00:30:59.359-0400][gc,phases   ] GC(974)   Pre Evacuate Collection Set: 0.3ms
[2023-04-18T00:30:59.359-0400][gc,phases   ] GC(974)   Merge Heap Roots: 0.3ms
[2023-04-18T00:30:59.359-0400][gc,phases   ] GC(974)   Evacuate Collection Set: 45.9ms
[2023-04-18T00:30:59.359-0400][gc,phases   ] GC(974)   Post Evacuate Collection Set: 1.0ms
[2023-04-18T00:30:59.359-0400][gc,phases   ] GC(974)   Other: 1.2ms
[2023-04-18T00:30:59.359-0400][gc,heap     ] GC(974) Eden regions: 46->0(46)
[2023-04-18T00:30:59.359-0400][gc,heap     ] GC(974) Survivor regions: 5->5(7)
[2023-04-18T00:30:59.359-0400][gc,heap     ] GC(974) Old regions: 296->297
[2023-04-18T00:30:59.359-0400][gc,heap     ] GC(974) Archive regions: 2->2
[2023-04-18T00:30:59.359-0400][gc,heap     ] GC(974) Humongous regions: 129->129
[2023-04-18T00:30:59.359-0400][gc,metaspace] GC(974) Metaspace: 44230K(44928K)->44230K(44928K) NonClass: 39135K(39488K)->39135K(39488K) Class: 5095K(5440K)->5095K(5440K)
[2023-04-18T00:30:59.360-0400][gc          ] GC(974) Pause Young (Normal) (G1 Evacuation Pause) 476M->431M(1024M) 50.513ms
[2023-04-18T00:30:59.360-0400][gc,cpu      ] GC(974) User=0.06s Sys=0.04s Real=0.06s
[2023-04-18T00:31:31.289-0400][gc,start    ] GC(975) Pause Young (Normal) (G1 Evacuation Pause)
[2023-04-18T00:31:31.290-0400][gc,task     ] GC(975) Using 8 workers of 8 for evacuation
[2023-04-18T00:31:31.340-0400][gc,mmu      ] GC(975) MMU target violated: 21.0ms (20.0ms/21.0ms)
[2023-04-18T00:31:31.340-0400][gc,phases   ] GC(975)   Pre Evacuate Collection Set: 0.3ms
[2023-04-18T00:31:31.340-0400][gc,phases   ] GC(975)   Merge Heap Roots: 0.2ms
[2023-04-18T00:31:31.340-0400][gc,phases   ] GC(975)   Evacuate Collection Set: 48.9ms
[2023-04-18T00:31:31.340-0400][gc,phases   ] GC(975)   Post Evacuate Collection Set: 0.7ms
[2023-04-18T00:31:31.340-0400][gc,phases   ] GC(975)   Other: 0.3ms
[2023-04-18T00:31:31.341-0400][gc,heap     ] GC(975) Eden regions: 46->0(46)
[2023-04-18T00:31:31.341-0400][gc,heap     ] GC(975) Survivor regions: 5->5(7)
[2023-04-18T00:31:31.341-0400][gc,heap     ] GC(975) Old regions: 297->298
[2023-04-18T00:31:31.341-0400][gc,heap     ] GC(975) Archive regions: 2->2
[2023-04-18T00:31:31.341-0400][gc,heap     ] GC(975) Humongous regions: 129->129
[2023-04-18T00:31:31.341-0400][gc,metaspace] GC(975) Metaspace: 44230K(44928K)->44230K(44928K) NonClass: 39135K(39488K)->39135K(39488K) Class: 5095K(5440K)->5095K(5440K)
[2023-04-18T00:31:31.341-0400][gc          ] GC(975) Pause Young (Normal) (G1 Evacuation Pause) 477M->432M(1024M) 52.058ms
[2023-04-18T00:31:31.341-0400][gc,cpu      ] GC(975) User=0.06s Sys=0.03s Real=0.06s
[2023-04-18T00:32:02.713-0400][gc,start    ] GC(976) Pause Young (Normal) (G1 Evacuation Pause)
[2023-04-18T00:32:02.713-0400][gc,task     ] GC(976) Using 8 workers of 8 for evacuation
[2023-04-18T00:32:02.740-0400][gc,mmu      ] GC(976) MMU target violated: 21.0ms (20.0ms/21.0ms)
[2023-04-18T00:32:02.740-0400][gc,phases   ] GC(976)   Pre Evacuate Collection Set: 0.2ms
[2023-04-18T00:32:02.740-0400][gc,phases   ] GC(976)   Merge Heap Roots: 0.2ms
[2023-04-18T00:32:02.740-0400][gc,phases   ] GC(976)   Evacuate Collection Set: 24.6ms
[2023-04-18T00:32:02.740-0400][gc,phases   ] GC(976)   Post Evacuate Collection Set: 0.8ms
[2023-04-18T00:32:02.740-0400][gc,phases   ] GC(976)   Other: 1.1ms
[2023-04-18T00:32:02.740-0400][gc,heap     ] GC(976) Eden regions: 46->0(46)
[2023-04-18T00:32:02.740-0400][gc,heap     ] GC(976) Survivor regions: 5->5(7)
[2023-04-18T00:32:02.740-0400][gc,heap     ] GC(976) Old regions: 298->299
[2023-04-18T00:32:02.740-0400][gc,heap     ] GC(976) Archive regions: 2->2
[2023-04-18T00:32:02.740-0400][gc,heap     ] GC(976) Humongous regions: 129->129
[2023-04-18T00:32:02.740-0400][gc,metaspace] GC(976) Metaspace: 44230K(44928K)->44230K(44928K) NonClass: 39135K(39488K)->39135K(39488K) Class: 5095K(5440K)->5095K(5440K)
[2023-04-18T00:32:02.740-0400][gc          ] GC(976) Pause Young (Normal) (G1 Evacuation Pause) 478M->433M(1024M) 27.987ms
[2023-04-18T00:32:02.741-0400][gc,cpu      ] GC(976) User=0.05s Sys=0.02s Real=0.03s
[2023-04-18T00:32:33.807-0400][gc,start    ] GC(977) Pause Young (Normal) (G1 Evacuation Pause)
[2023-04-18T00:32:33.807-0400][gc,task     ] GC(977) Using 8 workers of 8 for evacuation
[2023-04-18T00:32:33.822-0400][gc,phases   ] GC(977)   Pre Evacuate Collection Set: 0.3ms
[2023-04-18T00:32:33.823-0400][gc,phases   ] GC(977)   Merge Heap Roots: 0.2ms
[2023-04-18T00:32:33.823-0400][gc,phases   ] GC(977)   Evacuate Collection Set: 13.5ms
[2023-04-18T00:32:33.823-0400][gc,phases   ] GC(977)   Post Evacuate Collection Set: 0.6ms
[2023-04-18T00:32:33.823-0400][gc,phases   ] GC(977)   Other: 0.5ms
[2023-04-18T00:32:33.823-0400][gc,heap     ] GC(977) Eden regions: 46->0(46)
[2023-04-18T00:32:33.823-0400][gc,heap     ] GC(977) Survivor regions: 5->5(7)
[2023-04-18T00:32:33.823-0400][gc,heap     ] GC(977) Old regions: 299->300
[2023-04-18T00:32:33.823-0400][gc,heap     ] GC(977) Archive regions: 2->2
[2023-04-18T00:32:33.823-0400][gc,heap     ] GC(977) Humongous regions: 129->129
[2023-04-18T00:32:33.823-0400][gc,metaspace] GC(977) Metaspace: 44230K(44928K)->44230K(44928K) NonClass: 39135K(39488K)->39135K(39488K) Class: 5095K(5440K)->5095K(5440K)
[2023-04-18T00:32:33.823-0400][gc          ] GC(977) Pause Young (Normal) (G1 Evacuation Pause) 479M->434M(1024M) 16.095ms
[2023-04-18T00:32:33.823-0400][gc,cpu      ] GC(977) User=0.05s Sys=0.01s Real=0.02s
[2023-04-18T00:33:05.042-0400][gc,start    ] GC(978) Pause Young (Normal) (G1 Evacuation Pause)
[2023-04-18T00:33:05.044-0400][gc,task     ] GC(978) Using 8 workers of 8 for evacuation
[2023-04-18T00:33:05.058-0400][gc,phases   ] GC(978)   Pre Evacuate Collection Set: 0.3ms
[2023-04-18T00:33:05.058-0400][gc,phases   ] GC(978)   Merge Heap Roots: 0.1ms
[2023-04-18T00:33:05.058-0400][gc,phases   ] GC(978)   Evacuate Collection Set: 13.6ms
[2023-04-18T00:33:05.058-0400][gc,phases   ] GC(978)   Post Evacuate Collection Set: 0.5ms
[2023-04-18T00:33:05.058-0400][gc,phases   ] GC(978)   Other: 0.2ms
[2023-04-18T00:33:05.058-0400][gc,heap     ] GC(978) Eden regions: 46->0(47)
[2023-04-18T00:33:05.059-0400][gc,heap     ] GC(978) Survivor regions: 5->4(7)
[2023-04-18T00:33:05.059-0400][gc,heap     ] GC(978) Old regions: 300->301
[2023-04-18T00:33:05.059-0400][gc,heap     ] GC(978) Archive regions: 2->2
[2023-04-18T00:33:05.059-0400][gc,heap     ] GC(978) Humongous regions: 129->129
[2023-04-18T00:33:05.059-0400][gc,metaspace] GC(978) Metaspace: 44230K(44928K)->44230K(44928K) NonClass: 39135K(39488K)->39135K(39488K) Class: 5095K(5440K)->5095K(5440K)
[2023-04-18T00:33:05.059-0400][gc          ] GC(978) Pause Young (Normal) (G1 Evacuation Pause) 480M->434M(1024M) 16.486ms
[2023-04-18T00:33:05.059-0400][gc,cpu      ] GC(978) User=0.05s Sys=0.02s Real=0.01s
[2023-04-18T00:33:36.674-0400][gc,start    ] GC(979) Pause Young (Normal) (G1 Evacuation Pause)
[2023-04-18T00:33:36.675-0400][gc,task     ] GC(979) Using 8 workers of 8 for evacuation
[2023-04-18T00:33:36.693-0400][gc,phases   ] GC(979)   Pre Evacuate Collection Set: 0.2ms
[2023-04-18T00:33:36.693-0400][gc,phases   ] GC(979)   Merge Heap Roots: 0.2ms
[2023-04-18T00:33:36.693-0400][gc,phases   ] GC(979)   Evacuate Collection Set: 16.1ms
[2023-04-18T00:33:36.693-0400][gc,phases   ] GC(979)   Post Evacuate Collection Set: 0.7ms
[2023-04-18T00:33:36.693-0400][gc,phases   ] GC(979)   Other: 1.1ms
[2023-04-18T00:33:36.693-0400][gc,heap     ] GC(979) Eden regions: 47->0(46)
[2023-04-18T00:33:36.693-0400][gc,heap     ] GC(979) Survivor regions: 4->5(7)
[2023-04-18T00:33:36.693-0400][gc,heap     ] GC(979) Old regions: 301->302
[2023-04-18T00:33:36.693-0400][gc,heap     ] GC(979) Archive regions: 2->2
[2023-04-18T00:33:36.693-0400][gc,heap     ] GC(979) Humongous regions: 129->129
[2023-04-18T00:33:36.693-0400][gc,metaspace] GC(979) Metaspace: 44230K(44928K)->44230K(44928K) NonClass: 39135K(39488K)->39135K(39488K) Class: 5095K(5440K)->5095K(5440K)
[2023-04-18T00:33:36.693-0400][gc          ] GC(979) Pause Young (Normal) (G1 Evacuation Pause) 481M->435M(1024M) 19.455ms
[2023-04-18T00:33:36.693-0400][gc,cpu      ] GC(979) User=0.05s Sys=0.02s Real=0.02s
[2023-04-18T00:34:08.598-0400][gc,start    ] GC(980) Pause Young (Normal) (G1 Evacuation Pause)
[2023-04-18T00:34:08.599-0400][gc,task     ] GC(980) Using 8 workers of 8 for evacuation
[2023-04-18T00:34:08.617-0400][gc,phases   ] GC(980)   Pre Evacuate Collection Set: 0.3ms
[2023-04-18T00:34:08.617-0400][gc,phases   ] GC(980)   Merge Heap Roots: 0.2ms
[2023-04-18T00:34:08.617-0400][gc,phases   ] GC(980)   Evacuate Collection Set: 15.0ms
[2023-04-18T00:34:08.617-0400][gc,phases   ] GC(980)   Post Evacuate Collection Set: 0.7ms
[2023-04-18T00:34:08.617-0400][gc,phases   ] GC(980)   Other: 1.5ms
[2023-04-18T00:34:08.617-0400][gc,heap     ] GC(980) Eden regions: 46->0(46)
[2023-04-18T00:34:08.617-0400][gc,heap     ] GC(980) Survivor regions: 5->5(7)
[2023-04-18T00:34:08.617-0400][gc,heap     ] GC(980) Old regions: 302->303
[2023-04-18T00:34:08.617-0400][gc,heap     ] GC(980) Archive regions: 2->2
[2023-04-18T00:34:08.617-0400][gc,heap     ] GC(980) Humongous regions: 129->129
[2023-04-18T00:34:08.617-0400][gc,metaspace] GC(980) Metaspace: 44230K(44928K)->44230K(44928K) NonClass: 39135K(39488K)->39135K(39488K) Class: 5095K(5440K)->5095K(5440K)
[2023-04-18T00:34:08.617-0400][gc          ] GC(980) Pause Young (Normal) (G1 Evacuation Pause) 481M->436M(1024M) 18.441ms
[2023-04-18T00:34:08.617-0400][gc,cpu      ] GC(980) User=0.05s Sys=0.02s Real=0.02s
[2023-04-18T00:34:41.055-0400][gc,start    ] GC(981) Pause Young (Normal) (G1 Evacuation Pause)
[2023-04-18T00:34:41.055-0400][gc,task     ] GC(981) Using 8 workers of 8 for evacuation
[2023-04-18T00:34:41.082-0400][gc,mmu      ] GC(981) MMU target violated: 21.0ms (20.0ms/21.0ms)
[2023-04-18T00:34:41.082-0400][gc,phases   ] GC(981)   Pre Evacuate Collection Set: 0.5ms
[2023-04-18T00:34:41.082-0400][gc,phases   ] GC(981)   Merge Heap Roots: 0.2ms
[2023-04-18T00:34:41.082-0400][gc,phases   ] GC(981)   Evacuate Collection Set: 24.9ms
[2023-04-18T00:34:41.082-0400][gc,phases   ] GC(981)   Post Evacuate Collection Set: 0.8ms
[2023-04-18T00:34:41.082-0400][gc,phases   ] GC(981)   Other: 0.4ms
[2023-04-18T00:34:41.082-0400][gc,heap     ] GC(981) Eden regions: 46->0(46)
[2023-04-18T00:34:41.083-0400][gc,heap     ] GC(981) Survivor regions: 5->5(7)
[2023-04-18T00:34:41.083-0400][gc,heap     ] GC(981) Old regions: 303->303
[2023-04-18T00:34:41.083-0400][gc,heap     ] GC(981) Archive regions: 2->2
[2023-04-18T00:34:41.083-0400][gc,heap     ] GC(981) Humongous regions: 129->129
[2023-04-18T00:34:41.083-0400][gc,metaspace] GC(981) Metaspace: 44230K(44928K)->44230K(44928K) NonClass: 39135K(39488K)->39135K(39488K) Class: 5095K(5440K)->5095K(5440K)
[2023-04-18T00:34:41.083-0400][gc          ] GC(981) Pause Young (Normal) (G1 Evacuation Pause) 482M->437M(1024M) 28.334ms
[2023-04-18T00:34:41.083-0400][gc,cpu      ] GC(981) User=0.06s Sys=0.03s Real=0.03s
[2023-04-18T00:35:12.532-0400][gc,start    ] GC(982) Pause Young (Normal) (G1 Evacuation Pause)
[2023-04-18T00:35:12.533-0400][gc,task     ] GC(982) Using 8 workers of 8 for evacuation
[2023-04-18T00:35:12.551-0400][gc,phases   ] GC(982)   Pre Evacuate Collection Set: 0.3ms
[2023-04-18T00:35:12.551-0400][gc,phases   ] GC(982)   Merge Heap Roots: 0.7ms
[2023-04-18T00:35:12.551-0400][gc,phases   ] GC(982)   Evacuate Collection Set: 15.2ms
[2023-04-18T00:35:12.551-0400][gc,phases   ] GC(982)   Post Evacuate Collection Set: 0.8ms
[2023-04-18T00:35:12.551-0400][gc,phases   ] GC(982)   Other: 1.2ms
[2023-04-18T00:35:12.551-0400][gc,heap     ] GC(982) Eden regions: 46->0(46)
[2023-04-18T00:35:12.551-0400][gc,heap     ] GC(982) Survivor regions: 5->5(7)
[2023-04-18T00:35:12.551-0400][gc,heap     ] GC(982) Old regions: 303->304
[2023-04-18T00:35:12.552-0400][gc,heap     ] GC(982) Archive regions: 2->2
[2023-04-18T00:35:12.552-0400][gc,heap     ] GC(982) Humongous regions: 129->129
[2023-04-18T00:35:12.552-0400][gc,metaspace] GC(982) Metaspace: 44230K(44928K)->44230K(44928K) NonClass: 39135K(39488K)->39135K(39488K) Class: 5095K(5440K)->5095K(5440K)
[2023-04-18T00:35:12.552-0400][gc          ] GC(982) Pause Young (Normal) (G1 Evacuation Pause) 483M->438M(1024M) 20.235ms
[2023-04-18T00:35:12.552-0400][gc,cpu      ] GC(982) User=0.06s Sys=0.02s Real=0.02s
[2023-04-18T00:35:43.873-0400][gc,start    ] GC(983) Pause Young (Normal) (G1 Evacuation Pause)
[2023-04-18T00:35:43.874-0400][gc,task     ] GC(983) Using 8 workers of 8 for evacuation
[2023-04-18T00:35:43.894-0400][gc,mmu      ] GC(983) MMU target violated: 20.5ms (20.0ms/21.0ms)
[2023-04-18T00:35:43.894-0400][gc,phases   ] GC(983)   Pre Evacuate Collection Set: 0.2ms
[2023-04-18T00:35:43.894-0400][gc,phases   ] GC(983)   Merge Heap Roots: 0.2ms
[2023-04-18T00:35:43.894-0400][gc,phases   ] GC(983)   Evacuate Collection Set: 18.7ms
[2023-04-18T00:35:43.894-0400][gc,phases   ] GC(983)   Post Evacuate Collection Set: 1.2ms
[2023-04-18T00:35:43.895-0400][gc,phases   ] GC(983)   Other: 0.4ms
[2023-04-18T00:35:43.895-0400][gc,heap     ] GC(983) Eden regions: 46->0(46)
[2023-04-18T00:35:43.895-0400][gc,heap     ] GC(983) Survivor regions: 5->5(7)
[2023-04-18T00:35:43.896-0400][gc,heap     ] GC(983) Old regions: 304->305
[2023-04-18T00:35:43.896-0400][gc,heap     ] GC(983) Archive regions: 2->2
[2023-04-18T00:35:43.896-0400][gc,heap     ] GC(983) Humongous regions: 129->129
[2023-04-18T00:35:43.896-0400][gc,metaspace] GC(983) Metaspace: 44230K(44928K)->44230K(44928K) NonClass: 39135K(39488K)->39135K(39488K) Class: 5095K(5440K)->5095K(5440K)
[2023-04-18T00:35:43.896-0400][gc          ] GC(983) Pause Young (Normal) (G1 Evacuation Pause) 484M->439M(1024M) 23.055ms
[2023-04-18T00:35:43.896-0400][gc,cpu      ] GC(983) User=0.05s Sys=0.03s Real=0.02s
[2023-04-18T00:36:15.458-0400][gc,start    ] GC(984) Pause Young (Normal) (G1 Evacuation Pause)
[2023-04-18T00:36:15.458-0400][gc,task     ] GC(984) Using 8 workers of 8 for evacuation
[2023-04-18T00:36:15.472-0400][gc,phases   ] GC(984)   Pre Evacuate Collection Set: 0.3ms
[2023-04-18T00:36:15.472-0400][gc,phases   ] GC(984)   Merge Heap Roots: 0.2ms
[2023-04-18T00:36:15.472-0400][gc,phases   ] GC(984)   Evacuate Collection Set: 11.9ms
[2023-04-18T00:36:15.472-0400][gc,phases   ] GC(984)   Post Evacuate Collection Set: 0.5ms
[2023-04-18T00:36:15.472-0400][gc,phases   ] GC(984)   Other: 0.2ms
[2023-04-18T00:36:15.472-0400][gc,heap     ] GC(984) Eden regions: 46->0(74)
[2023-04-18T00:36:15.472-0400][gc,heap     ] GC(984) Survivor regions: 5->5(7)
[2023-04-18T00:36:15.472-0400][gc,heap     ] GC(984) Old regions: 305->306
[2023-04-18T00:36:15.472-0400][gc,heap     ] GC(984) Archive regions: 2->2
[2023-04-18T00:36:15.472-0400][gc,heap     ] GC(984) Humongous regions: 129->129
[2023-04-18T00:36:15.472-0400][gc,metaspace] GC(984) Metaspace: 44230K(44928K)->44230K(44928K) NonClass: 39135K(39488K)->39135K(39488K) Class: 5095K(5440K)->5095K(5440K)
[2023-04-18T00:36:15.472-0400][gc          ] GC(984) Pause Young (Normal) (G1 Evacuation Pause) 485M->440M(1024M) 14.482ms
[2023-04-18T00:36:15.472-0400][gc,cpu      ] GC(984) User=0.06s Sys=0.01s Real=0.02s
[2023-04-18T00:37:06.470-0400][gc,start    ] GC(985) Pause Young (Normal) (G1 Evacuation Pause)
[2023-04-18T00:37:06.471-0400][gc,task     ] GC(985) Using 8 workers of 8 for evacuation
[2023-04-18T00:37:06.511-0400][gc,mmu      ] GC(985) MMU target violated: 21.0ms (20.0ms/21.0ms)
[2023-04-18T00:37:06.511-0400][gc,phases   ] GC(985)   Pre Evacuate Collection Set: 0.2ms
[2023-04-18T00:37:06.511-0400][gc,phases   ] GC(985)   Merge Heap Roots: 0.2ms
[2023-04-18T00:37:06.511-0400][gc,phases   ] GC(985)   Evacuate Collection Set: 38.4ms
[2023-04-18T00:37:06.511-0400][gc,phases   ] GC(985)   Post Evacuate Collection Set: 1.5ms
[2023-04-18T00:37:06.511-0400][gc,phases   ] GC(985)   Other: 0.3ms
[2023-04-18T00:37:06.511-0400][gc,heap     ] GC(985) Eden regions: 74->0(45)
[2023-04-18T00:37:06.511-0400][gc,heap     ] GC(985) Survivor regions: 5->6(10)
[2023-04-18T00:37:06.511-0400][gc,heap     ] GC(985) Old regions: 306->306
[2023-04-18T00:37:06.511-0400][gc,heap     ] GC(985) Archive regions: 2->2
[2023-04-18T00:37:06.512-0400][gc,heap     ] GC(985) Humongous regions: 129->129
[2023-04-18T00:37:06.512-0400][gc,metaspace] GC(985) Metaspace: 44230K(44928K)->44230K(44928K) NonClass: 39135K(39488K)->39135K(39488K) Class: 5095K(5440K)->5095K(5440K)
[2023-04-18T00:37:06.512-0400][gc          ] GC(985) Pause Young (Normal) (G1 Evacuation Pause) 514M->441M(1024M) 41.708ms
[2023-04-18T00:37:06.512-0400][gc,cpu      ] GC(985) User=0.06s Sys=0.08s Real=0.04s
[2023-04-18T00:37:36.442-0400][gc,start    ] GC(986) Pause Young (Normal) (G1 Evacuation Pause)
[2023-04-18T00:37:36.442-0400][gc,task     ] GC(986) Using 8 workers of 8 for evacuation
[2023-04-18T00:37:36.483-0400][gc,mmu      ] GC(986) MMU target violated: 21.0ms (20.0ms/21.0ms)
[2023-04-18T00:37:36.483-0400][gc,phases   ] GC(986)   Pre Evacuate Collection Set: 0.3ms
[2023-04-18T00:37:36.483-0400][gc,phases   ] GC(986)   Merge Heap Roots: 0.2ms
[2023-04-18T00:37:36.483-0400][gc,phases   ] GC(986)   Evacuate Collection Set: 39.9ms
[2023-04-18T00:37:36.483-0400][gc,phases   ] GC(986)   Post Evacuate Collection Set: 0.5ms
[2023-04-18T00:37:36.483-0400][gc,phases   ] GC(986)   Other: 0.3ms
[2023-04-18T00:37:36.483-0400][gc,heap     ] GC(986) Eden regions: 45->0(46)
[2023-04-18T00:37:36.483-0400][gc,heap     ] GC(986) Survivor regions: 6->5(7)
[2023-04-18T00:37:36.483-0400][gc,heap     ] GC(986) Old regions: 306->309
[2023-04-18T00:37:36.483-0400][gc,heap     ] GC(986) Archive regions: 2->2
[2023-04-18T00:37:36.484-0400][gc,heap     ] GC(986) Humongous regions: 129->129
[2023-04-18T00:37:36.484-0400][gc,metaspace] GC(986) Metaspace: 44230K(44928K)->44230K(44928K) NonClass: 39135K(39488K)->39135K(39488K) Class: 5095K(5440K)->5095K(5440K)
[2023-04-18T00:37:36.484-0400][gc          ] GC(986) Pause Young (Normal) (G1 Evacuation Pause) 486M->442M(1024M) 41.511ms
[2023-04-18T00:37:36.484-0400][gc,cpu      ] GC(986) User=0.07s Sys=0.06s Real=0.04s
[2023-04-18T00:38:07.161-0400][gc,start    ] GC(987) Pause Young (Normal) (G1 Evacuation Pause)
[2023-04-18T00:38:07.161-0400][gc,task     ] GC(987) Using 8 workers of 8 for evacuation
[2023-04-18T00:38:07.173-0400][gc,phases   ] GC(987)   Pre Evacuate Collection Set: 0.2ms
[2023-04-18T00:38:07.173-0400][gc,phases   ] GC(987)   Merge Heap Roots: 0.2ms
[2023-04-18T00:38:07.173-0400][gc,phases   ] GC(987)   Evacuate Collection Set: 10.7ms
[2023-04-18T00:38:07.173-0400][gc,phases   ] GC(987)   Post Evacuate Collection Set: 0.6ms
[2023-04-18T00:38:07.173-0400][gc,phases   ] GC(987)   Other: 0.2ms
[2023-04-18T00:38:07.173-0400][gc,heap     ] GC(987) Eden regions: 46->0(47)
[2023-04-18T00:38:07.173-0400][gc,heap     ] GC(987) Survivor regions: 5->4(7)
[2023-04-18T00:38:07.173-0400][gc,heap     ] GC(987) Old regions: 309->310
[2023-04-18T00:38:07.173-0400][gc,heap     ] GC(987) Archive regions: 2->2
[2023-04-18T00:38:07.173-0400][gc,heap     ] GC(987) Humongous regions: 129->129
[2023-04-18T00:38:07.173-0400][gc,metaspace] GC(987) Metaspace: 44230K(44928K)->44230K(44928K) NonClass: 39135K(39488K)->39135K(39488K) Class: 5095K(5440K)->5095K(5440K)
[2023-04-18T00:38:07.173-0400][gc          ] GC(987) Pause Young (Normal) (G1 Evacuation Pause) 488M->442M(1024M) 12.335ms
[2023-04-18T00:38:07.173-0400][gc,cpu      ] GC(987) User=0.05s Sys=0.02s Real=0.01s
[2023-04-18T00:38:38.603-0400][gc,start    ] GC(988) Pause Young (Normal) (G1 Evacuation Pause)
[2023-04-18T00:38:38.603-0400][gc,task     ] GC(988) Using 8 workers of 8 for evacuation
[2023-04-18T00:38:38.619-0400][gc,phases   ] GC(988)   Pre Evacuate Collection Set: 0.2ms
[2023-04-18T00:38:38.619-0400][gc,phases   ] GC(988)   Merge Heap Roots: 0.2ms
[2023-04-18T00:38:38.619-0400][gc,phases   ] GC(988)   Evacuate Collection Set: 13.4ms
[2023-04-18T00:38:38.619-0400][gc,phases   ] GC(988)   Post Evacuate Collection Set: 0.9ms
[2023-04-18T00:38:38.619-0400][gc,phases   ] GC(988)   Other: 1.0ms
[2023-04-18T00:38:38.619-0400][gc,heap     ] GC(988) Eden regions: 47->0(46)
[2023-04-18T00:38:38.619-0400][gc,heap     ] GC(988) Survivor regions: 4->5(7)
[2023-04-18T00:38:38.619-0400][gc,heap     ] GC(988) Old regions: 310->310
[2023-04-18T00:38:38.619-0400][gc,heap     ] GC(988) Archive regions: 2->2
[2023-04-18T00:38:38.619-0400][gc,heap     ] GC(988) Humongous regions: 129->129
[2023-04-18T00:38:38.619-0400][gc,metaspace] GC(988) Metaspace: 44230K(44928K)->44230K(44928K) NonClass: 39135K(39488K)->39135K(39488K) Class: 5095K(5440K)->5095K(5440K)
[2023-04-18T00:38:38.619-0400][gc          ] GC(988) Pause Young (Normal) (G1 Evacuation Pause) 489M->444M(1024M) 16.337ms
[2023-04-18T00:38:38.620-0400][gc,cpu      ] GC(988) User=0.05s Sys=0.01s Real=0.02s
[2023-04-18T00:39:09.574-0400][gc,start    ] GC(989) Pause Young (Normal) (G1 Evacuation Pause)
[2023-04-18T00:39:09.574-0400][gc,task     ] GC(989) Using 8 workers of 8 for evacuation
[2023-04-18T00:39:09.594-0400][gc,phases   ] GC(989)   Pre Evacuate Collection Set: 0.2ms
[2023-04-18T00:39:09.594-0400][gc,phases   ] GC(989)   Merge Heap Roots: 0.2ms
[2023-04-18T00:39:09.594-0400][gc,phases   ] GC(989)   Evacuate Collection Set: 18.0ms
[2023-04-18T00:39:09.594-0400][gc,phases   ] GC(989)   Post Evacuate Collection Set: 0.8ms
[2023-04-18T00:39:09.594-0400][gc,phases   ] GC(989)   Other: 0.9ms
[2023-04-18T00:39:09.594-0400][gc,heap     ] GC(989) Eden regions: 46->0(78)
[2023-04-18T00:39:09.594-0400][gc,heap     ] GC(989) Survivor regions: 5->4(7)
[2023-04-18T00:39:09.594-0400][gc,heap     ] GC(989) Old regions: 310->312
[2023-04-18T00:39:09.594-0400][gc,heap     ] GC(989) Archive regions: 2->2
[2023-04-18T00:39:09.594-0400][gc,heap     ] GC(989) Humongous regions: 129->129
[2023-04-18T00:39:09.594-0400][gc,metaspace] GC(989) Metaspace: 44230K(44928K)->44230K(44928K) NonClass: 39135K(39488K)->39135K(39488K) Class: 5095K(5440K)->5095K(5440K)
[2023-04-18T00:39:09.594-0400][gc          ] GC(989) Pause Young (Normal) (G1 Evacuation Pause) 490M->444M(1024M) 20.426ms
[2023-04-18T00:39:09.594-0400][gc,cpu      ] GC(989) User=0.05s Sys=0.01s Real=0.02s
[2023-04-18T00:39:58.381-0400][gc,start    ] GC(990) Pause Young (Normal) (G1 Evacuation Pause)
[2023-04-18T00:39:58.381-0400][gc,task     ] GC(990) Using 8 workers of 8 for evacuation
[2023-04-18T00:39:58.393-0400][gc,phases   ] GC(990)   Pre Evacuate Collection Set: 0.6ms
[2023-04-18T00:39:58.393-0400][gc,phases   ] GC(990)   Merge Heap Roots: 0.2ms
[2023-04-18T00:39:58.393-0400][gc,phases   ] GC(990)   Evacuate Collection Set: 10.1ms
[2023-04-18T00:39:58.393-0400][gc,phases   ] GC(990)   Post Evacuate Collection Set: 0.8ms
[2023-04-18T00:39:58.393-0400][gc,phases   ] GC(990)   Other: 0.2ms
[2023-04-18T00:39:58.393-0400][gc,heap     ] GC(990) Eden regions: 73->0(58)
[2023-04-18T00:39:58.393-0400][gc,heap     ] GC(990) Survivor regions: 4->5(10)
[2023-04-18T00:39:58.393-0400][gc,heap     ] GC(990) Old regions: 312->312
[2023-04-18T00:39:58.393-0400][gc,heap     ] GC(990) Archive regions: 2->2
[2023-04-18T00:39:58.393-0400][gc,heap     ] GC(990) Humongous regions: 129->129
[2023-04-18T00:39:58.393-0400][gc,metaspace] GC(990) Metaspace: 44230K(44928K)->44230K(44928K) NonClass: 39135K(39488K)->39135K(39488K) Class: 5095K(5440K)->5095K(5440K)
[2023-04-18T00:39:58.393-0400][gc          ] GC(990) Pause Young (Normal) (G1 Evacuation Pause) 517M->446M(1024M) 12.471ms
[2023-04-18T00:39:58.393-0400][gc,cpu      ] GC(990) User=0.05s Sys=0.01s Real=0.01s
[2023-04-18T00:40:37.897-0400][gc,start    ] GC(991) Pause Young (Normal) (G1 Evacuation Pause)
[2023-04-18T00:40:37.897-0400][gc,task     ] GC(991) Using 8 workers of 8 for evacuation
[2023-04-18T00:40:37.919-0400][gc,mmu      ] GC(991) MMU target violated: 21.0ms (20.0ms/21.0ms)
[2023-04-18T00:40:37.919-0400][gc,phases   ] GC(991)   Pre Evacuate Collection Set: 0.1ms
[2023-04-18T00:40:37.919-0400][gc,phases   ] GC(991)   Merge Heap Roots: 0.2ms
[2023-04-18T00:40:37.919-0400][gc,phases   ] GC(991)   Evacuate Collection Set: 20.2ms
[2023-04-18T00:40:37.919-0400][gc,phases   ] GC(991)   Post Evacuate Collection Set: 0.6ms
[2023-04-18T00:40:37.919-0400][gc,phases   ] GC(991)   Other: 0.2ms
[2023-04-18T00:40:37.919-0400][gc,heap     ] GC(991) Eden regions: 58->0(49)
[2023-04-18T00:40:37.919-0400][gc,heap     ] GC(991) Survivor regions: 5->5(8)
[2023-04-18T00:40:37.919-0400][gc,heap     ] GC(991) Old regions: 312->313
[2023-04-18T00:40:37.919-0400][gc,heap     ] GC(991) Archive regions: 2->2
[2023-04-18T00:40:37.919-0400][gc,heap     ] GC(991) Humongous regions: 129->129
[2023-04-18T00:40:37.919-0400][gc,metaspace] GC(991) Metaspace: 44230K(44928K)->44230K(44928K) NonClass: 39135K(39488K)->39135K(39488K) Class: 5095K(5440K)->5095K(5440K)
[2023-04-18T00:40:37.919-0400][gc          ] GC(991) Pause Young (Normal) (G1 Evacuation Pause) 504M->447M(1024M) 21.756ms
[2023-04-18T00:40:37.919-0400][gc,cpu      ] GC(991) User=0.05s Sys=0.04s Real=0.02s
[2023-04-18T00:41:10.672-0400][gc,start    ] GC(992) Pause Young (Normal) (G1 Evacuation Pause)
[2023-04-18T00:41:10.672-0400][gc,task     ] GC(992) Using 8 workers of 8 for evacuation
[2023-04-18T00:41:10.693-0400][gc,mmu      ] GC(992) MMU target violated: 21.0ms (20.0ms/21.0ms)
[2023-04-18T00:41:10.693-0400][gc,phases   ] GC(992)   Pre Evacuate Collection Set: 0.2ms
[2023-04-18T00:41:10.694-0400][gc,phases   ] GC(992)   Merge Heap Roots: 0.2ms
[2023-04-18T00:41:10.694-0400][gc,phases   ] GC(992)   Evacuate Collection Set: 20.1ms
[2023-04-18T00:41:10.694-0400][gc,phases   ] GC(992)   Post Evacuate Collection Set: 0.6ms
[2023-04-18T00:41:10.694-0400][gc,phases   ] GC(992)   Other: 0.4ms
[2023-04-18T00:41:10.694-0400][gc,heap     ] GC(992) Eden regions: 49->0(56)
[2023-04-18T00:41:10.694-0400][gc,heap     ] GC(992) Survivor regions: 5->5(7)
[2023-04-18T00:41:10.694-0400][gc,heap     ] GC(992) Old regions: 313->314
[2023-04-18T00:41:10.694-0400][gc,heap     ] GC(992) Archive regions: 2->2
[2023-04-18T00:41:10.694-0400][gc,heap     ] GC(992) Humongous regions: 129->129
[2023-04-18T00:41:10.694-0400][gc,metaspace] GC(992) Metaspace: 44230K(44928K)->44230K(44928K) NonClass: 39135K(39488K)->39135K(39488K) Class: 5095K(5440K)->5095K(5440K)
[2023-04-18T00:41:10.694-0400][gc          ] GC(992) Pause Young (Normal) (G1 Evacuation Pause) 496M->448M(1024M) 21.999ms
[2023-04-18T00:41:10.694-0400][gc,cpu      ] GC(992) User=0.06s Sys=0.04s Real=0.02s
[2023-04-18T00:41:48.475-0400][gc,start    ] GC(993) Pause Young (Normal) (G1 Evacuation Pause)
[2023-04-18T00:41:48.475-0400][gc,task     ] GC(993) Using 8 workers of 8 for evacuation
[2023-04-18T00:41:48.489-0400][gc,phases   ] GC(993)   Pre Evacuate Collection Set: 0.2ms
[2023-04-18T00:41:48.489-0400][gc,phases   ] GC(993)   Merge Heap Roots: 0.2ms
[2023-04-18T00:41:48.489-0400][gc,phases   ] GC(993)   Evacuate Collection Set: 12.5ms
[2023-04-18T00:41:48.490-0400][gc,phases   ] GC(993)   Post Evacuate Collection Set: 1.1ms
[2023-04-18T00:41:48.490-0400][gc,phases   ] GC(993)   Other: 0.2ms
[2023-04-18T00:41:48.490-0400][gc,heap     ] GC(993) Eden regions: 56->0(89)
[2023-04-18T00:41:48.490-0400][gc,heap     ] GC(993) Survivor regions: 5->5(8)
[2023-04-18T00:41:48.490-0400][gc,heap     ] GC(993) Old regions: 314->314
[2023-04-18T00:41:48.490-0400][gc,heap     ] GC(993) Archive regions: 2->2
[2023-04-18T00:41:48.490-0400][gc,heap     ] GC(993) Humongous regions: 129->129
[2023-04-18T00:41:48.490-0400][gc,metaspace] GC(993) Metaspace: 44230K(44928K)->44230K(44928K) NonClass: 39135K(39488K)->39135K(39488K) Class: 5095K(5440K)->5095K(5440K)
[2023-04-18T00:41:48.490-0400][gc          ] GC(993) Pause Young (Normal) (G1 Evacuation Pause) 504M->448M(1024M) 15.299ms
[2023-04-18T00:41:48.490-0400][gc,cpu      ] GC(993) User=0.05s Sys=0.00s Real=0.02s
[2023-04-18T00:42:48.756-0400][gc,start    ] GC(994) Pause Young (Normal) (G1 Evacuation Pause)
[2023-04-18T00:42:48.756-0400][gc,task     ] GC(994) Using 8 workers of 8 for evacuation
[2023-04-18T00:42:48.793-0400][gc,mmu      ] GC(994) MMU target violated: 21.0ms (20.0ms/21.0ms)
[2023-04-18T00:42:48.793-0400][gc,phases   ] GC(994)   Pre Evacuate Collection Set: 0.3ms
[2023-04-18T00:42:48.793-0400][gc,phases   ] GC(994)   Merge Heap Roots: 0.2ms
[2023-04-18T00:42:48.793-0400][gc,phases   ] GC(994)   Evacuate Collection Set: 35.5ms
[2023-04-18T00:42:48.793-0400][gc,phases   ] GC(994)   Post Evacuate Collection Set: 0.7ms
[2023-04-18T00:42:48.793-0400][gc,phases   ] GC(994)   Other: 0.3ms
[2023-04-18T00:42:48.793-0400][gc,heap     ] GC(994) Eden regions: 89->0(44)
[2023-04-18T00:42:48.793-0400][gc,heap     ] GC(994) Survivor regions: 5->7(12)
[2023-04-18T00:42:48.793-0400][gc,heap     ] GC(994) Old regions: 314->314
[2023-04-18T00:42:48.793-0400][gc,heap     ] GC(994) Archive regions: 2->2
[2023-04-18T00:42:48.793-0400][gc,heap     ] GC(994) Humongous regions: 129->129
[2023-04-18T00:42:48.793-0400][gc,metaspace] GC(994) Metaspace: 44230K(44928K)->44230K(44928K) NonClass: 39135K(39488K)->39135K(39488K) Class: 5095K(5440K)->5095K(5440K)
[2023-04-18T00:42:48.793-0400][gc          ] GC(994) Pause Young (Normal) (G1 Evacuation Pause) 537M->450M(1024M) 37.492ms
[2023-04-18T00:42:48.794-0400][gc,cpu      ] GC(994) User=0.07s Sys=0.08s Real=0.04s
[2023-04-18T00:43:19.010-0400][gc,start    ] GC(995) Pause Young (Normal) (G1 Evacuation Pause)
[2023-04-18T00:43:19.010-0400][gc,task     ] GC(995) Using 8 workers of 8 for evacuation
[2023-04-18T00:43:19.056-0400][gc,mmu      ] GC(995) MMU target violated: 21.0ms (20.0ms/21.0ms)
[2023-04-18T00:43:19.056-0400][gc,phases   ] GC(995)   Pre Evacuate Collection Set: 0.2ms
[2023-04-18T00:43:19.056-0400][gc,phases   ] GC(995)   Merge Heap Roots: 0.1ms
[2023-04-18T00:43:19.056-0400][gc,phases   ] GC(995)   Evacuate Collection Set: 44.7ms
[2023-04-18T00:43:19.056-0400][gc,phases   ] GC(995)   Post Evacuate Collection Set: 0.6ms
[2023-04-18T00:43:19.056-0400][gc,phases   ] GC(995)   Other: 0.2ms
[2023-04-18T00:43:19.056-0400][gc,heap     ] GC(995) Eden regions: 44->0(46)
[2023-04-18T00:43:19.056-0400][gc,heap     ] GC(995) Survivor regions: 7->5(7)
[2023-04-18T00:43:19.056-0400][gc,heap     ] GC(995) Old regions: 314->317
[2023-04-18T00:43:19.056-0400][gc,heap     ] GC(995) Archive regions: 2->2
[2023-04-18T00:43:19.056-0400][gc,heap     ] GC(995) Humongous regions: 129->129
[2023-04-18T00:43:19.056-0400][gc,metaspace] GC(995) Metaspace: 44230K(44928K)->44230K(44928K) NonClass: 39135K(39488K)->39135K(39488K) Class: 5095K(5440K)->5095K(5440K)
[2023-04-18T00:43:19.056-0400][gc          ] GC(995) Pause Young (Normal) (G1 Evacuation Pause) 494M->451M(1024M) 46.324ms
[2023-04-18T00:43:19.056-0400][gc,cpu      ] GC(995) User=0.07s Sys=0.05s Real=0.04s
[2023-04-18T00:43:50.359-0400][gc,start    ] GC(996) Pause Young (Normal) (G1 Evacuation Pause)
[2023-04-18T00:43:50.359-0400][gc,task     ] GC(996) Using 8 workers of 8 for evacuation
[2023-04-18T00:43:50.376-0400][gc,phases   ] GC(996)   Pre Evacuate Collection Set: 0.2ms
[2023-04-18T00:43:50.376-0400][gc,phases   ] GC(996)   Merge Heap Roots: 0.3ms
[2023-04-18T00:43:50.376-0400][gc,phases   ] GC(996)   Evacuate Collection Set: 15.9ms
[2023-04-18T00:43:50.376-0400][gc,phases   ] GC(996)   Post Evacuate Collection Set: 0.7ms
[2023-04-18T00:43:50.376-0400][gc,phases   ] GC(996)   Other: 0.2ms
[2023-04-18T00:43:50.376-0400][gc,heap     ] GC(996) Eden regions: 46->0(46)
[2023-04-18T00:43:50.376-0400][gc,heap     ] GC(996) Survivor regions: 5->5(7)
[2023-04-18T00:43:50.376-0400][gc,heap     ] GC(996) Old regions: 317->318
[2023-04-18T00:43:50.376-0400][gc,heap     ] GC(996) Archive regions: 2->2
[2023-04-18T00:43:50.377-0400][gc,heap     ] GC(996) Humongous regions: 129->129
[2023-04-18T00:43:50.377-0400][gc,metaspace] GC(996) Metaspace: 44230K(44928K)->44230K(44928K) NonClass: 39135K(39488K)->39135K(39488K) Class: 5095K(5440K)->5095K(5440K)
[2023-04-18T00:43:50.377-0400][gc          ] GC(996) Pause Young (Normal) (G1 Evacuation Pause) 497M->452M(1024M) 17.777ms
[2023-04-18T00:43:50.377-0400][gc,cpu      ] GC(996) User=0.04s Sys=0.01s Real=0.02s
[2023-04-18T00:44:21.392-0400][gc,start    ] GC(997) Pause Young (Normal) (G1 Evacuation Pause)
[2023-04-18T00:44:21.392-0400][gc,task     ] GC(997) Using 8 workers of 8 for evacuation
[2023-04-18T00:44:21.406-0400][gc,phases   ] GC(997)   Pre Evacuate Collection Set: 0.2ms
[2023-04-18T00:44:21.406-0400][gc,phases   ] GC(997)   Merge Heap Roots: 0.3ms
[2023-04-18T00:44:21.406-0400][gc,phases   ] GC(997)   Evacuate Collection Set: 13.2ms
[2023-04-18T00:44:21.406-0400][gc,phases   ] GC(997)   Post Evacuate Collection Set: 0.5ms
[2023-04-18T00:44:21.406-0400][gc,phases   ] GC(997)   Other: 0.2ms
[2023-04-18T00:44:21.406-0400][gc,heap     ] GC(997) Eden regions: 46->0(46)
[2023-04-18T00:44:21.406-0400][gc,heap     ] GC(997) Survivor regions: 5->5(7)
[2023-04-18T00:44:21.406-0400][gc,heap     ] GC(997) Old regions: 318->319
[2023-04-18T00:44:21.406-0400][gc,heap     ] GC(997) Archive regions: 2->2
[2023-04-18T00:44:21.406-0400][gc,heap     ] GC(997) Humongous regions: 129->129
[2023-04-18T00:44:21.406-0400][gc,metaspace] GC(997) Metaspace: 44230K(44928K)->44230K(44928K) NonClass: 39135K(39488K)->39135K(39488K) Class: 5095K(5440K)->5095K(5440K)
[2023-04-18T00:44:21.407-0400][gc          ] GC(997) Pause Young (Normal) (G1 Evacuation Pause) 498M->452M(1024M) 14.937ms
[2023-04-18T00:44:21.407-0400][gc,cpu      ] GC(997) User=0.05s Sys=0.01s Real=0.01s
[2023-04-18T00:44:52.317-0400][gc,start    ] GC(998) Pause Young (Normal) (G1 Evacuation Pause)
[2023-04-18T00:44:52.317-0400][gc,task     ] GC(998) Using 8 workers of 8 for evacuation
[2023-04-18T00:44:52.333-0400][gc,phases   ] GC(998)   Pre Evacuate Collection Set: 0.1ms
[2023-04-18T00:44:52.333-0400][gc,phases   ] GC(998)   Merge Heap Roots: 0.1ms
[2023-04-18T00:44:52.333-0400][gc,phases   ] GC(998)   Evacuate Collection Set: 15.1ms
[2023-04-18T00:44:52.333-0400][gc,phases   ] GC(998)   Post Evacuate Collection Set: 0.6ms
[2023-04-18T00:44:52.333-0400][gc,phases   ] GC(998)   Other: 0.2ms
[2023-04-18T00:44:52.333-0400][gc,heap     ] GC(998) Eden regions: 46->0(102)
[2023-04-18T00:44:52.333-0400][gc,heap     ] GC(998) Survivor regions: 5->4(7)
[2023-04-18T00:44:52.334-0400][gc,heap     ] GC(998) Old regions: 319->321
[2023-04-18T00:44:52.334-0400][gc,heap     ] GC(998) Archive regions: 2->2
[2023-04-18T00:44:52.334-0400][gc,heap     ] GC(998) Humongous regions: 129->129
[2023-04-18T00:44:52.334-0400][gc,metaspace] GC(998) Metaspace: 44230K(44928K)->44230K(44928K) NonClass: 39135K(39488K)->39135K(39488K) Class: 5095K(5440K)->5095K(5440K)
[2023-04-18T00:44:52.334-0400][gc          ] GC(998) Pause Young (Normal) (G1 Evacuation Pause) 498M->454M(1024M) 16.510ms
[2023-04-18T00:44:52.334-0400][gc,cpu      ] GC(998) User=0.04s Sys=0.02s Real=0.02s
[2023-04-18T00:46:00.951-0400][gc,start    ] GC(999) Pause Young (Normal) (G1 Evacuation Pause)
[2023-04-18T00:46:00.952-0400][gc,task     ] GC(999) Using 8 workers of 8 for evacuation
[2023-04-18T00:46:00.995-0400][gc,mmu      ] GC(999) MMU target violated: 21.0ms (20.0ms/21.0ms)
[2023-04-18T00:46:00.995-0400][gc,phases   ] GC(999)   Pre Evacuate Collection Set: 1.0ms
[2023-04-18T00:46:00.995-0400][gc,phases   ] GC(999)   Merge Heap Roots: 1.0ms
[2023-04-18T00:46:00.995-0400][gc,phases   ] GC(999)   Evacuate Collection Set: 34.0ms
[2023-04-18T00:46:00.995-0400][gc,phases   ] GC(999)   Post Evacuate Collection Set: 6.5ms
[2023-04-18T00:46:00.995-0400][gc,phases   ] GC(999)   Other: 0.4ms
[2023-04-18T00:46:00.995-0400][gc,heap     ] GC(999) Eden regions: 99->0(45)
[2023-04-18T00:46:00.995-0400][gc,heap     ] GC(999) Survivor regions: 4->6(13)
[2023-04-18T00:46:00.995-0400][gc,heap     ] GC(999) Old regions: 321->321
[2023-04-18T00:46:00.995-0400][gc,heap     ] GC(999) Archive regions: 2->2
[2023-04-18T00:46:00.995-0400][gc,heap     ] GC(999) Humongous regions: 129->129
[2023-04-18T00:46:00.995-0400][gc,metaspace] GC(999) Metaspace: 44230K(44928K)->44230K(44928K) NonClass: 39135K(39488K)->39135K(39488K) Class: 5095K(5440K)->5095K(5440K)
[2023-04-18T00:46:00.995-0400][gc          ] GC(999) Pause Young (Normal) (G1 Evacuation Pause) 553M->455M(1024M) 43.944ms
[2023-04-18T00:46:00.995-0400][gc,cpu      ] GC(999) User=0.06s Sys=0.05s Real=0.04s
[2023-04-18T00:46:30.446-0400][gc,start    ] GC(1000) Pause Young (Normal) (G1 Evacuation Pause)
[2023-04-18T00:46:30.446-0400][gc,task     ] GC(1000) Using 8 workers of 8 for evacuation
[2023-04-18T00:46:30.462-0400][gc,phases   ] GC(1000)   Pre Evacuate Collection Set: 0.1ms
[2023-04-18T00:46:30.462-0400][gc,phases   ] GC(1000)   Merge Heap Roots: 0.1ms
[2023-04-18T00:46:30.462-0400][gc,phases   ] GC(1000)   Evacuate Collection Set: 15.1ms
[2023-04-18T00:46:30.462-0400][gc,phases   ] GC(1000)   Post Evacuate Collection Set: 0.4ms
[2023-04-18T00:46:30.462-0400][gc,phases   ] GC(1000)   Other: 0.1ms
[2023-04-18T00:46:30.462-0400][gc,heap     ] GC(1000) Eden regions: 45->0(46)
[2023-04-18T00:46:30.462-0400][gc,heap     ] GC(1000) Survivor regions: 6->5(7)
[2023-04-18T00:46:30.462-0400][gc,heap     ] GC(1000) Old regions: 321->323
[2023-04-18T00:46:30.462-0400][gc,heap     ] GC(1000) Archive regions: 2->2
[2023-04-18T00:46:30.462-0400][gc,heap     ] GC(1000) Humongous regions: 129->129
[2023-04-18T00:46:30.462-0400][gc,metaspace] GC(1000) Metaspace: 44230K(44928K)->44230K(44928K) NonClass: 39135K(39488K)->39135K(39488K) Class: 5095K(5440K)->5095K(5440K)
[2023-04-18T00:46:30.462-0400][gc          ] GC(1000) Pause Young (Normal) (G1 Evacuation Pause) 500M->456M(1024M) 16.101ms
[2023-04-18T00:46:30.462-0400][gc,cpu      ] GC(1000) User=0.03s Sys=0.02s Real=0.02s
[2023-04-18T00:46:59.111-0400][gc,start    ] GC(1001) Pause Young (Normal) (G1 Evacuation Pause)
[2023-04-18T00:46:59.111-0400][gc,task     ] GC(1001) Using 8 workers of 8 for evacuation
[2023-04-18T00:46:59.118-0400][gc,phases   ] GC(1001)   Pre Evacuate Collection Set: 0.1ms
[2023-04-18T00:46:59.118-0400][gc,phases   ] GC(1001)   Merge Heap Roots: 0.1ms
[2023-04-18T00:46:59.118-0400][gc,phases   ] GC(1001)   Evacuate Collection Set: 6.4ms
[2023-04-18T00:46:59.118-0400][gc,phases   ] GC(1001)   Post Evacuate Collection Set: 0.3ms
[2023-04-18T00:46:59.118-0400][gc,phases   ] GC(1001)   Other: 0.1ms
[2023-04-18T00:46:59.118-0400][gc,heap     ] GC(1001) Eden regions: 46->0(46)
[2023-04-18T00:46:59.118-0400][gc,heap     ] GC(1001) Survivor regions: 5->5(7)
[2023-04-18T00:46:59.118-0400][gc,heap     ] GC(1001) Old regions: 323->324
[2023-04-18T00:46:59.118-0400][gc,heap     ] GC(1001) Archive regions: 2->2
[2023-04-18T00:46:59.118-0400][gc,heap     ] GC(1001) Humongous regions: 129->129
[2023-04-18T00:46:59.118-0400][gc,metaspace] GC(1001) Metaspace: 44230K(44928K)->44230K(44928K) NonClass: 39135K(39488K)->39135K(39488K) Class: 5095K(5440K)->5095K(5440K)
[2023-04-18T00:46:59.118-0400][gc          ] GC(1001) Pause Young (Normal) (G1 Evacuation Pause) 502M->457M(1024M) 7.050ms
[2023-04-18T00:46:59.118-0400][gc,cpu      ] GC(1001) User=0.02s Sys=0.01s Real=0.00s
[2023-04-18T00:47:28.614-0400][gc,start    ] GC(1002) Pause Young (Normal) (G1 Evacuation Pause)
[2023-04-18T00:47:28.615-0400][gc,task     ] GC(1002) Using 8 workers of 8 for evacuation
[2023-04-18T00:47:28.631-0400][gc,phases   ] GC(1002)   Pre Evacuate Collection Set: 0.2ms
[2023-04-18T00:47:28.631-0400][gc,phases   ] GC(1002)   Merge Heap Roots: 0.2ms
[2023-04-18T00:47:28.631-0400][gc,phases   ] GC(1002)   Evacuate Collection Set: 14.2ms
[2023-04-18T00:47:28.631-0400][gc,phases   ] GC(1002)   Post Evacuate Collection Set: 0.5ms
[2023-04-18T00:47:28.631-0400][gc,phases   ] GC(1002)   Other: 1.0ms
[2023-04-18T00:47:28.631-0400][gc,heap     ] GC(1002) Eden regions: 46->0(65)
[2023-04-18T00:47:28.631-0400][gc,heap     ] GC(1002) Survivor regions: 5->5(7)
[2023-04-18T00:47:28.631-0400][gc,heap     ] GC(1002) Old regions: 324->325
[2023-04-18T00:47:28.631-0400][gc,heap     ] GC(1002) Archive regions: 2->2
[2023-04-18T00:47:28.631-0400][gc,heap     ] GC(1002) Humongous regions: 129->129
[2023-04-18T00:47:28.631-0400][gc,metaspace] GC(1002) Metaspace: 44230K(44928K)->44230K(44928K) NonClass: 39135K(39488K)->39135K(39488K) Class: 5095K(5440K)->5095K(5440K)
[2023-04-18T00:47:28.631-0400][gc          ] GC(1002) Pause Young (Normal) (G1 Evacuation Pause) 503M->458M(1024M) 17.072ms
[2023-04-18T00:47:28.631-0400][gc,cpu      ] GC(1002) User=0.05s Sys=0.03s Real=0.02s
[2023-04-18T00:48:12.656-0400][gc,start    ] GC(1003) Pause Young (Normal) (G1 Evacuation Pause)
[2023-04-18T00:48:12.657-0400][gc,task     ] GC(1003) Using 8 workers of 8 for evacuation
[2023-04-18T00:48:12.674-0400][gc,phases   ] GC(1003)   Pre Evacuate Collection Set: 0.6ms
[2023-04-18T00:48:12.675-0400][gc,phases   ] GC(1003)   Merge Heap Roots: 0.4ms
[2023-04-18T00:48:12.675-0400][gc,phases   ] GC(1003)   Evacuate Collection Set: 15.5ms
[2023-04-18T00:48:12.675-0400][gc,phases   ] GC(1003)   Post Evacuate Collection Set: 0.8ms
[2023-04-18T00:48:12.675-0400][gc,phases   ] GC(1003)   Other: 0.3ms
[2023-04-18T00:48:12.675-0400][gc,heap     ] GC(1003) Eden regions: 63->0(45)
[2023-04-18T00:48:12.675-0400][gc,heap     ] GC(1003) Survivor regions: 5->6(9)
[2023-04-18T00:48:12.675-0400][gc,heap     ] GC(1003) Old regions: 325->325
[2023-04-18T00:48:12.675-0400][gc,heap     ] GC(1003) Archive regions: 2->2
[2023-04-18T00:48:12.675-0400][gc,heap     ] GC(1003) Humongous regions: 129->129
[2023-04-18T00:48:12.675-0400][gc,metaspace] GC(1003) Metaspace: 44230K(44928K)->44230K(44928K) NonClass: 39135K(39488K)->39135K(39488K) Class: 5095K(5440K)->5095K(5440K)
[2023-04-18T00:48:12.676-0400][gc          ] GC(1003) Pause Young (Normal) (G1 Evacuation Pause) 521M->459M(1024M) 19.576ms
[2023-04-18T00:48:12.676-0400][gc,cpu      ] GC(1003) User=0.07s Sys=0.00s Real=0.02s
[2023-04-18T00:48:45.153-0400][gc,start    ] GC(1004) Pause Young (Normal) (G1 Evacuation Pause)
[2023-04-18T00:48:45.153-0400][gc,task     ] GC(1004) Using 8 workers of 8 for evacuation
[2023-04-18T00:48:45.235-0400][gc,mmu      ] GC(1004) MMU target violated: 21.0ms (20.0ms/21.0ms)
[2023-04-18T00:48:45.236-0400][gc,phases   ] GC(1004)   Pre Evacuate Collection Set: 0.4ms
[2023-04-18T00:48:45.236-0400][gc,phases   ] GC(1004)   Merge Heap Roots: 0.2ms
[2023-04-18T00:48:45.236-0400][gc,phases   ] GC(1004)   Evacuate Collection Set: 80.2ms
[2023-04-18T00:48:45.236-0400][gc,phases   ] GC(1004)   Post Evacuate Collection Set: 1.2ms
[2023-04-18T00:48:45.236-0400][gc,phases   ] GC(1004)   Other: 0.5ms
[2023-04-18T00:48:45.236-0400][gc,heap     ] GC(1004) Eden regions: 45->0(46)
[2023-04-18T00:48:45.236-0400][gc,heap     ] GC(1004) Survivor regions: 6->5(7)
[2023-04-18T00:48:45.236-0400][gc,heap     ] GC(1004) Old regions: 325->326
[2023-04-18T00:48:45.236-0400][gc,heap     ] GC(1004) Archive regions: 2->2
[2023-04-18T00:48:45.236-0400][gc,heap     ] GC(1004) Humongous regions: 129->129
[2023-04-18T00:48:45.236-0400][gc,metaspace] GC(1004) Metaspace: 44230K(44928K)->44230K(44928K) NonClass: 39135K(39488K)->39135K(39488K) Class: 5095K(5440K)->5095K(5440K)
[2023-04-18T00:48:45.236-0400][gc          ] GC(1004) Pause Young (Normal) (G1 Evacuation Pause) 504M->460M(1024M) 83.542ms
[2023-04-18T00:48:45.236-0400][gc,cpu      ] GC(1004) User=0.08s Sys=0.08s Real=0.08s
[2023-04-18T00:49:18.510-0400][gc,start    ] GC(1005) Pause Young (Normal) (G1 Evacuation Pause)
[2023-04-18T00:49:18.523-0400][gc,task     ] GC(1005) Using 8 workers of 8 for evacuation
[2023-04-18T00:49:18.547-0400][gc,mmu      ] GC(1005) MMU target violated: 21.0ms (20.0ms/21.0ms)
[2023-04-18T00:49:18.547-0400][gc,phases   ] GC(1005)   Pre Evacuate Collection Set: 0.5ms
[2023-04-18T00:49:18.547-0400][gc,phases   ] GC(1005)   Merge Heap Roots: 0.2ms
[2023-04-18T00:49:18.547-0400][gc,phases   ] GC(1005)   Evacuate Collection Set: 20.6ms
[2023-04-18T00:49:18.547-0400][gc,phases   ] GC(1005)   Post Evacuate Collection Set: 1.0ms
[2023-04-18T00:49:18.547-0400][gc,phases   ] GC(1005)   Other: 2.1ms
[2023-04-18T00:49:18.547-0400][gc,heap     ] GC(1005) Eden regions: 46->0(46)
[2023-04-18T00:49:18.547-0400][gc,heap     ] GC(1005) Survivor regions: 5->5(7)
[2023-04-18T00:49:18.547-0400][gc,heap     ] GC(1005) Old regions: 326->327
[2023-04-18T00:49:18.547-0400][gc,heap     ] GC(1005) Archive regions: 2->2
[2023-04-18T00:49:18.547-0400][gc,heap     ] GC(1005) Humongous regions: 129->129
[2023-04-18T00:49:18.547-0400][gc,metaspace] GC(1005) Metaspace: 44230K(44928K)->44230K(44928K) NonClass: 39135K(39488K)->39135K(39488K) Class: 5095K(5440K)->5095K(5440K)
[2023-04-18T00:49:18.547-0400][gc          ] GC(1005) Pause Young (Normal) (G1 Evacuation Pause) 506M->461M(1024M) 36.951ms
[2023-04-18T00:49:18.548-0400][gc,cpu      ] GC(1005) User=0.06s Sys=0.02s Real=0.03s
[2023-04-18T00:49:50.029-0400][gc,start    ] GC(1006) Pause Young (Normal) (G1 Evacuation Pause)
[2023-04-18T00:49:50.030-0400][gc,task     ] GC(1006) Using 8 workers of 8 for evacuation
[2023-04-18T00:49:50.048-0400][gc,phases   ] GC(1006)   Pre Evacuate Collection Set: 0.2ms
[2023-04-18T00:49:50.048-0400][gc,phases   ] GC(1006)   Merge Heap Roots: 0.2ms
[2023-04-18T00:49:50.048-0400][gc,phases   ] GC(1006)   Evacuate Collection Set: 16.6ms
[2023-04-18T00:49:50.048-0400][gc,phases   ] GC(1006)   Post Evacuate Collection Set: 0.7ms
[2023-04-18T00:49:50.048-0400][gc,phases   ] GC(1006)   Other: 0.3ms
[2023-04-18T00:49:50.048-0400][gc,heap     ] GC(1006) Eden regions: 46->0(46)
[2023-04-18T00:49:50.048-0400][gc,heap     ] GC(1006) Survivor regions: 5->5(7)
[2023-04-18T00:49:50.048-0400][gc,heap     ] GC(1006) Old regions: 327->328
[2023-04-18T00:49:50.048-0400][gc,heap     ] GC(1006) Archive regions: 2->2
[2023-04-18T00:49:50.048-0400][gc,heap     ] GC(1006) Humongous regions: 129->129
[2023-04-18T00:49:50.048-0400][gc,metaspace] GC(1006) Metaspace: 44230K(44928K)->44230K(44928K) NonClass: 39135K(39488K)->39135K(39488K) Class: 5095K(5440K)->5095K(5440K)
[2023-04-18T00:49:50.048-0400][gc          ] GC(1006) Pause Young (Normal) (G1 Evacuation Pause) 507M->461M(1024M) 19.179ms
[2023-04-18T00:49:50.048-0400][gc,cpu      ] GC(1006) User=0.06s Sys=0.02s Real=0.02s
[2023-04-18T00:50:21.636-0400][gc,start    ] GC(1007) Pause Young (Normal) (G1 Evacuation Pause)
[2023-04-18T00:50:21.637-0400][gc,task     ] GC(1007) Using 8 workers of 8 for evacuation
[2023-04-18T00:50:21.652-0400][gc,phases   ] GC(1007)   Pre Evacuate Collection Set: 0.2ms
[2023-04-18T00:50:21.652-0400][gc,phases   ] GC(1007)   Merge Heap Roots: 0.1ms
[2023-04-18T00:50:21.652-0400][gc,phases   ] GC(1007)   Evacuate Collection Set: 14.4ms
[2023-04-18T00:50:21.652-0400][gc,phases   ] GC(1007)   Post Evacuate Collection Set: 0.7ms
[2023-04-18T00:50:21.652-0400][gc,phases   ] GC(1007)   Other: 0.2ms
[2023-04-18T00:50:21.653-0400][gc,heap     ] GC(1007) Eden regions: 46->0(46)
[2023-04-18T00:50:21.653-0400][gc,heap     ] GC(1007) Survivor regions: 5->5(7)
[2023-04-18T00:50:21.653-0400][gc,heap     ] GC(1007) Old regions: 328->329
[2023-04-18T00:50:21.653-0400][gc,heap     ] GC(1007) Archive regions: 2->2
[2023-04-18T00:50:21.653-0400][gc,heap     ] GC(1007) Humongous regions: 129->129
[2023-04-18T00:50:21.653-0400][gc,metaspace] GC(1007) Metaspace: 44230K(44928K)->44230K(44928K) NonClass: 39135K(39488K)->39135K(39488K) Class: 5095K(5440K)->5095K(5440K)
[2023-04-18T00:50:21.653-0400][gc          ] GC(1007) Pause Young (Normal) (G1 Evacuation Pause) 507M->462M(1024M) 16.818ms
[2023-04-18T00:50:21.653-0400][gc,cpu      ] GC(1007) User=0.05s Sys=0.01s Real=0.02s
[2023-04-18T00:50:53.051-0400][gc,start    ] GC(1008) Pause Young (Normal) (G1 Evacuation Pause)
[2023-04-18T00:50:53.052-0400][gc,task     ] GC(1008) Using 8 workers of 8 for evacuation
[2023-04-18T00:50:53.070-0400][gc,phases   ] GC(1008)   Pre Evacuate Collection Set: 0.3ms
[2023-04-18T00:50:53.070-0400][gc,phases   ] GC(1008)   Merge Heap Roots: 0.2ms
[2023-04-18T00:50:53.070-0400][gc,phases   ] GC(1008)   Evacuate Collection Set: 16.7ms
[2023-04-18T00:50:53.070-0400][gc,phases   ] GC(1008)   Post Evacuate Collection Set: 0.8ms
[2023-04-18T00:50:53.070-0400][gc,phases   ] GC(1008)   Other: 0.2ms
[2023-04-18T00:50:53.070-0400][gc,heap     ] GC(1008) Eden regions: 46->0(46)
[2023-04-18T00:50:53.070-0400][gc,heap     ] GC(1008) Survivor regions: 5->5(7)
[2023-04-18T00:50:53.070-0400][gc,heap     ] GC(1008) Old regions: 329->330
[2023-04-18T00:50:53.070-0400][gc,heap     ] GC(1008) Archive regions: 2->2
[2023-04-18T00:50:53.070-0400][gc,heap     ] GC(1008) Humongous regions: 129->129
[2023-04-18T00:50:53.070-0400][gc,metaspace] GC(1008) Metaspace: 44230K(44928K)->44230K(44928K) NonClass: 39135K(39488K)->39135K(39488K) Class: 5095K(5440K)->5095K(5440K)
[2023-04-18T00:50:53.070-0400][gc          ] GC(1008) Pause Young (Normal) (G1 Evacuation Pause) 508M->463M(1024M) 19.206ms
[2023-04-18T00:50:53.070-0400][gc,cpu      ] GC(1008) User=0.05s Sys=0.02s Real=0.02s
[2023-04-18T00:51:25.321-0400][gc,start    ] GC(1009) Pause Young (Normal) (G1 Evacuation Pause)
[2023-04-18T00:51:25.322-0400][gc,task     ] GC(1009) Using 8 workers of 8 for evacuation
[2023-04-18T00:51:25.342-0400][gc,phases   ] GC(1009)   Pre Evacuate Collection Set: 0.3ms
[2023-04-18T00:51:25.343-0400][gc,phases   ] GC(1009)   Merge Heap Roots: 0.3ms
[2023-04-18T00:51:25.343-0400][gc,phases   ] GC(1009)   Evacuate Collection Set: 16.2ms
[2023-04-18T00:51:25.343-0400][gc,phases   ] GC(1009)   Post Evacuate Collection Set: 3.0ms
[2023-04-18T00:51:25.343-0400][gc,phases   ] GC(1009)   Other: 0.4ms
[2023-04-18T00:51:25.343-0400][gc,heap     ] GC(1009) Eden regions: 46->0(46)
[2023-04-18T00:51:25.343-0400][gc,heap     ] GC(1009) Survivor regions: 5->5(7)
[2023-04-18T00:51:25.343-0400][gc,heap     ] GC(1009) Old regions: 330->331
[2023-04-18T00:51:25.343-0400][gc,heap     ] GC(1009) Archive regions: 2->2
[2023-04-18T00:51:25.343-0400][gc,heap     ] GC(1009) Humongous regions: 129->129
[2023-04-18T00:51:25.343-0400][gc,metaspace] GC(1009) Metaspace: 44230K(44928K)->44230K(44928K) NonClass: 39135K(39488K)->39135K(39488K) Class: 5095K(5440K)->5095K(5440K)
[2023-04-18T00:51:25.343-0400][gc          ] GC(1009) Pause Young (Normal) (G1 Evacuation Pause) 509M->464M(1024M) 22.000ms
[2023-04-18T00:51:25.343-0400][gc,cpu      ] GC(1009) User=0.05s Sys=0.02s Real=0.02s
[2023-04-18T00:51:57.772-0400][gc,start    ] GC(1010) Pause Young (Normal) (G1 Evacuation Pause)
[2023-04-18T00:51:57.773-0400][gc,task     ] GC(1010) Using 8 workers of 8 for evacuation
[2023-04-18T00:51:57.797-0400][gc,mmu      ] GC(1010) MMU target violated: 21.0ms (20.0ms/21.0ms)
[2023-04-18T00:51:57.797-0400][gc,phases   ] GC(1010)   Pre Evacuate Collection Set: 0.2ms
[2023-04-18T00:51:57.798-0400][gc,phases   ] GC(1010)   Merge Heap Roots: 0.2ms
[2023-04-18T00:51:57.798-0400][gc,phases   ] GC(1010)   Evacuate Collection Set: 20.7ms
[2023-04-18T00:51:57.798-0400][gc,phases   ] GC(1010)   Post Evacuate Collection Set: 2.7ms
[2023-04-18T00:51:57.798-0400][gc,phases   ] GC(1010)   Other: 0.4ms
[2023-04-18T00:51:57.798-0400][gc,heap     ] GC(1010) Eden regions: 46->0(46)
[2023-04-18T00:51:57.798-0400][gc,heap     ] GC(1010) Survivor regions: 5->5(7)
[2023-04-18T00:51:57.798-0400][gc,heap     ] GC(1010) Old regions: 331->332
[2023-04-18T00:51:57.798-0400][gc,heap     ] GC(1010) Archive regions: 2->2
[2023-04-18T00:51:57.798-0400][gc,heap     ] GC(1010) Humongous regions: 129->129
[2023-04-18T00:51:57.798-0400][gc,metaspace] GC(1010) Metaspace: 44230K(44928K)->44230K(44928K) NonClass: 39135K(39488K)->39135K(39488K) Class: 5095K(5440K)->5095K(5440K)
[2023-04-18T00:51:57.798-0400][gc          ] GC(1010) Pause Young (Normal) (G1 Evacuation Pause) 510M->465M(1024M) 25.691ms
[2023-04-18T00:51:57.798-0400][gc,cpu      ] GC(1010) User=0.05s Sys=0.02s Real=0.02s
[2023-04-18T00:52:28.278-0400][gc,start    ] GC(1011) Pause Young (Normal) (G1 Evacuation Pause)
[2023-04-18T00:52:28.279-0400][gc,task     ] GC(1011) Using 8 workers of 8 for evacuation
[2023-04-18T00:52:28.299-0400][gc,phases   ] GC(1011)   Pre Evacuate Collection Set: 0.2ms
[2023-04-18T00:52:28.299-0400][gc,phases   ] GC(1011)   Merge Heap Roots: 0.2ms
[2023-04-18T00:52:28.299-0400][gc,phases   ] GC(1011)   Evacuate Collection Set: 18.6ms
[2023-04-18T00:52:28.299-0400][gc,phases   ] GC(1011)   Post Evacuate Collection Set: 0.7ms
[2023-04-18T00:52:28.299-0400][gc,phases   ] GC(1011)   Other: 0.2ms
[2023-04-18T00:52:28.299-0400][gc,heap     ] GC(1011) Eden regions: 46->0(45)
[2023-04-18T00:52:28.299-0400][gc,heap     ] GC(1011) Survivor regions: 5->6(7)
[2023-04-18T00:52:28.299-0400][gc,heap     ] GC(1011) Old regions: 332->332
[2023-04-18T00:52:28.299-0400][gc,heap     ] GC(1011) Archive regions: 2->2
[2023-04-18T00:52:28.299-0400][gc,heap     ] GC(1011) Humongous regions: 129->129
[2023-04-18T00:52:28.299-0400][gc,metaspace] GC(1011) Metaspace: 44230K(44928K)->44230K(44928K) NonClass: 39135K(39488K)->39135K(39488K) Class: 5095K(5440K)->5095K(5440K)
[2023-04-18T00:52:28.299-0400][gc          ] GC(1011) Pause Young (Normal) (G1 Evacuation Pause) 511M->467M(1024M) 20.744ms
[2023-04-18T00:52:28.299-0400][gc,cpu      ] GC(1011) User=0.07s Sys=0.01s Real=0.02s
[2023-04-18T00:52:59.685-0400][gc,start    ] GC(1012) Pause Young (Normal) (G1 Evacuation Pause)
[2023-04-18T00:52:59.686-0400][gc,task     ] GC(1012) Using 8 workers of 8 for evacuation
[2023-04-18T00:52:59.737-0400][gc,mmu      ] GC(1012) MMU target violated: 21.0ms (20.0ms/21.0ms)
[2023-04-18T00:52:59.737-0400][gc,phases   ] GC(1012)   Pre Evacuate Collection Set: 0.4ms
[2023-04-18T00:52:59.737-0400][gc,phases   ] GC(1012)   Merge Heap Roots: 0.2ms
[2023-04-18T00:52:59.737-0400][gc,phases   ] GC(1012)   Evacuate Collection Set: 49.5ms
[2023-04-18T00:52:59.737-0400][gc,phases   ] GC(1012)   Post Evacuate Collection Set: 0.8ms
[2023-04-18T00:52:59.737-0400][gc,phases   ] GC(1012)   Other: 0.4ms
[2023-04-18T00:52:59.737-0400][gc,heap     ] GC(1012) Eden regions: 45->0(46)
[2023-04-18T00:52:59.737-0400][gc,heap     ] GC(1012) Survivor regions: 6->5(7)
[2023-04-18T00:52:59.737-0400][gc,heap     ] GC(1012) Old regions: 332->335
[2023-04-18T00:52:59.738-0400][gc,heap     ] GC(1012) Archive regions: 2->2
[2023-04-18T00:52:59.738-0400][gc,heap     ] GC(1012) Humongous regions: 129->129
[2023-04-18T00:52:59.738-0400][gc,metaspace] GC(1012) Metaspace: 44230K(44928K)->44230K(44928K) NonClass: 39135K(39488K)->39135K(39488K) Class: 5095K(5440K)->5095K(5440K)
[2023-04-18T00:52:59.738-0400][gc          ] GC(1012) Pause Young (Normal) (G1 Evacuation Pause) 512M->468M(1024M) 52.792ms
[2023-04-18T00:52:59.738-0400][gc,cpu      ] GC(1012) User=0.07s Sys=0.05s Real=0.05s
[2023-04-18T00:53:30.790-0400][gc,start    ] GC(1013) Pause Young (Normal) (G1 Evacuation Pause)
[2023-04-18T00:53:30.790-0400][gc,task     ] GC(1013) Using 8 workers of 8 for evacuation
[2023-04-18T00:53:30.807-0400][gc,phases   ] GC(1013)   Pre Evacuate Collection Set: 0.2ms
[2023-04-18T00:53:30.807-0400][gc,phases   ] GC(1013)   Merge Heap Roots: 0.3ms
[2023-04-18T00:53:30.807-0400][gc,phases   ] GC(1013)   Evacuate Collection Set: 15.7ms
[2023-04-18T00:53:30.807-0400][gc,phases   ] GC(1013)   Post Evacuate Collection Set: 0.7ms
[2023-04-18T00:53:30.807-0400][gc,phases   ] GC(1013)   Other: 0.2ms
[2023-04-18T00:53:30.807-0400][gc,heap     ] GC(1013) Eden regions: 46->0(46)
[2023-04-18T00:53:30.807-0400][gc,heap     ] GC(1013) Survivor regions: 5->5(7)
[2023-04-18T00:53:30.807-0400][gc,heap     ] GC(1013) Old regions: 335->336
[2023-04-18T00:53:30.807-0400][gc,heap     ] GC(1013) Archive regions: 2->2
[2023-04-18T00:53:30.807-0400][gc,heap     ] GC(1013) Humongous regions: 129->129
[2023-04-18T00:53:30.808-0400][gc,metaspace] GC(1013) Metaspace: 44230K(44928K)->44230K(44928K) NonClass: 39135K(39488K)->39135K(39488K) Class: 5095K(5440K)->5095K(5440K)
[2023-04-18T00:53:30.808-0400][gc          ] GC(1013) Pause Young (Normal) (G1 Evacuation Pause) 514M->470M(1024M) 18.107ms
[2023-04-18T00:53:30.808-0400][gc,cpu      ] GC(1013) User=0.07s Sys=0.02s Real=0.01s
[2023-04-18T00:54:03.044-0400][gc,start    ] GC(1014) Pause Young (Normal) (G1 Evacuation Pause)
[2023-04-18T00:54:03.045-0400][gc,task     ] GC(1014) Using 8 workers of 8 for evacuation
[2023-04-18T00:54:03.077-0400][gc,mmu      ] GC(1014) MMU target violated: 21.0ms (20.0ms/21.0ms)
[2023-04-18T00:54:03.077-0400][gc,phases   ] GC(1014)   Pre Evacuate Collection Set: 0.8ms
[2023-04-18T00:54:03.077-0400][gc,phases   ] GC(1014)   Merge Heap Roots: 0.6ms
[2023-04-18T00:54:03.077-0400][gc,phases   ] GC(1014)   Evacuate Collection Set: 29.3ms
[2023-04-18T00:54:03.077-0400][gc,phases   ] GC(1014)   Post Evacuate Collection Set: 0.9ms
[2023-04-18T00:54:03.077-0400][gc,phases   ] GC(1014)   Other: 0.4ms
[2023-04-18T00:54:03.077-0400][gc,heap     ] GC(1014) Eden regions: 46->0(47)
[2023-04-18T00:54:03.077-0400][gc,heap     ] GC(1014) Survivor regions: 5->4(7)
[2023-04-18T00:54:03.077-0400][gc,heap     ] GC(1014) Old regions: 336->338
[2023-04-18T00:54:03.077-0400][gc,heap     ] GC(1014) Archive regions: 2->2
[2023-04-18T00:54:03.077-0400][gc,heap     ] GC(1014) Humongous regions: 129->129
[2023-04-18T00:54:03.077-0400][gc,metaspace] GC(1014) Metaspace: 44230K(44928K)->44230K(44928K) NonClass: 39135K(39488K)->39135K(39488K) Class: 5095K(5440K)->5095K(5440K)
[2023-04-18T00:54:03.077-0400][gc          ] GC(1014) Pause Young (Normal) (G1 Evacuation Pause) 516M->471M(1024M) 33.391ms
[2023-04-18T00:54:03.077-0400][gc,cpu      ] GC(1014) User=0.07s Sys=0.02s Real=0.03s
[2023-04-18T00:54:36.756-0400][gc,start    ] GC(1015) Pause Young (Normal) (G1 Evacuation Pause)
[2023-04-18T00:54:36.757-0400][gc,task     ] GC(1015) Using 8 workers of 8 for evacuation
[2023-04-18T00:54:36.768-0400][gc,phases   ] GC(1015)   Pre Evacuate Collection Set: 0.3ms
[2023-04-18T00:54:36.769-0400][gc,phases   ] GC(1015)   Merge Heap Roots: 0.2ms
[2023-04-18T00:54:36.769-0400][gc,phases   ] GC(1015)   Evacuate Collection Set: 10.0ms
[2023-04-18T00:54:36.769-0400][gc,phases   ] GC(1015)   Post Evacuate Collection Set: 0.7ms
[2023-04-18T00:54:36.769-0400][gc,phases   ] GC(1015)   Other: 0.3ms
[2023-04-18T00:54:36.769-0400][gc,heap     ] GC(1015) Eden regions: 47->0(46)
[2023-04-18T00:54:36.769-0400][gc,heap     ] GC(1015) Survivor regions: 4->5(7)
[2023-04-18T00:54:36.769-0400][gc,heap     ] GC(1015) Old regions: 338->338
[2023-04-18T00:54:36.769-0400][gc,heap     ] GC(1015) Archive regions: 2->2
[2023-04-18T00:54:36.769-0400][gc,heap     ] GC(1015) Humongous regions: 129->129
[2023-04-18T00:54:36.769-0400][gc,metaspace] GC(1015) Metaspace: 44230K(44928K)->44230K(44928K) NonClass: 39135K(39488K)->39135K(39488K) Class: 5095K(5440K)->5095K(5440K)
[2023-04-18T00:54:36.769-0400][gc          ] GC(1015) Pause Young (Normal) (G1 Evacuation Pause) 518M->471M(1024M) 13.213ms
[2023-04-18T00:54:36.769-0400][gc,cpu      ] GC(1015) User=0.05s Sys=0.01s Real=0.01s
[2023-04-18T00:55:08.023-0400][gc,start    ] GC(1016) Pause Young (Normal) (G1 Evacuation Pause)
[2023-04-18T00:55:08.024-0400][gc,task     ] GC(1016) Using 8 workers of 8 for evacuation
[2023-04-18T00:55:08.044-0400][gc,mmu      ] GC(1016) MMU target violated: 20.6ms (20.0ms/21.0ms)
[2023-04-18T00:55:08.044-0400][gc,phases   ] GC(1016)   Pre Evacuate Collection Set: 0.2ms
[2023-04-18T00:55:08.044-0400][gc,phases   ] GC(1016)   Merge Heap Roots: 0.2ms
[2023-04-18T00:55:08.044-0400][gc,phases   ] GC(1016)   Evacuate Collection Set: 19.4ms
[2023-04-18T00:55:08.044-0400][gc,phases   ] GC(1016)   Post Evacuate Collection Set: 0.7ms
[2023-04-18T00:55:08.044-0400][gc,phases   ] GC(1016)   Other: 0.3ms
[2023-04-18T00:55:08.044-0400][gc,heap     ] GC(1016) Eden regions: 46->0(46)
[2023-04-18T00:55:08.045-0400][gc,heap     ] GC(1016) Survivor regions: 5->5(7)
[2023-04-18T00:55:08.045-0400][gc,heap     ] GC(1016) Old regions: 338->339
[2023-04-18T00:55:08.045-0400][gc,heap     ] GC(1016) Archive regions: 2->2
[2023-04-18T00:55:08.045-0400][gc,heap     ] GC(1016) Humongous regions: 129->129
[2023-04-18T00:55:08.045-0400][gc,metaspace] GC(1016) Metaspace: 44230K(44928K)->44230K(44928K) NonClass: 39135K(39488K)->39135K(39488K) Class: 5095K(5440K)->5095K(5440K)
[2023-04-18T00:55:08.045-0400][gc          ] GC(1016) Pause Young (Normal) (G1 Evacuation Pause) 517M->472M(1024M) 21.370ms
[2023-04-18T00:55:08.045-0400][gc,cpu      ] GC(1016) User=0.05s Sys=0.02s Real=0.02s
[2023-04-18T00:55:39.240-0400][gc,start    ] GC(1017) Pause Young (Normal) (G1 Evacuation Pause)
[2023-04-18T00:55:39.240-0400][gc,task     ] GC(1017) Using 8 workers of 8 for evacuation
[2023-04-18T00:55:39.259-0400][gc,phases   ] GC(1017)   Pre Evacuate Collection Set: 0.2ms
[2023-04-18T00:55:39.259-0400][gc,phases   ] GC(1017)   Merge Heap Roots: 0.2ms
[2023-04-18T00:55:39.259-0400][gc,phases   ] GC(1017)   Evacuate Collection Set: 17.6ms
[2023-04-18T00:55:39.259-0400][gc,phases   ] GC(1017)   Post Evacuate Collection Set: 0.6ms
[2023-04-18T00:55:39.259-0400][gc,phases   ] GC(1017)   Other: 0.2ms
[2023-04-18T00:55:39.259-0400][gc,heap     ] GC(1017) Eden regions: 46->0(65)
[2023-04-18T00:55:39.259-0400][gc,heap     ] GC(1017) Survivor regions: 5->4(7)
[2023-04-18T00:55:39.259-0400][gc,heap     ] GC(1017) Old regions: 339->340
[2023-04-18T00:55:39.259-0400][gc,heap     ] GC(1017) Archive regions: 2->2
[2023-04-18T00:55:39.259-0400][gc,heap     ] GC(1017) Humongous regions: 129->129
[2023-04-18T00:55:39.259-0400][gc,metaspace] GC(1017) Metaspace: 44230K(44928K)->44230K(44928K) NonClass: 39135K(39488K)->39135K(39488K) Class: 5095K(5440K)->5095K(5440K)
[2023-04-18T00:55:39.259-0400][gc          ] GC(1017) Pause Young (Normal) (G1 Evacuation Pause) 518M->473M(1024M) 19.567ms
[2023-04-18T00:55:39.259-0400][gc,cpu      ] GC(1017) User=0.05s Sys=0.03s Real=0.01s
[2023-04-18T00:56:26.212-0400][gc,start    ] GC(1018) Pause Young (Normal) (G1 Evacuation Pause)
[2023-04-18T00:56:26.213-0400][gc,task     ] GC(1018) Using 8 workers of 8 for evacuation
[2023-04-18T00:56:26.254-0400][gc,mmu      ] GC(1018) MMU target violated: 21.0ms (20.0ms/21.0ms)
[2023-04-18T00:56:26.254-0400][gc,phases   ] GC(1018)   Pre Evacuate Collection Set: 0.4ms
[2023-04-18T00:56:26.254-0400][gc,phases   ] GC(1018)   Merge Heap Roots: 0.3ms
[2023-04-18T00:56:26.254-0400][gc,phases   ] GC(1018)   Evacuate Collection Set: 38.9ms
[2023-04-18T00:56:26.254-0400][gc,phases   ] GC(1018)   Post Evacuate Collection Set: 0.9ms
[2023-04-18T00:56:26.254-0400][gc,phases   ] GC(1018)   Other: 0.3ms
[2023-04-18T00:56:26.254-0400][gc,heap     ] GC(1018) Eden regions: 65->0(46)
[2023-04-18T00:56:26.254-0400][gc,heap     ] GC(1018) Survivor regions: 4->5(9)
[2023-04-18T00:56:26.254-0400][gc,heap     ] GC(1018) Old regions: 340->340
[2023-04-18T00:56:26.254-0400][gc,heap     ] GC(1018) Archive regions: 2->2
[2023-04-18T00:56:26.254-0400][gc,heap     ] GC(1018) Humongous regions: 129->129
[2023-04-18T00:56:26.254-0400][gc,metaspace] GC(1018) Metaspace: 44230K(44928K)->44230K(44928K) NonClass: 39135K(39488K)->39135K(39488K) Class: 5095K(5440K)->5095K(5440K)
[2023-04-18T00:56:26.254-0400][gc          ] GC(1018) Pause Young (Normal) (G1 Evacuation Pause) 538M->474M(1024M) 42.139ms
[2023-04-18T00:56:26.254-0400][gc,cpu      ] GC(1018) User=0.06s Sys=0.08s Real=0.04s
[2023-04-18T00:56:57.658-0400][gc,start    ] GC(1019) Pause Young (Normal) (G1 Evacuation Pause)
[2023-04-18T00:56:57.658-0400][gc,task     ] GC(1019) Using 8 workers of 8 for evacuation
[2023-04-18T00:56:57.685-0400][gc,mmu      ] GC(1019) MMU target violated: 21.0ms (20.0ms/21.0ms)
[2023-04-18T00:56:57.685-0400][gc,phases   ] GC(1019)   Pre Evacuate Collection Set: 1.6ms
[2023-04-18T00:56:57.685-0400][gc,phases   ] GC(1019)   Merge Heap Roots: 0.1ms
[2023-04-18T00:56:57.685-0400][gc,phases   ] GC(1019)   Evacuate Collection Set: 23.0ms
[2023-04-18T00:56:57.685-0400][gc,phases   ] GC(1019)   Post Evacuate Collection Set: 0.6ms
[2023-04-18T00:56:57.685-0400][gc,phases   ] GC(1019)   Other: 1.0ms
[2023-04-18T00:56:57.685-0400][gc,heap     ] GC(1019) Eden regions: 46->0(47)
[2023-04-18T00:56:57.685-0400][gc,heap     ] GC(1019) Survivor regions: 5->4(7)
[2023-04-18T00:56:57.685-0400][gc,heap     ] GC(1019) Old regions: 340->342
[2023-04-18T00:56:57.685-0400][gc,heap     ] GC(1019) Archive regions: 2->2
[2023-04-18T00:56:57.685-0400][gc,heap     ] GC(1019) Humongous regions: 129->129
[2023-04-18T00:56:57.685-0400][gc,metaspace] GC(1019) Metaspace: 44230K(44928K)->44230K(44928K) NonClass: 39135K(39488K)->39135K(39488K) Class: 5095K(5440K)->5095K(5440K)
[2023-04-18T00:56:57.685-0400][gc          ] GC(1019) Pause Young (Normal) (G1 Evacuation Pause) 520M->475M(1024M) 26.717ms
[2023-04-18T00:56:57.685-0400][gc,cpu      ] GC(1019) User=0.05s Sys=0.04s Real=0.03s
[2023-04-18T00:57:29.890-0400][gc,start    ] GC(1020) Pause Young (Normal) (G1 Evacuation Pause)
[2023-04-18T00:57:29.890-0400][gc,task     ] GC(1020) Using 8 workers of 8 for evacuation
[2023-04-18T00:57:29.906-0400][gc,phases   ] GC(1020)   Pre Evacuate Collection Set: 1.0ms
[2023-04-18T00:57:29.906-0400][gc,phases   ] GC(1020)   Merge Heap Roots: 0.1ms
[2023-04-18T00:57:29.906-0400][gc,phases   ] GC(1020)   Evacuate Collection Set: 14.7ms
[2023-04-18T00:57:29.906-0400][gc,phases   ] GC(1020)   Post Evacuate Collection Set: 0.5ms
[2023-04-18T00:57:29.906-0400][gc,phases   ] GC(1020)   Other: 0.2ms
[2023-04-18T00:57:29.907-0400][gc,heap     ] GC(1020) Eden regions: 47->0(47)
[2023-04-18T00:57:29.907-0400][gc,heap     ] GC(1020) Survivor regions: 4->4(7)
[2023-04-18T00:57:29.907-0400][gc,heap     ] GC(1020) Old regions: 342->343
[2023-04-18T00:57:29.907-0400][gc,heap     ] GC(1020) Archive regions: 2->2
[2023-04-18T00:57:29.907-0400][gc,heap     ] GC(1020) Humongous regions: 129->129
[2023-04-18T00:57:29.907-0400][gc,metaspace] GC(1020) Metaspace: 44230K(44928K)->44230K(44928K) NonClass: 39135K(39488K)->39135K(39488K) Class: 5095K(5440K)->5095K(5440K)
[2023-04-18T00:57:29.907-0400][gc          ] GC(1020) Pause Young (Normal) (G1 Evacuation Pause) 522M->476M(1024M) 17.005ms
[2023-04-18T00:57:29.907-0400][gc,cpu      ] GC(1020) User=0.05s Sys=0.02s Real=0.01s
[2023-04-18T00:58:02.315-0400][gc,start    ] GC(1021) Pause Young (Normal) (G1 Evacuation Pause)
[2023-04-18T00:58:02.315-0400][gc,task     ] GC(1021) Using 8 workers of 8 for evacuation
[2023-04-18T00:58:02.337-0400][gc,mmu      ] GC(1021) MMU target violated: 21.0ms (20.0ms/21.0ms)
[2023-04-18T00:58:02.337-0400][gc,phases   ] GC(1021)   Pre Evacuate Collection Set: 0.3ms
[2023-04-18T00:58:02.337-0400][gc,phases   ] GC(1021)   Merge Heap Roots: 0.2ms
[2023-04-18T00:58:02.337-0400][gc,phases   ] GC(1021)   Evacuate Collection Set: 18.8ms
[2023-04-18T00:58:02.337-0400][gc,phases   ] GC(1021)   Post Evacuate Collection Set: 2.2ms
[2023-04-18T00:58:02.337-0400][gc,phases   ] GC(1021)   Other: 0.3ms
[2023-04-18T00:58:02.337-0400][gc,heap     ] GC(1021) Eden regions: 47->0(47)
[2023-04-18T00:58:02.337-0400][gc,heap     ] GC(1021) Survivor regions: 4->4(7)
[2023-04-18T00:58:02.337-0400][gc,heap     ] GC(1021) Old regions: 343->344
[2023-04-18T00:58:02.337-0400][gc,heap     ] GC(1021) Archive regions: 2->2
[2023-04-18T00:58:02.337-0400][gc,heap     ] GC(1021) Humongous regions: 129->129
[2023-04-18T00:58:02.337-0400][gc,metaspace] GC(1021) Metaspace: 44230K(44928K)->44230K(44928K) NonClass: 39135K(39488K)->39135K(39488K) Class: 5095K(5440K)->5095K(5440K)
[2023-04-18T00:58:02.337-0400][gc          ] GC(1021) Pause Young (Normal) (G1 Evacuation Pause) 523M->477M(1024M) 22.460ms
[2023-04-18T00:58:02.337-0400][gc,cpu      ] GC(1021) User=0.05s Sys=0.01s Real=0.02s
[2023-04-18T00:58:34.511-0400][gc,start    ] GC(1022) Pause Young (Normal) (G1 Evacuation Pause)
[2023-04-18T00:58:34.511-0400][gc,task     ] GC(1022) Using 8 workers of 8 for evacuation
[2023-04-18T00:58:34.528-0400][gc,phases   ] GC(1022)   Pre Evacuate Collection Set: 0.2ms
[2023-04-18T00:58:34.528-0400][gc,phases   ] GC(1022)   Merge Heap Roots: 0.2ms
[2023-04-18T00:58:34.528-0400][gc,phases   ] GC(1022)   Evacuate Collection Set: 15.1ms
[2023-04-18T00:58:34.528-0400][gc,phases   ] GC(1022)   Post Evacuate Collection Set: 0.6ms
[2023-04-18T00:58:34.528-0400][gc,phases   ] GC(1022)   Other: 0.2ms
[2023-04-18T00:58:34.528-0400][gc,heap     ] GC(1022) Eden regions: 47->0(54)
[2023-04-18T00:58:34.528-0400][gc,heap     ] GC(1022) Survivor regions: 4->4(7)
[2023-04-18T00:58:34.528-0400][gc,heap     ] GC(1022) Old regions: 344->345
[2023-04-18T00:58:34.528-0400][gc,heap     ] GC(1022) Archive regions: 2->2
[2023-04-18T00:58:34.528-0400][gc,heap     ] GC(1022) Humongous regions: 129->129
[2023-04-18T00:58:34.529-0400][gc,metaspace] GC(1022) Metaspace: 44230K(44928K)->44230K(44928K) NonClass: 39135K(39488K)->39135K(39488K) Class: 5095K(5440K)->5095K(5440K)
[2023-04-18T00:58:34.529-0400][gc          ] GC(1022) Pause Young (Normal) (G1 Evacuation Pause) 524M->477M(1024M) 17.183ms
[2023-04-18T00:58:34.529-0400][gc,cpu      ] GC(1022) User=0.05s Sys=0.01s Real=0.01s
[2023-04-18T00:59:11.896-0400][gc,start    ] GC(1023) Pause Young (Normal) (G1 Evacuation Pause)
[2023-04-18T00:59:11.896-0400][gc,task     ] GC(1023) Using 8 workers of 8 for evacuation
[2023-04-18T00:59:11.907-0400][gc,phases   ] GC(1023)   Pre Evacuate Collection Set: 0.3ms
[2023-04-18T00:59:11.907-0400][gc,phases   ] GC(1023)   Merge Heap Roots: 0.3ms
[2023-04-18T00:59:11.907-0400][gc,phases   ] GC(1023)   Evacuate Collection Set: 10.1ms
[2023-04-18T00:59:11.908-0400][gc,phases   ] GC(1023)   Post Evacuate Collection Set: 0.7ms
[2023-04-18T00:59:11.908-0400][gc,phases   ] GC(1023)   Other: 0.2ms
[2023-04-18T00:59:11.908-0400][gc,heap     ] GC(1023) Eden regions: 54->0(49)
[2023-04-18T00:59:11.908-0400][gc,heap     ] GC(1023) Survivor regions: 4->5(8)
[2023-04-18T00:59:11.908-0400][gc,heap     ] GC(1023) Old regions: 345->345
[2023-04-18T00:59:11.908-0400][gc,heap     ] GC(1023) Archive regions: 2->2
[2023-04-18T00:59:11.908-0400][gc,heap     ] GC(1023) Humongous regions: 129->129
[2023-04-18T00:59:11.908-0400][gc,metaspace] GC(1023) Metaspace: 44230K(44928K)->44230K(44928K) NonClass: 39135K(39488K)->39135K(39488K) Class: 5095K(5440K)->5095K(5440K)
[2023-04-18T00:59:11.908-0400][gc          ] GC(1023) Pause Young (Normal) (G1 Evacuation Pause) 531M->478M(1024M) 12.147ms
[2023-04-18T00:59:11.908-0400][gc,cpu      ] GC(1023) User=0.05s Sys=0.00s Real=0.01s
[2023-04-18T00:59:45.380-0400][gc,start    ] GC(1024) Pause Young (Normal) (G1 Evacuation Pause)
[2023-04-18T00:59:45.380-0400][gc,task     ] GC(1024) Using 8 workers of 8 for evacuation
[2023-04-18T00:59:45.397-0400][gc,phases   ] GC(1024)   Pre Evacuate Collection Set: 0.2ms
[2023-04-18T00:59:45.397-0400][gc,phases   ] GC(1024)   Merge Heap Roots: 0.2ms
[2023-04-18T00:59:45.397-0400][gc,phases   ] GC(1024)   Evacuate Collection Set: 15.5ms
[2023-04-18T00:59:45.397-0400][gc,phases   ] GC(1024)   Post Evacuate Collection Set: 0.7ms
[2023-04-18T00:59:45.397-0400][gc,phases   ] GC(1024)   Other: 0.2ms
[2023-04-18T00:59:45.397-0400][gc,heap     ] GC(1024) Eden regions: 49->0(69)
[2023-04-18T00:59:45.397-0400][gc,heap     ] GC(1024) Survivor regions: 5->5(7)
[2023-04-18T00:59:45.397-0400][gc,heap     ] GC(1024) Old regions: 345->346
[2023-04-18T00:59:45.397-0400][gc,heap     ] GC(1024) Archive regions: 2->2
[2023-04-18T00:59:45.397-0400][gc,heap     ] GC(1024) Humongous regions: 129->129
[2023-04-18T00:59:45.397-0400][gc,metaspace] GC(1024) Metaspace: 44230K(44928K)->44230K(44928K) NonClass: 39135K(39488K)->39135K(39488K) Class: 5095K(5440K)->5095K(5440K)
[2023-04-18T00:59:45.397-0400][gc          ] GC(1024) Pause Young (Normal) (G1 Evacuation Pause) 527M->479M(1024M) 17.376ms
[2023-04-18T00:59:45.398-0400][gc,cpu      ] GC(1024) User=0.06s Sys=0.01s Real=0.01s
[2023-04-18T01:00:32.961-0400][gc,start    ] GC(1025) Pause Young (Normal) (G1 Evacuation Pause)
[2023-04-18T01:00:32.961-0400][gc,task     ] GC(1025) Using 8 workers of 8 for evacuation
[2023-04-18T01:00:33.004-0400][gc,mmu      ] GC(1025) MMU target violated: 21.0ms (20.0ms/21.0ms)
[2023-04-18T01:00:33.004-0400][gc,phases   ] GC(1025)   Pre Evacuate Collection Set: 0.3ms
[2023-04-18T01:00:33.004-0400][gc,phases   ] GC(1025)   Merge Heap Roots: 0.2ms
[2023-04-18T01:00:33.004-0400][gc,phases   ] GC(1025)   Evacuate Collection Set: 41.2ms
[2023-04-18T01:00:33.004-0400][gc,phases   ] GC(1025)   Post Evacuate Collection Set: 0.7ms
[2023-04-18T01:00:33.004-0400][gc,phases   ] GC(1025)   Other: 0.3ms
[2023-04-18T01:00:33.004-0400][gc,heap     ] GC(1025) Eden regions: 69->0(45)
[2023-04-18T01:00:33.004-0400][gc,heap     ] GC(1025) Survivor regions: 5->6(10)
[2023-04-18T01:00:33.004-0400][gc,heap     ] GC(1025) Old regions: 346->346
[2023-04-18T01:00:33.004-0400][gc,heap     ] GC(1025) Archive regions: 2->2
[2023-04-18T01:00:33.005-0400][gc,heap     ] GC(1025) Humongous regions: 129->129
[2023-04-18T01:00:33.005-0400][gc,metaspace] GC(1025) Metaspace: 44230K(44928K)->44230K(44928K) NonClass: 39135K(39488K)->39135K(39488K) Class: 5095K(5440K)->5095K(5440K)
[2023-04-18T01:00:33.005-0400][gc          ] GC(1025) Pause Young (Normal) (G1 Evacuation Pause) 548M->481M(1024M) 43.507ms
[2023-04-18T01:00:33.005-0400][gc,cpu      ] GC(1025) User=0.06s Sys=0.05s Real=0.04s
[2023-04-18T01:01:02.690-0400][gc,start    ] GC(1026) Pause Young (Normal) (G1 Evacuation Pause)
[2023-04-18T01:01:02.690-0400][gc,task     ] GC(1026) Using 8 workers of 8 for evacuation
[2023-04-18T01:01:02.717-0400][gc,mmu      ] GC(1026) MMU target violated: 21.0ms (20.0ms/21.0ms)
[2023-04-18T01:01:02.717-0400][gc,phases   ] GC(1026)   Pre Evacuate Collection Set: 0.1ms
[2023-04-18T01:01:02.717-0400][gc,phases   ] GC(1026)   Merge Heap Roots: 0.1ms
[2023-04-18T01:01:02.717-0400][gc,phases   ] GC(1026)   Evacuate Collection Set: 25.4ms
[2023-04-18T01:01:02.717-0400][gc,phases   ] GC(1026)   Post Evacuate Collection Set: 0.5ms
[2023-04-18T01:01:02.717-0400][gc,phases   ] GC(1026)   Other: 0.3ms
[2023-04-18T01:01:02.717-0400][gc,heap     ] GC(1026) Eden regions: 45->0(46)
[2023-04-18T01:01:02.717-0400][gc,heap     ] GC(1026) Survivor regions: 6->5(7)
[2023-04-18T01:01:02.717-0400][gc,heap     ] GC(1026) Old regions: 346->348
[2023-04-18T01:01:02.717-0400][gc,heap     ] GC(1026) Archive regions: 2->2
[2023-04-18T01:01:02.717-0400][gc,heap     ] GC(1026) Humongous regions: 129->129
[2023-04-18T01:01:02.717-0400][gc,metaspace] GC(1026) Metaspace: 44230K(44928K)->44230K(44928K) NonClass: 39135K(39488K)->39135K(39488K) Class: 5095K(5440K)->5095K(5440K)
[2023-04-18T01:01:02.717-0400][gc          ] GC(1026) Pause Young (Normal) (G1 Evacuation Pause) 526M->482M(1024M) 26.972ms
[2023-04-18T01:01:02.717-0400][gc,cpu      ] GC(1026) User=0.06s Sys=0.03s Real=0.02s
[2023-04-18T01:01:33.530-0400][gc,start    ] GC(1027) Pause Young (Normal) (G1 Evacuation Pause)
[2023-04-18T01:01:33.530-0400][gc,task     ] GC(1027) Using 8 workers of 8 for evacuation
[2023-04-18T01:01:33.552-0400][gc,mmu      ] GC(1027) MMU target violated: 21.0ms (20.0ms/21.0ms)
[2023-04-18T01:01:33.552-0400][gc,phases   ] GC(1027)   Pre Evacuate Collection Set: 0.2ms
[2023-04-18T01:01:33.552-0400][gc,phases   ] GC(1027)   Merge Heap Roots: 0.2ms
[2023-04-18T01:01:33.552-0400][gc,phases   ] GC(1027)   Evacuate Collection Set: 20.2ms
[2023-04-18T01:01:33.552-0400][gc,phases   ] GC(1027)   Post Evacuate Collection Set: 0.9ms
[2023-04-18T01:01:33.552-0400][gc,phases   ] GC(1027)   Other: 0.4ms
[2023-04-18T01:01:33.552-0400][gc,heap     ] GC(1027) Eden regions: 46->0(46)
[2023-04-18T01:01:33.552-0400][gc,heap     ] GC(1027) Survivor regions: 5->5(7)
[2023-04-18T01:01:33.552-0400][gc,heap     ] GC(1027) Old regions: 348->349
[2023-04-18T01:01:33.552-0400][gc,heap     ] GC(1027) Archive regions: 2->2
[2023-04-18T01:01:33.552-0400][gc,heap     ] GC(1027) Humongous regions: 129->129
[2023-04-18T01:01:33.552-0400][gc,metaspace] GC(1027) Metaspace: 44230K(44928K)->44230K(44928K) NonClass: 39135K(39488K)->39135K(39488K) Class: 5095K(5440K)->5095K(5440K)
[2023-04-18T01:01:33.552-0400][gc          ] GC(1027) Pause Young (Normal) (G1 Evacuation Pause) 528M->483M(1024M) 22.669ms
[2023-04-18T01:01:33.552-0400][gc,cpu      ] GC(1027) User=0.05s Sys=0.03s Real=0.02s
[2023-04-18T01:02:05.349-0400][gc,start    ] GC(1028) Pause Young (Normal) (G1 Evacuation Pause)
[2023-04-18T01:02:05.349-0400][gc,task     ] GC(1028) Using 8 workers of 8 for evacuation
[2023-04-18T01:02:05.374-0400][gc,mmu      ] GC(1028) MMU target violated: 21.0ms (20.0ms/21.0ms)
[2023-04-18T01:02:05.375-0400][gc,phases   ] GC(1028)   Pre Evacuate Collection Set: 0.4ms
[2023-04-18T01:02:05.375-0400][gc,phases   ] GC(1028)   Merge Heap Roots: 0.3ms
[2023-04-18T01:02:05.375-0400][gc,phases   ] GC(1028)   Evacuate Collection Set: 22.2ms
[2023-04-18T01:02:05.375-0400][gc,phases   ] GC(1028)   Post Evacuate Collection Set: 2.3ms
[2023-04-18T01:02:05.375-0400][gc,phases   ] GC(1028)   Other: 0.5ms
[2023-04-18T01:02:05.375-0400][gc,heap     ] GC(1028) Eden regions: 46->0(47)
[2023-04-18T01:02:05.375-0400][gc,heap     ] GC(1028) Survivor regions: 5->4(7)
[2023-04-18T01:02:05.375-0400][gc,heap     ] GC(1028) Old regions: 349->350
[2023-04-18T01:02:05.375-0400][gc,heap     ] GC(1028) Archive regions: 2->2
[2023-04-18T01:02:05.375-0400][gc,heap     ] GC(1028) Humongous regions: 129->129
[2023-04-18T01:02:05.376-0400][gc,metaspace] GC(1028) Metaspace: 44230K(44928K)->44230K(44928K) NonClass: 39135K(39488K)->39135K(39488K) Class: 5095K(5440K)->5095K(5440K)
[2023-04-18T01:02:05.376-0400][gc          ] GC(1028) Pause Young (Normal) (G1 Evacuation Pause) 529M->483M(1024M) 27.196ms
[2023-04-18T01:02:05.376-0400][gc,cpu      ] GC(1028) User=0.04s Sys=0.02s Real=0.03s
[2023-04-18T01:02:37.358-0400][gc,start    ] GC(1029) Pause Young (Normal) (G1 Evacuation Pause)
[2023-04-18T01:02:37.358-0400][gc,task     ] GC(1029) Using 8 workers of 8 for evacuation
[2023-04-18T01:02:37.375-0400][gc,phases   ] GC(1029)   Pre Evacuate Collection Set: 0.8ms
[2023-04-18T01:02:37.375-0400][gc,phases   ] GC(1029)   Merge Heap Roots: 0.2ms
[2023-04-18T01:02:37.375-0400][gc,phases   ] GC(1029)   Evacuate Collection Set: 15.6ms
[2023-04-18T01:02:37.375-0400][gc,phases   ] GC(1029)   Post Evacuate Collection Set: 0.6ms
[2023-04-18T01:02:37.376-0400][gc,phases   ] GC(1029)   Other: 0.2ms
[2023-04-18T01:02:37.376-0400][gc,heap     ] GC(1029) Eden regions: 47->0(61)
[2023-04-18T01:02:37.376-0400][gc,heap     ] GC(1029) Survivor regions: 4->4(7)
[2023-04-18T01:02:37.376-0400][gc,heap     ] GC(1029) Old regions: 350->352
[2023-04-18T01:02:37.376-0400][gc,heap     ] GC(1029) Archive regions: 2->2
[2023-04-18T01:02:37.376-0400][gc,heap     ] GC(1029) Humongous regions: 129->129
[2023-04-18T01:02:37.376-0400][gc,metaspace] GC(1029) Metaspace: 44230K(44928K)->44230K(44928K) NonClass: 39135K(39488K)->39135K(39488K) Class: 5095K(5440K)->5095K(5440K)
[2023-04-18T01:02:37.376-0400][gc          ] GC(1029) Pause Young (Normal) (G1 Evacuation Pause) 530M->484M(1024M) 17.967ms
[2023-04-18T01:02:37.376-0400][gc,cpu      ] GC(1029) User=0.05s Sys=0.02s Real=0.02s
[2023-04-18T01:03:19.142-0400][gc,start    ] GC(1030) Pause Young (Normal) (G1 Evacuation Pause)
[2023-04-18T01:03:19.143-0400][gc,task     ] GC(1030) Using 8 workers of 8 for evacuation
[2023-04-18T01:03:19.154-0400][gc,phases   ] GC(1030)   Pre Evacuate Collection Set: 0.3ms
[2023-04-18T01:03:19.154-0400][gc,phases   ] GC(1030)   Merge Heap Roots: 0.5ms
[2023-04-18T01:03:19.154-0400][gc,phases   ] GC(1030)   Evacuate Collection Set: 9.2ms
[2023-04-18T01:03:19.154-0400][gc,phases   ] GC(1030)   Post Evacuate Collection Set: 1.2ms
[2023-04-18T01:03:19.154-0400][gc,phases   ] GC(1030)   Other: 0.2ms
[2023-04-18T01:03:19.154-0400][gc,heap     ] GC(1030) Eden regions: 61->0(95)
[2023-04-18T01:03:19.154-0400][gc,heap     ] GC(1030) Survivor regions: 4->4(9)
[2023-04-18T01:03:19.154-0400][gc,heap     ] GC(1030) Old regions: 352->352
[2023-04-18T01:03:19.154-0400][gc,heap     ] GC(1030) Archive regions: 2->2
[2023-04-18T01:03:19.154-0400][gc,heap     ] GC(1030) Humongous regions: 129->129
[2023-04-18T01:03:19.154-0400][gc,metaspace] GC(1030) Metaspace: 44230K(44928K)->44230K(44928K) NonClass: 39135K(39488K)->39135K(39488K) Class: 5095K(5440K)->5095K(5440K)
[2023-04-18T01:03:19.154-0400][gc          ] GC(1030) Pause Young (Normal) (G1 Evacuation Pause) 545M->484M(1024M) 12.104ms
[2023-04-18T01:03:19.155-0400][gc,cpu      ] GC(1030) User=0.04s Sys=0.00s Real=0.01s
[2023-04-18T01:04:24.328-0400][gc,start    ] GC(1031) Pause Young (Normal) (G1 Evacuation Pause)
[2023-04-18T01:04:24.329-0400][gc,task     ] GC(1031) Using 8 workers of 8 for evacuation
[2023-04-18T01:04:24.340-0400][gc,phases   ] GC(1031)   Pre Evacuate Collection Set: 0.3ms
[2023-04-18T01:04:24.340-0400][gc,phases   ] GC(1031)   Merge Heap Roots: 0.2ms
[2023-04-18T01:04:24.340-0400][gc,phases   ] GC(1031)   Evacuate Collection Set: 10.2ms
[2023-04-18T01:04:24.340-0400][gc,phases   ] GC(1031)   Post Evacuate Collection Set: 0.7ms
[2023-04-18T01:04:24.340-0400][gc,phases   ] GC(1031)   Other: 0.2ms
[2023-04-18T01:04:24.340-0400][gc,heap     ] GC(1031) Eden regions: 95->0(79)
[2023-04-18T01:04:24.340-0400][gc,heap     ] GC(1031) Survivor regions: 4->5(13)
[2023-04-18T01:04:24.340-0400][gc,heap     ] GC(1031) Old regions: 352->352
[2023-04-18T01:04:24.340-0400][gc,heap     ] GC(1031) Archive regions: 2->2
[2023-04-18T01:04:24.340-0400][gc,heap     ] GC(1031) Humongous regions: 129->129
[2023-04-18T01:04:24.340-0400][gc,metaspace] GC(1031) Metaspace: 44230K(44928K)->44230K(44928K) NonClass: 39135K(39488K)->39135K(39488K) Class: 5095K(5440K)->5095K(5440K)
[2023-04-18T01:04:24.340-0400][gc          ] GC(1031) Pause Young (Normal) (G1 Evacuation Pause) 579M->485M(1024M) 11.953ms
[2023-04-18T01:04:24.340-0400][gc,cpu      ] GC(1031) User=0.05s Sys=0.01s Real=0.02s
[2023-04-18T01:05:17.972-0400][gc,start    ] GC(1032) Pause Young (Normal) (G1 Evacuation Pause)
[2023-04-18T01:05:17.973-0400][gc,task     ] GC(1032) Using 8 workers of 8 for evacuation
[2023-04-18T01:05:17.984-0400][gc,phases   ] GC(1032)   Pre Evacuate Collection Set: 0.2ms
[2023-04-18T01:05:17.984-0400][gc,phases   ] GC(1032)   Merge Heap Roots: 0.2ms
[2023-04-18T01:05:17.984-0400][gc,phases   ] GC(1032)   Evacuate Collection Set: 9.5ms
[2023-04-18T01:05:17.984-0400][gc,phases   ] GC(1032)   Post Evacuate Collection Set: 0.6ms
[2023-04-18T01:05:17.984-0400][gc,phases   ] GC(1032)   Other: 0.2ms
[2023-04-18T01:05:17.984-0400][gc,heap     ] GC(1032) Eden regions: 79->0(84)
[2023-04-18T01:05:17.984-0400][gc,heap     ] GC(1032) Survivor regions: 5->6(11)
[2023-04-18T01:05:17.984-0400][gc,heap     ] GC(1032) Old regions: 352->352
[2023-04-18T01:05:17.984-0400][gc,heap     ] GC(1032) Archive regions: 2->2
[2023-04-18T01:05:17.984-0400][gc,heap     ] GC(1032) Humongous regions: 129->129
[2023-04-18T01:05:17.984-0400][gc,metaspace] GC(1032) Metaspace: 44230K(44928K)->44230K(44928K) NonClass: 39135K(39488K)->39135K(39488K) Class: 5095K(5440K)->5095K(5440K)
[2023-04-18T01:05:17.985-0400][gc          ] GC(1032) Pause Young (Normal) (G1 Evacuation Pause) 564M->486M(1024M) 12.618ms
[2023-04-18T01:05:17.985-0400][gc,cpu      ] GC(1032) User=0.05s Sys=0.00s Real=0.01s
[2023-04-18T01:06:14.671-0400][gc,start    ] GC(1033) Pause Young (Normal) (G1 Evacuation Pause)
[2023-04-18T01:06:14.672-0400][gc,task     ] GC(1033) Using 8 workers of 8 for evacuation
[2023-04-18T01:06:14.685-0400][gc,phases   ] GC(1033)   Pre Evacuate Collection Set: 0.2ms
[2023-04-18T01:06:14.685-0400][gc,phases   ] GC(1033)   Merge Heap Roots: 0.6ms
[2023-04-18T01:06:14.685-0400][gc,phases   ] GC(1033)   Evacuate Collection Set: 11.1ms
[2023-04-18T01:06:14.685-0400][gc,phases   ] GC(1033)   Post Evacuate Collection Set: 0.6ms
[2023-04-18T01:06:14.685-0400][gc,phases   ] GC(1033)   Other: 0.2ms
[2023-04-18T01:06:14.685-0400][gc,heap     ] GC(1033) Eden regions: 84->0(99)
[2023-04-18T01:06:14.685-0400][gc,heap     ] GC(1033) Survivor regions: 6->7(12)
[2023-04-18T01:06:14.685-0400][gc,heap     ] GC(1033) Old regions: 352->352
[2023-04-18T01:06:14.685-0400][gc,heap     ] GC(1033) Archive regions: 2->2
[2023-04-18T01:06:14.685-0400][gc,heap     ] GC(1033) Humongous regions: 129->129
[2023-04-18T01:06:14.685-0400][gc,metaspace] GC(1033) Metaspace: 44230K(44928K)->44230K(44928K) NonClass: 39135K(39488K)->39135K(39488K) Class: 5095K(5440K)->5095K(5440K)
[2023-04-18T01:06:14.685-0400][gc          ] GC(1033) Pause Young (Normal) (G1 Evacuation Pause) 570M->487M(1024M) 14.017ms
[2023-04-18T01:06:14.685-0400][gc,cpu      ] GC(1033) User=0.05s Sys=0.01s Real=0.01s
[2023-04-18T01:07:22.519-0400][gc,start    ] GC(1034) Pause Young (Normal) (G1 Evacuation Pause)
[2023-04-18T01:07:22.520-0400][gc,task     ] GC(1034) Using 8 workers of 8 for evacuation
[2023-04-18T01:07:22.566-0400][gc,mmu      ] GC(1034) MMU target violated: 21.0ms (20.0ms/21.0ms)
[2023-04-18T01:07:22.566-0400][gc,phases   ] GC(1034)   Pre Evacuate Collection Set: 0.3ms
[2023-04-18T01:07:22.566-0400][gc,phases   ] GC(1034)   Merge Heap Roots: 0.2ms
[2023-04-18T01:07:22.566-0400][gc,phases   ] GC(1034)   Evacuate Collection Set: 44.1ms
[2023-04-18T01:07:22.566-0400][gc,phases   ] GC(1034)   Post Evacuate Collection Set: 0.9ms
[2023-04-18T01:07:22.566-0400][gc,phases   ] GC(1034)   Other: 0.3ms
[2023-04-18T01:07:22.566-0400][gc,heap     ] GC(1034) Eden regions: 99->0(44)
[2023-04-18T01:07:22.566-0400][gc,heap     ] GC(1034) Survivor regions: 7->7(14)
[2023-04-18T01:07:22.566-0400][gc,heap     ] GC(1034) Old regions: 352->352
[2023-04-18T01:07:22.566-0400][gc,heap     ] GC(1034) Archive regions: 2->2
[2023-04-18T01:07:22.566-0400][gc,heap     ] GC(1034) Humongous regions: 129->129
[2023-04-18T01:07:22.566-0400][gc,metaspace] GC(1034) Metaspace: 44230K(44928K)->44230K(44928K) NonClass: 39135K(39488K)->39135K(39488K) Class: 5095K(5440K)->5095K(5440K)
[2023-04-18T01:07:22.566-0400][gc          ] GC(1034) Pause Young (Normal) (G1 Evacuation Pause) 586M->488M(1024M) 47.155ms
[2023-04-18T01:07:22.566-0400][gc,cpu      ] GC(1034) User=0.07s Sys=0.09s Real=0.05s
[2023-04-18T01:07:51.854-0400][gc,start    ] GC(1035) Pause Young (Normal) (G1 Evacuation Pause)
[2023-04-18T01:07:51.854-0400][gc,task     ] GC(1035) Using 8 workers of 8 for evacuation
[2023-04-18T01:07:51.920-0400][gc,mmu      ] GC(1035) MMU target violated: 21.0ms (20.0ms/21.0ms)
[2023-04-18T01:07:51.920-0400][gc,phases   ] GC(1035)   Pre Evacuate Collection Set: 0.2ms
[2023-04-18T01:07:51.920-0400][gc,phases   ] GC(1035)   Merge Heap Roots: 0.2ms
[2023-04-18T01:07:51.920-0400][gc,phases   ] GC(1035)   Evacuate Collection Set: 64.1ms
[2023-04-18T01:07:51.920-0400][gc,phases   ] GC(1035)   Post Evacuate Collection Set: 0.8ms
[2023-04-18T01:07:51.920-0400][gc,phases   ] GC(1035)   Other: 0.3ms
[2023-04-18T01:07:51.920-0400][gc,heap     ] GC(1035) Eden regions: 44->0(47)
[2023-04-18T01:07:51.920-0400][gc,heap     ] GC(1035) Survivor regions: 7->4(7)
[2023-04-18T01:07:51.920-0400][gc,heap     ] GC(1035) Old regions: 352->355
[2023-04-18T01:07:51.920-0400][gc,heap     ] GC(1035) Archive regions: 2->2
[2023-04-18T01:07:51.920-0400][gc,heap     ] GC(1035) Humongous regions: 129->129
[2023-04-18T01:07:51.921-0400][gc,metaspace] GC(1035) Metaspace: 44230K(44928K)->44230K(44928K) NonClass: 39135K(39488K)->39135K(39488K) Class: 5095K(5440K)->5095K(5440K)
[2023-04-18T01:07:51.921-0400][gc          ] GC(1035) Pause Young (Normal) (G1 Evacuation Pause) 532M->488M(1024M) 66.667ms
[2023-04-18T01:07:51.921-0400][gc,cpu      ] GC(1035) User=0.07s Sys=0.07s Real=0.07s
[2023-04-18T01:08:23.772-0400][gc,start    ] GC(1036) Pause Young (Normal) (G1 Evacuation Pause)
[2023-04-18T01:08:23.773-0400][gc,task     ] GC(1036) Using 8 workers of 8 for evacuation
[2023-04-18T01:08:23.781-0400][gc,phases   ] GC(1036)   Pre Evacuate Collection Set: 0.2ms
[2023-04-18T01:08:23.781-0400][gc,phases   ] GC(1036)   Merge Heap Roots: 0.1ms
[2023-04-18T01:08:23.781-0400][gc,phases   ] GC(1036)   Evacuate Collection Set: 7.4ms
[2023-04-18T01:08:23.781-0400][gc,phases   ] GC(1036)   Post Evacuate Collection Set: 0.5ms
[2023-04-18T01:08:23.781-0400][gc,phases   ] GC(1036)   Other: 0.1ms
[2023-04-18T01:08:23.782-0400][gc,heap     ] GC(1036) Eden regions: 47->0(46)
[2023-04-18T01:08:23.782-0400][gc,heap     ] GC(1036) Survivor regions: 4->5(7)
[2023-04-18T01:08:23.782-0400][gc,heap     ] GC(1036) Old regions: 355->355
[2023-04-18T01:08:23.782-0400][gc,heap     ] GC(1036) Archive regions: 2->2
[2023-04-18T01:08:23.782-0400][gc,heap     ] GC(1036) Humongous regions: 129->129
[2023-04-18T01:08:23.782-0400][gc,metaspace] GC(1036) Metaspace: 44230K(44928K)->44230K(44928K) NonClass: 39135K(39488K)->39135K(39488K) Class: 5095K(5440K)->5095K(5440K)
[2023-04-18T01:08:23.782-0400][gc          ] GC(1036) Pause Young (Normal) (G1 Evacuation Pause) 535M->489M(1024M) 9.730ms
[2023-04-18T01:08:23.782-0400][gc,cpu      ] GC(1036) User=0.04s Sys=0.00s Real=0.01s
[2023-04-18T01:08:54.603-0400][gc,start    ] GC(1037) Pause Young (Normal) (G1 Evacuation Pause)
[2023-04-18T01:08:54.603-0400][gc,task     ] GC(1037) Using 8 workers of 8 for evacuation
[2023-04-18T01:08:54.617-0400][gc,phases   ] GC(1037)   Pre Evacuate Collection Set: 0.2ms
[2023-04-18T01:08:54.617-0400][gc,phases   ] GC(1037)   Merge Heap Roots: 0.1ms
[2023-04-18T01:08:54.617-0400][gc,phases   ] GC(1037)   Evacuate Collection Set: 12.7ms
[2023-04-18T01:08:54.617-0400][gc,phases   ] GC(1037)   Post Evacuate Collection Set: 0.5ms
[2023-04-18T01:08:54.617-0400][gc,phases   ] GC(1037)   Other: 0.2ms
[2023-04-18T01:08:54.617-0400][gc,heap     ] GC(1037) Eden regions: 46->0(46)
[2023-04-18T01:08:54.617-0400][gc,heap     ] GC(1037) Survivor regions: 5->5(7)
[2023-04-18T01:08:54.617-0400][gc,heap     ] GC(1037) Old regions: 355->356
[2023-04-18T01:08:54.617-0400][gc,heap     ] GC(1037) Archive regions: 2->2
[2023-04-18T01:08:54.617-0400][gc,heap     ] GC(1037) Humongous regions: 129->129
[2023-04-18T01:08:54.617-0400][gc,metaspace] GC(1037) Metaspace: 44230K(44928K)->44230K(44928K) NonClass: 39135K(39488K)->39135K(39488K) Class: 5095K(5440K)->5095K(5440K)
[2023-04-18T01:08:54.617-0400][gc          ] GC(1037) Pause Young (Normal) (G1 Evacuation Pause) 535M->490M(1024M) 14.441ms
[2023-04-18T01:08:54.618-0400][gc,cpu      ] GC(1037) User=0.05s Sys=0.01s Real=0.01s
[2023-04-18T01:09:25.980-0400][gc,start    ] GC(1038) Pause Young (Normal) (G1 Evacuation Pause)
[2023-04-18T01:09:25.981-0400][gc,task     ] GC(1038) Using 8 workers of 8 for evacuation
[2023-04-18T01:09:25.995-0400][gc,phases   ] GC(1038)   Pre Evacuate Collection Set: 0.2ms
[2023-04-18T01:09:25.995-0400][gc,phases   ] GC(1038)   Merge Heap Roots: 0.2ms
[2023-04-18T01:09:25.995-0400][gc,phases   ] GC(1038)   Evacuate Collection Set: 12.5ms
[2023-04-18T01:09:25.995-0400][gc,phases   ] GC(1038)   Post Evacuate Collection Set: 0.7ms
[2023-04-18T01:09:25.995-0400][gc,phases   ] GC(1038)   Other: 0.2ms
[2023-04-18T01:09:25.995-0400][gc,heap     ] GC(1038) Eden regions: 46->0(46)
[2023-04-18T01:09:25.995-0400][gc,heap     ] GC(1038) Survivor regions: 5->5(7)
[2023-04-18T01:09:25.995-0400][gc,heap     ] GC(1038) Old regions: 356->357
[2023-04-18T01:09:25.995-0400][gc,heap     ] GC(1038) Archive regions: 2->2
[2023-04-18T01:09:25.995-0400][gc,heap     ] GC(1038) Humongous regions: 129->129
[2023-04-18T01:09:25.995-0400][gc,metaspace] GC(1038) Metaspace: 44230K(44928K)->44230K(44928K) NonClass: 39135K(39488K)->39135K(39488K) Class: 5095K(5440K)->5095K(5440K)
[2023-04-18T01:09:25.995-0400][gc          ] GC(1038) Pause Young (Normal) (G1 Evacuation Pause) 536M->491M(1024M) 15.215ms
[2023-04-18T01:09:25.996-0400][gc,cpu      ] GC(1038) User=0.05s Sys=0.01s Real=0.01s
[2023-04-18T01:09:57.082-0400][gc,start    ] GC(1039) Pause Young (Normal) (G1 Evacuation Pause)
[2023-04-18T01:09:57.083-0400][gc,task     ] GC(1039) Using 8 workers of 8 for evacuation
[2023-04-18T01:09:57.111-0400][gc,mmu      ] GC(1039) MMU target violated: 21.0ms (20.0ms/21.0ms)
[2023-04-18T01:09:57.111-0400][gc,phases   ] GC(1039)   Pre Evacuate Collection Set: 0.3ms
[2023-04-18T01:09:57.111-0400][gc,phases   ] GC(1039)   Merge Heap Roots: 0.2ms
[2023-04-18T01:09:57.111-0400][gc,phases   ] GC(1039)   Evacuate Collection Set: 26.2ms
[2023-04-18T01:09:57.111-0400][gc,phases   ] GC(1039)   Post Evacuate Collection Set: 0.8ms
[2023-04-18T01:09:57.111-0400][gc,phases   ] GC(1039)   Other: 0.5ms
[2023-04-18T01:09:57.111-0400][gc,heap     ] GC(1039) Eden regions: 46->0(46)
[2023-04-18T01:09:57.111-0400][gc,heap     ] GC(1039) Survivor regions: 5->5(7)
[2023-04-18T01:09:57.111-0400][gc,heap     ] GC(1039) Old regions: 357->358
[2023-04-18T01:09:57.111-0400][gc,heap     ] GC(1039) Archive regions: 2->2
[2023-04-18T01:09:57.111-0400][gc,heap     ] GC(1039) Humongous regions: 129->129
[2023-04-18T01:09:57.111-0400][gc,metaspace] GC(1039) Metaspace: 44230K(44928K)->44230K(44928K) NonClass: 39135K(39488K)->39135K(39488K) Class: 5095K(5440K)->5095K(5440K)
[2023-04-18T01:09:57.111-0400][gc          ] GC(1039) Pause Young (Normal) (G1 Evacuation Pause) 537M->491M(1024M) 29.258ms
[2023-04-18T01:09:57.111-0400][gc,cpu      ] GC(1039) User=0.05s Sys=0.03s Real=0.03s
[2023-04-18T01:10:29.249-0400][gc,start    ] GC(1040) Pause Young (Normal) (G1 Evacuation Pause)
[2023-04-18T01:10:29.249-0400][gc,task     ] GC(1040) Using 8 workers of 8 for evacuation
[2023-04-18T01:10:29.264-0400][gc,phases   ] GC(1040)   Pre Evacuate Collection Set: 0.2ms
[2023-04-18T01:10:29.264-0400][gc,phases   ] GC(1040)   Merge Heap Roots: 0.2ms
[2023-04-18T01:10:29.264-0400][gc,phases   ] GC(1040)   Evacuate Collection Set: 13.0ms
[2023-04-18T01:10:29.264-0400][gc,phases   ] GC(1040)   Post Evacuate Collection Set: 1.1ms
[2023-04-18T01:10:29.264-0400][gc,phases   ] GC(1040)   Other: 0.2ms
[2023-04-18T01:10:29.264-0400][gc,heap     ] GC(1040) Eden regions: 46->0(46)
[2023-04-18T01:10:29.264-0400][gc,heap     ] GC(1040) Survivor regions: 5->5(7)
[2023-04-18T01:10:29.264-0400][gc,heap     ] GC(1040) Old regions: 358->359
[2023-04-18T01:10:29.264-0400][gc,heap     ] GC(1040) Archive regions: 2->2
[2023-04-18T01:10:29.264-0400][gc,heap     ] GC(1040) Humongous regions: 129->129
[2023-04-18T01:10:29.264-0400][gc,metaspace] GC(1040) Metaspace: 44230K(44928K)->44230K(44928K) NonClass: 39135K(39488K)->39135K(39488K) Class: 5095K(5440K)->5095K(5440K)
[2023-04-18T01:10:29.264-0400][gc          ] GC(1040) Pause Young (Normal) (G1 Evacuation Pause) 537M->492M(1024M) 15.295ms
[2023-04-18T01:10:29.264-0400][gc,cpu      ] GC(1040) User=0.04s Sys=0.01s Real=0.02s
[2023-04-18T01:11:00.133-0400][gc,start    ] GC(1041) Pause Young (Normal) (G1 Evacuation Pause)
[2023-04-18T01:11:00.133-0400][gc,task     ] GC(1041) Using 8 workers of 8 for evacuation
[2023-04-18T01:11:00.145-0400][gc,phases   ] GC(1041)   Pre Evacuate Collection Set: 0.2ms
[2023-04-18T01:11:00.145-0400][gc,phases   ] GC(1041)   Merge Heap Roots: 0.2ms
[2023-04-18T01:11:00.145-0400][gc,phases   ] GC(1041)   Evacuate Collection Set: 11.5ms
[2023-04-18T01:11:00.145-0400][gc,phases   ] GC(1041)   Post Evacuate Collection Set: 0.5ms
[2023-04-18T01:11:00.145-0400][gc,phases   ] GC(1041)   Other: 0.1ms
[2023-04-18T01:11:00.145-0400][gc,heap     ] GC(1041) Eden regions: 46->0(77)
[2023-04-18T01:11:00.145-0400][gc,heap     ] GC(1041) Survivor regions: 5->5(7)
[2023-04-18T01:11:00.145-0400][gc,heap     ] GC(1041) Old regions: 359->360
[2023-04-18T01:11:00.146-0400][gc,heap     ] GC(1041) Archive regions: 2->2
[2023-04-18T01:11:00.146-0400][gc,heap     ] GC(1041) Humongous regions: 129->129
[2023-04-18T01:11:00.146-0400][gc,metaspace] GC(1041) Metaspace: 44230K(44928K)->44230K(44928K) NonClass: 39135K(39488K)->39135K(39488K) Class: 5095K(5440K)->5095K(5440K)
[2023-04-18T01:11:00.146-0400][gc          ] GC(1041) Pause Young (Normal) (G1 Evacuation Pause) 538M->493M(1024M) 12.908ms
[2023-04-18T01:11:00.146-0400][gc,cpu      ] GC(1041) User=0.04s Sys=0.01s Real=0.01s
[2023-04-18T01:11:51.380-0400][gc,start    ] GC(1042) Pause Young (Normal) (G1 Evacuation Pause)
[2023-04-18T01:11:51.380-0400][gc,task     ] GC(1042) Using 8 workers of 8 for evacuation
[2023-04-18T01:11:51.391-0400][gc,phases   ] GC(1042)   Pre Evacuate Collection Set: 0.3ms
[2023-04-18T01:11:51.391-0400][gc,phases   ] GC(1042)   Merge Heap Roots: 0.3ms
[2023-04-18T01:11:51.391-0400][gc,phases   ] GC(1042)   Evacuate Collection Set: 9.6ms
[2023-04-18T01:11:51.391-0400][gc,phases   ] GC(1042)   Post Evacuate Collection Set: 0.6ms
[2023-04-18T01:11:51.392-0400][gc,phases   ] GC(1042)   Other: 0.2ms
[2023-04-18T01:11:51.392-0400][gc,heap     ] GC(1042) Eden regions: 75->0(69)
[2023-04-18T01:11:51.392-0400][gc,heap     ] GC(1042) Survivor regions: 5->6(10)
[2023-04-18T01:11:51.392-0400][gc,heap     ] GC(1042) Old regions: 360->360
[2023-04-18T01:11:51.392-0400][gc,heap     ] GC(1042) Archive regions: 2->2
[2023-04-18T01:11:51.392-0400][gc,heap     ] GC(1042) Humongous regions: 129->129
[2023-04-18T01:11:51.392-0400][gc,metaspace] GC(1042) Metaspace: 44230K(44928K)->44230K(44928K) NonClass: 39135K(39488K)->39135K(39488K) Class: 5095K(5440K)->5095K(5440K)
[2023-04-18T01:11:51.392-0400][gc          ] GC(1042) Pause Young (Normal) (G1 Evacuation Pause) 568M->495M(1024M) 11.597ms
[2023-04-18T01:11:51.392-0400][gc,cpu      ] GC(1042) User=0.05s Sys=0.00s Real=0.01s
[2023-04-18T01:12:38.788-0400][gc,start    ] GC(1043) Pause Young (Normal) (G1 Evacuation Pause)
[2023-04-18T01:12:38.788-0400][gc,task     ] GC(1043) Using 8 workers of 8 for evacuation
[2023-04-18T01:12:38.805-0400][gc,phases   ] GC(1043)   Pre Evacuate Collection Set: 0.2ms
[2023-04-18T01:12:38.805-0400][gc,phases   ] GC(1043)   Merge Heap Roots: 0.2ms
[2023-04-18T01:12:38.805-0400][gc,phases   ] GC(1043)   Evacuate Collection Set: 15.7ms
[2023-04-18T01:12:38.805-0400][gc,phases   ] GC(1043)   Post Evacuate Collection Set: 0.6ms
[2023-04-18T01:12:38.805-0400][gc,phases   ] GC(1043)   Other: 0.1ms
[2023-04-18T01:12:38.805-0400][gc,heap     ] GC(1043) Eden regions: 69->0(44)
[2023-04-18T01:12:38.805-0400][gc,heap     ] GC(1043) Survivor regions: 6->7(10)
[2023-04-18T01:12:38.805-0400][gc,heap     ] GC(1043) Old regions: 360->361
[2023-04-18T01:12:38.805-0400][gc,heap     ] GC(1043) Archive regions: 2->2
[2023-04-18T01:12:38.805-0400][gc,heap     ] GC(1043) Humongous regions: 129->129
[2023-04-18T01:12:38.805-0400][gc,metaspace] GC(1043) Metaspace: 44230K(44928K)->44230K(44928K) NonClass: 39135K(39488K)->39135K(39488K) Class: 5095K(5440K)->5095K(5440K)
[2023-04-18T01:12:38.805-0400][gc          ] GC(1043) Pause Young (Normal) (G1 Evacuation Pause) 564M->496M(1024M) 17.267ms
[2023-04-18T01:12:38.806-0400][gc,cpu      ] GC(1043) User=0.06s Sys=0.02s Real=0.02s
[2023-04-18T01:13:07.709-0400][gc,start    ] GC(1044) Pause Young (Normal) (G1 Evacuation Pause)
[2023-04-18T01:13:07.709-0400][gc,task     ] GC(1044) Using 8 workers of 8 for evacuation
[2023-04-18T01:13:07.748-0400][gc,mmu      ] GC(1044) MMU target violated: 21.0ms (20.0ms/21.0ms)
[2023-04-18T01:13:07.748-0400][gc,phases   ] GC(1044)   Pre Evacuate Collection Set: 0.2ms
[2023-04-18T01:13:07.748-0400][gc,phases   ] GC(1044)   Merge Heap Roots: 0.2ms
[2023-04-18T01:13:07.748-0400][gc,phases   ] GC(1044)   Evacuate Collection Set: 35.5ms
[2023-04-18T01:13:07.748-0400][gc,phases   ] GC(1044)   Post Evacuate Collection Set: 1.4ms
[2023-04-18T01:13:07.748-0400][gc,phases   ] GC(1044)   Other: 1.3ms
[2023-04-18T01:13:07.748-0400][gc,heap     ] GC(1044) Eden regions: 44->0(46)
[2023-04-18T01:13:07.748-0400][gc,heap     ] GC(1044) Survivor regions: 7->5(7)
[2023-04-18T01:13:07.748-0400][gc,heap     ] GC(1044) Old regions: 361->363
[2023-04-18T01:13:07.748-0400][gc,heap     ] GC(1044) Archive regions: 2->2
[2023-04-18T01:13:07.748-0400][gc,heap     ] GC(1044) Humongous regions: 129->129
[2023-04-18T01:13:07.748-0400][gc,metaspace] GC(1044) Metaspace: 44230K(44928K)->44230K(44928K) NonClass: 39135K(39488K)->39135K(39488K) Class: 5095K(5440K)->5095K(5440K)
[2023-04-18T01:13:07.748-0400][gc          ] GC(1044) Pause Young (Normal) (G1 Evacuation Pause) 540M->497M(1024M) 39.196ms
[2023-04-18T01:13:07.748-0400][gc,cpu      ] GC(1044) User=0.07s Sys=0.05s Real=0.04s
[2023-04-18T01:13:38.575-0400][gc,start    ] GC(1045) Pause Young (Normal) (G1 Evacuation Pause)
[2023-04-18T01:13:38.575-0400][gc,task     ] GC(1045) Using 8 workers of 8 for evacuation
[2023-04-18T01:13:38.608-0400][gc,mmu      ] GC(1045) MMU target violated: 21.0ms (20.0ms/21.0ms)
[2023-04-18T01:13:38.608-0400][gc,phases   ] GC(1045)   Pre Evacuate Collection Set: 0.3ms
[2023-04-18T01:13:38.608-0400][gc,phases   ] GC(1045)   Merge Heap Roots: 0.2ms
[2023-04-18T01:13:38.608-0400][gc,phases   ] GC(1045)   Evacuate Collection Set: 31.4ms
[2023-04-18T01:13:38.608-0400][gc,phases   ] GC(1045)   Post Evacuate Collection Set: 0.9ms
[2023-04-18T01:13:38.608-0400][gc,phases   ] GC(1045)   Other: 0.4ms
[2023-04-18T01:13:38.609-0400][gc,heap     ] GC(1045) Eden regions: 46->0(47)
[2023-04-18T01:13:38.609-0400][gc,heap     ] GC(1045) Survivor regions: 5->4(7)
[2023-04-18T01:13:38.609-0400][gc,heap     ] GC(1045) Old regions: 363->365
[2023-04-18T01:13:38.609-0400][gc,heap     ] GC(1045) Archive regions: 2->2
[2023-04-18T01:13:38.609-0400][gc,heap     ] GC(1045) Humongous regions: 129->129
[2023-04-18T01:13:38.609-0400][gc,metaspace] GC(1045) Metaspace: 44230K(44928K)->44230K(44928K) NonClass: 39135K(39488K)->39135K(39488K) Class: 5095K(5440K)->5095K(5440K)
[2023-04-18T01:13:38.609-0400][gc          ] GC(1045) Pause Young (Normal) (G1 Evacuation Pause) 543M->498M(1024M) 33.867ms
[2023-04-18T01:13:38.609-0400][gc,cpu      ] GC(1045) User=0.06s Sys=0.06s Real=0.03s
[2023-04-18T01:14:11.259-0400][gc,start    ] GC(1046) Pause Young (Normal) (G1 Evacuation Pause)
[2023-04-18T01:14:11.260-0400][gc,task     ] GC(1046) Using 8 workers of 8 for evacuation
[2023-04-18T01:14:11.276-0400][gc,phases   ] GC(1046)   Pre Evacuate Collection Set: 0.3ms
[2023-04-18T01:14:11.276-0400][gc,phases   ] GC(1046)   Merge Heap Roots: 0.3ms
[2023-04-18T01:14:11.276-0400][gc,phases   ] GC(1046)   Evacuate Collection Set: 13.5ms
[2023-04-18T01:14:11.276-0400][gc,phases   ] GC(1046)   Post Evacuate Collection Set: 1.7ms
[2023-04-18T01:14:11.276-0400][gc,phases   ] GC(1046)   Other: 0.2ms
[2023-04-18T01:14:11.276-0400][gc,heap     ] GC(1046) Eden regions: 47->0(74)
[2023-04-18T01:14:11.276-0400][gc,heap     ] GC(1046) Survivor regions: 4->4(7)
[2023-04-18T01:14:11.276-0400][gc,heap     ] GC(1046) Old regions: 365->365
[2023-04-18T01:14:11.276-0400][gc,heap     ] GC(1046) Archive regions: 2->2
[2023-04-18T01:14:11.276-0400][gc,heap     ] GC(1046) Humongous regions: 129->129
[2023-04-18T01:14:11.276-0400][gc,metaspace] GC(1046) Metaspace: 44230K(44928K)->44230K(44928K) NonClass: 39135K(39488K)->39135K(39488K) Class: 5095K(5440K)->5095K(5440K)
[2023-04-18T01:14:11.276-0400][gc          ] GC(1046) Pause Young (Normal) (G1 Evacuation Pause) 545M->498M(1024M) 17.139ms
[2023-04-18T01:14:11.276-0400][gc,cpu      ] GC(1046) User=0.04s Sys=0.00s Real=0.02s
[2023-04-18T01:15:01.673-0400][gc,start    ] GC(1047) Pause Young (Normal) (G1 Evacuation Pause)
[2023-04-18T01:15:01.673-0400][gc,task     ] GC(1047) Using 8 workers of 8 for evacuation
[2023-04-18T01:15:01.681-0400][gc,phases   ] GC(1047)   Pre Evacuate Collection Set: 0.2ms
[2023-04-18T01:15:01.681-0400][gc,phases   ] GC(1047)   Merge Heap Roots: 0.2ms
[2023-04-18T01:15:01.681-0400][gc,phases   ] GC(1047)   Evacuate Collection Set: 6.8ms
[2023-04-18T01:15:01.681-0400][gc,phases   ] GC(1047)   Post Evacuate Collection Set: 0.7ms
[2023-04-18T01:15:01.682-0400][gc,phases   ] GC(1047)   Other: 0.1ms
[2023-04-18T01:15:01.682-0400][gc,heap     ] GC(1047) Eden regions: 74->0(94)
[2023-04-18T01:15:01.682-0400][gc,heap     ] GC(1047) Survivor regions: 4->5(10)
[2023-04-18T01:15:01.682-0400][gc,heap     ] GC(1047) Old regions: 365->365
[2023-04-18T01:15:01.682-0400][gc,heap     ] GC(1047) Archive regions: 2->2
[2023-04-18T01:15:01.682-0400][gc,heap     ] GC(1047) Humongous regions: 129->129
[2023-04-18T01:15:01.682-0400][gc,metaspace] GC(1047) Metaspace: 44230K(44928K)->44230K(44928K) NonClass: 39135K(39488K)->39135K(39488K) Class: 5095K(5440K)->5095K(5440K)
[2023-04-18T01:15:01.682-0400][gc          ] GC(1047) Pause Young (Normal) (G1 Evacuation Pause) 572M->499M(1024M) 8.449ms
[2023-04-18T01:15:01.682-0400][gc,cpu      ] GC(1047) User=0.04s Sys=0.00s Real=0.01s
[2023-04-18T01:16:05.724-0400][gc,start    ] GC(1048) Pause Young (Normal) (G1 Evacuation Pause)
[2023-04-18T01:16:05.725-0400][gc,task     ] GC(1048) Using 8 workers of 8 for evacuation
[2023-04-18T01:16:05.736-0400][gc,phases   ] GC(1048)   Pre Evacuate Collection Set: 0.3ms
[2023-04-18T01:16:05.736-0400][gc,phases   ] GC(1048)   Merge Heap Roots: 0.2ms
[2023-04-18T01:16:05.736-0400][gc,phases   ] GC(1048)   Evacuate Collection Set: 10.4ms
[2023-04-18T01:16:05.736-0400][gc,phases   ] GC(1048)   Post Evacuate Collection Set: 0.6ms
[2023-04-18T01:16:05.736-0400][gc,phases   ] GC(1048)   Other: 0.1ms
[2023-04-18T01:16:05.736-0400][gc,heap     ] GC(1048) Eden regions: 94->0(149)
[2023-04-18T01:16:05.736-0400][gc,heap     ] GC(1048) Survivor regions: 5->5(13)
[2023-04-18T01:16:05.736-0400][gc,heap     ] GC(1048) Old regions: 365->365
[2023-04-18T01:16:05.736-0400][gc,heap     ] GC(1048) Archive regions: 2->2
[2023-04-18T01:16:05.737-0400][gc,heap     ] GC(1048) Humongous regions: 129->129
[2023-04-18T01:16:05.737-0400][gc,metaspace] GC(1048) Metaspace: 44230K(44928K)->44230K(44928K) NonClass: 39135K(39488K)->39135K(39488K) Class: 5095K(5440K)->5095K(5440K)
[2023-04-18T01:16:05.737-0400][gc          ] GC(1048) Pause Young (Normal) (G1 Evacuation Pause) 593M->499M(1024M) 12.153ms
[2023-04-18T01:16:05.737-0400][gc,cpu      ] GC(1048) User=0.04s Sys=0.00s Real=0.01s
[2023-04-18T01:17:47.807-0400][gc,start    ] GC(1049) Pause Young (Normal) (G1 Evacuation Pause)
[2023-04-18T01:17:47.808-0400][gc,task     ] GC(1049) Using 8 workers of 8 for evacuation
[2023-04-18T01:17:47.856-0400][gc,mmu      ] GC(1049) MMU target violated: 21.0ms (20.0ms/21.0ms)
[2023-04-18T01:17:47.856-0400][gc,phases   ] GC(1049)   Pre Evacuate Collection Set: 1.3ms
[2023-04-18T01:17:47.856-0400][gc,phases   ] GC(1049)   Merge Heap Roots: 0.2ms
[2023-04-18T01:17:47.856-0400][gc,phases   ] GC(1049)   Evacuate Collection Set: 45.4ms
[2023-04-18T01:17:47.857-0400][gc,phases   ] GC(1049)   Post Evacuate Collection Set: 0.9ms
[2023-04-18T01:17:47.857-0400][gc,phases   ] GC(1049)   Other: 0.3ms
[2023-04-18T01:17:47.857-0400][gc,heap     ] GC(1049) Eden regions: 148->0(44)
[2023-04-18T01:17:47.857-0400][gc,heap     ] GC(1049) Survivor regions: 5->7(20)
[2023-04-18T01:17:47.857-0400][gc,heap     ] GC(1049) Old regions: 365->365
[2023-04-18T01:17:47.857-0400][gc,heap     ] GC(1049) Archive regions: 2->2
[2023-04-18T01:17:47.857-0400][gc,heap     ] GC(1049) Humongous regions: 129->129
[2023-04-18T01:17:47.857-0400][gc,metaspace] GC(1049) Metaspace: 44230K(44928K)->44230K(44928K) NonClass: 39135K(39488K)->39135K(39488K) Class: 5095K(5440K)->5095K(5440K)
[2023-04-18T01:17:47.857-0400][gc          ] GC(1049) Pause Young (Normal) (G1 Evacuation Pause) 647M->501M(1024M) 49.851ms
[2023-04-18T01:17:47.857-0400][gc,cpu      ] GC(1049) User=0.07s Sys=0.10s Real=0.05s
[2023-04-18T01:18:17.627-0400][gc,start    ] GC(1050) Pause Young (Normal) (G1 Evacuation Pause)
[2023-04-18T01:18:17.627-0400][gc,task     ] GC(1050) Using 8 workers of 8 for evacuation
[2023-04-18T01:18:17.719-0400][gc,mmu      ] GC(1050) MMU target violated: 21.0ms (20.0ms/21.0ms)
[2023-04-18T01:18:17.719-0400][gc,phases   ] GC(1050)   Pre Evacuate Collection Set: 1.5ms
[2023-04-18T01:18:17.719-0400][gc,phases   ] GC(1050)   Merge Heap Roots: 0.2ms
[2023-04-18T01:18:17.719-0400][gc,phases   ] GC(1050)   Evacuate Collection Set: 88.2ms
[2023-04-18T01:18:17.719-0400][gc,phases   ] GC(1050)   Post Evacuate Collection Set: 1.2ms
[2023-04-18T01:18:17.719-0400][gc,phases   ] GC(1050)   Other: 0.4ms
[2023-04-18T01:18:17.719-0400][gc,heap     ] GC(1050) Eden regions: 44->0(46)
[2023-04-18T01:18:17.719-0400][gc,heap     ] GC(1050) Survivor regions: 7->5(7)
[2023-04-18T01:18:17.719-0400][gc,heap     ] GC(1050) Old regions: 365->369
[2023-04-18T01:18:17.719-0400][gc,heap     ] GC(1050) Archive regions: 2->2
[2023-04-18T01:18:17.719-0400][gc,heap     ] GC(1050) Humongous regions: 129->129
[2023-04-18T01:18:17.719-0400][gc,metaspace] GC(1050) Metaspace: 44230K(44928K)->44230K(44928K) NonClass: 39135K(39488K)->39135K(39488K) Class: 5095K(5440K)->5095K(5440K)
[2023-04-18T01:18:17.719-0400][gc          ] GC(1050) Pause Young (Normal) (G1 Evacuation Pause) 545M->502M(1024M) 92.285ms
[2023-04-18T01:18:17.719-0400][gc,cpu      ] GC(1050) User=0.07s Sys=0.08s Real=0.09s
[2023-04-18T01:18:48.349-0400][gc,start    ] GC(1051) Pause Young (Normal) (G1 Evacuation Pause)
[2023-04-18T01:18:48.350-0400][gc,task     ] GC(1051) Using 8 workers of 8 for evacuation
[2023-04-18T01:18:48.367-0400][gc,phases   ] GC(1051)   Pre Evacuate Collection Set: 0.3ms
[2023-04-18T01:18:48.367-0400][gc,phases   ] GC(1051)   Merge Heap Roots: 0.2ms
[2023-04-18T01:18:48.367-0400][gc,phases   ] GC(1051)   Evacuate Collection Set: 15.7ms
[2023-04-18T01:18:48.367-0400][gc,phases   ] GC(1051)   Post Evacuate Collection Set: 0.6ms
[2023-04-18T01:18:48.367-0400][gc,phases   ] GC(1051)   Other: 0.2ms
[2023-04-18T01:18:48.367-0400][gc,heap     ] GC(1051) Eden regions: 46->0(47)
[2023-04-18T01:18:48.367-0400][gc,heap     ] GC(1051) Survivor regions: 5->4(7)
[2023-04-18T01:18:48.367-0400][gc,heap     ] GC(1051) Old regions: 369->370
[2023-04-18T01:18:48.367-0400][gc,heap     ] GC(1051) Archive regions: 2->2
[2023-04-18T01:18:48.367-0400][gc,heap     ] GC(1051) Humongous regions: 129->129
[2023-04-18T01:18:48.368-0400][gc,metaspace] GC(1051) Metaspace: 44230K(44928K)->44230K(44928K) NonClass: 39135K(39488K)->39135K(39488K) Class: 5095K(5440K)->5095K(5440K)
[2023-04-18T01:18:48.368-0400][gc          ] GC(1051) Pause Young (Normal) (G1 Evacuation Pause) 548M->503M(1024M) 19.061ms
[2023-04-18T01:18:48.368-0400][gc,cpu      ] GC(1051) User=0.04s Sys=0.02s Real=0.02s
[2023-04-18T01:19:20.235-0400][gc,start    ] GC(1052) Pause Young (Normal) (G1 Evacuation Pause)
[2023-04-18T01:19:20.236-0400][gc,task     ] GC(1052) Using 8 workers of 8 for evacuation
[2023-04-18T01:19:20.246-0400][gc,phases   ] GC(1052)   Pre Evacuate Collection Set: 0.2ms
[2023-04-18T01:19:20.246-0400][gc,phases   ] GC(1052)   Merge Heap Roots: 0.2ms
[2023-04-18T01:19:20.246-0400][gc,phases   ] GC(1052)   Evacuate Collection Set: 8.8ms
[2023-04-18T01:19:20.246-0400][gc,phases   ] GC(1052)   Post Evacuate Collection Set: 0.6ms
[2023-04-18T01:19:20.246-0400][gc,phases   ] GC(1052)   Other: 0.2ms
[2023-04-18T01:19:20.246-0400][gc,heap     ] GC(1052) Eden regions: 47->0(46)
[2023-04-18T01:19:20.246-0400][gc,heap     ] GC(1052) Survivor regions: 4->5(7)
[2023-04-18T01:19:20.246-0400][gc,heap     ] GC(1052) Old regions: 370->370
[2023-04-18T01:19:20.247-0400][gc,heap     ] GC(1052) Archive regions: 2->2
[2023-04-18T01:19:20.247-0400][gc,heap     ] GC(1052) Humongous regions: 129->129
[2023-04-18T01:19:20.247-0400][gc,metaspace] GC(1052) Metaspace: 44230K(44928K)->44230K(44928K) NonClass: 39135K(39488K)->39135K(39488K) Class: 5095K(5440K)->5095K(5440K)
[2023-04-18T01:19:20.247-0400][gc          ] GC(1052) Pause Young (Normal) (G1 Evacuation Pause) 550M->504M(1024M) 11.350ms
[2023-04-18T01:19:20.247-0400][gc,cpu      ] GC(1052) User=0.04s Sys=0.00s Real=0.01s
[2023-04-18T01:19:51.389-0400][gc,start    ] GC(1053) Pause Young (Normal) (G1 Evacuation Pause)
[2023-04-18T01:19:51.390-0400][gc,task     ] GC(1053) Using 8 workers of 8 for evacuation
[2023-04-18T01:19:51.414-0400][gc,mmu      ] GC(1053) MMU target violated: 21.0ms (20.0ms/21.0ms)
[2023-04-18T01:19:51.414-0400][gc,phases   ] GC(1053)   Pre Evacuate Collection Set: 0.2ms
[2023-04-18T01:19:51.414-0400][gc,phases   ] GC(1053)   Merge Heap Roots: 0.2ms
[2023-04-18T01:19:51.414-0400][gc,phases   ] GC(1053)   Evacuate Collection Set: 22.7ms
[2023-04-18T01:19:51.414-0400][gc,phases   ] GC(1053)   Post Evacuate Collection Set: 0.7ms
[2023-04-18T01:19:51.414-0400][gc,phases   ] GC(1053)   Other: 0.3ms
[2023-04-18T01:19:51.414-0400][gc,heap     ] GC(1053) Eden regions: 46->0(47)
[2023-04-18T01:19:51.414-0400][gc,heap     ] GC(1053) Survivor regions: 5->4(7)
[2023-04-18T01:19:51.414-0400][gc,heap     ] GC(1053) Old regions: 370->372
[2023-04-18T01:19:51.414-0400][gc,heap     ] GC(1053) Archive regions: 2->2
[2023-04-18T01:19:51.414-0400][gc,heap     ] GC(1053) Humongous regions: 129->129
[2023-04-18T01:19:51.414-0400][gc,metaspace] GC(1053) Metaspace: 44230K(44928K)->44230K(44928K) NonClass: 39135K(39488K)->39135K(39488K) Class: 5095K(5440K)->5095K(5440K)
[2023-04-18T01:19:51.414-0400][gc          ] GC(1053) Pause Young (Normal) (G1 Evacuation Pause) 550M->504M(1024M) 24.964ms
[2023-04-18T01:19:51.415-0400][gc,cpu      ] GC(1053) User=0.05s Sys=0.03s Real=0.03s
[2023-04-18T01:20:23.518-0400][gc,start    ] GC(1054) Pause Young (Normal) (G1 Evacuation Pause)
[2023-04-18T01:20:23.519-0400][gc,task     ] GC(1054) Using 8 workers of 8 for evacuation
[2023-04-18T01:20:23.526-0400][gc,phases   ] GC(1054)   Pre Evacuate Collection Set: 0.2ms
[2023-04-18T01:20:23.526-0400][gc,phases   ] GC(1054)   Merge Heap Roots: 0.1ms
[2023-04-18T01:20:23.526-0400][gc,phases   ] GC(1054)   Evacuate Collection Set: 6.0ms
[2023-04-18T01:20:23.526-0400][gc,phases   ] GC(1054)   Post Evacuate Collection Set: 0.5ms
[2023-04-18T01:20:23.526-0400][gc,phases   ] GC(1054)   Other: 0.2ms
[2023-04-18T01:20:23.526-0400][gc,heap     ] GC(1054) Eden regions: 47->0(46)
[2023-04-18T01:20:23.526-0400][gc,heap     ] GC(1054) Survivor regions: 4->5(7)
[2023-04-18T01:20:23.526-0400][gc,heap     ] GC(1054) Old regions: 372->372
[2023-04-18T01:20:23.526-0400][gc,heap     ] GC(1054) Archive regions: 2->2
[2023-04-18T01:20:23.526-0400][gc,heap     ] GC(1054) Humongous regions: 129->129
[2023-04-18T01:20:23.526-0400][gc,metaspace] GC(1054) Metaspace: 44230K(44928K)->44230K(44928K) NonClass: 39135K(39488K)->39135K(39488K) Class: 5095K(5440K)->5095K(5440K)
[2023-04-18T01:20:23.526-0400][gc          ] GC(1054) Pause Young (Normal) (G1 Evacuation Pause) 551M->505M(1024M) 8.036ms
[2023-04-18T01:20:23.526-0400][gc,cpu      ] GC(1054) User=0.04s Sys=0.00s Real=0.01s
[2023-04-18T01:20:54.950-0400][gc,start    ] GC(1055) Pause Young (Normal) (G1 Evacuation Pause)
[2023-04-18T01:20:54.950-0400][gc,task     ] GC(1055) Using 8 workers of 8 for evacuation
[2023-04-18T01:20:54.966-0400][gc,phases   ] GC(1055)   Pre Evacuate Collection Set: 0.2ms
[2023-04-18T01:20:54.966-0400][gc,phases   ] GC(1055)   Merge Heap Roots: 0.2ms
[2023-04-18T01:20:54.966-0400][gc,phases   ] GC(1055)   Evacuate Collection Set: 13.5ms
[2023-04-18T01:20:54.966-0400][gc,phases   ] GC(1055)   Post Evacuate Collection Set: 0.6ms
[2023-04-18T01:20:54.966-0400][gc,phases   ] GC(1055)   Other: 0.9ms
[2023-04-18T01:20:54.966-0400][gc,heap     ] GC(1055) Eden regions: 46->0(46)
[2023-04-18T01:20:54.966-0400][gc,heap     ] GC(1055) Survivor regions: 5->5(7)
[2023-04-18T01:20:54.966-0400][gc,heap     ] GC(1055) Old regions: 372->373
[2023-04-18T01:20:54.966-0400][gc,heap     ] GC(1055) Archive regions: 2->2
[2023-04-18T01:20:54.966-0400][gc,heap     ] GC(1055) Humongous regions: 129->129
[2023-04-18T01:20:54.966-0400][gc,metaspace] GC(1055) Metaspace: 44230K(44928K)->44230K(44928K) NonClass: 39135K(39488K)->39135K(39488K) Class: 5095K(5440K)->5095K(5440K)
[2023-04-18T01:20:54.966-0400][gc          ] GC(1055) Pause Young (Normal) (G1 Evacuation Pause) 551M->506M(1024M) 16.263ms
[2023-04-18T01:20:54.966-0400][gc,cpu      ] GC(1055) User=0.04s Sys=0.01s Real=0.01s
[2023-04-18T01:21:25.963-0400][gc,start    ] GC(1056) Pause Young (Normal) (G1 Evacuation Pause)
[2023-04-18T01:21:25.964-0400][gc,task     ] GC(1056) Using 8 workers of 8 for evacuation
[2023-04-18T01:21:25.979-0400][gc,phases   ] GC(1056)   Pre Evacuate Collection Set: 0.2ms
[2023-04-18T01:21:25.979-0400][gc,phases   ] GC(1056)   Merge Heap Roots: 0.1ms
[2023-04-18T01:21:25.979-0400][gc,phases   ] GC(1056)   Evacuate Collection Set: 14.2ms
[2023-04-18T01:21:25.979-0400][gc,phases   ] GC(1056)   Post Evacuate Collection Set: 0.7ms
[2023-04-18T01:21:25.979-0400][gc,phases   ] GC(1056)   Other: 0.2ms
[2023-04-18T01:21:25.979-0400][gc,heap     ] GC(1056) Eden regions: 46->0(46)
[2023-04-18T01:21:25.979-0400][gc,heap     ] GC(1056) Survivor regions: 5->5(7)
[2023-04-18T01:21:25.979-0400][gc,heap     ] GC(1056) Old regions: 373->373
[2023-04-18T01:21:25.979-0400][gc,heap     ] GC(1056) Archive regions: 2->2
[2023-04-18T01:21:25.979-0400][gc,heap     ] GC(1056) Humongous regions: 129->129
[2023-04-18T01:21:25.979-0400][gc,metaspace] GC(1056) Metaspace: 44230K(44928K)->44230K(44928K) NonClass: 39135K(39488K)->39135K(39488K) Class: 5095K(5440K)->5095K(5440K)
[2023-04-18T01:21:25.979-0400][gc          ] GC(1056) Pause Young (Normal) (G1 Evacuation Pause) 552M->507M(1024M) 16.711ms
[2023-04-18T01:21:25.980-0400][gc,cpu      ] GC(1056) User=0.04s Sys=0.02s Real=0.02s
[2023-04-18T01:21:56.979-0400][gc,start    ] GC(1057) Pause Young (Normal) (G1 Evacuation Pause)
[2023-04-18T01:21:56.980-0400][gc,task     ] GC(1057) Using 8 workers of 8 for evacuation
[2023-04-18T01:21:56.995-0400][gc,phases   ] GC(1057)   Pre Evacuate Collection Set: 1.0ms
[2023-04-18T01:21:56.995-0400][gc,phases   ] GC(1057)   Merge Heap Roots: 0.5ms
[2023-04-18T01:21:56.995-0400][gc,phases   ] GC(1057)   Evacuate Collection Set: 12.5ms
[2023-04-18T01:21:56.995-0400][gc,phases   ] GC(1057)   Post Evacuate Collection Set: 0.6ms
[2023-04-18T01:21:56.996-0400][gc,phases   ] GC(1057)   Other: 0.2ms
[2023-04-18T01:21:56.996-0400][gc,heap     ] GC(1057) Eden regions: 46->0(69)
[2023-04-18T01:21:56.996-0400][gc,heap     ] GC(1057) Survivor regions: 5->5(7)
[2023-04-18T01:21:56.996-0400][gc,heap     ] GC(1057) Old regions: 373->374
[2023-04-18T01:21:56.996-0400][gc,heap     ] GC(1057) Archive regions: 2->2
[2023-04-18T01:21:56.996-0400][gc,heap     ] GC(1057) Humongous regions: 129->129
[2023-04-18T01:21:56.996-0400][gc,metaspace] GC(1057) Metaspace: 44230K(44928K)->44230K(44928K) NonClass: 39135K(39488K)->39135K(39488K) Class: 5095K(5440K)->5095K(5440K)
[2023-04-18T01:21:56.996-0400][gc          ] GC(1057) Pause Young (Normal) (G1 Evacuation Pause) 553M->508M(1024M) 16.440ms
[2023-04-18T01:21:56.996-0400][gc,cpu      ] GC(1057) User=0.05s Sys=0.02s Real=0.02s
[2023-04-18T01:22:43.806-0400][gc,start    ] GC(1058) Pause Young (Normal) (G1 Evacuation Pause)
[2023-04-18T01:22:43.807-0400][gc,task     ] GC(1058) Using 8 workers of 8 for evacuation
[2023-04-18T01:22:43.818-0400][gc,phases   ] GC(1058)   Pre Evacuate Collection Set: 0.4ms
[2023-04-18T01:22:43.818-0400][gc,phases   ] GC(1058)   Merge Heap Roots: 0.2ms
[2023-04-18T01:22:43.818-0400][gc,phases   ] GC(1058)   Evacuate Collection Set: 10.0ms
[2023-04-18T01:22:43.818-0400][gc,phases   ] GC(1058)   Post Evacuate Collection Set: 0.7ms
[2023-04-18T01:22:43.818-0400][gc,phases   ] GC(1058)   Other: 0.2ms
[2023-04-18T01:22:43.818-0400][gc,heap     ] GC(1058) Eden regions: 68->0(57)
[2023-04-18T01:22:43.818-0400][gc,heap     ] GC(1058) Survivor regions: 5->6(10)
[2023-04-18T01:22:43.818-0400][gc,heap     ] GC(1058) Old regions: 374->374
[2023-04-18T01:22:43.818-0400][gc,heap     ] GC(1058) Archive regions: 2->2
[2023-04-18T01:22:43.818-0400][gc,heap     ] GC(1058) Humongous regions: 129->129
[2023-04-18T01:22:43.818-0400][gc,metaspace] GC(1058) Metaspace: 44230K(44928K)->44230K(44928K) NonClass: 39135K(39488K)->39135K(39488K) Class: 5095K(5440K)->5095K(5440K)
[2023-04-18T01:22:43.819-0400][gc          ] GC(1058) Pause Young (Normal) (G1 Evacuation Pause) 576M->509M(1024M) 12.332ms
[2023-04-18T01:22:43.819-0400][gc,cpu      ] GC(1058) User=0.05s Sys=0.01s Real=0.01s
[2023-04-18T01:23:23.716-0400][gc,start    ] GC(1059) Pause Young (Normal) (G1 Evacuation Pause)
[2023-04-18T01:23:23.717-0400][gc,task     ] GC(1059) Using 8 workers of 8 for evacuation
[2023-04-18T01:23:23.741-0400][gc,mmu      ] GC(1059) MMU target violated: 21.0ms (20.0ms/21.0ms)
[2023-04-18T01:23:23.741-0400][gc,phases   ] GC(1059)   Pre Evacuate Collection Set: 0.4ms
[2023-04-18T01:23:23.741-0400][gc,phases   ] GC(1059)   Merge Heap Roots: 0.2ms
[2023-04-18T01:23:23.742-0400][gc,phases   ] GC(1059)   Evacuate Collection Set: 22.9ms
[2023-04-18T01:23:23.742-0400][gc,phases   ] GC(1059)   Post Evacuate Collection Set: 0.6ms
[2023-04-18T01:23:23.742-0400][gc,phases   ] GC(1059)   Other: 0.3ms
[2023-04-18T01:23:23.742-0400][gc,heap     ] GC(1059) Eden regions: 57->0(80)
[2023-04-18T01:23:23.742-0400][gc,heap     ] GC(1059) Survivor regions: 6->5(8)
[2023-04-18T01:23:23.742-0400][gc,heap     ] GC(1059) Old regions: 374->376
[2023-04-18T01:23:23.742-0400][gc,heap     ] GC(1059) Archive regions: 2->2
[2023-04-18T01:23:23.742-0400][gc,heap     ] GC(1059) Humongous regions: 129->129
[2023-04-18T01:23:23.742-0400][gc,metaspace] GC(1059) Metaspace: 44230K(44928K)->44230K(44928K) NonClass: 39135K(39488K)->39135K(39488K) Class: 5095K(5440K)->5095K(5440K)
[2023-04-18T01:23:23.742-0400][gc          ] GC(1059) Pause Young (Normal) (G1 Evacuation Pause) 566M->509M(1024M) 25.757ms
[2023-04-18T01:23:23.742-0400][gc,cpu      ] GC(1059) User=0.06s Sys=0.03s Real=0.03s
[2023-04-18T01:24:13.480-0400][gc,start    ] GC(1060) Pause Young (Normal) (G1 Evacuation Pause)
[2023-04-18T01:24:13.480-0400][gc,task     ] GC(1060) Using 8 workers of 8 for evacuation
[2023-04-18T01:24:13.486-0400][gc,phases   ] GC(1060)   Pre Evacuate Collection Set: 0.2ms
[2023-04-18T01:24:13.486-0400][gc,phases   ] GC(1060)   Merge Heap Roots: 0.1ms
[2023-04-18T01:24:13.486-0400][gc,phases   ] GC(1060)   Evacuate Collection Set: 4.3ms
[2023-04-18T01:24:13.486-0400][gc,phases   ] GC(1060)   Post Evacuate Collection Set: 0.3ms
[2023-04-18T01:24:13.486-0400][gc,phases   ] GC(1060)   Other: 0.8ms
[2023-04-18T01:24:13.486-0400][gc,heap     ] GC(1060) Eden regions: 79->0(82)
[2023-04-18T01:24:13.486-0400][gc,heap     ] GC(1060) Survivor regions: 5->6(11)
[2023-04-18T01:24:13.486-0400][gc,heap     ] GC(1060) Old regions: 376->376
[2023-04-18T01:24:13.486-0400][gc,heap     ] GC(1060) Archive regions: 2->2
[2023-04-18T01:24:13.486-0400][gc,heap     ] GC(1060) Humongous regions: 129->129
[2023-04-18T01:24:13.486-0400][gc,metaspace] GC(1060) Metaspace: 44230K(44928K)->44230K(44928K) NonClass: 39135K(39488K)->39135K(39488K) Class: 5095K(5440K)->5095K(5440K)
[2023-04-18T01:24:13.486-0400][gc          ] GC(1060) Pause Young (Normal) (G1 Evacuation Pause) 588M->511M(1024M) 5.919ms
[2023-04-18T01:24:13.486-0400][gc,cpu      ] GC(1060) User=0.03s Sys=0.00s Real=0.00s
[2023-04-18T01:25:04.821-0400][gc,start    ] GC(1061) Pause Young (Normal) (G1 Evacuation Pause)
[2023-04-18T01:25:04.821-0400][gc,task     ] GC(1061) Using 8 workers of 8 for evacuation
[2023-04-18T01:25:04.827-0400][gc,phases   ] GC(1061)   Pre Evacuate Collection Set: 0.1ms
[2023-04-18T01:25:04.827-0400][gc,phases   ] GC(1061)   Merge Heap Roots: 0.1ms
[2023-04-18T01:25:04.827-0400][gc,phases   ] GC(1061)   Evacuate Collection Set: 4.7ms
[2023-04-18T01:25:04.827-0400][gc,phases   ] GC(1061)   Post Evacuate Collection Set: 0.3ms
[2023-04-18T01:25:04.827-0400][gc,phases   ] GC(1061)   Other: 0.1ms
[2023-04-18T01:25:04.827-0400][gc,heap     ] GC(1061) Eden regions: 82->0(58)
[2023-04-18T01:25:04.827-0400][gc,heap     ] GC(1061) Survivor regions: 6->8(11)
[2023-04-18T01:25:04.827-0400][gc,heap     ] GC(1061) Old regions: 376->376
[2023-04-18T01:25:04.827-0400][gc,heap     ] GC(1061) Archive regions: 2->2
[2023-04-18T01:25:04.827-0400][gc,heap     ] GC(1061) Humongous regions: 129->129
[2023-04-18T01:25:04.827-0400][gc,metaspace] GC(1061) Metaspace: 44230K(44928K)->44230K(44928K) NonClass: 39135K(39488K)->39135K(39488K) Class: 5095K(5440K)->5095K(5440K)
[2023-04-18T01:25:04.827-0400][gc          ] GC(1061) Pause Young (Normal) (G1 Evacuation Pause) 593M->512M(1024M) 5.548ms
[2023-04-18T01:25:04.827-0400][gc,cpu      ] GC(1061) User=0.03s Sys=0.01s Real=0.00s
[2023-04-18T01:25:41.042-0400][gc,start    ] GC(1062) Pause Young (Normal) (G1 Evacuation Pause)
[2023-04-18T01:25:41.042-0400][gc,task     ] GC(1062) Using 8 workers of 8 for evacuation
[2023-04-18T01:25:41.090-0400][gc,mmu      ] GC(1062) MMU target violated: 21.0ms (20.0ms/21.0ms)
[2023-04-18T01:25:41.090-0400][gc,phases   ] GC(1062)   Pre Evacuate Collection Set: 7.2ms
[2023-04-18T01:25:41.090-0400][gc,phases   ] GC(1062)   Merge Heap Roots: 11.0ms
[2023-04-18T01:25:41.090-0400][gc,phases   ] GC(1062)   Evacuate Collection Set: 29.1ms
[2023-04-18T01:25:41.090-0400][gc,phases   ] GC(1062)   Post Evacuate Collection Set: 0.6ms
[2023-04-18T01:25:41.090-0400][gc,phases   ] GC(1062)   Other: 0.2ms
[2023-04-18T01:25:41.090-0400][gc,heap     ] GC(1062) Eden regions: 58->0(45)
[2023-04-18T01:25:41.090-0400][gc,heap     ] GC(1062) Survivor regions: 8->6(9)
[2023-04-18T01:25:41.090-0400][gc,heap     ] GC(1062) Old regions: 376->379
[2023-04-18T01:25:41.090-0400][gc,heap     ] GC(1062) Archive regions: 2->2
[2023-04-18T01:25:41.090-0400][gc,heap     ] GC(1062) Humongous regions: 129->129
[2023-04-18T01:25:41.090-0400][gc,metaspace] GC(1062) Metaspace: 44230K(44928K)->44230K(44928K) NonClass: 39135K(39488K)->39135K(39488K) Class: 5095K(5440K)->5095K(5440K)
[2023-04-18T01:25:41.091-0400][gc          ] GC(1062) Pause Young (Normal) (G1 Evacuation Pause) 570M->513M(1024M) 48.388ms
[2023-04-18T01:25:41.091-0400][gc,cpu      ] GC(1062) User=0.03s Sys=0.03s Real=0.05s
[2023-04-18T01:26:09.066-0400][gc,start    ] GC(1063) Pause Young (Normal) (G1 Evacuation Pause)
[2023-04-18T01:26:09.066-0400][gc,task     ] GC(1063) Using 8 workers of 8 for evacuation
[2023-04-18T01:26:09.075-0400][gc,phases   ] GC(1063)   Pre Evacuate Collection Set: 0.1ms
[2023-04-18T01:26:09.075-0400][gc,phases   ] GC(1063)   Merge Heap Roots: 0.1ms
[2023-04-18T01:26:09.075-0400][gc,phases   ] GC(1063)   Evacuate Collection Set: 8.4ms
[2023-04-18T01:26:09.075-0400][gc,phases   ] GC(1063)   Post Evacuate Collection Set: 0.3ms
[2023-04-18T01:26:09.075-0400][gc,phases   ] GC(1063)   Other: 0.1ms
[2023-04-18T01:26:09.075-0400][gc,heap     ] GC(1063) Eden regions: 45->0(89)
[2023-04-18T01:26:09.075-0400][gc,heap     ] GC(1063) Survivor regions: 6->4(7)
[2023-04-18T01:26:09.075-0400][gc,heap     ] GC(1063) Old regions: 379->382
[2023-04-18T01:26:09.075-0400][gc,heap     ] GC(1063) Archive regions: 2->2
[2023-04-18T01:26:09.075-0400][gc,heap     ] GC(1063) Humongous regions: 129->129
[2023-04-18T01:26:09.075-0400][gc,metaspace] GC(1063) Metaspace: 44230K(44928K)->44230K(44928K) NonClass: 39135K(39488K)->39135K(39488K) Class: 5095K(5440K)->5095K(5440K)
[2023-04-18T01:26:09.075-0400][gc          ] GC(1063) Pause Young (Normal) (G1 Evacuation Pause) 558M->514M(1024M) 9.241ms
[2023-04-18T01:26:09.075-0400][gc,cpu      ] GC(1063) User=0.02s Sys=0.01s Real=0.01s
[2023-04-18T01:27:04.768-0400][gc,start    ] GC(1064) Pause Young (Normal) (G1 Evacuation Pause)
[2023-04-18T01:27:04.768-0400][gc,task     ] GC(1064) Using 8 workers of 8 for evacuation
[2023-04-18T01:27:04.772-0400][gc,phases   ] GC(1064)   Pre Evacuate Collection Set: 0.1ms
[2023-04-18T01:27:04.772-0400][gc,phases   ] GC(1064)   Merge Heap Roots: 0.1ms
[2023-04-18T01:27:04.772-0400][gc,phases   ] GC(1064)   Evacuate Collection Set: 3.5ms
[2023-04-18T01:27:04.772-0400][gc,phases   ] GC(1064)   Post Evacuate Collection Set: 0.3ms
[2023-04-18T01:27:04.772-0400][gc,phases   ] GC(1064)   Other: 0.1ms
[2023-04-18T01:27:04.772-0400][gc,heap     ] GC(1064) Eden regions: 89->0(131)
[2023-04-18T01:27:04.772-0400][gc,heap     ] GC(1064) Survivor regions: 4->5(12)
[2023-04-18T01:27:04.772-0400][gc,heap     ] GC(1064) Old regions: 382->382
[2023-04-18T01:27:04.772-0400][gc,heap     ] GC(1064) Archive regions: 2->2
[2023-04-18T01:27:04.772-0400][gc,heap     ] GC(1064) Humongous regions: 129->129
[2023-04-18T01:27:04.772-0400][gc,metaspace] GC(1064) Metaspace: 44230K(44928K)->44230K(44928K) NonClass: 39135K(39488K)->39135K(39488K) Class: 5095K(5440K)->5095K(5440K)
[2023-04-18T01:27:04.772-0400][gc          ] GC(1064) Pause Young (Normal) (G1 Evacuation Pause) 603M->515M(1024M) 4.293ms
[2023-04-18T01:27:04.772-0400][gc,cpu      ] GC(1064) User=0.02s Sys=0.00s Real=0.01s
[2023-04-18T01:28:26.175-0400][gc,start    ] GC(1065) Pause Young (Normal) (G1 Evacuation Pause)
[2023-04-18T01:28:26.175-0400][gc,task     ] GC(1065) Using 8 workers of 8 for evacuation
[2023-04-18T01:28:26.182-0400][gc,phases   ] GC(1065)   Pre Evacuate Collection Set: 0.1ms
[2023-04-18T01:28:26.182-0400][gc,phases   ] GC(1065)   Merge Heap Roots: 0.1ms
[2023-04-18T01:28:26.182-0400][gc,phases   ] GC(1065)   Evacuate Collection Set: 5.8ms
[2023-04-18T01:28:26.182-0400][gc,phases   ] GC(1065)   Post Evacuate Collection Set: 0.4ms
[2023-04-18T01:28:26.182-0400][gc,phases   ] GC(1065)   Other: 0.1ms
[2023-04-18T01:28:26.182-0400][gc,heap     ] GC(1065) Eden regions: 131->0(125)
[2023-04-18T01:28:26.182-0400][gc,heap     ] GC(1065) Survivor regions: 5->7(17)
[2023-04-18T01:28:26.182-0400][gc,heap     ] GC(1065) Old regions: 382->382
[2023-04-18T01:28:26.182-0400][gc,heap     ] GC(1065) Archive regions: 2->2
[2023-04-18T01:28:26.182-0400][gc,heap     ] GC(1065) Humongous regions: 129->129
[2023-04-18T01:28:26.182-0400][gc,metaspace] GC(1065) Metaspace: 44230K(44928K)->44230K(44928K) NonClass: 39135K(39488K)->39135K(39488K) Class: 5095K(5440K)->5095K(5440K)
[2023-04-18T01:28:26.182-0400][gc          ] GC(1065) Pause Young (Normal) (G1 Evacuation Pause) 646M->517M(1024M) 7.577ms
[2023-04-18T01:28:26.182-0400][gc,cpu      ] GC(1065) User=0.03s Sys=0.00s Real=0.01s
[2023-04-18T01:29:50.612-0400][gc,start    ] GC(1066) Pause Young (Normal) (G1 Evacuation Pause)
[2023-04-18T01:29:50.612-0400][gc,task     ] GC(1066) Using 8 workers of 8 for evacuation
[2023-04-18T01:29:50.623-0400][gc,phases   ] GC(1066)   Pre Evacuate Collection Set: 0.3ms
[2023-04-18T01:29:50.623-0400][gc,phases   ] GC(1066)   Merge Heap Roots: 0.2ms
[2023-04-18T01:29:50.623-0400][gc,phases   ] GC(1066)   Evacuate Collection Set: 10.6ms
[2023-04-18T01:29:50.623-0400][gc,phases   ] GC(1066)   Post Evacuate Collection Set: 0.4ms
[2023-04-18T01:29:50.624-0400][gc,phases   ] GC(1066)   Other: 0.2ms
[2023-04-18T01:29:50.624-0400][gc,heap     ] GC(1066) Eden regions: 125->0(50)
[2023-04-18T01:29:50.624-0400][gc,heap     ] GC(1066) Survivor regions: 7->10(17)
[2023-04-18T01:29:50.624-0400][gc,heap     ] GC(1066) Old regions: 382->382
[2023-04-18T01:29:50.624-0400][gc,heap     ] GC(1066) Archive regions: 2->2
[2023-04-18T01:29:50.624-0400][gc,heap     ] GC(1066) Humongous regions: 129->129
[2023-04-18T01:29:50.624-0400][gc,metaspace] GC(1066) Metaspace: 44230K(44928K)->44230K(44928K) NonClass: 39135K(39488K)->39135K(39488K) Class: 5095K(5440K)->5095K(5440K)
[2023-04-18T01:29:50.624-0400][gc          ] GC(1066) Pause Young (Normal) (G1 Evacuation Pause) 642M->520M(1024M) 12.024ms
[2023-04-18T01:29:50.624-0400][gc,cpu      ] GC(1066) User=0.07s Sys=0.01s Real=0.01s
[2023-04-18T01:30:23.648-0400][gc,start    ] GC(1067) Pause Young (Normal) (G1 Evacuation Pause)
[2023-04-18T01:30:23.648-0400][gc,task     ] GC(1067) Using 8 workers of 8 for evacuation
[2023-04-18T01:30:23.723-0400][gc,mmu      ] GC(1067) MMU target violated: 21.0ms (20.0ms/21.0ms)
[2023-04-18T01:30:23.723-0400][gc,phases   ] GC(1067)   Pre Evacuate Collection Set: 0.2ms
[2023-04-18T01:30:23.723-0400][gc,phases   ] GC(1067)   Merge Heap Roots: 0.2ms
[2023-04-18T01:30:23.723-0400][gc,phases   ] GC(1067)   Evacuate Collection Set: 73.9ms
[2023-04-18T01:30:23.723-0400][gc,phases   ] GC(1067)   Post Evacuate Collection Set: 0.3ms
[2023-04-18T01:30:23.723-0400][gc,phases   ] GC(1067)   Other: 0.2ms
[2023-04-18T01:30:23.723-0400][gc,heap     ] GC(1067) Eden regions: 50->0(47)
[2023-04-18T01:30:23.723-0400][gc,heap     ] GC(1067) Survivor regions: 10->4(8)
[2023-04-18T01:30:23.723-0400][gc,heap     ] GC(1067) Old regions: 382->388
[2023-04-18T01:30:23.723-0400][gc,heap     ] GC(1067) Archive regions: 2->2
[2023-04-18T01:30:23.723-0400][gc,heap     ] GC(1067) Humongous regions: 129->129
[2023-04-18T01:30:23.723-0400][gc,metaspace] GC(1067) Metaspace: 44230K(44928K)->44230K(44928K) NonClass: 39135K(39488K)->39135K(39488K) Class: 5095K(5440K)->5095K(5440K)
[2023-04-18T01:30:23.723-0400][gc          ] GC(1067) Pause Young (Normal) (G1 Evacuation Pause) 570M->521M(1024M) 75.135ms
[2023-04-18T01:30:23.723-0400][gc,cpu      ] GC(1067) User=0.07s Sys=0.11s Real=0.08s
[2023-04-18T01:30:55.079-0400][gc,start    ] GC(1068) Pause Young (Normal) (G1 Evacuation Pause)
[2023-04-18T01:30:55.080-0400][gc,task     ] GC(1068) Using 8 workers of 8 for evacuation
[2023-04-18T01:30:55.086-0400][gc,phases   ] GC(1068)   Pre Evacuate Collection Set: 0.3ms
[2023-04-18T01:30:55.086-0400][gc,phases   ] GC(1068)   Merge Heap Roots: 0.2ms
[2023-04-18T01:30:55.086-0400][gc,phases   ] GC(1068)   Evacuate Collection Set: 5.5ms
[2023-04-18T01:30:55.086-0400][gc,phases   ] GC(1068)   Post Evacuate Collection Set: 0.6ms
[2023-04-18T01:30:55.086-0400][gc,phases   ] GC(1068)   Other: 0.2ms
[2023-04-18T01:30:55.086-0400][gc,heap     ] GC(1068) Eden regions: 47->0(63)
[2023-04-18T01:30:55.086-0400][gc,heap     ] GC(1068) Survivor regions: 4->4(7)
[2023-04-18T01:30:55.087-0400][gc,heap     ] GC(1068) Old regions: 388->388
[2023-04-18T01:30:55.087-0400][gc,heap     ] GC(1068) Archive regions: 2->2
[2023-04-18T01:30:55.087-0400][gc,heap     ] GC(1068) Humongous regions: 129->129
[2023-04-18T01:30:55.087-0400][gc,metaspace] GC(1068) Metaspace: 44230K(44928K)->44230K(44928K) NonClass: 39135K(39488K)->39135K(39488K) Class: 5095K(5440K)->5095K(5440K)
[2023-04-18T01:30:55.087-0400][gc          ] GC(1068) Pause Young (Normal) (G1 Evacuation Pause) 568M->521M(1024M) 7.264ms
[2023-04-18T01:30:55.087-0400][gc,cpu      ] GC(1068) User=0.03s Sys=0.01s Real=0.01s
[2023-04-18T01:31:37.278-0400][gc,start    ] GC(1069) Pause Young (Normal) (G1 Evacuation Pause)
[2023-04-18T01:31:37.280-0400][gc,task     ] GC(1069) Using 8 workers of 8 for evacuation
[2023-04-18T01:31:37.289-0400][gc,phases   ] GC(1069)   Pre Evacuate Collection Set: 0.2ms
[2023-04-18T01:31:37.289-0400][gc,phases   ] GC(1069)   Merge Heap Roots: 0.2ms
[2023-04-18T01:31:37.289-0400][gc,phases   ] GC(1069)   Evacuate Collection Set: 6.2ms
[2023-04-18T01:31:37.289-0400][gc,phases   ] GC(1069)   Post Evacuate Collection Set: 0.5ms
[2023-04-18T01:31:37.289-0400][gc,phases   ] GC(1069)   Other: 2.0ms
[2023-04-18T01:31:37.289-0400][gc,heap     ] GC(1069) Eden regions: 63->0(52)
[2023-04-18T01:31:37.289-0400][gc,heap     ] GC(1069) Survivor regions: 4->5(9)
[2023-04-18T01:31:37.289-0400][gc,heap     ] GC(1069) Old regions: 388->388
[2023-04-18T01:31:37.289-0400][gc,heap     ] GC(1069) Archive regions: 2->2
[2023-04-18T01:31:37.289-0400][gc,heap     ] GC(1069) Humongous regions: 129->129
[2023-04-18T01:31:37.289-0400][gc,metaspace] GC(1069) Metaspace: 44230K(44928K)->44230K(44928K) NonClass: 39135K(39488K)->39135K(39488K) Class: 5095K(5440K)->5095K(5440K)
[2023-04-18T01:31:37.289-0400][gc          ] GC(1069) Pause Young (Normal) (G1 Evacuation Pause) 584M->522M(1024M) 10.506ms
[2023-04-18T01:31:37.289-0400][gc,cpu      ] GC(1069) User=0.05s Sys=0.00s Real=0.01s
[2023-04-18T01:32:11.874-0400][gc,start    ] GC(1070) Pause Young (Normal) (G1 Evacuation Pause)
[2023-04-18T01:32:11.876-0400][gc,task     ] GC(1070) Using 8 workers of 8 for evacuation
[2023-04-18T01:32:11.890-0400][gc,phases   ] GC(1070)   Pre Evacuate Collection Set: 0.3ms
[2023-04-18T01:32:11.890-0400][gc,phases   ] GC(1070)   Merge Heap Roots: 0.2ms
[2023-04-18T01:32:11.890-0400][gc,phases   ] GC(1070)   Evacuate Collection Set: 13.6ms
[2023-04-18T01:32:11.890-0400][gc,phases   ] GC(1070)   Post Evacuate Collection Set: 0.5ms
[2023-04-18T01:32:11.890-0400][gc,phases   ] GC(1070)   Other: 0.2ms
[2023-04-18T01:32:11.890-0400][gc,heap     ] GC(1070) Eden regions: 52->0(119)
[2023-04-18T01:32:11.890-0400][gc,heap     ] GC(1070) Survivor regions: 5->4(8)
[2023-04-18T01:32:11.890-0400][gc,heap     ] GC(1070) Old regions: 388->390
[2023-04-18T01:32:11.890-0400][gc,heap     ] GC(1070) Archive regions: 2->2
[2023-04-18T01:32:11.890-0400][gc,heap     ] GC(1070) Humongous regions: 129->129
[2023-04-18T01:32:11.891-0400][gc,metaspace] GC(1070) Metaspace: 44230K(44928K)->44230K(44928K) NonClass: 39135K(39488K)->39135K(39488K) Class: 5095K(5440K)->5095K(5440K)
[2023-04-18T01:32:11.891-0400][gc          ] GC(1070) Pause Young (Normal) (G1 Evacuation Pause) 574M->523M(1024M) 16.106ms
[2023-04-18T01:32:11.891-0400][gc,cpu      ] GC(1070) User=0.04s Sys=0.02s Real=0.02s
[2023-04-18T01:33:28.133-0400][gc,start    ] GC(1071) Pause Young (Normal) (G1 Evacuation Pause)
[2023-04-18T01:33:28.133-0400][gc,task     ] GC(1071) Using 8 workers of 8 for evacuation
[2023-04-18T01:33:28.139-0400][gc,phases   ] GC(1071)   Pre Evacuate Collection Set: 0.1ms
[2023-04-18T01:33:28.139-0400][gc,phases   ] GC(1071)   Merge Heap Roots: 0.1ms
[2023-04-18T01:33:28.139-0400][gc,phases   ] GC(1071)   Evacuate Collection Set: 4.7ms
[2023-04-18T01:33:28.139-0400][gc,phases   ] GC(1071)   Post Evacuate Collection Set: 0.3ms
[2023-04-18T01:33:28.139-0400][gc,phases   ] GC(1071)   Other: 0.1ms
[2023-04-18T01:33:28.139-0400][gc,heap     ] GC(1071) Eden regions: 119->0(94)
[2023-04-18T01:33:28.139-0400][gc,heap     ] GC(1071) Survivor regions: 4->6(16)
[2023-04-18T01:33:28.139-0400][gc,heap     ] GC(1071) Old regions: 390->390
[2023-04-18T01:33:28.139-0400][gc,heap     ] GC(1071) Archive regions: 2->2
[2023-04-18T01:33:28.139-0400][gc,heap     ] GC(1071) Humongous regions: 129->129
[2023-04-18T01:33:28.139-0400][gc,metaspace] GC(1071) Metaspace: 44230K(44928K)->44230K(44928K) NonClass: 39135K(39488K)->39135K(39488K) Class: 5095K(5440K)->5095K(5440K)
[2023-04-18T01:33:28.139-0400][gc          ] GC(1071) Pause Young (Normal) (G1 Evacuation Pause) 642M->525M(1024M) 5.960ms
[2023-04-18T01:33:28.139-0400][gc,cpu      ] GC(1071) User=0.03s Sys=0.00s Real=0.00s
[2023-04-18T01:34:29.107-0400][gc,start    ] GC(1072) Pause Young (Normal) (G1 Evacuation Pause)
[2023-04-18T01:34:29.108-0400][gc,task     ] GC(1072) Using 8 workers of 8 for evacuation
[2023-04-18T01:34:29.116-0400][gc,phases   ] GC(1072)   Pre Evacuate Collection Set: 0.2ms
[2023-04-18T01:34:29.116-0400][gc,phases   ] GC(1072)   Merge Heap Roots: 0.1ms
[2023-04-18T01:34:29.116-0400][gc,phases   ] GC(1072)   Evacuate Collection Set: 7.7ms
[2023-04-18T01:34:29.116-0400][gc,phases   ] GC(1072)   Post Evacuate Collection Set: 0.4ms
[2023-04-18T01:34:29.116-0400][gc,phases   ] GC(1072)   Other: 0.2ms
[2023-04-18T01:34:29.116-0400][gc,heap     ] GC(1072) Eden regions: 94->0(66)
[2023-04-18T01:34:29.116-0400][gc,heap     ] GC(1072) Survivor regions: 6->8(13)
[2023-04-18T01:34:29.116-0400][gc,heap     ] GC(1072) Old regions: 390->390
[2023-04-18T01:34:29.116-0400][gc,heap     ] GC(1072) Archive regions: 2->2
[2023-04-18T01:34:29.116-0400][gc,heap     ] GC(1072) Humongous regions: 129->129
[2023-04-18T01:34:29.116-0400][gc,metaspace] GC(1072) Metaspace: 44230K(44928K)->44230K(44928K) NonClass: 39135K(39488K)->39135K(39488K) Class: 5095K(5440K)->5095K(5440K)
[2023-04-18T01:34:29.116-0400][gc          ] GC(1072) Pause Young (Normal) (G1 Evacuation Pause) 619M->526M(1024M) 9.779ms
[2023-04-18T01:34:29.116-0400][gc,cpu      ] GC(1072) User=0.06s Sys=0.00s Real=0.01s
[2023-04-18T01:35:13.384-0400][gc,start    ] GC(1073) Pause Young (Normal) (G1 Evacuation Pause)
[2023-04-18T01:35:13.385-0400][gc,task     ] GC(1073) Using 8 workers of 8 for evacuation
[2023-04-18T01:35:13.411-0400][gc,mmu      ] GC(1073) MMU target violated: 21.0ms (20.0ms/21.0ms)
[2023-04-18T01:35:13.411-0400][gc,phases   ] GC(1073)   Pre Evacuate Collection Set: 0.2ms
[2023-04-18T01:35:13.411-0400][gc,phases   ] GC(1073)   Merge Heap Roots: 0.2ms
[2023-04-18T01:35:13.411-0400][gc,phases   ] GC(1073)   Evacuate Collection Set: 25.4ms
[2023-04-18T01:35:13.411-0400][gc,phases   ] GC(1073)   Post Evacuate Collection Set: 0.3ms
[2023-04-18T01:35:13.411-0400][gc,phases   ] GC(1073)   Other: 0.2ms
[2023-04-18T01:35:13.411-0400][gc,heap     ] GC(1073) Eden regions: 66->0(52)
[2023-04-18T01:35:13.411-0400][gc,heap     ] GC(1073) Survivor regions: 8->7(10)
[2023-04-18T01:35:13.411-0400][gc,heap     ] GC(1073) Old regions: 390->393
[2023-04-18T01:35:13.411-0400][gc,heap     ] GC(1073) Archive regions: 2->2
[2023-04-18T01:35:13.411-0400][gc,heap     ] GC(1073) Humongous regions: 129->129
[2023-04-18T01:35:13.411-0400][gc,metaspace] GC(1073) Metaspace: 44230K(44928K)->44230K(44928K) NonClass: 39135K(39488K)->39135K(39488K) Class: 5095K(5440K)->5095K(5440K)
[2023-04-18T01:35:13.411-0400][gc          ] GC(1073) Pause Young (Normal) (G1 Evacuation Pause) 592M->528M(1024M) 26.570ms
[2023-04-18T01:35:13.411-0400][gc,cpu      ] GC(1073) User=0.06s Sys=0.04s Real=0.03s
[2023-04-18T01:35:48.292-0400][gc,start    ] GC(1074) Pause Young (Normal) (G1 Evacuation Pause)
[2023-04-18T01:35:48.292-0400][gc,task     ] GC(1074) Using 8 workers of 8 for evacuation
[2023-04-18T01:35:48.302-0400][gc,phases   ] GC(1074)   Pre Evacuate Collection Set: 0.1ms
[2023-04-18T01:35:48.303-0400][gc,phases   ] GC(1074)   Merge Heap Roots: 0.1ms
[2023-04-18T01:35:48.303-0400][gc,phases   ] GC(1074)   Evacuate Collection Set: 9.7ms
[2023-04-18T01:35:48.303-0400][gc,phases   ] GC(1074)   Post Evacuate Collection Set: 0.4ms
[2023-04-18T01:35:48.303-0400][gc,phases   ] GC(1074)   Other: 0.1ms
[2023-04-18T01:35:48.303-0400][gc,heap     ] GC(1074) Eden regions: 52->0(236)
[2023-04-18T01:35:48.303-0400][gc,heap     ] GC(1074) Survivor regions: 7->4(8)
[2023-04-18T01:35:48.303-0400][gc,heap     ] GC(1074) Old regions: 393->396
[2023-04-18T01:35:48.303-0400][gc,heap     ] GC(1074) Archive regions: 2->2
[2023-04-18T01:35:48.303-0400][gc,heap     ] GC(1074) Humongous regions: 129->129
[2023-04-18T01:35:48.303-0400][gc,metaspace] GC(1074) Metaspace: 44230K(44928K)->44230K(44928K) NonClass: 39135K(39488K)->39135K(39488K) Class: 5095K(5440K)->5095K(5440K)
[2023-04-18T01:35:48.303-0400][gc          ] GC(1074) Pause Young (Normal) (G1 Evacuation Pause) 580M->529M(1024M) 10.585ms
[2023-04-18T01:35:48.303-0400][gc,cpu      ] GC(1074) User=0.02s Sys=0.01s Real=0.01s
[2023-04-18T01:38:27.367-0400][gc,start    ] GC(1075) Pause Young (Normal) (G1 Evacuation Pause)
[2023-04-18T01:38:27.368-0400][gc,task     ] GC(1075) Using 8 workers of 8 for evacuation
[2023-04-18T01:38:27.392-0400][gc,mmu      ] GC(1075) MMU target violated: 21.0ms (20.0ms/21.0ms)
[2023-04-18T01:38:27.392-0400][gc,phases   ] GC(1075)   Pre Evacuate Collection Set: 2.3ms
[2023-04-18T01:38:27.392-0400][gc,phases   ] GC(1075)   Merge Heap Roots: 0.1ms
[2023-04-18T01:38:27.392-0400][gc,phases   ] GC(1075)   Evacuate Collection Set: 21.3ms
[2023-04-18T01:38:27.392-0400][gc,phases   ] GC(1075)   Post Evacuate Collection Set: 0.8ms
[2023-04-18T01:38:27.392-0400][gc,phases   ] GC(1075)   Other: 0.2ms
[2023-04-18T01:38:27.392-0400][gc,heap     ] GC(1075) Eden regions: 236->0(43)
[2023-04-18T01:38:27.392-0400][gc,heap     ] GC(1075) Survivor regions: 4->8(30)
[2023-04-18T01:38:27.392-0400][gc,heap     ] GC(1075) Old regions: 396->396
[2023-04-18T01:38:27.392-0400][gc,heap     ] GC(1075) Archive regions: 2->2
[2023-04-18T01:38:27.392-0400][gc,heap     ] GC(1075) Humongous regions: 129->129
[2023-04-18T01:38:27.393-0400][gc,metaspace] GC(1075) Metaspace: 44230K(44928K)->44230K(44928K) NonClass: 39135K(39488K)->39135K(39488K) Class: 5095K(5440K)->5095K(5440K)
[2023-04-18T01:38:27.393-0400][gc          ] GC(1075) Pause Young (Normal) (G1 Evacuation Pause) 765M->533M(1024M) 25.037ms
[2023-04-18T01:38:27.393-0400][gc,cpu      ] GC(1075) User=0.04s Sys=0.06s Real=0.03s
[2023-04-18T01:38:56.198-0400][gc,start    ] GC(1076) Pause Young (Concurrent Start) (G1 Evacuation Pause)
[2023-04-18T01:38:56.198-0400][gc,task     ] GC(1076) Using 8 workers of 8 for evacuation
[2023-04-18T01:38:56.293-0400][gc,mmu      ] GC(1076) MMU target violated: 21.0ms (20.0ms/21.0ms)
[2023-04-18T01:38:56.293-0400][gc,phases   ] GC(1076)   Pre Evacuate Collection Set: 1.0ms
[2023-04-18T01:38:56.293-0400][gc,phases   ] GC(1076)   Merge Heap Roots: 0.1ms
[2023-04-18T01:38:56.293-0400][gc,phases   ] GC(1076)   Evacuate Collection Set: 92.6ms
[2023-04-18T01:38:56.293-0400][gc,phases   ] GC(1076)   Post Evacuate Collection Set: 0.9ms
[2023-04-18T01:38:56.293-0400][gc,phases   ] GC(1076)   Other: 0.1ms
[2023-04-18T01:38:56.293-0400][gc,heap     ] GC(1076) Eden regions: 43->0(98)
[2023-04-18T01:38:56.293-0400][gc,heap     ] GC(1076) Survivor regions: 8->2(7)
[2023-04-18T01:38:56.293-0400][gc,heap     ] GC(1076) Old regions: 396->403
[2023-04-18T01:38:56.293-0400][gc,heap     ] GC(1076) Archive regions: 2->2
[2023-04-18T01:38:56.293-0400][gc,heap     ] GC(1076) Humongous regions: 129->129
[2023-04-18T01:38:56.293-0400][gc,metaspace] GC(1076) Metaspace: 44230K(44928K)->44230K(44928K) NonClass: 39135K(39488K)->39135K(39488K) Class: 5095K(5440K)->5095K(5440K)
[2023-04-18T01:38:56.293-0400][gc          ] GC(1076) Pause Young (Concurrent Start) (G1 Evacuation Pause) 576M->534M(1024M) 95.378ms
[2023-04-18T01:38:56.293-0400][gc,cpu      ] GC(1076) User=0.04s Sys=0.07s Real=0.10s
[2023-04-18T01:38:56.293-0400][gc          ] GC(1077) Concurrent Mark Cycle
[2023-04-18T01:38:56.294-0400][gc,marking  ] GC(1077) Concurrent Clear Claimed Marks
[2023-04-18T01:38:56.294-0400][gc,marking  ] GC(1077) Concurrent Clear Claimed Marks 0.040ms
[2023-04-18T01:38:56.295-0400][gc,marking  ] GC(1077) Concurrent Scan Root Regions
[2023-04-18T01:38:56.318-0400][gc,marking  ] GC(1077) Concurrent Scan Root Regions 23.459ms
[2023-04-18T01:38:56.318-0400][gc,marking  ] GC(1077) Concurrent Mark
[2023-04-18T01:38:56.318-0400][gc,marking  ] GC(1077) Concurrent Mark From Roots
[2023-04-18T01:38:56.318-0400][gc,task     ] GC(1077) Using 2 workers of 2 for marking
[2023-04-18T01:38:56.409-0400][gc,marking  ] GC(1077) Concurrent Mark From Roots 91.068ms
[2023-04-18T01:38:56.409-0400][gc,marking  ] GC(1077) Concurrent Preclean
[2023-04-18T01:38:56.409-0400][gc,marking  ] GC(1077) Concurrent Preclean 0.079ms
[2023-04-18T01:38:56.409-0400][gc,start    ] GC(1077) Pause Remark
[2023-04-18T01:38:56.551-0400][gc,mmu      ] GC(1077) MMU target violated: 21.0ms (20.0ms/21.0ms)
[2023-04-18T01:38:56.551-0400][gc          ] GC(1077) Pause Remark 535M->295M(1024M) 141.359ms
[2023-04-18T01:38:56.551-0400][gc,cpu      ] GC(1077) User=0.03s Sys=0.21s Real=0.15s
[2023-04-18T01:38:56.551-0400][gc,marking  ] GC(1077) Concurrent Mark 232.767ms
[2023-04-18T01:38:56.551-0400][gc,marking  ] GC(1077) Concurrent Rebuild Remembered Sets
[2023-04-18T01:38:56.578-0400][gc,marking  ] GC(1077) Concurrent Rebuild Remembered Sets 27.199ms
[2023-04-18T01:38:56.578-0400][gc,start    ] GC(1077) Pause Cleanup
[2023-04-18T01:38:56.579-0400][gc          ] GC(1077) Pause Cleanup 295M->295M(1024M) 0.283ms
[2023-04-18T01:38:56.579-0400][gc,cpu      ] GC(1077) User=0.00s Sys=0.00s Real=0.00s
[2023-04-18T01:38:56.579-0400][gc,marking  ] GC(1077) Concurrent Cleanup for Next Mark
[2023-04-18T01:38:56.602-0400][gc,marking  ] GC(1077) Concurrent Cleanup for Next Mark 23.165ms
[2023-04-18T01:38:56.602-0400][gc          ] GC(1077) Concurrent Mark Cycle 308.435ms
[2023-04-18T01:51:37.901-0400][gc,start    ] GC(1078) Pause Young (Prepare Mixed) (G1 Evacuation Pause)
[2023-04-18T01:51:37.901-0400][gc,task     ] GC(1078) Using 8 workers of 8 for evacuation
[2023-04-18T01:51:37.953-0400][gc,mmu      ] GC(1078) MMU target violated: 21.0ms (20.0ms/21.0ms)
[2023-04-18T01:51:37.953-0400][gc,phases   ] GC(1078)   Pre Evacuate Collection Set: 0.6ms
[2023-04-18T01:51:37.953-0400][gc,phases   ] GC(1078)   Merge Heap Roots: 0.3ms
[2023-04-18T01:51:37.953-0400][gc,phases   ] GC(1078)   Evacuate Collection Set: 47.8ms
[2023-04-18T01:51:37.953-0400][gc,phases   ] GC(1078)   Post Evacuate Collection Set: 1.8ms
[2023-04-18T01:51:37.953-0400][gc,phases   ] GC(1078)   Other: 1.1ms
[2023-04-18T01:51:37.953-0400][gc,heap     ] GC(1078) Eden regions: 112->0(44)
[2023-04-18T01:51:37.953-0400][gc,heap     ] GC(1078) Survivor regions: 2->7(15)
[2023-04-18T01:51:37.953-0400][gc,heap     ] GC(1078) Old regions: 163->163
[2023-04-18T01:51:37.953-0400][gc,heap     ] GC(1078) Archive regions: 2->2
[2023-04-18T01:51:37.953-0400][gc,heap     ] GC(1078) Humongous regions: 129->129
[2023-04-18T01:51:37.953-0400][gc,metaspace] GC(1078) Metaspace: 44230K(44928K)->44230K(44928K) NonClass: 39135K(39488K)->39135K(39488K) Class: 5095K(5440K)->5095K(5440K)
[2023-04-18T01:51:37.953-0400][gc          ] GC(1078) Pause Young (Prepare Mixed) (G1 Evacuation Pause) 406M->299M(1024M) 52.753ms
[2023-04-18T01:51:37.953-0400][gc,cpu      ] GC(1078) User=0.09s Sys=0.13s Real=0.05s
[2023-04-18T01:52:08.962-0400][gc,start    ] GC(1079) Pause Young (Mixed) (G1 Evacuation Pause)
[2023-04-18T01:52:08.962-0400][gc,task     ] GC(1079) Using 8 workers of 8 for evacuation
[2023-04-18T01:52:09.034-0400][gc,mmu      ] GC(1079) MMU target violated: 21.0ms (20.0ms/21.0ms)
[2023-04-18T01:52:09.034-0400][gc,phases   ] GC(1079)   Pre Evacuate Collection Set: 0.4ms
[2023-04-18T01:52:09.034-0400][gc,phases   ] GC(1079)   Merge Heap Roots: 0.6ms
[2023-04-18T01:52:09.034-0400][gc,phases   ] GC(1079)   Evacuate Collection Set: 68.6ms
[2023-04-18T01:52:09.034-0400][gc,phases   ] GC(1079)   Post Evacuate Collection Set: 1.9ms
[2023-04-18T01:52:09.034-0400][gc,phases   ] GC(1079)   Other: 0.5ms
[2023-04-18T01:52:09.034-0400][gc,heap     ] GC(1079) Eden regions: 44->0(48)
[2023-04-18T01:52:09.034-0400][gc,heap     ] GC(1079) Survivor regions: 7->3(7)
[2023-04-18T01:52:09.034-0400][gc,heap     ] GC(1079) Old regions: 163->90
[2023-04-18T01:52:09.035-0400][gc,heap     ] GC(1079) Archive regions: 2->2
[2023-04-18T01:52:09.035-0400][gc,heap     ] GC(1079) Humongous regions: 129->129
[2023-04-18T01:52:09.035-0400][gc,metaspace] GC(1079) Metaspace: 44230K(44928K)->44230K(44928K) NonClass: 39135K(39488K)->39135K(39488K) Class: 5095K(5440K)->5095K(5440K)
[2023-04-18T01:52:09.035-0400][gc          ] GC(1079) Pause Young (Mixed) (G1 Evacuation Pause) 343M->221M(1024M) 72.828ms
[2023-04-18T01:52:09.035-0400][gc,cpu      ] GC(1079) User=0.09s Sys=0.15s Real=0.07s
[2023-04-18T01:52:52.404-0400][gc,start    ] GC(1080) Pause Young (Mixed) (G1 Evacuation Pause)
[2023-04-18T01:52:52.404-0400][gc,task     ] GC(1080) Using 8 workers of 8 for evacuation
[2023-04-18T01:52:52.414-0400][gc,phases   ] GC(1080)   Pre Evacuate Collection Set: 1.2ms
[2023-04-18T01:52:52.415-0400][gc,phases   ] GC(1080)   Merge Heap Roots: 0.1ms
[2023-04-18T01:52:52.415-0400][gc,phases   ] GC(1080)   Evacuate Collection Set: 7.5ms
[2023-04-18T01:52:52.415-0400][gc,phases   ] GC(1080)   Post Evacuate Collection Set: 0.5ms
[2023-04-18T01:52:52.415-0400][gc,phases   ] GC(1080)   Other: 1.0ms
[2023-04-18T01:52:52.415-0400][gc,heap     ] GC(1080) Eden regions: 48->0(47)
[2023-04-18T01:52:52.415-0400][gc,heap     ] GC(1080) Survivor regions: 3->4(7)
[2023-04-18T01:52:52.415-0400][gc,heap     ] GC(1080) Old regions: 90->84
[2023-04-18T01:52:52.415-0400][gc,heap     ] GC(1080) Archive regions: 2->2
[2023-04-18T01:52:52.415-0400][gc,heap     ] GC(1080) Humongous regions: 129->129
[2023-04-18T01:52:52.415-0400][gc,metaspace] GC(1080) Metaspace: 44230K(44928K)->44230K(44928K) NonClass: 39135K(39488K)->39135K(39488K) Class: 5095K(5440K)->5095K(5440K)
[2023-04-18T01:52:52.415-0400][gc          ] GC(1080) Pause Young (Mixed) (G1 Evacuation Pause) 269M->217M(1024M) 10.895ms
[2023-04-18T01:52:52.415-0400][gc,cpu      ] GC(1080) User=0.04s Sys=0.01s Real=0.01s
[2023-04-18T01:55:55.382-0400][gc,start    ] GC(1081) Pause Young (Normal) (G1 Evacuation Pause)
[2023-04-18T01:55:55.384-0400][gc,task     ] GC(1081) Using 8 workers of 8 for evacuation
[2023-04-18T01:55:55.395-0400][gc,phases   ] GC(1081)   Pre Evacuate Collection Set: 0.2ms
[2023-04-18T01:55:55.395-0400][gc,phases   ] GC(1081)   Merge Heap Roots: 0.2ms
[2023-04-18T01:55:55.395-0400][gc,phases   ] GC(1081)   Evacuate Collection Set: 9.9ms
[2023-04-18T01:55:55.395-0400][gc,phases   ] GC(1081)   Post Evacuate Collection Set: 0.7ms
[2023-04-18T01:55:55.395-0400][gc,phases   ] GC(1081)   Other: 0.2ms
[2023-04-18T01:55:55.395-0400][gc,heap     ] GC(1081) Eden regions: 47->0(45)
[2023-04-18T01:55:55.395-0400][gc,heap     ] GC(1081) Survivor regions: 4->6(7)
[2023-04-18T01:55:55.395-0400][gc,heap     ] GC(1081) Old regions: 84->84
[2023-04-18T01:55:55.395-0400][gc,heap     ] GC(1081) Archive regions: 2->2
[2023-04-18T01:55:55.395-0400][gc,heap     ] GC(1081) Humongous regions: 129->129
[2023-04-18T01:55:55.395-0400][gc,metaspace] GC(1081) Metaspace: 44230K(44928K)->44230K(44928K) NonClass: 39135K(39488K)->39135K(39488K) Class: 5095K(5440K)->5095K(5440K)
[2023-04-18T01:55:55.395-0400][gc          ] GC(1081) Pause Young (Normal) (G1 Evacuation Pause) 264M->219M(1024M) 13.263ms
[2023-04-18T01:55:55.396-0400][gc,cpu      ] GC(1081) User=0.06s Sys=0.01s Real=0.01s
[2023-04-18T01:56:28.311-0400][gc,start    ] GC(1082) Pause Young (Normal) (G1 Evacuation Pause)
[2023-04-18T01:56:28.312-0400][gc,task     ] GC(1082) Using 8 workers of 8 for evacuation
[2023-04-18T01:56:28.335-0400][gc,mmu      ] GC(1082) MMU target violated: 21.0ms (20.0ms/21.0ms)
[2023-04-18T01:56:28.335-0400][gc,phases   ] GC(1082)   Pre Evacuate Collection Set: 0.3ms
[2023-04-18T01:56:28.335-0400][gc,phases   ] GC(1082)   Merge Heap Roots: 0.2ms
[2023-04-18T01:56:28.335-0400][gc,phases   ] GC(1082)   Evacuate Collection Set: 20.9ms
[2023-04-18T01:56:28.335-0400][gc,phases   ] GC(1082)   Post Evacuate Collection Set: 0.8ms
[2023-04-18T01:56:28.335-0400][gc,phases   ] GC(1082)   Other: 1.4ms
[2023-04-18T01:56:28.335-0400][gc,heap     ] GC(1082) Eden regions: 45->0(45)
[2023-04-18T01:56:28.335-0400][gc,heap     ] GC(1082) Survivor regions: 6->6(7)
[2023-04-18T01:56:28.335-0400][gc,heap     ] GC(1082) Old regions: 84->86
[2023-04-18T01:56:28.335-0400][gc,heap     ] GC(1082) Archive regions: 2->2
[2023-04-18T01:56:28.336-0400][gc,heap     ] GC(1082) Humongous regions: 129->129
[2023-04-18T01:56:28.336-0400][gc,metaspace] GC(1082) Metaspace: 44230K(44928K)->44230K(44928K) NonClass: 39135K(39488K)->39135K(39488K) Class: 5095K(5440K)->5095K(5440K)
[2023-04-18T01:56:28.336-0400][gc          ] GC(1082) Pause Young (Normal) (G1 Evacuation Pause) 264M->221M(1024M) 24.634ms
[2023-04-18T01:56:28.336-0400][gc,cpu      ] GC(1082) User=0.09s Sys=0.03s Real=0.02s
[2023-04-18T01:58:37.132-0400][gc,start    ] GC(1083) Pause Young (Normal) (G1 Evacuation Pause)
[2023-04-18T01:58:37.134-0400][gc,task     ] GC(1083) Using 8 workers of 8 for evacuation
[2023-04-18T01:58:37.163-0400][gc,mmu      ] GC(1083) MMU target violated: 21.0ms (20.0ms/21.0ms)
[2023-04-18T01:58:37.163-0400][gc,phases   ] GC(1083)   Pre Evacuate Collection Set: 0.4ms
[2023-04-18T01:58:37.163-0400][gc,phases   ] GC(1083)   Merge Heap Roots: 0.3ms
[2023-04-18T01:58:37.163-0400][gc,phases   ] GC(1083)   Evacuate Collection Set: 24.8ms
[2023-04-18T01:58:37.163-0400][gc,phases   ] GC(1083)   Post Evacuate Collection Set: 0.5ms
[2023-04-18T01:58:37.163-0400][gc,phases   ] GC(1083)   Other: 3.1ms
[2023-04-18T01:58:37.163-0400][gc,heap     ] GC(1083) Eden regions: 45->0(46)
[2023-04-18T01:58:37.163-0400][gc,heap     ] GC(1083) Survivor regions: 6->5(7)
[2023-04-18T01:58:37.163-0400][gc,heap     ] GC(1083) Old regions: 86->90
[2023-04-18T01:58:37.163-0400][gc,heap     ] GC(1083) Archive regions: 2->2
[2023-04-18T01:58:37.163-0400][gc,heap     ] GC(1083) Humongous regions: 129->129
[2023-04-18T01:58:37.163-0400][gc,metaspace] GC(1083) Metaspace: 44230K(44928K)->44230K(44928K) NonClass: 39135K(39488K)->39135K(39488K) Class: 5095K(5440K)->5095K(5440K)
[2023-04-18T01:58:37.163-0400][gc          ] GC(1083) Pause Young (Normal) (G1 Evacuation Pause) 266M->223M(1024M) 31.449ms
[2023-04-18T01:58:37.163-0400][gc,cpu      ] GC(1083) User=0.07s Sys=0.06s Real=0.03s
[2023-04-18T02:00:06.489-0400][gc,start    ] GC(1084) Pause Young (Normal) (G1 Evacuation Pause)
[2023-04-18T02:00:06.490-0400][gc,task     ] GC(1084) Using 8 workers of 8 for evacuation
[2023-04-18T02:00:06.504-0400][gc,phases   ] GC(1084)   Pre Evacuate Collection Set: 0.3ms
[2023-04-18T02:00:06.504-0400][gc,phases   ] GC(1084)   Merge Heap Roots: 0.2ms
[2023-04-18T02:00:06.504-0400][gc,phases   ] GC(1084)   Evacuate Collection Set: 12.6ms
[2023-04-18T02:00:06.504-0400][gc,phases   ] GC(1084)   Post Evacuate Collection Set: 0.4ms
[2023-04-18T02:00:06.504-0400][gc,phases   ] GC(1084)   Other: 0.2ms
[2023-04-18T02:00:06.504-0400][gc,heap     ] GC(1084) Eden regions: 46->0(46)
[2023-04-18T02:00:06.504-0400][gc,heap     ] GC(1084) Survivor regions: 5->5(7)
[2023-04-18T02:00:06.504-0400][gc,heap     ] GC(1084) Old regions: 90->92
[2023-04-18T02:00:06.504-0400][gc,heap     ] GC(1084) Archive regions: 2->2
[2023-04-18T02:00:06.504-0400][gc,heap     ] GC(1084) Humongous regions: 129->129
[2023-04-18T02:00:06.504-0400][gc,metaspace] GC(1084) Metaspace: 44230K(44928K)->44230K(44928K) NonClass: 39135K(39488K)->39135K(39488K) Class: 5095K(5440K)->5095K(5440K)
[2023-04-18T02:00:06.504-0400][gc          ] GC(1084) Pause Young (Normal) (G1 Evacuation Pause) 269M->225M(1024M) 14.755ms
[2023-04-18T02:00:06.504-0400][gc,cpu      ] GC(1084) User=0.05s Sys=0.02s Real=0.02s
[2023-04-18T02:00:40.154-0400][gc,start    ] GC(1085) Pause Young (Normal) (G1 Evacuation Pause)
[2023-04-18T02:00:40.155-0400][gc,task     ] GC(1085) Using 8 workers of 8 for evacuation
[2023-04-18T02:00:40.173-0400][gc,phases   ] GC(1085)   Pre Evacuate Collection Set: 0.3ms
[2023-04-18T02:00:40.173-0400][gc,phases   ] GC(1085)   Merge Heap Roots: 0.2ms
[2023-04-18T02:00:40.173-0400][gc,phases   ] GC(1085)   Evacuate Collection Set: 16.5ms
[2023-04-18T02:00:40.173-0400][gc,phases   ] GC(1085)   Post Evacuate Collection Set: 0.3ms
[2023-04-18T02:00:40.173-0400][gc,phases   ] GC(1085)   Other: 0.7ms
[2023-04-18T02:00:40.173-0400][gc,heap     ] GC(1085) Eden regions: 46->0(47)
[2023-04-18T02:00:40.173-0400][gc,heap     ] GC(1085) Survivor regions: 5->4(7)
[2023-04-18T02:00:40.173-0400][gc,heap     ] GC(1085) Old regions: 92->95
[2023-04-18T02:00:40.173-0400][gc,heap     ] GC(1085) Archive regions: 2->2
[2023-04-18T02:00:40.173-0400][gc,heap     ] GC(1085) Humongous regions: 129->129
[2023-04-18T02:00:40.173-0400][gc,metaspace] GC(1085) Metaspace: 44230K(44928K)->44230K(44928K) NonClass: 39135K(39488K)->39135K(39488K) Class: 5095K(5440K)->5095K(5440K)
[2023-04-18T02:00:40.173-0400][gc          ] GC(1085) Pause Young (Normal) (G1 Evacuation Pause) 271M->227M(1024M) 19.104ms
[2023-04-18T02:00:40.173-0400][gc,cpu      ] GC(1085) User=0.04s Sys=0.03s Real=0.02s
[2023-04-18T02:16:53.993-0400][gc,start    ] GC(1086) Pause Young (Normal) (G1 Evacuation Pause)
[2023-04-18T02:16:53.993-0400][gc,task     ] GC(1086) Using 8 workers of 8 for evacuation
[2023-04-18T02:16:54.008-0400][gc,phases   ] GC(1086)   Pre Evacuate Collection Set: 0.9ms
[2023-04-18T02:16:54.008-0400][gc,phases   ] GC(1086)   Merge Heap Roots: 0.2ms
[2023-04-18T02:16:54.008-0400][gc,phases   ] GC(1086)   Evacuate Collection Set: 12.3ms
[2023-04-18T02:16:54.008-0400][gc,phases   ] GC(1086)   Post Evacuate Collection Set: 0.6ms
[2023-04-18T02:16:54.008-0400][gc,phases   ] GC(1086)   Other: 0.2ms
[2023-04-18T02:16:54.008-0400][gc,heap     ] GC(1086) Eden regions: 47->0(44)
[2023-04-18T02:16:54.008-0400][gc,heap     ] GC(1086) Survivor regions: 4->7(7)
[2023-04-18T02:16:54.008-0400][gc,heap     ] GC(1086) Old regions: 95->95
[2023-04-18T02:16:54.008-0400][gc,heap     ] GC(1086) Archive regions: 2->2
[2023-04-18T02:16:54.008-0400][gc,heap     ] GC(1086) Humongous regions: 129->129
[2023-04-18T02:16:54.008-0400][gc,metaspace] GC(1086) Metaspace: 44230K(44928K)->44230K(44928K) NonClass: 39135K(39488K)->39135K(39488K) Class: 5095K(5440K)->5095K(5440K)
[2023-04-18T02:16:54.009-0400][gc          ] GC(1086) Pause Young (Normal) (G1 Evacuation Pause) 274M->230M(1024M) 16.611ms
[2023-04-18T02:16:54.010-0400][gc,cpu      ] GC(1086) User=0.06s Sys=0.02s Real=0.02s
[2023-04-18T02:17:23.374-0400][gc,start    ] GC(1087) Pause Young (Normal) (G1 Evacuation Pause)
[2023-04-18T02:17:23.375-0400][gc,task     ] GC(1087) Using 8 workers of 8 for evacuation
[2023-04-18T02:17:23.415-0400][gc,mmu      ] GC(1087) MMU target violated: 21.0ms (20.0ms/21.0ms)
[2023-04-18T02:17:23.415-0400][gc,phases   ] GC(1087)   Pre Evacuate Collection Set: 0.3ms
[2023-04-18T02:17:23.415-0400][gc,phases   ] GC(1087)   Merge Heap Roots: 0.1ms
[2023-04-18T02:17:23.415-0400][gc,phases   ] GC(1087)   Evacuate Collection Set: 39.0ms
[2023-04-18T02:17:23.415-0400][gc,phases   ] GC(1087)   Post Evacuate Collection Set: 0.6ms
[2023-04-18T02:17:23.416-0400][gc,phases   ] GC(1087)   Other: 0.3ms
[2023-04-18T02:17:23.416-0400][gc,heap     ] GC(1087) Eden regions: 44->0(45)
[2023-04-18T02:17:23.416-0400][gc,heap     ] GC(1087) Survivor regions: 7->6(7)
[2023-04-18T02:17:23.416-0400][gc,heap     ] GC(1087) Old regions: 95->98
[2023-04-18T02:17:23.416-0400][gc,heap     ] GC(1087) Archive regions: 2->2
[2023-04-18T02:17:23.416-0400][gc,heap     ] GC(1087) Humongous regions: 129->129
[2023-04-18T02:17:23.416-0400][gc,metaspace] GC(1087) Metaspace: 44230K(44928K)->44230K(44928K) NonClass: 39135K(39488K)->39135K(39488K) Class: 5095K(5440K)->5095K(5440K)
[2023-04-18T02:17:23.416-0400][gc          ] GC(1087) Pause Young (Normal) (G1 Evacuation Pause) 274M->232M(1024M) 41.477ms
[2023-04-18T02:17:23.416-0400][gc,cpu      ] GC(1087) User=0.08s Sys=0.06s Real=0.04s
[2023-04-18T02:17:54.334-0400][gc,start    ] GC(1088) Pause Young (Normal) (G1 Evacuation Pause)
[2023-04-18T02:17:54.335-0400][gc,task     ] GC(1088) Using 8 workers of 8 for evacuation
[2023-04-18T02:17:54.360-0400][gc,mmu      ] GC(1088) MMU target violated: 21.0ms (20.0ms/21.0ms)
[2023-04-18T02:17:54.360-0400][gc,phases   ] GC(1088)   Pre Evacuate Collection Set: 0.2ms
[2023-04-18T02:17:54.360-0400][gc,phases   ] GC(1088)   Merge Heap Roots: 0.2ms
[2023-04-18T02:17:54.360-0400][gc,phases   ] GC(1088)   Evacuate Collection Set: 23.4ms
[2023-04-18T02:17:54.360-0400][gc,phases   ] GC(1088)   Post Evacuate Collection Set: 0.6ms
[2023-04-18T02:17:54.360-0400][gc,phases   ] GC(1088)   Other: 1.0ms
[2023-04-18T02:17:54.360-0400][gc,heap     ] GC(1088) Eden regions: 45->0(47)
[2023-04-18T02:17:54.361-0400][gc,heap     ] GC(1088) Survivor regions: 6->4(7)
[2023-04-18T02:17:54.361-0400][gc,heap     ] GC(1088) Old regions: 98->101
[2023-04-18T02:17:54.361-0400][gc,heap     ] GC(1088) Archive regions: 2->2
[2023-04-18T02:17:54.361-0400][gc,heap     ] GC(1088) Humongous regions: 129->129
[2023-04-18T02:17:54.361-0400][gc,metaspace] GC(1088) Metaspace: 44230K(44928K)->44230K(44928K) NonClass: 39135K(39488K)->39135K(39488K) Class: 5095K(5440K)->5095K(5440K)
[2023-04-18T02:17:54.361-0400][gc          ] GC(1088) Pause Young (Normal) (G1 Evacuation Pause) 277M->234M(1024M) 26.302ms
[2023-04-18T02:17:54.361-0400][gc,cpu      ] GC(1088) User=0.06s Sys=0.05s Real=0.03s
[2023-04-18T02:18:26.940-0400][gc,start    ] GC(1089) Pause Young (Normal) (G1 Evacuation Pause)
[2023-04-18T02:18:26.941-0400][gc,task     ] GC(1089) Using 8 workers of 8 for evacuation
[2023-04-18T02:18:26.948-0400][gc,phases   ] GC(1089)   Pre Evacuate Collection Set: 0.2ms
[2023-04-18T02:18:26.948-0400][gc,phases   ] GC(1089)   Merge Heap Roots: 0.1ms
[2023-04-18T02:18:26.948-0400][gc,phases   ] GC(1089)   Evacuate Collection Set: 5.8ms
[2023-04-18T02:18:26.948-0400][gc,phases   ] GC(1089)   Post Evacuate Collection Set: 0.6ms
[2023-04-18T02:18:26.948-0400][gc,phases   ] GC(1089)   Other: 0.2ms
[2023-04-18T02:18:26.948-0400][gc,heap     ] GC(1089) Eden regions: 47->0(46)
[2023-04-18T02:18:26.948-0400][gc,heap     ] GC(1089) Survivor regions: 4->5(7)
[2023-04-18T02:18:26.948-0400][gc,heap     ] GC(1089) Old regions: 101->101
[2023-04-18T02:18:26.948-0400][gc,heap     ] GC(1089) Archive regions: 2->2
[2023-04-18T02:18:26.948-0400][gc,heap     ] GC(1089) Humongous regions: 129->129
[2023-04-18T02:18:26.948-0400][gc,metaspace] GC(1089) Metaspace: 44230K(44928K)->44230K(44928K) NonClass: 39135K(39488K)->39135K(39488K) Class: 5095K(5440K)->5095K(5440K)
[2023-04-18T02:18:26.948-0400][gc          ] GC(1089) Pause Young (Normal) (G1 Evacuation Pause) 281M->234M(1024M) 8.510ms
[2023-04-18T02:18:26.948-0400][gc,cpu      ] GC(1089) User=0.05s Sys=0.00s Real=0.00s
[2023-04-18T02:18:58.375-0400][gc,start    ] GC(1090) Pause Young (Normal) (G1 Evacuation Pause)
[2023-04-18T02:18:58.376-0400][gc,task     ] GC(1090) Using 8 workers of 8 for evacuation
[2023-04-18T02:18:58.396-0400][gc,mmu      ] GC(1090) MMU target violated: 20.2ms (20.0ms/21.0ms)
[2023-04-18T02:18:58.396-0400][gc,phases   ] GC(1090)   Pre Evacuate Collection Set: 0.2ms
[2023-04-18T02:18:58.396-0400][gc,phases   ] GC(1090)   Merge Heap Roots: 0.1ms
[2023-04-18T02:18:58.396-0400][gc,phases   ] GC(1090)   Evacuate Collection Set: 19.0ms
[2023-04-18T02:18:58.396-0400][gc,phases   ] GC(1090)   Post Evacuate Collection Set: 0.6ms
[2023-04-18T02:18:58.396-0400][gc,phases   ] GC(1090)   Other: 0.3ms
[2023-04-18T02:18:58.396-0400][gc,heap     ] GC(1090) Eden regions: 46->0(58)
[2023-04-18T02:18:58.396-0400][gc,heap     ] GC(1090) Survivor regions: 5->4(7)
[2023-04-18T02:18:58.396-0400][gc,heap     ] GC(1090) Old regions: 101->103
[2023-04-18T02:18:58.396-0400][gc,heap     ] GC(1090) Archive regions: 2->2
[2023-04-18T02:18:58.396-0400][gc,heap     ] GC(1090) Humongous regions: 129->129
[2023-04-18T02:18:58.396-0400][gc,metaspace] GC(1090) Metaspace: 44230K(44928K)->44230K(44928K) NonClass: 39135K(39488K)->39135K(39488K) Class: 5095K(5440K)->5095K(5440K)
[2023-04-18T02:18:58.396-0400][gc          ] GC(1090) Pause Young (Normal) (G1 Evacuation Pause) 280M->235M(1024M) 21.544ms
[2023-04-18T02:18:58.397-0400][gc,cpu      ] GC(1090) User=0.05s Sys=0.04s Real=0.02s
[2023-04-18T02:19:37.870-0400][gc,start    ] GC(1091) Pause Young (Normal) (G1 Evacuation Pause)
[2023-04-18T02:19:37.871-0400][gc,task     ] GC(1091) Using 8 workers of 8 for evacuation
[2023-04-18T02:19:37.896-0400][gc,mmu      ] GC(1091) MMU target violated: 21.0ms (20.0ms/21.0ms)
[2023-04-18T02:19:37.896-0400][gc,phases   ] GC(1091)   Pre Evacuate Collection Set: 0.3ms
[2023-04-18T02:19:37.897-0400][gc,phases   ] GC(1091)   Merge Heap Roots: 0.2ms
[2023-04-18T02:19:37.897-0400][gc,phases   ] GC(1091)   Evacuate Collection Set: 24.1ms
[2023-04-18T02:19:37.897-0400][gc,phases   ] GC(1091)   Post Evacuate Collection Set: 0.7ms
[2023-04-18T02:19:37.897-0400][gc,phases   ] GC(1091)   Other: 0.2ms
[2023-04-18T02:19:37.897-0400][gc,heap     ] GC(1091) Eden regions: 58->0(46)
[2023-04-18T02:19:37.897-0400][gc,heap     ] GC(1091) Survivor regions: 4->5(8)
[2023-04-18T02:19:37.897-0400][gc,heap     ] GC(1091) Old regions: 103->103
[2023-04-18T02:19:37.897-0400][gc,heap     ] GC(1091) Archive regions: 2->2
[2023-04-18T02:19:37.897-0400][gc,heap     ] GC(1091) Humongous regions: 129->129
[2023-04-18T02:19:37.897-0400][gc,metaspace] GC(1091) Metaspace: 44230K(44928K)->44230K(44928K) NonClass: 39135K(39488K)->39135K(39488K) Class: 5095K(5440K)->5095K(5440K)
[2023-04-18T02:19:37.897-0400][gc          ] GC(1091) Pause Young (Normal) (G1 Evacuation Pause) 293M->237M(1024M) 26.551ms
[2023-04-18T02:19:37.897-0400][gc,cpu      ] GC(1091) User=0.04s Sys=0.07s Real=0.02s
[2023-04-18T02:20:08.086-0400][gc,start    ] GC(1092) Pause Young (Normal) (G1 Evacuation Pause)
[2023-04-18T02:20:08.087-0400][gc,task     ] GC(1092) Using 8 workers of 8 for evacuation
[2023-04-18T02:20:08.101-0400][gc,phases   ] GC(1092)   Pre Evacuate Collection Set: 0.2ms
[2023-04-18T02:20:08.101-0400][gc,phases   ] GC(1092)   Merge Heap Roots: 0.1ms
[2023-04-18T02:20:08.101-0400][gc,phases   ] GC(1092)   Evacuate Collection Set: 13.0ms
[2023-04-18T02:20:08.101-0400][gc,phases   ] GC(1092)   Post Evacuate Collection Set: 0.5ms
[2023-04-18T02:20:08.101-0400][gc,phases   ] GC(1092)   Other: 0.2ms
[2023-04-18T02:20:08.101-0400][gc,heap     ] GC(1092) Eden regions: 46->0(46)
[2023-04-18T02:20:08.101-0400][gc,heap     ] GC(1092) Survivor regions: 5->5(7)
[2023-04-18T02:20:08.101-0400][gc,heap     ] GC(1092) Old regions: 103->104
[2023-04-18T02:20:08.101-0400][gc,heap     ] GC(1092) Archive regions: 2->2
[2023-04-18T02:20:08.101-0400][gc,heap     ] GC(1092) Humongous regions: 129->129
[2023-04-18T02:20:08.101-0400][gc,metaspace] GC(1092) Metaspace: 44230K(44928K)->44230K(44928K) NonClass: 39135K(39488K)->39135K(39488K) Class: 5095K(5440K)->5095K(5440K)
[2023-04-18T02:20:08.101-0400][gc          ] GC(1092) Pause Young (Normal) (G1 Evacuation Pause) 283M->237M(1024M) 15.009ms
[2023-04-18T02:20:08.101-0400][gc,cpu      ] GC(1092) User=0.04s Sys=0.02s Real=0.02s
[2023-04-18T02:35:38.256-0400][gc,start    ] GC(1093) Pause Young (Normal) (G1 Evacuation Pause)
[2023-04-18T02:35:38.257-0400][gc,task     ] GC(1093) Using 8 workers of 8 for evacuation
[2023-04-18T02:35:38.274-0400][gc,phases   ] GC(1093)   Pre Evacuate Collection Set: 0.2ms
[2023-04-18T02:35:38.274-0400][gc,phases   ] GC(1093)   Merge Heap Roots: 0.2ms
[2023-04-18T02:35:38.274-0400][gc,phases   ] GC(1093)   Evacuate Collection Set: 16.0ms
[2023-04-18T02:35:38.274-0400][gc,phases   ] GC(1093)   Post Evacuate Collection Set: 0.4ms
[2023-04-18T02:35:38.274-0400][gc,phases   ] GC(1093)   Other: 0.2ms
[2023-04-18T02:35:38.274-0400][gc,heap     ] GC(1093) Eden regions: 46->0(46)
[2023-04-18T02:35:38.274-0400][gc,heap     ] GC(1093) Survivor regions: 5->5(7)
[2023-04-18T02:35:38.274-0400][gc,heap     ] GC(1093) Old regions: 104->105
[2023-04-18T02:35:38.274-0400][gc,heap     ] GC(1093) Archive regions: 2->2
[2023-04-18T02:35:38.274-0400][gc,heap     ] GC(1093) Humongous regions: 129->129
[2023-04-18T02:35:38.274-0400][gc,metaspace] GC(1093) Metaspace: 44230K(44928K)->44230K(44928K) NonClass: 39135K(39488K)->39135K(39488K) Class: 5095K(5440K)->5095K(5440K)
[2023-04-18T02:35:38.274-0400][gc          ] GC(1093) Pause Young (Normal) (G1 Evacuation Pause) 283M->239M(1024M) 18.578ms
[2023-04-18T02:35:38.274-0400][gc,cpu      ] GC(1093) User=0.04s Sys=0.02s Real=0.02s
[2023-04-18T02:36:10.342-0400][gc,start    ] GC(1094) Pause Young (Normal) (G1 Evacuation Pause)
[2023-04-18T02:36:10.343-0400][gc,task     ] GC(1094) Using 8 workers of 8 for evacuation
[2023-04-18T02:36:10.354-0400][gc,phases   ] GC(1094)   Pre Evacuate Collection Set: 0.2ms
[2023-04-18T02:36:10.354-0400][gc,phases   ] GC(1094)   Merge Heap Roots: 0.3ms
[2023-04-18T02:36:10.354-0400][gc,phases   ] GC(1094)   Evacuate Collection Set: 9.9ms
[2023-04-18T02:36:10.354-0400][gc,phases   ] GC(1094)   Post Evacuate Collection Set: 0.5ms
[2023-04-18T02:36:10.354-0400][gc,phases   ] GC(1094)   Other: 0.2ms
[2023-04-18T02:36:10.354-0400][gc,heap     ] GC(1094) Eden regions: 46->0(44)
[2023-04-18T02:36:10.354-0400][gc,heap     ] GC(1094) Survivor regions: 5->7(7)
[2023-04-18T02:36:10.354-0400][gc,heap     ] GC(1094) Old regions: 105->106
[2023-04-18T02:36:10.354-0400][gc,heap     ] GC(1094) Archive regions: 2->2
[2023-04-18T02:36:10.354-0400][gc,heap     ] GC(1094) Humongous regions: 129->129
[2023-04-18T02:36:10.354-0400][gc,metaspace] GC(1094) Metaspace: 44230K(44928K)->44230K(44928K) NonClass: 39135K(39488K)->39135K(39488K) Class: 5095K(5440K)->5095K(5440K)
[2023-04-18T02:36:10.354-0400][gc          ] GC(1094) Pause Young (Normal) (G1 Evacuation Pause) 285M->241M(1024M) 12.258ms
[2023-04-18T02:36:10.354-0400][gc,cpu      ] GC(1094) User=0.06s Sys=0.01s Real=0.01s
[2023-04-18T02:47:34.206-0400][gc,start    ] GC(1095) Pause Young (Normal) (G1 Evacuation Pause)
[2023-04-18T02:47:34.207-0400][gc,task     ] GC(1095) Using 8 workers of 8 for evacuation
[2023-04-18T02:47:34.228-0400][gc,mmu      ] GC(1095) MMU target violated: 21.0ms (20.0ms/21.0ms)
[2023-04-18T02:47:34.228-0400][gc,phases   ] GC(1095)   Pre Evacuate Collection Set: 0.2ms
[2023-04-18T02:47:34.228-0400][gc,phases   ] GC(1095)   Merge Heap Roots: 0.3ms
[2023-04-18T02:47:34.228-0400][gc,phases   ] GC(1095)   Evacuate Collection Set: 19.9ms
[2023-04-18T02:47:34.228-0400][gc,phases   ] GC(1095)   Post Evacuate Collection Set: 0.5ms
[2023-04-18T02:47:34.228-0400][gc,phases   ] GC(1095)   Other: 0.3ms
[2023-04-18T02:47:34.228-0400][gc,heap     ] GC(1095) Eden regions: 44->0(45)
[2023-04-18T02:47:34.228-0400][gc,heap     ] GC(1095) Survivor regions: 7->6(7)
[2023-04-18T02:47:34.228-0400][gc,heap     ] GC(1095) Old regions: 106->109
[2023-04-18T02:47:34.228-0400][gc,heap     ] GC(1095) Archive regions: 2->2
[2023-04-18T02:47:34.228-0400][gc,heap     ] GC(1095) Humongous regions: 129->129
[2023-04-18T02:47:34.228-0400][gc,metaspace] GC(1095) Metaspace: 44230K(44928K)->44230K(44928K) NonClass: 39135K(39488K)->39135K(39488K) Class: 5095K(5440K)->5095K(5440K)
[2023-04-18T02:47:34.228-0400][gc          ] GC(1095) Pause Young (Normal) (G1 Evacuation Pause) 285M->244M(1024M) 22.229ms
[2023-04-18T02:47:34.228-0400][gc,cpu      ] GC(1095) User=0.06s Sys=0.04s Real=0.02s
[2023-04-18T03:05:26.726-0400][gc,start    ] GC(1096) Pause Young (Normal) (G1 Evacuation Pause)
[2023-04-18T03:05:27.421-0400][gc,task     ] GC(1096) Using 8 workers of 8 for evacuation
[2023-04-18T03:05:27.620-0400][gc,mmu      ] GC(1096) MMU target violated: 21.0ms (20.0ms/21.0ms)
[2023-04-18T03:05:27.632-0400][gc,phases   ] GC(1096)   Pre Evacuate Collection Set: 2.6ms
[2023-04-18T03:05:27.632-0400][gc,phases   ] GC(1096)   Merge Heap Roots: 4.0ms
[2023-04-18T03:05:27.632-0400][gc,phases   ] GC(1096)   Evacuate Collection Set: 114.0ms
[2023-04-18T03:05:27.632-0400][gc,phases   ] GC(1096)   Post Evacuate Collection Set: 26.3ms
[2023-04-18T03:05:27.632-0400][gc,phases   ] GC(1096)   Other: 64.6ms
[2023-04-18T03:05:27.632-0400][gc,heap     ] GC(1096) Eden regions: 45->0(46)
[2023-04-18T03:05:27.632-0400][gc,heap     ] GC(1096) Survivor regions: 6->5(7)
[2023-04-18T03:05:27.632-0400][gc,heap     ] GC(1096) Old regions: 109->112
[2023-04-18T03:05:27.632-0400][gc,heap     ] GC(1096) Archive regions: 2->2
[2023-04-18T03:05:27.632-0400][gc,heap     ] GC(1096) Humongous regions: 129->129
[2023-04-18T03:05:27.632-0400][gc,metaspace] GC(1096) Metaspace: 44230K(44928K)->44230K(44928K) NonClass: 39135K(39488K)->39135K(39488K) Class: 5095K(5440K)->5095K(5440K)
[2023-04-18T03:05:27.634-0400][gc          ] GC(1096) Pause Young (Normal) (G1 Evacuation Pause) 289M->246M(1024M) 907.667ms
[2023-04-18T03:05:27.634-0400][gc,cpu      ] GC(1096) User=0.03s Sys=0.03s Real=0.91s
[2023-04-18T03:05:58.244-0400][gc,start    ] GC(1097) Pause Young (Normal) (G1 Evacuation Pause)
[2023-04-18T03:05:58.245-0400][gc,task     ] GC(1097) Using 8 workers of 8 for evacuation
[2023-04-18T03:05:58.267-0400][gc,mmu      ] GC(1097) MMU target violated: 21.0ms (20.0ms/21.0ms)
[2023-04-18T03:05:58.267-0400][gc,phases   ] GC(1097)   Pre Evacuate Collection Set: 0.2ms
[2023-04-18T03:05:58.267-0400][gc,phases   ] GC(1097)   Merge Heap Roots: 0.2ms
[2023-04-18T03:05:58.267-0400][gc,phases   ] GC(1097)   Evacuate Collection Set: 20.3ms
[2023-04-18T03:05:58.267-0400][gc,phases   ] GC(1097)   Post Evacuate Collection Set: 0.6ms
[2023-04-18T03:05:58.267-0400][gc,phases   ] GC(1097)   Other: 1.0ms
[2023-04-18T03:05:58.267-0400][gc,heap     ] GC(1097) Eden regions: 46->0(45)
[2023-04-18T03:05:58.267-0400][gc,heap     ] GC(1097) Survivor regions: 5->6(7)
[2023-04-18T03:05:58.268-0400][gc,heap     ] GC(1097) Old regions: 112->116
[2023-04-18T03:05:58.268-0400][gc,heap     ] GC(1097) Archive regions: 2->2
[2023-04-18T03:05:58.268-0400][gc,heap     ] GC(1097) Humongous regions: 129->129
[2023-04-18T03:05:58.268-0400][gc,metaspace] GC(1097) Metaspace: 44230K(44928K)->44230K(44928K) NonClass: 39135K(39488K)->39135K(39488K) Class: 5095K(5440K)->5095K(5440K)
[2023-04-18T03:05:58.268-0400][gc          ] GC(1097) Pause Young (Normal) (G1 Evacuation Pause) 292M->250M(1024M) 23.302ms
[2023-04-18T03:05:58.268-0400][gc,cpu      ] GC(1097) User=0.06s Sys=0.04s Real=0.02s
[2023-04-18T03:06:29.034-0400][gc,start    ] GC(1098) Pause Young (Normal) (G1 Evacuation Pause)
[2023-04-18T03:06:29.035-0400][gc,task     ] GC(1098) Using 8 workers of 8 for evacuation
[2023-04-18T03:06:29.047-0400][gc,phases   ] GC(1098)   Pre Evacuate Collection Set: 0.2ms
[2023-04-18T03:06:29.048-0400][gc,phases   ] GC(1098)   Merge Heap Roots: 0.1ms
[2023-04-18T03:06:29.048-0400][gc,phases   ] GC(1098)   Evacuate Collection Set: 11.7ms
[2023-04-18T03:06:29.048-0400][gc,phases   ] GC(1098)   Post Evacuate Collection Set: 0.4ms
[2023-04-18T03:06:29.048-0400][gc,phases   ] GC(1098)   Other: 0.1ms
[2023-04-18T03:06:29.048-0400][gc,heap     ] GC(1098) Eden regions: 45->0(46)
[2023-04-18T03:06:29.048-0400][gc,heap     ] GC(1098) Survivor regions: 6->5(7)
[2023-04-18T03:06:29.048-0400][gc,heap     ] GC(1098) Old regions: 116->118
[2023-04-18T03:06:29.048-0400][gc,heap     ] GC(1098) Archive regions: 2->2
[2023-04-18T03:06:29.048-0400][gc,heap     ] GC(1098) Humongous regions: 129->129
[2023-04-18T03:06:29.048-0400][gc,metaspace] GC(1098) Metaspace: 44230K(44928K)->44230K(44928K) NonClass: 39135K(39488K)->39135K(39488K) Class: 5095K(5440K)->5095K(5440K)
[2023-04-18T03:06:29.048-0400][gc          ] GC(1098) Pause Young (Normal) (G1 Evacuation Pause) 295M->252M(1024M) 13.729ms
[2023-04-18T03:06:29.048-0400][gc,cpu      ] GC(1098) User=0.05s Sys=0.02s Real=0.01s
[2023-04-18T03:07:00.782-0400][gc,start    ] GC(1099) Pause Young (Normal) (G1 Evacuation Pause)
[2023-04-18T03:07:00.783-0400][gc,task     ] GC(1099) Using 8 workers of 8 for evacuation
[2023-04-18T03:07:00.804-0400][gc,mmu      ] GC(1099) MMU target violated: 20.3ms (20.0ms/21.0ms)
[2023-04-18T03:07:00.804-0400][gc,phases   ] GC(1099)   Pre Evacuate Collection Set: 0.2ms
[2023-04-18T03:07:00.804-0400][gc,phases   ] GC(1099)   Merge Heap Roots: 0.2ms
[2023-04-18T03:07:00.804-0400][gc,phases   ] GC(1099)   Evacuate Collection Set: 19.5ms
[2023-04-18T03:07:00.804-0400][gc,phases   ] GC(1099)   Post Evacuate Collection Set: 0.3ms
[2023-04-18T03:07:00.804-0400][gc,phases   ] GC(1099)   Other: 0.7ms
[2023-04-18T03:07:00.804-0400][gc,heap     ] GC(1099) Eden regions: 46->0(48)
[2023-04-18T03:07:00.804-0400][gc,heap     ] GC(1099) Survivor regions: 5->3(7)
[2023-04-18T03:07:00.804-0400][gc,heap     ] GC(1099) Old regions: 118->121
[2023-04-18T03:07:00.804-0400][gc,heap     ] GC(1099) Archive regions: 2->2
[2023-04-18T03:07:00.804-0400][gc,heap     ] GC(1099) Humongous regions: 129->129
[2023-04-18T03:07:00.804-0400][gc,metaspace] GC(1099) Metaspace: 44230K(44928K)->44230K(44928K) NonClass: 39135K(39488K)->39135K(39488K) Class: 5095K(5440K)->5095K(5440K)
[2023-04-18T03:07:00.804-0400][gc          ] GC(1099) Pause Young (Normal) (G1 Evacuation Pause) 298M->253M(1024M) 21.718ms
[2023-04-18T03:07:00.804-0400][gc,cpu      ] GC(1099) User=0.04s Sys=0.04s Real=0.02s
[2023-04-18T03:34:46.496-0400][gc,start    ] GC(1100) Pause Young (Normal) (G1 Evacuation Pause)
[2023-04-18T03:34:46.497-0400][gc,task     ] GC(1100) Using 8 workers of 8 for evacuation
[2023-04-18T03:34:46.507-0400][gc,phases   ] GC(1100)   Pre Evacuate Collection Set: 0.3ms
[2023-04-18T03:34:46.507-0400][gc,phases   ] GC(1100)   Merge Heap Roots: 0.2ms
[2023-04-18T03:34:46.507-0400][gc,phases   ] GC(1100)   Evacuate Collection Set: 8.8ms
[2023-04-18T03:34:46.507-0400][gc,phases   ] GC(1100)   Post Evacuate Collection Set: 0.7ms
[2023-04-18T03:34:46.507-0400][gc,phases   ] GC(1100)   Other: 0.2ms
[2023-04-18T03:34:46.507-0400][gc,heap     ] GC(1100) Eden regions: 48->0(45)
[2023-04-18T03:34:46.507-0400][gc,heap     ] GC(1100) Survivor regions: 3->6(7)
[2023-04-18T03:34:46.507-0400][gc,heap     ] GC(1100) Old regions: 121->121
[2023-04-18T03:34:46.507-0400][gc,heap     ] GC(1100) Archive regions: 2->2
[2023-04-18T03:34:46.507-0400][gc,heap     ] GC(1100) Humongous regions: 129->129
[2023-04-18T03:34:46.507-0400][gc,metaspace] GC(1100) Metaspace: 44230K(44928K)->44230K(44928K) NonClass: 39135K(39488K)->39135K(39488K) Class: 5095K(5440K)->5095K(5440K)
[2023-04-18T03:34:46.507-0400][gc          ] GC(1100) Pause Young (Normal) (G1 Evacuation Pause) 301M->256M(1024M) 11.044ms
[2023-04-18T03:34:46.508-0400][gc,cpu      ] GC(1100) User=0.04s Sys=0.01s Real=0.01s
[2023-04-18T03:51:48.439-0400][gc,start    ] GC(1101) Pause Young (Normal) (G1 Evacuation Pause)
[2023-04-18T03:51:48.454-0400][gc,task     ] GC(1101) Using 8 workers of 8 for evacuation
[2023-04-18T03:51:48.488-0400][gc,mmu      ] GC(1101) MMU target violated: 21.0ms (20.0ms/21.0ms)
[2023-04-18T03:51:48.533-0400][gc,phases   ] GC(1101)   Pre Evacuate Collection Set: 0.6ms
[2023-04-18T03:51:48.533-0400][gc,phases   ] GC(1101)   Merge Heap Roots: 0.5ms
[2023-04-18T03:51:48.533-0400][gc,phases   ] GC(1101)   Evacuate Collection Set: 28.2ms
[2023-04-18T03:51:48.533-0400][gc,phases   ] GC(1101)   Post Evacuate Collection Set: 1.6ms
[2023-04-18T03:51:48.533-0400][gc,phases   ] GC(1101)   Other: 48.3ms
[2023-04-18T03:51:48.533-0400][gc,heap     ] GC(1101) Eden regions: 45->0(44)
[2023-04-18T03:51:48.533-0400][gc,heap     ] GC(1101) Survivor regions: 6->7(7)
[2023-04-18T03:51:48.533-0400][gc,heap     ] GC(1101) Old regions: 121->124
[2023-04-18T03:51:48.533-0400][gc,heap     ] GC(1101) Archive regions: 2->2
[2023-04-18T03:51:48.533-0400][gc,heap     ] GC(1101) Humongous regions: 129->129
[2023-04-18T03:51:48.533-0400][gc,metaspace] GC(1101) Metaspace: 44231K(44928K)->44231K(44928K) NonClass: 39136K(39488K)->39136K(39488K) Class: 5095K(5440K)->5095K(5440K)
[2023-04-18T03:51:48.533-0400][gc          ] GC(1101) Pause Young (Normal) (G1 Evacuation Pause) 301M->259M(1024M) 94.863ms
[2023-04-18T03:51:48.534-0400][gc,cpu      ] GC(1101) User=0.03s Sys=0.02s Real=0.10s
[2023-04-18T03:52:16.589-0400][gc,start    ] GC(1102) Pause Young (Normal) (G1 Evacuation Pause)
[2023-04-18T03:52:16.595-0400][gc,task     ] GC(1102) Using 8 workers of 8 for evacuation
[2023-04-18T03:52:16.617-0400][gc,mmu      ] GC(1102) MMU target violated: 20.9ms (20.0ms/21.0ms)
[2023-04-18T03:52:16.617-0400][gc,phases   ] GC(1102)   Pre Evacuate Collection Set: 0.2ms
[2023-04-18T03:52:16.617-0400][gc,phases   ] GC(1102)   Merge Heap Roots: 0.2ms
[2023-04-18T03:52:16.617-0400][gc,phases   ] GC(1102)   Evacuate Collection Set: 19.7ms
[2023-04-18T03:52:16.617-0400][gc,phases   ] GC(1102)   Post Evacuate Collection Set: 0.7ms
[2023-04-18T03:52:16.617-0400][gc,phases   ] GC(1102)   Other: 1.0ms
[2023-04-18T03:52:16.617-0400][gc,heap     ] GC(1102) Eden regions: 44->0(44)
[2023-04-18T03:52:16.617-0400][gc,heap     ] GC(1102) Survivor regions: 7->7(7)
[2023-04-18T03:52:16.617-0400][gc,heap     ] GC(1102) Old regions: 124->127
[2023-04-18T03:52:16.617-0400][gc,heap     ] GC(1102) Archive regions: 2->2
[2023-04-18T03:52:16.617-0400][gc,heap     ] GC(1102) Humongous regions: 129->129
[2023-04-18T03:52:16.617-0400][gc,metaspace] GC(1102) Metaspace: 44232K(44928K)->44232K(44928K) NonClass: 39137K(39488K)->39137K(39488K) Class: 5095K(5440K)->5095K(5440K)
[2023-04-18T03:52:16.617-0400][gc          ] GC(1102) Pause Young (Normal) (G1 Evacuation Pause) 303M->263M(1024M) 28.261ms
[2023-04-18T03:52:16.617-0400][gc,cpu      ] GC(1102) User=0.07s Sys=0.04s Real=0.03s
[2023-04-18T03:52:45.005-0400][gc,start    ] GC(1103) Pause Young (Normal) (G1 Evacuation Pause)
[2023-04-18T03:52:45.005-0400][gc,task     ] GC(1103) Using 8 workers of 8 for evacuation
[2023-04-18T03:52:45.035-0400][gc,mmu      ] GC(1103) MMU target violated: 21.0ms (20.0ms/21.0ms)
[2023-04-18T03:52:45.035-0400][gc,phases   ] GC(1103)   Pre Evacuate Collection Set: 0.1ms
[2023-04-18T03:52:45.035-0400][gc,phases   ] GC(1103)   Merge Heap Roots: 0.1ms
[2023-04-18T03:52:45.035-0400][gc,phases   ] GC(1103)   Evacuate Collection Set: 29.2ms
[2023-04-18T03:52:45.035-0400][gc,phases   ] GC(1103)   Post Evacuate Collection Set: 0.4ms
[2023-04-18T03:52:45.035-0400][gc,phases   ] GC(1103)   Other: 0.2ms
[2023-04-18T03:52:45.035-0400][gc,heap     ] GC(1103) Eden regions: 44->0(49)
[2023-04-18T03:52:45.036-0400][gc,heap     ] GC(1103) Survivor regions: 7->2(7)
[2023-04-18T03:52:45.036-0400][gc,heap     ] GC(1103) Old regions: 127->134
[2023-04-18T03:52:45.036-0400][gc,heap     ] GC(1103) Archive regions: 2->2
[2023-04-18T03:52:45.036-0400][gc,heap     ] GC(1103) Humongous regions: 129->129
[2023-04-18T03:52:45.036-0400][gc,metaspace] GC(1103) Metaspace: 44232K(44928K)->44232K(44928K) NonClass: 39137K(39488K)->39137K(39488K) Class: 5095K(5440K)->5095K(5440K)
[2023-04-18T03:52:45.036-0400][gc          ] GC(1103) Pause Young (Normal) (G1 Evacuation Pause) 307M->265M(1024M) 30.416ms
[2023-04-18T03:52:45.036-0400][gc,cpu      ] GC(1103) User=0.05s Sys=0.08s Real=0.03s
[2023-04-18T03:53:14.082-0400][gc,start    ] GC(1104) Pause Young (Normal) (G1 Evacuation Pause)
[2023-04-18T03:53:14.110-0400][gc,task     ] GC(1104) Using 8 workers of 8 for evacuation
[2023-04-18T03:53:14.113-0400][gc,phases   ] GC(1104)   Pre Evacuate Collection Set: 0.1ms
[2023-04-18T03:53:14.113-0400][gc,phases   ] GC(1104)   Merge Heap Roots: 0.1ms
[2023-04-18T03:53:14.113-0400][gc,phases   ] GC(1104)   Evacuate Collection Set: 2.3ms
[2023-04-18T03:53:14.113-0400][gc,phases   ] GC(1104)   Post Evacuate Collection Set: 0.3ms
[2023-04-18T03:53:14.113-0400][gc,phases   ] GC(1104)   Other: 0.1ms
[2023-04-18T03:53:14.113-0400][gc,heap     ] GC(1104) Eden regions: 49->0(48)
[2023-04-18T03:53:14.113-0400][gc,heap     ] GC(1104) Survivor regions: 2->3(7)
[2023-04-18T03:53:14.113-0400][gc,heap     ] GC(1104) Old regions: 134->134
[2023-04-18T03:53:14.113-0400][gc,heap     ] GC(1104) Archive regions: 2->2
[2023-04-18T03:53:14.113-0400][gc,heap     ] GC(1104) Humongous regions: 129->129
[2023-04-18T03:53:14.113-0400][gc,metaspace] GC(1104) Metaspace: 44232K(44928K)->44232K(44928K) NonClass: 39137K(39488K)->39137K(39488K) Class: 5095K(5440K)->5095K(5440K)
[2023-04-18T03:53:14.113-0400][gc          ] GC(1104) Pause Young (Normal) (G1 Evacuation Pause) 314M->266M(1024M) 31.377ms
[2023-04-18T03:53:14.113-0400][gc,cpu      ] GC(1104) User=0.01s Sys=0.00s Real=0.03s
[2023-04-18T03:53:42.202-0400][gc,start    ] GC(1105) Pause Young (Normal) (G1 Evacuation Pause)
[2023-04-18T03:53:42.202-0400][gc,task     ] GC(1105) Using 8 workers of 8 for evacuation
[2023-04-18T03:53:42.206-0400][gc,phases   ] GC(1105)   Pre Evacuate Collection Set: 0.1ms
[2023-04-18T03:53:42.206-0400][gc,phases   ] GC(1105)   Merge Heap Roots: 0.1ms
[2023-04-18T03:53:42.206-0400][gc,phases   ] GC(1105)   Evacuate Collection Set: 2.6ms
[2023-04-18T03:53:42.206-0400][gc,phases   ] GC(1105)   Post Evacuate Collection Set: 0.3ms
[2023-04-18T03:53:42.206-0400][gc,phases   ] GC(1105)   Other: 0.1ms
[2023-04-18T03:53:42.206-0400][gc,heap     ] GC(1105) Eden regions: 48->0(66)
[2023-04-18T03:53:42.206-0400][gc,heap     ] GC(1105) Survivor regions: 3->4(7)
[2023-04-18T03:53:42.206-0400][gc,heap     ] GC(1105) Old regions: 134->134
[2023-04-18T03:53:42.206-0400][gc,heap     ] GC(1105) Archive regions: 2->2
[2023-04-18T03:53:42.206-0400][gc,heap     ] GC(1105) Humongous regions: 129->129
[2023-04-18T03:53:42.206-0400][gc,metaspace] GC(1105) Metaspace: 44232K(44928K)->44232K(44928K) NonClass: 39137K(39488K)->39137K(39488K) Class: 5095K(5440K)->5095K(5440K)
[2023-04-18T03:53:42.206-0400][gc          ] GC(1105) Pause Young (Normal) (G1 Evacuation Pause) 314M->267M(1024M) 3.678ms
[2023-04-18T03:53:42.206-0400][gc,cpu      ] GC(1105) User=0.02s Sys=0.00s Real=0.00s
[2023-04-18T03:54:20.991-0400][gc,start    ] GC(1106) Pause Young (Normal) (G1 Evacuation Pause)
[2023-04-18T03:54:20.991-0400][gc,task     ] GC(1106) Using 8 workers of 8 for evacuation
[2023-04-18T03:54:21.003-0400][gc,phases   ] GC(1106)   Pre Evacuate Collection Set: 0.1ms
[2023-04-18T03:54:21.003-0400][gc,phases   ] GC(1106)   Merge Heap Roots: 0.1ms
[2023-04-18T03:54:21.003-0400][gc,phases   ] GC(1106)   Evacuate Collection Set: 10.9ms
[2023-04-18T03:54:21.003-0400][gc,phases   ] GC(1106)   Post Evacuate Collection Set: 0.2ms
[2023-04-18T03:54:21.003-0400][gc,phases   ] GC(1106)   Other: 0.1ms
[2023-04-18T03:54:21.003-0400][gc,heap     ] GC(1106) Eden regions: 66->0(55)
[2023-04-18T03:54:21.003-0400][gc,heap     ] GC(1106) Survivor regions: 4->5(9)
[2023-04-18T03:54:21.003-0400][gc,heap     ] GC(1106) Old regions: 134->134
[2023-04-18T03:54:21.003-0400][gc,heap     ] GC(1106) Archive regions: 2->2
[2023-04-18T03:54:21.003-0400][gc,heap     ] GC(1106) Humongous regions: 129->129
[2023-04-18T03:54:21.003-0400][gc,metaspace] GC(1106) Metaspace: 44232K(44928K)->44232K(44928K) NonClass: 39137K(39488K)->39137K(39488K) Class: 5095K(5440K)->5095K(5440K)
[2023-04-18T03:54:21.003-0400][gc          ] GC(1106) Pause Young (Normal) (G1 Evacuation Pause) 333M->268M(1024M) 11.529ms
[2023-04-18T03:54:21.003-0400][gc,cpu      ] GC(1106) User=0.02s Sys=0.03s Real=0.01s
[2023-04-18T03:54:52.848-0400][gc,start    ] GC(1107) Pause Young (Normal) (G1 Evacuation Pause)
[2023-04-18T03:54:52.848-0400][gc,task     ] GC(1107) Using 8 workers of 8 for evacuation
[2023-04-18T03:54:52.863-0400][gc,phases   ] GC(1107)   Pre Evacuate Collection Set: 0.1ms
[2023-04-18T03:54:52.863-0400][gc,phases   ] GC(1107)   Merge Heap Roots: 0.0ms
[2023-04-18T03:54:52.863-0400][gc,phases   ] GC(1107)   Evacuate Collection Set: 14.5ms
[2023-04-18T03:54:52.863-0400][gc,phases   ] GC(1107)   Post Evacuate Collection Set: 0.2ms
[2023-04-18T03:54:52.863-0400][gc,phases   ] GC(1107)   Other: 0.1ms
[2023-04-18T03:54:52.863-0400][gc,heap     ] GC(1107) Eden regions: 55->0(65)
[2023-04-18T03:54:52.863-0400][gc,heap     ] GC(1107) Survivor regions: 5->5(8)
[2023-04-18T03:54:52.863-0400][gc,heap     ] GC(1107) Old regions: 134->135
[2023-04-18T03:54:52.863-0400][gc,heap     ] GC(1107) Archive regions: 2->2
[2023-04-18T03:54:52.863-0400][gc,heap     ] GC(1107) Humongous regions: 129->129
[2023-04-18T03:54:52.863-0400][gc,metaspace] GC(1107) Metaspace: 44232K(44928K)->44232K(44928K) NonClass: 39137K(39488K)->39137K(39488K) Class: 5095K(5440K)->5095K(5440K)
[2023-04-18T03:54:52.863-0400][gc          ] GC(1107) Pause Young (Normal) (G1 Evacuation Pause) 323M->269M(1024M) 15.191ms
[2023-04-18T03:54:52.863-0400][gc,cpu      ] GC(1107) User=0.02s Sys=0.02s Real=0.02s
[2023-04-18T03:55:30.730-0400][gc,start    ] GC(1108) Pause Young (Normal) (G1 Evacuation Pause)
[2023-04-18T03:55:30.730-0400][gc,task     ] GC(1108) Using 8 workers of 8 for evacuation
[2023-04-18T03:55:30.735-0400][gc,phases   ] GC(1108)   Pre Evacuate Collection Set: 0.1ms
[2023-04-18T03:55:30.735-0400][gc,phases   ] GC(1108)   Merge Heap Roots: 0.1ms
[2023-04-18T03:55:30.735-0400][gc,phases   ] GC(1108)   Evacuate Collection Set: 3.8ms
[2023-04-18T03:55:30.735-0400][gc,phases   ] GC(1108)   Post Evacuate Collection Set: 0.3ms
[2023-04-18T03:55:30.735-0400][gc,phases   ] GC(1108)   Other: 0.1ms
[2023-04-18T03:55:30.735-0400][gc,heap     ] GC(1108) Eden regions: 65->0(91)
[2023-04-18T03:55:30.735-0400][gc,heap     ] GC(1108) Survivor regions: 5->6(9)
[2023-04-18T03:55:30.735-0400][gc,heap     ] GC(1108) Old regions: 135->135
[2023-04-18T03:55:30.735-0400][gc,heap     ] GC(1108) Archive regions: 2->2
[2023-04-18T03:55:30.735-0400][gc,heap     ] GC(1108) Humongous regions: 129->129
[2023-04-18T03:55:30.735-0400][gc,metaspace] GC(1108) Metaspace: 44232K(44928K)->44232K(44928K) NonClass: 39137K(39488K)->39137K(39488K) Class: 5095K(5440K)->5095K(5440K)
[2023-04-18T03:55:30.735-0400][gc          ] GC(1108) Pause Young (Normal) (G1 Evacuation Pause) 334M->270M(1024M) 4.633ms
[2023-04-18T03:55:30.735-0400][gc,cpu      ] GC(1108) User=0.03s Sys=0.01s Real=0.00s
[2023-04-18T03:56:24.288-0400][gc,start    ] GC(1109) Pause Young (Normal) (G1 Evacuation Pause)
[2023-04-18T03:56:24.289-0400][gc,task     ] GC(1109) Using 8 workers of 8 for evacuation
[2023-04-18T03:56:24.302-0400][gc,phases   ] GC(1109)   Pre Evacuate Collection Set: 0.5ms
[2023-04-18T03:56:24.302-0400][gc,phases   ] GC(1109)   Merge Heap Roots: 0.1ms
[2023-04-18T03:56:24.302-0400][gc,phases   ] GC(1109)   Evacuate Collection Set: 12.3ms
[2023-04-18T03:56:24.302-0400][gc,phases   ] GC(1109)   Post Evacuate Collection Set: 0.3ms
[2023-04-18T03:56:24.302-0400][gc,phases   ] GC(1109)   Other: 0.1ms
[2023-04-18T03:56:24.302-0400][gc,heap     ] GC(1109) Eden regions: 91->0(80)
[2023-04-18T03:56:24.302-0400][gc,heap     ] GC(1109) Survivor regions: 6->7(13)
[2023-04-18T03:56:24.302-0400][gc,heap     ] GC(1109) Old regions: 135->135
[2023-04-18T03:56:24.302-0400][gc,heap     ] GC(1109) Archive regions: 2->2
[2023-04-18T03:56:24.302-0400][gc,heap     ] GC(1109) Humongous regions: 129->129
[2023-04-18T03:56:24.302-0400][gc,metaspace] GC(1109) Metaspace: 44232K(44928K)->44232K(44928K) NonClass: 39137K(39488K)->39137K(39488K) Class: 5095K(5440K)->5095K(5440K)
[2023-04-18T03:56:24.302-0400][gc          ] GC(1109) Pause Young (Normal) (G1 Evacuation Pause) 361M->271M(1024M) 13.791ms
[2023-04-18T03:56:24.302-0400][gc,cpu      ] GC(1109) User=0.03s Sys=0.03s Real=0.02s
[2023-04-18T03:57:11.215-0400][gc,start    ] GC(1110) Pause Young (Normal) (G1 Evacuation Pause)
[2023-04-18T03:57:11.215-0400][gc,task     ] GC(1110) Using 8 workers of 8 for evacuation
[2023-04-18T03:57:11.223-0400][gc,phases   ] GC(1110)   Pre Evacuate Collection Set: 0.1ms
[2023-04-18T03:57:11.223-0400][gc,phases   ] GC(1110)   Merge Heap Roots: 0.1ms
[2023-04-18T03:57:11.223-0400][gc,phases   ] GC(1110)   Evacuate Collection Set: 7.5ms
[2023-04-18T03:57:11.223-0400][gc,phases   ] GC(1110)   Post Evacuate Collection Set: 0.3ms
[2023-04-18T03:57:11.223-0400][gc,phases   ] GC(1110)   Other: 0.1ms
[2023-04-18T03:57:11.223-0400][gc,heap     ] GC(1110) Eden regions: 80->0(138)
[2023-04-18T03:57:11.223-0400][gc,heap     ] GC(1110) Survivor regions: 7->7(11)
[2023-04-18T03:57:11.223-0400][gc,heap     ] GC(1110) Old regions: 135->136
[2023-04-18T03:57:11.223-0400][gc,heap     ] GC(1110) Archive regions: 2->2
[2023-04-18T03:57:11.223-0400][gc,heap     ] GC(1110) Humongous regions: 129->129
[2023-04-18T03:57:11.223-0400][gc,metaspace] GC(1110) Metaspace: 44232K(44928K)->44232K(44928K) NonClass: 39137K(39488K)->39137K(39488K) Class: 5095K(5440K)->5095K(5440K)
[2023-04-18T03:57:11.224-0400][gc          ] GC(1110) Pause Young (Normal) (G1 Evacuation Pause) 351M->272M(1024M) 8.618ms
[2023-04-18T03:57:11.224-0400][gc,cpu      ] GC(1110) User=0.03s Sys=0.01s Real=0.01s
[2023-04-18T03:58:32.194-0400][gc,start    ] GC(1111) Pause Young (Normal) (G1 Evacuation Pause)
[2023-04-18T03:58:32.195-0400][gc,task     ] GC(1111) Using 8 workers of 8 for evacuation
[2023-04-18T03:58:32.219-0400][gc,mmu      ] GC(1111) MMU target violated: 21.0ms (20.0ms/21.0ms)
[2023-04-18T03:58:32.219-0400][gc,phases   ] GC(1111)   Pre Evacuate Collection Set: 0.2ms
[2023-04-18T03:58:32.219-0400][gc,phases   ] GC(1111)   Merge Heap Roots: 0.1ms
[2023-04-18T03:58:32.219-0400][gc,phases   ] GC(1111)   Evacuate Collection Set: 23.7ms
[2023-04-18T03:58:32.219-0400][gc,phases   ] GC(1111)   Post Evacuate Collection Set: 0.3ms
[2023-04-18T03:58:32.219-0400][gc,phases   ] GC(1111)   Other: 0.1ms
[2023-04-18T03:58:32.219-0400][gc,heap     ] GC(1111) Eden regions: 138->0(42)
[2023-04-18T03:58:32.219-0400][gc,heap     ] GC(1111) Survivor regions: 7->9(19)
[2023-04-18T03:58:32.219-0400][gc,heap     ] GC(1111) Old regions: 136->136
[2023-04-18T03:58:32.219-0400][gc,heap     ] GC(1111) Archive regions: 2->2
[2023-04-18T03:58:32.219-0400][gc,heap     ] GC(1111) Humongous regions: 129->129
[2023-04-18T03:58:32.220-0400][gc,metaspace] GC(1111) Metaspace: 44232K(44928K)->44232K(44928K) NonClass: 39137K(39488K)->39137K(39488K) Class: 5095K(5440K)->5095K(5440K)
[2023-04-18T03:58:32.220-0400][gc          ] GC(1111) Pause Young (Normal) (G1 Evacuation Pause) 410M->274M(1024M) 25.526ms
[2023-04-18T03:58:32.220-0400][gc,cpu      ] GC(1111) User=0.04s Sys=0.06s Real=0.03s
[2023-04-18T03:58:56.221-0400][gc,start    ] GC(1112) Pause Young (Normal) (G1 Evacuation Pause)
[2023-04-18T03:58:56.221-0400][gc,task     ] GC(1112) Using 8 workers of 8 for evacuation
[2023-04-18T03:58:56.252-0400][gc,mmu      ] GC(1112) MMU target violated: 21.0ms (20.0ms/21.0ms)
[2023-04-18T03:58:56.252-0400][gc,phases   ] GC(1112)   Pre Evacuate Collection Set: 0.1ms
[2023-04-18T03:58:56.252-0400][gc,phases   ] GC(1112)   Merge Heap Roots: 0.1ms
[2023-04-18T03:58:56.252-0400][gc,phases   ] GC(1112)   Evacuate Collection Set: 30.4ms
[2023-04-18T03:58:56.252-0400][gc,phases   ] GC(1112)   Post Evacuate Collection Set: 0.3ms
[2023-04-18T03:58:56.252-0400][gc,phases   ] GC(1112)   Other: 0.2ms
[2023-04-18T03:58:56.252-0400][gc,heap     ] GC(1112) Eden regions: 42->0(101)
[2023-04-18T03:58:56.252-0400][gc,heap     ] GC(1112) Survivor regions: 9->5(7)
[2023-04-18T03:58:56.252-0400][gc,heap     ] GC(1112) Old regions: 136->141
[2023-04-18T03:58:56.252-0400][gc,heap     ] GC(1112) Archive regions: 2->2
[2023-04-18T03:58:56.252-0400][gc,heap     ] GC(1112) Humongous regions: 129->129
[2023-04-18T03:58:56.252-0400][gc,metaspace] GC(1112) Metaspace: 44232K(44928K)->44232K(44928K) NonClass: 39137K(39488K)->39137K(39488K) Class: 5095K(5440K)->5095K(5440K)
[2023-04-18T03:58:56.252-0400][gc          ] GC(1112) Pause Young (Normal) (G1 Evacuation Pause) 316M->275M(1024M) 31.379ms
[2023-04-18T03:58:56.252-0400][gc,cpu      ] GC(1112) User=0.04s Sys=0.05s Real=0.03s
[2023-04-18T03:59:55.859-0400][gc,start    ] GC(1113) Pause Young (Normal) (G1 Evacuation Pause)
[2023-04-18T03:59:55.860-0400][gc,task     ] GC(1113) Using 8 workers of 8 for evacuation
[2023-04-18T03:59:55.864-0400][gc,phases   ] GC(1113)   Pre Evacuate Collection Set: 0.1ms
[2023-04-18T03:59:55.864-0400][gc,phases   ] GC(1113)   Merge Heap Roots: 0.1ms
[2023-04-18T03:59:55.864-0400][gc,phases   ] GC(1113)   Evacuate Collection Set: 3.4ms
[2023-04-18T03:59:55.864-0400][gc,phases   ] GC(1113)   Post Evacuate Collection Set: 0.3ms
[2023-04-18T03:59:55.864-0400][gc,phases   ] GC(1113)   Other: 0.1ms
[2023-04-18T03:59:55.864-0400][gc,heap     ] GC(1113) Eden regions: 101->0(128)
[2023-04-18T03:59:55.864-0400][gc,heap     ] GC(1113) Survivor regions: 5->6(14)
[2023-04-18T03:59:55.864-0400][gc,heap     ] GC(1113) Old regions: 141->141
[2023-04-18T03:59:55.864-0400][gc,heap     ] GC(1113) Archive regions: 2->2
[2023-04-18T03:59:55.864-0400][gc,heap     ] GC(1113) Humongous regions: 129->129
[2023-04-18T03:59:55.864-0400][gc,metaspace] GC(1113) Metaspace: 44232K(44928K)->44232K(44928K) NonClass: 39137K(39488K)->39137K(39488K) Class: 5095K(5440K)->5095K(5440K)
[2023-04-18T03:59:55.864-0400][gc          ] GC(1113) Pause Young (Normal) (G1 Evacuation Pause) 376M->276M(1024M) 4.790ms
[2023-04-18T03:59:55.864-0400][gc,cpu      ] GC(1113) User=0.02s Sys=0.00s Real=0.01s
[2023-04-18T04:01:10.651-0400][gc,start    ] GC(1114) Pause Young (Normal) (G1 Evacuation Pause)
[2023-04-18T04:01:10.652-0400][gc,task     ] GC(1114) Using 8 workers of 8 for evacuation
[2023-04-18T04:01:10.657-0400][gc,phases   ] GC(1114)   Pre Evacuate Collection Set: 0.1ms
[2023-04-18T04:01:10.657-0400][gc,phases   ] GC(1114)   Merge Heap Roots: 0.1ms
[2023-04-18T04:01:10.657-0400][gc,phases   ] GC(1114)   Evacuate Collection Set: 4.6ms
[2023-04-18T04:01:10.657-0400][gc,phases   ] GC(1114)   Post Evacuate Collection Set: 0.3ms
[2023-04-18T04:01:10.657-0400][gc,phases   ] GC(1114)   Other: 0.1ms
[2023-04-18T04:01:10.657-0400][gc,heap     ] GC(1114) Eden regions: 128->0(124)
[2023-04-18T04:01:10.657-0400][gc,heap     ] GC(1114) Survivor regions: 6->8(17)
[2023-04-18T04:01:10.657-0400][gc,heap     ] GC(1114) Old regions: 141->141
[2023-04-18T04:01:10.657-0400][gc,heap     ] GC(1114) Archive regions: 2->2
[2023-04-18T04:01:10.657-0400][gc,heap     ] GC(1114) Humongous regions: 129->129
[2023-04-18T04:01:10.657-0400][gc,metaspace] GC(1114) Metaspace: 44232K(44928K)->44232K(44928K) NonClass: 39137K(39488K)->39137K(39488K) Class: 5095K(5440K)->5095K(5440K)
[2023-04-18T04:01:10.657-0400][gc          ] GC(1114) Pause Young (Normal) (G1 Evacuation Pause) 404M->278M(1024M) 5.950ms
[2023-04-18T04:01:10.657-0400][gc,cpu      ] GC(1114) User=0.04s Sys=0.00s Real=0.00s
[2023-04-18T04:02:23.799-0400][gc,start    ] GC(1115) Pause Young (Normal) (G1 Evacuation Pause)
[2023-04-18T04:02:23.800-0400][gc,task     ] GC(1115) Using 8 workers of 8 for evacuation
[2023-04-18T04:02:23.805-0400][gc,phases   ] GC(1115)   Pre Evacuate Collection Set: 0.1ms
[2023-04-18T04:02:23.805-0400][gc,phases   ] GC(1115)   Merge Heap Roots: 0.1ms
[2023-04-18T04:02:23.805-0400][gc,phases   ] GC(1115)   Evacuate Collection Set: 5.1ms
[2023-04-18T04:02:23.805-0400][gc,phases   ] GC(1115)   Post Evacuate Collection Set: 0.3ms
[2023-04-18T04:02:23.805-0400][gc,phases   ] GC(1115)   Other: 0.1ms
[2023-04-18T04:02:23.806-0400][gc,heap     ] GC(1115) Eden regions: 124->0(139)
[2023-04-18T04:02:23.806-0400][gc,heap     ] GC(1115) Survivor regions: 8->10(17)
[2023-04-18T04:02:23.806-0400][gc,heap     ] GC(1115) Old regions: 141->141
[2023-04-18T04:02:23.806-0400][gc,heap     ] GC(1115) Archive regions: 2->2
[2023-04-18T04:02:23.806-0400][gc,heap     ] GC(1115) Humongous regions: 129->129
[2023-04-18T04:02:23.806-0400][gc,metaspace] GC(1115) Metaspace: 44232K(44928K)->44232K(44928K) NonClass: 39137K(39488K)->39137K(39488K) Class: 5095K(5440K)->5095K(5440K)
[2023-04-18T04:02:23.806-0400][gc          ] GC(1115) Pause Young (Normal) (G1 Evacuation Pause) 402M->280M(1024M) 6.535ms
[2023-04-18T04:02:23.806-0400][gc,cpu      ] GC(1115) User=0.04s Sys=0.00s Real=0.01s
[2023-04-18T04:03:46.644-0400][gc,start    ] GC(1116) Pause Young (Normal) (G1 Evacuation Pause)
[2023-04-18T04:03:46.645-0400][gc,task     ] GC(1116) Using 8 workers of 8 for evacuation
[2023-04-18T04:03:46.663-0400][gc,phases   ] GC(1116)   Pre Evacuate Collection Set: 0.1ms
[2023-04-18T04:03:46.663-0400][gc,phases   ] GC(1116)   Merge Heap Roots: 0.1ms
[2023-04-18T04:03:46.663-0400][gc,phases   ] GC(1116)   Evacuate Collection Set: 16.6ms
[2023-04-18T04:03:46.663-0400][gc,phases   ] GC(1116)   Post Evacuate Collection Set: 0.8ms
[2023-04-18T04:03:46.663-0400][gc,phases   ] GC(1116)   Other: 0.1ms
[2023-04-18T04:03:46.663-0400][gc,heap     ] GC(1116) Eden regions: 139->0(83)
[2023-04-18T04:03:46.663-0400][gc,heap     ] GC(1116) Survivor regions: 10->11(19)
[2023-04-18T04:03:46.663-0400][gc,heap     ] GC(1116) Old regions: 141->141
[2023-04-18T04:03:46.663-0400][gc,heap     ] GC(1116) Archive regions: 2->2
[2023-04-18T04:03:46.663-0400][gc,heap     ] GC(1116) Humongous regions: 129->129
[2023-04-18T04:03:46.663-0400][gc,metaspace] GC(1116) Metaspace: 44232K(44928K)->44232K(44928K) NonClass: 39137K(39488K)->39137K(39488K) Class: 5095K(5440K)->5095K(5440K)
[2023-04-18T04:03:46.663-0400][gc          ] GC(1116) Pause Young (Normal) (G1 Evacuation Pause) 419M->281M(1024M) 18.538ms
[2023-04-18T04:03:46.663-0400][gc,cpu      ] GC(1116) User=0.05s Sys=0.05s Real=0.02s
[2023-04-18T04:04:36.317-0400][gc,start    ] GC(1117) Pause Young (Normal) (G1 Evacuation Pause)
[2023-04-18T04:04:36.317-0400][gc,task     ] GC(1117) Using 8 workers of 8 for evacuation
[2023-04-18T04:04:36.347-0400][gc,mmu      ] GC(1117) MMU target violated: 21.0ms (20.0ms/21.0ms)
[2023-04-18T04:04:36.347-0400][gc,phases   ] GC(1117)   Pre Evacuate Collection Set: 0.1ms
[2023-04-18T04:04:36.347-0400][gc,phases   ] GC(1117)   Merge Heap Roots: 0.1ms
[2023-04-18T04:04:36.347-0400][gc,phases   ] GC(1117)   Evacuate Collection Set: 29.1ms
[2023-04-18T04:04:36.347-0400][gc,phases   ] GC(1117)   Post Evacuate Collection Set: 0.3ms
[2023-04-18T04:04:36.347-0400][gc,phases   ] GC(1117)   Other: 0.2ms
[2023-04-18T04:04:36.347-0400][gc,heap     ] GC(1117) Eden regions: 83->0(124)
[2023-04-18T04:04:36.347-0400][gc,heap     ] GC(1117) Survivor regions: 11->8(12)
[2023-04-18T04:04:36.347-0400][gc,heap     ] GC(1117) Old regions: 141->145
[2023-04-18T04:04:36.347-0400][gc,heap     ] GC(1117) Archive regions: 2->2
[2023-04-18T04:04:36.347-0400][gc,heap     ] GC(1117) Humongous regions: 129->129
[2023-04-18T04:04:36.347-0400][gc,metaspace] GC(1117) Metaspace: 44232K(44928K)->44232K(44928K) NonClass: 39137K(39488K)->39137K(39488K) Class: 5095K(5440K)->5095K(5440K)
[2023-04-18T04:04:36.347-0400][gc          ] GC(1117) Pause Young (Normal) (G1 Evacuation Pause) 364M->282M(1024M) 30.202ms
[2023-04-18T04:04:36.347-0400][gc,cpu      ] GC(1117) User=0.05s Sys=0.04s Real=0.03s
[2023-04-18T04:05:49.982-0400][gc,start    ] GC(1118) Pause Young (Normal) (G1 Evacuation Pause)
[2023-04-18T04:05:49.982-0400][gc,task     ] GC(1118) Using 8 workers of 8 for evacuation
[2023-04-18T04:05:49.987-0400][gc,phases   ] GC(1118)   Pre Evacuate Collection Set: 0.1ms
[2023-04-18T04:05:49.987-0400][gc,phases   ] GC(1118)   Merge Heap Roots: 0.1ms
[2023-04-18T04:05:49.987-0400][gc,phases   ] GC(1118)   Evacuate Collection Set: 4.7ms
[2023-04-18T04:05:49.987-0400][gc,phases   ] GC(1118)   Post Evacuate Collection Set: 0.3ms
[2023-04-18T04:05:49.987-0400][gc,phases   ] GC(1118)   Other: 0.1ms
[2023-04-18T04:05:49.987-0400][gc,heap     ] GC(1118) Eden regions: 124->0(271)
[2023-04-18T04:05:49.987-0400][gc,heap     ] GC(1118) Survivor regions: 8->8(17)
[2023-04-18T04:05:49.987-0400][gc,heap     ] GC(1118) Old regions: 145->145
[2023-04-18T04:05:49.987-0400][gc,heap     ] GC(1118) Archive regions: 2->2
[2023-04-18T04:05:49.987-0400][gc,heap     ] GC(1118) Humongous regions: 129->129
[2023-04-18T04:05:49.987-0400][gc,metaspace] GC(1118) Metaspace: 44232K(44928K)->44232K(44928K) NonClass: 39137K(39488K)->39137K(39488K) Class: 5095K(5440K)->5095K(5440K)
[2023-04-18T04:05:49.987-0400][gc          ] GC(1118) Pause Young (Normal) (G1 Evacuation Pause) 406M->282M(1024M) 5.711ms
[2023-04-18T04:05:49.987-0400][gc,cpu      ] GC(1118) User=0.03s Sys=0.01s Real=0.00s
[2023-04-18T04:08:33.654-0400][gc,start    ] GC(1119) Pause Young (Normal) (G1 Evacuation Pause)
[2023-04-18T04:08:33.655-0400][gc,task     ] GC(1119) Using 8 workers of 8 for evacuation
[2023-04-18T04:08:33.693-0400][gc,mmu      ] GC(1119) MMU target violated: 21.0ms (20.0ms/21.0ms)
[2023-04-18T04:08:33.693-0400][gc,phases   ] GC(1119)   Pre Evacuate Collection Set: 1.9ms
[2023-04-18T04:08:33.693-0400][gc,phases   ] GC(1119)   Merge Heap Roots: 0.1ms
[2023-04-18T04:08:33.693-0400][gc,phases   ] GC(1119)   Evacuate Collection Set: 34.9ms
[2023-04-18T04:08:33.693-0400][gc,phases   ] GC(1119)   Post Evacuate Collection Set: 1.2ms
[2023-04-18T04:08:33.693-0400][gc,phases   ] GC(1119)   Other: 0.2ms
[2023-04-18T04:08:33.693-0400][gc,heap     ] GC(1119) Eden regions: 271->0(40)
[2023-04-18T04:08:33.693-0400][gc,heap     ] GC(1119) Survivor regions: 8->11(35)
[2023-04-18T04:08:33.693-0400][gc,heap     ] GC(1119) Old regions: 145->145
[2023-04-18T04:08:33.693-0400][gc,heap     ] GC(1119) Archive regions: 2->2
[2023-04-18T04:08:33.693-0400][gc,heap     ] GC(1119) Humongous regions: 129->129
[2023-04-18T04:08:33.693-0400][gc,metaspace] GC(1119) Metaspace: 44232K(44928K)->44232K(44928K) NonClass: 39137K(39488K)->39137K(39488K) Class: 5095K(5440K)->5095K(5440K)
[2023-04-18T04:08:33.693-0400][gc          ] GC(1119) Pause Young (Normal) (G1 Evacuation Pause) 553M->285M(1024M) 39.308ms
[2023-04-18T04:08:33.693-0400][gc,cpu      ] GC(1119) User=0.05s Sys=0.09s Real=0.04s
[2023-04-18T04:08:56.476-0400][gc,start    ] GC(1120) Pause Young (Normal) (G1 Evacuation Pause)
[2023-04-18T04:08:56.476-0400][gc,task     ] GC(1120) Using 8 workers of 8 for evacuation
[2023-04-18T04:08:56.511-0400][gc,mmu      ] GC(1120) MMU target violated: 21.0ms (20.0ms/21.0ms)
[2023-04-18T04:08:56.511-0400][gc,phases   ] GC(1120)   Pre Evacuate Collection Set: 0.1ms
[2023-04-18T04:08:56.511-0400][gc,phases   ] GC(1120)   Merge Heap Roots: 0.1ms
[2023-04-18T04:08:56.511-0400][gc,phases   ] GC(1120)   Evacuate Collection Set: 33.9ms
[2023-04-18T04:08:56.511-0400][gc,phases   ] GC(1120)   Post Evacuate Collection Set: 0.3ms
[2023-04-18T04:08:56.511-0400][gc,phases   ] GC(1120)   Other: 0.6ms
[2023-04-18T04:08:56.511-0400][gc,heap     ] GC(1120) Eden regions: 40->0(235)
[2023-04-18T04:08:56.511-0400][gc,heap     ] GC(1120) Survivor regions: 11->4(7)
[2023-04-18T04:08:56.511-0400][gc,heap     ] GC(1120) Old regions: 145->152
[2023-04-18T04:08:56.511-0400][gc,heap     ] GC(1120) Archive regions: 2->2
[2023-04-18T04:08:56.511-0400][gc,heap     ] GC(1120) Humongous regions: 129->129
[2023-04-18T04:08:56.511-0400][gc,metaspace] GC(1120) Metaspace: 44232K(44928K)->44232K(44928K) NonClass: 39137K(39488K)->39137K(39488K) Class: 5095K(5440K)->5095K(5440K)
[2023-04-18T04:08:56.511-0400][gc          ] GC(1120) Pause Young (Normal) (G1 Evacuation Pause) 325M->285M(1024M) 35.263ms
[2023-04-18T04:08:56.511-0400][gc,cpu      ] GC(1120) User=0.05s Sys=0.06s Real=0.04s
[2023-04-18T04:11:23.266-0400][gc,start    ] GC(1121) Pause Young (Normal) (G1 Evacuation Pause)
[2023-04-18T04:11:23.286-0400][gc,task     ] GC(1121) Using 8 workers of 8 for evacuation
[2023-04-18T04:11:23.294-0400][gc,phases   ] GC(1121)   Pre Evacuate Collection Set: 0.2ms
[2023-04-18T04:11:23.294-0400][gc,phases   ] GC(1121)   Merge Heap Roots: 0.1ms
[2023-04-18T04:11:23.294-0400][gc,phases   ] GC(1121)   Evacuate Collection Set: 6.5ms
[2023-04-18T04:11:23.294-0400][gc,phases   ] GC(1121)   Post Evacuate Collection Set: 0.4ms
[2023-04-18T04:11:23.295-0400][gc,phases   ] GC(1121)   Other: 0.8ms
[2023-04-18T04:11:23.295-0400][gc,heap     ] GC(1121) Eden regions: 235->0(43)
[2023-04-18T04:11:23.295-0400][gc,heap     ] GC(1121) Survivor regions: 4->8(30)
[2023-04-18T04:11:23.295-0400][gc,heap     ] GC(1121) Old regions: 152->152
[2023-04-18T04:11:23.295-0400][gc,heap     ] GC(1121) Archive regions: 2->2
[2023-04-18T04:11:23.295-0400][gc,heap     ] GC(1121) Humongous regions: 129->129
[2023-04-18T04:11:23.295-0400][gc,metaspace] GC(1121) Metaspace: 44232K(44928K)->44232K(44928K) NonClass: 39137K(39488K)->39137K(39488K) Class: 5095K(5440K)->5095K(5440K)
[2023-04-18T04:11:23.295-0400][gc          ] GC(1121) Pause Young (Normal) (G1 Evacuation Pause) 520M->288M(1024M) 28.510ms
[2023-04-18T04:11:23.295-0400][gc,cpu      ] GC(1121) User=0.05s Sys=0.01s Real=0.03s
[2023-04-18T04:11:50.816-0400][gc,start    ] GC(1122) Pause Young (Normal) (G1 Evacuation Pause)
[2023-04-18T04:11:50.816-0400][gc,task     ] GC(1122) Using 8 workers of 8 for evacuation
[2023-04-18T04:11:50.842-0400][gc,mmu      ] GC(1122) MMU target violated: 21.0ms (20.0ms/21.0ms)
[2023-04-18T04:11:50.842-0400][gc,phases   ] GC(1122)   Pre Evacuate Collection Set: 0.1ms
[2023-04-18T04:11:50.842-0400][gc,phases   ] GC(1122)   Merge Heap Roots: 0.1ms
[2023-04-18T04:11:50.843-0400][gc,phases   ] GC(1122)   Evacuate Collection Set: 25.5ms
[2023-04-18T04:11:50.843-0400][gc,phases   ] GC(1122)   Post Evacuate Collection Set: 0.3ms
[2023-04-18T04:11:50.843-0400][gc,phases   ] GC(1122)   Other: 0.2ms
[2023-04-18T04:11:50.843-0400][gc,heap     ] GC(1122) Eden regions: 43->0(368)
[2023-04-18T04:11:50.843-0400][gc,heap     ] GC(1122) Survivor regions: 8->2(7)
[2023-04-18T04:11:50.843-0400][gc,heap     ] GC(1122) Old regions: 152->159
[2023-04-18T04:11:50.843-0400][gc,heap     ] GC(1122) Archive regions: 2->2
[2023-04-18T04:11:50.843-0400][gc,heap     ] GC(1122) Humongous regions: 129->129
[2023-04-18T04:11:50.843-0400][gc,metaspace] GC(1122) Metaspace: 44232K(44928K)->44232K(44928K) NonClass: 39137K(39488K)->39137K(39488K) Class: 5095K(5440K)->5095K(5440K)
[2023-04-18T04:11:50.843-0400][gc          ] GC(1122) Pause Young (Normal) (G1 Evacuation Pause) 331M->289M(1024M) 26.796ms
[2023-04-18T04:11:50.843-0400][gc,cpu      ] GC(1122) User=0.05s Sys=0.05s Real=0.03s
[2023-04-18T04:15:53.345-0400][gc,start    ] GC(1123) Pause Young (Normal) (G1 Evacuation Pause)
[2023-04-18T04:15:53.346-0400][gc,task     ] GC(1123) Using 8 workers of 8 for evacuation
[2023-04-18T04:15:53.384-0400][gc,mmu      ] GC(1123) MMU target violated: 21.0ms (20.0ms/21.0ms)
[2023-04-18T04:15:53.384-0400][gc,phases   ] GC(1123)   Pre Evacuate Collection Set: 4.4ms
[2023-04-18T04:15:53.384-0400][gc,phases   ] GC(1123)   Merge Heap Roots: 0.1ms
[2023-04-18T04:15:53.384-0400][gc,phases   ] GC(1123)   Evacuate Collection Set: 30.4ms
[2023-04-18T04:15:53.384-0400][gc,phases   ] GC(1123)   Post Evacuate Collection Set: 2.4ms
[2023-04-18T04:15:53.384-0400][gc,phases   ] GC(1123)   Other: 0.2ms
[2023-04-18T04:15:53.384-0400][gc,heap     ] GC(1123) Eden regions: 368->0(45)
[2023-04-18T04:15:53.384-0400][gc,heap     ] GC(1123) Survivor regions: 2->6(47)
[2023-04-18T04:15:53.384-0400][gc,heap     ] GC(1123) Old regions: 159->159
[2023-04-18T04:15:53.384-0400][gc,heap     ] GC(1123) Archive regions: 2->2
[2023-04-18T04:15:53.384-0400][gc,heap     ] GC(1123) Humongous regions: 129->129
[2023-04-18T04:15:53.384-0400][gc,metaspace] GC(1123) Metaspace: 44232K(44928K)->44232K(44928K) NonClass: 39137K(39488K)->39137K(39488K) Class: 5095K(5440K)->5095K(5440K)
[2023-04-18T04:15:53.384-0400][gc          ] GC(1123) Pause Young (Normal) (G1 Evacuation Pause) 657M->293M(1024M) 38.913ms
[2023-04-18T04:15:53.384-0400][gc,cpu      ] GC(1123) User=0.05s Sys=0.09s Real=0.04s
[2023-04-18T04:16:21.902-0400][gc,start    ] GC(1124) Pause Young (Concurrent Start) (G1 Evacuation Pause)
[2023-04-18T04:16:21.902-0400][gc,task     ] GC(1124) Using 8 workers of 8 for evacuation
[2023-04-18T04:16:21.934-0400][gc,mmu      ] GC(1124) MMU target violated: 21.0ms (20.0ms/21.0ms)
[2023-04-18T04:16:21.934-0400][gc,phases   ] GC(1124)   Pre Evacuate Collection Set: 2.9ms
[2023-04-18T04:16:21.934-0400][gc,phases   ] GC(1124)   Merge Heap Roots: 0.1ms
[2023-04-18T04:16:21.934-0400][gc,phases   ] GC(1124)   Evacuate Collection Set: 27.9ms
[2023-04-18T04:16:21.934-0400][gc,phases   ] GC(1124)   Post Evacuate Collection Set: 0.4ms
[2023-04-18T04:16:21.934-0400][gc,phases   ] GC(1124)   Other: 0.3ms
[2023-04-18T04:16:21.934-0400][gc,heap     ] GC(1124) Eden regions: 45->0(160)
[2023-04-18T04:16:21.934-0400][gc,heap     ] GC(1124) Survivor regions: 6->2(7)
[2023-04-18T04:16:21.934-0400][gc,heap     ] GC(1124) Old regions: 159->164
[2023-04-18T04:16:21.934-0400][gc,heap     ] GC(1124) Archive regions: 2->2
[2023-04-18T04:16:21.934-0400][gc,heap     ] GC(1124) Humongous regions: 129->129
[2023-04-18T04:16:21.934-0400][gc,metaspace] GC(1124) Metaspace: 44232K(44928K)->44232K(44928K) NonClass: 39137K(39488K)->39137K(39488K) Class: 5095K(5440K)->5095K(5440K)
[2023-04-18T04:16:21.934-0400][gc          ] GC(1124) Pause Young (Concurrent Start) (G1 Evacuation Pause) 338M->294M(1024M) 32.464ms
[2023-04-18T04:16:21.934-0400][gc,cpu      ] GC(1124) User=0.04s Sys=0.08s Real=0.03s
[2023-04-18T04:16:21.934-0400][gc          ] GC(1125) Concurrent Mark Cycle
[2023-04-18T04:16:21.934-0400][gc,marking  ] GC(1125) Concurrent Clear Claimed Marks
[2023-04-18T04:16:21.934-0400][gc,marking  ] GC(1125) Concurrent Clear Claimed Marks 0.058ms
[2023-04-18T04:16:21.934-0400][gc,marking  ] GC(1125) Concurrent Scan Root Regions
[2023-04-18T04:16:21.943-0400][gc,marking  ] GC(1125) Concurrent Scan Root Regions 8.603ms
[2023-04-18T04:16:21.943-0400][gc,marking  ] GC(1125) Concurrent Mark
[2023-04-18T04:16:21.943-0400][gc,marking  ] GC(1125) Concurrent Mark From Roots
[2023-04-18T04:16:21.943-0400][gc,task     ] GC(1125) Using 2 workers of 2 for marking
[2023-04-18T04:16:22.015-0400][gc,marking  ] GC(1125) Concurrent Mark From Roots 71.973ms
[2023-04-18T04:16:22.034-0400][gc,marking  ] GC(1125) Concurrent Preclean
[2023-04-18T04:16:22.034-0400][gc,marking  ] GC(1125) Concurrent Preclean 0.357ms
[2023-04-18T04:16:22.035-0400][gc,start    ] GC(1125) Pause Remark
[2023-04-18T04:16:22.149-0400][gc,mmu      ] GC(1125) MMU target violated: 21.0ms (20.0ms/21.0ms)
[2023-04-18T04:16:22.149-0400][gc          ] GC(1125) Pause Remark 295M->246M(1024M) 114.243ms
[2023-04-18T04:16:22.149-0400][gc,cpu      ] GC(1125) User=0.05s Sys=0.25s Real=0.11s
[2023-04-18T04:16:22.149-0400][gc,marking  ] GC(1125) Concurrent Mark 206.335ms
[2023-04-18T04:16:22.150-0400][gc,marking  ] GC(1125) Concurrent Rebuild Remembered Sets
[2023-04-18T04:16:22.180-0400][gc,marking  ] GC(1125) Concurrent Rebuild Remembered Sets 30.085ms
[2023-04-18T04:16:22.180-0400][gc,start    ] GC(1125) Pause Cleanup
[2023-04-18T04:16:22.180-0400][gc          ] GC(1125) Pause Cleanup 246M->246M(1024M) 0.409ms
[2023-04-18T04:16:22.180-0400][gc,cpu      ] GC(1125) User=0.00s Sys=0.00s Real=0.00s
[2023-04-18T04:16:22.180-0400][gc,marking  ] GC(1125) Concurrent Cleanup for Next Mark
[2023-04-18T04:16:22.191-0400][gc,marking  ] GC(1125) Concurrent Cleanup for Next Mark 10.696ms
[2023-04-18T04:16:22.191-0400][gc          ] GC(1125) Concurrent Mark Cycle 256.830ms
[2023-04-18T04:18:21.797-0400][gc,start    ] GC(1126) Pause Young (Prepare Mixed) (G1 Evacuation Pause)
[2023-04-18T04:18:21.797-0400][gc,task     ] GC(1126) Using 8 workers of 8 for evacuation
[2023-04-18T04:18:21.802-0400][gc,phases   ] GC(1126)   Pre Evacuate Collection Set: 0.1ms
[2023-04-18T04:18:21.802-0400][gc,phases   ] GC(1126)   Merge Heap Roots: 0.1ms
[2023-04-18T04:18:21.802-0400][gc,phases   ] GC(1126)   Evacuate Collection Set: 3.5ms
[2023-04-18T04:18:21.802-0400][gc,phases   ] GC(1126)   Post Evacuate Collection Set: 0.9ms
[2023-04-18T04:18:21.802-0400][gc,phases   ] GC(1126)   Other: 0.1ms
[2023-04-18T04:18:21.802-0400][gc,heap     ] GC(1126) Eden regions: 182->0(47)
[2023-04-18T04:18:21.802-0400][gc,heap     ] GC(1126) Survivor regions: 2->4(23)
[2023-04-18T04:18:21.802-0400][gc,heap     ] GC(1126) Old regions: 115->115
[2023-04-18T04:18:21.802-0400][gc,heap     ] GC(1126) Archive regions: 2->2
[2023-04-18T04:18:21.802-0400][gc,heap     ] GC(1126) Humongous regions: 129->129
[2023-04-18T04:18:21.802-0400][gc,metaspace] GC(1126) Metaspace: 44232K(44928K)->44232K(44928K) NonClass: 39137K(39488K)->39137K(39488K) Class: 5095K(5440K)->5095K(5440K)
[2023-04-18T04:18:21.802-0400][gc          ] GC(1126) Pause Young (Prepare Mixed) (G1 Evacuation Pause) 427M->248M(1024M) 5.576ms
[2023-04-18T04:18:21.802-0400][gc,cpu      ] GC(1126) User=0.02s Sys=0.00s Real=0.01s
[2023-04-18T04:18:52.505-0400][gc,start    ] GC(1127) Pause Young (Mixed) (G1 Evacuation Pause)
[2023-04-18T04:18:52.515-0400][gc,task     ] GC(1127) Using 8 workers of 8 for evacuation
[2023-04-18T04:18:52.526-0400][gc,phases   ] GC(1127)   Pre Evacuate Collection Set: 0.2ms
[2023-04-18T04:18:52.526-0400][gc,phases   ] GC(1127)   Merge Heap Roots: 0.4ms
[2023-04-18T04:18:52.526-0400][gc,phases   ] GC(1127)   Evacuate Collection Set: 7.2ms
[2023-04-18T04:18:52.526-0400][gc,phases   ] GC(1127)   Post Evacuate Collection Set: 1.5ms
[2023-04-18T04:18:52.526-0400][gc,phases   ] GC(1127)   Other: 1.4ms
[2023-04-18T04:18:52.526-0400][gc,heap     ] GC(1127) Eden regions: 47->0(96)
[2023-04-18T04:18:52.526-0400][gc,heap     ] GC(1127) Survivor regions: 4->5(7)
[2023-04-18T04:18:52.526-0400][gc,heap     ] GC(1127) Old regions: 115->75
[2023-04-18T04:18:52.526-0400][gc,heap     ] GC(1127) Archive regions: 2->2
[2023-04-18T04:18:52.526-0400][gc,heap     ] GC(1127) Humongous regions: 129->129
[2023-04-18T04:18:52.526-0400][gc,metaspace] GC(1127) Metaspace: 44232K(44928K)->44232K(44928K) NonClass: 39137K(39488K)->39137K(39488K) Class: 5095K(5440K)->5095K(5440K)
[2023-04-18T04:18:52.526-0400][gc          ] GC(1127) Pause Young (Mixed) (G1 Evacuation Pause) 295M->208M(1024M) 21.218ms
[2023-04-18T04:18:52.526-0400][gc,cpu      ] GC(1127) User=0.04s Sys=0.01s Real=0.02s
[2023-04-18T04:19:58.010-0400][gc,start    ] GC(1128) Pause Young (Normal) (G1 Evacuation Pause)
[2023-04-18T04:19:58.010-0400][gc,task     ] GC(1128) Using 8 workers of 8 for evacuation
[2023-04-18T04:19:58.016-0400][gc,phases   ] GC(1128)   Pre Evacuate Collection Set: 0.2ms
[2023-04-18T04:19:58.016-0400][gc,phases   ] GC(1128)   Merge Heap Roots: 0.2ms
[2023-04-18T04:19:58.016-0400][gc,phases   ] GC(1128)   Evacuate Collection Set: 5.1ms
[2023-04-18T04:19:58.016-0400][gc,phases   ] GC(1128)   Post Evacuate Collection Set: 0.5ms
[2023-04-18T04:19:58.016-0400][gc,phases   ] GC(1128)   Other: 0.1ms
[2023-04-18T04:19:58.016-0400][gc,heap     ] GC(1128) Eden regions: 96->0(87)
[2023-04-18T04:19:58.016-0400][gc,heap     ] GC(1128) Survivor regions: 5->6(13)
[2023-04-18T04:19:58.016-0400][gc,heap     ] GC(1128) Old regions: 75->75
[2023-04-18T04:19:58.016-0400][gc,heap     ] GC(1128) Archive regions: 2->2
[2023-04-18T04:19:58.016-0400][gc,heap     ] GC(1128) Humongous regions: 129->129
[2023-04-18T04:19:58.016-0400][gc,metaspace] GC(1128) Metaspace: 44232K(44928K)->44232K(44928K) NonClass: 39137K(39488K)->39137K(39488K) Class: 5095K(5440K)->5095K(5440K)
[2023-04-18T04:19:58.016-0400][gc          ] GC(1128) Pause Young (Normal) (G1 Evacuation Pause) 304M->210M(1024M) 6.668ms
[2023-04-18T04:19:58.016-0400][gc,cpu      ] GC(1128) User=0.04s Sys=0.00s Real=0.00s
[2023-04-18T04:20:55.071-0400][gc,start    ] GC(1129) Pause Young (Normal) (G1 Evacuation Pause)
[2023-04-18T04:20:55.071-0400][gc,task     ] GC(1129) Using 8 workers of 8 for evacuation
[2023-04-18T04:20:55.077-0400][gc,phases   ] GC(1129)   Pre Evacuate Collection Set: 0.1ms
[2023-04-18T04:20:55.077-0400][gc,phases   ] GC(1129)   Merge Heap Roots: 0.1ms
[2023-04-18T04:20:55.077-0400][gc,phases   ] GC(1129)   Evacuate Collection Set: 5.1ms
[2023-04-18T04:20:55.077-0400][gc,phases   ] GC(1129)   Post Evacuate Collection Set: 0.3ms
[2023-04-18T04:20:55.077-0400][gc,phases   ] GC(1129)   Other: 0.1ms
[2023-04-18T04:20:55.077-0400][gc,heap     ] GC(1129) Eden regions: 87->0(68)
[2023-04-18T04:20:55.077-0400][gc,heap     ] GC(1129) Survivor regions: 6->8(12)
[2023-04-18T04:20:55.077-0400][gc,heap     ] GC(1129) Old regions: 75->75
[2023-04-18T04:20:55.077-0400][gc,heap     ] GC(1129) Archive regions: 2->2
[2023-04-18T04:20:55.077-0400][gc,heap     ] GC(1129) Humongous regions: 129->129
[2023-04-18T04:20:55.077-0400][gc,metaspace] GC(1129) Metaspace: 44233K(44928K)->44233K(44928K) NonClass: 39138K(39488K)->39138K(39488K) Class: 5095K(5440K)->5095K(5440K)
[2023-04-18T04:20:55.077-0400][gc          ] GC(1129) Pause Young (Normal) (G1 Evacuation Pause) 297M->211M(1024M) 6.291ms
[2023-04-18T04:20:55.077-0400][gc,cpu      ] GC(1129) User=0.04s Sys=0.00s Real=0.00s
[2023-04-18T04:21:39.354-0400][gc,start    ] GC(1130) Pause Young (Normal) (G1 Evacuation Pause)
[2023-04-18T04:21:39.354-0400][gc,task     ] GC(1130) Using 8 workers of 8 for evacuation
[2023-04-18T04:21:39.362-0400][gc,phases   ] GC(1130)   Pre Evacuate Collection Set: 0.1ms
[2023-04-18T04:21:39.362-0400][gc,phases   ] GC(1130)   Merge Heap Roots: 0.1ms
[2023-04-18T04:21:39.362-0400][gc,phases   ] GC(1130)   Evacuate Collection Set: 7.3ms
[2023-04-18T04:21:39.362-0400][gc,phases   ] GC(1130)   Post Evacuate Collection Set: 0.3ms
[2023-04-18T04:21:39.362-0400][gc,phases   ] GC(1130)   Other: 0.1ms
[2023-04-18T04:21:39.362-0400][gc,heap     ] GC(1130) Eden regions: 68->0(272)
[2023-04-18T04:21:39.362-0400][gc,heap     ] GC(1130) Survivor regions: 8->6(10)
[2023-04-18T04:21:39.362-0400][gc,heap     ] GC(1130) Old regions: 75->78
[2023-04-18T04:21:39.362-0400][gc,heap     ] GC(1130) Archive regions: 2->2
[2023-04-18T04:21:39.362-0400][gc,heap     ] GC(1130) Humongous regions: 129->129
[2023-04-18T04:21:39.362-0400][gc,metaspace] GC(1130) Metaspace: 44233K(44928K)->44233K(44928K) NonClass: 39138K(39488K)->39138K(39488K) Class: 5095K(5440K)->5095K(5440K)
[2023-04-18T04:21:39.362-0400][gc          ] GC(1130) Pause Young (Normal) (G1 Evacuation Pause) 279M->212M(1024M) 8.379ms
[2023-04-18T04:21:39.362-0400][gc,cpu      ] GC(1130) User=0.04s Sys=0.01s Real=0.01s
[2023-04-18T04:24:41.760-0400][gc,start    ] GC(1131) Pause Young (Normal) (G1 Evacuation Pause)
[2023-04-18T04:24:41.761-0400][gc,task     ] GC(1131) Using 8 workers of 8 for evacuation
[2023-04-18T04:24:41.768-0400][gc,phases   ] GC(1131)   Pre Evacuate Collection Set: 0.1ms
[2023-04-18T04:24:41.768-0400][gc,phases   ] GC(1131)   Merge Heap Roots: 0.1ms
[2023-04-18T04:24:41.768-0400][gc,phases   ] GC(1131)   Evacuate Collection Set: 6.3ms
[2023-04-18T04:24:41.768-0400][gc,phases   ] GC(1131)   Post Evacuate Collection Set: 0.4ms
[2023-04-18T04:24:41.768-0400][gc,phases   ] GC(1131)   Other: 0.1ms
[2023-04-18T04:24:41.768-0400][gc,heap     ] GC(1131) Eden regions: 272->0(145)
[2023-04-18T04:24:41.768-0400][gc,heap     ] GC(1131) Survivor regions: 6->10(35)
[2023-04-18T04:24:41.768-0400][gc,heap     ] GC(1131) Old regions: 78->78
[2023-04-18T04:24:41.768-0400][gc,heap     ] GC(1131) Archive regions: 2->2
[2023-04-18T04:24:41.768-0400][gc,heap     ] GC(1131) Humongous regions: 129->129
[2023-04-18T04:24:41.768-0400][gc,metaspace] GC(1131) Metaspace: 44233K(44928K)->44233K(44928K) NonClass: 39138K(39488K)->39138K(39488K) Class: 5095K(5440K)->5095K(5440K)
[2023-04-18T04:24:41.768-0400][gc          ] GC(1131) Pause Young (Normal) (G1 Evacuation Pause) 484M->216M(1024M) 7.814ms
[2023-04-18T04:24:41.768-0400][gc,cpu      ] GC(1131) User=0.05s Sys=0.00s Real=0.00s
[2023-04-18T04:26:20.872-0400][gc,start    ] GC(1132) Pause Young (Normal) (G1 Evacuation Pause)
[2023-04-18T04:26:20.872-0400][gc,task     ] GC(1132) Using 8 workers of 8 for evacuation
[2023-04-18T04:26:20.884-0400][gc,phases   ] GC(1132)   Pre Evacuate Collection Set: 0.2ms
[2023-04-18T04:26:20.884-0400][gc,phases   ] GC(1132)   Merge Heap Roots: 0.2ms
[2023-04-18T04:26:20.884-0400][gc,phases   ] GC(1132)   Evacuate Collection Set: 10.5ms
[2023-04-18T04:26:20.884-0400][gc,phases   ] GC(1132)   Post Evacuate Collection Set: 0.4ms
[2023-04-18T04:26:20.884-0400][gc,phases   ] GC(1132)   Other: 0.2ms
[2023-04-18T04:26:20.884-0400][gc,heap     ] GC(1132) Eden regions: 145->0(51)
[2023-04-18T04:26:20.884-0400][gc,heap     ] GC(1132) Survivor regions: 10->13(20)
[2023-04-18T04:26:20.884-0400][gc,heap     ] GC(1132) Old regions: 78->78
[2023-04-18T04:26:20.884-0400][gc,heap     ] GC(1132) Archive regions: 2->2
[2023-04-18T04:26:20.884-0400][gc,heap     ] GC(1132) Humongous regions: 129->129
[2023-04-18T04:26:20.884-0400][gc,metaspace] GC(1132) Metaspace: 44233K(44928K)->44233K(44928K) NonClass: 39138K(39488K)->39138K(39488K) Class: 5095K(5440K)->5095K(5440K)
[2023-04-18T04:26:20.884-0400][gc          ] GC(1132) Pause Young (Normal) (G1 Evacuation Pause) 361M->219M(1024M) 12.524ms
[2023-04-18T04:26:20.884-0400][gc,cpu      ] GC(1132) User=0.08s Sys=0.00s Real=0.01s
[2023-04-18T04:26:53.551-0400][gc,start    ] GC(1133) Pause Young (Normal) (G1 Evacuation Pause)
[2023-04-18T04:26:53.552-0400][gc,task     ] GC(1133) Using 8 workers of 8 for evacuation
[2023-04-18T04:26:53.570-0400][gc,phases   ] GC(1133)   Pre Evacuate Collection Set: 0.1ms
[2023-04-18T04:26:53.570-0400][gc,phases   ] GC(1133)   Merge Heap Roots: 0.1ms
[2023-04-18T04:26:53.570-0400][gc,phases   ] GC(1133)   Evacuate Collection Set: 17.7ms
[2023-04-18T04:26:53.570-0400][gc,phases   ] GC(1133)   Post Evacuate Collection Set: 0.2ms
[2023-04-18T04:26:53.570-0400][gc,phases   ] GC(1133)   Other: 0.1ms
[2023-04-18T04:26:53.570-0400][gc,heap     ] GC(1133) Eden regions: 51->0(411)
[2023-04-18T04:26:53.570-0400][gc,heap     ] GC(1133) Survivor regions: 13->5(8)
[2023-04-18T04:26:53.570-0400][gc,heap     ] GC(1133) Old regions: 78->87
[2023-04-18T04:26:53.570-0400][gc,heap     ] GC(1133) Archive regions: 2->2
[2023-04-18T04:26:53.570-0400][gc,heap     ] GC(1133) Humongous regions: 129->129
[2023-04-18T04:26:53.570-0400][gc,metaspace] GC(1133) Metaspace: 44233K(44928K)->44233K(44928K) NonClass: 39138K(39488K)->39138K(39488K) Class: 5095K(5440K)->5095K(5440K)
[2023-04-18T04:26:53.570-0400][gc          ] GC(1133) Pause Young (Normal) (G1 Evacuation Pause) 270M->220M(1024M) 18.919ms
[2023-04-18T04:26:53.570-0400][gc,cpu      ] GC(1133) User=0.06s Sys=0.02s Real=0.02s
[2023-04-18T04:32:41.565-0400][gc,start    ] GC(1134) Pause Young (Normal) (G1 Evacuation Pause)
[2023-04-18T04:32:41.567-0400][gc,task     ] GC(1134) Using 8 workers of 8 for evacuation
[2023-04-18T04:32:42.055-0400][gc,mmu      ] GC(1134) MMU target violated: 21.0ms (20.0ms/21.0ms)
[2023-04-18T04:32:42.056-0400][gc,phases   ] GC(1134)   Pre Evacuate Collection Set: 5.4ms
[2023-04-18T04:32:42.056-0400][gc,phases   ] GC(1134)   Merge Heap Roots: 0.9ms
[2023-04-18T04:32:42.056-0400][gc,phases   ] GC(1134)   Evacuate Collection Set: 469.0ms
[2023-04-18T04:32:42.056-0400][gc,phases   ] GC(1134)   Post Evacuate Collection Set: 12.8ms
[2023-04-18T04:32:42.056-0400][gc,phases   ] GC(1134)   Other: 1.2ms
[2023-04-18T04:32:42.057-0400][gc,heap     ] GC(1134) Eden regions: 411->0(39)
[2023-04-18T04:32:42.057-0400][gc,heap     ] GC(1134) Survivor regions: 5->12(52)
[2023-04-18T04:32:42.057-0400][gc,heap     ] GC(1134) Old regions: 87->87
[2023-04-18T04:32:42.057-0400][gc,heap     ] GC(1134) Archive regions: 2->2
[2023-04-18T04:32:42.057-0400][gc,heap     ] GC(1134) Humongous regions: 129->129
[2023-04-18T04:32:42.057-0400][gc,metaspace] GC(1134) Metaspace: 44233K(44928K)->44233K(44928K) NonClass: 39138K(39488K)->39138K(39488K) Class: 5095K(5440K)->5095K(5440K)
[2023-04-18T04:32:42.058-0400][gc          ] GC(1134) Pause Young (Normal) (G1 Evacuation Pause) 631M->227M(1024M) 493.090ms
[2023-04-18T04:32:42.058-0400][gc,cpu      ] GC(1134) User=0.48s Sys=1.01s Real=0.49s
[2023-04-18T04:33:19.571-0400][gc,start    ] GC(1135) Pause Young (Concurrent Start) (G1 Evacuation Pause)
[2023-04-18T04:33:19.572-0400][gc,task     ] GC(1135) Using 8 workers of 8 for evacuation
[2023-04-18T04:33:19.762-0400][gc,mmu      ] GC(1135) MMU target violated: 21.0ms (20.0ms/21.0ms)
[2023-04-18T04:33:19.762-0400][gc,phases   ] GC(1135)   Pre Evacuate Collection Set: 2.9ms
[2023-04-18T04:33:19.763-0400][gc,phases   ] GC(1135)   Merge Heap Roots: 0.6ms
[2023-04-18T04:33:19.763-0400][gc,phases   ] GC(1135)   Evacuate Collection Set: 181.9ms
[2023-04-18T04:33:19.763-0400][gc,phases   ] GC(1135)   Post Evacuate Collection Set: 3.5ms
[2023-04-18T04:33:19.763-0400][gc,phases   ] GC(1135)   Other: 1.0ms
[2023-04-18T04:33:19.763-0400][gc,heap     ] GC(1135) Eden regions: 39->0(49)
[2023-04-18T04:33:19.763-0400][gc,heap     ] GC(1135) Survivor regions: 12->2(7)
[2023-04-18T04:33:19.764-0400][gc,heap     ] GC(1135) Old regions: 87->98
[2023-04-18T04:33:19.764-0400][gc,heap     ] GC(1135) Archive regions: 2->2
[2023-04-18T04:33:19.764-0400][gc,heap     ] GC(1135) Humongous regions: 129->129
[2023-04-18T04:33:19.764-0400][gc,metaspace] GC(1135) Metaspace: 44233K(44928K)->44233K(44928K) NonClass: 39138K(39488K)->39138K(39488K) Class: 5095K(5440K)->5095K(5440K)
[2023-04-18T04:33:19.764-0400][gc          ] GC(1135) Pause Young (Concurrent Start) (G1 Evacuation Pause) 266M->229M(1024M) 193.059ms
[2023-04-18T04:33:19.765-0400][gc          ] GC(1136) Concurrent Mark Cycle
[2023-04-18T04:33:19.765-0400][gc,cpu      ] GC(1135) User=0.42s Sys=0.46s Real=0.19s
[2023-04-18T04:33:19.765-0400][gc,marking  ] GC(1136) Concurrent Clear Claimed Marks
[2023-04-18T04:33:19.766-0400][gc,marking  ] GC(1136) Concurrent Clear Claimed Marks 0.737ms
[2023-04-18T04:33:19.766-0400][gc,marking  ] GC(1136) Concurrent Scan Root Regions
[2023-04-18T04:33:19.841-0400][gc,marking  ] GC(1136) Concurrent Scan Root Regions 75.122ms
[2023-04-18T04:33:19.841-0400][gc,marking  ] GC(1136) Concurrent Mark
[2023-04-18T04:33:19.841-0400][gc,marking  ] GC(1136) Concurrent Mark From Roots
[2023-04-18T04:33:19.841-0400][gc,task     ] GC(1136) Using 2 workers of 2 for marking
[2023-04-18T04:33:20.033-0400][gc,marking  ] GC(1136) Concurrent Mark From Roots 191.718ms
[2023-04-18T04:33:20.034-0400][gc,marking  ] GC(1136) Concurrent Preclean
[2023-04-18T04:33:20.034-0400][gc,marking  ] GC(1136) Concurrent Preclean 0.569ms
[2023-04-18T04:33:20.035-0400][gc,start    ] GC(1136) Pause Remark
[2023-04-18T04:33:20.054-0400][gc          ] GC(1136) Pause Remark 230M->230M(1024M) 19.072ms
[2023-04-18T04:33:20.055-0400][gc,cpu      ] GC(1136) User=0.08s Sys=0.01s Real=0.02s
[2023-04-18T04:33:20.055-0400][gc,marking  ] GC(1136) Concurrent Mark 213.863ms
[2023-04-18T04:33:20.055-0400][gc,marking  ] GC(1136) Concurrent Rebuild Remembered Sets
[2023-04-18T04:33:20.224-0400][gc,marking  ] GC(1136) Concurrent Rebuild Remembered Sets 168.267ms
[2023-04-18T04:33:20.225-0400][gc,start    ] GC(1136) Pause Cleanup
[2023-04-18T04:33:20.227-0400][gc          ] GC(1136) Pause Cleanup 230M->230M(1024M) 1.726ms
[2023-04-18T04:33:20.227-0400][gc,cpu      ] GC(1136) User=0.01s Sys=0.00s Real=0.00s
[2023-04-18T04:33:20.227-0400][gc,marking  ] GC(1136) Concurrent Cleanup for Next Mark
[2023-04-18T04:33:20.340-0400][gc,marking  ] GC(1136) Concurrent Cleanup for Next Mark 112.950ms
[2023-04-18T04:33:20.342-0400][gc          ] GC(1136) Concurrent Mark Cycle 576.862ms
[2023-04-18T04:34:09.403-0400][gc,start    ] GC(1137) Pause Young (Prepare Mixed) (G1 Evacuation Pause)
[2023-04-18T04:34:09.407-0400][gc,task     ] GC(1137) Using 8 workers of 8 for evacuation
[2023-04-18T04:34:09.433-0400][gc,mmu      ] GC(1137) MMU target violated: 21.0ms (20.0ms/21.0ms)
[2023-04-18T04:34:09.434-0400][gc,phases   ] GC(1137)   Pre Evacuate Collection Set: 0.9ms
[2023-04-18T04:34:09.434-0400][gc,phases   ] GC(1137)   Merge Heap Roots: 0.5ms
[2023-04-18T04:34:09.434-0400][gc,phases   ] GC(1137)   Evacuate Collection Set: 20.9ms
[2023-04-18T04:34:09.435-0400][gc,phases   ] GC(1137)   Post Evacuate Collection Set: 3.2ms
[2023-04-18T04:34:09.435-0400][gc,phases   ] GC(1137)   Other: 1.0ms
[2023-04-18T04:34:09.435-0400][gc,heap     ] GC(1137) Eden regions: 49->0(48)
[2023-04-18T04:34:09.435-0400][gc,heap     ] GC(1137) Survivor regions: 2->3(7)
[2023-04-18T04:34:09.435-0400][gc,heap     ] GC(1137) Old regions: 98->98
[2023-04-18T04:34:09.435-0400][gc,heap     ] GC(1137) Archive regions: 2->2
[2023-04-18T04:34:09.436-0400][gc,heap     ] GC(1137) Humongous regions: 129->129
[2023-04-18T04:34:09.436-0400][gc,metaspace] GC(1137) Metaspace: 44233K(44928K)->44233K(44928K) NonClass: 39138K(39488K)->39138K(39488K) Class: 5095K(5440K)->5095K(5440K)
[2023-04-18T04:34:09.436-0400][gc          ] GC(1137) Pause Young (Prepare Mixed) (G1 Evacuation Pause) 278M->230M(1024M) 33.091ms
[2023-04-18T04:34:09.436-0400][gc,cpu      ] GC(1137) User=0.11s Sys=0.03s Real=0.03s
[2023-04-18T04:34:59.592-0400][gc,start    ] GC(1138) Pause Young (Mixed) (G1 Evacuation Pause)
[2023-04-18T04:34:59.594-0400][gc,task     ] GC(1138) Using 8 workers of 8 for evacuation
[2023-04-18T04:34:59.620-0400][gc,mmu      ] GC(1138) MMU target violated: 21.0ms (20.0ms/21.0ms)
[2023-04-18T04:34:59.620-0400][gc,phases   ] GC(1138)   Pre Evacuate Collection Set: 0.7ms
[2023-04-18T04:34:59.620-0400][gc,phases   ] GC(1138)   Merge Heap Roots: 0.6ms
[2023-04-18T04:34:59.621-0400][gc,phases   ] GC(1138)   Evacuate Collection Set: 21.9ms
[2023-04-18T04:34:59.621-0400][gc,phases   ] GC(1138)   Post Evacuate Collection Set: 1.8ms
[2023-04-18T04:34:59.621-0400][gc,phases   ] GC(1138)   Other: 0.9ms
[2023-04-18T04:34:59.621-0400][gc,heap     ] GC(1138) Eden regions: 48->0(47)
[2023-04-18T04:34:59.621-0400][gc,heap     ] GC(1138) Survivor regions: 3->4(7)
[2023-04-18T04:34:59.621-0400][gc,heap     ] GC(1138) Old regions: 98->95
[2023-04-18T04:34:59.621-0400][gc,heap     ] GC(1138) Archive regions: 2->2
[2023-04-18T04:34:59.621-0400][gc,heap     ] GC(1138) Humongous regions: 129->129
[2023-04-18T04:34:59.621-0400][gc,metaspace] GC(1138) Metaspace: 44233K(44928K)->44233K(44928K) NonClass: 39138K(39488K)->39138K(39488K) Class: 5095K(5440K)->5095K(5440K)
[2023-04-18T04:34:59.621-0400][gc          ] GC(1138) Pause Young (Mixed) (G1 Evacuation Pause) 278M->228M(1024M) 29.635ms
[2023-04-18T04:34:59.622-0400][gc,cpu      ] GC(1138) User=0.15s Sys=0.02s Real=0.03s
[2023-04-18T04:35:48.117-0400][gc,start    ] GC(1139) Pause Young (Mixed) (G1 Evacuation Pause)
[2023-04-18T04:35:48.118-0400][gc,task     ] GC(1139) Using 8 workers of 8 for evacuation
[2023-04-18T04:35:48.156-0400][gc,mmu      ] GC(1139) MMU target violated: 21.0ms (20.0ms/21.0ms)
[2023-04-18T04:35:48.156-0400][gc,phases   ] GC(1139)   Pre Evacuate Collection Set: 0.6ms
[2023-04-18T04:35:48.157-0400][gc,phases   ] GC(1139)   Merge Heap Roots: 0.4ms
[2023-04-18T04:35:48.157-0400][gc,phases   ] GC(1139)   Evacuate Collection Set: 33.9ms
[2023-04-18T04:35:48.157-0400][gc,phases   ] GC(1139)   Post Evacuate Collection Set: 2.6ms
[2023-04-18T04:35:48.157-0400][gc,phases   ] GC(1139)   Other: 1.4ms
[2023-04-18T04:35:48.158-0400][gc,heap     ] GC(1139) Eden regions: 47->0(46)
[2023-04-18T04:35:48.158-0400][gc,heap     ] GC(1139) Survivor regions: 4->5(7)
[2023-04-18T04:35:48.158-0400][gc,heap     ] GC(1139) Old regions: 95->93
[2023-04-18T04:35:48.158-0400][gc,heap     ] GC(1139) Archive regions: 2->2
[2023-04-18T04:35:48.158-0400][gc,heap     ] GC(1139) Humongous regions: 129->129
[2023-04-18T04:35:48.159-0400][gc,metaspace] GC(1139) Metaspace: 44233K(44928K)->44233K(44928K) NonClass: 39138K(39488K)->39138K(39488K) Class: 5095K(5440K)->5095K(5440K)
[2023-04-18T04:35:48.159-0400][gc          ] GC(1139) Pause Young (Mixed) (G1 Evacuation Pause) 275M->226M(1024M) 42.506ms
[2023-04-18T04:35:48.160-0400][gc,cpu      ] GC(1139) User=0.19s Sys=0.06s Real=0.05s
[2023-04-18T04:36:34.107-0400][gc,start    ] GC(1140) Pause Young (Mixed) (G1 Evacuation Pause)
[2023-04-18T04:36:34.109-0400][gc,task     ] GC(1140) Using 8 workers of 8 for evacuation
[2023-04-18T04:36:34.168-0400][gc,mmu      ] GC(1140) MMU target violated: 21.0ms (20.0ms/21.0ms)
[2023-04-18T04:36:34.169-0400][gc,phases   ] GC(1140)   Pre Evacuate Collection Set: 1.0ms
[2023-04-18T04:36:34.169-0400][gc,phases   ] GC(1140)   Merge Heap Roots: 0.8ms
[2023-04-18T04:36:34.169-0400][gc,phases   ] GC(1140)   Evacuate Collection Set: 54.0ms
[2023-04-18T04:36:34.169-0400][gc,phases   ] GC(1140)   Post Evacuate Collection Set: 2.1ms
[2023-04-18T04:36:34.170-0400][gc,phases   ] GC(1140)   Other: 1.4ms
[2023-04-18T04:36:34.170-0400][gc,heap     ] GC(1140) Eden regions: 46->0(46)
[2023-04-18T04:36:34.170-0400][gc,heap     ] GC(1140) Survivor regions: 5->5(7)
[2023-04-18T04:36:34.170-0400][gc,heap     ] GC(1140) Old regions: 93->92
[2023-04-18T04:36:34.171-0400][gc,heap     ] GC(1140) Archive regions: 2->2
[2023-04-18T04:36:34.171-0400][gc,heap     ] GC(1140) Humongous regions: 129->129
[2023-04-18T04:36:34.171-0400][gc,metaspace] GC(1140) Metaspace: 44233K(44928K)->44233K(44928K) NonClass: 39138K(39488K)->39138K(39488K) Class: 5095K(5440K)->5095K(5440K)
[2023-04-18T04:36:34.171-0400][gc          ] GC(1140) Pause Young (Mixed) (G1 Evacuation Pause) 272M->225M(1024M) 64.446ms
[2023-04-18T04:36:34.172-0400][gc,cpu      ] GC(1140) User=0.20s Sys=0.10s Real=0.07s
[2023-04-18T04:37:19.660-0400][gc,start    ] GC(1141) Pause Young (Mixed) (G1 Evacuation Pause)
[2023-04-18T04:37:19.660-0400][gc,task     ] GC(1141) Using 8 workers of 8 for evacuation
[2023-04-18T04:37:19.708-0400][gc,mmu      ] GC(1141) MMU target violated: 21.0ms (20.0ms/21.0ms)
[2023-04-18T04:37:19.708-0400][gc,phases   ] GC(1141)   Pre Evacuate Collection Set: 0.7ms
[2023-04-18T04:37:19.708-0400][gc,phases   ] GC(1141)   Merge Heap Roots: 0.7ms
[2023-04-18T04:37:19.709-0400][gc,phases   ] GC(1141)   Evacuate Collection Set: 43.8ms
[2023-04-18T04:37:19.709-0400][gc,phases   ] GC(1141)   Post Evacuate Collection Set: 2.2ms
[2023-04-18T04:37:19.709-0400][gc,phases   ] GC(1141)   Other: 0.9ms
[2023-04-18T04:37:19.709-0400][gc,heap     ] GC(1141) Eden regions: 46->0(47)
[2023-04-18T04:37:19.709-0400][gc,heap     ] GC(1141) Survivor regions: 5->4(7)
[2023-04-18T04:37:19.709-0400][gc,heap     ] GC(1141) Old regions: 92->90
[2023-04-18T04:37:19.709-0400][gc,heap     ] GC(1141) Archive regions: 2->2
[2023-04-18T04:37:19.709-0400][gc,heap     ] GC(1141) Humongous regions: 129->129
[2023-04-18T04:37:19.709-0400][gc,metaspace] GC(1141) Metaspace: 44233K(44928K)->44233K(44928K) NonClass: 39138K(39488K)->39138K(39488K) Class: 5095K(5440K)->5095K(5440K)
[2023-04-18T04:37:19.710-0400][gc          ] GC(1141) Pause Young (Mixed) (G1 Evacuation Pause) 271M->223M(1024M) 50.033ms
[2023-04-18T04:37:19.710-0400][gc,cpu      ] GC(1141) User=0.20s Sys=0.08s Real=0.05s
[2023-04-18T04:38:06.058-0400][gc,start    ] GC(1142) Pause Young (Mixed) (G1 Evacuation Pause)
[2023-04-18T04:38:06.060-0400][gc,task     ] GC(1142) Using 8 workers of 8 for evacuation
[2023-04-18T04:38:06.118-0400][gc,mmu      ] GC(1142) MMU target violated: 21.0ms (20.0ms/21.0ms)
[2023-04-18T04:38:06.119-0400][gc,phases   ] GC(1142)   Pre Evacuate Collection Set: 1.2ms
[2023-04-18T04:38:06.119-0400][gc,phases   ] GC(1142)   Merge Heap Roots: 0.8ms
[2023-04-18T04:38:06.120-0400][gc,phases   ] GC(1142)   Evacuate Collection Set: 53.6ms
[2023-04-18T04:38:06.120-0400][gc,phases   ] GC(1142)   Post Evacuate Collection Set: 2.3ms
[2023-04-18T04:38:06.120-0400][gc,phases   ] GC(1142)   Other: 1.7ms
[2023-04-18T04:38:06.120-0400][gc,heap     ] GC(1142) Eden regions: 47->0(46)
[2023-04-18T04:38:06.120-0400][gc,heap     ] GC(1142) Survivor regions: 4->5(7)
[2023-04-18T04:38:06.120-0400][gc,heap     ] GC(1142) Old regions: 90->88
[2023-04-18T04:38:06.120-0400][gc,heap     ] GC(1142) Archive regions: 2->2
[2023-04-18T04:38:06.120-0400][gc,heap     ] GC(1142) Humongous regions: 129->129
[2023-04-18T04:38:06.120-0400][gc,metaspace] GC(1142) Metaspace: 44233K(44928K)->44233K(44928K) NonClass: 39138K(39488K)->39138K(39488K) Class: 5095K(5440K)->5095K(5440K)
[2023-04-18T04:38:06.121-0400][gc          ] GC(1142) Pause Young (Mixed) (G1 Evacuation Pause) 270M->221M(1024M) 62.860ms
[2023-04-18T04:38:06.121-0400][gc,cpu      ] GC(1142) User=0.20s Sys=0.05s Real=0.07s
[2023-04-18T04:38:52.087-0400][gc,start    ] GC(1143) Pause Young (Mixed) (G1 Evacuation Pause)
[2023-04-18T04:38:52.088-0400][gc,task     ] GC(1143) Using 8 workers of 8 for evacuation
[2023-04-18T04:38:52.129-0400][gc,mmu      ] GC(1143) MMU target violated: 21.0ms (20.0ms/21.0ms)
[2023-04-18T04:38:52.130-0400][gc,phases   ] GC(1143)   Pre Evacuate Collection Set: 0.5ms
[2023-04-18T04:38:52.130-0400][gc,phases   ] GC(1143)   Merge Heap Roots: 0.7ms
[2023-04-18T04:38:52.130-0400][gc,phases   ] GC(1143)   Evacuate Collection Set: 37.7ms
[2023-04-18T04:38:52.130-0400][gc,phases   ] GC(1143)   Post Evacuate Collection Set: 2.2ms
[2023-04-18T04:38:52.130-0400][gc,phases   ] GC(1143)   Other: 0.9ms
[2023-04-18T04:38:52.130-0400][gc,heap     ] GC(1143) Eden regions: 46->0(47)
[2023-04-18T04:38:52.130-0400][gc,heap     ] GC(1143) Survivor regions: 5->4(7)
[2023-04-18T04:38:52.130-0400][gc,heap     ] GC(1143) Old regions: 88->87
[2023-04-18T04:38:52.130-0400][gc,heap     ] GC(1143) Archive regions: 2->2
[2023-04-18T04:38:52.130-0400][gc,heap     ] GC(1143) Humongous regions: 129->129
[2023-04-18T04:38:52.130-0400][gc,metaspace] GC(1143) Metaspace: 44233K(44928K)->44233K(44928K) NonClass: 39138K(39488K)->39138K(39488K) Class: 5095K(5440K)->5095K(5440K)
[2023-04-18T04:38:52.131-0400][gc          ] GC(1143) Pause Young (Mixed) (G1 Evacuation Pause) 267M->219M(1024M) 43.998ms
[2023-04-18T04:38:52.131-0400][gc,cpu      ] GC(1143) User=0.19s Sys=0.06s Real=0.05s
[2023-04-18T04:39:39.405-0400][gc,start    ] GC(1144) Pause Young (Normal) (G1 Evacuation Pause)
[2023-04-18T04:39:39.407-0400][gc,task     ] GC(1144) Using 8 workers of 8 for evacuation
[2023-04-18T04:39:39.439-0400][gc,mmu      ] GC(1144) MMU target violated: 21.0ms (20.0ms/21.0ms)
[2023-04-18T04:39:39.440-0400][gc,phases   ] GC(1144)   Pre Evacuate Collection Set: 0.9ms
[2023-04-18T04:39:39.440-0400][gc,phases   ] GC(1144)   Merge Heap Roots: 0.8ms
[2023-04-18T04:39:39.440-0400][gc,phases   ] GC(1144)   Evacuate Collection Set: 27.4ms
[2023-04-18T04:39:39.440-0400][gc,phases   ] GC(1144)   Post Evacuate Collection Set: 2.2ms
[2023-04-18T04:39:39.440-0400][gc,phases   ] GC(1144)   Other: 1.5ms
[2023-04-18T04:39:39.440-0400][gc,heap     ] GC(1144) Eden regions: 47->0(46)
[2023-04-18T04:39:39.440-0400][gc,heap     ] GC(1144) Survivor regions: 4->5(7)
[2023-04-18T04:39:39.440-0400][gc,heap     ] GC(1144) Old regions: 87->87
[2023-04-18T04:39:39.440-0400][gc,heap     ] GC(1144) Archive regions: 2->2
[2023-04-18T04:39:39.440-0400][gc,heap     ] GC(1144) Humongous regions: 129->129
[2023-04-18T04:39:39.441-0400][gc,metaspace] GC(1144) Metaspace: 44233K(44928K)->44233K(44928K) NonClass: 39138K(39488K)->39138K(39488K) Class: 5095K(5440K)->5095K(5440K)
[2023-04-18T04:39:39.441-0400][gc          ] GC(1144) Pause Young (Normal) (G1 Evacuation Pause) 266M->220M(1024M) 35.777ms
[2023-04-18T04:39:39.441-0400][gc,cpu      ] GC(1144) User=0.18s Sys=0.02s Real=0.04s
[2023-04-18T04:40:25.742-0400][gc,start    ] GC(1145) Pause Young (Normal) (G1 Evacuation Pause)
[2023-04-18T04:40:25.743-0400][gc,task     ] GC(1145) Using 8 workers of 8 for evacuation
[2023-04-18T04:40:25.788-0400][gc,mmu      ] GC(1145) MMU target violated: 21.0ms (20.0ms/21.0ms)
[2023-04-18T04:40:25.789-0400][gc,phases   ] GC(1145)   Pre Evacuate Collection Set: 0.6ms
[2023-04-18T04:40:25.789-0400][gc,phases   ] GC(1145)   Merge Heap Roots: 0.4ms
[2023-04-18T04:40:25.789-0400][gc,phases   ] GC(1145)   Evacuate Collection Set: 42.2ms
[2023-04-18T04:40:25.789-0400][gc,phases   ] GC(1145)   Post Evacuate Collection Set: 2.3ms
[2023-04-18T04:40:25.789-0400][gc,phases   ] GC(1145)   Other: 0.9ms
[2023-04-18T04:40:25.790-0400][gc,heap     ] GC(1145) Eden regions: 46->0(46)
[2023-04-18T04:40:25.790-0400][gc,heap     ] GC(1145) Survivor regions: 5->5(7)
[2023-04-18T04:40:25.790-0400][gc,heap     ] GC(1145) Old regions: 87->88
[2023-04-18T04:40:25.790-0400][gc,heap     ] GC(1145) Archive regions: 2->2
[2023-04-18T04:40:25.790-0400][gc,heap     ] GC(1145) Humongous regions: 129->129
[2023-04-18T04:40:25.790-0400][gc,metaspace] GC(1145) Metaspace: 44233K(44928K)->44233K(44928K) NonClass: 39138K(39488K)->39138K(39488K) Class: 5095K(5440K)->5095K(5440K)
[2023-04-18T04:40:25.790-0400][gc          ] GC(1145) Pause Young (Normal) (G1 Evacuation Pause) 266M->222M(1024M) 48.724ms
[2023-04-18T04:40:25.791-0400][gc,cpu      ] GC(1145) User=0.22s Sys=0.06s Real=0.05s
[2023-04-18T04:41:14.574-0400][gc,start    ] GC(1146) Pause Young (Normal) (G1 Evacuation Pause)
[2023-04-18T04:41:14.576-0400][gc,task     ] GC(1146) Using 8 workers of 8 for evacuation
[2023-04-18T04:41:14.627-0400][gc,mmu      ] GC(1146) MMU target violated: 21.0ms (20.0ms/21.0ms)
[2023-04-18T04:41:14.628-0400][gc,phases   ] GC(1146)   Pre Evacuate Collection Set: 0.7ms
[2023-04-18T04:41:14.628-0400][gc,phases   ] GC(1146)   Merge Heap Roots: 0.7ms
[2023-04-18T04:41:14.629-0400][gc,phases   ] GC(1146)   Evacuate Collection Set: 46.7ms
[2023-04-18T04:41:14.629-0400][gc,phases   ] GC(1146)   Post Evacuate Collection Set: 2.3ms
[2023-04-18T04:41:14.629-0400][gc,phases   ] GC(1146)   Other: 1.4ms
[2023-04-18T04:41:14.629-0400][gc,heap     ] GC(1146) Eden regions: 46->0(46)
[2023-04-18T04:41:14.629-0400][gc,heap     ] GC(1146) Survivor regions: 5->5(7)
[2023-04-18T04:41:14.630-0400][gc,heap     ] GC(1146) Old regions: 88->90
[2023-04-18T04:41:14.630-0400][gc,heap     ] GC(1146) Archive regions: 2->2
[2023-04-18T04:41:14.630-0400][gc,heap     ] GC(1146) Humongous regions: 129->129
[2023-04-18T04:41:14.630-0400][gc,metaspace] GC(1146) Metaspace: 44233K(44928K)->44233K(44928K) NonClass: 39138K(39488K)->39138K(39488K) Class: 5095K(5440K)->5095K(5440K)
[2023-04-18T04:41:14.631-0400][gc          ] GC(1146) Pause Young (Normal) (G1 Evacuation Pause) 268M->223M(1024M) 56.290ms
[2023-04-18T04:41:14.631-0400][gc,cpu      ] GC(1146) User=0.23s Sys=0.08s Real=0.06s
[2023-04-18T04:42:01.966-0400][gc,start    ] GC(1147) Pause Young (Normal) (G1 Evacuation Pause)
[2023-04-18T04:42:01.968-0400][gc,task     ] GC(1147) Using 8 workers of 8 for evacuation
[2023-04-18T04:42:02.007-0400][gc,mmu      ] GC(1147) MMU target violated: 21.0ms (20.0ms/21.0ms)
[2023-04-18T04:42:02.008-0400][gc,phases   ] GC(1147)   Pre Evacuate Collection Set: 0.9ms
[2023-04-18T04:42:02.008-0400][gc,phases   ] GC(1147)   Merge Heap Roots: 1.0ms
[2023-04-18T04:42:02.008-0400][gc,phases   ] GC(1147)   Evacuate Collection Set: 35.3ms
[2023-04-18T04:42:02.008-0400][gc,phases   ] GC(1147)   Post Evacuate Collection Set: 2.2ms
[2023-04-18T04:42:02.009-0400][gc,phases   ] GC(1147)   Other: 1.0ms
[2023-04-18T04:42:02.009-0400][gc,heap     ] GC(1147) Eden regions: 46->0(47)
[2023-04-18T04:42:02.009-0400][gc,heap     ] GC(1147) Survivor regions: 5->4(7)
[2023-04-18T04:42:02.009-0400][gc,heap     ] GC(1147) Old regions: 90->91
[2023-04-18T04:42:02.009-0400][gc,heap     ] GC(1147) Archive regions: 2->2
[2023-04-18T04:42:02.009-0400][gc,heap     ] GC(1147) Humongous regions: 129->129
[2023-04-18T04:42:02.009-0400][gc,metaspace] GC(1147) Metaspace: 44233K(44928K)->44233K(44928K) NonClass: 39138K(39488K)->39138K(39488K) Class: 5095K(5440K)->5095K(5440K)
[2023-04-18T04:42:02.010-0400][gc          ] GC(1147) Pause Young (Normal) (G1 Evacuation Pause) 269M->224M(1024M) 43.629ms
[2023-04-18T04:42:02.010-0400][gc,cpu      ] GC(1147) User=0.21s Sys=0.02s Real=0.05s
[2023-04-18T04:42:49.741-0400][gc,start    ] GC(1148) Pause Young (Normal) (G1 Evacuation Pause)
[2023-04-18T04:42:49.743-0400][gc,task     ] GC(1148) Using 8 workers of 8 for evacuation
[2023-04-18T04:42:49.782-0400][gc,mmu      ] GC(1148) MMU target violated: 21.0ms (20.0ms/21.0ms)
[2023-04-18T04:42:49.783-0400][gc,phases   ] GC(1148)   Pre Evacuate Collection Set: 1.3ms
[2023-04-18T04:42:49.783-0400][gc,phases   ] GC(1148)   Merge Heap Roots: 0.8ms
[2023-04-18T04:42:49.783-0400][gc,phases   ] GC(1148)   Evacuate Collection Set: 33.6ms
[2023-04-18T04:42:49.783-0400][gc,phases   ] GC(1148)   Post Evacuate Collection Set: 2.6ms
[2023-04-18T04:42:49.783-0400][gc,phases   ] GC(1148)   Other: 1.3ms
[2023-04-18T04:42:49.783-0400][gc,heap     ] GC(1148) Eden regions: 47->0(47)
[2023-04-18T04:42:49.783-0400][gc,heap     ] GC(1148) Survivor regions: 4->4(7)
[2023-04-18T04:42:49.783-0400][gc,heap     ] GC(1148) Old regions: 91->93
[2023-04-18T04:42:49.783-0400][gc,heap     ] GC(1148) Archive regions: 2->2
[2023-04-18T04:42:49.783-0400][gc,heap     ] GC(1148) Humongous regions: 129->129
[2023-04-18T04:42:49.784-0400][gc,metaspace] GC(1148) Metaspace: 44233K(44928K)->44233K(44928K) NonClass: 39138K(39488K)->39138K(39488K) Class: 5095K(5440K)->5095K(5440K)
[2023-04-18T04:42:49.784-0400][gc          ] GC(1148) Pause Young (Normal) (G1 Evacuation Pause) 271M->226M(1024M) 43.011ms
[2023-04-18T04:42:49.784-0400][gc,cpu      ] GC(1148) User=0.20s Sys=0.03s Real=0.04s
[2023-04-18T04:43:36.870-0400][gc,start    ] GC(1149) Pause Young (Normal) (G1 Evacuation Pause)
[2023-04-18T04:43:36.872-0400][gc,task     ] GC(1149) Using 8 workers of 8 for evacuation
[2023-04-18T04:43:36.913-0400][gc,mmu      ] GC(1149) MMU target violated: 21.0ms (20.0ms/21.0ms)
[2023-04-18T04:43:36.913-0400][gc,phases   ] GC(1149)   Pre Evacuate Collection Set: 1.1ms
[2023-04-18T04:43:36.914-0400][gc,phases   ] GC(1149)   Merge Heap Roots: 0.6ms
[2023-04-18T04:43:36.914-0400][gc,phases   ] GC(1149)   Evacuate Collection Set: 36.3ms
[2023-04-18T04:43:36.914-0400][gc,phases   ] GC(1149)   Post Evacuate Collection Set: 2.3ms
[2023-04-18T04:43:36.914-0400][gc,phases   ] GC(1149)   Other: 1.0ms
[2023-04-18T04:43:36.915-0400][gc,heap     ] GC(1149) Eden regions: 47->0(47)
[2023-04-18T04:43:36.915-0400][gc,heap     ] GC(1149) Survivor regions: 4->4(7)
[2023-04-18T04:43:36.915-0400][gc,heap     ] GC(1149) Old regions: 93->94
[2023-04-18T04:43:36.915-0400][gc,heap     ] GC(1149) Archive regions: 2->2
[2023-04-18T04:43:36.915-0400][gc,heap     ] GC(1149) Humongous regions: 129->129
[2023-04-18T04:43:36.916-0400][gc,metaspace] GC(1149) Metaspace: 44233K(44928K)->44233K(44928K) NonClass: 39138K(39488K)->39138K(39488K) Class: 5095K(5440K)->5095K(5440K)
[2023-04-18T04:43:36.916-0400][gc          ] GC(1149) Pause Young (Normal) (G1 Evacuation Pause) 273M->227M(1024M) 45.357ms
[2023-04-18T04:43:36.916-0400][gc,cpu      ] GC(1149) User=0.20s Sys=0.04s Real=0.04s
[2023-04-18T04:44:24.285-0400][gc,start    ] GC(1150) Pause Young (Normal) (G1 Evacuation Pause)
[2023-04-18T04:44:24.288-0400][gc,task     ] GC(1150) Using 8 workers of 8 for evacuation
[2023-04-18T04:44:24.325-0400][gc,mmu      ] GC(1150) MMU target violated: 21.0ms (20.0ms/21.0ms)
[2023-04-18T04:44:24.326-0400][gc,phases   ] GC(1150)   Pre Evacuate Collection Set: 0.6ms
[2023-04-18T04:44:24.326-0400][gc,phases   ] GC(1150)   Merge Heap Roots: 0.6ms
[2023-04-18T04:44:24.326-0400][gc,phases   ] GC(1150)   Evacuate Collection Set: 32.5ms
[2023-04-18T04:44:24.326-0400][gc,phases   ] GC(1150)   Post Evacuate Collection Set: 2.6ms
[2023-04-18T04:44:24.327-0400][gc,phases   ] GC(1150)   Other: 0.9ms
[2023-04-18T04:44:24.327-0400][gc,heap     ] GC(1150) Eden regions: 47->0(46)
[2023-04-18T04:44:24.327-0400][gc,heap     ] GC(1150) Survivor regions: 4->5(7)
[2023-04-18T04:44:24.327-0400][gc,heap     ] GC(1150) Old regions: 94->95
[2023-04-18T04:44:24.327-0400][gc,heap     ] GC(1150) Archive regions: 2->2
[2023-04-18T04:44:24.327-0400][gc,heap     ] GC(1150) Humongous regions: 129->129
[2023-04-18T04:44:24.328-0400][gc,metaspace] GC(1150) Metaspace: 44233K(44928K)->44233K(44928K) NonClass: 39138K(39488K)->39138K(39488K) Class: 5095K(5440K)->5095K(5440K)
[2023-04-18T04:44:24.328-0400][gc          ] GC(1150) Pause Young (Normal) (G1 Evacuation Pause) 274M->229M(1024M) 43.048ms
[2023-04-18T04:44:24.328-0400][gc,cpu      ] GC(1150) User=0.20s Sys=0.03s Real=0.04s
[2023-04-18T04:45:11.792-0400][gc,start    ] GC(1151) Pause Young (Normal) (G1 Evacuation Pause)
[2023-04-18T04:45:11.794-0400][gc,task     ] GC(1151) Using 8 workers of 8 for evacuation
[2023-04-18T04:45:11.832-0400][gc,mmu      ] GC(1151) MMU target violated: 21.0ms (20.0ms/21.0ms)
[2023-04-18T04:45:11.833-0400][gc,phases   ] GC(1151)   Pre Evacuate Collection Set: 0.9ms
[2023-04-18T04:45:11.833-0400][gc,phases   ] GC(1151)   Merge Heap Roots: 0.8ms
[2023-04-18T04:45:11.833-0400][gc,phases   ] GC(1151)   Evacuate Collection Set: 33.2ms
[2023-04-18T04:45:11.833-0400][gc,phases   ] GC(1151)   Post Evacuate Collection Set: 2.2ms
[2023-04-18T04:45:11.833-0400][gc,phases   ] GC(1151)   Other: 1.6ms
[2023-04-18T04:45:11.833-0400][gc,heap     ] GC(1151) Eden regions: 46->0(47)
[2023-04-18T04:45:11.833-0400][gc,heap     ] GC(1151) Survivor regions: 5->4(7)
[2023-04-18T04:45:11.833-0400][gc,heap     ] GC(1151) Old regions: 95->97
[2023-04-18T04:45:11.833-0400][gc,heap     ] GC(1151) Archive regions: 2->2
[2023-04-18T04:45:11.834-0400][gc,heap     ] GC(1151) Humongous regions: 129->129
[2023-04-18T04:45:11.834-0400][gc,metaspace] GC(1151) Metaspace: 44233K(44928K)->44233K(44928K) NonClass: 39138K(39488K)->39138K(39488K) Class: 5095K(5440K)->5095K(5440K)
[2023-04-18T04:45:11.834-0400][gc          ] GC(1151) Pause Young (Normal) (G1 Evacuation Pause) 275M->230M(1024M) 42.219ms
[2023-04-18T04:45:11.834-0400][gc,cpu      ] GC(1151) User=0.20s Sys=0.04s Real=0.04s
[2023-04-18T04:45:58.340-0400][gc,start    ] GC(1152) Pause Young (Normal) (G1 Evacuation Pause)
[2023-04-18T04:45:58.342-0400][gc,task     ] GC(1152) Using 8 workers of 8 for evacuation
[2023-04-18T04:45:58.379-0400][gc,mmu      ] GC(1152) MMU target violated: 21.0ms (20.0ms/21.0ms)
[2023-04-18T04:45:58.379-0400][gc,phases   ] GC(1152)   Pre Evacuate Collection Set: 0.8ms
[2023-04-18T04:45:58.379-0400][gc,phases   ] GC(1152)   Merge Heap Roots: 0.8ms
[2023-04-18T04:45:58.379-0400][gc,phases   ] GC(1152)   Evacuate Collection Set: 32.1ms
[2023-04-18T04:45:58.379-0400][gc,phases   ] GC(1152)   Post Evacuate Collection Set: 2.1ms
[2023-04-18T04:45:58.380-0400][gc,phases   ] GC(1152)   Other: 1.3ms
[2023-04-18T04:45:58.380-0400][gc,heap     ] GC(1152) Eden regions: 47->0(47)
[2023-04-18T04:45:58.380-0400][gc,heap     ] GC(1152) Survivor regions: 4->4(7)
[2023-04-18T04:45:58.380-0400][gc,heap     ] GC(1152) Old regions: 97->98
[2023-04-18T04:45:58.380-0400][gc,heap     ] GC(1152) Archive regions: 2->2
[2023-04-18T04:45:58.380-0400][gc,heap     ] GC(1152) Humongous regions: 129->129
[2023-04-18T04:45:58.380-0400][gc,metaspace] GC(1152) Metaspace: 44233K(44928K)->44233K(44928K) NonClass: 39138K(39488K)->39138K(39488K) Class: 5095K(5440K)->5095K(5440K)
[2023-04-18T04:45:58.380-0400][gc          ] GC(1152) Pause Young (Normal) (G1 Evacuation Pause) 277M->231M(1024M) 39.914ms
[2023-04-18T04:45:58.380-0400][gc,cpu      ] GC(1152) User=0.21s Sys=0.03s Real=0.04s
[2023-04-18T04:46:44.848-0400][gc,start    ] GC(1153) Pause Young (Normal) (G1 Evacuation Pause)
[2023-04-18T04:46:44.850-0400][gc,task     ] GC(1153) Using 8 workers of 8 for evacuation
[2023-04-18T04:46:44.893-0400][gc,mmu      ] GC(1153) MMU target violated: 21.0ms (20.0ms/21.0ms)
[2023-04-18T04:46:44.893-0400][gc,phases   ] GC(1153)   Pre Evacuate Collection Set: 0.6ms
[2023-04-18T04:46:44.893-0400][gc,phases   ] GC(1153)   Merge Heap Roots: 0.7ms
[2023-04-18T04:46:44.893-0400][gc,phases   ] GC(1153)   Evacuate Collection Set: 35.1ms
[2023-04-18T04:46:44.893-0400][gc,phases   ] GC(1153)   Post Evacuate Collection Set: 2.3ms
[2023-04-18T04:46:44.893-0400][gc,phases   ] GC(1153)   Other: 4.1ms
[2023-04-18T04:46:44.893-0400][gc,heap     ] GC(1153) Eden regions: 47->0(47)
[2023-04-18T04:46:44.894-0400][gc,heap     ] GC(1153) Survivor regions: 4->4(7)
[2023-04-18T04:46:44.894-0400][gc,heap     ] GC(1153) Old regions: 98->99
[2023-04-18T04:46:44.894-0400][gc,heap     ] GC(1153) Archive regions: 2->2
[2023-04-18T04:46:44.894-0400][gc,heap     ] GC(1153) Humongous regions: 129->129
[2023-04-18T04:46:44.894-0400][gc,metaspace] GC(1153) Metaspace: 44233K(44928K)->44233K(44928K) NonClass: 39138K(39488K)->39138K(39488K) Class: 5095K(5440K)->5095K(5440K)
[2023-04-18T04:46:44.894-0400][gc          ] GC(1153) Pause Young (Normal) (G1 Evacuation Pause) 278M->232M(1024M) 46.179ms
[2023-04-18T04:46:44.894-0400][gc,cpu      ] GC(1153) User=0.21s Sys=0.04s Real=0.05s
[2023-04-18T04:47:31.716-0400][gc,start    ] GC(1154) Pause Young (Normal) (G1 Evacuation Pause)
[2023-04-18T04:47:31.719-0400][gc,task     ] GC(1154) Using 8 workers of 8 for evacuation
[2023-04-18T04:47:31.771-0400][gc,mmu      ] GC(1154) MMU target violated: 21.0ms (20.0ms/21.0ms)
[2023-04-18T04:47:31.771-0400][gc,phases   ] GC(1154)   Pre Evacuate Collection Set: 0.7ms
[2023-04-18T04:47:31.771-0400][gc,phases   ] GC(1154)   Merge Heap Roots: 0.7ms
[2023-04-18T04:47:31.772-0400][gc,phases   ] GC(1154)   Evacuate Collection Set: 46.1ms
[2023-04-18T04:47:31.772-0400][gc,phases   ] GC(1154)   Post Evacuate Collection Set: 3.7ms
[2023-04-18T04:47:31.772-0400][gc,phases   ] GC(1154)   Other: 1.2ms
[2023-04-18T04:47:31.772-0400][gc,heap     ] GC(1154) Eden regions: 47->0(47)
[2023-04-18T04:47:31.772-0400][gc,heap     ] GC(1154) Survivor regions: 4->4(7)
[2023-04-18T04:47:31.772-0400][gc,heap     ] GC(1154) Old regions: 99->101
[2023-04-18T04:47:31.772-0400][gc,heap     ] GC(1154) Archive regions: 2->2
[2023-04-18T04:47:31.772-0400][gc,heap     ] GC(1154) Humongous regions: 129->129
[2023-04-18T04:47:31.772-0400][gc,metaspace] GC(1154) Metaspace: 44233K(44928K)->44233K(44928K) NonClass: 39138K(39488K)->39138K(39488K) Class: 5095K(5440K)->5095K(5440K)
[2023-04-18T04:47:31.773-0400][gc          ] GC(1154) Pause Young (Normal) (G1 Evacuation Pause) 279M->233M(1024M) 56.507ms
[2023-04-18T04:47:31.773-0400][gc,cpu      ] GC(1154) User=0.20s Sys=0.08s Real=0.06s
[2023-04-18T04:48:18.385-0400][gc,start    ] GC(1155) Pause Young (Normal) (G1 Evacuation Pause)
[2023-04-18T04:48:18.386-0400][gc,task     ] GC(1155) Using 8 workers of 8 for evacuation
[2023-04-18T04:48:18.427-0400][gc,mmu      ] GC(1155) MMU target violated: 21.0ms (20.0ms/21.0ms)
[2023-04-18T04:48:18.427-0400][gc,phases   ] GC(1155)   Pre Evacuate Collection Set: 1.0ms
[2023-04-18T04:48:18.427-0400][gc,phases   ] GC(1155)   Merge Heap Roots: 0.7ms
[2023-04-18T04:48:18.428-0400][gc,phases   ] GC(1155)   Evacuate Collection Set: 35.2ms
[2023-04-18T04:48:18.428-0400][gc,phases   ] GC(1155)   Post Evacuate Collection Set: 2.6ms
[2023-04-18T04:48:18.428-0400][gc,phases   ] GC(1155)   Other: 1.4ms
[2023-04-18T04:48:18.428-0400][gc,heap     ] GC(1155) Eden regions: 47->0(46)
[2023-04-18T04:48:18.428-0400][gc,heap     ] GC(1155) Survivor regions: 4->5(7)
[2023-04-18T04:48:18.428-0400][gc,heap     ] GC(1155) Old regions: 101->101
[2023-04-18T04:48:18.428-0400][gc,heap     ] GC(1155) Archive regions: 2->2
[2023-04-18T04:48:18.428-0400][gc,heap     ] GC(1155) Humongous regions: 129->129
[2023-04-18T04:48:18.428-0400][gc,metaspace] GC(1155) Metaspace: 44233K(44928K)->44233K(44928K) NonClass: 39138K(39488K)->39138K(39488K) Class: 5095K(5440K)->5095K(5440K)
[2023-04-18T04:48:18.428-0400][gc          ] GC(1155) Pause Young (Normal) (G1 Evacuation Pause) 280M->234M(1024M) 43.843ms
[2023-04-18T04:48:18.429-0400][gc,cpu      ] GC(1155) User=0.19s Sys=0.02s Real=0.04s
[2023-04-18T04:49:06.524-0400][gc,start    ] GC(1156) Pause Young (Normal) (G1 Evacuation Pause)
[2023-04-18T04:49:06.526-0400][gc,task     ] GC(1156) Using 8 workers of 8 for evacuation
[2023-04-18T04:49:06.584-0400][gc,mmu      ] GC(1156) MMU target violated: 21.0ms (20.0ms/21.0ms)
[2023-04-18T04:49:06.584-0400][gc,phases   ] GC(1156)   Pre Evacuate Collection Set: 1.0ms
[2023-04-18T04:49:06.585-0400][gc,phases   ] GC(1156)   Merge Heap Roots: 0.6ms
[2023-04-18T04:49:06.585-0400][gc,phases   ] GC(1156)   Evacuate Collection Set: 52.7ms
[2023-04-18T04:49:06.585-0400][gc,phases   ] GC(1156)   Post Evacuate Collection Set: 2.2ms
[2023-04-18T04:49:06.585-0400][gc,phases   ] GC(1156)   Other: 1.7ms
[2023-04-18T04:49:06.586-0400][gc,heap     ] GC(1156) Eden regions: 46->0(45)
[2023-04-18T04:49:06.586-0400][gc,heap     ] GC(1156) Survivor regions: 5->6(7)
[2023-04-18T04:49:06.586-0400][gc,heap     ] GC(1156) Old regions: 101->102
[2023-04-18T04:49:06.586-0400][gc,heap     ] GC(1156) Archive regions: 2->2
[2023-04-18T04:49:06.587-0400][gc,heap     ] GC(1156) Humongous regions: 129->129
[2023-04-18T04:49:06.587-0400][gc,metaspace] GC(1156) Metaspace: 44233K(44928K)->44233K(44928K) NonClass: 39138K(39488K)->39138K(39488K) Class: 5095K(5440K)->5095K(5440K)
[2023-04-18T04:49:06.587-0400][gc          ] GC(1156) Pause Young (Normal) (G1 Evacuation Pause) 280M->236M(1024M) 63.032ms
[2023-04-18T04:49:06.588-0400][gc,cpu      ] GC(1156) User=0.24s Sys=0.07s Real=0.06s
[2023-04-18T04:49:56.494-0400][gc,start    ] GC(1157) Pause Young (Normal) (G1 Evacuation Pause)
[2023-04-18T04:49:56.497-0400][gc,task     ] GC(1157) Using 8 workers of 8 for evacuation
[2023-04-18T04:49:56.577-0400][gc,mmu      ] GC(1157) MMU target violated: 21.0ms (20.0ms/21.0ms)
[2023-04-18T04:49:56.578-0400][gc,phases   ] GC(1157)   Pre Evacuate Collection Set: 1.2ms
[2023-04-18T04:49:56.578-0400][gc,phases   ] GC(1157)   Merge Heap Roots: 0.8ms
[2023-04-18T04:49:56.578-0400][gc,phases   ] GC(1157)   Evacuate Collection Set: 63.3ms
[2023-04-18T04:49:56.578-0400][gc,phases   ] GC(1157)   Post Evacuate Collection Set: 2.0ms
[2023-04-18T04:49:56.578-0400][gc,phases   ] GC(1157)   Other: 13.7ms
[2023-04-18T04:49:56.578-0400][gc,heap     ] GC(1157) Eden regions: 45->0(47)
[2023-04-18T04:49:56.578-0400][gc,heap     ] GC(1157) Survivor regions: 6->4(7)
[2023-04-18T04:49:56.578-0400][gc,heap     ] GC(1157) Old regions: 102->104
[2023-04-18T04:49:56.579-0400][gc,heap     ] GC(1157) Archive regions: 2->2
[2023-04-18T04:49:56.579-0400][gc,heap     ] GC(1157) Humongous regions: 129->129
[2023-04-18T04:49:56.579-0400][gc,metaspace] GC(1157) Metaspace: 44233K(44928K)->44233K(44928K) NonClass: 39138K(39488K)->39138K(39488K) Class: 5095K(5440K)->5095K(5440K)
[2023-04-18T04:49:56.579-0400][gc          ] GC(1157) Pause Young (Normal) (G1 Evacuation Pause) 281M->237M(1024M) 85.186ms
[2023-04-18T04:49:56.579-0400][gc,cpu      ] GC(1157) User=0.25s Sys=0.10s Real=0.08s
[2023-04-18T04:50:45.991-0400][gc,start    ] GC(1158) Pause Young (Normal) (G1 Evacuation Pause)
[2023-04-18T04:50:45.993-0400][gc,task     ] GC(1158) Using 8 workers of 8 for evacuation
[2023-04-18T04:50:46.033-0400][gc,mmu      ] GC(1158) MMU target violated: 21.0ms (20.0ms/21.0ms)
[2023-04-18T04:50:46.033-0400][gc,phases   ] GC(1158)   Pre Evacuate Collection Set: 0.7ms
[2023-04-18T04:50:46.033-0400][gc,phases   ] GC(1158)   Merge Heap Roots: 0.5ms
[2023-04-18T04:50:46.033-0400][gc,phases   ] GC(1158)   Evacuate Collection Set: 35.9ms
[2023-04-18T04:50:46.033-0400][gc,phases   ] GC(1158)   Post Evacuate Collection Set: 1.9ms
[2023-04-18T04:50:46.033-0400][gc,phases   ] GC(1158)   Other: 0.8ms
[2023-04-18T04:50:46.033-0400][gc,heap     ] GC(1158) Eden regions: 47->0(47)
[2023-04-18T04:50:46.034-0400][gc,heap     ] GC(1158) Survivor regions: 4->4(7)
[2023-04-18T04:50:46.034-0400][gc,heap     ] GC(1158) Old regions: 104->105
[2023-04-18T04:50:46.034-0400][gc,heap     ] GC(1158) Archive regions: 2->2
[2023-04-18T04:50:46.034-0400][gc,heap     ] GC(1158) Humongous regions: 129->129
[2023-04-18T04:50:46.034-0400][gc,metaspace] GC(1158) Metaspace: 44233K(44928K)->44233K(44928K) NonClass: 39138K(39488K)->39138K(39488K) Class: 5095K(5440K)->5095K(5440K)
[2023-04-18T04:50:46.034-0400][gc          ] GC(1158) Pause Young (Normal) (G1 Evacuation Pause) 284M->238M(1024M) 43.024ms
[2023-04-18T04:50:46.034-0400][gc,cpu      ] GC(1158) User=0.19s Sys=0.02s Real=0.04s
[2023-04-18T04:51:33.181-0400][gc,start    ] GC(1159) Pause Young (Normal) (G1 Evacuation Pause)
[2023-04-18T04:51:33.184-0400][gc,task     ] GC(1159) Using 8 workers of 8 for evacuation
[2023-04-18T04:51:33.256-0400][gc,mmu      ] GC(1159) MMU target violated: 21.0ms (20.0ms/21.0ms)
[2023-04-18T04:51:33.256-0400][gc,phases   ] GC(1159)   Pre Evacuate Collection Set: 1.1ms
[2023-04-18T04:51:33.257-0400][gc,phases   ] GC(1159)   Merge Heap Roots: 1.1ms
[2023-04-18T04:51:33.257-0400][gc,phases   ] GC(1159)   Evacuate Collection Set: 62.8ms
[2023-04-18T04:51:33.257-0400][gc,phases   ] GC(1159)   Post Evacuate Collection Set: 6.4ms
[2023-04-18T04:51:33.257-0400][gc,phases   ] GC(1159)   Other: 1.1ms
[2023-04-18T04:51:33.257-0400][gc,heap     ] GC(1159) Eden regions: 47->0(45)
[2023-04-18T04:51:33.257-0400][gc,heap     ] GC(1159) Survivor regions: 4->6(7)
[2023-04-18T04:51:33.258-0400][gc,heap     ] GC(1159) Old regions: 105->107
[2023-04-18T04:51:33.258-0400][gc,heap     ] GC(1159) Archive regions: 2->2
[2023-04-18T04:51:33.258-0400][gc,heap     ] GC(1159) Humongous regions: 129->129
[2023-04-18T04:51:33.258-0400][gc,metaspace] GC(1159) Metaspace: 44233K(44928K)->44233K(44928K) NonClass: 39138K(39488K)->39138K(39488K) Class: 5095K(5440K)->5095K(5440K)
[2023-04-18T04:51:33.258-0400][gc          ] GC(1159) Pause Young (Normal) (G1 Evacuation Pause) 285M->241M(1024M) 76.732ms
[2023-04-18T04:51:33.258-0400][gc,cpu      ] GC(1159) User=0.26s Sys=0.03s Real=0.07s
[2023-04-18T05:07:13.306-0400][gc,start    ] GC(1160) Pause Young (Normal) (G1 Evacuation Pause)
[2023-04-18T05:07:13.311-0400][gc,task     ] GC(1160) Using 8 workers of 8 for evacuation
[2023-04-18T05:07:13.327-0400][gc,phases   ] GC(1160)   Pre Evacuate Collection Set: 3.8ms
[2023-04-18T05:07:13.327-0400][gc,phases   ] GC(1160)   Merge Heap Roots: 0.2ms
[2023-04-18T05:07:13.327-0400][gc,phases   ] GC(1160)   Evacuate Collection Set: 10.9ms
[2023-04-18T05:07:13.327-0400][gc,phases   ] GC(1160)   Post Evacuate Collection Set: 0.4ms
[2023-04-18T05:07:13.327-0400][gc,phases   ] GC(1160)   Other: 0.1ms
[2023-04-18T05:07:13.327-0400][gc,heap     ] GC(1160) Eden regions: 45->0(45)
[2023-04-18T05:07:13.327-0400][gc,heap     ] GC(1160) Survivor regions: 6->6(7)
[2023-04-18T05:07:13.327-0400][gc,heap     ] GC(1160) Old regions: 107->109
[2023-04-18T05:07:13.327-0400][gc,heap     ] GC(1160) Archive regions: 2->2
[2023-04-18T05:07:13.327-0400][gc,heap     ] GC(1160) Humongous regions: 129->129
[2023-04-18T05:07:13.327-0400][gc,metaspace] GC(1160) Metaspace: 44233K(44928K)->44233K(44928K) NonClass: 39138K(39488K)->39138K(39488K) Class: 5095K(5440K)->5095K(5440K)
[2023-04-18T05:07:13.327-0400][gc          ] GC(1160) Pause Young (Normal) (G1 Evacuation Pause) 286M->244M(1024M) 21.054ms
[2023-04-18T05:07:13.327-0400][gc,cpu      ] GC(1160) User=0.04s Sys=0.01s Real=0.02s
[2023-04-18T05:07:44.986-0400][gc,start    ] GC(1161) Pause Young (Normal) (G1 Evacuation Pause)
[2023-04-18T05:07:44.986-0400][gc,task     ] GC(1161) Using 8 workers of 8 for evacuation
[2023-04-18T05:07:45.015-0400][gc,mmu      ] GC(1161) MMU target violated: 21.0ms (20.0ms/21.0ms)
[2023-04-18T05:07:45.015-0400][gc,phases   ] GC(1161)   Pre Evacuate Collection Set: 2.3ms
[2023-04-18T05:07:45.015-0400][gc,phases   ] GC(1161)   Merge Heap Roots: 0.4ms
[2023-04-18T05:07:45.015-0400][gc,phases   ] GC(1161)   Evacuate Collection Set: 23.8ms
[2023-04-18T05:07:45.015-0400][gc,phases   ] GC(1161)   Post Evacuate Collection Set: 0.6ms
[2023-04-18T05:07:45.015-0400][gc,phases   ] GC(1161)   Other: 1.9ms
[2023-04-18T05:07:45.015-0400][gc,heap     ] GC(1161) Eden regions: 45->0(45)
[2023-04-18T05:07:45.015-0400][gc,heap     ] GC(1161) Survivor regions: 6->6(7)
[2023-04-18T05:07:45.015-0400][gc,heap     ] GC(1161) Old regions: 109->112
[2023-04-18T05:07:45.015-0400][gc,heap     ] GC(1161) Archive regions: 2->2
[2023-04-18T05:07:45.015-0400][gc,heap     ] GC(1161) Humongous regions: 129->129
[2023-04-18T05:07:45.015-0400][gc,metaspace] GC(1161) Metaspace: 44233K(44928K)->44233K(44928K) NonClass: 39138K(39488K)->39138K(39488K) Class: 5095K(5440K)->5095K(5440K)
[2023-04-18T05:07:45.015-0400][gc          ] GC(1161) Pause Young (Normal) (G1 Evacuation Pause) 289M->247M(1024M) 29.649ms
[2023-04-18T05:07:45.015-0400][gc,cpu      ] GC(1161) User=0.09s Sys=0.05s Real=0.03s
[2023-04-18T05:08:19.200-0400][gc,start    ] GC(1162) Pause Young (Normal) (G1 Evacuation Pause)
[2023-04-18T05:08:19.208-0400][gc,task     ] GC(1162) Using 8 workers of 8 for evacuation
[2023-04-18T05:08:19.292-0400][gc,mmu      ] GC(1162) MMU target violated: 21.0ms (20.0ms/21.0ms)
[2023-04-18T05:08:19.292-0400][gc,phases   ] GC(1162)   Pre Evacuate Collection Set: 9.2ms
[2023-04-18T05:08:19.292-0400][gc,phases   ] GC(1162)   Merge Heap Roots: 0.2ms
[2023-04-18T05:08:19.292-0400][gc,phases   ] GC(1162)   Evacuate Collection Set: 73.3ms
[2023-04-18T05:08:19.292-0400][gc,phases   ] GC(1162)   Post Evacuate Collection Set: 0.8ms
[2023-04-18T05:08:19.292-0400][gc,phases   ] GC(1162)   Other: 0.5ms
[2023-04-18T05:08:19.292-0400][gc,heap     ] GC(1162) Eden regions: 45->0(46)
[2023-04-18T05:08:19.292-0400][gc,heap     ] GC(1162) Survivor regions: 6->5(7)
[2023-04-18T05:08:19.292-0400][gc,heap     ] GC(1162) Old regions: 112->115
[2023-04-18T05:08:19.292-0400][gc,heap     ] GC(1162) Archive regions: 2->2
[2023-04-18T05:08:19.292-0400][gc,heap     ] GC(1162) Humongous regions: 129->129
[2023-04-18T05:08:19.292-0400][gc,metaspace] GC(1162) Metaspace: 44233K(44928K)->44233K(44928K) NonClass: 39138K(39488K)->39138K(39488K) Class: 5095K(5440K)->5095K(5440K)
[2023-04-18T05:08:19.293-0400][gc          ] GC(1162) Pause Young (Normal) (G1 Evacuation Pause) 292M->248M(1024M) 92.274ms
[2023-04-18T05:08:19.293-0400][gc,cpu      ] GC(1162) User=0.07s Sys=0.07s Real=0.09s
[2023-04-18T05:08:53.632-0400][gc,start    ] GC(1163) Pause Young (Normal) (G1 Evacuation Pause)
[2023-04-18T05:08:53.633-0400][gc,task     ] GC(1163) Using 8 workers of 8 for evacuation
[2023-04-18T05:08:53.656-0400][gc,mmu      ] GC(1163) MMU target violated: 21.0ms (20.0ms/21.0ms)
[2023-04-18T05:08:53.656-0400][gc,phases   ] GC(1163)   Pre Evacuate Collection Set: 0.3ms
[2023-04-18T05:08:53.656-0400][gc,phases   ] GC(1163)   Merge Heap Roots: 1.2ms
[2023-04-18T05:08:53.656-0400][gc,phases   ] GC(1163)   Evacuate Collection Set: 20.0ms
[2023-04-18T05:08:53.656-0400][gc,phases   ] GC(1163)   Post Evacuate Collection Set: 2.0ms
[2023-04-18T05:08:53.656-0400][gc,phases   ] GC(1163)   Other: 0.3ms
[2023-04-18T05:08:53.657-0400][gc,heap     ] GC(1163) Eden regions: 46->0(48)
[2023-04-18T05:08:53.657-0400][gc,heap     ] GC(1163) Survivor regions: 5->3(7)
[2023-04-18T05:08:53.657-0400][gc,heap     ] GC(1163) Old regions: 115->118
[2023-04-18T05:08:53.657-0400][gc,heap     ] GC(1163) Archive regions: 2->2
[2023-04-18T05:08:53.657-0400][gc,heap     ] GC(1163) Humongous regions: 129->129
[2023-04-18T05:08:53.657-0400][gc,metaspace] GC(1163) Metaspace: 44233K(44928K)->44233K(44928K) NonClass: 39138K(39488K)->39138K(39488K) Class: 5095K(5440K)->5095K(5440K)
[2023-04-18T05:08:53.657-0400][gc          ] GC(1163) Pause Young (Normal) (G1 Evacuation Pause) 294M->250M(1024M) 24.802ms
[2023-04-18T05:08:53.657-0400][gc,cpu      ] GC(1163) User=0.05s Sys=0.05s Real=0.02s
[2023-04-18T05:09:25.171-0400][gc,start    ] GC(1164) Pause Young (Normal) (G1 Evacuation Pause)
[2023-04-18T05:09:25.172-0400][gc,task     ] GC(1164) Using 8 workers of 8 for evacuation
[2023-04-18T05:09:25.180-0400][gc,phases   ] GC(1164)   Pre Evacuate Collection Set: 1.2ms
[2023-04-18T05:09:25.180-0400][gc,phases   ] GC(1164)   Merge Heap Roots: 0.1ms
[2023-04-18T05:09:25.180-0400][gc,phases   ] GC(1164)   Evacuate Collection Set: 6.2ms
[2023-04-18T05:09:25.180-0400][gc,phases   ] GC(1164)   Post Evacuate Collection Set: 0.4ms
[2023-04-18T05:09:25.180-0400][gc,phases   ] GC(1164)   Other: 0.2ms
[2023-04-18T05:09:25.180-0400][gc,heap     ] GC(1164) Eden regions: 48->0(47)
[2023-04-18T05:09:25.180-0400][gc,heap     ] GC(1164) Survivor regions: 3->4(7)
[2023-04-18T05:09:25.180-0400][gc,heap     ] GC(1164) Old regions: 118->118
[2023-04-18T05:09:25.180-0400][gc,heap     ] GC(1164) Archive regions: 2->2
[2023-04-18T05:09:25.180-0400][gc,heap     ] GC(1164) Humongous regions: 129->129
[2023-04-18T05:09:25.180-0400][gc,metaspace] GC(1164) Metaspace: 44233K(44928K)->44233K(44928K) NonClass: 39138K(39488K)->39138K(39488K) Class: 5095K(5440K)->5095K(5440K)
[2023-04-18T05:09:25.180-0400][gc          ] GC(1164) Pause Young (Normal) (G1 Evacuation Pause) 298M->251M(1024M) 8.767ms
[2023-04-18T05:09:25.180-0400][gc,cpu      ] GC(1164) User=0.04s Sys=0.00s Real=0.01s
[2023-04-18T05:09:54.767-0400][gc,start    ] GC(1165) Pause Young (Normal) (G1 Evacuation Pause)
[2023-04-18T05:09:54.767-0400][gc,task     ] GC(1165) Using 8 workers of 8 for evacuation
[2023-04-18T05:09:54.778-0400][gc,phases   ] GC(1165)   Pre Evacuate Collection Set: 0.2ms
[2023-04-18T05:09:54.778-0400][gc,phases   ] GC(1165)   Merge Heap Roots: 0.1ms
[2023-04-18T05:09:54.778-0400][gc,phases   ] GC(1165)   Evacuate Collection Set: 9.5ms
[2023-04-18T05:09:54.778-0400][gc,phases   ] GC(1165)   Post Evacuate Collection Set: 0.4ms
[2023-04-18T05:09:54.778-0400][gc,phases   ] GC(1165)   Other: 0.2ms
[2023-04-18T05:09:54.778-0400][gc,heap     ] GC(1165) Eden regions: 47->0(47)
[2023-04-18T05:09:54.778-0400][gc,heap     ] GC(1165) Survivor regions: 4->4(7)
[2023-04-18T05:09:54.778-0400][gc,heap     ] GC(1165) Old regions: 118->119
[2023-04-18T05:09:54.778-0400][gc,heap     ] GC(1165) Archive regions: 2->2
[2023-04-18T05:09:54.778-0400][gc,heap     ] GC(1165) Humongous regions: 129->129
[2023-04-18T05:09:54.778-0400][gc,metaspace] GC(1165) Metaspace: 44233K(44928K)->44233K(44928K) NonClass: 39138K(39488K)->39138K(39488K) Class: 5095K(5440K)->5095K(5440K)
[2023-04-18T05:09:54.778-0400][gc          ] GC(1165) Pause Young (Normal) (G1 Evacuation Pause) 298M->252M(1024M) 10.773ms
[2023-04-18T05:09:54.778-0400][gc,cpu      ] GC(1165) User=0.04s Sys=0.02s Real=0.01s
[2023-04-18T05:10:23.733-0400][gc,start    ] GC(1166) Pause Young (Normal) (G1 Evacuation Pause)
[2023-04-18T05:10:23.733-0400][gc,task     ] GC(1166) Using 8 workers of 8 for evacuation
[2023-04-18T05:10:23.737-0400][gc,phases   ] GC(1166)   Pre Evacuate Collection Set: 0.2ms
[2023-04-18T05:10:23.737-0400][gc,phases   ] GC(1166)   Merge Heap Roots: 0.1ms
[2023-04-18T05:10:23.738-0400][gc,phases   ] GC(1166)   Evacuate Collection Set: 3.4ms
[2023-04-18T05:10:23.738-0400][gc,phases   ] GC(1166)   Post Evacuate Collection Set: 0.4ms
[2023-04-18T05:10:23.738-0400][gc,phases   ] GC(1166)   Other: 0.1ms
[2023-04-18T05:10:23.738-0400][gc,heap     ] GC(1166) Eden regions: 47->0(47)
[2023-04-18T05:10:23.738-0400][gc,heap     ] GC(1166) Survivor regions: 4->4(7)
[2023-04-18T05:10:23.738-0400][gc,heap     ] GC(1166) Old regions: 119->119
[2023-04-18T05:10:23.738-0400][gc,heap     ] GC(1166) Archive regions: 2->2
[2023-04-18T05:10:23.738-0400][gc,heap     ] GC(1166) Humongous regions: 129->129
[2023-04-18T05:10:23.738-0400][gc,metaspace] GC(1166) Metaspace: 44233K(44928K)->44233K(44928K) NonClass: 39138K(39488K)->39138K(39488K) Class: 5095K(5440K)->5095K(5440K)
[2023-04-18T05:10:23.738-0400][gc          ] GC(1166) Pause Young (Normal) (G1 Evacuation Pause) 299M->252M(1024M) 4.699ms
[2023-04-18T05:10:23.738-0400][gc,cpu      ] GC(1166) User=0.03s Sys=0.00s Real=0.00s
[2023-04-18T05:10:52.642-0400][gc,start    ] GC(1167) Pause Young (Normal) (G1 Evacuation Pause)
[2023-04-18T05:10:52.642-0400][gc,task     ] GC(1167) Using 8 workers of 8 for evacuation
[2023-04-18T05:10:52.650-0400][gc,phases   ] GC(1167)   Pre Evacuate Collection Set: 0.1ms
[2023-04-18T05:10:52.650-0400][gc,phases   ] GC(1167)   Merge Heap Roots: 0.1ms
[2023-04-18T05:10:52.650-0400][gc,phases   ] GC(1167)   Evacuate Collection Set: 6.9ms
[2023-04-18T05:10:52.650-0400][gc,phases   ] GC(1167)   Post Evacuate Collection Set: 0.3ms
[2023-04-18T05:10:52.650-0400][gc,phases   ] GC(1167)   Other: 0.7ms
[2023-04-18T05:10:52.650-0400][gc,heap     ] GC(1167) Eden regions: 47->0(47)
[2023-04-18T05:10:52.650-0400][gc,heap     ] GC(1167) Survivor regions: 4->4(7)
[2023-04-18T05:10:52.650-0400][gc,heap     ] GC(1167) Old regions: 119->120
[2023-04-18T05:10:52.650-0400][gc,heap     ] GC(1167) Archive regions: 2->2
[2023-04-18T05:10:52.650-0400][gc,heap     ] GC(1167) Humongous regions: 129->129
[2023-04-18T05:10:52.650-0400][gc,metaspace] GC(1167) Metaspace: 44233K(44928K)->44233K(44928K) NonClass: 39138K(39488K)->39138K(39488K) Class: 5095K(5440K)->5095K(5440K)
[2023-04-18T05:10:52.650-0400][gc          ] GC(1167) Pause Young (Normal) (G1 Evacuation Pause) 299M->253M(1024M) 8.455ms
[2023-04-18T05:10:52.651-0400][gc,cpu      ] GC(1167) User=0.03s Sys=0.01s Real=0.01s
[2023-04-18T05:11:21.237-0400][gc,start    ] GC(1168) Pause Young (Normal) (G1 Evacuation Pause)
[2023-04-18T05:11:21.237-0400][gc,task     ] GC(1168) Using 8 workers of 8 for evacuation
[2023-04-18T05:11:21.243-0400][gc,phases   ] GC(1168)   Pre Evacuate Collection Set: 0.2ms
[2023-04-18T05:11:21.243-0400][gc,phases   ] GC(1168)   Merge Heap Roots: 0.2ms
[2023-04-18T05:11:21.243-0400][gc,phases   ] GC(1168)   Evacuate Collection Set: 5.2ms
[2023-04-18T05:11:21.243-0400][gc,phases   ] GC(1168)   Post Evacuate Collection Set: 0.6ms
[2023-04-18T05:11:21.243-0400][gc,phases   ] GC(1168)   Other: 0.2ms
[2023-04-18T05:11:21.243-0400][gc,heap     ] GC(1168) Eden regions: 47->0(60)
[2023-04-18T05:11:21.243-0400][gc,heap     ] GC(1168) Survivor regions: 4->5(7)
[2023-04-18T05:11:21.243-0400][gc,heap     ] GC(1168) Old regions: 120->120
[2023-04-18T05:11:21.243-0400][gc,heap     ] GC(1168) Archive regions: 2->2
[2023-04-18T05:11:21.243-0400][gc,heap     ] GC(1168) Humongous regions: 129->129
[2023-04-18T05:11:21.243-0400][gc,metaspace] GC(1168) Metaspace: 44233K(44928K)->44233K(44928K) NonClass: 39138K(39488K)->39138K(39488K) Class: 5095K(5440K)->5095K(5440K)
[2023-04-18T05:11:21.243-0400][gc          ] GC(1168) Pause Young (Normal) (G1 Evacuation Pause) 300M->254M(1024M) 6.847ms
[2023-04-18T05:11:21.243-0400][gc,cpu      ] GC(1168) User=0.04s Sys=0.00s Real=0.01s
[2023-04-18T05:11:57.445-0400][gc,start    ] GC(1169) Pause Young (Normal) (G1 Evacuation Pause)
[2023-04-18T05:11:57.445-0400][gc,task     ] GC(1169) Using 8 workers of 8 for evacuation
[2023-04-18T05:11:57.458-0400][gc,phases   ] GC(1169)   Pre Evacuate Collection Set: 0.1ms
[2023-04-18T05:11:57.458-0400][gc,phases   ] GC(1169)   Merge Heap Roots: 0.0ms
[2023-04-18T05:11:57.458-0400][gc,phases   ] GC(1169)   Evacuate Collection Set: 12.3ms
[2023-04-18T05:11:57.458-0400][gc,phases   ] GC(1169)   Post Evacuate Collection Set: 0.2ms
[2023-04-18T05:11:57.458-0400][gc,phases   ] GC(1169)   Other: 0.1ms
[2023-04-18T05:11:57.458-0400][gc,heap     ] GC(1169) Eden regions: 60->0(45)
[2023-04-18T05:11:57.458-0400][gc,heap     ] GC(1169) Survivor regions: 5->6(9)
[2023-04-18T05:11:57.458-0400][gc,heap     ] GC(1169) Old regions: 120->120
[2023-04-18T05:11:57.458-0400][gc,heap     ] GC(1169) Archive regions: 2->2
[2023-04-18T05:11:57.458-0400][gc,heap     ] GC(1169) Humongous regions: 129->129
[2023-04-18T05:11:57.458-0400][gc,metaspace] GC(1169) Metaspace: 44233K(44928K)->44233K(44928K) NonClass: 39138K(39488K)->39138K(39488K) Class: 5095K(5440K)->5095K(5440K)
[2023-04-18T05:11:57.458-0400][gc          ] GC(1169) Pause Young (Normal) (G1 Evacuation Pause) 314M->255M(1024M) 13.053ms
[2023-04-18T05:11:57.458-0400][gc,cpu      ] GC(1169) User=0.02s Sys=0.04s Real=0.01s
[2023-04-18T05:12:24.238-0400][gc,start    ] GC(1170) Pause Young (Normal) (G1 Evacuation Pause)
[2023-04-18T05:12:24.238-0400][gc,task     ] GC(1170) Using 8 workers of 8 for evacuation
[2023-04-18T05:12:24.250-0400][gc,phases   ] GC(1170)   Pre Evacuate Collection Set: 0.2ms
[2023-04-18T05:12:24.250-0400][gc,phases   ] GC(1170)   Merge Heap Roots: 0.1ms
[2023-04-18T05:12:24.250-0400][gc,phases   ] GC(1170)   Evacuate Collection Set: 11.6ms
[2023-04-18T05:12:24.250-0400][gc,phases   ] GC(1170)   Post Evacuate Collection Set: 0.3ms
[2023-04-18T05:12:24.250-0400][gc,phases   ] GC(1170)   Other: 0.1ms
[2023-04-18T05:12:24.250-0400][gc,heap     ] GC(1170) Eden regions: 45->0(119)
[2023-04-18T05:12:24.250-0400][gc,heap     ] GC(1170) Survivor regions: 6->5(7)
[2023-04-18T05:12:24.250-0400][gc,heap     ] GC(1170) Old regions: 120->122
[2023-04-18T05:12:24.250-0400][gc,heap     ] GC(1170) Archive regions: 2->2
[2023-04-18T05:12:24.250-0400][gc,heap     ] GC(1170) Humongous regions: 129->129
[2023-04-18T05:12:24.250-0400][gc,metaspace] GC(1170) Metaspace: 44233K(44928K)->44233K(44928K) NonClass: 39138K(39488K)->39138K(39488K) Class: 5095K(5440K)->5095K(5440K)
[2023-04-18T05:12:24.250-0400][gc          ] GC(1170) Pause Young (Normal) (G1 Evacuation Pause) 300M->256M(1024M) 12.499ms
[2023-04-18T05:12:24.250-0400][gc,cpu      ] GC(1170) User=0.03s Sys=0.01s Real=0.02s
[2023-04-18T05:13:34.278-0400][gc,start    ] GC(1171) Pause Young (Normal) (G1 Evacuation Pause)
[2023-04-18T05:13:34.278-0400][gc,task     ] GC(1171) Using 8 workers of 8 for evacuation
[2023-04-18T05:13:34.290-0400][gc,phases   ] GC(1171)   Pre Evacuate Collection Set: 0.2ms
[2023-04-18T05:13:34.290-0400][gc,phases   ] GC(1171)   Merge Heap Roots: 0.1ms
[2023-04-18T05:13:34.290-0400][gc,phases   ] GC(1171)   Evacuate Collection Set: 11.7ms
[2023-04-18T05:13:34.290-0400][gc,phases   ] GC(1171)   Post Evacuate Collection Set: 0.3ms
[2023-04-18T05:13:34.291-0400][gc,phases   ] GC(1171)   Other: 0.1ms
[2023-04-18T05:13:34.291-0400][gc,heap     ] GC(1171) Eden regions: 115->0(57)
[2023-04-18T05:13:34.291-0400][gc,heap     ] GC(1171) Survivor regions: 5->7(15)
[2023-04-18T05:13:34.291-0400][gc,heap     ] GC(1171) Old regions: 122->122
[2023-04-18T05:13:34.291-0400][gc,heap     ] GC(1171) Archive regions: 2->2
[2023-04-18T05:13:34.291-0400][gc,heap     ] GC(1171) Humongous regions: 129->129
[2023-04-18T05:13:34.291-0400][gc,metaspace] GC(1171) Metaspace: 44233K(44928K)->44233K(44928K) NonClass: 39138K(39488K)->39138K(39488K) Class: 5095K(5440K)->5095K(5440K)
[2023-04-18T05:13:34.291-0400][gc          ] GC(1171) Pause Young (Normal) (G1 Evacuation Pause) 371M->257M(1024M) 12.621ms
[2023-04-18T05:13:34.291-0400][gc,cpu      ] GC(1171) User=0.04s Sys=0.03s Real=0.02s
[2023-04-18T05:14:08.496-0400][gc,start    ] GC(1172) Pause Young (Normal) (G1 Evacuation Pause)
[2023-04-18T05:14:08.496-0400][gc,task     ] GC(1172) Using 8 workers of 8 for evacuation
[2023-04-18T05:14:08.507-0400][gc,phases   ] GC(1172)   Pre Evacuate Collection Set: 0.1ms
[2023-04-18T05:14:08.507-0400][gc,phases   ] GC(1172)   Merge Heap Roots: 0.1ms
[2023-04-18T05:14:08.507-0400][gc,phases   ] GC(1172)   Evacuate Collection Set: 10.7ms
[2023-04-18T05:14:08.507-0400][gc,phases   ] GC(1172)   Post Evacuate Collection Set: 0.3ms
[2023-04-18T05:14:08.507-0400][gc,phases   ] GC(1172)   Other: 0.1ms
[2023-04-18T05:14:08.507-0400][gc,heap     ] GC(1172) Eden regions: 57->0(202)
[2023-04-18T05:14:08.507-0400][gc,heap     ] GC(1172) Survivor regions: 7->5(8)
[2023-04-18T05:14:08.507-0400][gc,heap     ] GC(1172) Old regions: 122->125
[2023-04-18T05:14:08.507-0400][gc,heap     ] GC(1172) Archive regions: 2->2
[2023-04-18T05:14:08.507-0400][gc,heap     ] GC(1172) Humongous regions: 129->129
[2023-04-18T05:14:08.507-0400][gc,metaspace] GC(1172) Metaspace: 44233K(44928K)->44233K(44928K) NonClass: 39138K(39488K)->39138K(39488K) Class: 5095K(5440K)->5095K(5440K)
[2023-04-18T05:14:08.508-0400][gc          ] GC(1172) Pause Young (Normal) (G1 Evacuation Pause) 314M->258M(1024M) 11.513ms
[2023-04-18T05:14:08.508-0400][gc,cpu      ] GC(1172) User=0.03s Sys=0.01s Real=0.01s
[2023-04-18T05:16:13.817-0400][gc,start    ] GC(1173) Pause Young (Normal) (G1 Evacuation Pause)
[2023-04-18T05:16:13.817-0400][gc,task     ] GC(1173) Using 8 workers of 8 for evacuation
[2023-04-18T05:16:13.839-0400][gc,mmu      ] GC(1173) MMU target violated: 21.0ms (20.0ms/21.0ms)
[2023-04-18T05:16:13.839-0400][gc,phases   ] GC(1173)   Pre Evacuate Collection Set: 1.3ms
[2023-04-18T05:16:13.839-0400][gc,phases   ] GC(1173)   Merge Heap Roots: 0.1ms
[2023-04-18T05:16:13.839-0400][gc,phases   ] GC(1173)   Evacuate Collection Set: 19.0ms
[2023-04-18T05:16:13.839-0400][gc,phases   ] GC(1173)   Post Evacuate Collection Set: 1.0ms
[2023-04-18T05:16:13.839-0400][gc,phases   ] GC(1173)   Other: 0.8ms
[2023-04-18T05:16:13.839-0400][gc,heap     ] GC(1173) Eden regions: 200->0(43)
[2023-04-18T05:16:13.839-0400][gc,heap     ] GC(1173) Survivor regions: 5->8(26)
[2023-04-18T05:16:13.839-0400][gc,heap     ] GC(1173) Old regions: 125->125
[2023-04-18T05:16:13.839-0400][gc,heap     ] GC(1173) Archive regions: 2->2
[2023-04-18T05:16:13.839-0400][gc,heap     ] GC(1173) Humongous regions: 129->129
[2023-04-18T05:16:13.839-0400][gc,metaspace] GC(1173) Metaspace: 44233K(44928K)->44233K(44928K) NonClass: 39138K(39488K)->39138K(39488K) Class: 5095K(5440K)->5095K(5440K)
[2023-04-18T05:16:13.839-0400][gc          ] GC(1173) Pause Young (Normal) (G1 Evacuation Pause) 458M->261M(1024M) 22.467ms
[2023-04-18T05:16:13.839-0400][gc,cpu      ] GC(1173) User=0.05s Sys=0.06s Real=0.02s
[2023-04-18T05:16:40.080-0400][gc,start    ] GC(1174) Pause Young (Normal) (G1 Evacuation Pause)
[2023-04-18T05:16:40.081-0400][gc,task     ] GC(1174) Using 8 workers of 8 for evacuation
[2023-04-18T05:16:40.112-0400][gc,mmu      ] GC(1174) MMU target violated: 21.0ms (20.0ms/21.0ms)
[2023-04-18T05:16:40.112-0400][gc,phases   ] GC(1174)   Pre Evacuate Collection Set: 0.2ms
[2023-04-18T05:16:40.112-0400][gc,phases   ] GC(1174)   Merge Heap Roots: 0.1ms
[2023-04-18T05:16:40.112-0400][gc,phases   ] GC(1174)   Evacuate Collection Set: 30.6ms
[2023-04-18T05:16:40.112-0400][gc,phases   ] GC(1174)   Post Evacuate Collection Set: 0.2ms
[2023-04-18T05:16:40.112-0400][gc,phases   ] GC(1174)   Other: 0.1ms
[2023-04-18T05:16:40.112-0400][gc,heap     ] GC(1174) Eden regions: 43->0(140)
[2023-04-18T05:16:40.112-0400][gc,heap     ] GC(1174) Survivor regions: 8->4(7)
[2023-04-18T05:16:40.112-0400][gc,heap     ] GC(1174) Old regions: 125->129
[2023-04-18T05:16:40.112-0400][gc,heap     ] GC(1174) Archive regions: 2->2
[2023-04-18T05:16:40.112-0400][gc,heap     ] GC(1174) Humongous regions: 129->129
[2023-04-18T05:16:40.112-0400][gc,metaspace] GC(1174) Metaspace: 44233K(44928K)->44233K(44928K) NonClass: 39138K(39488K)->39138K(39488K) Class: 5095K(5440K)->5095K(5440K)
[2023-04-18T05:16:40.112-0400][gc          ] GC(1174) Pause Young (Normal) (G1 Evacuation Pause) 304M->262M(1024M) 31.509ms
[2023-04-18T05:16:40.112-0400][gc,cpu      ] GC(1174) User=0.04s Sys=0.04s Real=0.03s
[2023-04-18T05:18:10.696-0400][gc,start    ] GC(1175) Pause Young (Normal) (G1 Evacuation Pause)
[2023-04-18T05:18:10.696-0400][gc,task     ] GC(1175) Using 8 workers of 8 for evacuation
[2023-04-18T05:18:10.700-0400][gc,phases   ] GC(1175)   Pre Evacuate Collection Set: 0.1ms
[2023-04-18T05:18:10.700-0400][gc,phases   ] GC(1175)   Merge Heap Roots: 0.1ms
[2023-04-18T05:18:10.700-0400][gc,phases   ] GC(1175)   Evacuate Collection Set: 3.6ms
[2023-04-18T05:18:10.700-0400][gc,phases   ] GC(1175)   Post Evacuate Collection Set: 0.3ms
[2023-04-18T05:18:10.700-0400][gc,phases   ] GC(1175)   Other: 0.1ms
[2023-04-18T05:18:10.700-0400][gc,heap     ] GC(1175) Eden regions: 140->0(130)
[2023-04-18T05:18:10.700-0400][gc,heap     ] GC(1175) Survivor regions: 4->6(18)
[2023-04-18T05:18:10.700-0400][gc,heap     ] GC(1175) Old regions: 129->129
[2023-04-18T05:18:10.700-0400][gc,heap     ] GC(1175) Archive regions: 2->2
[2023-04-18T05:18:10.700-0400][gc,heap     ] GC(1175) Humongous regions: 129->129
[2023-04-18T05:18:10.700-0400][gc,metaspace] GC(1175) Metaspace: 44233K(44928K)->44233K(44928K) NonClass: 39138K(39488K)->39138K(39488K) Class: 5095K(5440K)->5095K(5440K)
[2023-04-18T05:18:10.700-0400][gc          ] GC(1175) Pause Young (Normal) (G1 Evacuation Pause) 402M->263M(1024M) 4.425ms
[2023-04-18T05:18:10.700-0400][gc,cpu      ] GC(1175) User=0.03s Sys=0.00s Real=0.01s
[2023-04-18T05:19:35.390-0400][gc,start    ] GC(1176) Pause Young (Normal) (G1 Evacuation Pause)
[2023-04-18T05:19:35.390-0400][gc,task     ] GC(1176) Using 8 workers of 8 for evacuation
[2023-04-18T05:19:35.395-0400][gc,phases   ] GC(1176)   Pre Evacuate Collection Set: 0.1ms
[2023-04-18T05:19:35.395-0400][gc,phases   ] GC(1176)   Merge Heap Roots: 0.1ms
[2023-04-18T05:19:35.396-0400][gc,phases   ] GC(1176)   Evacuate Collection Set: 4.8ms
[2023-04-18T05:19:35.396-0400][gc,phases   ] GC(1176)   Post Evacuate Collection Set: 0.3ms
[2023-04-18T05:19:35.396-0400][gc,phases   ] GC(1176)   Other: 0.1ms
[2023-04-18T05:19:35.396-0400][gc,heap     ] GC(1176) Eden regions: 130->0(232)
[2023-04-18T05:19:35.396-0400][gc,heap     ] GC(1176) Survivor regions: 6->6(17)
[2023-04-18T05:19:35.396-0400][gc,heap     ] GC(1176) Old regions: 129->129
[2023-04-18T05:19:35.396-0400][gc,heap     ] GC(1176) Archive regions: 2->2
[2023-04-18T05:19:35.396-0400][gc,heap     ] GC(1176) Humongous regions: 129->129
[2023-04-18T05:19:35.396-0400][gc,metaspace] GC(1176) Metaspace: 44233K(44928K)->44233K(44928K) NonClass: 39138K(39488K)->39138K(39488K) Class: 5095K(5440K)->5095K(5440K)
[2023-04-18T05:19:35.396-0400][gc          ] GC(1176) Pause Young (Normal) (G1 Evacuation Pause) 393M->264M(1024M) 5.693ms
[2023-04-18T05:19:35.396-0400][gc,cpu      ] GC(1176) User=0.03s Sys=0.00s Real=0.00s
[2023-04-18T05:22:06.623-0400][gc,start    ] GC(1177) Pause Young (Normal) (G1 Evacuation Pause)
[2023-04-18T05:22:06.623-0400][gc,task     ] GC(1177) Using 8 workers of 8 for evacuation
[2023-04-18T05:22:06.645-0400][gc,mmu      ] GC(1177) MMU target violated: 21.0ms (20.0ms/21.0ms)
[2023-04-18T05:22:06.645-0400][gc,phases   ] GC(1177)   Pre Evacuate Collection Set: 0.2ms
[2023-04-18T05:22:06.645-0400][gc,phases   ] GC(1177)   Merge Heap Roots: 0.1ms
[2023-04-18T05:22:06.645-0400][gc,phases   ] GC(1177)   Evacuate Collection Set: 21.8ms
[2023-04-18T05:22:06.645-0400][gc,phases   ] GC(1177)   Post Evacuate Collection Set: 0.3ms
[2023-04-18T05:22:06.646-0400][gc,phases   ] GC(1177)   Other: 0.2ms
[2023-04-18T05:22:06.646-0400][gc,heap     ] GC(1177) Eden regions: 232->0(42)
[2023-04-18T05:22:06.646-0400][gc,heap     ] GC(1177) Survivor regions: 6->9(30)
[2023-04-18T05:22:06.646-0400][gc,heap     ] GC(1177) Old regions: 129->129
[2023-04-18T05:22:06.646-0400][gc,heap     ] GC(1177) Archive regions: 2->2
[2023-04-18T05:22:06.646-0400][gc,heap     ] GC(1177) Humongous regions: 129->129
[2023-04-18T05:22:06.646-0400][gc,metaspace] GC(1177) Metaspace: 44233K(44928K)->44233K(44928K) NonClass: 39138K(39488K)->39138K(39488K) Class: 5095K(5440K)->5095K(5440K)
[2023-04-18T05:22:06.646-0400][gc          ] GC(1177) Pause Young (Normal) (G1 Evacuation Pause) 496M->266M(1024M) 22.815ms
[2023-04-18T05:22:06.646-0400][gc,cpu      ] GC(1177) User=0.04s Sys=0.07s Real=0.02s
[2023-04-18T05:22:33.609-0400][gc,start    ] GC(1178) Pause Young (Normal) (G1 Evacuation Pause)
[2023-04-18T05:22:33.609-0400][gc,task     ] GC(1178) Using 8 workers of 8 for evacuation
[2023-04-18T05:22:33.669-0400][gc,mmu      ] GC(1178) MMU target violated: 21.0ms (20.0ms/21.0ms)
[2023-04-18T05:22:33.669-0400][gc,phases   ] GC(1178)   Pre Evacuate Collection Set: 0.3ms
[2023-04-18T05:22:33.669-0400][gc,phases   ] GC(1178)   Merge Heap Roots: 0.2ms
[2023-04-18T05:22:33.669-0400][gc,phases   ] GC(1178)   Evacuate Collection Set: 58.7ms
[2023-04-18T05:22:33.669-0400][gc,phases   ] GC(1178)   Post Evacuate Collection Set: 0.3ms
[2023-04-18T05:22:33.669-0400][gc,phases   ] GC(1178)   Other: 1.1ms
[2023-04-18T05:22:33.669-0400][gc,heap     ] GC(1178) Eden regions: 42->0(47)
[2023-04-18T05:22:33.669-0400][gc,heap     ] GC(1178) Survivor regions: 9->4(7)
[2023-04-18T05:22:33.669-0400][gc,heap     ] GC(1178) Old regions: 129->134
[2023-04-18T05:22:33.670-0400][gc,heap     ] GC(1178) Archive regions: 2->2
[2023-04-18T05:22:33.670-0400][gc,heap     ] GC(1178) Humongous regions: 129->129
[2023-04-18T05:22:33.670-0400][gc,metaspace] GC(1178) Metaspace: 44233K(44928K)->44233K(44928K) NonClass: 39138K(39488K)->39138K(39488K) Class: 5095K(5440K)->5095K(5440K)
[2023-04-18T05:22:33.670-0400][gc          ] GC(1178) Pause Young (Normal) (G1 Evacuation Pause) 308M->267M(1024M) 60.998ms
[2023-04-18T05:22:33.670-0400][gc,cpu      ] GC(1178) User=0.06s Sys=0.08s Real=0.07s
[2023-04-18T05:23:04.002-0400][gc,start    ] GC(1179) Pause Young (Normal) (G1 Evacuation Pause)
[2023-04-18T05:23:04.002-0400][gc,task     ] GC(1179) Using 8 workers of 8 for evacuation
[2023-04-18T05:23:04.009-0400][gc,phases   ] GC(1179)   Pre Evacuate Collection Set: 0.3ms
[2023-04-18T05:23:04.009-0400][gc,phases   ] GC(1179)   Merge Heap Roots: 0.2ms
[2023-04-18T05:23:04.009-0400][gc,phases   ] GC(1179)   Evacuate Collection Set: 5.7ms
[2023-04-18T05:23:04.009-0400][gc,phases   ] GC(1179)   Post Evacuate Collection Set: 0.4ms
[2023-04-18T05:23:04.009-0400][gc,phases   ] GC(1179)   Other: 0.3ms
[2023-04-18T05:23:04.009-0400][gc,heap     ] GC(1179) Eden regions: 47->0(46)
[2023-04-18T05:23:04.009-0400][gc,heap     ] GC(1179) Survivor regions: 4->5(7)
[2023-04-18T05:23:04.009-0400][gc,heap     ] GC(1179) Old regions: 134->134
[2023-04-18T05:23:04.009-0400][gc,heap     ] GC(1179) Archive regions: 2->2
[2023-04-18T05:23:04.009-0400][gc,heap     ] GC(1179) Humongous regions: 129->129
[2023-04-18T05:23:04.009-0400][gc,metaspace] GC(1179) Metaspace: 44233K(44928K)->44233K(44928K) NonClass: 39138K(39488K)->39138K(39488K) Class: 5095K(5440K)->5095K(5440K)
[2023-04-18T05:23:04.009-0400][gc          ] GC(1179) Pause Young (Normal) (G1 Evacuation Pause) 314M->268M(1024M) 7.207ms
[2023-04-18T05:23:04.009-0400][gc,cpu      ] GC(1179) User=0.04s Sys=0.01s Real=0.00s
[2023-04-18T05:23:33.359-0400][gc,start    ] GC(1180) Pause Young (Normal) (G1 Evacuation Pause)
[2023-04-18T05:23:33.359-0400][gc,task     ] GC(1180) Using 8 workers of 8 for evacuation
[2023-04-18T05:23:33.395-0400][gc,phases   ] GC(1180)   Pre Evacuate Collection Set: 0.2ms
[2023-04-18T05:23:33.395-0400][gc,phases   ] GC(1180)   Merge Heap Roots: 0.1ms
[2023-04-18T05:23:33.395-0400][gc,phases   ] GC(1180)   Evacuate Collection Set: 10.3ms
[2023-04-18T05:23:33.395-0400][gc,phases   ] GC(1180)   Post Evacuate Collection Set: 0.8ms
[2023-04-18T05:23:33.395-0400][gc,phases   ] GC(1180)   Other: 24.3ms
[2023-04-18T05:23:33.395-0400][gc,heap     ] GC(1180) Eden regions: 46->0(212)
[2023-04-18T05:23:33.395-0400][gc,heap     ] GC(1180) Survivor regions: 5->3(7)
[2023-04-18T05:23:33.395-0400][gc,heap     ] GC(1180) Old regions: 134->137
[2023-04-18T05:23:33.395-0400][gc,heap     ] GC(1180) Archive regions: 2->2
[2023-04-18T05:23:33.395-0400][gc,heap     ] GC(1180) Humongous regions: 129->129
[2023-04-18T05:23:33.395-0400][gc,metaspace] GC(1180) Metaspace: 44233K(44928K)->44233K(44928K) NonClass: 39138K(39488K)->39138K(39488K) Class: 5095K(5440K)->5095K(5440K)
[2023-04-18T05:23:33.395-0400][gc          ] GC(1180) Pause Young (Normal) (G1 Evacuation Pause) 314M->268M(1024M) 36.197ms
[2023-04-18T05:23:33.395-0400][gc,cpu      ] GC(1180) User=0.02s Sys=0.02s Real=0.04s
[2023-04-18T05:25:55.144-0400][gc,start    ] GC(1181) Pause Young (Normal) (G1 Evacuation Pause)
[2023-04-18T05:25:55.144-0400][gc,task     ] GC(1181) Using 8 workers of 8 for evacuation
[2023-04-18T05:25:55.149-0400][gc,phases   ] GC(1181)   Pre Evacuate Collection Set: 0.1ms
[2023-04-18T05:25:55.149-0400][gc,phases   ] GC(1181)   Merge Heap Roots: 0.1ms
[2023-04-18T05:25:55.149-0400][gc,phases   ] GC(1181)   Evacuate Collection Set: 4.1ms
[2023-04-18T05:25:55.149-0400][gc,phases   ] GC(1181)   Post Evacuate Collection Set: 0.3ms
[2023-04-18T05:25:55.149-0400][gc,phases   ] GC(1181)   Other: 0.1ms
[2023-04-18T05:25:55.149-0400][gc,heap     ] GC(1181) Eden regions: 212->0(83)
[2023-04-18T05:25:55.149-0400][gc,heap     ] GC(1181) Survivor regions: 3->6(27)
[2023-04-18T05:25:55.149-0400][gc,heap     ] GC(1181) Old regions: 137->137
[2023-04-18T05:25:55.149-0400][gc,heap     ] GC(1181) Archive regions: 2->2
[2023-04-18T05:25:55.149-0400][gc,heap     ] GC(1181) Humongous regions: 129->129
[2023-04-18T05:25:55.149-0400][gc,metaspace] GC(1181) Metaspace: 44233K(44928K)->44233K(44928K) NonClass: 39138K(39488K)->39138K(39488K) Class: 5095K(5440K)->5095K(5440K)
[2023-04-18T05:25:55.149-0400][gc          ] GC(1181) Pause Young (Normal) (G1 Evacuation Pause) 480M->272M(1024M) 5.146ms
[2023-04-18T05:25:55.149-0400][gc,cpu      ] GC(1181) User=0.03s Sys=0.00s Real=0.00s
[2023-04-18T05:26:48.636-0400][gc,start    ] GC(1182) Pause Young (Normal) (G1 Evacuation Pause)
[2023-04-18T05:26:48.637-0400][gc,task     ] GC(1182) Using 8 workers of 8 for evacuation
[2023-04-18T05:26:48.643-0400][gc,phases   ] GC(1182)   Pre Evacuate Collection Set: 0.1ms
[2023-04-18T05:26:48.643-0400][gc,phases   ] GC(1182)   Merge Heap Roots: 0.1ms
[2023-04-18T05:26:48.643-0400][gc,phases   ] GC(1182)   Evacuate Collection Set: 5.6ms
[2023-04-18T05:26:48.643-0400][gc,phases   ] GC(1182)   Post Evacuate Collection Set: 0.4ms
[2023-04-18T05:26:48.643-0400][gc,phases   ] GC(1182)   Other: 0.1ms
[2023-04-18T05:26:48.643-0400][gc,heap     ] GC(1182) Eden regions: 83->0(47)
[2023-04-18T05:26:48.643-0400][gc,heap     ] GC(1182) Survivor regions: 6->8(12)
[2023-04-18T05:26:48.643-0400][gc,heap     ] GC(1182) Old regions: 137->137
[2023-04-18T05:26:48.643-0400][gc,heap     ] GC(1182) Archive regions: 2->2
[2023-04-18T05:26:48.643-0400][gc,heap     ] GC(1182) Humongous regions: 129->129
[2023-04-18T05:26:48.643-0400][gc,metaspace] GC(1182) Metaspace: 44233K(44928K)->44233K(44928K) NonClass: 39138K(39488K)->39138K(39488K) Class: 5095K(5440K)->5095K(5440K)
[2023-04-18T05:26:48.643-0400][gc          ] GC(1182) Pause Young (Normal) (G1 Evacuation Pause) 355M->273M(1024M) 6.835ms
[2023-04-18T05:26:48.643-0400][gc,cpu      ] GC(1182) User=0.04s Sys=0.00s Real=0.01s
[2023-04-18T05:27:19.131-0400][gc,start    ] GC(1183) Pause Young (Normal) (G1 Evacuation Pause)
[2023-04-18T05:27:19.131-0400][gc,task     ] GC(1183) Using 8 workers of 8 for evacuation
[2023-04-18T05:27:19.171-0400][gc,mmu      ] GC(1183) MMU target violated: 21.0ms (20.0ms/21.0ms)
[2023-04-18T05:27:19.171-0400][gc,phases   ] GC(1183)   Pre Evacuate Collection Set: 0.1ms
[2023-04-18T05:27:19.171-0400][gc,phases   ] GC(1183)   Merge Heap Roots: 0.1ms
[2023-04-18T05:27:19.171-0400][gc,phases   ] GC(1183)   Evacuate Collection Set: 38.9ms
[2023-04-18T05:27:19.171-0400][gc,phases   ] GC(1183)   Post Evacuate Collection Set: 0.3ms
[2023-04-18T05:27:19.171-0400][gc,phases   ] GC(1183)   Other: 0.2ms
[2023-04-18T05:27:19.171-0400][gc,heap     ] GC(1183) Eden regions: 47->0(90)
[2023-04-18T05:27:19.171-0400][gc,heap     ] GC(1183) Survivor regions: 8->3(7)
[2023-04-18T05:27:19.171-0400][gc,heap     ] GC(1183) Old regions: 137->142
[2023-04-18T05:27:19.171-0400][gc,heap     ] GC(1183) Archive regions: 2->2
[2023-04-18T05:27:19.171-0400][gc,heap     ] GC(1183) Humongous regions: 129->129
[2023-04-18T05:27:19.171-0400][gc,metaspace] GC(1183) Metaspace: 44233K(44928K)->44233K(44928K) NonClass: 39138K(39488K)->39138K(39488K) Class: 5095K(5440K)->5095K(5440K)
[2023-04-18T05:27:19.171-0400][gc          ] GC(1183) Pause Young (Normal) (G1 Evacuation Pause) 320M->274M(1024M) 40.221ms
[2023-04-18T05:27:19.171-0400][gc,cpu      ] GC(1183) User=0.04s Sys=0.06s Real=0.04s
[2023-04-18T05:28:22.719-0400][gc,start    ] GC(1184) Pause Young (Normal) (G1 Evacuation Pause)
[2023-04-18T05:28:22.720-0400][gc,task     ] GC(1184) Using 8 workers of 8 for evacuation
[2023-04-18T05:28:22.727-0400][gc,phases   ] GC(1184)   Pre Evacuate Collection Set: 0.3ms
[2023-04-18T05:28:22.727-0400][gc,phases   ] GC(1184)   Merge Heap Roots: 0.2ms
[2023-04-18T05:28:22.727-0400][gc,phases   ] GC(1184)   Evacuate Collection Set: 5.6ms
[2023-04-18T05:28:22.727-0400][gc,phases   ] GC(1184)   Post Evacuate Collection Set: 0.6ms
[2023-04-18T05:28:22.727-0400][gc,phases   ] GC(1184)   Other: 0.2ms
[2023-04-18T05:28:22.727-0400][gc,heap     ] GC(1184) Eden regions: 90->0(102)
[2023-04-18T05:28:22.727-0400][gc,heap     ] GC(1184) Survivor regions: 3->4(12)
[2023-04-18T05:28:22.727-0400][gc,heap     ] GC(1184) Old regions: 142->142
[2023-04-18T05:28:22.727-0400][gc,heap     ] GC(1184) Archive regions: 2->2
[2023-04-18T05:28:22.727-0400][gc,heap     ] GC(1184) Humongous regions: 129->129
[2023-04-18T05:28:22.727-0400][gc,metaspace] GC(1184) Metaspace: 44233K(44928K)->44233K(44928K) NonClass: 39138K(39488K)->39138K(39488K) Class: 5095K(5440K)->5095K(5440K)
[2023-04-18T05:28:22.727-0400][gc          ] GC(1184) Pause Young (Normal) (G1 Evacuation Pause) 364M->275M(1024M) 8.163ms
[2023-04-18T05:28:22.727-0400][gc,cpu      ] GC(1184) User=0.04s Sys=0.01s Real=0.01s
[2023-04-18T05:29:36.100-0400][gc,start    ] GC(1185) Pause Young (Normal) (G1 Evacuation Pause)
[2023-04-18T05:29:36.101-0400][gc,task     ] GC(1185) Using 8 workers of 8 for evacuation
[2023-04-18T05:29:36.112-0400][gc,phases   ] GC(1185)   Pre Evacuate Collection Set: 0.3ms
[2023-04-18T05:29:36.112-0400][gc,phases   ] GC(1185)   Merge Heap Roots: 0.2ms
[2023-04-18T05:29:36.112-0400][gc,phases   ] GC(1185)   Evacuate Collection Set: 9.4ms
[2023-04-18T05:29:36.112-0400][gc,phases   ] GC(1185)   Post Evacuate Collection Set: 1.0ms
[2023-04-18T05:29:36.112-0400][gc,phases   ] GC(1185)   Other: 0.3ms
[2023-04-18T05:29:36.112-0400][gc,heap     ] GC(1185) Eden regions: 102->0(98)
[2023-04-18T05:29:36.112-0400][gc,heap     ] GC(1185) Survivor regions: 4->5(14)
[2023-04-18T05:29:36.112-0400][gc,heap     ] GC(1185) Old regions: 142->142
[2023-04-18T05:29:36.112-0400][gc,heap     ] GC(1185) Archive regions: 2->2
[2023-04-18T05:29:36.112-0400][gc,heap     ] GC(1185) Humongous regions: 129->129
[2023-04-18T05:29:36.112-0400][gc,metaspace] GC(1185) Metaspace: 44233K(44928K)->44233K(44928K) NonClass: 39138K(39488K)->39138K(39488K) Class: 5095K(5440K)->5095K(5440K)
[2023-04-18T05:29:36.113-0400][gc          ] GC(1185) Pause Young (Normal) (G1 Evacuation Pause) 377M->276M(1024M) 12.448ms
[2023-04-18T05:29:36.113-0400][gc,cpu      ] GC(1185) User=0.06s Sys=0.00s Real=0.01s
[2023-04-18T05:30:47.522-0400][gc,start    ] GC(1186) Pause Young (Normal) (G1 Evacuation Pause)
[2023-04-18T05:30:47.522-0400][gc,task     ] GC(1186) Using 8 workers of 8 for evacuation
[2023-04-18T05:30:47.535-0400][gc,phases   ] GC(1186)   Pre Evacuate Collection Set: 0.3ms
[2023-04-18T05:30:47.535-0400][gc,phases   ] GC(1186)   Merge Heap Roots: 0.3ms
[2023-04-18T05:30:47.536-0400][gc,phases   ] GC(1186)   Evacuate Collection Set: 11.7ms
[2023-04-18T05:30:47.536-0400][gc,phases   ] GC(1186)   Post Evacuate Collection Set: 1.1ms
[2023-04-18T05:30:47.536-0400][gc,phases   ] GC(1186)   Other: 0.2ms
[2023-04-18T05:30:47.536-0400][gc,heap     ] GC(1186) Eden regions: 98->0(92)
[2023-04-18T05:30:47.536-0400][gc,heap     ] GC(1186) Survivor regions: 5->6(13)
[2023-04-18T05:30:47.536-0400][gc,heap     ] GC(1186) Old regions: 142->142
[2023-04-18T05:30:47.536-0400][gc,heap     ] GC(1186) Archive regions: 2->2
[2023-04-18T05:30:47.536-0400][gc,heap     ] GC(1186) Humongous regions: 129->129
[2023-04-18T05:30:47.536-0400][gc,metaspace] GC(1186) Metaspace: 44233K(44928K)->44233K(44928K) NonClass: 39138K(39488K)->39138K(39488K) Class: 5095K(5440K)->5095K(5440K)
[2023-04-18T05:30:47.536-0400][gc          ] GC(1186) Pause Young (Normal) (G1 Evacuation Pause) 374M->277M(1024M) 14.737ms
[2023-04-18T05:30:47.536-0400][gc,cpu      ] GC(1186) User=0.08s Sys=0.01s Real=0.01s
[2023-04-18T05:32:14.982-0400][gc,start    ] GC(1187) Pause Young (Normal) (G1 Evacuation Pause)
[2023-04-18T05:32:14.983-0400][gc,task     ] GC(1187) Using 8 workers of 8 for evacuation
[2023-04-18T05:32:15.029-0400][gc,mmu      ] GC(1187) MMU target violated: 21.0ms (20.0ms/21.0ms)
[2023-04-18T05:32:15.029-0400][gc,phases   ] GC(1187)   Pre Evacuate Collection Set: 1.0ms
[2023-04-18T05:32:15.029-0400][gc,phases   ] GC(1187)   Merge Heap Roots: 0.7ms
[2023-04-18T05:32:15.029-0400][gc,phases   ] GC(1187)   Evacuate Collection Set: 39.0ms
[2023-04-18T05:32:15.029-0400][gc,phases   ] GC(1187)   Post Evacuate Collection Set: 4.2ms
[2023-04-18T05:32:15.029-0400][gc,phases   ] GC(1187)   Other: 1.4ms
[2023-04-18T05:32:15.030-0400][gc,heap     ] GC(1187) Eden regions: 92->0(43)
[2023-04-18T05:32:15.030-0400][gc,heap     ] GC(1187) Survivor regions: 6->8(13)
[2023-04-18T05:32:15.030-0400][gc,heap     ] GC(1187) Old regions: 142->142
[2023-04-18T05:32:15.030-0400][gc,heap     ] GC(1187) Archive regions: 2->2
[2023-04-18T05:32:15.030-0400][gc,heap     ] GC(1187) Humongous regions: 129->129
[2023-04-18T05:32:15.030-0400][gc,metaspace] GC(1187) Metaspace: 44233K(44928K)->44233K(44928K) NonClass: 39138K(39488K)->39138K(39488K) Class: 5095K(5440K)->5095K(5440K)
[2023-04-18T05:32:15.030-0400][gc          ] GC(1187) Pause Young (Normal) (G1 Evacuation Pause) 369M->278M(1024M) 48.236ms
[2023-04-18T05:32:15.030-0400][gc,cpu      ] GC(1187) User=0.25s Sys=0.04s Real=0.05s
[2023-04-18T05:32:56.749-0400][gc,start    ] GC(1188) Pause Young (Normal) (G1 Evacuation Pause)
[2023-04-18T05:32:56.750-0400][gc,task     ] GC(1188) Using 8 workers of 8 for evacuation
[2023-04-18T05:32:56.985-0400][gc,mmu      ] GC(1188) MMU target violated: 21.0ms (20.0ms/21.0ms)
[2023-04-18T05:32:56.986-0400][gc,phases   ] GC(1188)   Pre Evacuate Collection Set: 0.5ms
[2023-04-18T05:32:56.986-0400][gc,phases   ] GC(1188)   Merge Heap Roots: 0.5ms
[2023-04-18T05:32:56.987-0400][gc,phases   ] GC(1188)   Evacuate Collection Set: 231.1ms
[2023-04-18T05:32:56.987-0400][gc,phases   ] GC(1188)   Post Evacuate Collection Set: 2.6ms
[2023-04-18T05:32:56.987-0400][gc,phases   ] GC(1188)   Other: 1.4ms
[2023-04-18T05:32:56.988-0400][gc,heap     ] GC(1188) Eden regions: 43->0(47)
[2023-04-18T05:32:56.988-0400][gc,heap     ] GC(1188) Survivor regions: 8->4(7)
[2023-04-18T05:32:56.988-0400][gc,heap     ] GC(1188) Old regions: 142->146
[2023-04-18T05:32:56.988-0400][gc,heap     ] GC(1188) Archive regions: 2->2
[2023-04-18T05:32:56.988-0400][gc,heap     ] GC(1188) Humongous regions: 129->129
[2023-04-18T05:32:56.988-0400][gc,metaspace] GC(1188) Metaspace: 44233K(44928K)->44233K(44928K) NonClass: 39138K(39488K)->39138K(39488K) Class: 5095K(5440K)->5095K(5440K)
[2023-04-18T05:32:56.988-0400][gc          ] GC(1188) Pause Young (Normal) (G1 Evacuation Pause) 321M->279M(1024M) 239.086ms
[2023-04-18T05:32:56.989-0400][gc,cpu      ] GC(1188) User=0.32s Sys=0.49s Real=0.24s
[2023-04-18T05:33:44.159-0400][gc,start    ] GC(1189) Pause Young (Normal) (G1 Evacuation Pause)
[2023-04-18T05:33:44.160-0400][gc,task     ] GC(1189) Using 8 workers of 8 for evacuation
[2023-04-18T05:33:44.190-0400][gc,mmu      ] GC(1189) MMU target violated: 21.0ms (20.0ms/21.0ms)
[2023-04-18T05:33:44.190-0400][gc,phases   ] GC(1189)   Pre Evacuate Collection Set: 1.1ms
[2023-04-18T05:33:44.190-0400][gc,phases   ] GC(1189)   Merge Heap Roots: 0.4ms
[2023-04-18T05:33:44.190-0400][gc,phases   ] GC(1189)   Evacuate Collection Set: 25.3ms
[2023-04-18T05:33:44.190-0400][gc,phases   ] GC(1189)   Post Evacuate Collection Set: 2.2ms
[2023-04-18T05:33:44.190-0400][gc,phases   ] GC(1189)   Other: 1.2ms
[2023-04-18T05:33:44.191-0400][gc,heap     ] GC(1189) Eden regions: 47->0(46)
[2023-04-18T05:33:44.191-0400][gc,heap     ] GC(1189) Survivor regions: 4->5(7)
[2023-04-18T05:33:44.191-0400][gc,heap     ] GC(1189) Old regions: 146->146
[2023-04-18T05:33:44.191-0400][gc,heap     ] GC(1189) Archive regions: 2->2
[2023-04-18T05:33:44.191-0400][gc,heap     ] GC(1189) Humongous regions: 129->129
[2023-04-18T05:33:44.191-0400][gc,metaspace] GC(1189) Metaspace: 44233K(44928K)->44233K(44928K) NonClass: 39138K(39488K)->39138K(39488K) Class: 5095K(5440K)->5095K(5440K)
[2023-04-18T05:33:44.191-0400][gc          ] GC(1189) Pause Young (Normal) (G1 Evacuation Pause) 326M->280M(1024M) 32.118ms
[2023-04-18T05:33:44.191-0400][gc,cpu      ] GC(1189) User=0.17s Sys=0.03s Real=0.04s
[2023-04-18T05:34:30.765-0400][gc,start    ] GC(1190) Pause Young (Normal) (G1 Evacuation Pause)
[2023-04-18T05:34:30.766-0400][gc,task     ] GC(1190) Using 8 workers of 8 for evacuation
[2023-04-18T05:34:30.823-0400][gc,mmu      ] GC(1190) MMU target violated: 21.0ms (20.0ms/21.0ms)
[2023-04-18T05:34:30.823-0400][gc,phases   ] GC(1190)   Pre Evacuate Collection Set: 0.6ms
[2023-04-18T05:34:30.823-0400][gc,phases   ] GC(1190)   Merge Heap Roots: 0.5ms
[2023-04-18T05:34:30.823-0400][gc,phases   ] GC(1190)   Evacuate Collection Set: 51.9ms
[2023-04-18T05:34:30.824-0400][gc,phases   ] GC(1190)   Post Evacuate Collection Set: 3.9ms
[2023-04-18T05:34:30.824-0400][gc,phases   ] GC(1190)   Other: 0.9ms
[2023-04-18T05:34:30.824-0400][gc,heap     ] GC(1190) Eden regions: 46->0(46)
[2023-04-18T05:34:30.824-0400][gc,heap     ] GC(1190) Survivor regions: 5->5(7)
[2023-04-18T05:34:30.824-0400][gc,heap     ] GC(1190) Old regions: 146->147
[2023-04-18T05:34:30.824-0400][gc,heap     ] GC(1190) Archive regions: 2->2
[2023-04-18T05:34:30.824-0400][gc,heap     ] GC(1190) Humongous regions: 129->129
[2023-04-18T05:34:30.824-0400][gc,metaspace] GC(1190) Metaspace: 44233K(44928K)->44233K(44928K) NonClass: 39138K(39488K)->39138K(39488K) Class: 5095K(5440K)->5095K(5440K)
[2023-04-18T05:34:30.824-0400][gc          ] GC(1190) Pause Young (Normal) (G1 Evacuation Pause) 326M->281M(1024M) 59.488ms
[2023-04-18T05:34:30.825-0400][gc,cpu      ] GC(1190) User=0.21s Sys=0.09s Real=0.06s
[2023-04-18T05:35:18.462-0400][gc,start    ] GC(1191) Pause Young (Normal) (G1 Evacuation Pause)
[2023-04-18T05:35:18.462-0400][gc,task     ] GC(1191) Using 8 workers of 8 for evacuation
[2023-04-18T05:35:18.518-0400][gc,mmu      ] GC(1191) MMU target violated: 21.0ms (20.0ms/21.0ms)
[2023-04-18T05:35:18.518-0400][gc,phases   ] GC(1191)   Pre Evacuate Collection Set: 0.7ms
[2023-04-18T05:35:18.518-0400][gc,phases   ] GC(1191)   Merge Heap Roots: 0.6ms
[2023-04-18T05:35:18.518-0400][gc,phases   ] GC(1191)   Evacuate Collection Set: 51.5ms
[2023-04-18T05:35:18.519-0400][gc,phases   ] GC(1191)   Post Evacuate Collection Set: 2.4ms
[2023-04-18T05:35:18.519-0400][gc,phases   ] GC(1191)   Other: 0.9ms
[2023-04-18T05:35:18.519-0400][gc,heap     ] GC(1191) Eden regions: 46->0(46)
[2023-04-18T05:35:18.519-0400][gc,heap     ] GC(1191) Survivor regions: 5->5(7)
[2023-04-18T05:35:18.519-0400][gc,heap     ] GC(1191) Old regions: 147->149
[2023-04-18T05:35:18.519-0400][gc,heap     ] GC(1191) Archive regions: 2->2
[2023-04-18T05:35:18.519-0400][gc,heap     ] GC(1191) Humongous regions: 129->129
[2023-04-18T05:35:18.519-0400][gc,metaspace] GC(1191) Metaspace: 44233K(44928K)->44233K(44928K) NonClass: 39138K(39488K)->39138K(39488K) Class: 5095K(5440K)->5095K(5440K)
[2023-04-18T05:35:18.519-0400][gc          ] GC(1191) Pause Young (Normal) (G1 Evacuation Pause) 327M->283M(1024M) 57.766ms
[2023-04-18T05:35:18.520-0400][gc,cpu      ] GC(1191) User=0.22s Sys=0.11s Real=0.06s
[2023-04-18T05:36:04.163-0400][gc,start    ] GC(1192) Pause Young (Normal) (G1 Evacuation Pause)
[2023-04-18T05:36:04.163-0400][gc,task     ] GC(1192) Using 8 workers of 8 for evacuation
[2023-04-18T05:36:04.241-0400][gc,mmu      ] GC(1192) MMU target violated: 21.0ms (20.0ms/21.0ms)
[2023-04-18T05:36:04.241-0400][gc,phases   ] GC(1192)   Pre Evacuate Collection Set: 0.7ms
[2023-04-18T05:36:04.242-0400][gc,phases   ] GC(1192)   Merge Heap Roots: 0.8ms
[2023-04-18T05:36:04.242-0400][gc,phases   ] GC(1192)   Evacuate Collection Set: 72.3ms
[2023-04-18T05:36:04.242-0400][gc,phases   ] GC(1192)   Post Evacuate Collection Set: 2.6ms
[2023-04-18T05:36:04.242-0400][gc,phases   ] GC(1192)   Other: 1.5ms
[2023-04-18T05:36:04.243-0400][gc,heap     ] GC(1192) Eden regions: 46->0(47)
[2023-04-18T05:36:04.243-0400][gc,heap     ] GC(1192) Survivor regions: 5->4(7)
[2023-04-18T05:36:04.244-0400][gc,heap     ] GC(1192) Old regions: 149->151
[2023-04-18T05:36:04.244-0400][gc,heap     ] GC(1192) Archive regions: 2->2
[2023-04-18T05:36:04.244-0400][gc,heap     ] GC(1192) Humongous regions: 129->129
[2023-04-18T05:36:04.244-0400][gc,metaspace] GC(1192) Metaspace: 44233K(44928K)->44233K(44928K) NonClass: 39138K(39488K)->39138K(39488K) Class: 5095K(5440K)->5095K(5440K)
[2023-04-18T05:36:04.244-0400][gc          ] GC(1192) Pause Young (Normal) (G1 Evacuation Pause) 329M->284M(1024M) 81.116ms
[2023-04-18T05:36:04.244-0400][gc,cpu      ] GC(1192) User=0.20s Sys=0.21s Real=0.08s
[2023-04-18T05:36:52.148-0400][gc,start    ] GC(1193) Pause Young (Normal) (G1 Evacuation Pause)
[2023-04-18T05:36:52.149-0400][gc,task     ] GC(1193) Using 8 workers of 8 for evacuation
[2023-04-18T05:36:52.179-0400][gc,mmu      ] GC(1193) MMU target violated: 21.0ms (20.0ms/21.0ms)
[2023-04-18T05:36:52.180-0400][gc,phases   ] GC(1193)   Pre Evacuate Collection Set: 0.6ms
[2023-04-18T05:36:52.180-0400][gc,phases   ] GC(1193)   Merge Heap Roots: 0.5ms
[2023-04-18T05:36:52.180-0400][gc,phases   ] GC(1193)   Evacuate Collection Set: 26.6ms
[2023-04-18T05:36:52.180-0400][gc,phases   ] GC(1193)   Post Evacuate Collection Set: 2.4ms
[2023-04-18T05:36:52.180-0400][gc,phases   ] GC(1193)   Other: 0.8ms
[2023-04-18T05:36:52.180-0400][gc,heap     ] GC(1193) Eden regions: 47->0(46)
[2023-04-18T05:36:52.180-0400][gc,heap     ] GC(1193) Survivor regions: 4->5(7)
[2023-04-18T05:36:52.180-0400][gc,heap     ] GC(1193) Old regions: 151->151
[2023-04-18T05:36:52.180-0400][gc,heap     ] GC(1193) Archive regions: 2->2
[2023-04-18T05:36:52.181-0400][gc,heap     ] GC(1193) Humongous regions: 129->129
[2023-04-18T05:36:52.181-0400][gc,metaspace] GC(1193) Metaspace: 44233K(44928K)->44233K(44928K) NonClass: 39138K(39488K)->39138K(39488K) Class: 5095K(5440K)->5095K(5440K)
[2023-04-18T05:36:52.181-0400][gc          ] GC(1193) Pause Young (Normal) (G1 Evacuation Pause) 331M->285M(1024M) 33.150ms
[2023-04-18T05:36:52.181-0400][gc,cpu      ] GC(1193) User=0.17s Sys=0.02s Real=0.04s
[2023-04-18T05:37:39.513-0400][gc,start    ] GC(1194) Pause Young (Normal) (G1 Evacuation Pause)
[2023-04-18T05:37:39.515-0400][gc,task     ] GC(1194) Using 8 workers of 8 for evacuation
[2023-04-18T05:37:39.610-0400][gc,mmu      ] GC(1194) MMU target violated: 21.0ms (20.0ms/21.0ms)
[2023-04-18T05:37:39.611-0400][gc,phases   ] GC(1194)   Pre Evacuate Collection Set: 1.0ms
[2023-04-18T05:37:39.611-0400][gc,phases   ] GC(1194)   Merge Heap Roots: 0.6ms
[2023-04-18T05:37:39.611-0400][gc,phases   ] GC(1194)   Evacuate Collection Set: 89.5ms
[2023-04-18T05:37:39.611-0400][gc,phases   ] GC(1194)   Post Evacuate Collection Set: 3.3ms
[2023-04-18T05:37:39.611-0400][gc,phases   ] GC(1194)   Other: 1.3ms
[2023-04-18T05:37:39.611-0400][gc,heap     ] GC(1194) Eden regions: 46->0(46)
[2023-04-18T05:37:39.611-0400][gc,heap     ] GC(1194) Survivor regions: 5->5(7)
[2023-04-18T05:37:39.612-0400][gc,heap     ] GC(1194) Old regions: 151->152
[2023-04-18T05:37:39.612-0400][gc,heap     ] GC(1194) Archive regions: 2->2
[2023-04-18T05:37:39.612-0400][gc,heap     ] GC(1194) Humongous regions: 129->129
[2023-04-18T05:37:39.612-0400][gc,metaspace] GC(1194) Metaspace: 44233K(44928K)->44233K(44928K) NonClass: 39138K(39488K)->39138K(39488K) Class: 5095K(5440K)->5095K(5440K)
[2023-04-18T05:37:39.612-0400][gc          ] GC(1194) Pause Young (Normal) (G1 Evacuation Pause) 331M->286M(1024M) 98.569ms
[2023-04-18T05:37:39.612-0400][gc,cpu      ] GC(1194) User=0.22s Sys=0.14s Real=0.10s
[2023-04-18T05:38:25.494-0400][gc,start    ] GC(1195) Pause Young (Normal) (G1 Evacuation Pause)
[2023-04-18T05:38:25.495-0400][gc,task     ] GC(1195) Using 8 workers of 8 for evacuation
[2023-04-18T05:38:25.568-0400][gc,mmu      ] GC(1195) MMU target violated: 21.0ms (20.0ms/21.0ms)
[2023-04-18T05:38:25.569-0400][gc,phases   ] GC(1195)   Pre Evacuate Collection Set: 0.7ms
[2023-04-18T05:38:25.569-0400][gc,phases   ] GC(1195)   Merge Heap Roots: 0.6ms
[2023-04-18T05:38:25.569-0400][gc,phases   ] GC(1195)   Evacuate Collection Set: 70.0ms
[2023-04-18T05:38:25.569-0400][gc,phases   ] GC(1195)   Post Evacuate Collection Set: 1.9ms
[2023-04-18T05:38:25.569-0400][gc,phases   ] GC(1195)   Other: 0.9ms
[2023-04-18T05:38:25.569-0400][gc,heap     ] GC(1195) Eden regions: 46->0(47)
[2023-04-18T05:38:25.569-0400][gc,heap     ] GC(1195) Survivor regions: 5->4(7)
[2023-04-18T05:38:25.569-0400][gc,heap     ] GC(1195) Old regions: 152->154
[2023-04-18T05:38:25.569-0400][gc,heap     ] GC(1195) Archive regions: 2->2
[2023-04-18T05:38:25.569-0400][gc,heap     ] GC(1195) Humongous regions: 129->129
[2023-04-18T05:38:25.569-0400][gc,metaspace] GC(1195) Metaspace: 44233K(44928K)->44233K(44928K) NonClass: 39138K(39488K)->39138K(39488K) Class: 5095K(5440K)->5095K(5440K)
[2023-04-18T05:38:25.570-0400][gc          ] GC(1195) Pause Young (Normal) (G1 Evacuation Pause) 332M->287M(1024M) 76.224ms
[2023-04-18T05:38:25.570-0400][gc,cpu      ] GC(1195) User=0.24s Sys=0.14s Real=0.08s
[2023-04-18T05:39:12.166-0400][gc,start    ] GC(1196) Pause Young (Normal) (G1 Evacuation Pause)
[2023-04-18T05:39:12.167-0400][gc,task     ] GC(1196) Using 8 workers of 8 for evacuation
[2023-04-18T05:39:12.232-0400][gc,mmu      ] GC(1196) MMU target violated: 21.0ms (20.0ms/21.0ms)
[2023-04-18T05:39:12.232-0400][gc,phases   ] GC(1196)   Pre Evacuate Collection Set: 1.0ms
[2023-04-18T05:39:12.232-0400][gc,phases   ] GC(1196)   Merge Heap Roots: 0.8ms
[2023-04-18T05:39:12.233-0400][gc,phases   ] GC(1196)   Evacuate Collection Set: 58.8ms
[2023-04-18T05:39:12.233-0400][gc,phases   ] GC(1196)   Post Evacuate Collection Set: 2.2ms
[2023-04-18T05:39:12.233-0400][gc,phases   ] GC(1196)   Other: 1.9ms
[2023-04-18T05:39:12.233-0400][gc,heap     ] GC(1196) Eden regions: 47->0(47)
[2023-04-18T05:39:12.233-0400][gc,heap     ] GC(1196) Survivor regions: 4->4(7)
[2023-04-18T05:39:12.233-0400][gc,heap     ] GC(1196) Old regions: 154->156
[2023-04-18T05:39:12.234-0400][gc,heap     ] GC(1196) Archive regions: 2->2
[2023-04-18T05:39:12.234-0400][gc,heap     ] GC(1196) Humongous regions: 129->129
[2023-04-18T05:39:12.234-0400][gc,metaspace] GC(1196) Metaspace: 44233K(44928K)->44233K(44928K) NonClass: 39138K(39488K)->39138K(39488K) Class: 5095K(5440K)->5095K(5440K)
[2023-04-18T05:39:12.235-0400][gc          ] GC(1196) Pause Young (Normal) (G1 Evacuation Pause) 334M->289M(1024M) 68.295ms
[2023-04-18T05:39:12.235-0400][gc,cpu      ] GC(1196) User=0.20s Sys=0.11s Real=0.07s
[2023-04-18T05:39:58.762-0400][gc,start    ] GC(1197) Pause Young (Normal) (G1 Evacuation Pause)
[2023-04-18T05:39:58.764-0400][gc,task     ] GC(1197) Using 8 workers of 8 for evacuation
[2023-04-18T05:39:58.820-0400][gc,mmu      ] GC(1197) MMU target violated: 21.0ms (20.0ms/21.0ms)
[2023-04-18T05:39:58.820-0400][gc,phases   ] GC(1197)   Pre Evacuate Collection Set: 1.0ms
[2023-04-18T05:39:58.820-0400][gc,phases   ] GC(1197)   Merge Heap Roots: 0.6ms
[2023-04-18T05:39:58.821-0400][gc,phases   ] GC(1197)   Evacuate Collection Set: 51.5ms
[2023-04-18T05:39:58.821-0400][gc,phases   ] GC(1197)   Post Evacuate Collection Set: 2.2ms
[2023-04-18T05:39:58.821-0400][gc,phases   ] GC(1197)   Other: 1.3ms
[2023-04-18T05:39:58.821-0400][gc,heap     ] GC(1197) Eden regions: 47->0(47)
[2023-04-18T05:39:58.821-0400][gc,heap     ] GC(1197) Survivor regions: 4->4(7)
[2023-04-18T05:39:58.821-0400][gc,heap     ] GC(1197) Old regions: 156->157
[2023-04-18T05:39:58.821-0400][gc,heap     ] GC(1197) Archive regions: 2->2
[2023-04-18T05:39:58.821-0400][gc,heap     ] GC(1197) Humongous regions: 129->129
[2023-04-18T05:39:58.821-0400][gc,metaspace] GC(1197) Metaspace: 44233K(44928K)->44233K(44928K) NonClass: 39138K(39488K)->39138K(39488K) Class: 5095K(5440K)->5095K(5440K)
[2023-04-18T05:39:58.821-0400][gc          ] GC(1197) Pause Young (Normal) (G1 Evacuation Pause) 336M->290M(1024M) 59.390ms
[2023-04-18T05:39:58.822-0400][gc,cpu      ] GC(1197) User=0.20s Sys=0.12s Real=0.06s
[2023-04-18T05:40:47.278-0400][gc,start    ] GC(1198) Pause Young (Normal) (G1 Evacuation Pause)
[2023-04-18T05:40:47.281-0400][gc,task     ] GC(1198) Using 8 workers of 8 for evacuation
[2023-04-18T05:40:47.347-0400][gc,mmu      ] GC(1198) MMU target violated: 21.0ms (20.0ms/21.0ms)
[2023-04-18T05:40:47.347-0400][gc,phases   ] GC(1198)   Pre Evacuate Collection Set: 1.1ms
[2023-04-18T05:40:47.347-0400][gc,phases   ] GC(1198)   Merge Heap Roots: 5.4ms
[2023-04-18T05:40:47.347-0400][gc,phases   ] GC(1198)   Evacuate Collection Set: 51.8ms
[2023-04-18T05:40:47.347-0400][gc,phases   ] GC(1198)   Post Evacuate Collection Set: 4.1ms
[2023-04-18T05:40:47.347-0400][gc,phases   ] GC(1198)   Other: 3.3ms
[2023-04-18T05:40:47.348-0400][gc,heap     ] GC(1198) Eden regions: 47->0(47)
[2023-04-18T05:40:47.348-0400][gc,heap     ] GC(1198) Survivor regions: 4->4(7)
[2023-04-18T05:40:47.348-0400][gc,heap     ] GC(1198) Old regions: 157->158
[2023-04-18T05:40:47.348-0400][gc,heap     ] GC(1198) Archive regions: 2->2
[2023-04-18T05:40:47.348-0400][gc,heap     ] GC(1198) Humongous regions: 129->129
[2023-04-18T05:40:47.348-0400][gc,metaspace] GC(1198) Metaspace: 44233K(44928K)->44233K(44928K) NonClass: 39138K(39488K)->39138K(39488K) Class: 5095K(5440K)->5095K(5440K)
[2023-04-18T05:40:47.348-0400][gc          ] GC(1198) Pause Young (Normal) (G1 Evacuation Pause) 337M->291M(1024M) 70.657ms
[2023-04-18T05:40:47.349-0400][gc,cpu      ] GC(1198) User=0.20s Sys=0.12s Real=0.07s
[2023-04-18T05:41:34.688-0400][gc,start    ] GC(1199) Pause Young (Normal) (G1 Evacuation Pause)
[2023-04-18T05:41:34.688-0400][gc,task     ] GC(1199) Using 8 workers of 8 for evacuation
[2023-04-18T05:41:34.751-0400][gc,mmu      ] GC(1199) MMU target violated: 21.0ms (20.0ms/21.0ms)
[2023-04-18T05:41:34.751-0400][gc,phases   ] GC(1199)   Pre Evacuate Collection Set: 0.7ms
[2023-04-18T05:41:34.751-0400][gc,phases   ] GC(1199)   Merge Heap Roots: 0.6ms
[2023-04-18T05:41:34.751-0400][gc,phases   ] GC(1199)   Evacuate Collection Set: 58.0ms
[2023-04-18T05:41:34.751-0400][gc,phases   ] GC(1199)   Post Evacuate Collection Set: 2.6ms
[2023-04-18T05:41:34.752-0400][gc,phases   ] GC(1199)   Other: 0.9ms
[2023-04-18T05:41:34.752-0400][gc,heap     ] GC(1199) Eden regions: 47->0(47)
[2023-04-18T05:41:34.752-0400][gc,heap     ] GC(1199) Survivor regions: 4->4(7)
[2023-04-18T05:41:34.752-0400][gc,heap     ] GC(1199) Old regions: 158->160
[2023-04-18T05:41:34.752-0400][gc,heap     ] GC(1199) Archive regions: 2->2
[2023-04-18T05:41:34.752-0400][gc,heap     ] GC(1199) Humongous regions: 129->129
[2023-04-18T05:41:34.752-0400][gc,metaspace] GC(1199) Metaspace: 44233K(44928K)->44233K(44928K) NonClass: 39138K(39488K)->39138K(39488K) Class: 5095K(5440K)->5095K(5440K)
[2023-04-18T05:41:34.752-0400][gc          ] GC(1199) Pause Young (Normal) (G1 Evacuation Pause) 338M->293M(1024M) 64.665ms
[2023-04-18T05:41:34.752-0400][gc,cpu      ] GC(1199) User=0.21s Sys=0.11s Real=0.07s
[2023-04-18T05:42:21.945-0400][gc,start    ] GC(1200) Pause Young (Normal) (G1 Evacuation Pause)
[2023-04-18T05:42:21.947-0400][gc,task     ] GC(1200) Using 8 workers of 8 for evacuation
[2023-04-18T05:42:21.997-0400][gc,mmu      ] GC(1200) MMU target violated: 21.0ms (20.0ms/21.0ms)
[2023-04-18T05:42:21.997-0400][gc,phases   ] GC(1200)   Pre Evacuate Collection Set: 0.9ms
[2023-04-18T05:42:21.997-0400][gc,phases   ] GC(1200)   Merge Heap Roots: 0.6ms
[2023-04-18T05:42:21.997-0400][gc,phases   ] GC(1200)   Evacuate Collection Set: 45.1ms
[2023-04-18T05:42:21.997-0400][gc,phases   ] GC(1200)   Post Evacuate Collection Set: 2.4ms
[2023-04-18T05:42:21.997-0400][gc,phases   ] GC(1200)   Other: 0.9ms
[2023-04-18T05:42:21.998-0400][gc,heap     ] GC(1200) Eden regions: 47->0(47)
[2023-04-18T05:42:21.998-0400][gc,heap     ] GC(1200) Survivor regions: 4->4(7)
[2023-04-18T05:42:21.998-0400][gc,heap     ] GC(1200) Old regions: 160->161
[2023-04-18T05:42:21.998-0400][gc,heap     ] GC(1200) Archive regions: 2->2
[2023-04-18T05:42:21.998-0400][gc,heap     ] GC(1200) Humongous regions: 129->129
[2023-04-18T05:42:21.998-0400][gc,metaspace] GC(1200) Metaspace: 44233K(44928K)->44233K(44928K) NonClass: 39138K(39488K)->39138K(39488K) Class: 5095K(5440K)->5095K(5440K)
[2023-04-18T05:42:21.998-0400][gc          ] GC(1200) Pause Young (Normal) (G1 Evacuation Pause) 340M->294M(1024M) 53.332ms
[2023-04-18T05:42:21.998-0400][gc,cpu      ] GC(1200) User=0.21s Sys=0.06s Real=0.05s
[2023-04-18T05:43:09.482-0400][gc,start    ] GC(1201) Pause Young (Normal) (G1 Evacuation Pause)
[2023-04-18T05:43:09.486-0400][gc,task     ] GC(1201) Using 8 workers of 8 for evacuation
[2023-04-18T05:43:09.541-0400][gc,mmu      ] GC(1201) MMU target violated: 21.0ms (20.0ms/21.0ms)
[2023-04-18T05:43:09.542-0400][gc,phases   ] GC(1201)   Pre Evacuate Collection Set: 0.9ms
[2023-04-18T05:43:09.542-0400][gc,phases   ] GC(1201)   Merge Heap Roots: 0.5ms
[2023-04-18T05:43:09.542-0400][gc,phases   ] GC(1201)   Evacuate Collection Set: 50.2ms
[2023-04-18T05:43:09.542-0400][gc,phases   ] GC(1201)   Post Evacuate Collection Set: 2.5ms
[2023-04-18T05:43:09.542-0400][gc,phases   ] GC(1201)   Other: 1.1ms
[2023-04-18T05:43:09.542-0400][gc,heap     ] GC(1201) Eden regions: 47->0(47)
[2023-04-18T05:43:09.543-0400][gc,heap     ] GC(1201) Survivor regions: 4->4(7)
[2023-04-18T05:43:09.543-0400][gc,heap     ] GC(1201) Old regions: 161->162
[2023-04-18T05:43:09.543-0400][gc,heap     ] GC(1201) Archive regions: 2->2
[2023-04-18T05:43:09.543-0400][gc,heap     ] GC(1201) Humongous regions: 129->129
[2023-04-18T05:43:09.543-0400][gc,metaspace] GC(1201) Metaspace: 44233K(44928K)->44233K(44928K) NonClass: 39138K(39488K)->39138K(39488K) Class: 5095K(5440K)->5095K(5440K)
[2023-04-18T05:43:09.544-0400][gc          ] GC(1201) Pause Young (Normal) (G1 Evacuation Pause) 341M->295M(1024M) 61.501ms
[2023-04-18T05:43:09.544-0400][gc,cpu      ] GC(1201) User=0.21s Sys=0.10s Real=0.06s
[2023-04-18T05:43:56.018-0400][gc,start    ] GC(1202) Pause Young (Normal) (G1 Evacuation Pause)
[2023-04-18T05:43:56.019-0400][gc,task     ] GC(1202) Using 8 workers of 8 for evacuation
[2023-04-18T05:43:56.070-0400][gc,mmu      ] GC(1202) MMU target violated: 21.0ms (20.0ms/21.0ms)
[2023-04-18T05:43:56.071-0400][gc,phases   ] GC(1202)   Pre Evacuate Collection Set: 0.9ms
[2023-04-18T05:43:56.071-0400][gc,phases   ] GC(1202)   Merge Heap Roots: 0.5ms
[2023-04-18T05:43:56.071-0400][gc,phases   ] GC(1202)   Evacuate Collection Set: 43.1ms
[2023-04-18T05:43:56.071-0400][gc,phases   ] GC(1202)   Post Evacuate Collection Set: 4.6ms
[2023-04-18T05:43:56.072-0400][gc,phases   ] GC(1202)   Other: 3.0ms
[2023-04-18T05:43:56.072-0400][gc,heap     ] GC(1202) Eden regions: 47->0(47)
[2023-04-18T05:43:56.072-0400][gc,heap     ] GC(1202) Survivor regions: 4->4(7)
[2023-04-18T05:43:56.072-0400][gc,heap     ] GC(1202) Old regions: 162->164
[2023-04-18T05:43:56.072-0400][gc,heap     ] GC(1202) Archive regions: 2->2
[2023-04-18T05:43:56.072-0400][gc,heap     ] GC(1202) Humongous regions: 129->129
[2023-04-18T05:43:56.073-0400][gc,metaspace] GC(1202) Metaspace: 44233K(44928K)->44233K(44928K) NonClass: 39138K(39488K)->39138K(39488K) Class: 5095K(5440K)->5095K(5440K)
[2023-04-18T05:43:56.073-0400][gc          ] GC(1202) Pause Young (Normal) (G1 Evacuation Pause) 342M->296M(1024M) 55.014ms
[2023-04-18T05:43:56.073-0400][gc,cpu      ] GC(1202) User=0.19s Sys=0.09s Real=0.06s
[2023-04-18T05:44:44.585-0400][gc,start    ] GC(1203) Pause Young (Normal) (G1 Evacuation Pause)
[2023-04-18T05:44:44.588-0400][gc,task     ] GC(1203) Using 8 workers of 8 for evacuation
[2023-04-18T05:44:44.629-0400][gc,mmu      ] GC(1203) MMU target violated: 21.0ms (20.0ms/21.0ms)
[2023-04-18T05:44:44.629-0400][gc,phases   ] GC(1203)   Pre Evacuate Collection Set: 1.0ms
[2023-04-18T05:44:44.629-0400][gc,phases   ] GC(1203)   Merge Heap Roots: 0.7ms
[2023-04-18T05:44:44.629-0400][gc,phases   ] GC(1203)   Evacuate Collection Set: 34.1ms
[2023-04-18T05:44:44.630-0400][gc,phases   ] GC(1203)   Post Evacuate Collection Set: 2.4ms
[2023-04-18T05:44:44.630-0400][gc,phases   ] GC(1203)   Other: 3.3ms
[2023-04-18T05:44:44.630-0400][gc,heap     ] GC(1203) Eden regions: 47->0(46)
[2023-04-18T05:44:44.630-0400][gc,heap     ] GC(1203) Survivor regions: 4->5(7)
[2023-04-18T05:44:44.630-0400][gc,heap     ] GC(1203) Old regions: 164->164
[2023-04-18T05:44:44.630-0400][gc,heap     ] GC(1203) Archive regions: 2->2
[2023-04-18T05:44:44.630-0400][gc,heap     ] GC(1203) Humongous regions: 129->129
[2023-04-18T05:44:44.630-0400][gc,metaspace] GC(1203) Metaspace: 44233K(44928K)->44233K(44928K) NonClass: 39138K(39488K)->39138K(39488K) Class: 5095K(5440K)->5095K(5440K)
[2023-04-18T05:44:44.630-0400][gc          ] GC(1203) Pause Young (Normal) (G1 Evacuation Pause) 343M->298M(1024M) 45.466ms
[2023-04-18T05:44:44.631-0400][gc,cpu      ] GC(1203) User=0.19s Sys=0.04s Real=0.05s
[2023-04-18T05:45:31.161-0400][gc,start    ] GC(1204) Pause Young (Normal) (G1 Evacuation Pause)
[2023-04-18T05:45:31.162-0400][gc,task     ] GC(1204) Using 8 workers of 8 for evacuation
[2023-04-18T05:45:31.226-0400][gc,mmu      ] GC(1204) MMU target violated: 21.0ms (20.0ms/21.0ms)
[2023-04-18T05:45:31.226-0400][gc,phases   ] GC(1204)   Pre Evacuate Collection Set: 0.5ms
[2023-04-18T05:45:31.226-0400][gc,phases   ] GC(1204)   Merge Heap Roots: 0.5ms
[2023-04-18T05:45:31.226-0400][gc,phases   ] GC(1204)   Evacuate Collection Set: 59.1ms
[2023-04-18T05:45:31.227-0400][gc,phases   ] GC(1204)   Post Evacuate Collection Set: 2.7ms
[2023-04-18T05:45:31.227-0400][gc,phases   ] GC(1204)   Other: 0.9ms
[2023-04-18T05:45:31.227-0400][gc,heap     ] GC(1204) Eden regions: 46->0(46)
[2023-04-18T05:45:31.227-0400][gc,heap     ] GC(1204) Survivor regions: 5->5(7)
[2023-04-18T05:45:31.227-0400][gc,heap     ] GC(1204) Old regions: 164->165
[2023-04-18T05:45:31.227-0400][gc,heap     ] GC(1204) Archive regions: 2->2
[2023-04-18T05:45:31.227-0400][gc,heap     ] GC(1204) Humongous regions: 129->129
[2023-04-18T05:45:31.228-0400][gc,metaspace] GC(1204) Metaspace: 44233K(44928K)->44233K(44928K) NonClass: 39138K(39488K)->39138K(39488K) Class: 5095K(5440K)->5095K(5440K)
[2023-04-18T05:45:31.228-0400][gc          ] GC(1204) Pause Young (Normal) (G1 Evacuation Pause) 344M->299M(1024M) 66.389ms
[2023-04-18T05:45:31.228-0400][gc,cpu      ] GC(1204) User=0.23s Sys=0.12s Real=0.06s
[2023-04-18T05:46:17.382-0400][gc,start    ] GC(1205) Pause Young (Normal) (G1 Evacuation Pause)
[2023-04-18T05:46:17.383-0400][gc,task     ] GC(1205) Using 8 workers of 8 for evacuation
[2023-04-18T05:46:17.568-0400][gc,mmu      ] GC(1205) MMU target violated: 21.0ms (20.0ms/21.0ms)
[2023-04-18T05:46:17.569-0400][gc,phases   ] GC(1205)   Pre Evacuate Collection Set: 0.8ms
[2023-04-18T05:46:17.569-0400][gc,phases   ] GC(1205)   Merge Heap Roots: 1.0ms
[2023-04-18T05:46:17.569-0400][gc,phases   ] GC(1205)   Evacuate Collection Set: 179.8ms
[2023-04-18T05:46:17.569-0400][gc,phases   ] GC(1205)   Post Evacuate Collection Set: 2.7ms
[2023-04-18T05:46:17.570-0400][gc,phases   ] GC(1205)   Other: 1.1ms
[2023-04-18T05:46:17.570-0400][gc,heap     ] GC(1205) Eden regions: 46->0(47)
[2023-04-18T05:46:17.570-0400][gc,heap     ] GC(1205) Survivor regions: 5->4(7)
[2023-04-18T05:46:17.570-0400][gc,heap     ] GC(1205) Old regions: 165->167
[2023-04-18T05:46:17.570-0400][gc,heap     ] GC(1205) Archive regions: 2->2
[2023-04-18T05:46:17.570-0400][gc,heap     ] GC(1205) Humongous regions: 129->129
[2023-04-18T05:46:17.570-0400][gc,metaspace] GC(1205) Metaspace: 44233K(44928K)->44233K(44928K) NonClass: 39138K(39488K)->39138K(39488K) Class: 5095K(5440K)->5095K(5440K)
[2023-04-18T05:46:17.571-0400][gc          ] GC(1205) Pause Young (Normal) (G1 Evacuation Pause) 345M->300M(1024M) 188.772ms
[2023-04-18T05:46:17.571-0400][gc,cpu      ] GC(1205) User=0.25s Sys=0.28s Real=0.19s
[2023-04-18T05:47:04.388-0400][gc,start    ] GC(1206) Pause Young (Normal) (G1 Evacuation Pause)
[2023-04-18T05:47:04.389-0400][gc,task     ] GC(1206) Using 8 workers of 8 for evacuation
[2023-04-18T05:47:04.454-0400][gc,mmu      ] GC(1206) MMU target violated: 21.0ms (20.0ms/21.0ms)
[2023-04-18T05:47:04.454-0400][gc,phases   ] GC(1206)   Pre Evacuate Collection Set: 0.9ms
[2023-04-18T05:47:04.454-0400][gc,phases   ] GC(1206)   Merge Heap Roots: 0.7ms
[2023-04-18T05:47:04.455-0400][gc,phases   ] GC(1206)   Evacuate Collection Set: 57.9ms
[2023-04-18T05:47:04.455-0400][gc,phases   ] GC(1206)   Post Evacuate Collection Set: 2.5ms
[2023-04-18T05:47:04.455-0400][gc,phases   ] GC(1206)   Other: 3.2ms
[2023-04-18T05:47:04.455-0400][gc,heap     ] GC(1206) Eden regions: 47->0(47)
[2023-04-18T05:47:04.455-0400][gc,heap     ] GC(1206) Survivor regions: 4->4(7)
[2023-04-18T05:47:04.455-0400][gc,heap     ] GC(1206) Old regions: 167->169
[2023-04-18T05:47:04.455-0400][gc,heap     ] GC(1206) Archive regions: 2->2
[2023-04-18T05:47:04.455-0400][gc,heap     ] GC(1206) Humongous regions: 129->129
[2023-04-18T05:47:04.455-0400][gc,metaspace] GC(1206) Metaspace: 44233K(44928K)->44233K(44928K) NonClass: 39138K(39488K)->39138K(39488K) Class: 5095K(5440K)->5095K(5440K)
[2023-04-18T05:47:04.455-0400][gc          ] GC(1206) Pause Young (Normal) (G1 Evacuation Pause) 347M->302M(1024M) 67.682ms
[2023-04-18T05:47:04.456-0400][gc,cpu      ] GC(1206) User=0.21s Sys=0.13s Real=0.07s
[2023-04-18T05:47:52.645-0400][gc,start    ] GC(1207) Pause Young (Normal) (G1 Evacuation Pause)
[2023-04-18T05:47:52.650-0400][gc,task     ] GC(1207) Using 8 workers of 8 for evacuation
[2023-04-18T05:47:52.707-0400][gc,mmu      ] GC(1207) MMU target violated: 21.0ms (20.0ms/21.0ms)
[2023-04-18T05:47:52.707-0400][gc,phases   ] GC(1207)   Pre Evacuate Collection Set: 0.7ms
[2023-04-18T05:47:52.707-0400][gc,phases   ] GC(1207)   Merge Heap Roots: 0.5ms
[2023-04-18T05:47:52.707-0400][gc,phases   ] GC(1207)   Evacuate Collection Set: 52.9ms
[2023-04-18T05:47:52.707-0400][gc,phases   ] GC(1207)   Post Evacuate Collection Set: 2.3ms
[2023-04-18T05:47:52.707-0400][gc,phases   ] GC(1207)   Other: 0.8ms
[2023-04-18T05:47:52.707-0400][gc,heap     ] GC(1207) Eden regions: 47->0(47)
[2023-04-18T05:47:52.708-0400][gc,heap     ] GC(1207) Survivor regions: 4->4(7)
[2023-04-18T05:47:52.708-0400][gc,heap     ] GC(1207) Old regions: 169->170
[2023-04-18T05:47:52.708-0400][gc,heap     ] GC(1207) Archive regions: 2->2
[2023-04-18T05:47:52.708-0400][gc,heap     ] GC(1207) Humongous regions: 129->129
[2023-04-18T05:47:52.708-0400][gc,metaspace] GC(1207) Metaspace: 44233K(44928K)->44233K(44928K) NonClass: 39138K(39488K)->39138K(39488K) Class: 5095K(5440K)->5095K(5440K)
[2023-04-18T05:47:52.708-0400][gc          ] GC(1207) Pause Young (Normal) (G1 Evacuation Pause) 349M->303M(1024M) 62.723ms
[2023-04-18T05:47:52.708-0400][gc,cpu      ] GC(1207) User=0.22s Sys=0.11s Real=0.06s
[2023-04-18T05:48:40.341-0400][gc,start    ] GC(1208) Pause Young (Normal) (G1 Evacuation Pause)
[2023-04-18T05:48:40.342-0400][gc,task     ] GC(1208) Using 8 workers of 8 for evacuation
[2023-04-18T05:48:40.411-0400][gc,mmu      ] GC(1208) MMU target violated: 21.0ms (20.0ms/21.0ms)
[2023-04-18T05:48:40.413-0400][gc,phases   ] GC(1208)   Pre Evacuate Collection Set: 2.6ms
[2023-04-18T05:48:40.414-0400][gc,phases   ] GC(1208)   Merge Heap Roots: 1.0ms
[2023-04-18T05:48:40.414-0400][gc,phases   ] GC(1208)   Evacuate Collection Set: 58.1ms
[2023-04-18T05:48:40.414-0400][gc,phases   ] GC(1208)   Post Evacuate Collection Set: 7.1ms
[2023-04-18T05:48:40.415-0400][gc,phases   ] GC(1208)   Other: 2.3ms
[2023-04-18T05:48:40.415-0400][gc,heap     ] GC(1208) Eden regions: 47->0(47)
[2023-04-18T05:48:40.415-0400][gc,heap     ] GC(1208) Survivor regions: 4->4(7)
[2023-04-18T05:48:40.415-0400][gc,heap     ] GC(1208) Old regions: 170->171
[2023-04-18T05:48:40.415-0400][gc,heap     ] GC(1208) Archive regions: 2->2
[2023-04-18T05:48:40.416-0400][gc,heap     ] GC(1208) Humongous regions: 129->129
[2023-04-18T05:48:40.416-0400][gc,metaspace] GC(1208) Metaspace: 44233K(44928K)->44233K(44928K) NonClass: 39138K(39488K)->39138K(39488K) Class: 5095K(5440K)->5095K(5440K)
[2023-04-18T05:48:40.416-0400][gc          ] GC(1208) Pause Young (Normal) (G1 Evacuation Pause) 350M->304M(1024M) 75.125ms
[2023-04-18T05:48:40.416-0400][gc,cpu      ] GC(1208) User=0.21s Sys=0.12s Real=0.07s
[2023-04-18T05:49:28.155-0400][gc,start    ] GC(1209) Pause Young (Normal) (G1 Evacuation Pause)
[2023-04-18T05:49:28.157-0400][gc,task     ] GC(1209) Using 8 workers of 8 for evacuation
[2023-04-18T05:49:28.242-0400][gc,mmu      ] GC(1209) MMU target violated: 21.0ms (20.0ms/21.0ms)
[2023-04-18T05:49:28.242-0400][gc,phases   ] GC(1209)   Pre Evacuate Collection Set: 0.8ms
[2023-04-18T05:49:28.243-0400][gc,phases   ] GC(1209)   Merge Heap Roots: 1.1ms
[2023-04-18T05:49:28.243-0400][gc,phases   ] GC(1209)   Evacuate Collection Set: 79.7ms
[2023-04-18T05:49:28.243-0400][gc,phases   ] GC(1209)   Post Evacuate Collection Set: 2.6ms
[2023-04-18T05:49:28.243-0400][gc,phases   ] GC(1209)   Other: 1.0ms
[2023-04-18T05:49:28.243-0400][gc,heap     ] GC(1209) Eden regions: 47->0(46)
[2023-04-18T05:49:28.243-0400][gc,heap     ] GC(1209) Survivor regions: 4->5(7)
[2023-04-18T05:49:28.244-0400][gc,heap     ] GC(1209) Old regions: 171->173
[2023-04-18T05:49:28.244-0400][gc,heap     ] GC(1209) Archive regions: 2->2
[2023-04-18T05:49:28.244-0400][gc,heap     ] GC(1209) Humongous regions: 129->129
[2023-04-18T05:49:28.244-0400][gc,metaspace] GC(1209) Metaspace: 44233K(44928K)->44233K(44928K) NonClass: 39138K(39488K)->39138K(39488K) Class: 5095K(5440K)->5095K(5440K)
[2023-04-18T05:49:28.244-0400][gc          ] GC(1209) Pause Young (Normal) (G1 Evacuation Pause) 351M->306M(1024M) 89.658ms
[2023-04-18T05:49:28.245-0400][gc,cpu      ] GC(1209) User=0.22s Sys=0.13s Real=0.09s
[2023-04-18T05:50:15.380-0400][gc,start    ] GC(1210) Pause Young (Normal) (G1 Evacuation Pause)
[2023-04-18T05:50:15.382-0400][gc,task     ] GC(1210) Using 8 workers of 8 for evacuation
[2023-04-18T05:50:15.443-0400][gc,mmu      ] GC(1210) MMU target violated: 21.0ms (20.0ms/21.0ms)
[2023-04-18T05:50:15.443-0400][gc,phases   ] GC(1210)   Pre Evacuate Collection Set: 0.9ms
[2023-04-18T05:50:15.444-0400][gc,phases   ] GC(1210)   Merge Heap Roots: 0.7ms
[2023-04-18T05:50:15.444-0400][gc,phases   ] GC(1210)   Evacuate Collection Set: 56.5ms
[2023-04-18T05:50:15.444-0400][gc,phases   ] GC(1210)   Post Evacuate Collection Set: 2.0ms
[2023-04-18T05:50:15.444-0400][gc,phases   ] GC(1210)   Other: 1.6ms
[2023-04-18T05:50:15.444-0400][gc,heap     ] GC(1210) Eden regions: 46->0(47)
[2023-04-18T05:50:15.444-0400][gc,heap     ] GC(1210) Survivor regions: 5->4(7)
[2023-04-18T05:50:15.444-0400][gc,heap     ] GC(1210) Old regions: 173->174
[2023-04-18T05:50:15.444-0400][gc,heap     ] GC(1210) Archive regions: 2->2
[2023-04-18T05:50:15.445-0400][gc,heap     ] GC(1210) Humongous regions: 129->129
[2023-04-18T05:50:15.445-0400][gc,metaspace] GC(1210) Metaspace: 44233K(44928K)->44233K(44928K) NonClass: 39138K(39488K)->39138K(39488K) Class: 5095K(5440K)->5095K(5440K)
[2023-04-18T05:50:15.445-0400][gc          ] GC(1210) Pause Young (Normal) (G1 Evacuation Pause) 352M->307M(1024M) 64.922ms
[2023-04-18T05:50:15.445-0400][gc,cpu      ] GC(1210) User=0.21s Sys=0.11s Real=0.06s
[2023-04-18T05:51:02.535-0400][gc,start    ] GC(1211) Pause Young (Normal) (G1 Evacuation Pause)
[2023-04-18T05:51:02.536-0400][gc,task     ] GC(1211) Using 8 workers of 8 for evacuation
[2023-04-18T05:51:02.601-0400][gc,mmu      ] GC(1211) MMU target violated: 21.0ms (20.0ms/21.0ms)
[2023-04-18T05:51:02.601-0400][gc,phases   ] GC(1211)   Pre Evacuate Collection Set: 0.9ms
[2023-04-18T05:51:02.602-0400][gc,phases   ] GC(1211)   Merge Heap Roots: 0.6ms
[2023-04-18T05:51:02.602-0400][gc,phases   ] GC(1211)   Evacuate Collection Set: 58.8ms
[2023-04-18T05:51:02.602-0400][gc,phases   ] GC(1211)   Post Evacuate Collection Set: 3.7ms
[2023-04-18T05:51:02.602-0400][gc,phases   ] GC(1211)   Other: 1.2ms
[2023-04-18T05:51:02.602-0400][gc,heap     ] GC(1211) Eden regions: 47->0(47)
[2023-04-18T05:51:02.602-0400][gc,heap     ] GC(1211) Survivor regions: 4->4(7)
[2023-04-18T05:51:02.602-0400][gc,heap     ] GC(1211) Old regions: 174->175
[2023-04-18T05:51:02.603-0400][gc,heap     ] GC(1211) Archive regions: 2->2
[2023-04-18T05:51:02.603-0400][gc,heap     ] GC(1211) Humongous regions: 129->129
[2023-04-18T05:51:02.603-0400][gc,metaspace] GC(1211) Metaspace: 44233K(44928K)->44233K(44928K) NonClass: 39138K(39488K)->39138K(39488K) Class: 5095K(5440K)->5095K(5440K)
[2023-04-18T05:51:02.604-0400][gc          ] GC(1211) Pause Young (Normal) (G1 Evacuation Pause) 354M->308M(1024M) 68.971ms
[2023-04-18T05:51:02.604-0400][gc,cpu      ] GC(1211) User=0.21s Sys=0.09s Real=0.07s
[2023-04-18T05:51:50.497-0400][gc,start    ] GC(1212) Pause Young (Normal) (G1 Evacuation Pause)
[2023-04-18T05:51:50.499-0400][gc,task     ] GC(1212) Using 8 workers of 8 for evacuation
[2023-04-18T05:51:50.561-0400][gc,mmu      ] GC(1212) MMU target violated: 21.0ms (20.0ms/21.0ms)
[2023-04-18T05:51:50.562-0400][gc,phases   ] GC(1212)   Pre Evacuate Collection Set: 0.9ms
[2023-04-18T05:51:50.562-0400][gc,phases   ] GC(1212)   Merge Heap Roots: 0.6ms
[2023-04-18T05:51:50.562-0400][gc,phases   ] GC(1212)   Evacuate Collection Set: 56.9ms
[2023-04-18T05:51:50.563-0400][gc,phases   ] GC(1212)   Post Evacuate Collection Set: 2.9ms
[2023-04-18T05:51:50.563-0400][gc,phases   ] GC(1212)   Other: 1.8ms
[2023-04-18T05:51:50.563-0400][gc,heap     ] GC(1212) Eden regions: 47->0(46)
[2023-04-18T05:51:50.563-0400][gc,heap     ] GC(1212) Survivor regions: 4->5(7)
[2023-04-18T05:51:50.564-0400][gc,heap     ] GC(1212) Old regions: 175->177
[2023-04-18T05:51:50.564-0400][gc,heap     ] GC(1212) Archive regions: 2->2
[2023-04-18T05:51:50.564-0400][gc,heap     ] GC(1212) Humongous regions: 129->129
[2023-04-18T05:51:50.564-0400][gc,metaspace] GC(1212) Metaspace: 44233K(44928K)->44233K(44928K) NonClass: 39138K(39488K)->39138K(39488K) Class: 5095K(5440K)->5095K(5440K)
[2023-04-18T05:51:50.567-0400][gc          ] GC(1212) Pause Young (Normal) (G1 Evacuation Pause) 355M->310M(1024M) 67.384ms
[2023-04-18T05:51:50.567-0400][gc,cpu      ] GC(1212) User=0.21s Sys=0.13s Real=0.07s
[2023-04-18T05:52:36.231-0400][gc,start    ] GC(1213) Pause Young (Normal) (G1 Evacuation Pause)
[2023-04-18T05:52:36.233-0400][gc,task     ] GC(1213) Using 8 workers of 8 for evacuation
[2023-04-18T05:52:36.285-0400][gc,mmu      ] GC(1213) MMU target violated: 21.0ms (20.0ms/21.0ms)
[2023-04-18T05:52:36.285-0400][gc,phases   ] GC(1213)   Pre Evacuate Collection Set: 0.7ms
[2023-04-18T05:52:36.286-0400][gc,phases   ] GC(1213)   Merge Heap Roots: 0.6ms
[2023-04-18T05:52:36.286-0400][gc,phases   ] GC(1213)   Evacuate Collection Set: 46.8ms
[2023-04-18T05:52:36.286-0400][gc,phases   ] GC(1213)   Post Evacuate Collection Set: 2.6ms
[2023-04-18T05:52:36.286-0400][gc,phases   ] GC(1213)   Other: 1.5ms
[2023-04-18T05:52:36.287-0400][gc,heap     ] GC(1213) Eden regions: 46->0(47)
[2023-04-18T05:52:36.287-0400][gc,heap     ] GC(1213) Survivor regions: 5->4(7)
[2023-04-18T05:52:36.287-0400][gc,heap     ] GC(1213) Old regions: 177->178
[2023-04-18T05:52:36.287-0400][gc,heap     ] GC(1213) Archive regions: 2->2
[2023-04-18T05:52:36.288-0400][gc,heap     ] GC(1213) Humongous regions: 129->129
[2023-04-18T05:52:36.288-0400][gc,metaspace] GC(1213) Metaspace: 44289K(44992K)->44289K(44992K) NonClass: 39194K(39552K)->39194K(39552K) Class: 5095K(5440K)->5095K(5440K)
[2023-04-18T05:52:36.288-0400][gc          ] GC(1213) Pause Young (Normal) (G1 Evacuation Pause) 356M->311M(1024M) 56.954ms
[2023-04-18T05:52:36.289-0400][gc,cpu      ] GC(1213) User=0.20s Sys=0.08s Real=0.05s
[2023-04-18T05:53:23.424-0400][gc,start    ] GC(1214) Pause Young (Normal) (G1 Evacuation Pause)
[2023-04-18T05:53:23.425-0400][gc,task     ] GC(1214) Using 8 workers of 8 for evacuation
[2023-04-18T05:53:23.463-0400][gc,mmu      ] GC(1214) MMU target violated: 21.0ms (20.0ms/21.0ms)
[2023-04-18T05:53:23.464-0400][gc,phases   ] GC(1214)   Pre Evacuate Collection Set: 1.0ms
[2023-04-18T05:53:23.464-0400][gc,phases   ] GC(1214)   Merge Heap Roots: 0.6ms
[2023-04-18T05:53:23.465-0400][gc,phases   ] GC(1214)   Evacuate Collection Set: 33.1ms
[2023-04-18T05:53:23.465-0400][gc,phases   ] GC(1214)   Post Evacuate Collection Set: 2.3ms
[2023-04-18T05:53:23.465-0400][gc,phases   ] GC(1214)   Other: 1.7ms
[2023-04-18T05:53:23.465-0400][gc,heap     ] GC(1214) Eden regions: 47->0(46)
[2023-04-18T05:53:23.465-0400][gc,heap     ] GC(1214) Survivor regions: 4->5(7)
[2023-04-18T05:53:23.466-0400][gc,heap     ] GC(1214) Old regions: 178->178
[2023-04-18T05:53:23.466-0400][gc,heap     ] GC(1214) Archive regions: 2->2
[2023-04-18T05:53:23.466-0400][gc,heap     ] GC(1214) Humongous regions: 129->129
[2023-04-18T05:53:23.466-0400][gc,metaspace] GC(1214) Metaspace: 44289K(44992K)->44289K(44992K) NonClass: 39194K(39552K)->39194K(39552K) Class: 5095K(5440K)->5095K(5440K)
[2023-04-18T05:53:23.467-0400][gc          ] GC(1214) Pause Young (Normal) (G1 Evacuation Pause) 358M->312M(1024M) 42.676ms
[2023-04-18T05:53:23.467-0400][gc,cpu      ] GC(1214) User=0.19s Sys=0.04s Real=0.04s
[2023-04-18T05:54:09.560-0400][gc,start    ] GC(1215) Pause Young (Normal) (G1 Evacuation Pause)
[2023-04-18T05:54:09.561-0400][gc,task     ] GC(1215) Using 8 workers of 8 for evacuation
[2023-04-18T05:54:09.742-0400][gc,mmu      ] GC(1215) MMU target violated: 21.0ms (20.0ms/21.0ms)
[2023-04-18T05:54:09.742-0400][gc,phases   ] GC(1215)   Pre Evacuate Collection Set: 2.4ms
[2023-04-18T05:54:09.742-0400][gc,phases   ] GC(1215)   Merge Heap Roots: 1.4ms
[2023-04-18T05:54:09.742-0400][gc,phases   ] GC(1215)   Evacuate Collection Set: 167.5ms
[2023-04-18T05:54:09.743-0400][gc,phases   ] GC(1215)   Post Evacuate Collection Set: 8.2ms
[2023-04-18T05:54:09.743-0400][gc,phases   ] GC(1215)   Other: 1.2ms
[2023-04-18T05:54:09.743-0400][gc,heap     ] GC(1215) Eden regions: 46->0(46)
[2023-04-18T05:54:09.743-0400][gc,heap     ] GC(1215) Survivor regions: 5->5(7)
[2023-04-18T05:54:09.744-0400][gc,heap     ] GC(1215) Old regions: 178->179
[2023-04-18T05:54:09.744-0400][gc,heap     ] GC(1215) Archive regions: 2->2
[2023-04-18T05:54:09.744-0400][gc,heap     ] GC(1215) Humongous regions: 129->129
[2023-04-18T05:54:09.744-0400][gc,metaspace] GC(1215) Metaspace: 44289K(44992K)->44289K(44992K) NonClass: 39194K(39552K)->39194K(39552K) Class: 5095K(5440K)->5095K(5440K)
[2023-04-18T05:54:09.744-0400][gc          ] GC(1215) Pause Young (Normal) (G1 Evacuation Pause) 358M->313M(1024M) 183.900ms
[2023-04-18T05:54:09.745-0400][gc,cpu      ] GC(1215) User=0.24s Sys=0.11s Real=0.18s
[2023-04-18T05:54:56.131-0400][gc,start    ] GC(1216) Pause Young (Normal) (G1 Evacuation Pause)
[2023-04-18T05:54:56.133-0400][gc,task     ] GC(1216) Using 8 workers of 8 for evacuation
[2023-04-18T05:54:56.183-0400][gc,mmu      ] GC(1216) MMU target violated: 21.0ms (20.0ms/21.0ms)
[2023-04-18T05:54:56.183-0400][gc,phases   ] GC(1216)   Pre Evacuate Collection Set: 0.5ms
[2023-04-18T05:54:56.183-0400][gc,phases   ] GC(1216)   Merge Heap Roots: 0.5ms
[2023-04-18T05:54:56.183-0400][gc,phases   ] GC(1216)   Evacuate Collection Set: 45.8ms
[2023-04-18T05:54:56.183-0400][gc,phases   ] GC(1216)   Post Evacuate Collection Set: 1.9ms
[2023-04-18T05:54:56.183-0400][gc,phases   ] GC(1216)   Other: 0.9ms
[2023-04-18T05:54:56.183-0400][gc,heap     ] GC(1216) Eden regions: 46->0(45)
[2023-04-18T05:54:56.184-0400][gc,heap     ] GC(1216) Survivor regions: 5->6(7)
[2023-04-18T05:54:56.184-0400][gc,heap     ] GC(1216) Old regions: 179->180
[2023-04-18T05:54:56.184-0400][gc,heap     ] GC(1216) Archive regions: 2->2
[2023-04-18T05:54:56.184-0400][gc,heap     ] GC(1216) Humongous regions: 129->129
[2023-04-18T05:54:56.184-0400][gc,metaspace] GC(1216) Metaspace: 44289K(44992K)->44289K(44992K) NonClass: 39194K(39552K)->39194K(39552K) Class: 5095K(5440K)->5095K(5440K)
[2023-04-18T05:54:56.184-0400][gc          ] GC(1216) Pause Young (Normal) (G1 Evacuation Pause) 359M->315M(1024M) 53.379ms
[2023-04-18T05:54:56.185-0400][gc,cpu      ] GC(1216) User=0.23s Sys=0.09s Real=0.05s
[2023-04-18T05:55:41.444-0400][gc,start    ] GC(1217) Pause Young (Normal) (G1 Evacuation Pause)
[2023-04-18T05:55:41.445-0400][gc,task     ] GC(1217) Using 8 workers of 8 for evacuation
[2023-04-18T05:55:41.515-0400][gc,mmu      ] GC(1217) MMU target violated: 21.0ms (20.0ms/21.0ms)
[2023-04-18T05:55:41.515-0400][gc,phases   ] GC(1217)   Pre Evacuate Collection Set: 0.7ms
[2023-04-18T05:55:41.515-0400][gc,phases   ] GC(1217)   Merge Heap Roots: 0.6ms
[2023-04-18T05:55:41.516-0400][gc,phases   ] GC(1217)   Evacuate Collection Set: 63.3ms
[2023-04-18T05:55:41.516-0400][gc,phases   ] GC(1217)   Post Evacuate Collection Set: 2.3ms
[2023-04-18T05:55:41.516-0400][gc,phases   ] GC(1217)   Other: 3.1ms
[2023-04-18T05:55:41.516-0400][gc,heap     ] GC(1217) Eden regions: 45->0(47)
[2023-04-18T05:55:41.516-0400][gc,heap     ] GC(1217) Survivor regions: 6->4(7)
[2023-04-18T05:55:41.516-0400][gc,heap     ] GC(1217) Old regions: 180->183
[2023-04-18T05:55:41.516-0400][gc,heap     ] GC(1217) Archive regions: 2->2
[2023-04-18T05:55:41.516-0400][gc,heap     ] GC(1217) Humongous regions: 129->129
[2023-04-18T05:55:41.516-0400][gc,metaspace] GC(1217) Metaspace: 44289K(44992K)->44289K(44992K) NonClass: 39194K(39552K)->39194K(39552K) Class: 5095K(5440K)->5095K(5440K)
[2023-04-18T05:55:41.516-0400][gc          ] GC(1217) Pause Young (Normal) (G1 Evacuation Pause) 360M->316M(1024M) 72.284ms
[2023-04-18T05:55:41.517-0400][gc,cpu      ] GC(1217) User=0.25s Sys=0.14s Real=0.07s
[2023-04-18T05:56:28.358-0400][gc,start    ] GC(1218) Pause Young (Normal) (G1 Evacuation Pause)
[2023-04-18T05:56:28.361-0400][gc,task     ] GC(1218) Using 8 workers of 8 for evacuation
[2023-04-18T05:56:28.417-0400][gc,mmu      ] GC(1218) MMU target violated: 21.0ms (20.0ms/21.0ms)
[2023-04-18T05:56:28.417-0400][gc,phases   ] GC(1218)   Pre Evacuate Collection Set: 0.9ms
[2023-04-18T05:56:28.417-0400][gc,phases   ] GC(1218)   Merge Heap Roots: 0.6ms
[2023-04-18T05:56:28.417-0400][gc,phases   ] GC(1218)   Evacuate Collection Set: 51.3ms
[2023-04-18T05:56:28.417-0400][gc,phases   ] GC(1218)   Post Evacuate Collection Set: 2.3ms
[2023-04-18T05:56:28.417-0400][gc,phases   ] GC(1218)   Other: 0.9ms
[2023-04-18T05:56:28.417-0400][gc,heap     ] GC(1218) Eden regions: 47->0(47)
[2023-04-18T05:56:28.417-0400][gc,heap     ] GC(1218) Survivor regions: 4->4(7)
[2023-04-18T05:56:28.418-0400][gc,heap     ] GC(1218) Old regions: 183->184
[2023-04-18T05:56:28.418-0400][gc,heap     ] GC(1218) Archive regions: 2->2
[2023-04-18T05:56:28.418-0400][gc,heap     ] GC(1218) Humongous regions: 129->129
[2023-04-18T05:56:28.418-0400][gc,metaspace] GC(1218) Metaspace: 44289K(44992K)->44289K(44992K) NonClass: 39194K(39552K)->39194K(39552K) Class: 5095K(5440K)->5095K(5440K)
[2023-04-18T05:56:28.418-0400][gc          ] GC(1218) Pause Young (Normal) (G1 Evacuation Pause) 363M->317M(1024M) 59.656ms
[2023-04-18T05:56:28.418-0400][gc,cpu      ] GC(1218) User=0.20s Sys=0.10s Real=0.06s
[2023-04-18T05:57:14.810-0400][gc,start    ] GC(1219) Pause Young (Normal) (G1 Evacuation Pause)
[2023-04-18T05:57:14.811-0400][gc,task     ] GC(1219) Using 8 workers of 8 for evacuation
[2023-04-18T05:57:14.875-0400][gc,mmu      ] GC(1219) MMU target violated: 21.0ms (20.0ms/21.0ms)
[2023-04-18T05:57:14.875-0400][gc,phases   ] GC(1219)   Pre Evacuate Collection Set: 0.9ms
[2023-04-18T05:57:14.875-0400][gc,phases   ] GC(1219)   Merge Heap Roots: 0.6ms
[2023-04-18T05:57:14.875-0400][gc,phases   ] GC(1219)   Evacuate Collection Set: 59.2ms
[2023-04-18T05:57:14.875-0400][gc,phases   ] GC(1219)   Post Evacuate Collection Set: 2.3ms
[2023-04-18T05:57:14.876-0400][gc,phases   ] GC(1219)   Other: 1.0ms
[2023-04-18T05:57:14.876-0400][gc,heap     ] GC(1219) Eden regions: 47->0(47)
[2023-04-18T05:57:14.876-0400][gc,heap     ] GC(1219) Survivor regions: 4->4(7)
[2023-04-18T05:57:14.876-0400][gc,heap     ] GC(1219) Old regions: 184->186
[2023-04-18T05:57:14.876-0400][gc,heap     ] GC(1219) Archive regions: 2->2
[2023-04-18T05:57:14.876-0400][gc,heap     ] GC(1219) Humongous regions: 129->129
[2023-04-18T05:57:14.876-0400][gc,metaspace] GC(1219) Metaspace: 44289K(44992K)->44289K(44992K) NonClass: 39194K(39552K)->39194K(39552K) Class: 5095K(5440K)->5095K(5440K)
[2023-04-18T05:57:14.876-0400][gc          ] GC(1219) Pause Young (Normal) (G1 Evacuation Pause) 364M->319M(1024M) 66.762ms
[2023-04-18T05:57:14.876-0400][gc,cpu      ] GC(1219) User=0.21s Sys=0.13s Real=0.07s
[2023-04-18T05:58:02.894-0400][gc,start    ] GC(1220) Pause Young (Normal) (G1 Evacuation Pause)
[2023-04-18T05:58:02.901-0400][gc,task     ] GC(1220) Using 8 workers of 8 for evacuation
[2023-04-18T05:58:02.949-0400][gc,mmu      ] GC(1220) MMU target violated: 21.0ms (20.0ms/21.0ms)
[2023-04-18T05:58:02.949-0400][gc,phases   ] GC(1220)   Pre Evacuate Collection Set: 0.6ms
[2023-04-18T05:58:02.949-0400][gc,phases   ] GC(1220)   Merge Heap Roots: 0.6ms
[2023-04-18T05:58:02.950-0400][gc,phases   ] GC(1220)   Evacuate Collection Set: 41.9ms
[2023-04-18T05:58:02.950-0400][gc,phases   ] GC(1220)   Post Evacuate Collection Set: 2.1ms
[2023-04-18T05:58:02.950-0400][gc,phases   ] GC(1220)   Other: 3.2ms
[2023-04-18T05:58:02.950-0400][gc,heap     ] GC(1220) Eden regions: 47->0(47)
[2023-04-18T05:58:02.951-0400][gc,heap     ] GC(1220) Survivor regions: 4->4(7)
[2023-04-18T05:58:02.951-0400][gc,heap     ] GC(1220) Old regions: 186->187
[2023-04-18T05:58:02.951-0400][gc,heap     ] GC(1220) Archive regions: 2->2
[2023-04-18T05:58:02.951-0400][gc,heap     ] GC(1220) Humongous regions: 129->129
[2023-04-18T05:58:02.951-0400][gc,metaspace] GC(1220) Metaspace: 44289K(44992K)->44289K(44992K) NonClass: 39194K(39552K)->39194K(39552K) Class: 5095K(5440K)->5095K(5440K)
[2023-04-18T05:58:02.951-0400][gc          ] GC(1220) Pause Young (Normal) (G1 Evacuation Pause) 366M->320M(1024M) 57.546ms
[2023-04-18T05:58:02.951-0400][gc,cpu      ] GC(1220) User=0.21s Sys=0.07s Real=0.06s
[2023-04-18T05:58:50.065-0400][gc,start    ] GC(1221) Pause Young (Normal) (G1 Evacuation Pause)
[2023-04-18T05:58:50.066-0400][gc,task     ] GC(1221) Using 8 workers of 8 for evacuation
[2023-04-18T05:58:50.124-0400][gc,mmu      ] GC(1221) MMU target violated: 21.0ms (20.0ms/21.0ms)
[2023-04-18T05:58:50.124-0400][gc,phases   ] GC(1221)   Pre Evacuate Collection Set: 0.9ms
[2023-04-18T05:58:50.124-0400][gc,phases   ] GC(1221)   Merge Heap Roots: 0.6ms
[2023-04-18T05:58:50.124-0400][gc,phases   ] GC(1221)   Evacuate Collection Set: 53.0ms
[2023-04-18T05:58:50.125-0400][gc,phases   ] GC(1221)   Post Evacuate Collection Set: 2.4ms
[2023-04-18T05:58:50.125-0400][gc,phases   ] GC(1221)   Other: 1.0ms
[2023-04-18T05:58:50.125-0400][gc,heap     ] GC(1221) Eden regions: 47->0(47)
[2023-04-18T05:58:50.125-0400][gc,heap     ] GC(1221) Survivor regions: 4->4(7)
[2023-04-18T05:58:50.125-0400][gc,heap     ] GC(1221) Old regions: 187->188
[2023-04-18T05:58:50.125-0400][gc,heap     ] GC(1221) Archive regions: 2->2
[2023-04-18T05:58:50.125-0400][gc,heap     ] GC(1221) Humongous regions: 129->129
[2023-04-18T05:58:50.125-0400][gc,metaspace] GC(1221) Metaspace: 44289K(44992K)->44289K(44992K) NonClass: 39194K(39552K)->39194K(39552K) Class: 5095K(5440K)->5095K(5440K)
[2023-04-18T05:58:50.125-0400][gc          ] GC(1221) Pause Young (Normal) (G1 Evacuation Pause) 367M->321M(1024M) 60.031ms
[2023-04-18T05:58:50.126-0400][gc,cpu      ] GC(1221) User=0.21s Sys=0.11s Real=0.06s
[2023-04-18T05:59:37.527-0400][gc,start    ] GC(1222) Pause Young (Normal) (G1 Evacuation Pause)
[2023-04-18T05:59:37.530-0400][gc,task     ] GC(1222) Using 8 workers of 8 for evacuation
[2023-04-18T05:59:37.607-0400][gc,mmu      ] GC(1222) MMU target violated: 21.0ms (20.0ms/21.0ms)
[2023-04-18T05:59:37.607-0400][gc,phases   ] GC(1222)   Pre Evacuate Collection Set: 2.0ms
[2023-04-18T05:59:37.608-0400][gc,phases   ] GC(1222)   Merge Heap Roots: 1.2ms
[2023-04-18T05:59:37.608-0400][gc,phases   ] GC(1222)   Evacuate Collection Set: 69.7ms
[2023-04-18T05:59:37.608-0400][gc,phases   ] GC(1222)   Post Evacuate Collection Set: 3.4ms
[2023-04-18T05:59:37.608-0400][gc,phases   ] GC(1222)   Other: 1.4ms
[2023-04-18T05:59:37.608-0400][gc,heap     ] GC(1222) Eden regions: 47->0(47)
[2023-04-18T05:59:37.609-0400][gc,heap     ] GC(1222) Survivor regions: 4->4(7)
[2023-04-18T05:59:37.609-0400][gc,heap     ] GC(1222) Old regions: 188->190
[2023-04-18T05:59:37.609-0400][gc,heap     ] GC(1222) Archive regions: 2->2
[2023-04-18T05:59:37.609-0400][gc,heap     ] GC(1222) Humongous regions: 129->129
[2023-04-18T05:59:37.609-0400][gc,metaspace] GC(1222) Metaspace: 44289K(44992K)->44289K(44992K) NonClass: 39194K(39552K)->39194K(39552K) Class: 5095K(5440K)->5095K(5440K)
[2023-04-18T05:59:37.609-0400][gc          ] GC(1222) Pause Young (Normal) (G1 Evacuation Pause) 368M->322M(1024M) 82.327ms
[2023-04-18T05:59:37.610-0400][gc,cpu      ] GC(1222) User=0.22s Sys=0.14s Real=0.09s
[2023-04-18T06:00:24.873-0400][gc,start    ] GC(1223) Pause Young (Normal) (G1 Evacuation Pause)
[2023-04-18T06:00:24.876-0400][gc,task     ] GC(1223) Using 8 workers of 8 for evacuation
[2023-04-18T06:00:24.956-0400][gc,mmu      ] GC(1223) MMU target violated: 21.0ms (20.0ms/21.0ms)
[2023-04-18T06:00:24.957-0400][gc,phases   ] GC(1223)   Pre Evacuate Collection Set: 0.6ms
[2023-04-18T06:00:24.957-0400][gc,phases   ] GC(1223)   Merge Heap Roots: 0.7ms
[2023-04-18T06:00:24.957-0400][gc,phases   ] GC(1223)   Evacuate Collection Set: 74.6ms
[2023-04-18T06:00:24.957-0400][gc,phases   ] GC(1223)   Post Evacuate Collection Set: 3.1ms
[2023-04-18T06:00:24.957-0400][gc,phases   ] GC(1223)   Other: 1.2ms
[2023-04-18T06:00:24.958-0400][gc,heap     ] GC(1223) Eden regions: 47->0(46)
[2023-04-18T06:00:24.958-0400][gc,heap     ] GC(1223) Survivor regions: 4->5(7)
[2023-04-18T06:00:24.958-0400][gc,heap     ] GC(1223) Old regions: 190->191
[2023-04-18T06:00:24.959-0400][gc,heap     ] GC(1223) Archive regions: 2->2
[2023-04-18T06:00:24.959-0400][gc,heap     ] GC(1223) Humongous regions: 129->129
[2023-04-18T06:00:24.959-0400][gc,metaspace] GC(1223) Metaspace: 44289K(44992K)->44289K(44992K) NonClass: 39194K(39552K)->39194K(39552K) Class: 5095K(5440K)->5095K(5440K)
[2023-04-18T06:00:24.959-0400][gc          ] GC(1223) Pause Young (Normal) (G1 Evacuation Pause) 369M->324M(1024M) 86.199ms
[2023-04-18T06:00:24.960-0400][gc,cpu      ] GC(1223) User=0.22s Sys=0.15s Real=0.09s
[2023-04-18T06:01:11.687-0400][gc,start    ] GC(1224) Pause Young (Normal) (G1 Evacuation Pause)
[2023-04-18T06:01:11.688-0400][gc,task     ] GC(1224) Using 8 workers of 8 for evacuation
[2023-04-18T06:01:11.753-0400][gc,mmu      ] GC(1224) MMU target violated: 21.0ms (20.0ms/21.0ms)
[2023-04-18T06:01:11.753-0400][gc,phases   ] GC(1224)   Pre Evacuate Collection Set: 0.7ms
[2023-04-18T06:01:11.753-0400][gc,phases   ] GC(1224)   Merge Heap Roots: 0.7ms
[2023-04-18T06:01:11.753-0400][gc,phases   ] GC(1224)   Evacuate Collection Set: 60.0ms
[2023-04-18T06:01:11.754-0400][gc,phases   ] GC(1224)   Post Evacuate Collection Set: 2.5ms
[2023-04-18T06:01:11.754-0400][gc,phases   ] GC(1224)   Other: 1.0ms
[2023-04-18T06:01:11.754-0400][gc,heap     ] GC(1224) Eden regions: 46->0(47)
[2023-04-18T06:01:11.754-0400][gc,heap     ] GC(1224) Survivor regions: 5->4(7)
[2023-04-18T06:01:11.754-0400][gc,heap     ] GC(1224) Old regions: 191->192
[2023-04-18T06:01:11.754-0400][gc,heap     ] GC(1224) Archive regions: 2->2
[2023-04-18T06:01:11.754-0400][gc,heap     ] GC(1224) Humongous regions: 129->129
[2023-04-18T06:01:11.754-0400][gc,metaspace] GC(1224) Metaspace: 44289K(44992K)->44289K(44992K) NonClass: 39194K(39552K)->39194K(39552K) Class: 5095K(5440K)->5095K(5440K)
[2023-04-18T06:01:11.754-0400][gc          ] GC(1224) Pause Young (Normal) (G1 Evacuation Pause) 370M->325M(1024M) 67.434ms
[2023-04-18T06:01:11.755-0400][gc,cpu      ] GC(1224) User=0.21s Sys=0.16s Real=0.07s
[2023-04-18T06:01:58.109-0400][gc,start    ] GC(1225) Pause Young (Normal) (G1 Evacuation Pause)
[2023-04-18T06:01:58.112-0400][gc,task     ] GC(1225) Using 8 workers of 8 for evacuation
[2023-04-18T06:01:58.152-0400][gc,mmu      ] GC(1225) MMU target violated: 21.0ms (20.0ms/21.0ms)
[2023-04-18T06:01:58.153-0400][gc,phases   ] GC(1225)   Pre Evacuate Collection Set: 1.0ms
[2023-04-18T06:01:58.153-0400][gc,phases   ] GC(1225)   Merge Heap Roots: 0.9ms
[2023-04-18T06:01:58.153-0400][gc,phases   ] GC(1225)   Evacuate Collection Set: 35.5ms
[2023-04-18T06:01:58.153-0400][gc,phases   ] GC(1225)   Post Evacuate Collection Set: 2.0ms
[2023-04-18T06:01:58.153-0400][gc,phases   ] GC(1225)   Other: 1.5ms
[2023-04-18T06:01:58.153-0400][gc,heap     ] GC(1225) Eden regions: 47->0(46)
[2023-04-18T06:01:58.153-0400][gc,heap     ] GC(1225) Survivor regions: 4->5(7)
[2023-04-18T06:01:58.153-0400][gc,heap     ] GC(1225) Old regions: 192->192
[2023-04-18T06:01:58.153-0400][gc,heap     ] GC(1225) Archive regions: 2->2
[2023-04-18T06:01:58.154-0400][gc,heap     ] GC(1225) Humongous regions: 129->129
[2023-04-18T06:01:58.154-0400][gc,metaspace] GC(1225) Metaspace: 44289K(44992K)->44289K(44992K) NonClass: 39194K(39552K)->39194K(39552K) Class: 5095K(5440K)->5095K(5440K)
[2023-04-18T06:01:58.154-0400][gc          ] GC(1225) Pause Young (Normal) (G1 Evacuation Pause) 372M->326M(1024M) 44.735ms
[2023-04-18T06:01:58.154-0400][gc,cpu      ] GC(1225) User=0.19s Sys=0.03s Real=0.05s
[2023-04-18T06:02:44.071-0400][gc,start    ] GC(1226) Pause Young (Normal) (G1 Evacuation Pause)
[2023-04-18T06:02:44.073-0400][gc,task     ] GC(1226) Using 8 workers of 8 for evacuation
[2023-04-18T06:02:44.167-0400][gc,mmu      ] GC(1226) MMU target violated: 21.0ms (20.0ms/21.0ms)
[2023-04-18T06:02:44.168-0400][gc,phases   ] GC(1226)   Pre Evacuate Collection Set: 0.8ms
[2023-04-18T06:02:44.168-0400][gc,phases   ] GC(1226)   Merge Heap Roots: 0.9ms
[2023-04-18T06:02:44.168-0400][gc,phases   ] GC(1226)   Evacuate Collection Set: 89.7ms
[2023-04-18T06:02:44.168-0400][gc,phases   ] GC(1226)   Post Evacuate Collection Set: 2.5ms
[2023-04-18T06:02:44.169-0400][gc,phases   ] GC(1226)   Other: 1.3ms
[2023-04-18T06:02:44.169-0400][gc,heap     ] GC(1226) Eden regions: 46->0(46)
[2023-04-18T06:02:44.169-0400][gc,heap     ] GC(1226) Survivor regions: 5->5(7)
[2023-04-18T06:02:44.169-0400][gc,heap     ] GC(1226) Old regions: 192->193
[2023-04-18T06:02:44.169-0400][gc,heap     ] GC(1226) Archive regions: 2->2
[2023-04-18T06:02:44.169-0400][gc,heap     ] GC(1226) Humongous regions: 129->129
[2023-04-18T06:02:44.169-0400][gc,metaspace] GC(1226) Metaspace: 44289K(44992K)->44289K(44992K) NonClass: 39194K(39552K)->39194K(39552K) Class: 5095K(5440K)->5095K(5440K)
[2023-04-18T06:02:44.169-0400][gc          ] GC(1226) Pause Young (Normal) (G1 Evacuation Pause) 372M->327M(1024M) 98.048ms
[2023-04-18T06:02:44.169-0400][gc,cpu      ] GC(1226) User=0.24s Sys=0.13s Real=0.09s
[2023-04-18T06:03:30.433-0400][gc,start    ] GC(1227) Pause Young (Normal) (G1 Evacuation Pause)
[2023-04-18T06:03:30.436-0400][gc,task     ] GC(1227) Using 8 workers of 8 for evacuation
[2023-04-18T06:03:30.544-0400][gc,mmu      ] GC(1227) MMU target violated: 21.0ms (20.0ms/21.0ms)
[2023-04-18T06:03:30.545-0400][gc,phases   ] GC(1227)   Pre Evacuate Collection Set: 1.0ms
[2023-04-18T06:03:30.545-0400][gc,phases   ] GC(1227)   Merge Heap Roots: 0.7ms
[2023-04-18T06:03:30.545-0400][gc,phases   ] GC(1227)   Evacuate Collection Set: 102.9ms
[2023-04-18T06:03:30.545-0400][gc,phases   ] GC(1227)   Post Evacuate Collection Set: 2.5ms
[2023-04-18T06:03:30.545-0400][gc,phases   ] GC(1227)   Other: 1.5ms
[2023-04-18T06:03:30.545-0400][gc,heap     ] GC(1227) Eden regions: 46->0(47)
[2023-04-18T06:03:30.545-0400][gc,heap     ] GC(1227) Survivor regions: 5->4(7)
[2023-04-18T06:03:30.545-0400][gc,heap     ] GC(1227) Old regions: 193->196
[2023-04-18T06:03:30.546-0400][gc,heap     ] GC(1227) Archive regions: 2->2
[2023-04-18T06:03:30.546-0400][gc,heap     ] GC(1227) Humongous regions: 129->129
[2023-04-18T06:03:30.546-0400][gc,metaspace] GC(1227) Metaspace: 44289K(44992K)->44289K(44992K) NonClass: 39194K(39552K)->39194K(39552K) Class: 5095K(5440K)->5095K(5440K)
[2023-04-18T06:03:30.546-0400][gc          ] GC(1227) Pause Young (Normal) (G1 Evacuation Pause) 373M->329M(1024M) 112.490ms
[2023-04-18T06:03:30.546-0400][gc,cpu      ] GC(1227) User=0.25s Sys=0.29s Real=0.11s
[2023-04-18T06:04:16.947-0400][gc,start    ] GC(1228) Pause Young (Normal) (G1 Evacuation Pause)
[2023-04-18T06:04:16.948-0400][gc,task     ] GC(1228) Using 8 workers of 8 for evacuation
[2023-04-18T06:04:17.131-0400][gc,mmu      ] GC(1228) MMU target violated: 21.0ms (20.0ms/21.0ms)
[2023-04-18T06:04:17.132-0400][gc,phases   ] GC(1228)   Pre Evacuate Collection Set: 0.6ms
[2023-04-18T06:04:17.132-0400][gc,phases   ] GC(1228)   Merge Heap Roots: 0.5ms
[2023-04-18T06:04:17.132-0400][gc,phases   ] GC(1228)   Evacuate Collection Set: 173.6ms
[2023-04-18T06:04:17.132-0400][gc,phases   ] GC(1228)   Post Evacuate Collection Set: 3.5ms
[2023-04-18T06:04:17.132-0400][gc,phases   ] GC(1228)   Other: 6.1ms
[2023-04-18T06:04:17.133-0400][gc,heap     ] GC(1228) Eden regions: 47->0(47)
[2023-04-18T06:04:17.133-0400][gc,heap     ] GC(1228) Survivor regions: 4->4(7)
[2023-04-18T06:04:17.133-0400][gc,heap     ] GC(1228) Old regions: 196->197
[2023-04-18T06:04:17.133-0400][gc,heap     ] GC(1228) Archive regions: 2->2
[2023-04-18T06:04:17.133-0400][gc,heap     ] GC(1228) Humongous regions: 129->129
[2023-04-18T06:04:17.133-0400][gc,metaspace] GC(1228) Metaspace: 44289K(44992K)->44289K(44992K) NonClass: 39194K(39552K)->39194K(39552K) Class: 5095K(5440K)->5095K(5440K)
[2023-04-18T06:04:17.133-0400][gc          ] GC(1228) Pause Young (Normal) (G1 Evacuation Pause) 376M->330M(1024M) 186.825ms
[2023-04-18T06:04:17.134-0400][gc,cpu      ] GC(1228) User=0.21s Sys=0.23s Real=0.19s
[2023-04-18T06:05:06.256-0400][gc,start    ] GC(1229) Pause Young (Normal) (G1 Evacuation Pause)
[2023-04-18T06:05:06.258-0400][gc,task     ] GC(1229) Using 8 workers of 8 for evacuation
[2023-04-18T06:05:06.315-0400][gc,mmu      ] GC(1229) MMU target violated: 21.0ms (20.0ms/21.0ms)
[2023-04-18T06:05:06.316-0400][gc,phases   ] GC(1229)   Pre Evacuate Collection Set: 0.6ms
[2023-04-18T06:05:06.316-0400][gc,phases   ] GC(1229)   Merge Heap Roots: 0.6ms
[2023-04-18T06:05:06.316-0400][gc,phases   ] GC(1229)   Evacuate Collection Set: 53.8ms
[2023-04-18T06:05:06.316-0400][gc,phases   ] GC(1229)   Post Evacuate Collection Set: 2.3ms
[2023-04-18T06:05:06.316-0400][gc,phases   ] GC(1229)   Other: 0.9ms
[2023-04-18T06:05:06.317-0400][gc,heap     ] GC(1229) Eden regions: 47->0(47)
[2023-04-18T06:05:06.317-0400][gc,heap     ] GC(1229) Survivor regions: 4->4(7)
[2023-04-18T06:05:06.317-0400][gc,heap     ] GC(1229) Old regions: 197->198
[2023-04-18T06:05:06.317-0400][gc,heap     ] GC(1229) Archive regions: 2->2
[2023-04-18T06:05:06.318-0400][gc,heap     ] GC(1229) Humongous regions: 129->129
[2023-04-18T06:05:06.318-0400][gc,metaspace] GC(1229) Metaspace: 44289K(44992K)->44289K(44992K) NonClass: 39194K(39552K)->39194K(39552K) Class: 5095K(5440K)->5095K(5440K)
[2023-04-18T06:05:06.319-0400][gc          ] GC(1229) Pause Young (Normal) (G1 Evacuation Pause) 377M->331M(1024M) 62.838ms
[2023-04-18T06:05:06.319-0400][gc,cpu      ] GC(1229) User=0.21s Sys=0.15s Real=0.06s
[2023-04-18T06:05:52.690-0400][gc,start    ] GC(1230) Pause Young (Normal) (G1 Evacuation Pause)
[2023-04-18T06:05:52.691-0400][gc,task     ] GC(1230) Using 8 workers of 8 for evacuation
[2023-04-18T06:05:52.760-0400][gc,mmu      ] GC(1230) MMU target violated: 21.0ms (20.0ms/21.0ms)
[2023-04-18T06:05:52.761-0400][gc,phases   ] GC(1230)   Pre Evacuate Collection Set: 0.7ms
[2023-04-18T06:05:52.761-0400][gc,phases   ] GC(1230)   Merge Heap Roots: 0.5ms
[2023-04-18T06:05:52.761-0400][gc,phases   ] GC(1230)   Evacuate Collection Set: 63.0ms
[2023-04-18T06:05:52.764-0400][gc,phases   ] GC(1230)   Post Evacuate Collection Set: 3.6ms
[2023-04-18T06:05:52.764-0400][gc,phases   ] GC(1230)   Other: 1.5ms
[2023-04-18T06:05:52.764-0400][gc,heap     ] GC(1230) Eden regions: 47->0(47)
[2023-04-18T06:05:52.764-0400][gc,heap     ] GC(1230) Survivor regions: 4->4(7)
[2023-04-18T06:05:52.764-0400][gc,heap     ] GC(1230) Old regions: 198->200
[2023-04-18T06:05:52.764-0400][gc,heap     ] GC(1230) Archive regions: 2->2
[2023-04-18T06:05:52.765-0400][gc,heap     ] GC(1230) Humongous regions: 129->129
[2023-04-18T06:05:52.765-0400][gc,metaspace] GC(1230) Metaspace: 44289K(44992K)->44289K(44992K) NonClass: 39194K(39552K)->39194K(39552K) Class: 5095K(5440K)->5095K(5440K)
[2023-04-18T06:05:52.765-0400][gc          ] GC(1230) Pause Young (Normal) (G1 Evacuation Pause) 378M->333M(1024M) 74.656ms
[2023-04-18T06:05:52.765-0400][gc,cpu      ] GC(1230) User=0.21s Sys=0.14s Real=0.07s
[2023-04-18T06:06:37.933-0400][gc,start    ] GC(1231) Pause Young (Normal) (G1 Evacuation Pause)
[2023-04-18T06:06:37.935-0400][gc,task     ] GC(1231) Using 8 workers of 8 for evacuation
[2023-04-18T06:06:38.046-0400][gc,mmu      ] GC(1231) MMU target violated: 21.0ms (20.0ms/21.0ms)
[2023-04-18T06:06:38.047-0400][gc,phases   ] GC(1231)   Pre Evacuate Collection Set: 1.2ms
[2023-04-18T06:06:38.047-0400][gc,phases   ] GC(1231)   Merge Heap Roots: 0.7ms
[2023-04-18T06:06:38.048-0400][gc,phases   ] GC(1231)   Evacuate Collection Set: 104.1ms
[2023-04-18T06:06:38.048-0400][gc,phases   ] GC(1231)   Post Evacuate Collection Set: 3.7ms
[2023-04-18T06:06:38.049-0400][gc,phases   ] GC(1231)   Other: 1.7ms
[2023-04-18T06:06:38.049-0400][gc,heap     ] GC(1231) Eden regions: 47->0(45)
[2023-04-18T06:06:38.050-0400][gc,heap     ] GC(1231) Survivor regions: 4->6(7)
[2023-04-18T06:06:38.050-0400][gc,heap     ] GC(1231) Old regions: 200->201
[2023-04-18T06:06:38.050-0400][gc,heap     ] GC(1231) Archive regions: 2->2
[2023-04-18T06:06:38.050-0400][gc,heap     ] GC(1231) Humongous regions: 129->129
[2023-04-18T06:06:38.050-0400][gc,metaspace] GC(1231) Metaspace: 44289K(44992K)->44289K(44992K) NonClass: 39194K(39552K)->39194K(39552K) Class: 5095K(5440K)->5095K(5440K)
[2023-04-18T06:06:38.051-0400][gc          ] GC(1231) Pause Young (Normal) (G1 Evacuation Pause) 380M->335M(1024M) 117.613ms
[2023-04-18T06:06:38.051-0400][gc,cpu      ] GC(1231) User=0.27s Sys=0.20s Real=0.12s
[2023-04-18T06:07:23.335-0400][gc,start    ] GC(1232) Pause Young (Normal) (G1 Evacuation Pause)
[2023-04-18T06:07:23.338-0400][gc,task     ] GC(1232) Using 8 workers of 8 for evacuation
[2023-04-18T06:07:24.463-0400][gc,mmu      ] GC(1232) MMU target violated: 21.0ms (20.0ms/21.0ms)
[2023-04-18T06:07:24.464-0400][gc,phases   ] GC(1232)   Pre Evacuate Collection Set: 0.8ms
[2023-04-18T06:07:24.464-0400][gc,phases   ] GC(1232)   Merge Heap Roots: 1.7ms
[2023-04-18T06:07:24.465-0400][gc,phases   ] GC(1232)   Evacuate Collection Set: 919.1ms
[2023-04-18T06:07:24.465-0400][gc,phases   ] GC(1232)   Post Evacuate Collection Set: 200.7ms
[2023-04-18T06:07:24.465-0400][gc,phases   ] GC(1232)   Other: 3.5ms
[2023-04-18T06:07:24.465-0400][gc,heap     ] GC(1232) Eden regions: 45->0(46)
[2023-04-18T06:07:24.466-0400][gc,heap     ] GC(1232) Survivor regions: 6->5(7)
[2023-04-18T06:07:24.466-0400][gc,heap     ] GC(1232) Old regions: 201->204
[2023-04-18T06:07:24.466-0400][gc,heap     ] GC(1232) Archive regions: 2->2
[2023-04-18T06:07:24.466-0400][gc,heap     ] GC(1232) Humongous regions: 129->129
[2023-04-18T06:07:24.466-0400][gc,metaspace] GC(1232) Metaspace: 44289K(44992K)->44289K(44992K) NonClass: 39194K(39552K)->39194K(39552K) Class: 5095K(5440K)->5095K(5440K)
[2023-04-18T06:07:24.467-0400][gc          ] GC(1232) Pause Young (Normal) (G1 Evacuation Pause) 380M->337M(1024M) 1131.439ms
[2023-04-18T06:07:24.467-0400][gc,cpu      ] GC(1232) User=0.31s Sys=0.25s Real=1.13s
[2023-04-18T06:16:21.815-0400][gc,start    ] GC(1233) Pause Young (Normal) (G1 Evacuation Pause)
[2023-04-18T06:16:21.816-0400][gc,task     ] GC(1233) Using 8 workers of 8 for evacuation
[2023-04-18T06:16:21.881-0400][gc,mmu      ] GC(1233) MMU target violated: 21.0ms (20.0ms/21.0ms)
[2023-04-18T06:16:21.881-0400][gc,phases   ] GC(1233)   Pre Evacuate Collection Set: 2.5ms
[2023-04-18T06:16:21.881-0400][gc,phases   ] GC(1233)   Merge Heap Roots: 0.9ms
[2023-04-18T06:16:21.881-0400][gc,phases   ] GC(1233)   Evacuate Collection Set: 58.3ms
[2023-04-18T06:16:21.881-0400][gc,phases   ] GC(1233)   Post Evacuate Collection Set: 2.1ms
[2023-04-18T06:16:21.881-0400][gc,phases   ] GC(1233)   Other: 1.7ms
[2023-04-18T06:16:21.881-0400][gc,heap     ] GC(1233) Eden regions: 46->0(46)
[2023-04-18T06:16:21.881-0400][gc,heap     ] GC(1233) Survivor regions: 5->5(7)
[2023-04-18T06:16:21.881-0400][gc,heap     ] GC(1233) Old regions: 204->206
[2023-04-18T06:16:21.882-0400][gc,heap     ] GC(1233) Archive regions: 2->2
[2023-04-18T06:16:21.882-0400][gc,heap     ] GC(1233) Humongous regions: 129->129
[2023-04-18T06:16:21.882-0400][gc,metaspace] GC(1233) Metaspace: 44289K(44992K)->44289K(44992K) NonClass: 39194K(39552K)->39194K(39552K) Class: 5095K(5440K)->5095K(5440K)
[2023-04-18T06:16:21.882-0400][gc          ] GC(1233) Pause Young (Normal) (G1 Evacuation Pause) 383M->340M(1024M) 66.907ms
[2023-04-18T06:16:21.882-0400][gc,cpu      ] GC(1233) User=0.04s Sys=0.09s Real=0.07s
[2023-04-18T06:16:49.482-0400][gc,start    ] GC(1234) Pause Young (Normal) (G1 Evacuation Pause)
[2023-04-18T06:16:49.483-0400][gc,task     ] GC(1234) Using 8 workers of 8 for evacuation
[2023-04-18T06:16:49.509-0400][gc,mmu      ] GC(1234) MMU target violated: 21.0ms (20.0ms/21.0ms)
[2023-04-18T06:16:49.509-0400][gc,phases   ] GC(1234)   Pre Evacuate Collection Set: 0.2ms
[2023-04-18T06:16:49.509-0400][gc,phases   ] GC(1234)   Merge Heap Roots: 0.2ms
[2023-04-18T06:16:49.509-0400][gc,phases   ] GC(1234)   Evacuate Collection Set: 25.4ms
[2023-04-18T06:16:49.509-0400][gc,phases   ] GC(1234)   Post Evacuate Collection Set: 0.5ms
[2023-04-18T06:16:49.509-0400][gc,phases   ] GC(1234)   Other: 0.3ms
[2023-04-18T06:16:49.509-0400][gc,heap     ] GC(1234) Eden regions: 46->0(46)
[2023-04-18T06:16:49.509-0400][gc,heap     ] GC(1234) Survivor regions: 5->5(7)
[2023-04-18T06:16:49.509-0400][gc,heap     ] GC(1234) Old regions: 206->208
[2023-04-18T06:16:49.509-0400][gc,heap     ] GC(1234) Archive regions: 2->2
[2023-04-18T06:16:49.509-0400][gc,heap     ] GC(1234) Humongous regions: 129->129
[2023-04-18T06:16:49.509-0400][gc,metaspace] GC(1234) Metaspace: 44289K(44992K)->44289K(44992K) NonClass: 39194K(39552K)->39194K(39552K) Class: 5095K(5440K)->5095K(5440K)
[2023-04-18T06:16:49.509-0400][gc          ] GC(1234) Pause Young (Normal) (G1 Evacuation Pause) 386M->342M(1024M) 26.949ms
[2023-04-18T06:16:49.509-0400][gc,cpu      ] GC(1234) User=0.03s Sys=0.04s Real=0.02s
[2023-04-18T06:17:17.849-0400][gc,start    ] GC(1235) Pause Young (Normal) (G1 Evacuation Pause)
[2023-04-18T06:17:17.849-0400][gc,task     ] GC(1235) Using 8 workers of 8 for evacuation
[2023-04-18T06:17:17.858-0400][gc,phases   ] GC(1235)   Pre Evacuate Collection Set: 0.1ms
[2023-04-18T06:17:17.858-0400][gc,phases   ] GC(1235)   Merge Heap Roots: 0.1ms
[2023-04-18T06:17:17.858-0400][gc,phases   ] GC(1235)   Evacuate Collection Set: 7.3ms
[2023-04-18T06:17:17.858-0400][gc,phases   ] GC(1235)   Post Evacuate Collection Set: 0.2ms
[2023-04-18T06:17:17.858-0400][gc,phases   ] GC(1235)   Other: 0.6ms
[2023-04-18T06:17:17.858-0400][gc,heap     ] GC(1235) Eden regions: 46->0(47)
[2023-04-18T06:17:17.858-0400][gc,heap     ] GC(1235) Survivor regions: 5->4(7)
[2023-04-18T06:17:17.858-0400][gc,heap     ] GC(1235) Old regions: 208->211
[2023-04-18T06:17:17.858-0400][gc,heap     ] GC(1235) Archive regions: 2->2
[2023-04-18T06:17:17.858-0400][gc,heap     ] GC(1235) Humongous regions: 129->129
[2023-04-18T06:17:17.858-0400][gc,metaspace] GC(1235) Metaspace: 44289K(44992K)->44289K(44992K) NonClass: 39194K(39552K)->39194K(39552K) Class: 5095K(5440K)->5095K(5440K)
[2023-04-18T06:17:17.858-0400][gc          ] GC(1235) Pause Young (Normal) (G1 Evacuation Pause) 388M->344M(1024M) 8.766ms
[2023-04-18T06:17:17.858-0400][gc,cpu      ] GC(1235) User=0.02s Sys=0.02s Real=0.01s
[2023-04-18T06:17:45.901-0400][gc,start    ] GC(1236) Pause Young (Normal) (G1 Evacuation Pause)
[2023-04-18T06:17:45.901-0400][gc,task     ] GC(1236) Using 8 workers of 8 for evacuation
[2023-04-18T06:17:45.904-0400][gc,phases   ] GC(1236)   Pre Evacuate Collection Set: 0.1ms
[2023-04-18T06:17:45.904-0400][gc,phases   ] GC(1236)   Merge Heap Roots: 0.0ms
[2023-04-18T06:17:45.904-0400][gc,phases   ] GC(1236)   Evacuate Collection Set: 2.4ms
[2023-04-18T06:17:45.904-0400][gc,phases   ] GC(1236)   Post Evacuate Collection Set: 0.2ms
[2023-04-18T06:17:45.904-0400][gc,phases   ] GC(1236)   Other: 0.1ms
[2023-04-18T06:17:45.904-0400][gc,heap     ] GC(1236) Eden regions: 47->0(46)
[2023-04-18T06:17:45.904-0400][gc,heap     ] GC(1236) Survivor regions: 4->5(7)
[2023-04-18T06:17:45.904-0400][gc,heap     ] GC(1236) Old regions: 211->211
[2023-04-18T06:17:45.904-0400][gc,heap     ] GC(1236) Archive regions: 2->2
[2023-04-18T06:17:45.904-0400][gc,heap     ] GC(1236) Humongous regions: 129->129
[2023-04-18T06:17:45.904-0400][gc,metaspace] GC(1236) Metaspace: 44289K(44992K)->44289K(44992K) NonClass: 39194K(39552K)->39194K(39552K) Class: 5095K(5440K)->5095K(5440K)
[2023-04-18T06:17:45.904-0400][gc          ] GC(1236) Pause Young (Normal) (G1 Evacuation Pause) 391M->345M(1024M) 3.546ms
[2023-04-18T06:17:45.904-0400][gc,cpu      ] GC(1236) User=0.01s Sys=0.00s Real=0.00s
[2023-04-18T06:18:12.477-0400][gc,start    ] GC(1237) Pause Young (Normal) (G1 Evacuation Pause)
[2023-04-18T06:18:12.478-0400][gc,task     ] GC(1237) Using 8 workers of 8 for evacuation
[2023-04-18T06:18:12.486-0400][gc,phases   ] GC(1237)   Pre Evacuate Collection Set: 0.1ms
[2023-04-18T06:18:12.486-0400][gc,phases   ] GC(1237)   Merge Heap Roots: 0.1ms
[2023-04-18T06:18:12.486-0400][gc,phases   ] GC(1237)   Evacuate Collection Set: 7.8ms
[2023-04-18T06:18:12.486-0400][gc,phases   ] GC(1237)   Post Evacuate Collection Set: 0.2ms
[2023-04-18T06:18:12.486-0400][gc,phases   ] GC(1237)   Other: 0.1ms
[2023-04-18T06:18:12.486-0400][gc,heap     ] GC(1237) Eden regions: 46->0(47)
[2023-04-18T06:18:12.486-0400][gc,heap     ] GC(1237) Survivor regions: 5->4(7)
[2023-04-18T06:18:12.486-0400][gc,heap     ] GC(1237) Old regions: 211->213
[2023-04-18T06:18:12.486-0400][gc,heap     ] GC(1237) Archive regions: 2->2
[2023-04-18T06:18:12.486-0400][gc,heap     ] GC(1237) Humongous regions: 129->129
[2023-04-18T06:18:12.486-0400][gc,metaspace] GC(1237) Metaspace: 44289K(44992K)->44289K(44992K) NonClass: 39194K(39552K)->39194K(39552K) Class: 5095K(5440K)->5095K(5440K)
[2023-04-18T06:18:12.486-0400][gc          ] GC(1237) Pause Young (Normal) (G1 Evacuation Pause) 391M->345M(1024M) 8.732ms
[2023-04-18T06:18:12.486-0400][gc,cpu      ] GC(1237) User=0.02s Sys=0.01s Real=0.01s
[2023-04-18T06:18:41.016-0400][gc,start    ] GC(1238) Pause Young (Normal) (G1 Evacuation Pause)
[2023-04-18T06:18:41.016-0400][gc,task     ] GC(1238) Using 8 workers of 8 for evacuation
[2023-04-18T06:18:41.020-0400][gc,phases   ] GC(1238)   Pre Evacuate Collection Set: 0.1ms
[2023-04-18T06:18:41.020-0400][gc,phases   ] GC(1238)   Merge Heap Roots: 0.1ms
[2023-04-18T06:18:41.020-0400][gc,phases   ] GC(1238)   Evacuate Collection Set: 2.9ms
[2023-04-18T06:18:41.020-0400][gc,phases   ] GC(1238)   Post Evacuate Collection Set: 0.2ms
[2023-04-18T06:18:41.020-0400][gc,phases   ] GC(1238)   Other: 0.1ms
[2023-04-18T06:18:41.020-0400][gc,heap     ] GC(1238) Eden regions: 47->0(46)
[2023-04-18T06:18:41.020-0400][gc,heap     ] GC(1238) Survivor regions: 4->5(7)
[2023-04-18T06:18:41.020-0400][gc,heap     ] GC(1238) Old regions: 213->213
[2023-04-18T06:18:41.020-0400][gc,heap     ] GC(1238) Archive regions: 2->2
[2023-04-18T06:18:41.020-0400][gc,heap     ] GC(1238) Humongous regions: 129->129
[2023-04-18T06:18:41.020-0400][gc,metaspace] GC(1238) Metaspace: 44289K(44992K)->44289K(44992K) NonClass: 39194K(39552K)->39194K(39552K) Class: 5095K(5440K)->5095K(5440K)
[2023-04-18T06:18:41.020-0400][gc          ] GC(1238) Pause Young (Normal) (G1 Evacuation Pause) 392M->346M(1024M) 3.746ms
[2023-04-18T06:18:41.020-0400][gc,cpu      ] GC(1238) User=0.02s Sys=0.00s Real=0.01s
[2023-04-18T06:19:10.537-0400][gc,start    ] GC(1239) Pause Young (Normal) (G1 Evacuation Pause)
[2023-04-18T06:19:10.537-0400][gc,task     ] GC(1239) Using 8 workers of 8 for evacuation
[2023-04-18T06:19:10.546-0400][gc,phases   ] GC(1239)   Pre Evacuate Collection Set: 0.1ms
[2023-04-18T06:19:10.546-0400][gc,phases   ] GC(1239)   Merge Heap Roots: 0.0ms
[2023-04-18T06:19:10.546-0400][gc,phases   ] GC(1239)   Evacuate Collection Set: 8.4ms
[2023-04-18T06:19:10.546-0400][gc,phases   ] GC(1239)   Post Evacuate Collection Set: 0.3ms
[2023-04-18T06:19:10.546-0400][gc,phases   ] GC(1239)   Other: 0.1ms
[2023-04-18T06:19:10.546-0400][gc,heap     ] GC(1239) Eden regions: 46->0(47)
[2023-04-18T06:19:10.546-0400][gc,heap     ] GC(1239) Survivor regions: 5->4(7)
[2023-04-18T06:19:10.546-0400][gc,heap     ] GC(1239) Old regions: 213->214
[2023-04-18T06:19:10.546-0400][gc,heap     ] GC(1239) Archive regions: 2->2
[2023-04-18T06:19:10.546-0400][gc,heap     ] GC(1239) Humongous regions: 129->129
[2023-04-18T06:19:10.546-0400][gc,metaspace] GC(1239) Metaspace: 44289K(44992K)->44289K(44992K) NonClass: 39194K(39552K)->39194K(39552K) Class: 5095K(5440K)->5095K(5440K)
[2023-04-18T06:19:10.546-0400][gc          ] GC(1239) Pause Young (Normal) (G1 Evacuation Pause) 392M->347M(1024M) 9.146ms
[2023-04-18T06:19:10.546-0400][gc,cpu      ] GC(1239) User=0.02s Sys=0.01s Real=0.01s
[2023-04-18T06:19:39.096-0400][gc,start    ] GC(1240) Pause Young (Normal) (G1 Evacuation Pause)
[2023-04-18T06:19:39.097-0400][gc,task     ] GC(1240) Using 8 workers of 8 for evacuation
[2023-04-18T06:19:39.102-0400][gc,phases   ] GC(1240)   Pre Evacuate Collection Set: 0.1ms
[2023-04-18T06:19:39.102-0400][gc,phases   ] GC(1240)   Merge Heap Roots: 0.1ms
[2023-04-18T06:19:39.102-0400][gc,phases   ] GC(1240)   Evacuate Collection Set: 4.7ms
[2023-04-18T06:19:39.102-0400][gc,phases   ] GC(1240)   Post Evacuate Collection Set: 0.3ms
[2023-04-18T06:19:39.102-0400][gc,phases   ] GC(1240)   Other: 0.1ms
[2023-04-18T06:19:39.102-0400][gc,heap     ] GC(1240) Eden regions: 47->0(46)
[2023-04-18T06:19:39.102-0400][gc,heap     ] GC(1240) Survivor regions: 4->5(7)
[2023-04-18T06:19:39.102-0400][gc,heap     ] GC(1240) Old regions: 214->214
[2023-04-18T06:19:39.102-0400][gc,heap     ] GC(1240) Archive regions: 2->2
[2023-04-18T06:19:39.102-0400][gc,heap     ] GC(1240) Humongous regions: 129->129
[2023-04-18T06:19:39.102-0400][gc,metaspace] GC(1240) Metaspace: 44289K(44992K)->44289K(44992K) NonClass: 39194K(39552K)->39194K(39552K) Class: 5095K(5440K)->5095K(5440K)
[2023-04-18T06:19:39.102-0400][gc          ] GC(1240) Pause Young (Normal) (G1 Evacuation Pause) 394M->348M(1024M) 6.025ms
[2023-04-18T06:19:39.102-0400][gc,cpu      ] GC(1240) User=0.03s Sys=0.00s Real=0.01s
[2023-04-18T06:20:07.325-0400][gc,start    ] GC(1241) Pause Young (Normal) (G1 Evacuation Pause)
[2023-04-18T06:20:07.326-0400][gc,task     ] GC(1241) Using 8 workers of 8 for evacuation
[2023-04-18T06:20:07.335-0400][gc,phases   ] GC(1241)   Pre Evacuate Collection Set: 0.1ms
[2023-04-18T06:20:07.335-0400][gc,phases   ] GC(1241)   Merge Heap Roots: 0.1ms
[2023-04-18T06:20:07.335-0400][gc,phases   ] GC(1241)   Evacuate Collection Set: 8.7ms
[2023-04-18T06:20:07.335-0400][gc,phases   ] GC(1241)   Post Evacuate Collection Set: 0.3ms
[2023-04-18T06:20:07.335-0400][gc,phases   ] GC(1241)   Other: 0.1ms
[2023-04-18T06:20:07.335-0400][gc,heap     ] GC(1241) Eden regions: 46->0(46)
[2023-04-18T06:20:07.335-0400][gc,heap     ] GC(1241) Survivor regions: 5->5(7)
[2023-04-18T06:20:07.335-0400][gc,heap     ] GC(1241) Old regions: 214->215
[2023-04-18T06:20:07.335-0400][gc,heap     ] GC(1241) Archive regions: 2->2
[2023-04-18T06:20:07.335-0400][gc,heap     ] GC(1241) Humongous regions: 129->129
[2023-04-18T06:20:07.335-0400][gc,metaspace] GC(1241) Metaspace: 44289K(44992K)->44289K(44992K) NonClass: 39194K(39552K)->39194K(39552K) Class: 5095K(5440K)->5095K(5440K)
[2023-04-18T06:20:07.335-0400][gc          ] GC(1241) Pause Young (Normal) (G1 Evacuation Pause) 394M->349M(1024M) 10.464ms
[2023-04-18T06:20:07.335-0400][gc,cpu      ] GC(1241) User=0.02s Sys=0.01s Real=0.01s
[2023-04-18T06:20:35.506-0400][gc,start    ] GC(1242) Pause Young (Normal) (G1 Evacuation Pause)
[2023-04-18T06:20:35.507-0400][gc,task     ] GC(1242) Using 8 workers of 8 for evacuation
[2023-04-18T06:20:35.516-0400][gc,phases   ] GC(1242)   Pre Evacuate Collection Set: 1.4ms
[2023-04-18T06:20:35.516-0400][gc,phases   ] GC(1242)   Merge Heap Roots: 0.1ms
[2023-04-18T06:20:35.516-0400][gc,phases   ] GC(1242)   Evacuate Collection Set: 7.0ms
[2023-04-18T06:20:35.516-0400][gc,phases   ] GC(1242)   Post Evacuate Collection Set: 0.3ms
[2023-04-18T06:20:35.516-0400][gc,phases   ] GC(1242)   Other: 0.8ms
[2023-04-18T06:20:35.516-0400][gc,heap     ] GC(1242) Eden regions: 46->0(46)
[2023-04-18T06:20:35.516-0400][gc,heap     ] GC(1242) Survivor regions: 5->5(7)
[2023-04-18T06:20:35.516-0400][gc,heap     ] GC(1242) Old regions: 215->216
[2023-04-18T06:20:35.516-0400][gc,heap     ] GC(1242) Archive regions: 2->2
[2023-04-18T06:20:35.516-0400][gc,heap     ] GC(1242) Humongous regions: 129->129
[2023-04-18T06:20:35.516-0400][gc,metaspace] GC(1242) Metaspace: 44289K(44992K)->44289K(44992K) NonClass: 39194K(39552K)->39194K(39552K) Class: 5095K(5440K)->5095K(5440K)
[2023-04-18T06:20:35.516-0400][gc          ] GC(1242) Pause Young (Normal) (G1 Evacuation Pause) 395M->350M(1024M) 9.796ms
[2023-04-18T06:20:35.516-0400][gc,cpu      ] GC(1242) User=0.02s Sys=0.01s Real=0.01s
[2023-04-18T06:21:03.465-0400][gc,start    ] GC(1243) Pause Young (Normal) (G1 Evacuation Pause)
[2023-04-18T06:21:03.465-0400][gc,task     ] GC(1243) Using 8 workers of 8 for evacuation
[2023-04-18T06:21:03.474-0400][gc,phases   ] GC(1243)   Pre Evacuate Collection Set: 0.3ms
[2023-04-18T06:21:03.474-0400][gc,phases   ] GC(1243)   Merge Heap Roots: 0.2ms
[2023-04-18T06:21:03.475-0400][gc,phases   ] GC(1243)   Evacuate Collection Set: 8.5ms
[2023-04-18T06:21:03.475-0400][gc,phases   ] GC(1243)   Post Evacuate Collection Set: 0.5ms
[2023-04-18T06:21:03.475-0400][gc,phases   ] GC(1243)   Other: 0.2ms
[2023-04-18T06:21:03.475-0400][gc,heap     ] GC(1243) Eden regions: 46->0(47)
[2023-04-18T06:21:03.475-0400][gc,heap     ] GC(1243) Survivor regions: 5->4(7)
[2023-04-18T06:21:03.475-0400][gc,heap     ] GC(1243) Old regions: 216->217
[2023-04-18T06:21:03.475-0400][gc,heap     ] GC(1243) Archive regions: 2->2
[2023-04-18T06:21:03.475-0400][gc,heap     ] GC(1243) Humongous regions: 129->129
[2023-04-18T06:21:03.475-0400][gc,metaspace] GC(1243) Metaspace: 44289K(44992K)->44289K(44992K) NonClass: 39194K(39552K)->39194K(39552K) Class: 5095K(5440K)->5095K(5440K)
[2023-04-18T06:21:03.475-0400][gc          ] GC(1243) Pause Young (Normal) (G1 Evacuation Pause) 396M->350M(1024M) 10.143ms
[2023-04-18T06:21:03.475-0400][gc,cpu      ] GC(1243) User=0.04s Sys=0.01s Real=0.01s
[2023-04-18T06:21:32.719-0400][gc,start    ] GC(1244) Pause Young (Normal) (G1 Evacuation Pause)
[2023-04-18T06:21:32.720-0400][gc,task     ] GC(1244) Using 8 workers of 8 for evacuation
[2023-04-18T06:21:32.729-0400][gc,phases   ] GC(1244)   Pre Evacuate Collection Set: 0.1ms
[2023-04-18T06:21:32.730-0400][gc,phases   ] GC(1244)   Merge Heap Roots: 0.1ms
[2023-04-18T06:21:32.730-0400][gc,phases   ] GC(1244)   Evacuate Collection Set: 8.7ms
[2023-04-18T06:21:32.730-0400][gc,phases   ] GC(1244)   Post Evacuate Collection Set: 0.2ms
[2023-04-18T06:21:32.730-0400][gc,phases   ] GC(1244)   Other: 0.1ms
[2023-04-18T06:21:32.730-0400][gc,heap     ] GC(1244) Eden regions: 47->0(46)
[2023-04-18T06:21:32.730-0400][gc,heap     ] GC(1244) Survivor regions: 4->5(7)
[2023-04-18T06:21:32.730-0400][gc,heap     ] GC(1244) Old regions: 217->218
[2023-04-18T06:21:32.730-0400][gc,heap     ] GC(1244) Archive regions: 2->2
[2023-04-18T06:21:32.730-0400][gc,heap     ] GC(1244) Humongous regions: 129->129
[2023-04-18T06:21:32.730-0400][gc,metaspace] GC(1244) Metaspace: 44289K(44992K)->44289K(44992K) NonClass: 39194K(39552K)->39194K(39552K) Class: 5095K(5440K)->5095K(5440K)
[2023-04-18T06:21:32.730-0400][gc          ] GC(1244) Pause Young (Normal) (G1 Evacuation Pause) 397M->351M(1024M) 11.074ms
[2023-04-18T06:21:32.730-0400][gc,cpu      ] GC(1244) User=0.02s Sys=0.01s Real=0.02s
[2023-04-18T06:22:05.595-0400][gc,start    ] GC(1245) Pause Young (Normal) (G1 Evacuation Pause)
[2023-04-18T06:22:05.595-0400][gc,task     ] GC(1245) Using 8 workers of 8 for evacuation
[2023-04-18T06:22:05.615-0400][gc,phases   ] GC(1245)   Pre Evacuate Collection Set: 0.7ms
[2023-04-18T06:22:05.615-0400][gc,phases   ] GC(1245)   Merge Heap Roots: 0.3ms
[2023-04-18T06:22:05.615-0400][gc,phases   ] GC(1245)   Evacuate Collection Set: 16.9ms
[2023-04-18T06:22:05.615-0400][gc,phases   ] GC(1245)   Post Evacuate Collection Set: 1.4ms
[2023-04-18T06:22:05.615-0400][gc,phases   ] GC(1245)   Other: 0.4ms
[2023-04-18T06:22:05.615-0400][gc,heap     ] GC(1245) Eden regions: 46->0(47)
[2023-04-18T06:22:05.615-0400][gc,heap     ] GC(1245) Survivor regions: 5->4(7)
[2023-04-18T06:22:05.615-0400][gc,heap     ] GC(1245) Old regions: 218->219
[2023-04-18T06:22:05.615-0400][gc,heap     ] GC(1245) Archive regions: 2->2
[2023-04-18T06:22:05.615-0400][gc,heap     ] GC(1245) Humongous regions: 129->129
[2023-04-18T06:22:05.615-0400][gc,metaspace] GC(1245) Metaspace: 44289K(44992K)->44289K(44992K) NonClass: 39194K(39552K)->39194K(39552K) Class: 5095K(5440K)->5095K(5440K)
[2023-04-18T06:22:05.615-0400][gc          ] GC(1245) Pause Young (Normal) (G1 Evacuation Pause) 397M->352M(1024M) 20.614ms
[2023-04-18T06:22:05.615-0400][gc,cpu      ] GC(1245) User=0.03s Sys=0.06s Real=0.02s
[2023-04-18T06:23:04.644-0400][gc,start    ] GC(1246) Pause Young (Normal) (G1 Evacuation Pause)
[2023-04-18T06:23:04.645-0400][gc,task     ] GC(1246) Using 8 workers of 8 for evacuation
[2023-04-18T06:23:04.710-0400][gc,mmu      ] GC(1246) MMU target violated: 21.0ms (20.0ms/21.0ms)
[2023-04-18T06:23:04.728-0400][gc,phases   ] GC(1246)   Pre Evacuate Collection Set: 0.8ms
[2023-04-18T06:23:04.728-0400][gc,phases   ] GC(1246)   Merge Heap Roots: 0.3ms
[2023-04-18T06:23:04.728-0400][gc,phases   ] GC(1246)   Evacuate Collection Set: 38.8ms
[2023-04-18T06:23:04.728-0400][gc,phases   ] GC(1246)   Post Evacuate Collection Set: 2.0ms
[2023-04-18T06:23:04.729-0400][gc,phases   ] GC(1246)   Other: 41.1ms
[2023-04-18T06:23:04.729-0400][gc,heap     ] GC(1246) Eden regions: 47->0(46)
[2023-04-18T06:23:04.729-0400][gc,heap     ] GC(1246) Survivor regions: 4->5(7)
[2023-04-18T06:23:04.729-0400][gc,heap     ] GC(1246) Old regions: 219->219
[2023-04-18T06:23:04.729-0400][gc,heap     ] GC(1246) Archive regions: 2->2
[2023-04-18T06:23:04.729-0400][gc,heap     ] GC(1246) Humongous regions: 129->129
[2023-04-18T06:23:04.729-0400][gc,metaspace] GC(1246) Metaspace: 44295K(44992K)->44295K(44992K) NonClass: 39200K(39552K)->39200K(39552K) Class: 5095K(5440K)->5095K(5440K)
[2023-04-18T06:23:04.729-0400][gc          ] GC(1246) Pause Young (Normal) (G1 Evacuation Pause) 399M->353M(1024M) 84.760ms
[2023-04-18T06:23:04.729-0400][gc,cpu      ] GC(1246) User=0.03s Sys=0.07s Real=0.08s
[2023-04-18T06:23:32.339-0400][gc,start    ] GC(1247) Pause Young (Normal) (G1 Evacuation Pause)
[2023-04-18T06:23:32.339-0400][gc,task     ] GC(1247) Using 8 workers of 8 for evacuation
[2023-04-18T06:23:32.350-0400][gc,phases   ] GC(1247)   Pre Evacuate Collection Set: 0.1ms
[2023-04-18T06:23:32.350-0400][gc,phases   ] GC(1247)   Merge Heap Roots: 0.1ms
[2023-04-18T06:23:32.350-0400][gc,phases   ] GC(1247)   Evacuate Collection Set: 9.7ms
[2023-04-18T06:23:32.350-0400][gc,phases   ] GC(1247)   Post Evacuate Collection Set: 0.3ms
[2023-04-18T06:23:32.350-0400][gc,phases   ] GC(1247)   Other: 0.5ms
[2023-04-18T06:23:32.350-0400][gc,heap     ] GC(1247) Eden regions: 46->0(46)
[2023-04-18T06:23:32.350-0400][gc,heap     ] GC(1247) Survivor regions: 5->5(7)
[2023-04-18T06:23:32.350-0400][gc,heap     ] GC(1247) Old regions: 219->220
[2023-04-18T06:23:32.350-0400][gc,heap     ] GC(1247) Archive regions: 2->2
[2023-04-18T06:23:32.350-0400][gc,heap     ] GC(1247) Humongous regions: 129->129
[2023-04-18T06:23:32.350-0400][gc,metaspace] GC(1247) Metaspace: 44295K(44992K)->44295K(44992K) NonClass: 39200K(39552K)->39200K(39552K) Class: 5095K(5440K)->5095K(5440K)
[2023-04-18T06:23:32.350-0400][gc          ] GC(1247) Pause Young (Normal) (G1 Evacuation Pause) 399M->354M(1024M) 11.200ms
[2023-04-18T06:23:32.350-0400][gc,cpu      ] GC(1247) User=0.03s Sys=0.02s Real=0.02s
[2023-04-18T06:23:59.837-0400][gc,start    ] GC(1248) Pause Young (Normal) (G1 Evacuation Pause)
[2023-04-18T06:23:59.837-0400][gc,task     ] GC(1248) Using 8 workers of 8 for evacuation
[2023-04-18T06:23:59.850-0400][gc,phases   ] GC(1248)   Pre Evacuate Collection Set: 0.1ms
[2023-04-18T06:23:59.850-0400][gc,phases   ] GC(1248)   Merge Heap Roots: 0.1ms
[2023-04-18T06:23:59.850-0400][gc,phases   ] GC(1248)   Evacuate Collection Set: 11.9ms
[2023-04-18T06:23:59.850-0400][gc,phases   ] GC(1248)   Post Evacuate Collection Set: 0.8ms
[2023-04-18T06:23:59.850-0400][gc,phases   ] GC(1248)   Other: 0.1ms
[2023-04-18T06:23:59.850-0400][gc,heap     ] GC(1248) Eden regions: 46->0(47)
[2023-04-18T06:23:59.850-0400][gc,heap     ] GC(1248) Survivor regions: 5->4(7)
[2023-04-18T06:23:59.850-0400][gc,heap     ] GC(1248) Old regions: 220->222
[2023-04-18T06:23:59.850-0400][gc,heap     ] GC(1248) Archive regions: 2->2
[2023-04-18T06:23:59.850-0400][gc,heap     ] GC(1248) Humongous regions: 129->129
[2023-04-18T06:23:59.850-0400][gc,metaspace] GC(1248) Metaspace: 44295K(44992K)->44295K(44992K) NonClass: 39200K(39552K)->39200K(39552K) Class: 5095K(5440K)->5095K(5440K)
[2023-04-18T06:23:59.850-0400][gc          ] GC(1248) Pause Young (Normal) (G1 Evacuation Pause) 400M->355M(1024M) 13.335ms
[2023-04-18T06:23:59.850-0400][gc,cpu      ] GC(1248) User=0.02s Sys=0.01s Real=0.02s
[2023-04-18T06:24:28.467-0400][gc,start    ] GC(1249) Pause Young (Normal) (G1 Evacuation Pause)
[2023-04-18T06:24:28.468-0400][gc,task     ] GC(1249) Using 8 workers of 8 for evacuation
[2023-04-18T06:24:28.471-0400][gc,phases   ] GC(1249)   Pre Evacuate Collection Set: 0.1ms
[2023-04-18T06:24:28.471-0400][gc,phases   ] GC(1249)   Merge Heap Roots: 0.1ms
[2023-04-18T06:24:28.471-0400][gc,phases   ] GC(1249)   Evacuate Collection Set: 3.1ms
[2023-04-18T06:24:28.471-0400][gc,phases   ] GC(1249)   Post Evacuate Collection Set: 0.3ms
[2023-04-18T06:24:28.471-0400][gc,phases   ] GC(1249)   Other: 0.1ms
[2023-04-18T06:24:28.471-0400][gc,heap     ] GC(1249) Eden regions: 47->0(46)
[2023-04-18T06:24:28.471-0400][gc,heap     ] GC(1249) Survivor regions: 4->5(7)
[2023-04-18T06:24:28.471-0400][gc,heap     ] GC(1249) Old regions: 222->222
[2023-04-18T06:24:28.471-0400][gc,heap     ] GC(1249) Archive regions: 2->2
[2023-04-18T06:24:28.471-0400][gc,heap     ] GC(1249) Humongous regions: 129->129
[2023-04-18T06:24:28.471-0400][gc,metaspace] GC(1249) Metaspace: 44295K(44992K)->44295K(44992K) NonClass: 39200K(39552K)->39200K(39552K) Class: 5095K(5440K)->5095K(5440K)
[2023-04-18T06:24:28.471-0400][gc          ] GC(1249) Pause Young (Normal) (G1 Evacuation Pause) 402M->355M(1024M) 3.951ms
[2023-04-18T06:24:28.471-0400][gc,cpu      ] GC(1249) User=0.02s Sys=0.00s Real=0.01s
[2023-04-18T06:24:55.660-0400][gc,start    ] GC(1250) Pause Young (Normal) (G1 Evacuation Pause)
[2023-04-18T06:24:55.660-0400][gc,task     ] GC(1250) Using 8 workers of 8 for evacuation
[2023-04-18T06:24:55.667-0400][gc,phases   ] GC(1250)   Pre Evacuate Collection Set: 0.2ms
[2023-04-18T06:24:55.667-0400][gc,phases   ] GC(1250)   Merge Heap Roots: 0.0ms
[2023-04-18T06:24:55.667-0400][gc,phases   ] GC(1250)   Evacuate Collection Set: 6.1ms
[2023-04-18T06:24:55.667-0400][gc,phases   ] GC(1250)   Post Evacuate Collection Set: 0.2ms
[2023-04-18T06:24:55.667-0400][gc,phases   ] GC(1250)   Other: 0.1ms
[2023-04-18T06:24:55.667-0400][gc,heap     ] GC(1250) Eden regions: 46->0(99)
[2023-04-18T06:24:55.667-0400][gc,heap     ] GC(1250) Survivor regions: 5->4(7)
[2023-04-18T06:24:55.667-0400][gc,heap     ] GC(1250) Old regions: 222->222
[2023-04-18T06:24:55.667-0400][gc,heap     ] GC(1250) Archive regions: 2->2
[2023-04-18T06:24:55.667-0400][gc,heap     ] GC(1250) Humongous regions: 129->129
[2023-04-18T06:24:55.667-0400][gc,metaspace] GC(1250) Metaspace: 44295K(44992K)->44295K(44992K) NonClass: 39200K(39552K)->39200K(39552K) Class: 5095K(5440K)->5095K(5440K)
[2023-04-18T06:24:55.667-0400][gc          ] GC(1250) Pause Young (Normal) (G1 Evacuation Pause) 401M->355M(1024M) 6.785ms
[2023-04-18T06:24:55.667-0400][gc,cpu      ] GC(1250) User=0.01s Sys=0.00s Real=0.00s
[2023-04-18T06:25:49.991-0400][gc,start    ] GC(1251) Pause Young (Normal) (G1 Evacuation Pause)
[2023-04-18T06:25:49.991-0400][gc,task     ] GC(1251) Using 8 workers of 8 for evacuation
[2023-04-18T06:25:50.004-0400][gc,phases   ] GC(1251)   Pre Evacuate Collection Set: 2.3ms
[2023-04-18T06:25:50.004-0400][gc,phases   ] GC(1251)   Merge Heap Roots: 0.1ms
[2023-04-18T06:25:50.004-0400][gc,phases   ] GC(1251)   Evacuate Collection Set: 9.5ms
[2023-04-18T06:25:50.004-0400][gc,phases   ] GC(1251)   Post Evacuate Collection Set: 0.7ms
[2023-04-18T06:25:50.004-0400][gc,phases   ] GC(1251)   Other: 0.5ms
[2023-04-18T06:25:50.004-0400][gc,heap     ] GC(1251) Eden regions: 92->0(45)
[2023-04-18T06:25:50.004-0400][gc,heap     ] GC(1251) Survivor regions: 4->6(12)
[2023-04-18T06:25:50.004-0400][gc,heap     ] GC(1251) Old regions: 222->222
[2023-04-18T06:25:50.004-0400][gc,heap     ] GC(1251) Archive regions: 2->2
[2023-04-18T06:25:50.004-0400][gc,heap     ] GC(1251) Humongous regions: 129->129
[2023-04-18T06:25:50.004-0400][gc,metaspace] GC(1251) Metaspace: 44295K(44992K)->44295K(44992K) NonClass: 39200K(39552K)->39200K(39552K) Class: 5095K(5440K)->5095K(5440K)
[2023-04-18T06:25:50.005-0400][gc          ] GC(1251) Pause Young (Normal) (G1 Evacuation Pause) 447M->357M(1024M) 13.659ms
[2023-04-18T06:25:50.005-0400][gc,cpu      ] GC(1251) User=0.02s Sys=0.02s Real=0.01s
[2023-04-18T06:26:16.857-0400][gc,start    ] GC(1252) Pause Young (Normal) (G1 Evacuation Pause)
[2023-04-18T06:26:16.857-0400][gc,task     ] GC(1252) Using 8 workers of 8 for evacuation
[2023-04-18T06:26:16.868-0400][gc,phases   ] GC(1252)   Pre Evacuate Collection Set: 0.3ms
[2023-04-18T06:26:16.869-0400][gc,phases   ] GC(1252)   Merge Heap Roots: 0.1ms
[2023-04-18T06:26:16.869-0400][gc,phases   ] GC(1252)   Evacuate Collection Set: 10.4ms
[2023-04-18T06:26:16.869-0400][gc,phases   ] GC(1252)   Post Evacuate Collection Set: 0.2ms
[2023-04-18T06:26:16.869-0400][gc,phases   ] GC(1252)   Other: 0.1ms
[2023-04-18T06:26:16.869-0400][gc,heap     ] GC(1252) Eden regions: 45->0(180)
[2023-04-18T06:26:16.869-0400][gc,heap     ] GC(1252) Survivor regions: 6->4(7)
[2023-04-18T06:26:16.869-0400][gc,heap     ] GC(1252) Old regions: 222->224
[2023-04-18T06:26:16.869-0400][gc,heap     ] GC(1252) Archive regions: 2->2
[2023-04-18T06:26:16.869-0400][gc,heap     ] GC(1252) Humongous regions: 129->129
[2023-04-18T06:26:16.869-0400][gc,metaspace] GC(1252) Metaspace: 44295K(44992K)->44295K(44992K) NonClass: 39200K(39552K)->39200K(39552K) Class: 5095K(5440K)->5095K(5440K)
[2023-04-18T06:26:16.869-0400][gc          ] GC(1252) Pause Young (Normal) (G1 Evacuation Pause) 402M->356M(1024M) 11.337ms
[2023-04-18T06:26:16.869-0400][gc,cpu      ] GC(1252) User=0.02s Sys=0.01s Real=0.01s
[2023-04-18T06:28:03.905-0400][gc,start    ] GC(1253) Pause Young (Normal) (G1 Evacuation Pause)
[2023-04-18T06:28:03.905-0400][gc,task     ] GC(1253) Using 8 workers of 8 for evacuation
[2023-04-18T06:28:03.925-0400][gc,phases   ] GC(1253)   Pre Evacuate Collection Set: 1.2ms
[2023-04-18T06:28:03.925-0400][gc,phases   ] GC(1253)   Merge Heap Roots: 0.3ms
[2023-04-18T06:28:03.925-0400][gc,phases   ] GC(1253)   Evacuate Collection Set: 15.7ms
[2023-04-18T06:28:03.925-0400][gc,phases   ] GC(1253)   Post Evacuate Collection Set: 2.1ms
[2023-04-18T06:28:03.925-0400][gc,phases   ] GC(1253)   Other: 0.4ms
[2023-04-18T06:28:03.925-0400][gc,heap     ] GC(1253) Eden regions: 180->0(45)
[2023-04-18T06:28:03.925-0400][gc,heap     ] GC(1253) Survivor regions: 4->6(23)
[2023-04-18T06:28:03.925-0400][gc,heap     ] GC(1253) Old regions: 224->224
[2023-04-18T06:28:03.925-0400][gc,heap     ] GC(1253) Archive regions: 2->2
[2023-04-18T06:28:03.925-0400][gc,heap     ] GC(1253) Humongous regions: 129->129
[2023-04-18T06:28:03.925-0400][gc,metaspace] GC(1253) Metaspace: 44295K(44992K)->44295K(44992K) NonClass: 39200K(39552K)->39200K(39552K) Class: 5095K(5440K)->5095K(5440K)
[2023-04-18T06:28:03.925-0400][gc          ] GC(1253) Pause Young (Normal) (G1 Evacuation Pause) 536M->359M(1024M) 20.415ms
[2023-04-18T06:28:03.925-0400][gc,cpu      ] GC(1253) User=0.03s Sys=0.06s Real=0.02s
[2023-04-18T06:28:29.866-0400][gc,start    ] GC(1254) Pause Young (Normal) (G1 Evacuation Pause)
[2023-04-18T06:28:29.866-0400][gc,task     ] GC(1254) Using 8 workers of 8 for evacuation
[2023-04-18T06:28:29.877-0400][gc,phases   ] GC(1254)   Pre Evacuate Collection Set: 0.5ms
[2023-04-18T06:28:29.877-0400][gc,phases   ] GC(1254)   Merge Heap Roots: 0.1ms
[2023-04-18T06:28:29.877-0400][gc,phases   ] GC(1254)   Evacuate Collection Set: 10.1ms
[2023-04-18T06:28:29.877-0400][gc,phases   ] GC(1254)   Post Evacuate Collection Set: 0.6ms
[2023-04-18T06:28:29.877-0400][gc,phases   ] GC(1254)   Other: 0.1ms
[2023-04-18T06:28:29.877-0400][gc,heap     ] GC(1254) Eden regions: 45->0(147)
[2023-04-18T06:28:29.877-0400][gc,heap     ] GC(1254) Survivor regions: 6->5(7)
[2023-04-18T06:28:29.877-0400][gc,heap     ] GC(1254) Old regions: 224->226
[2023-04-18T06:28:29.877-0400][gc,heap     ] GC(1254) Archive regions: 2->2
[2023-04-18T06:28:29.877-0400][gc,heap     ] GC(1254) Humongous regions: 129->129
[2023-04-18T06:28:29.877-0400][gc,metaspace] GC(1254) Metaspace: 44295K(44992K)->44295K(44992K) NonClass: 39200K(39552K)->39200K(39552K) Class: 5095K(5440K)->5095K(5440K)
[2023-04-18T06:28:29.877-0400][gc          ] GC(1254) Pause Young (Normal) (G1 Evacuation Pause) 404M->360M(1024M) 11.546ms
[2023-04-18T06:28:29.877-0400][gc,cpu      ] GC(1254) User=0.02s Sys=0.02s Real=0.01s
[2023-04-18T06:30:00.309-0400][gc,start    ] GC(1255) Pause Young (Normal) (G1 Evacuation Pause)
[2023-04-18T06:30:00.309-0400][gc,task     ] GC(1255) Using 8 workers of 8 for evacuation
[2023-04-18T06:30:00.317-0400][gc,phases   ] GC(1255)   Pre Evacuate Collection Set: 0.2ms
[2023-04-18T06:30:00.317-0400][gc,phases   ] GC(1255)   Merge Heap Roots: 0.1ms
[2023-04-18T06:30:00.317-0400][gc,phases   ] GC(1255)   Evacuate Collection Set: 6.7ms
[2023-04-18T06:30:00.317-0400][gc,phases   ] GC(1255)   Post Evacuate Collection Set: 0.3ms
[2023-04-18T06:30:00.317-0400][gc,phases   ] GC(1255)   Other: 0.1ms
[2023-04-18T06:30:00.317-0400][gc,heap     ] GC(1255) Eden regions: 147->0(128)
[2023-04-18T06:30:00.317-0400][gc,heap     ] GC(1255) Survivor regions: 5->7(19)
[2023-04-18T06:30:00.317-0400][gc,heap     ] GC(1255) Old regions: 226->226
[2023-04-18T06:30:00.317-0400][gc,heap     ] GC(1255) Archive regions: 2->2
[2023-04-18T06:30:00.317-0400][gc,heap     ] GC(1255) Humongous regions: 129->129
[2023-04-18T06:30:00.317-0400][gc,metaspace] GC(1255) Metaspace: 44303K(44992K)->44303K(44992K) NonClass: 39208K(39552K)->39208K(39552K) Class: 5095K(5440K)->5095K(5440K)
[2023-04-18T06:30:00.317-0400][gc          ] GC(1255) Pause Young (Normal) (G1 Evacuation Pause) 507M->362M(1024M) 7.956ms
[2023-04-18T06:30:00.317-0400][gc,cpu      ] GC(1255) User=0.03s Sys=0.01s Real=0.01s
[2023-04-18T06:31:22.572-0400][gc,start    ] GC(1256) Pause Young (Normal) (G1 Evacuation Pause)
[2023-04-18T06:31:22.573-0400][gc,task     ] GC(1256) Using 8 workers of 8 for evacuation
[2023-04-18T06:31:22.581-0400][gc,phases   ] GC(1256)   Pre Evacuate Collection Set: 0.2ms
[2023-04-18T06:31:22.581-0400][gc,phases   ] GC(1256)   Merge Heap Roots: 0.2ms
[2023-04-18T06:31:22.581-0400][gc,phases   ] GC(1256)   Evacuate Collection Set: 7.2ms
[2023-04-18T06:31:22.581-0400][gc,phases   ] GC(1256)   Post Evacuate Collection Set: 0.4ms
[2023-04-18T06:31:22.581-0400][gc,phases   ] GC(1256)   Other: 0.3ms
[2023-04-18T06:31:22.581-0400][gc,heap     ] GC(1256) Eden regions: 128->0(101)
[2023-04-18T06:31:22.581-0400][gc,heap     ] GC(1256) Survivor regions: 7->9(17)
[2023-04-18T06:31:22.581-0400][gc,heap     ] GC(1256) Old regions: 226->226
[2023-04-18T06:31:22.581-0400][gc,heap     ] GC(1256) Archive regions: 2->2
[2023-04-18T06:31:22.581-0400][gc,heap     ] GC(1256) Humongous regions: 129->129
[2023-04-18T06:31:22.581-0400][gc,metaspace] GC(1256) Metaspace: 44303K(44992K)->44303K(44992K) NonClass: 39208K(39552K)->39208K(39552K) Class: 5095K(5440K)->5095K(5440K)
[2023-04-18T06:31:22.582-0400][gc          ] GC(1256) Pause Young (Normal) (G1 Evacuation Pause) 490M->364M(1024M) 9.168ms
[2023-04-18T06:31:22.582-0400][gc,cpu      ] GC(1256) User=0.05s Sys=0.00s Real=0.01s
[2023-04-18T06:32:28.250-0400][gc,start    ] GC(1257) Pause Young (Normal) (G1 Evacuation Pause)
[2023-04-18T06:32:28.250-0400][gc,task     ] GC(1257) Using 8 workers of 8 for evacuation
[2023-04-18T06:32:28.281-0400][gc,mmu      ] GC(1257) MMU target violated: 21.0ms (20.0ms/21.0ms)
[2023-04-18T06:32:28.281-0400][gc,phases   ] GC(1257)   Pre Evacuate Collection Set: 0.2ms
[2023-04-18T06:32:28.281-0400][gc,phases   ] GC(1257)   Merge Heap Roots: 0.2ms
[2023-04-18T06:32:28.281-0400][gc,phases   ] GC(1257)   Evacuate Collection Set: 30.2ms
[2023-04-18T06:32:28.281-0400][gc,phases   ] GC(1257)   Post Evacuate Collection Set: 0.3ms
[2023-04-18T06:32:28.281-0400][gc,phases   ] GC(1257)   Other: 0.2ms
[2023-04-18T06:32:28.281-0400][gc,heap     ] GC(1257) Eden regions: 101->0(43)
[2023-04-18T06:32:28.281-0400][gc,heap     ] GC(1257) Survivor regions: 9->8(14)
[2023-04-18T06:32:28.281-0400][gc,heap     ] GC(1257) Old regions: 226->229
[2023-04-18T06:32:28.281-0400][gc,heap     ] GC(1257) Archive regions: 2->2
[2023-04-18T06:32:28.281-0400][gc,heap     ] GC(1257) Humongous regions: 129->129
[2023-04-18T06:32:28.281-0400][gc,metaspace] GC(1257) Metaspace: 44303K(44992K)->44303K(44992K) NonClass: 39208K(39552K)->39208K(39552K) Class: 5095K(5440K)->5095K(5440K)
[2023-04-18T06:32:28.281-0400][gc          ] GC(1257) Pause Young (Normal) (G1 Evacuation Pause) 465M->366M(1024M) 31.425ms
[2023-04-18T06:32:28.281-0400][gc,cpu      ] GC(1257) User=0.05s Sys=0.04s Real=0.03s
[2023-04-18T06:32:54.834-0400][gc,start    ] GC(1258) Pause Young (Normal) (G1 Evacuation Pause)
[2023-04-18T06:32:54.834-0400][gc,task     ] GC(1258) Using 8 workers of 8 for evacuation
[2023-04-18T06:32:54.855-0400][gc,mmu      ] GC(1258) MMU target violated: 21.0ms (20.0ms/21.0ms)
[2023-04-18T06:32:54.855-0400][gc,phases   ] GC(1258)   Pre Evacuate Collection Set: 0.1ms
[2023-04-18T06:32:54.855-0400][gc,phases   ] GC(1258)   Merge Heap Roots: 0.1ms
[2023-04-18T06:32:54.855-0400][gc,phases   ] GC(1258)   Evacuate Collection Set: 19.9ms
[2023-04-18T06:32:54.855-0400][gc,phases   ] GC(1258)   Post Evacuate Collection Set: 0.3ms
[2023-04-18T06:32:54.855-0400][gc,phases   ] GC(1258)   Other: 0.7ms
[2023-04-18T06:32:54.855-0400][gc,heap     ] GC(1258) Eden regions: 43->0(297)
[2023-04-18T06:32:54.855-0400][gc,heap     ] GC(1258) Survivor regions: 8->3(7)
[2023-04-18T06:32:54.855-0400][gc,heap     ] GC(1258) Old regions: 229->235
[2023-04-18T06:32:54.855-0400][gc,heap     ] GC(1258) Archive regions: 2->2
[2023-04-18T06:32:54.855-0400][gc,heap     ] GC(1258) Humongous regions: 129->129
[2023-04-18T06:32:54.856-0400][gc,metaspace] GC(1258) Metaspace: 44303K(44992K)->44303K(44992K) NonClass: 39208K(39552K)->39208K(39552K) Class: 5095K(5440K)->5095K(5440K)
[2023-04-18T06:32:54.856-0400][gc          ] GC(1258) Pause Young (Normal) (G1 Evacuation Pause) 409M->366M(1024M) 21.507ms
[2023-04-18T06:32:54.856-0400][gc,cpu      ] GC(1258) User=0.04s Sys=0.03s Real=0.02s
[2023-04-18T06:36:07.183-0400][gc,start    ] GC(1259) Pause Young (Normal) (G1 Evacuation Pause)
[2023-04-18T06:36:07.183-0400][gc,task     ] GC(1259) Using 8 workers of 8 for evacuation
[2023-04-18T06:36:07.203-0400][gc,phases   ] GC(1259)   Pre Evacuate Collection Set: 1.3ms
[2023-04-18T06:36:07.204-0400][gc,phases   ] GC(1259)   Merge Heap Roots: 0.1ms
[2023-04-18T06:36:07.204-0400][gc,phases   ] GC(1259)   Evacuate Collection Set: 17.1ms
[2023-04-18T06:36:07.204-0400][gc,phases   ] GC(1259)   Post Evacuate Collection Set: 0.9ms
[2023-04-18T06:36:07.204-0400][gc,phases   ] GC(1259)   Other: 0.6ms
[2023-04-18T06:36:07.204-0400][gc,heap     ] GC(1259) Eden regions: 297->0(43)
[2023-04-18T06:36:07.204-0400][gc,heap     ] GC(1259) Survivor regions: 3->8(38)
[2023-04-18T06:36:07.204-0400][gc,heap     ] GC(1259) Old regions: 235->235
[2023-04-18T06:36:07.204-0400][gc,heap     ] GC(1259) Archive regions: 2->2
[2023-04-18T06:36:07.204-0400][gc,heap     ] GC(1259) Humongous regions: 129->129
[2023-04-18T06:36:07.204-0400][gc,metaspace] GC(1259) Metaspace: 44303K(44992K)->44303K(44992K) NonClass: 39208K(39552K)->39208K(39552K) Class: 5095K(5440K)->5095K(5440K)
[2023-04-18T06:36:07.204-0400][gc          ] GC(1259) Pause Young (Normal) (G1 Evacuation Pause) 663M->371M(1024M) 20.507ms
[2023-04-18T06:36:07.204-0400][gc,cpu      ] GC(1259) User=0.04s Sys=0.04s Real=0.02s
[2023-04-18T06:36:33.478-0400][gc,start    ] GC(1260) Pause Young (Normal) (G1 Evacuation Pause)
[2023-04-18T06:36:33.478-0400][gc,task     ] GC(1260) Using 8 workers of 8 for evacuation
[2023-04-18T06:36:33.544-0400][gc,mmu      ] GC(1260) MMU target violated: 21.0ms (20.0ms/21.0ms)
[2023-04-18T06:36:33.544-0400][gc,phases   ] GC(1260)   Pre Evacuate Collection Set: 1.0ms
[2023-04-18T06:36:33.544-0400][gc,phases   ] GC(1260)   Merge Heap Roots: 0.1ms
[2023-04-18T06:36:33.544-0400][gc,phases   ] GC(1260)   Evacuate Collection Set: 64.3ms
[2023-04-18T06:36:33.544-0400][gc,phases   ] GC(1260)   Post Evacuate Collection Set: 0.5ms
[2023-04-18T06:36:33.544-0400][gc,phases   ] GC(1260)   Other: 0.2ms
[2023-04-18T06:36:33.544-0400][gc,heap     ] GC(1260) Eden regions: 43->0(133)
[2023-04-18T06:36:33.544-0400][gc,heap     ] GC(1260) Survivor regions: 8->2(7)
[2023-04-18T06:36:33.544-0400][gc,heap     ] GC(1260) Old regions: 235->242
[2023-04-18T06:36:33.544-0400][gc,heap     ] GC(1260) Archive regions: 2->2
[2023-04-18T06:36:33.544-0400][gc,heap     ] GC(1260) Humongous regions: 129->129
[2023-04-18T06:36:33.544-0400][gc,metaspace] GC(1260) Metaspace: 44303K(44992K)->44303K(44992K) NonClass: 39208K(39552K)->39208K(39552K) Class: 5095K(5440K)->5095K(5440K)
[2023-04-18T06:36:33.544-0400][gc          ] GC(1260) Pause Young (Normal) (G1 Evacuation Pause) 414M->372M(1024M) 66.502ms
[2023-04-18T06:36:33.544-0400][gc,cpu      ] GC(1260) User=0.04s Sys=0.09s Real=0.07s
[2023-04-18T06:38:00.053-0400][gc,start    ] GC(1261) Pause Young (Normal) (G1 Evacuation Pause)
[2023-04-18T06:38:00.054-0400][gc,task     ] GC(1261) Using 8 workers of 8 for evacuation
[2023-04-18T06:38:00.060-0400][gc,phases   ] GC(1261)   Pre Evacuate Collection Set: 0.2ms
[2023-04-18T06:38:00.060-0400][gc,phases   ] GC(1261)   Merge Heap Roots: 0.2ms
[2023-04-18T06:38:00.060-0400][gc,phases   ] GC(1261)   Evacuate Collection Set: 4.4ms
[2023-04-18T06:38:00.060-0400][gc,phases   ] GC(1261)   Post Evacuate Collection Set: 1.0ms
[2023-04-18T06:38:00.060-0400][gc,phases   ] GC(1261)   Other: 0.2ms
[2023-04-18T06:38:00.060-0400][gc,heap     ] GC(1261) Eden regions: 133->0(116)
[2023-04-18T06:38:00.060-0400][gc,heap     ] GC(1261) Survivor regions: 2->3(17)
[2023-04-18T06:38:00.060-0400][gc,heap     ] GC(1261) Old regions: 242->242
[2023-04-18T06:38:00.060-0400][gc,heap     ] GC(1261) Archive regions: 2->2
[2023-04-18T06:38:00.060-0400][gc,heap     ] GC(1261) Humongous regions: 129->129
[2023-04-18T06:38:00.060-0400][gc,metaspace] GC(1261) Metaspace: 44303K(44992K)->44303K(44992K) NonClass: 39208K(39552K)->39208K(39552K) Class: 5095K(5440K)->5095K(5440K)
[2023-04-18T06:38:00.060-0400][gc          ] GC(1261) Pause Young (Normal) (G1 Evacuation Pause) 505M->373M(1024M) 7.210ms
[2023-04-18T06:38:00.060-0400][gc,cpu      ] GC(1261) User=0.03s Sys=0.00s Real=0.01s
[2023-04-18T06:39:16.072-0400][gc,start    ] GC(1262) Pause Young (Normal) (G1 Evacuation Pause)
[2023-04-18T06:39:16.072-0400][gc,task     ] GC(1262) Using 8 workers of 8 for evacuation
[2023-04-18T06:39:16.078-0400][gc,phases   ] GC(1262)   Pre Evacuate Collection Set: 0.1ms
[2023-04-18T06:39:16.078-0400][gc,phases   ] GC(1262)   Merge Heap Roots: 0.1ms
[2023-04-18T06:39:16.078-0400][gc,phases   ] GC(1262)   Evacuate Collection Set: 5.1ms
[2023-04-18T06:39:16.078-0400][gc,phases   ] GC(1262)   Post Evacuate Collection Set: 0.4ms
[2023-04-18T06:39:16.078-0400][gc,phases   ] GC(1262)   Other: 0.1ms
[2023-04-18T06:39:16.078-0400][gc,heap     ] GC(1262) Eden regions: 116->0(46)
[2023-04-18T06:39:16.078-0400][gc,heap     ] GC(1262) Survivor regions: 3->5(15)
[2023-04-18T06:39:16.078-0400][gc,heap     ] GC(1262) Old regions: 242->242
[2023-04-18T06:39:16.078-0400][gc,heap     ] GC(1262) Archive regions: 2->2
[2023-04-18T06:39:16.078-0400][gc,heap     ] GC(1262) Humongous regions: 129->129
[2023-04-18T06:39:16.078-0400][gc,metaspace] GC(1262) Metaspace: 44303K(44992K)->44303K(44992K) NonClass: 39208K(39552K)->39208K(39552K) Class: 5095K(5440K)->5095K(5440K)
[2023-04-18T06:39:16.078-0400][gc          ] GC(1262) Pause Young (Normal) (G1 Evacuation Pause) 489M->375M(1024M) 6.559ms
[2023-04-18T06:39:16.079-0400][gc,cpu      ] GC(1262) User=0.04s Sys=0.00s Real=0.00s
[2023-04-18T06:39:44.880-0400][gc,start    ] GC(1263) Pause Young (Normal) (G1 Evacuation Pause)
[2023-04-18T06:39:44.880-0400][gc,task     ] GC(1263) Using 8 workers of 8 for evacuation
[2023-04-18T06:39:44.901-0400][gc,mmu      ] GC(1263) MMU target violated: 21.0ms (20.0ms/21.0ms)
[2023-04-18T06:39:44.901-0400][gc,phases   ] GC(1263)   Pre Evacuate Collection Set: 0.2ms
[2023-04-18T06:39:44.901-0400][gc,phases   ] GC(1263)   Merge Heap Roots: 0.1ms
[2023-04-18T06:39:44.901-0400][gc,phases   ] GC(1263)   Evacuate Collection Set: 20.4ms
[2023-04-18T06:39:44.901-0400][gc,phases   ] GC(1263)   Post Evacuate Collection Set: 0.3ms
[2023-04-18T06:39:44.901-0400][gc,phases   ] GC(1263)   Other: 0.2ms
[2023-04-18T06:39:44.902-0400][gc,heap     ] GC(1263) Eden regions: 46->0(93)
[2023-04-18T06:39:44.902-0400][gc,heap     ] GC(1263) Survivor regions: 5->4(7)
[2023-04-18T06:39:44.902-0400][gc,heap     ] GC(1263) Old regions: 242->244
[2023-04-18T06:39:44.902-0400][gc,heap     ] GC(1263) Archive regions: 2->2
[2023-04-18T06:39:44.902-0400][gc,heap     ] GC(1263) Humongous regions: 129->129
[2023-04-18T06:39:44.902-0400][gc,metaspace] GC(1263) Metaspace: 44303K(44992K)->44303K(44992K) NonClass: 39208K(39552K)->39208K(39552K) Class: 5095K(5440K)->5095K(5440K)
[2023-04-18T06:39:44.902-0400][gc          ] GC(1263) Pause Young (Normal) (G1 Evacuation Pause) 421M->377M(1024M) 21.566ms
[2023-04-18T06:39:44.902-0400][gc,cpu      ] GC(1263) User=0.02s Sys=0.03s Real=0.02s
[2023-04-18T06:40:44.331-0400][gc,start    ] GC(1264) Pause Young (Normal) (G1 Evacuation Pause)
[2023-04-18T06:40:44.339-0400][gc,task     ] GC(1264) Using 8 workers of 8 for evacuation
[2023-04-18T06:40:44.347-0400][gc,phases   ] GC(1264)   Pre Evacuate Collection Set: 0.3ms
[2023-04-18T06:40:44.347-0400][gc,phases   ] GC(1264)   Merge Heap Roots: 0.2ms
[2023-04-18T06:40:44.347-0400][gc,phases   ] GC(1264)   Evacuate Collection Set: 4.3ms
[2023-04-18T06:40:44.347-0400][gc,phases   ] GC(1264)   Post Evacuate Collection Set: 0.4ms
[2023-04-18T06:40:44.347-0400][gc,phases   ] GC(1264)   Other: 2.6ms
[2023-04-18T06:40:44.347-0400][gc,heap     ] GC(1264) Eden regions: 93->0(93)
[2023-04-18T06:40:44.347-0400][gc,heap     ] GC(1264) Survivor regions: 4->5(13)
[2023-04-18T06:40:44.347-0400][gc,heap     ] GC(1264) Old regions: 244->244
[2023-04-18T06:40:44.347-0400][gc,heap     ] GC(1264) Archive regions: 2->2
[2023-04-18T06:40:44.347-0400][gc,heap     ] GC(1264) Humongous regions: 129->129
[2023-04-18T06:40:44.347-0400][gc,metaspace] GC(1264) Metaspace: 44303K(44992K)->44303K(44992K) NonClass: 39208K(39552K)->39208K(39552K) Class: 5095K(5440K)->5095K(5440K)
[2023-04-18T06:40:44.347-0400][gc          ] GC(1264) Pause Young (Normal) (G1 Evacuation Pause) 470M->378M(1024M) 15.643ms
[2023-04-18T06:40:44.347-0400][gc,cpu      ] GC(1264) User=0.03s Sys=0.00s Real=0.01s
[2023-04-18T06:41:44.264-0400][gc,start    ] GC(1265) Pause Young (Normal) (G1 Evacuation Pause)
[2023-04-18T06:41:44.264-0400][gc,task     ] GC(1265) Using 8 workers of 8 for evacuation
[2023-04-18T06:41:44.271-0400][gc,phases   ] GC(1265)   Pre Evacuate Collection Set: 0.2ms
[2023-04-18T06:41:44.271-0400][gc,phases   ] GC(1265)   Merge Heap Roots: 0.1ms
[2023-04-18T06:41:44.271-0400][gc,phases   ] GC(1265)   Evacuate Collection Set: 6.0ms
[2023-04-18T06:41:44.271-0400][gc,phases   ] GC(1265)   Post Evacuate Collection Set: 0.5ms
[2023-04-18T06:41:44.271-0400][gc,phases   ] GC(1265)   Other: 0.2ms
[2023-04-18T06:41:44.271-0400][gc,heap     ] GC(1265) Eden regions: 93->0(58)
[2023-04-18T06:41:44.271-0400][gc,heap     ] GC(1265) Survivor regions: 5->7(13)
[2023-04-18T06:41:44.271-0400][gc,heap     ] GC(1265) Old regions: 244->244
[2023-04-18T06:41:44.271-0400][gc,heap     ] GC(1265) Archive regions: 2->2
[2023-04-18T06:41:44.271-0400][gc,heap     ] GC(1265) Humongous regions: 129->129
[2023-04-18T06:41:44.271-0400][gc,metaspace] GC(1265) Metaspace: 44303K(44992K)->44303K(44992K) NonClass: 39208K(39552K)->39208K(39552K) Class: 5095K(5440K)->5095K(5440K)
[2023-04-18T06:41:44.271-0400][gc          ] GC(1265) Pause Young (Normal) (G1 Evacuation Pause) 471M->379M(1024M) 7.707ms
[2023-04-18T06:41:44.271-0400][gc,cpu      ] GC(1265) User=0.04s Sys=0.00s Real=0.01s
[2023-04-18T06:42:21.487-0400][gc,start    ] GC(1266) Pause Young (Normal) (G1 Evacuation Pause)
[2023-04-18T06:42:21.488-0400][gc,task     ] GC(1266) Using 8 workers of 8 for evacuation
[2023-04-18T06:42:21.509-0400][gc,mmu      ] GC(1266) MMU target violated: 21.0ms (20.0ms/21.0ms)
[2023-04-18T06:42:21.509-0400][gc,phases   ] GC(1266)   Pre Evacuate Collection Set: 0.2ms
[2023-04-18T06:42:21.509-0400][gc,phases   ] GC(1266)   Merge Heap Roots: 0.1ms
[2023-04-18T06:42:21.509-0400][gc,phases   ] GC(1266)   Evacuate Collection Set: 19.8ms
[2023-04-18T06:42:21.509-0400][gc,phases   ] GC(1266)   Post Evacuate Collection Set: 0.4ms
[2023-04-18T06:42:21.509-0400][gc,phases   ] GC(1266)   Other: 0.8ms
[2023-04-18T06:42:21.509-0400][gc,heap     ] GC(1266) Eden regions: 58->0(82)
[2023-04-18T06:42:21.509-0400][gc,heap     ] GC(1266) Survivor regions: 7->6(9)
[2023-04-18T06:42:21.509-0400][gc,heap     ] GC(1266) Old regions: 244->246
[2023-04-18T06:42:21.509-0400][gc,heap     ] GC(1266) Archive regions: 2->2
[2023-04-18T06:42:21.509-0400][gc,heap     ] GC(1266) Humongous regions: 129->129
[2023-04-18T06:42:21.509-0400][gc,metaspace] GC(1266) Metaspace: 44303K(44992K)->44303K(44992K) NonClass: 39208K(39552K)->39208K(39552K) Class: 5095K(5440K)->5095K(5440K)
[2023-04-18T06:42:21.509-0400][gc          ] GC(1266) Pause Young (Normal) (G1 Evacuation Pause) 437M->381M(1024M) 21.641ms
[2023-04-18T06:42:21.509-0400][gc,cpu      ] GC(1266) User=0.03s Sys=0.02s Real=0.02s
[2023-04-18T06:43:14.136-0400][gc,start    ] GC(1267) Pause Young (Normal) (G1 Evacuation Pause)
[2023-04-18T06:43:14.137-0400][gc,task     ] GC(1267) Using 8 workers of 8 for evacuation
[2023-04-18T06:43:14.146-0400][gc,phases   ] GC(1267)   Pre Evacuate Collection Set: 0.3ms
[2023-04-18T06:43:14.146-0400][gc,phases   ] GC(1267)   Merge Heap Roots: 0.2ms
[2023-04-18T06:43:14.146-0400][gc,phases   ] GC(1267)   Evacuate Collection Set: 7.2ms
[2023-04-18T06:43:14.146-0400][gc,phases   ] GC(1267)   Post Evacuate Collection Set: 0.5ms
[2023-04-18T06:43:14.146-0400][gc,phases   ] GC(1267)   Other: 0.2ms
[2023-04-18T06:43:14.146-0400][gc,heap     ] GC(1267) Eden regions: 81->0(140)
[2023-04-18T06:43:14.146-0400][gc,heap     ] GC(1267) Survivor regions: 6->6(11)
[2023-04-18T06:43:14.146-0400][gc,heap     ] GC(1267) Old regions: 246->246
[2023-04-18T06:43:14.146-0400][gc,heap     ] GC(1267) Archive regions: 2->2
[2023-04-18T06:43:14.146-0400][gc,heap     ] GC(1267) Humongous regions: 129->129
[2023-04-18T06:43:14.146-0400][gc,metaspace] GC(1267) Metaspace: 44303K(44992K)->44303K(44992K) NonClass: 39208K(39552K)->39208K(39552K) Class: 5095K(5440K)->5095K(5440K)
[2023-04-18T06:43:14.146-0400][gc          ] GC(1267) Pause Young (Normal) (G1 Evacuation Pause) 462M->381M(1024M) 9.386ms
[2023-04-18T06:43:14.146-0400][gc,cpu      ] GC(1267) User=0.05s Sys=0.01s Real=0.01s
[2023-04-18T06:44:44.765-0400][gc,start    ] GC(1268) Pause Young (Normal) (G1 Evacuation Pause)
[2023-04-18T06:44:44.766-0400][gc,task     ] GC(1268) Using 8 workers of 8 for evacuation
[2023-04-18T06:44:44.783-0400][gc,phases   ] GC(1268)   Pre Evacuate Collection Set: 0.1ms
[2023-04-18T06:44:44.783-0400][gc,phases   ] GC(1268)   Merge Heap Roots: 0.1ms
[2023-04-18T06:44:44.783-0400][gc,phases   ] GC(1268)   Evacuate Collection Set: 16.5ms
[2023-04-18T06:44:44.783-0400][gc,phases   ] GC(1268)   Post Evacuate Collection Set: 0.2ms
[2023-04-18T06:44:44.783-0400][gc,phases   ] GC(1268)   Other: 0.2ms
[2023-04-18T06:44:44.783-0400][gc,heap     ] GC(1268) Eden regions: 140->0(42)
[2023-04-18T06:44:44.783-0400][gc,heap     ] GC(1268) Survivor regions: 6->9(19)
[2023-04-18T06:44:44.783-0400][gc,heap     ] GC(1268) Old regions: 246->246
[2023-04-18T06:44:44.783-0400][gc,heap     ] GC(1268) Archive regions: 2->2
[2023-04-18T06:44:44.783-0400][gc,heap     ] GC(1268) Humongous regions: 129->129
[2023-04-18T06:44:44.783-0400][gc,metaspace] GC(1268) Metaspace: 44303K(44992K)->44303K(44992K) NonClass: 39208K(39552K)->39208K(39552K) Class: 5095K(5440K)->5095K(5440K)
[2023-04-18T06:44:44.783-0400][gc          ] GC(1268) Pause Young (Normal) (G1 Evacuation Pause) 521M->384M(1024M) 18.088ms
[2023-04-18T06:44:44.783-0400][gc,cpu      ] GC(1268) User=0.04s Sys=0.05s Real=0.02s
[2023-04-18T06:45:10.371-0400][gc,start    ] GC(1269) Pause Young (Normal) (G1 Evacuation Pause)
[2023-04-18T06:45:10.371-0400][gc,task     ] GC(1269) Using 8 workers of 8 for evacuation
[2023-04-18T06:45:10.468-0400][gc,mmu      ] GC(1269) MMU target violated: 21.0ms (20.0ms/21.0ms)
[2023-04-18T06:45:10.468-0400][gc,phases   ] GC(1269)   Pre Evacuate Collection Set: 0.2ms
[2023-04-18T06:45:10.468-0400][gc,phases   ] GC(1269)   Merge Heap Roots: 0.1ms
[2023-04-18T06:45:10.468-0400][gc,phases   ] GC(1269)   Evacuate Collection Set: 95.8ms
[2023-04-18T06:45:10.468-0400][gc,phases   ] GC(1269)   Post Evacuate Collection Set: 0.3ms
[2023-04-18T06:45:10.468-0400][gc,phases   ] GC(1269)   Other: 0.2ms
[2023-04-18T06:45:10.468-0400][gc,heap     ] GC(1269) Eden regions: 42->0(47)
[2023-04-18T06:45:10.468-0400][gc,heap     ] GC(1269) Survivor regions: 9->4(7)
[2023-04-18T06:45:10.468-0400][gc,heap     ] GC(1269) Old regions: 246->252
[2023-04-18T06:45:10.468-0400][gc,heap     ] GC(1269) Archive regions: 2->2
[2023-04-18T06:45:10.468-0400][gc,heap     ] GC(1269) Humongous regions: 129->129
[2023-04-18T06:45:10.468-0400][gc,metaspace] GC(1269) Metaspace: 44303K(44992K)->44303K(44992K) NonClass: 39208K(39552K)->39208K(39552K) Class: 5095K(5440K)->5095K(5440K)
[2023-04-18T06:45:10.468-0400][gc          ] GC(1269) Pause Young (Normal) (G1 Evacuation Pause) 426M->384M(1024M) 97.456ms
[2023-04-18T06:45:10.468-0400][gc,cpu      ] GC(1269) User=0.04s Sys=0.10s Real=0.09s
[2023-04-18T06:45:40.428-0400][gc,start    ] GC(1270) Pause Young (Normal) (G1 Evacuation Pause)
[2023-04-18T06:45:40.428-0400][gc,task     ] GC(1270) Using 8 workers of 8 for evacuation
[2023-04-18T06:45:40.437-0400][gc,phases   ] GC(1270)   Pre Evacuate Collection Set: 0.2ms
[2023-04-18T06:45:40.438-0400][gc,phases   ] GC(1270)   Merge Heap Roots: 0.1ms
[2023-04-18T06:45:40.438-0400][gc,phases   ] GC(1270)   Evacuate Collection Set: 8.2ms
[2023-04-18T06:45:40.438-0400][gc,phases   ] GC(1270)   Post Evacuate Collection Set: 1.0ms
[2023-04-18T06:45:40.438-0400][gc,phases   ] GC(1270)   Other: 0.1ms
[2023-04-18T06:45:40.438-0400][gc,heap     ] GC(1270) Eden regions: 47->0(46)
[2023-04-18T06:45:40.438-0400][gc,heap     ] GC(1270) Survivor regions: 4->5(7)
[2023-04-18T06:45:40.438-0400][gc,heap     ] GC(1270) Old regions: 252->252
[2023-04-18T06:45:40.438-0400][gc,heap     ] GC(1270) Archive regions: 2->2
[2023-04-18T06:45:40.438-0400][gc,heap     ] GC(1270) Humongous regions: 129->129
[2023-04-18T06:45:40.438-0400][gc,metaspace] GC(1270) Metaspace: 44303K(44992K)->44303K(44992K) NonClass: 39208K(39552K)->39208K(39552K) Class: 5095K(5440K)->5095K(5440K)
[2023-04-18T06:45:40.438-0400][gc          ] GC(1270) Pause Young (Normal) (G1 Evacuation Pause) 431M->385M(1024M) 10.350ms
[2023-04-18T06:45:40.438-0400][gc,cpu      ] GC(1270) User=0.02s Sys=0.00s Real=0.01s
[2023-04-18T06:46:10.104-0400][gc,start    ] GC(1271) Pause Young (Normal) (G1 Evacuation Pause)
[2023-04-18T06:46:10.104-0400][gc,task     ] GC(1271) Using 8 workers of 8 for evacuation
[2023-04-18T06:46:10.114-0400][gc,phases   ] GC(1271)   Pre Evacuate Collection Set: 0.1ms
[2023-04-18T06:46:10.114-0400][gc,phases   ] GC(1271)   Merge Heap Roots: 0.1ms
[2023-04-18T06:46:10.114-0400][gc,phases   ] GC(1271)   Evacuate Collection Set: 8.8ms
[2023-04-18T06:46:10.114-0400][gc,phases   ] GC(1271)   Post Evacuate Collection Set: 0.4ms
[2023-04-18T06:46:10.114-0400][gc,phases   ] GC(1271)   Other: 0.1ms
[2023-04-18T06:46:10.114-0400][gc,heap     ] GC(1271) Eden regions: 46->0(109)
[2023-04-18T06:46:10.114-0400][gc,heap     ] GC(1271) Survivor regions: 5->3(7)
[2023-04-18T06:46:10.114-0400][gc,heap     ] GC(1271) Old regions: 252->254
[2023-04-18T06:46:10.114-0400][gc,heap     ] GC(1271) Archive regions: 2->2
[2023-04-18T06:46:10.114-0400][gc,heap     ] GC(1271) Humongous regions: 129->129
[2023-04-18T06:46:10.114-0400][gc,metaspace] GC(1271) Metaspace: 44303K(44992K)->44303K(44992K) NonClass: 39208K(39552K)->39208K(39552K) Class: 5095K(5440K)->5095K(5440K)
[2023-04-18T06:46:10.114-0400][gc          ] GC(1271) Pause Young (Normal) (G1 Evacuation Pause) 431M->386M(1024M) 9.933ms
[2023-04-18T06:46:10.114-0400][gc,cpu      ] GC(1271) User=0.02s Sys=0.02s Real=0.01s
[2023-04-18T06:47:21.040-0400][gc,start    ] GC(1272) Pause Young (Normal) (G1 Evacuation Pause)
[2023-04-18T06:47:21.040-0400][gc,task     ] GC(1272) Using 8 workers of 8 for evacuation
[2023-04-18T06:47:21.044-0400][gc,phases   ] GC(1272)   Pre Evacuate Collection Set: 0.1ms
[2023-04-18T06:47:21.044-0400][gc,phases   ] GC(1272)   Merge Heap Roots: 0.1ms
[2023-04-18T06:47:21.044-0400][gc,phases   ] GC(1272)   Evacuate Collection Set: 3.1ms
[2023-04-18T06:47:21.044-0400][gc,phases   ] GC(1272)   Post Evacuate Collection Set: 0.3ms
[2023-04-18T06:47:21.044-0400][gc,phases   ] GC(1272)   Other: 0.1ms
[2023-04-18T06:47:21.044-0400][gc,heap     ] GC(1272) Eden regions: 109->0(60)
[2023-04-18T06:47:21.044-0400][gc,heap     ] GC(1272) Survivor regions: 3->5(14)
[2023-04-18T06:47:21.044-0400][gc,heap     ] GC(1272) Old regions: 254->254
[2023-04-18T06:47:21.044-0400][gc,heap     ] GC(1272) Archive regions: 2->2
[2023-04-18T06:47:21.044-0400][gc,heap     ] GC(1272) Humongous regions: 129->129
[2023-04-18T06:47:21.044-0400][gc,metaspace] GC(1272) Metaspace: 44303K(44992K)->44303K(44992K) NonClass: 39208K(39552K)->39208K(39552K) Class: 5095K(5440K)->5095K(5440K)
[2023-04-18T06:47:21.044-0400][gc          ] GC(1272) Pause Young (Normal) (G1 Evacuation Pause) 495M->388M(1024M) 4.329ms
[2023-04-18T06:47:21.044-0400][gc,cpu      ] GC(1272) User=0.02s Sys=0.00s Real=0.00s
[2023-04-18T06:48:00.072-0400][gc,start    ] GC(1273) Pause Young (Normal) (G1 Evacuation Pause)
[2023-04-18T06:48:00.073-0400][gc,task     ] GC(1273) Using 8 workers of 8 for evacuation
[2023-04-18T06:48:00.077-0400][gc,phases   ] GC(1273)   Pre Evacuate Collection Set: 0.7ms
[2023-04-18T06:48:00.077-0400][gc,phases   ] GC(1273)   Merge Heap Roots: 0.1ms
[2023-04-18T06:48:00.077-0400][gc,phases   ] GC(1273)   Evacuate Collection Set: 3.4ms
[2023-04-18T06:48:00.077-0400][gc,phases   ] GC(1273)   Post Evacuate Collection Set: 0.3ms
[2023-04-18T06:48:00.077-0400][gc,phases   ] GC(1273)   Other: 0.1ms
[2023-04-18T06:48:00.077-0400][gc,heap     ] GC(1273) Eden regions: 60->0(68)
[2023-04-18T06:48:00.077-0400][gc,heap     ] GC(1273) Survivor regions: 5->6(9)
[2023-04-18T06:48:00.078-0400][gc,heap     ] GC(1273) Old regions: 254->254
[2023-04-18T06:48:00.078-0400][gc,heap     ] GC(1273) Archive regions: 2->2
[2023-04-18T06:48:00.078-0400][gc,heap     ] GC(1273) Humongous regions: 129->129
[2023-04-18T06:48:00.078-0400][gc,metaspace] GC(1273) Metaspace: 44303K(44992K)->44303K(44992K) NonClass: 39208K(39552K)->39208K(39552K) Class: 5095K(5440K)->5095K(5440K)
[2023-04-18T06:48:00.078-0400][gc          ] GC(1273) Pause Young (Normal) (G1 Evacuation Pause) 448M->389M(1024M) 5.206ms
[2023-04-18T06:48:00.078-0400][gc,cpu      ] GC(1273) User=0.02s Sys=0.00s Real=0.00s
[2023-04-18T06:48:43.851-0400][gc,start    ] GC(1274) Pause Young (Normal) (G1 Evacuation Pause)
[2023-04-18T06:48:43.852-0400][gc,task     ] GC(1274) Using 8 workers of 8 for evacuation
[2023-04-18T06:48:43.857-0400][gc,phases   ] GC(1274)   Pre Evacuate Collection Set: 0.2ms
[2023-04-18T06:48:43.857-0400][gc,phases   ] GC(1274)   Merge Heap Roots: 0.1ms
[2023-04-18T06:48:43.857-0400][gc,phases   ] GC(1274)   Evacuate Collection Set: 4.5ms
[2023-04-18T06:48:43.857-0400][gc,phases   ] GC(1274)   Post Evacuate Collection Set: 0.4ms
[2023-04-18T06:48:43.857-0400][gc,phases   ] GC(1274)   Other: 0.1ms
[2023-04-18T06:48:43.858-0400][gc,heap     ] GC(1274) Eden regions: 68->0(85)
[2023-04-18T06:48:43.858-0400][gc,heap     ] GC(1274) Survivor regions: 6->7(10)
[2023-04-18T06:48:43.858-0400][gc,heap     ] GC(1274) Old regions: 254->254
[2023-04-18T06:48:43.858-0400][gc,heap     ] GC(1274) Archive regions: 2->2
[2023-04-18T06:48:43.858-0400][gc,heap     ] GC(1274) Humongous regions: 129->129
[2023-04-18T06:48:43.858-0400][gc,metaspace] GC(1274) Metaspace: 44303K(44992K)->44303K(44992K) NonClass: 39208K(39552K)->39208K(39552K) Class: 5095K(5440K)->5095K(5440K)
[2023-04-18T06:48:43.858-0400][gc          ] GC(1274) Pause Young (Normal) (G1 Evacuation Pause) 457M->390M(1024M) 6.582ms
[2023-04-18T06:48:43.858-0400][gc,cpu      ] GC(1274) User=0.03s Sys=0.00s Real=0.00s
[2023-04-18T06:49:38.993-0400][gc,start    ] GC(1275) Pause Young (Normal) (G1 Evacuation Pause)
[2023-04-18T06:49:38.994-0400][gc,task     ] GC(1275) Using 8 workers of 8 for evacuation
[2023-04-18T06:49:39.001-0400][gc,phases   ] GC(1275)   Pre Evacuate Collection Set: 0.2ms
[2023-04-18T06:49:39.001-0400][gc,phases   ] GC(1275)   Merge Heap Roots: 0.1ms
[2023-04-18T06:49:39.001-0400][gc,phases   ] GC(1275)   Evacuate Collection Set: 7.0ms
[2023-04-18T06:49:39.001-0400][gc,phases   ] GC(1275)   Post Evacuate Collection Set: 0.2ms
[2023-04-18T06:49:39.002-0400][gc,phases   ] GC(1275)   Other: 0.1ms
[2023-04-18T06:49:39.002-0400][gc,heap     ] GC(1275) Eden regions: 85->0(97)
[2023-04-18T06:49:39.002-0400][gc,heap     ] GC(1275) Survivor regions: 7->8(12)
[2023-04-18T06:49:39.002-0400][gc,heap     ] GC(1275) Old regions: 254->255
[2023-04-18T06:49:39.002-0400][gc,heap     ] GC(1275) Archive regions: 2->2
[2023-04-18T06:49:39.002-0400][gc,heap     ] GC(1275) Humongous regions: 129->129
[2023-04-18T06:49:39.002-0400][gc,metaspace] GC(1275) Metaspace: 44303K(44992K)->44303K(44992K) NonClass: 39208K(39552K)->39208K(39552K) Class: 5095K(5440K)->5095K(5440K)
[2023-04-18T06:49:39.002-0400][gc          ] GC(1275) Pause Young (Normal) (G1 Evacuation Pause) 475M->392M(1024M) 8.333ms
[2023-04-18T06:49:39.002-0400][gc,cpu      ] GC(1275) User=0.03s Sys=0.01s Real=0.01s
[2023-04-18T06:50:41.878-0400][gc,start    ] GC(1276) Pause Young (Normal) (G1 Evacuation Pause)
[2023-04-18T06:50:41.879-0400][gc,task     ] GC(1276) Using 8 workers of 8 for evacuation
[2023-04-18T06:50:41.886-0400][gc,phases   ] GC(1276)   Pre Evacuate Collection Set: 0.1ms
[2023-04-18T06:50:41.886-0400][gc,phases   ] GC(1276)   Merge Heap Roots: 0.1ms
[2023-04-18T06:50:41.886-0400][gc,phases   ] GC(1276)   Evacuate Collection Set: 6.1ms
[2023-04-18T06:50:41.886-0400][gc,phases   ] GC(1276)   Post Evacuate Collection Set: 0.3ms
[2023-04-18T06:50:41.886-0400][gc,phases   ] GC(1276)   Other: 0.1ms
[2023-04-18T06:50:41.886-0400][gc,heap     ] GC(1276) Eden regions: 97->0(134)
[2023-04-18T06:50:41.886-0400][gc,heap     ] GC(1276) Survivor regions: 8->9(14)
[2023-04-18T06:50:41.886-0400][gc,heap     ] GC(1276) Old regions: 255->255
[2023-04-18T06:50:41.886-0400][gc,heap     ] GC(1276) Archive regions: 2->2
[2023-04-18T06:50:41.886-0400][gc,heap     ] GC(1276) Humongous regions: 129->129
[2023-04-18T06:50:41.886-0400][gc,metaspace] GC(1276) Metaspace: 44303K(44992K)->44303K(44992K) NonClass: 39208K(39552K)->39208K(39552K) Class: 5095K(5440K)->5095K(5440K)
[2023-04-18T06:50:41.886-0400][gc          ] GC(1276) Pause Young (Normal) (G1 Evacuation Pause) 489M->393M(1024M) 7.444ms
[2023-04-18T06:50:41.886-0400][gc,cpu      ] GC(1276) User=0.03s Sys=0.00s Real=0.01s
[2023-04-18T06:52:08.571-0400][gc,start    ] GC(1277) Pause Young (Normal) (G1 Evacuation Pause)
[2023-04-18T06:52:08.572-0400][gc,task     ] GC(1277) Using 8 workers of 8 for evacuation
[2023-04-18T06:52:08.594-0400][gc,mmu      ] GC(1277) MMU target violated: 21.0ms (20.0ms/21.0ms)
[2023-04-18T06:52:08.594-0400][gc,phases   ] GC(1277)   Pre Evacuate Collection Set: 0.3ms
[2023-04-18T06:52:08.594-0400][gc,phases   ] GC(1277)   Merge Heap Roots: 0.1ms
[2023-04-18T06:52:08.594-0400][gc,phases   ] GC(1277)   Evacuate Collection Set: 21.9ms
[2023-04-18T06:52:08.594-0400][gc,phases   ] GC(1277)   Post Evacuate Collection Set: 0.3ms
[2023-04-18T06:52:08.594-0400][gc,phases   ] GC(1277)   Other: 0.1ms
[2023-04-18T06:52:08.594-0400][gc,heap     ] GC(1277) Eden regions: 134->0(40)
[2023-04-18T06:52:08.594-0400][gc,heap     ] GC(1277) Survivor regions: 9->11(18)
[2023-04-18T06:52:08.594-0400][gc,heap     ] GC(1277) Old regions: 255->255
[2023-04-18T06:52:08.594-0400][gc,heap     ] GC(1277) Archive regions: 2->2
[2023-04-18T06:52:08.594-0400][gc,heap     ] GC(1277) Humongous regions: 129->129
[2023-04-18T06:52:08.594-0400][gc,metaspace] GC(1277) Metaspace: 44303K(44992K)->44303K(44992K) NonClass: 39208K(39552K)->39208K(39552K) Class: 5095K(5440K)->5095K(5440K)
[2023-04-18T06:52:08.594-0400][gc          ] GC(1277) Pause Young (Normal) (G1 Evacuation Pause) 527M->395M(1024M) 23.270ms
[2023-04-18T06:52:08.594-0400][gc,cpu      ] GC(1277) User=0.05s Sys=0.07s Real=0.02s
[2023-04-18T06:52:34.397-0400][gc,start    ] GC(1278) Pause Young (Normal) (G1 Evacuation Pause)
[2023-04-18T06:52:34.398-0400][gc,task     ] GC(1278) Using 8 workers of 8 for evacuation
[2023-04-18T06:52:34.497-0400][gc,mmu      ] GC(1278) MMU target violated: 21.0ms (20.0ms/21.0ms)
[2023-04-18T06:52:34.497-0400][gc,phases   ] GC(1278)   Pre Evacuate Collection Set: 0.4ms
[2023-04-18T06:52:34.497-0400][gc,phases   ] GC(1278)   Merge Heap Roots: 0.1ms
[2023-04-18T06:52:34.497-0400][gc,phases   ] GC(1278)   Evacuate Collection Set: 98.5ms
[2023-04-18T06:52:34.497-0400][gc,phases   ] GC(1278)   Post Evacuate Collection Set: 0.3ms
[2023-04-18T06:52:34.497-0400][gc,phases   ] GC(1278)   Other: 0.3ms
[2023-04-18T06:52:34.497-0400][gc,heap     ] GC(1278) Eden regions: 40->0(47)
[2023-04-18T06:52:34.497-0400][gc,heap     ] GC(1278) Survivor regions: 11->4(7)
[2023-04-18T06:52:34.497-0400][gc,heap     ] GC(1278) Old regions: 255->263
[2023-04-18T06:52:34.497-0400][gc,heap     ] GC(1278) Archive regions: 2->2
[2023-04-18T06:52:34.497-0400][gc,heap     ] GC(1278) Humongous regions: 129->129
[2023-04-18T06:52:34.497-0400][gc,metaspace] GC(1278) Metaspace: 44303K(44992K)->44303K(44992K) NonClass: 39208K(39552K)->39208K(39552K) Class: 5095K(5440K)->5095K(5440K)
[2023-04-18T06:52:34.497-0400][gc          ] GC(1278) Pause Young (Normal) (G1 Evacuation Pause) 435M->396M(1024M) 99.847ms
[2023-04-18T06:52:34.497-0400][gc,cpu      ] GC(1278) User=0.05s Sys=0.11s Real=0.10s
[2023-04-18T06:53:04.699-0400][gc,start    ] GC(1279) Pause Young (Normal) (G1 Evacuation Pause)
[2023-04-18T06:53:04.700-0400][gc,task     ] GC(1279) Using 8 workers of 8 for evacuation
[2023-04-18T06:53:04.706-0400][gc,phases   ] GC(1279)   Pre Evacuate Collection Set: 0.3ms
[2023-04-18T06:53:04.706-0400][gc,phases   ] GC(1279)   Merge Heap Roots: 0.1ms
[2023-04-18T06:53:04.706-0400][gc,phases   ] GC(1279)   Evacuate Collection Set: 5.0ms
[2023-04-18T06:53:04.706-0400][gc,phases   ] GC(1279)   Post Evacuate Collection Set: 0.4ms
[2023-04-18T06:53:04.706-0400][gc,phases   ] GC(1279)   Other: 0.3ms
[2023-04-18T06:53:04.706-0400][gc,heap     ] GC(1279) Eden regions: 47->0(55)
[2023-04-18T06:53:04.706-0400][gc,heap     ] GC(1279) Survivor regions: 4->4(7)
[2023-04-18T06:53:04.706-0400][gc,heap     ] GC(1279) Old regions: 263->263
[2023-04-18T06:53:04.706-0400][gc,heap     ] GC(1279) Archive regions: 2->2
[2023-04-18T06:53:04.706-0400][gc,heap     ] GC(1279) Humongous regions: 129->129
[2023-04-18T06:53:04.706-0400][gc,metaspace] GC(1279) Metaspace: 44303K(44992K)->44303K(44992K) NonClass: 39208K(39552K)->39208K(39552K) Class: 5095K(5440K)->5095K(5440K)
[2023-04-18T06:53:04.706-0400][gc          ] GC(1279) Pause Young (Normal) (G1 Evacuation Pause) 443M->396M(1024M) 6.698ms
[2023-04-18T06:53:04.706-0400][gc,cpu      ] GC(1279) User=0.04s Sys=0.00s Real=0.01s
[2023-04-18T06:53:40.356-0400][gc,start    ] GC(1280) Pause Young (Normal) (G1 Evacuation Pause)
[2023-04-18T06:53:40.357-0400][gc,task     ] GC(1280) Using 8 workers of 8 for evacuation
[2023-04-18T06:53:40.361-0400][gc,phases   ] GC(1280)   Pre Evacuate Collection Set: 0.7ms
[2023-04-18T06:53:40.361-0400][gc,phases   ] GC(1280)   Merge Heap Roots: 0.1ms
[2023-04-18T06:53:40.361-0400][gc,phases   ] GC(1280)   Evacuate Collection Set: 3.1ms
[2023-04-18T06:53:40.361-0400][gc,phases   ] GC(1280)   Post Evacuate Collection Set: 0.3ms
[2023-04-18T06:53:40.361-0400][gc,phases   ] GC(1280)   Other: 0.1ms
[2023-04-18T06:53:40.361-0400][gc,heap     ] GC(1280) Eden regions: 55->0(46)
[2023-04-18T06:53:40.361-0400][gc,heap     ] GC(1280) Survivor regions: 4->5(8)
[2023-04-18T06:53:40.361-0400][gc,heap     ] GC(1280) Old regions: 263->263
[2023-04-18T06:53:40.361-0400][gc,heap     ] GC(1280) Archive regions: 2->2
[2023-04-18T06:53:40.361-0400][gc,heap     ] GC(1280) Humongous regions: 129->129
[2023-04-18T06:53:40.361-0400][gc,metaspace] GC(1280) Metaspace: 44303K(44992K)->44303K(44992K) NonClass: 39208K(39552K)->39208K(39552K) Class: 5095K(5440K)->5095K(5440K)
[2023-04-18T06:53:40.361-0400][gc          ] GC(1280) Pause Young (Normal) (G1 Evacuation Pause) 451M->397M(1024M) 4.735ms
[2023-04-18T06:53:40.361-0400][gc,cpu      ] GC(1280) User=0.02s Sys=0.01s Real=0.01s
[2023-04-18T06:54:09.925-0400][gc,start    ] GC(1281) Pause Young (Normal) (G1 Evacuation Pause)
[2023-04-18T06:54:09.925-0400][gc,task     ] GC(1281) Using 8 workers of 8 for evacuation
[2023-04-18T06:54:09.949-0400][gc,mmu      ] GC(1281) MMU target violated: 21.0ms (20.0ms/21.0ms)
[2023-04-18T06:54:09.949-0400][gc,phases   ] GC(1281)   Pre Evacuate Collection Set: 0.4ms
[2023-04-18T06:54:09.949-0400][gc,phases   ] GC(1281)   Merge Heap Roots: 0.1ms
[2023-04-18T06:54:09.949-0400][gc,phases   ] GC(1281)   Evacuate Collection Set: 23.0ms
[2023-04-18T06:54:09.949-0400][gc,phases   ] GC(1281)   Post Evacuate Collection Set: 0.2ms
[2023-04-18T06:54:09.949-0400][gc,phases   ] GC(1281)   Other: 0.7ms
[2023-04-18T06:54:09.949-0400][gc,heap     ] GC(1281) Eden regions: 46->0(121)
[2023-04-18T06:54:09.949-0400][gc,heap     ] GC(1281) Survivor regions: 5->4(7)
[2023-04-18T06:54:09.949-0400][gc,heap     ] GC(1281) Old regions: 263->265
[2023-04-18T06:54:09.949-0400][gc,heap     ] GC(1281) Archive regions: 2->2
[2023-04-18T06:54:09.949-0400][gc,heap     ] GC(1281) Humongous regions: 129->129
[2023-04-18T06:54:09.949-0400][gc,metaspace] GC(1281) Metaspace: 44303K(44992K)->44303K(44992K) NonClass: 39208K(39552K)->39208K(39552K) Class: 5095K(5440K)->5095K(5440K)
[2023-04-18T06:54:09.949-0400][gc          ] GC(1281) Pause Young (Normal) (G1 Evacuation Pause) 443M->398M(1024M) 24.830ms
[2023-04-18T06:54:09.949-0400][gc,cpu      ] GC(1281) User=0.03s Sys=0.01s Real=0.02s
[2023-04-18T06:55:27.956-0400][gc,start    ] GC(1282) Pause Young (Normal) (G1 Evacuation Pause)
[2023-04-18T06:55:27.957-0400][gc,task     ] GC(1282) Using 8 workers of 8 for evacuation
[2023-04-18T06:55:27.965-0400][gc,phases   ] GC(1282)   Pre Evacuate Collection Set: 0.9ms
[2023-04-18T06:55:27.965-0400][gc,phases   ] GC(1282)   Merge Heap Roots: 0.2ms
[2023-04-18T06:55:27.965-0400][gc,phases   ] GC(1282)   Evacuate Collection Set: 5.0ms
[2023-04-18T06:55:27.965-0400][gc,phases   ] GC(1282)   Post Evacuate Collection Set: 0.4ms
[2023-04-18T06:55:27.965-0400][gc,phases   ] GC(1282)   Other: 1.7ms
[2023-04-18T06:55:27.965-0400][gc,heap     ] GC(1282) Eden regions: 121->0(59)
[2023-04-18T06:55:27.965-0400][gc,heap     ] GC(1282) Survivor regions: 4->6(16)
[2023-04-18T06:55:27.965-0400][gc,heap     ] GC(1282) Old regions: 265->265
[2023-04-18T06:55:27.965-0400][gc,heap     ] GC(1282) Archive regions: 2->2
[2023-04-18T06:55:27.965-0400][gc,heap     ] GC(1282) Humongous regions: 129->129
[2023-04-18T06:55:27.965-0400][gc,metaspace] GC(1282) Metaspace: 44303K(44992K)->44303K(44992K) NonClass: 39208K(39552K)->39208K(39552K) Class: 5095K(5440K)->5095K(5440K)
[2023-04-18T06:55:27.965-0400][gc          ] GC(1282) Pause Young (Normal) (G1 Evacuation Pause) 519M->399M(1024M) 8.997ms
[2023-04-18T06:55:27.965-0400][gc,cpu      ] GC(1282) User=0.04s Sys=0.00s Real=0.01s
[2023-04-18T06:56:06.221-0400][gc,start    ] GC(1283) Pause Young (Normal) (G1 Evacuation Pause)
[2023-04-18T06:56:06.222-0400][gc,task     ] GC(1283) Using 8 workers of 8 for evacuation
[2023-04-18T06:56:06.230-0400][gc,phases   ] GC(1283)   Pre Evacuate Collection Set: 0.1ms
[2023-04-18T06:56:06.230-0400][gc,phases   ] GC(1283)   Merge Heap Roots: 0.1ms
[2023-04-18T06:56:06.230-0400][gc,phases   ] GC(1283)   Evacuate Collection Set: 7.3ms
[2023-04-18T06:56:06.230-0400][gc,phases   ] GC(1283)   Post Evacuate Collection Set: 0.3ms
[2023-04-18T06:56:06.230-0400][gc,phases   ] GC(1283)   Other: 0.7ms
[2023-04-18T06:56:06.230-0400][gc,heap     ] GC(1283) Eden regions: 59->0(109)
[2023-04-18T06:56:06.230-0400][gc,heap     ] GC(1283) Survivor regions: 6->6(9)
[2023-04-18T06:56:06.230-0400][gc,heap     ] GC(1283) Old regions: 265->266
[2023-04-18T06:56:06.230-0400][gc,heap     ] GC(1283) Archive regions: 2->2
[2023-04-18T06:56:06.230-0400][gc,heap     ] GC(1283) Humongous regions: 129->129
[2023-04-18T06:56:06.230-0400][gc,metaspace] GC(1283) Metaspace: 44303K(44992K)->44303K(44992K) NonClass: 39208K(39552K)->39208K(39552K) Class: 5095K(5440K)->5095K(5440K)
[2023-04-18T06:56:06.230-0400][gc          ] GC(1283) Pause Young (Normal) (G1 Evacuation Pause) 458M->401M(1024M) 9.005ms
[2023-04-18T06:56:06.230-0400][gc,cpu      ] GC(1283) User=0.03s Sys=0.01s Real=0.01s
[2023-04-18T06:57:16.544-0400][gc,start    ] GC(1284) Pause Young (Normal) (G1 Evacuation Pause)
[2023-04-18T06:57:16.545-0400][gc,task     ] GC(1284) Using 8 workers of 8 for evacuation
[2023-04-18T06:57:16.554-0400][gc,phases   ] GC(1284)   Pre Evacuate Collection Set: 0.4ms
[2023-04-18T06:57:16.554-0400][gc,phases   ] GC(1284)   Merge Heap Roots: 0.4ms
[2023-04-18T06:57:16.554-0400][gc,phases   ] GC(1284)   Evacuate Collection Set: 7.6ms
[2023-04-18T06:57:16.554-0400][gc,phases   ] GC(1284)   Post Evacuate Collection Set: 0.5ms
[2023-04-18T06:57:16.554-0400][gc,phases   ] GC(1284)   Other: 0.2ms
[2023-04-18T06:57:16.554-0400][gc,heap     ] GC(1284) Eden regions: 109->0(69)
[2023-04-18T06:57:16.554-0400][gc,heap     ] GC(1284) Survivor regions: 6->8(15)
[2023-04-18T06:57:16.554-0400][gc,heap     ] GC(1284) Old regions: 266->266
[2023-04-18T06:57:16.554-0400][gc,heap     ] GC(1284) Archive regions: 2->2
[2023-04-18T06:57:16.554-0400][gc,heap     ] GC(1284) Humongous regions: 129->129
[2023-04-18T06:57:16.554-0400][gc,metaspace] GC(1284) Metaspace: 44303K(44992K)->44303K(44992K) NonClass: 39208K(39552K)->39208K(39552K) Class: 5095K(5440K)->5095K(5440K)
[2023-04-18T06:57:16.554-0400][gc          ] GC(1284) Pause Young (Normal) (G1 Evacuation Pause) 510M->403M(1024M) 9.907ms
[2023-04-18T06:57:16.554-0400][gc,cpu      ] GC(1284) User=0.04s Sys=0.00s Real=0.01s
[2023-04-18T06:58:01.467-0400][gc,start    ] GC(1285) Pause Young (Normal) (G1 Evacuation Pause)
[2023-04-18T06:58:01.467-0400][gc,task     ] GC(1285) Using 8 workers of 8 for evacuation
[2023-04-18T06:58:01.502-0400][gc,mmu      ] GC(1285) MMU target violated: 21.0ms (20.0ms/21.0ms)
[2023-04-18T06:58:01.503-0400][gc,phases   ] GC(1285)   Pre Evacuate Collection Set: 0.1ms
[2023-04-18T06:58:01.503-0400][gc,phases   ] GC(1285)   Merge Heap Roots: 0.1ms
[2023-04-18T06:58:01.503-0400][gc,phases   ] GC(1285)   Evacuate Collection Set: 34.8ms
[2023-04-18T06:58:01.503-0400][gc,phases   ] GC(1285)   Post Evacuate Collection Set: 0.3ms
[2023-04-18T06:58:01.503-0400][gc,phases   ] GC(1285)   Other: 0.2ms
[2023-04-18T06:58:01.503-0400][gc,heap     ] GC(1285) Eden regions: 69->0(44)
[2023-04-18T06:58:01.503-0400][gc,heap     ] GC(1285) Survivor regions: 8->7(10)
[2023-04-18T06:58:01.503-0400][gc,heap     ] GC(1285) Old regions: 266->268
[2023-04-18T06:58:01.503-0400][gc,heap     ] GC(1285) Archive regions: 2->2
[2023-04-18T06:58:01.503-0400][gc,heap     ] GC(1285) Humongous regions: 129->129
[2023-04-18T06:58:01.503-0400][gc,metaspace] GC(1285) Metaspace: 44303K(44992K)->44303K(44992K) NonClass: 39208K(39552K)->39208K(39552K) Class: 5095K(5440K)->5095K(5440K)
[2023-04-18T06:58:01.503-0400][gc          ] GC(1285) Pause Young (Normal) (G1 Evacuation Pause) 472M->404M(1024M) 35.942ms
[2023-04-18T06:58:01.503-0400][gc,cpu      ] GC(1285) User=0.03s Sys=0.04s Real=0.04s
[2023-04-18T06:58:29.330-0400][gc,start    ] GC(1286) Pause Young (Normal) (G1 Evacuation Pause)
[2023-04-18T06:58:29.330-0400][gc,task     ] GC(1286) Using 8 workers of 8 for evacuation
[2023-04-18T06:58:29.347-0400][gc,phases   ] GC(1286)   Pre Evacuate Collection Set: 0.1ms
[2023-04-18T06:58:29.347-0400][gc,phases   ] GC(1286)   Merge Heap Roots: 0.1ms
[2023-04-18T06:58:29.348-0400][gc,phases   ] GC(1286)   Evacuate Collection Set: 16.5ms
[2023-04-18T06:58:29.348-0400][gc,phases   ] GC(1286)   Post Evacuate Collection Set: 0.3ms
[2023-04-18T06:58:29.348-0400][gc,phases   ] GC(1286)   Other: 0.1ms
[2023-04-18T06:58:29.348-0400][gc,heap     ] GC(1286) Eden regions: 44->0(126)
[2023-04-18T06:58:29.348-0400][gc,heap     ] GC(1286) Survivor regions: 7->5(7)
[2023-04-18T06:58:29.348-0400][gc,heap     ] GC(1286) Old regions: 268->271
[2023-04-18T06:58:29.348-0400][gc,heap     ] GC(1286) Archive regions: 2->2
[2023-04-18T06:58:29.348-0400][gc,heap     ] GC(1286) Humongous regions: 129->129
[2023-04-18T06:58:29.348-0400][gc,metaspace] GC(1286) Metaspace: 44303K(44992K)->44303K(44992K) NonClass: 39208K(39552K)->39208K(39552K) Class: 5095K(5440K)->5095K(5440K)
[2023-04-18T06:58:29.348-0400][gc          ] GC(1286) Pause Young (Normal) (G1 Evacuation Pause) 448M->405M(1024M) 17.326ms
[2023-04-18T06:58:29.348-0400][gc,cpu      ] GC(1286) User=0.02s Sys=0.03s Real=0.01s
[2023-04-18T06:59:51.472-0400][gc,start    ] GC(1287) Pause Young (Normal) (G1 Evacuation Pause)
[2023-04-18T06:59:51.473-0400][gc,task     ] GC(1287) Using 8 workers of 8 for evacuation
[2023-04-18T06:59:51.481-0400][gc,phases   ] GC(1287)   Pre Evacuate Collection Set: 0.3ms
[2023-04-18T06:59:51.482-0400][gc,phases   ] GC(1287)   Merge Heap Roots: 0.2ms
[2023-04-18T06:59:51.482-0400][gc,phases   ] GC(1287)   Evacuate Collection Set: 7.3ms
[2023-04-18T06:59:51.482-0400][gc,phases   ] GC(1287)   Post Evacuate Collection Set: 0.6ms
[2023-04-18T06:59:51.482-0400][gc,phases   ] GC(1287)   Other: 0.2ms
[2023-04-18T06:59:51.482-0400][gc,heap     ] GC(1287) Eden regions: 126->0(131)
[2023-04-18T06:59:51.482-0400][gc,heap     ] GC(1287) Survivor regions: 5->6(17)
[2023-04-18T06:59:51.482-0400][gc,heap     ] GC(1287) Old regions: 271->271
[2023-04-18T06:59:51.482-0400][gc,heap     ] GC(1287) Archive regions: 2->2
[2023-04-18T06:59:51.482-0400][gc,heap     ] GC(1287) Humongous regions: 129->129
[2023-04-18T06:59:51.482-0400][gc,metaspace] GC(1287) Metaspace: 44303K(44992K)->44303K(44992K) NonClass: 39208K(39552K)->39208K(39552K) Class: 5095K(5440K)->5095K(5440K)
[2023-04-18T06:59:51.482-0400][gc          ] GC(1287) Pause Young (Normal) (G1 Evacuation Pause) 531M->406M(1024M) 9.409ms
[2023-04-18T06:59:51.482-0400][gc,cpu      ] GC(1287) User=0.05s Sys=0.00s Real=0.01s
[2023-04-18T07:01:16.948-0400][gc,start    ] GC(1288) Pause Young (Normal) (G1 Evacuation Pause)
[2023-04-18T07:01:16.948-0400][gc,task     ] GC(1288) Using 8 workers of 8 for evacuation
[2023-04-18T07:01:16.958-0400][gc,phases   ] GC(1288)   Pre Evacuate Collection Set: 0.2ms
[2023-04-18T07:01:16.958-0400][gc,phases   ] GC(1288)   Merge Heap Roots: 0.1ms
[2023-04-18T07:01:16.958-0400][gc,phases   ] GC(1288)   Evacuate Collection Set: 8.9ms
[2023-04-18T07:01:16.958-0400][gc,phases   ] GC(1288)   Post Evacuate Collection Set: 0.4ms
[2023-04-18T07:01:16.958-0400][gc,phases   ] GC(1288)   Other: 0.1ms
[2023-04-18T07:01:16.958-0400][gc,heap     ] GC(1288) Eden regions: 131->0(79)
[2023-04-18T07:01:16.958-0400][gc,heap     ] GC(1288) Survivor regions: 6->8(18)
[2023-04-18T07:01:16.958-0400][gc,heap     ] GC(1288) Old regions: 271->271
[2023-04-18T07:01:16.958-0400][gc,heap     ] GC(1288) Archive regions: 2->2
[2023-04-18T07:01:16.958-0400][gc,heap     ] GC(1288) Humongous regions: 129->129
[2023-04-18T07:01:16.958-0400][gc,metaspace] GC(1288) Metaspace: 44303K(44992K)->44303K(44992K) NonClass: 39208K(39552K)->39208K(39552K) Class: 5095K(5440K)->5095K(5440K)
[2023-04-18T07:01:16.958-0400][gc          ] GC(1288) Pause Young (Normal) (G1 Evacuation Pause) 537M->408M(1024M) 10.449ms
[2023-04-18T07:01:16.958-0400][gc,cpu      ] GC(1288) User=0.05s Sys=0.01s Real=0.01s
[2023-04-18T07:02:08.499-0400][gc,start    ] GC(1289) Pause Young (Normal) (G1 Evacuation Pause)
[2023-04-18T07:02:08.500-0400][gc,task     ] GC(1289) Using 8 workers of 8 for evacuation
[2023-04-18T07:02:08.521-0400][gc,mmu      ] GC(1289) MMU target violated: 21.0ms (20.0ms/21.0ms)
[2023-04-18T07:02:08.521-0400][gc,phases   ] GC(1289)   Pre Evacuate Collection Set: 0.2ms
[2023-04-18T07:02:08.521-0400][gc,phases   ] GC(1289)   Merge Heap Roots: 0.1ms
[2023-04-18T07:02:08.521-0400][gc,phases   ] GC(1289)   Evacuate Collection Set: 20.4ms
[2023-04-18T07:02:08.521-0400][gc,phases   ] GC(1289)   Post Evacuate Collection Set: 0.3ms
[2023-04-18T07:02:08.521-0400][gc,phases   ] GC(1289)   Other: 0.2ms
[2023-04-18T07:02:08.521-0400][gc,heap     ] GC(1289) Eden regions: 79->0(120)
[2023-04-18T07:02:08.521-0400][gc,heap     ] GC(1289) Survivor regions: 8->7(11)
[2023-04-18T07:02:08.521-0400][gc,heap     ] GC(1289) Old regions: 271->274
[2023-04-18T07:02:08.521-0400][gc,heap     ] GC(1289) Archive regions: 2->2
[2023-04-18T07:02:08.521-0400][gc,heap     ] GC(1289) Humongous regions: 129->129
[2023-04-18T07:02:08.521-0400][gc,metaspace] GC(1289) Metaspace: 44303K(44992K)->44303K(44992K) NonClass: 39208K(39552K)->39208K(39552K) Class: 5095K(5440K)->5095K(5440K)
[2023-04-18T07:02:08.521-0400][gc          ] GC(1289) Pause Young (Normal) (G1 Evacuation Pause) 487M->410M(1024M) 21.760ms
[2023-04-18T07:02:08.521-0400][gc,cpu      ] GC(1289) User=0.06s Sys=0.03s Real=0.03s
[2023-04-18T07:03:26.180-0400][gc,start    ] GC(1290) Pause Young (Normal) (G1 Evacuation Pause)
[2023-04-18T07:03:26.181-0400][gc,task     ] GC(1290) Using 8 workers of 8 for evacuation
[2023-04-18T07:03:26.190-0400][gc,phases   ] GC(1290)   Pre Evacuate Collection Set: 0.4ms
[2023-04-18T07:03:26.190-0400][gc,phases   ] GC(1290)   Merge Heap Roots: 0.2ms
[2023-04-18T07:03:26.190-0400][gc,phases   ] GC(1290)   Evacuate Collection Set: 8.2ms
[2023-04-18T07:03:26.190-0400][gc,phases   ] GC(1290)   Post Evacuate Collection Set: 0.5ms
[2023-04-18T07:03:26.190-0400][gc,phases   ] GC(1290)   Other: 0.2ms
[2023-04-18T07:03:26.190-0400][gc,heap     ] GC(1290) Eden regions: 120->0(78)
[2023-04-18T07:03:26.190-0400][gc,heap     ] GC(1290) Survivor regions: 7->9(16)
[2023-04-18T07:03:26.190-0400][gc,heap     ] GC(1290) Old regions: 274->274
[2023-04-18T07:03:26.190-0400][gc,heap     ] GC(1290) Archive regions: 2->2
[2023-04-18T07:03:26.190-0400][gc,heap     ] GC(1290) Humongous regions: 129->129
[2023-04-18T07:03:26.190-0400][gc,metaspace] GC(1290) Metaspace: 44303K(44992K)->44303K(44992K) NonClass: 39208K(39552K)->39208K(39552K) Class: 5095K(5440K)->5095K(5440K)
[2023-04-18T07:03:26.190-0400][gc          ] GC(1290) Pause Young (Normal) (G1 Evacuation Pause) 530M->412M(1024M) 10.261ms
[2023-04-18T07:03:26.190-0400][gc,cpu      ] GC(1290) User=0.06s Sys=0.00s Real=0.01s
[2023-04-18T07:04:15.751-0400][gc,start    ] GC(1291) Pause Young (Normal) (G1 Evacuation Pause)
[2023-04-18T07:04:15.752-0400][gc,task     ] GC(1291) Using 8 workers of 8 for evacuation
[2023-04-18T07:04:15.780-0400][gc,mmu      ] GC(1291) MMU target violated: 21.0ms (20.0ms/21.0ms)
[2023-04-18T07:04:15.780-0400][gc,phases   ] GC(1291)   Pre Evacuate Collection Set: 0.2ms
[2023-04-18T07:04:15.780-0400][gc,phases   ] GC(1291)   Merge Heap Roots: 0.1ms
[2023-04-18T07:04:15.780-0400][gc,phases   ] GC(1291)   Evacuate Collection Set: 27.0ms
[2023-04-18T07:04:15.780-0400][gc,phases   ] GC(1291)   Post Evacuate Collection Set: 0.5ms
[2023-04-18T07:04:15.780-0400][gc,phases   ] GC(1291)   Other: 0.2ms
[2023-04-18T07:04:15.780-0400][gc,heap     ] GC(1291) Eden regions: 78->0(56)
[2023-04-18T07:04:15.780-0400][gc,heap     ] GC(1291) Survivor regions: 9->8(11)
[2023-04-18T07:04:15.780-0400][gc,heap     ] GC(1291) Old regions: 274->277
[2023-04-18T07:04:15.780-0400][gc,heap     ] GC(1291) Archive regions: 2->2
[2023-04-18T07:04:15.780-0400][gc,heap     ] GC(1291) Humongous regions: 129->129
[2023-04-18T07:04:15.780-0400][gc,metaspace] GC(1291) Metaspace: 44303K(44992K)->44303K(44992K) NonClass: 39208K(39552K)->39208K(39552K) Class: 5095K(5440K)->5095K(5440K)
[2023-04-18T07:04:15.780-0400][gc          ] GC(1291) Pause Young (Normal) (G1 Evacuation Pause) 490M->413M(1024M) 29.787ms
[2023-04-18T07:04:15.781-0400][gc,cpu      ] GC(1291) User=0.05s Sys=0.03s Real=0.03s
[2023-04-18T07:04:51.824-0400][gc,start    ] GC(1292) Pause Young (Normal) (G1 Evacuation Pause)
[2023-04-18T07:04:51.825-0400][gc,task     ] GC(1292) Using 8 workers of 8 for evacuation
[2023-04-18T07:04:51.847-0400][gc,mmu      ] GC(1292) MMU target violated: 21.0ms (20.0ms/21.0ms)
[2023-04-18T07:04:51.847-0400][gc,phases   ] GC(1292)   Pre Evacuate Collection Set: 0.1ms
[2023-04-18T07:04:51.847-0400][gc,phases   ] GC(1292)   Merge Heap Roots: 0.1ms
[2023-04-18T07:04:51.847-0400][gc,phases   ] GC(1292)   Evacuate Collection Set: 21.6ms
[2023-04-18T07:04:51.847-0400][gc,phases   ] GC(1292)   Post Evacuate Collection Set: 0.2ms
[2023-04-18T07:04:51.847-0400][gc,phases   ] GC(1292)   Other: 0.6ms
[2023-04-18T07:04:51.847-0400][gc,heap     ] GC(1292) Eden regions: 56->0(186)
[2023-04-18T07:04:51.847-0400][gc,heap     ] GC(1292) Survivor regions: 8->5(8)
[2023-04-18T07:04:51.847-0400][gc,heap     ] GC(1292) Old regions: 277->281
[2023-04-18T07:04:51.847-0400][gc,heap     ] GC(1292) Archive regions: 2->2
[2023-04-18T07:04:51.847-0400][gc,heap     ] GC(1292) Humongous regions: 129->129
[2023-04-18T07:04:51.847-0400][gc,metaspace] GC(1292) Metaspace: 44303K(44992K)->44303K(44992K) NonClass: 39208K(39552K)->39208K(39552K) Class: 5095K(5440K)->5095K(5440K)
[2023-04-18T07:04:51.847-0400][gc          ] GC(1292) Pause Young (Normal) (G1 Evacuation Pause) 469M->414M(1024M) 23.047ms
[2023-04-18T07:04:51.847-0400][gc,cpu      ] GC(1292) User=0.03s Sys=0.02s Real=0.02s
[2023-04-18T07:06:52.449-0400][gc,start    ] GC(1293) Pause Young (Normal) (G1 Evacuation Pause)
[2023-04-18T07:06:52.449-0400][gc,task     ] GC(1293) Using 8 workers of 8 for evacuation
[2023-04-18T07:06:52.472-0400][gc,mmu      ] GC(1293) MMU target violated: 21.0ms (20.0ms/21.0ms)
[2023-04-18T07:06:52.472-0400][gc,phases   ] GC(1293)   Pre Evacuate Collection Set: 1.0ms
[2023-04-18T07:06:52.472-0400][gc,phases   ] GC(1293)   Merge Heap Roots: 0.1ms
[2023-04-18T07:06:52.472-0400][gc,phases   ] GC(1293)   Evacuate Collection Set: 21.0ms
[2023-04-18T07:06:52.472-0400][gc,phases   ] GC(1293)   Post Evacuate Collection Set: 0.8ms
[2023-04-18T07:06:52.472-0400][gc,phases   ] GC(1293)   Other: 0.2ms
[2023-04-18T07:06:52.472-0400][gc,heap     ] GC(1293) Eden regions: 186->0(43)
[2023-04-18T07:06:52.472-0400][gc,heap     ] GC(1293) Survivor regions: 5->8(24)
[2023-04-18T07:06:52.472-0400][gc,heap     ] GC(1293) Old regions: 281->281
[2023-04-18T07:06:52.472-0400][gc,heap     ] GC(1293) Archive regions: 2->2
[2023-04-18T07:06:52.472-0400][gc,heap     ] GC(1293) Humongous regions: 129->129
[2023-04-18T07:06:52.472-0400][gc,metaspace] GC(1293) Metaspace: 44303K(44992K)->44303K(44992K) NonClass: 39208K(39552K)->39208K(39552K) Class: 5095K(5440K)->5095K(5440K)
[2023-04-18T07:06:52.472-0400][gc          ] GC(1293) Pause Young (Normal) (G1 Evacuation Pause) 600M->417M(1024M) 23.524ms
[2023-04-18T07:06:52.472-0400][gc,cpu      ] GC(1293) User=0.04s Sys=0.05s Real=0.03s
[2023-04-18T07:07:19.715-0400][gc,start    ] GC(1294) Pause Young (Normal) (G1 Evacuation Pause)
[2023-04-18T07:07:19.726-0400][gc,task     ] GC(1294) Using 8 workers of 8 for evacuation
[2023-04-18T07:07:19.757-0400][gc,mmu      ] GC(1294) MMU target violated: 21.0ms (20.0ms/21.0ms)
[2023-04-18T07:07:19.757-0400][gc,phases   ] GC(1294)   Pre Evacuate Collection Set: 0.3ms
[2023-04-18T07:07:19.757-0400][gc,phases   ] GC(1294)   Merge Heap Roots: 0.1ms
[2023-04-18T07:07:19.757-0400][gc,phases   ] GC(1294)   Evacuate Collection Set: 29.1ms
[2023-04-18T07:07:19.757-0400][gc,phases   ] GC(1294)   Post Evacuate Collection Set: 1.0ms
[2023-04-18T07:07:19.757-0400][gc,phases   ] GC(1294)   Other: 0.6ms
[2023-04-18T07:07:19.757-0400][gc,heap     ] GC(1294) Eden regions: 43->0(95)
[2023-04-18T07:07:19.757-0400][gc,heap     ] GC(1294) Survivor regions: 8->5(7)
[2023-04-18T07:07:19.757-0400][gc,heap     ] GC(1294) Old regions: 281->285
[2023-04-18T07:07:19.757-0400][gc,heap     ] GC(1294) Archive regions: 2->2
[2023-04-18T07:07:19.757-0400][gc,heap     ] GC(1294) Humongous regions: 129->129
[2023-04-18T07:07:19.757-0400][gc,metaspace] GC(1294) Metaspace: 44303K(44992K)->44303K(44992K) NonClass: 39208K(39552K)->39208K(39552K) Class: 5095K(5440K)->5095K(5440K)
[2023-04-18T07:07:19.757-0400][gc          ] GC(1294) Pause Young (Normal) (G1 Evacuation Pause) 460M->419M(1024M) 42.964ms
[2023-04-18T07:07:19.758-0400][gc,cpu      ] GC(1294) User=0.04s Sys=0.05s Real=0.04s
[2023-04-18T07:08:21.685-0400][gc,start    ] GC(1295) Pause Young (Normal) (G1 Evacuation Pause)
[2023-04-18T07:08:21.685-0400][gc,task     ] GC(1295) Using 8 workers of 8 for evacuation
[2023-04-18T07:08:21.695-0400][gc,phases   ] GC(1295)   Pre Evacuate Collection Set: 1.0ms
[2023-04-18T07:08:21.695-0400][gc,phases   ] GC(1295)   Merge Heap Roots: 0.3ms
[2023-04-18T07:08:21.695-0400][gc,phases   ] GC(1295)   Evacuate Collection Set: 7.1ms
[2023-04-18T07:08:21.695-0400][gc,phases   ] GC(1295)   Post Evacuate Collection Set: 0.4ms
[2023-04-18T07:08:21.695-0400][gc,phases   ] GC(1295)   Other: 1.1ms
[2023-04-18T07:08:21.695-0400][gc,heap     ] GC(1295) Eden regions: 95->0(105)
[2023-04-18T07:08:21.695-0400][gc,heap     ] GC(1295) Survivor regions: 5->6(13)
[2023-04-18T07:08:21.695-0400][gc,heap     ] GC(1295) Old regions: 285->285
[2023-04-18T07:08:21.695-0400][gc,heap     ] GC(1295) Archive regions: 2->2
[2023-04-18T07:08:21.695-0400][gc,heap     ] GC(1295) Humongous regions: 129->129
[2023-04-18T07:08:21.695-0400][gc,metaspace] GC(1295) Metaspace: 44303K(44992K)->44303K(44992K) NonClass: 39208K(39552K)->39208K(39552K) Class: 5095K(5440K)->5095K(5440K)
[2023-04-18T07:08:21.695-0400][gc          ] GC(1295) Pause Young (Normal) (G1 Evacuation Pause) 514M->419M(1024M) 10.688ms
[2023-04-18T07:08:21.695-0400][gc,cpu      ] GC(1295) User=0.04s Sys=0.01s Real=0.01s
[2023-04-18T07:09:29.953-0400][gc,start    ] GC(1296) Pause Young (Normal) (G1 Evacuation Pause)
[2023-04-18T07:09:29.953-0400][gc,task     ] GC(1296) Using 8 workers of 8 for evacuation
[2023-04-18T07:09:29.959-0400][gc,phases   ] GC(1296)   Pre Evacuate Collection Set: 0.1ms
[2023-04-18T07:09:29.959-0400][gc,phases   ] GC(1296)   Merge Heap Roots: 0.1ms
[2023-04-18T07:09:29.959-0400][gc,phases   ] GC(1296)   Evacuate Collection Set: 5.0ms
[2023-04-18T07:09:29.959-0400][gc,phases   ] GC(1296)   Post Evacuate Collection Set: 0.3ms
[2023-04-18T07:09:29.959-0400][gc,phases   ] GC(1296)   Other: 0.1ms
[2023-04-18T07:09:29.959-0400][gc,heap     ] GC(1296) Eden regions: 105->0(73)
[2023-04-18T07:09:29.959-0400][gc,heap     ] GC(1296) Survivor regions: 6->8(14)
[2023-04-18T07:09:29.959-0400][gc,heap     ] GC(1296) Old regions: 285->285
[2023-04-18T07:09:29.959-0400][gc,heap     ] GC(1296) Archive regions: 2->2
[2023-04-18T07:09:29.959-0400][gc,heap     ] GC(1296) Humongous regions: 129->129
[2023-04-18T07:09:29.959-0400][gc,metaspace] GC(1296) Metaspace: 44303K(44992K)->44303K(44992K) NonClass: 39208K(39552K)->39208K(39552K) Class: 5095K(5440K)->5095K(5440K)
[2023-04-18T07:09:29.959-0400][gc          ] GC(1296) Pause Young (Normal) (G1 Evacuation Pause) 524M->421M(1024M) 6.100ms
[2023-04-18T07:09:29.959-0400][gc,cpu      ] GC(1296) User=0.03s Sys=0.00s Real=0.00s
[2023-04-18T07:10:16.688-0400][gc,start    ] GC(1297) Pause Young (Normal) (G1 Evacuation Pause)
[2023-04-18T07:10:16.688-0400][gc,task     ] GC(1297) Using 8 workers of 8 for evacuation
[2023-04-18T07:10:16.719-0400][gc,mmu      ] GC(1297) MMU target violated: 21.0ms (20.0ms/21.0ms)
[2023-04-18T07:10:16.719-0400][gc,phases   ] GC(1297)   Pre Evacuate Collection Set: 0.3ms
[2023-04-18T07:10:16.719-0400][gc,phases   ] GC(1297)   Merge Heap Roots: 0.2ms
[2023-04-18T07:10:16.719-0400][gc,phases   ] GC(1297)   Evacuate Collection Set: 28.1ms
[2023-04-18T07:10:16.719-0400][gc,phases   ] GC(1297)   Post Evacuate Collection Set: 0.3ms
[2023-04-18T07:10:16.719-0400][gc,phases   ] GC(1297)   Other: 1.4ms
[2023-04-18T07:10:16.719-0400][gc,heap     ] GC(1297) Eden regions: 73->0(96)
[2023-04-18T07:10:16.719-0400][gc,heap     ] GC(1297) Survivor regions: 8->6(11)
[2023-04-18T07:10:16.719-0400][gc,heap     ] GC(1297) Old regions: 285->288
[2023-04-18T07:10:16.719-0400][gc,heap     ] GC(1297) Archive regions: 2->2
[2023-04-18T07:10:16.719-0400][gc,heap     ] GC(1297) Humongous regions: 129->129
[2023-04-18T07:10:16.719-0400][gc,metaspace] GC(1297) Metaspace: 44303K(44992K)->44303K(44992K) NonClass: 39208K(39552K)->39208K(39552K) Class: 5095K(5440K)->5095K(5440K)
[2023-04-18T07:10:16.719-0400][gc          ] GC(1297) Pause Young (Normal) (G1 Evacuation Pause) 494M->422M(1024M) 30.866ms
[2023-04-18T07:10:16.719-0400][gc,cpu      ] GC(1297) User=0.04s Sys=0.04s Real=0.03s
[2023-04-18T07:11:18.261-0400][gc,start    ] GC(1298) Pause Young (Normal) (G1 Evacuation Pause)
[2023-04-18T07:11:18.263-0400][gc,task     ] GC(1298) Using 8 workers of 8 for evacuation
[2023-04-18T07:11:18.291-0400][gc,phases   ] GC(1298)   Pre Evacuate Collection Set: 0.2ms
[2023-04-18T07:11:18.291-0400][gc,phases   ] GC(1298)   Merge Heap Roots: 0.2ms
[2023-04-18T07:11:18.291-0400][gc,phases   ] GC(1298)   Evacuate Collection Set: 7.9ms
[2023-04-18T07:11:18.291-0400][gc,phases   ] GC(1298)   Post Evacuate Collection Set: 0.4ms
[2023-04-18T07:11:18.291-0400][gc,phases   ] GC(1298)   Other: 18.8ms
[2023-04-18T07:11:18.291-0400][gc,heap     ] GC(1298) Eden regions: 96->0(105)
[2023-04-18T07:11:18.291-0400][gc,heap     ] GC(1298) Survivor regions: 6->7(13)
[2023-04-18T07:11:18.291-0400][gc,heap     ] GC(1298) Old regions: 288->288
[2023-04-18T07:11:18.291-0400][gc,heap     ] GC(1298) Archive regions: 2->2
[2023-04-18T07:11:18.291-0400][gc,heap     ] GC(1298) Humongous regions: 129->129
[2023-04-18T07:11:18.291-0400][gc,metaspace] GC(1298) Metaspace: 44303K(44992K)->44303K(44992K) NonClass: 39208K(39552K)->39208K(39552K) Class: 5095K(5440K)->5095K(5440K)
[2023-04-18T07:11:18.291-0400][gc          ] GC(1298) Pause Young (Normal) (G1 Evacuation Pause) 518M->424M(1024M) 30.417ms
[2023-04-18T07:11:18.291-0400][gc,cpu      ] GC(1298) User=0.05s Sys=0.01s Real=0.03s
[2023-04-18T07:12:26.545-0400][gc,start    ] GC(1299) Pause Young (Normal) (G1 Evacuation Pause)
[2023-04-18T07:12:26.545-0400][gc,task     ] GC(1299) Using 8 workers of 8 for evacuation
[2023-04-18T07:12:26.554-0400][gc,phases   ] GC(1299)   Pre Evacuate Collection Set: 0.2ms
[2023-04-18T07:12:26.554-0400][gc,phases   ] GC(1299)   Merge Heap Roots: 0.1ms
[2023-04-18T07:12:26.554-0400][gc,phases   ] GC(1299)   Evacuate Collection Set: 7.6ms
[2023-04-18T07:12:26.554-0400][gc,phases   ] GC(1299)   Post Evacuate Collection Set: 0.5ms
[2023-04-18T07:12:26.554-0400][gc,phases   ] GC(1299)   Other: 0.1ms
[2023-04-18T07:12:26.554-0400][gc,heap     ] GC(1299) Eden regions: 105->0(64)
[2023-04-18T07:12:26.554-0400][gc,heap     ] GC(1299) Survivor regions: 7->9(14)
[2023-04-18T07:12:26.554-0400][gc,heap     ] GC(1299) Old regions: 288->288
[2023-04-18T07:12:26.554-0400][gc,heap     ] GC(1299) Archive regions: 2->2
[2023-04-18T07:12:26.554-0400][gc,heap     ] GC(1299) Humongous regions: 129->129
[2023-04-18T07:12:26.554-0400][gc,metaspace] GC(1299) Metaspace: 44303K(44992K)->44303K(44992K) NonClass: 39208K(39552K)->39208K(39552K) Class: 5095K(5440K)->5095K(5440K)
[2023-04-18T07:12:26.554-0400][gc          ] GC(1299) Pause Young (Normal) (G1 Evacuation Pause) 529M->426M(1024M) 9.545ms
[2023-04-18T07:12:26.554-0400][gc,cpu      ] GC(1299) User=0.06s Sys=0.00s Real=0.01s
[2023-04-18T07:13:07.587-0400][gc,start    ] GC(1300) Pause Young (Normal) (G1 Evacuation Pause)
[2023-04-18T07:13:07.587-0400][gc,task     ] GC(1300) Using 8 workers of 8 for evacuation
[2023-04-18T07:13:07.627-0400][gc,mmu      ] GC(1300) MMU target violated: 21.0ms (20.0ms/21.0ms)
[2023-04-18T07:13:07.627-0400][gc,phases   ] GC(1300)   Pre Evacuate Collection Set: 0.3ms
[2023-04-18T07:13:07.627-0400][gc,phases   ] GC(1300)   Merge Heap Roots: 0.2ms
[2023-04-18T07:13:07.627-0400][gc,phases   ] GC(1300)   Evacuate Collection Set: 38.7ms
[2023-04-18T07:13:07.627-0400][gc,phases   ] GC(1300)   Post Evacuate Collection Set: 0.3ms
[2023-04-18T07:13:07.627-0400][gc,phases   ] GC(1300)   Other: 0.2ms
[2023-04-18T07:13:07.627-0400][gc,heap     ] GC(1300) Eden regions: 64->0(44)
[2023-04-18T07:13:07.627-0400][gc,heap     ] GC(1300) Survivor regions: 9->7(10)
[2023-04-18T07:13:07.627-0400][gc,heap     ] GC(1300) Old regions: 288->292
[2023-04-18T07:13:07.627-0400][gc,heap     ] GC(1300) Archive regions: 2->2
[2023-04-18T07:13:07.627-0400][gc,heap     ] GC(1300) Humongous regions: 129->129
[2023-04-18T07:13:07.627-0400][gc,metaspace] GC(1300) Metaspace: 44303K(44992K)->44303K(44992K) NonClass: 39208K(39552K)->39208K(39552K) Class: 5095K(5440K)->5095K(5440K)
[2023-04-18T07:13:07.627-0400][gc          ] GC(1300) Pause Young (Normal) (G1 Evacuation Pause) 490M->427M(1024M) 40.288ms
[2023-04-18T07:13:07.627-0400][gc,cpu      ] GC(1300) User=0.05s Sys=0.05s Real=0.04s
[2023-04-18T07:13:35.721-0400][gc,start    ] GC(1301) Pause Young (Normal) (G1 Evacuation Pause)
[2023-04-18T07:13:35.721-0400][gc,task     ] GC(1301) Using 8 workers of 8 for evacuation
[2023-04-18T07:13:35.756-0400][gc,mmu      ] GC(1301) MMU target violated: 21.0ms (20.0ms/21.0ms)
[2023-04-18T07:13:35.756-0400][gc,phases   ] GC(1301)   Pre Evacuate Collection Set: 0.1ms
[2023-04-18T07:13:35.756-0400][gc,phases   ] GC(1301)   Merge Heap Roots: 0.1ms
[2023-04-18T07:13:35.756-0400][gc,phases   ] GC(1301)   Evacuate Collection Set: 33.2ms
[2023-04-18T07:13:35.756-0400][gc,phases   ] GC(1301)   Post Evacuate Collection Set: 0.7ms
[2023-04-18T07:13:35.756-0400][gc,phases   ] GC(1301)   Other: 0.7ms
[2023-04-18T07:13:35.756-0400][gc,heap     ] GC(1301) Eden regions: 44->0(50)
[2023-04-18T07:13:35.756-0400][gc,heap     ] GC(1301) Survivor regions: 7->5(7)
[2023-04-18T07:13:35.756-0400][gc,heap     ] GC(1301) Old regions: 292->295
[2023-04-18T07:13:35.756-0400][gc,heap     ] GC(1301) Archive regions: 2->2
[2023-04-18T07:13:35.756-0400][gc,heap     ] GC(1301) Humongous regions: 129->129
[2023-04-18T07:13:35.756-0400][gc,metaspace] GC(1301) Metaspace: 44303K(44992K)->44303K(44992K) NonClass: 39208K(39552K)->39208K(39552K) Class: 5095K(5440K)->5095K(5440K)
[2023-04-18T07:13:35.756-0400][gc          ] GC(1301) Pause Young (Normal) (G1 Evacuation Pause) 471M->428M(1024M) 35.024ms
[2023-04-18T07:13:35.756-0400][gc,cpu      ] GC(1301) User=0.03s Sys=0.03s Real=0.03s
[2023-04-18T07:14:07.921-0400][gc,start    ] GC(1302) Pause Young (Normal) (G1 Evacuation Pause)
[2023-04-18T07:14:07.921-0400][gc,task     ] GC(1302) Using 8 workers of 8 for evacuation
[2023-04-18T07:14:07.928-0400][gc,phases   ] GC(1302)   Pre Evacuate Collection Set: 0.3ms
[2023-04-18T07:14:07.928-0400][gc,phases   ] GC(1302)   Merge Heap Roots: 0.2ms
[2023-04-18T07:14:07.928-0400][gc,phases   ] GC(1302)   Evacuate Collection Set: 5.7ms
[2023-04-18T07:14:07.928-0400][gc,phases   ] GC(1302)   Post Evacuate Collection Set: 0.4ms
[2023-04-18T07:14:07.928-0400][gc,phases   ] GC(1302)   Other: 0.2ms
[2023-04-18T07:14:07.928-0400][gc,heap     ] GC(1302) Eden regions: 50->0(100)
[2023-04-18T07:14:07.928-0400][gc,heap     ] GC(1302) Survivor regions: 5->5(7)
[2023-04-18T07:14:07.928-0400][gc,heap     ] GC(1302) Old regions: 295->295
[2023-04-18T07:14:07.928-0400][gc,heap     ] GC(1302) Archive regions: 2->2
[2023-04-18T07:14:07.928-0400][gc,heap     ] GC(1302) Humongous regions: 129->129
[2023-04-18T07:14:07.928-0400][gc,metaspace] GC(1302) Metaspace: 44303K(44992K)->44303K(44992K) NonClass: 39208K(39552K)->39208K(39552K) Class: 5095K(5440K)->5095K(5440K)
[2023-04-18T07:14:07.928-0400][gc          ] GC(1302) Pause Young (Normal) (G1 Evacuation Pause) 478M->428M(1024M) 7.203ms
[2023-04-18T07:14:07.928-0400][gc,cpu      ] GC(1302) User=0.04s Sys=0.00s Real=0.00s
[2023-04-18T07:15:11.005-0400][gc,start    ] GC(1303) Pause Young (Normal) (G1 Evacuation Pause)
[2023-04-18T07:15:11.006-0400][gc,task     ] GC(1303) Using 8 workers of 8 for evacuation
[2023-04-18T07:15:11.013-0400][gc,phases   ] GC(1303)   Pre Evacuate Collection Set: 0.2ms
[2023-04-18T07:15:11.013-0400][gc,phases   ] GC(1303)   Merge Heap Roots: 0.1ms
[2023-04-18T07:15:11.013-0400][gc,phases   ] GC(1303)   Evacuate Collection Set: 6.4ms
[2023-04-18T07:15:11.013-0400][gc,phases   ] GC(1303)   Post Evacuate Collection Set: 0.4ms
[2023-04-18T07:15:11.013-0400][gc,phases   ] GC(1303)   Other: 0.1ms
[2023-04-18T07:15:11.013-0400][gc,heap     ] GC(1303) Eden regions: 100->0(43)
[2023-04-18T07:15:11.013-0400][gc,heap     ] GC(1303) Survivor regions: 5->8(14)
[2023-04-18T07:15:11.013-0400][gc,heap     ] GC(1303) Old regions: 295->295
[2023-04-18T07:15:11.013-0400][gc,heap     ] GC(1303) Archive regions: 2->2
[2023-04-18T07:15:11.013-0400][gc,heap     ] GC(1303) Humongous regions: 129->129
[2023-04-18T07:15:11.013-0400][gc,metaspace] GC(1303) Metaspace: 44303K(44992K)->44303K(44992K) NonClass: 39208K(39552K)->39208K(39552K) Class: 5095K(5440K)->5095K(5440K)
[2023-04-18T07:15:11.013-0400][gc          ] GC(1303) Pause Young (Normal) (G1 Evacuation Pause) 528M->432M(1024M) 7.762ms
[2023-04-18T07:15:11.013-0400][gc,cpu      ] GC(1303) User=0.04s Sys=0.00s Real=0.01s
[2023-04-18T07:15:37.077-0400][gc,start    ] GC(1304) Pause Young (Normal) (G1 Evacuation Pause)
[2023-04-18T07:15:37.078-0400][gc,task     ] GC(1304) Using 8 workers of 8 for evacuation
[2023-04-18T07:15:37.110-0400][gc,mmu      ] GC(1304) MMU target violated: 21.0ms (20.0ms/21.0ms)
[2023-04-18T07:15:37.110-0400][gc,phases   ] GC(1304)   Pre Evacuate Collection Set: 0.1ms
[2023-04-18T07:15:37.110-0400][gc,phases   ] GC(1304)   Merge Heap Roots: 0.1ms
[2023-04-18T07:15:37.110-0400][gc,phases   ] GC(1304)   Evacuate Collection Set: 31.8ms
[2023-04-18T07:15:37.110-0400][gc,phases   ] GC(1304)   Post Evacuate Collection Set: 0.3ms
[2023-04-18T07:15:37.110-0400][gc,phases   ] GC(1304)   Other: 0.1ms
[2023-04-18T07:15:37.110-0400][gc,heap     ] GC(1304) Eden regions: 43->0(57)
[2023-04-18T07:15:37.110-0400][gc,heap     ] GC(1304) Survivor regions: 8->5(7)
[2023-04-18T07:15:37.110-0400][gc,heap     ] GC(1304) Old regions: 295->299
[2023-04-18T07:15:37.110-0400][gc,heap     ] GC(1304) Archive regions: 2->2
[2023-04-18T07:15:37.110-0400][gc,heap     ] GC(1304) Humongous regions: 129->129
[2023-04-18T07:15:37.110-0400][gc,metaspace] GC(1304) Metaspace: 44303K(44992K)->44303K(44992K) NonClass: 39208K(39552K)->39208K(39552K) Class: 5095K(5440K)->5095K(5440K)
[2023-04-18T07:15:37.110-0400][gc          ] GC(1304) Pause Young (Normal) (G1 Evacuation Pause) 475M->433M(1024M) 33.275ms
[2023-04-18T07:15:37.110-0400][gc,cpu      ] GC(1304) User=0.03s Sys=0.05s Real=0.04s
[2023-04-18T07:16:13.684-0400][gc,start    ] GC(1305) Pause Young (Normal) (G1 Evacuation Pause)
[2023-04-18T07:16:13.685-0400][gc,task     ] GC(1305) Using 8 workers of 8 for evacuation
[2023-04-18T07:16:13.712-0400][gc,mmu      ] GC(1305) MMU target violated: 21.0ms (20.0ms/21.0ms)
[2023-04-18T07:16:13.713-0400][gc,phases   ] GC(1305)   Pre Evacuate Collection Set: 0.1ms
[2023-04-18T07:16:13.713-0400][gc,phases   ] GC(1305)   Merge Heap Roots: 0.1ms
[2023-04-18T07:16:13.713-0400][gc,phases   ] GC(1305)   Evacuate Collection Set: 26.5ms
[2023-04-18T07:16:13.713-0400][gc,phases   ] GC(1305)   Post Evacuate Collection Set: 0.3ms
[2023-04-18T07:16:13.713-0400][gc,phases   ] GC(1305)   Other: 0.9ms
[2023-04-18T07:16:13.713-0400][gc,heap     ] GC(1305) Eden regions: 57->0(106)
[2023-04-18T07:16:13.713-0400][gc,heap     ] GC(1305) Survivor regions: 5->3(8)
[2023-04-18T07:16:13.713-0400][gc,heap     ] GC(1305) Old regions: 299->302
[2023-04-18T07:16:13.713-0400][gc,heap     ] GC(1305) Archive regions: 2->2
[2023-04-18T07:16:13.713-0400][gc,heap     ] GC(1305) Humongous regions: 129->129
[2023-04-18T07:16:13.713-0400][gc,metaspace] GC(1305) Metaspace: 44303K(44992K)->44303K(44992K) NonClass: 39208K(39552K)->39208K(39552K) Class: 5095K(5440K)->5095K(5440K)
[2023-04-18T07:16:13.713-0400][gc          ] GC(1305) Pause Young (Normal) (G1 Evacuation Pause) 490M->434M(1024M) 28.877ms
[2023-04-18T07:16:13.713-0400][gc,cpu      ] GC(1305) User=0.03s Sys=0.04s Real=0.03s
[2023-04-18T07:17:21.934-0400][gc,start    ] GC(1306) Pause Young (Normal) (G1 Evacuation Pause)
[2023-04-18T07:17:21.935-0400][gc,task     ] GC(1306) Using 8 workers of 8 for evacuation
[2023-04-18T07:17:21.940-0400][gc,phases   ] GC(1306)   Pre Evacuate Collection Set: 0.1ms
[2023-04-18T07:17:21.940-0400][gc,phases   ] GC(1306)   Merge Heap Roots: 0.1ms
[2023-04-18T07:17:21.940-0400][gc,phases   ] GC(1306)   Evacuate Collection Set: 4.3ms
[2023-04-18T07:17:21.940-0400][gc,phases   ] GC(1306)   Post Evacuate Collection Set: 1.0ms
[2023-04-18T07:17:21.940-0400][gc,phases   ] GC(1306)   Other: 0.1ms
[2023-04-18T07:17:21.940-0400][gc,heap     ] GC(1306) Eden regions: 106->0(106)
[2023-04-18T07:17:21.940-0400][gc,heap     ] GC(1306) Survivor regions: 3->4(14)
[2023-04-18T07:17:21.940-0400][gc,heap     ] GC(1306) Old regions: 302->302
[2023-04-18T07:17:21.940-0400][gc,heap     ] GC(1306) Archive regions: 2->2
[2023-04-18T07:17:21.940-0400][gc,heap     ] GC(1306) Humongous regions: 129->129
[2023-04-18T07:17:21.940-0400][gc,metaspace] GC(1306) Metaspace: 44303K(44992K)->44303K(44992K) NonClass: 39208K(39552K)->39208K(39552K) Class: 5095K(5440K)->5095K(5440K)
[2023-04-18T07:17:21.940-0400][gc          ] GC(1306) Pause Young (Normal) (G1 Evacuation Pause) 540M->435M(1024M) 6.325ms
[2023-04-18T07:17:21.940-0400][gc,cpu      ] GC(1306) User=0.03s Sys=0.01s Real=0.01s
[2023-04-18T07:18:30.808-0400][gc,start    ] GC(1307) Pause Young (Normal) (G1 Evacuation Pause)
[2023-04-18T07:18:30.809-0400][gc,task     ] GC(1307) Using 8 workers of 8 for evacuation
[2023-04-18T07:18:30.818-0400][gc,phases   ] GC(1307)   Pre Evacuate Collection Set: 0.2ms
[2023-04-18T07:18:30.818-0400][gc,phases   ] GC(1307)   Merge Heap Roots: 0.2ms
[2023-04-18T07:18:30.818-0400][gc,phases   ] GC(1307)   Evacuate Collection Set: 8.5ms
[2023-04-18T07:18:30.818-0400][gc,phases   ] GC(1307)   Post Evacuate Collection Set: 0.5ms
[2023-04-18T07:18:30.818-0400][gc,phases   ] GC(1307)   Other: 0.2ms
[2023-04-18T07:18:30.818-0400][gc,heap     ] GC(1307) Eden regions: 106->0(56)
[2023-04-18T07:18:30.818-0400][gc,heap     ] GC(1307) Survivor regions: 4->6(14)
[2023-04-18T07:18:30.818-0400][gc,heap     ] GC(1307) Old regions: 302->302
[2023-04-18T07:18:30.818-0400][gc,heap     ] GC(1307) Archive regions: 2->2
[2023-04-18T07:18:30.818-0400][gc,heap     ] GC(1307) Humongous regions: 129->129
[2023-04-18T07:18:30.818-0400][gc,metaspace] GC(1307) Metaspace: 44303K(44992K)->44303K(44992K) NonClass: 39208K(39552K)->39208K(39552K) Class: 5095K(5440K)->5095K(5440K)
[2023-04-18T07:18:30.818-0400][gc          ] GC(1307) Pause Young (Normal) (G1 Evacuation Pause) 541M->437M(1024M) 10.544ms
[2023-04-18T07:18:30.819-0400][gc,cpu      ] GC(1307) User=0.05s Sys=0.01s Real=0.01s
[2023-04-18T07:19:06.956-0400][gc,start    ] GC(1308) Pause Young (Normal) (G1 Evacuation Pause)
[2023-04-18T07:19:06.956-0400][gc,task     ] GC(1308) Using 8 workers of 8 for evacuation
[2023-04-18T07:19:06.974-0400][gc,phases   ] GC(1308)   Pre Evacuate Collection Set: 0.2ms
[2023-04-18T07:19:06.974-0400][gc,phases   ] GC(1308)   Merge Heap Roots: 0.1ms
[2023-04-18T07:19:06.974-0400][gc,phases   ] GC(1308)   Evacuate Collection Set: 17.2ms
[2023-04-18T07:19:06.974-0400][gc,phases   ] GC(1308)   Post Evacuate Collection Set: 0.2ms
[2023-04-18T07:19:06.974-0400][gc,phases   ] GC(1308)   Other: 0.3ms
[2023-04-18T07:19:06.974-0400][gc,heap     ] GC(1308) Eden regions: 56->0(94)
[2023-04-18T07:19:06.974-0400][gc,heap     ] GC(1308) Survivor regions: 6->5(8)
[2023-04-18T07:19:06.974-0400][gc,heap     ] GC(1308) Old regions: 302->304
[2023-04-18T07:19:06.974-0400][gc,heap     ] GC(1308) Archive regions: 2->2
[2023-04-18T07:19:06.974-0400][gc,heap     ] GC(1308) Humongous regions: 129->129
[2023-04-18T07:19:06.974-0400][gc,metaspace] GC(1308) Metaspace: 44303K(44992K)->44303K(44992K) NonClass: 39208K(39552K)->39208K(39552K) Class: 5095K(5440K)->5095K(5440K)
[2023-04-18T07:19:06.974-0400][gc          ] GC(1308) Pause Young (Normal) (G1 Evacuation Pause) 493M->438M(1024M) 18.532ms
[2023-04-18T07:19:06.974-0400][gc,cpu      ] GC(1308) User=0.03s Sys=0.01s Real=0.02s
[2023-04-18T07:20:07.127-0400][gc,start    ] GC(1309) Pause Young (Normal) (G1 Evacuation Pause)
[2023-04-18T07:20:07.128-0400][gc,task     ] GC(1309) Using 8 workers of 8 for evacuation
[2023-04-18T07:20:07.133-0400][gc,phases   ] GC(1309)   Pre Evacuate Collection Set: 0.1ms
[2023-04-18T07:20:07.134-0400][gc,phases   ] GC(1309)   Merge Heap Roots: 0.1ms
[2023-04-18T07:20:07.134-0400][gc,phases   ] GC(1309)   Evacuate Collection Set: 4.9ms
[2023-04-18T07:20:07.134-0400][gc,phases   ] GC(1309)   Post Evacuate Collection Set: 0.3ms
[2023-04-18T07:20:07.134-0400][gc,phases   ] GC(1309)   Other: 0.1ms
[2023-04-18T07:20:07.134-0400][gc,heap     ] GC(1309) Eden regions: 94->0(78)
[2023-04-18T07:20:07.134-0400][gc,heap     ] GC(1309) Survivor regions: 5->7(13)
[2023-04-18T07:20:07.134-0400][gc,heap     ] GC(1309) Old regions: 304->304
[2023-04-18T07:20:07.134-0400][gc,heap     ] GC(1309) Archive regions: 2->2
[2023-04-18T07:20:07.134-0400][gc,heap     ] GC(1309) Humongous regions: 129->129
[2023-04-18T07:20:07.134-0400][gc,metaspace] GC(1309) Metaspace: 44303K(44992K)->44303K(44992K) NonClass: 39208K(39552K)->39208K(39552K) Class: 5095K(5440K)->5095K(5440K)
[2023-04-18T07:20:07.134-0400][gc          ] GC(1309) Pause Young (Normal) (G1 Evacuation Pause) 532M->440M(1024M) 6.412ms
[2023-04-18T07:20:07.134-0400][gc,cpu      ] GC(1309) User=0.03s Sys=0.00s Real=0.01s
[2023-04-18T07:20:56.941-0400][gc,start    ] GC(1310) Pause Young (Normal) (G1 Evacuation Pause)
[2023-04-18T07:20:56.942-0400][gc,task     ] GC(1310) Using 8 workers of 8 for evacuation
[2023-04-18T07:20:56.962-0400][gc,mmu      ] GC(1310) MMU target violated: 20.5ms (20.0ms/21.0ms)
[2023-04-18T07:20:56.962-0400][gc,phases   ] GC(1310)   Pre Evacuate Collection Set: 0.1ms
[2023-04-18T07:20:56.962-0400][gc,phases   ] GC(1310)   Merge Heap Roots: 0.0ms
[2023-04-18T07:20:56.962-0400][gc,phases   ] GC(1310)   Evacuate Collection Set: 19.6ms
[2023-04-18T07:20:56.962-0400][gc,phases   ] GC(1310)   Post Evacuate Collection Set: 0.7ms
[2023-04-18T07:20:56.962-0400][gc,phases   ] GC(1310)   Other: 0.2ms
[2023-04-18T07:20:56.962-0400][gc,heap     ] GC(1310) Eden regions: 78->0(97)
[2023-04-18T07:20:56.962-0400][gc,heap     ] GC(1310) Survivor regions: 7->6(11)
[2023-04-18T07:20:56.962-0400][gc,heap     ] GC(1310) Old regions: 304->306
[2023-04-18T07:20:56.963-0400][gc,heap     ] GC(1310) Archive regions: 2->2
[2023-04-18T07:20:56.963-0400][gc,heap     ] GC(1310) Humongous regions: 129->129
[2023-04-18T07:20:56.963-0400][gc,metaspace] GC(1310) Metaspace: 44303K(44992K)->44303K(44992K) NonClass: 39208K(39552K)->39208K(39552K) Class: 5095K(5440K)->5095K(5440K)
[2023-04-18T07:20:56.963-0400][gc          ] GC(1310) Pause Young (Normal) (G1 Evacuation Pause) 518M->441M(1024M) 21.710ms
[2023-04-18T07:20:56.963-0400][gc,cpu      ] GC(1310) User=0.03s Sys=0.03s Real=0.02s
[2023-04-18T07:21:59.914-0400][gc,start    ] GC(1311) Pause Young (Normal) (G1 Evacuation Pause)
[2023-04-18T07:21:59.915-0400][gc,task     ] GC(1311) Using 8 workers of 8 for evacuation
[2023-04-18T07:21:59.921-0400][gc,phases   ] GC(1311)   Pre Evacuate Collection Set: 0.2ms
[2023-04-18T07:21:59.921-0400][gc,phases   ] GC(1311)   Merge Heap Roots: 0.1ms
[2023-04-18T07:21:59.921-0400][gc,phases   ] GC(1311)   Evacuate Collection Set: 4.8ms
[2023-04-18T07:21:59.921-0400][gc,phases   ] GC(1311)   Post Evacuate Collection Set: 0.4ms
[2023-04-18T07:21:59.921-0400][gc,phases   ] GC(1311)   Other: 0.6ms
[2023-04-18T07:21:59.921-0400][gc,heap     ] GC(1311) Eden regions: 97->0(75)
[2023-04-18T07:21:59.921-0400][gc,heap     ] GC(1311) Survivor regions: 6->8(13)
[2023-04-18T07:21:59.921-0400][gc,heap     ] GC(1311) Old regions: 306->306
[2023-04-18T07:21:59.921-0400][gc,heap     ] GC(1311) Archive regions: 2->2
[2023-04-18T07:21:59.921-0400][gc,heap     ] GC(1311) Humongous regions: 129->129
[2023-04-18T07:21:59.921-0400][gc,metaspace] GC(1311) Metaspace: 44303K(44992K)->44303K(44992K) NonClass: 39208K(39552K)->39208K(39552K) Class: 5095K(5440K)->5095K(5440K)
[2023-04-18T07:21:59.921-0400][gc          ] GC(1311) Pause Young (Normal) (G1 Evacuation Pause) 538M->443M(1024M) 7.131ms
[2023-04-18T07:21:59.921-0400][gc,cpu      ] GC(1311) User=0.03s Sys=0.00s Real=0.01s
[2023-04-18T07:22:47.755-0400][gc,start    ] GC(1312) Pause Young (Normal) (G1 Evacuation Pause)
[2023-04-18T07:22:47.755-0400][gc,task     ] GC(1312) Using 8 workers of 8 for evacuation
[2023-04-18T07:22:47.770-0400][gc,phases   ] GC(1312)   Pre Evacuate Collection Set: 0.1ms
[2023-04-18T07:22:47.770-0400][gc,phases   ] GC(1312)   Merge Heap Roots: 0.1ms
[2023-04-18T07:22:47.770-0400][gc,phases   ] GC(1312)   Evacuate Collection Set: 14.2ms
[2023-04-18T07:22:47.770-0400][gc,phases   ] GC(1312)   Post Evacuate Collection Set: 0.3ms
[2023-04-18T07:22:47.770-0400][gc,phases   ] GC(1312)   Other: 0.1ms
[2023-04-18T07:22:47.770-0400][gc,heap     ] GC(1312) Eden regions: 75->0(114)
[2023-04-18T07:22:47.770-0400][gc,heap     ] GC(1312) Survivor regions: 8->8(11)
[2023-04-18T07:22:47.770-0400][gc,heap     ] GC(1312) Old regions: 306->308
[2023-04-18T07:22:47.770-0400][gc,heap     ] GC(1312) Archive regions: 2->2
[2023-04-18T07:22:47.770-0400][gc,heap     ] GC(1312) Humongous regions: 129->129
[2023-04-18T07:22:47.770-0400][gc,metaspace] GC(1312) Metaspace: 44303K(44992K)->44303K(44992K) NonClass: 39208K(39552K)->39208K(39552K) Class: 5095K(5440K)->5095K(5440K)
[2023-04-18T07:22:47.770-0400][gc          ] GC(1312) Pause Young (Normal) (G1 Evacuation Pause) 518M->444M(1024M) 15.277ms
[2023-04-18T07:22:47.771-0400][gc,cpu      ] GC(1312) User=0.03s Sys=0.01s Real=0.02s
[2023-04-18T07:24:00.316-0400][gc,start    ] GC(1313) Pause Young (Normal) (G1 Evacuation Pause)
[2023-04-18T07:24:00.317-0400][gc,task     ] GC(1313) Using 8 workers of 8 for evacuation
[2023-04-18T07:24:00.340-0400][gc,mmu      ] GC(1313) MMU target violated: 21.0ms (20.0ms/21.0ms)
[2023-04-18T07:24:00.340-0400][gc,phases   ] GC(1313)   Pre Evacuate Collection Set: 0.2ms
[2023-04-18T07:24:00.340-0400][gc,phases   ] GC(1313)   Merge Heap Roots: 0.1ms
[2023-04-18T07:24:00.340-0400][gc,phases   ] GC(1313)   Evacuate Collection Set: 22.6ms
[2023-04-18T07:24:00.340-0400][gc,phases   ] GC(1313)   Post Evacuate Collection Set: 0.3ms
[2023-04-18T07:24:00.340-0400][gc,phases   ] GC(1313)   Other: 0.2ms
[2023-04-18T07:24:00.340-0400][gc,heap     ] GC(1313) Eden regions: 114->0(41)
[2023-04-18T07:24:00.340-0400][gc,heap     ] GC(1313) Survivor regions: 8->10(16)
[2023-04-18T07:24:00.340-0400][gc,heap     ] GC(1313) Old regions: 308->308
[2023-04-18T07:24:00.340-0400][gc,heap     ] GC(1313) Archive regions: 2->2
[2023-04-18T07:24:00.340-0400][gc,heap     ] GC(1313) Humongous regions: 129->129
[2023-04-18T07:24:00.340-0400][gc,metaspace] GC(1313) Metaspace: 44303K(44992K)->44303K(44992K) NonClass: 39208K(39552K)->39208K(39552K) Class: 5095K(5440K)->5095K(5440K)
[2023-04-18T07:24:00.340-0400][gc          ] GC(1313) Pause Young (Normal) (G1 Evacuation Pause) 558M->446M(1024M) 24.279ms
[2023-04-18T07:24:00.340-0400][gc,cpu      ] GC(1313) User=0.05s Sys=0.08s Real=0.03s
[2023-04-18T07:24:26.438-0400][gc,start    ] GC(1314) Pause Young (Normal) (G1 Evacuation Pause)
[2023-04-18T07:24:26.438-0400][gc,task     ] GC(1314) Using 8 workers of 8 for evacuation
[2023-04-18T07:24:26.482-0400][gc,mmu      ] GC(1314) MMU target violated: 21.0ms (20.0ms/21.0ms)
[2023-04-18T07:24:26.482-0400][gc,phases   ] GC(1314)   Pre Evacuate Collection Set: 0.2ms
[2023-04-18T07:24:26.482-0400][gc,phases   ] GC(1314)   Merge Heap Roots: 0.1ms
[2023-04-18T07:24:26.482-0400][gc,phases   ] GC(1314)   Evacuate Collection Set: 42.8ms
[2023-04-18T07:24:26.482-0400][gc,phases   ] GC(1314)   Post Evacuate Collection Set: 0.4ms
[2023-04-18T07:24:26.482-0400][gc,phases   ] GC(1314)   Other: 0.4ms
[2023-04-18T07:24:26.482-0400][gc,heap     ] GC(1314) Eden regions: 41->0(82)
[2023-04-18T07:24:26.482-0400][gc,heap     ] GC(1314) Survivor regions: 10->5(7)
[2023-04-18T07:24:26.482-0400][gc,heap     ] GC(1314) Old regions: 308->313
[2023-04-18T07:24:26.482-0400][gc,heap     ] GC(1314) Archive regions: 2->2
[2023-04-18T07:24:26.482-0400][gc,heap     ] GC(1314) Humongous regions: 129->129
[2023-04-18T07:24:26.482-0400][gc,metaspace] GC(1314) Metaspace: 44303K(44992K)->44303K(44992K) NonClass: 39208K(39552K)->39208K(39552K) Class: 5095K(5440K)->5095K(5440K)
[2023-04-18T07:24:26.482-0400][gc          ] GC(1314) Pause Young (Normal) (G1 Evacuation Pause) 487M->447M(1024M) 44.481ms
[2023-04-18T07:24:26.482-0400][gc,cpu      ] GC(1314) User=0.04s Sys=0.06s Real=0.05s
[2023-04-18T07:25:18.959-0400][gc,start    ] GC(1315) Pause Young (Normal) (G1 Evacuation Pause)
[2023-04-18T07:25:18.960-0400][gc,task     ] GC(1315) Using 8 workers of 8 for evacuation
[2023-04-18T07:25:18.966-0400][gc,phases   ] GC(1315)   Pre Evacuate Collection Set: 0.2ms
[2023-04-18T07:25:18.966-0400][gc,phases   ] GC(1315)   Merge Heap Roots: 0.1ms
[2023-04-18T07:25:18.966-0400][gc,phases   ] GC(1315)   Evacuate Collection Set: 5.3ms
[2023-04-18T07:25:18.966-0400][gc,phases   ] GC(1315)   Post Evacuate Collection Set: 0.4ms
[2023-04-18T07:25:18.966-0400][gc,phases   ] GC(1315)   Other: 0.1ms
[2023-04-18T07:25:18.966-0400][gc,heap     ] GC(1315) Eden regions: 82->0(159)
[2023-04-18T07:25:18.966-0400][gc,heap     ] GC(1315) Survivor regions: 5->5(11)
[2023-04-18T07:25:18.966-0400][gc,heap     ] GC(1315) Old regions: 313->313
[2023-04-18T07:25:18.966-0400][gc,heap     ] GC(1315) Archive regions: 2->2
[2023-04-18T07:25:18.966-0400][gc,heap     ] GC(1315) Humongous regions: 129->129
[2023-04-18T07:25:18.966-0400][gc,metaspace] GC(1315) Metaspace: 44303K(44992K)->44303K(44992K) NonClass: 39208K(39552K)->39208K(39552K) Class: 5095K(5440K)->5095K(5440K)
[2023-04-18T07:25:18.966-0400][gc          ] GC(1315) Pause Young (Normal) (G1 Evacuation Pause) 529M->447M(1024M) 7.036ms
[2023-04-18T07:25:18.966-0400][gc,cpu      ] GC(1315) User=0.02s Sys=0.00s Real=0.01s
[2023-04-18T07:27:02.101-0400][gc,start    ] GC(1316) Pause Young (Normal) (G1 Evacuation Pause)
[2023-04-18T07:27:02.101-0400][gc,task     ] GC(1316) Using 8 workers of 8 for evacuation
[2023-04-18T07:27:02.115-0400][gc,phases   ] GC(1316)   Pre Evacuate Collection Set: 0.2ms
[2023-04-18T07:27:02.115-0400][gc,phases   ] GC(1316)   Merge Heap Roots: 0.1ms
[2023-04-18T07:27:02.116-0400][gc,phases   ] GC(1316)   Evacuate Collection Set: 13.5ms
[2023-04-18T07:27:02.116-0400][gc,phases   ] GC(1316)   Post Evacuate Collection Set: 0.3ms
[2023-04-18T07:27:02.116-0400][gc,phases   ] GC(1316)   Other: 0.1ms
[2023-04-18T07:27:02.116-0400][gc,heap     ] GC(1316) Eden regions: 159->0(121)
[2023-04-18T07:27:02.116-0400][gc,heap     ] GC(1316) Survivor regions: 5->6(21)
[2023-04-18T07:27:02.116-0400][gc,heap     ] GC(1316) Old regions: 313->313
[2023-04-18T07:27:02.116-0400][gc,heap     ] GC(1316) Archive regions: 2->2
[2023-04-18T07:27:02.116-0400][gc,heap     ] GC(1316) Humongous regions: 129->129
[2023-04-18T07:27:02.116-0400][gc,metaspace] GC(1316) Metaspace: 44303K(44992K)->44303K(44992K) NonClass: 39208K(39552K)->39208K(39552K) Class: 5095K(5440K)->5095K(5440K)
[2023-04-18T07:27:02.116-0400][gc          ] GC(1316) Pause Young (Normal) (G1 Evacuation Pause) 606M->448M(1024M) 14.486ms
[2023-04-18T07:27:02.116-0400][gc,cpu      ] GC(1316) User=0.03s Sys=0.04s Real=0.01s
[2023-04-18T07:28:19.759-0400][gc,start    ] GC(1317) Pause Young (Normal) (G1 Evacuation Pause)
[2023-04-18T07:28:19.760-0400][gc,task     ] GC(1317) Using 8 workers of 8 for evacuation
[2023-04-18T07:28:19.767-0400][gc,phases   ] GC(1317)   Pre Evacuate Collection Set: 0.2ms
[2023-04-18T07:28:19.767-0400][gc,phases   ] GC(1317)   Merge Heap Roots: 0.1ms
[2023-04-18T07:28:19.767-0400][gc,phases   ] GC(1317)   Evacuate Collection Set: 4.8ms
[2023-04-18T07:28:19.767-0400][gc,phases   ] GC(1317)   Post Evacuate Collection Set: 2.5ms
[2023-04-18T07:28:19.767-0400][gc,phases   ] GC(1317)   Other: 0.1ms
[2023-04-18T07:28:19.767-0400][gc,heap     ] GC(1317) Eden regions: 121->0(78)
[2023-04-18T07:28:19.767-0400][gc,heap     ] GC(1317) Survivor regions: 6->8(16)
[2023-04-18T07:28:19.767-0400][gc,heap     ] GC(1317) Old regions: 313->313
[2023-04-18T07:28:19.767-0400][gc,heap     ] GC(1317) Archive regions: 2->2
[2023-04-18T07:28:19.767-0400][gc,heap     ] GC(1317) Humongous regions: 129->129
[2023-04-18T07:28:19.767-0400][gc,metaspace] GC(1317) Metaspace: 44303K(44992K)->44303K(44992K) NonClass: 39208K(39552K)->39208K(39552K) Class: 5095K(5440K)->5095K(5440K)
[2023-04-18T07:28:19.767-0400][gc          ] GC(1317) Pause Young (Normal) (G1 Evacuation Pause) 569M->449M(1024M) 8.196ms
[2023-04-18T07:28:19.768-0400][gc,cpu      ] GC(1317) User=0.02s Sys=0.00s Real=0.01s
[2023-04-18T07:29:09.790-0400][gc,start    ] GC(1318) Pause Young (Normal) (G1 Evacuation Pause)
[2023-04-18T07:29:09.790-0400][gc,task     ] GC(1318) Using 8 workers of 8 for evacuation
[2023-04-18T07:29:09.821-0400][gc,mmu      ] GC(1318) MMU target violated: 21.0ms (20.0ms/21.0ms)
[2023-04-18T07:29:09.821-0400][gc,phases   ] GC(1318)   Pre Evacuate Collection Set: 0.1ms
[2023-04-18T07:29:09.821-0400][gc,phases   ] GC(1318)   Merge Heap Roots: 0.1ms
[2023-04-18T07:29:09.821-0400][gc,phases   ] GC(1318)   Evacuate Collection Set: 29.7ms
[2023-04-18T07:29:09.821-0400][gc,phases   ] GC(1318)   Post Evacuate Collection Set: 0.4ms
[2023-04-18T07:29:09.821-0400][gc,phases   ] GC(1318)   Other: 0.2ms
[2023-04-18T07:29:09.821-0400][gc,heap     ] GC(1318) Eden regions: 78->0(61)
[2023-04-18T07:29:09.821-0400][gc,heap     ] GC(1318) Survivor regions: 8->6(11)
[2023-04-18T07:29:09.821-0400][gc,heap     ] GC(1318) Old regions: 313->316
[2023-04-18T07:29:09.821-0400][gc,heap     ] GC(1318) Archive regions: 2->2
[2023-04-18T07:29:09.821-0400][gc,heap     ] GC(1318) Humongous regions: 129->129
[2023-04-18T07:29:09.821-0400][gc,metaspace] GC(1318) Metaspace: 44303K(44992K)->44303K(44992K) NonClass: 39208K(39552K)->39208K(39552K) Class: 5095K(5440K)->5095K(5440K)
[2023-04-18T07:29:09.821-0400][gc          ] GC(1318) Pause Young (Normal) (G1 Evacuation Pause) 527M->451M(1024M) 30.944ms
[2023-04-18T07:29:09.821-0400][gc,cpu      ] GC(1318) User=0.03s Sys=0.03s Real=0.03s
[2023-04-18T07:29:48.775-0400][gc,start    ] GC(1319) Pause Young (Normal) (G1 Evacuation Pause)
[2023-04-18T07:29:48.775-0400][gc,task     ] GC(1319) Using 8 workers of 8 for evacuation
[2023-04-18T07:29:48.786-0400][gc,phases   ] GC(1319)   Pre Evacuate Collection Set: 0.1ms
[2023-04-18T07:29:48.786-0400][gc,phases   ] GC(1319)   Merge Heap Roots: 0.1ms
[2023-04-18T07:29:48.786-0400][gc,phases   ] GC(1319)   Evacuate Collection Set: 10.3ms
[2023-04-18T07:29:48.786-0400][gc,phases   ] GC(1319)   Post Evacuate Collection Set: 0.3ms
[2023-04-18T07:29:48.786-0400][gc,phases   ] GC(1319)   Other: 0.1ms
[2023-04-18T07:29:48.786-0400][gc,heap     ] GC(1319) Eden regions: 61->0(126)
[2023-04-18T07:29:48.786-0400][gc,heap     ] GC(1319) Survivor regions: 6->6(9)
[2023-04-18T07:29:48.786-0400][gc,heap     ] GC(1319) Old regions: 316->317
[2023-04-18T07:29:48.787-0400][gc,heap     ] GC(1319) Archive regions: 2->2
[2023-04-18T07:29:48.787-0400][gc,heap     ] GC(1319) Humongous regions: 129->129
[2023-04-18T07:29:48.787-0400][gc,metaspace] GC(1319) Metaspace: 44303K(44992K)->44303K(44992K) NonClass: 39208K(39552K)->39208K(39552K) Class: 5095K(5440K)->5095K(5440K)
[2023-04-18T07:29:48.787-0400][gc          ] GC(1319) Pause Young (Normal) (G1 Evacuation Pause) 512M->452M(1024M) 11.997ms
[2023-04-18T07:29:48.787-0400][gc,cpu      ] GC(1319) User=0.04s Sys=0.01s Real=0.01s
[2023-04-18T07:31:09.751-0400][gc,start    ] GC(1320) Pause Young (Normal) (G1 Evacuation Pause)
[2023-04-18T07:31:09.751-0400][gc,task     ] GC(1320) Using 8 workers of 8 for evacuation
[2023-04-18T07:31:09.756-0400][gc,phases   ] GC(1320)   Pre Evacuate Collection Set: 0.1ms
[2023-04-18T07:31:09.756-0400][gc,phases   ] GC(1320)   Merge Heap Roots: 0.1ms
[2023-04-18T07:31:09.756-0400][gc,phases   ] GC(1320)   Evacuate Collection Set: 4.4ms
[2023-04-18T07:31:09.756-0400][gc,phases   ] GC(1320)   Post Evacuate Collection Set: 0.3ms
[2023-04-18T07:31:09.756-0400][gc,phases   ] GC(1320)   Other: 0.1ms
[2023-04-18T07:31:09.756-0400][gc,heap     ] GC(1320) Eden regions: 126->0(98)
[2023-04-18T07:31:09.756-0400][gc,heap     ] GC(1320) Survivor regions: 6->8(17)
[2023-04-18T07:31:09.756-0400][gc,heap     ] GC(1320) Old regions: 317->317
[2023-04-18T07:31:09.756-0400][gc,heap     ] GC(1320) Archive regions: 2->2
[2023-04-18T07:31:09.756-0400][gc,heap     ] GC(1320) Humongous regions: 129->129
[2023-04-18T07:31:09.756-0400][gc,metaspace] GC(1320) Metaspace: 44303K(44992K)->44303K(44992K) NonClass: 39208K(39552K)->39208K(39552K) Class: 5095K(5440K)->5095K(5440K)
[2023-04-18T07:31:09.756-0400][gc          ] GC(1320) Pause Young (Normal) (G1 Evacuation Pause) 578M->453M(1024M) 5.669ms
[2023-04-18T07:31:09.756-0400][gc,cpu      ] GC(1320) User=0.03s Sys=0.00s Real=0.00s
[2023-04-18T07:32:13.196-0400][gc,start    ] GC(1321) Pause Young (Normal) (G1 Evacuation Pause)
[2023-04-18T07:32:13.196-0400][gc,task     ] GC(1321) Using 8 workers of 8 for evacuation
[2023-04-18T07:32:13.213-0400][gc,phases   ] GC(1321)   Pre Evacuate Collection Set: 0.2ms
[2023-04-18T07:32:13.213-0400][gc,phases   ] GC(1321)   Merge Heap Roots: 0.1ms
[2023-04-18T07:32:13.213-0400][gc,phases   ] GC(1321)   Evacuate Collection Set: 16.0ms
[2023-04-18T07:32:13.213-0400][gc,phases   ] GC(1321)   Post Evacuate Collection Set: 0.3ms
[2023-04-18T07:32:13.213-0400][gc,phases   ] GC(1321)   Other: 0.1ms
[2023-04-18T07:32:13.213-0400][gc,heap     ] GC(1321) Eden regions: 98->0(110)
[2023-04-18T07:32:13.213-0400][gc,heap     ] GC(1321) Survivor regions: 8->8(14)
[2023-04-18T07:32:13.213-0400][gc,heap     ] GC(1321) Old regions: 317->319
[2023-04-18T07:32:13.213-0400][gc,heap     ] GC(1321) Archive regions: 2->2
[2023-04-18T07:32:13.213-0400][gc,heap     ] GC(1321) Humongous regions: 129->129
[2023-04-18T07:32:13.213-0400][gc,metaspace] GC(1321) Metaspace: 44303K(44992K)->44303K(44992K) NonClass: 39208K(39552K)->39208K(39552K) Class: 5095K(5440K)->5095K(5440K)
[2023-04-18T07:32:13.213-0400][gc          ] GC(1321) Pause Young (Normal) (G1 Evacuation Pause) 551M->455M(1024M) 17.345ms
[2023-04-18T07:32:13.213-0400][gc,cpu      ] GC(1321) User=0.04s Sys=0.02s Real=0.02s
[2023-04-18T07:33:24.336-0400][gc,start    ] GC(1322) Pause Young (Normal) (G1 Evacuation Pause)
[2023-04-18T07:33:24.337-0400][gc,task     ] GC(1322) Using 8 workers of 8 for evacuation
[2023-04-18T07:33:24.342-0400][gc,phases   ] GC(1322)   Pre Evacuate Collection Set: 0.1ms
[2023-04-18T07:33:24.342-0400][gc,phases   ] GC(1322)   Merge Heap Roots: 0.1ms
[2023-04-18T07:33:24.342-0400][gc,phases   ] GC(1322)   Evacuate Collection Set: 5.1ms
[2023-04-18T07:33:24.342-0400][gc,phases   ] GC(1322)   Post Evacuate Collection Set: 0.3ms
[2023-04-18T07:33:24.342-0400][gc,phases   ] GC(1322)   Other: 0.1ms
[2023-04-18T07:33:24.342-0400][gc,heap     ] GC(1322) Eden regions: 110->0(165)
[2023-04-18T07:33:24.342-0400][gc,heap     ] GC(1322) Survivor regions: 8->9(15)
[2023-04-18T07:33:24.342-0400][gc,heap     ] GC(1322) Old regions: 319->319
[2023-04-18T07:33:24.342-0400][gc,heap     ] GC(1322) Archive regions: 2->2
[2023-04-18T07:33:24.342-0400][gc,heap     ] GC(1322) Humongous regions: 129->129
[2023-04-18T07:33:24.342-0400][gc,metaspace] GC(1322) Metaspace: 44303K(44992K)->44303K(44992K) NonClass: 39208K(39552K)->39208K(39552K) Class: 5095K(5440K)->5095K(5440K)
[2023-04-18T07:33:24.342-0400][gc          ] GC(1322) Pause Young (Normal) (G1 Evacuation Pause) 565M->456M(1024M) 6.199ms
[2023-04-18T07:33:24.342-0400][gc,cpu      ] GC(1322) User=0.04s Sys=0.00s Real=0.01s
[2023-04-18T07:35:10.884-0400][gc,start    ] GC(1323) Pause Young (Normal) (G1 Evacuation Pause)
[2023-04-18T07:35:10.886-0400][gc,task     ] GC(1323) Using 8 workers of 8 for evacuation
[2023-04-18T07:35:10.921-0400][gc,mmu      ] GC(1323) MMU target violated: 21.0ms (20.0ms/21.0ms)
[2023-04-18T07:35:10.921-0400][gc,phases   ] GC(1323)   Pre Evacuate Collection Set: 2.0ms
[2023-04-18T07:35:10.921-0400][gc,phases   ] GC(1323)   Merge Heap Roots: 0.6ms
[2023-04-18T07:35:10.921-0400][gc,phases   ] GC(1323)   Evacuate Collection Set: 29.8ms
[2023-04-18T07:35:10.921-0400][gc,phases   ] GC(1323)   Post Evacuate Collection Set: 1.7ms
[2023-04-18T07:35:10.921-0400][gc,phases   ] GC(1323)   Other: 1.3ms
[2023-04-18T07:35:10.921-0400][gc,heap     ] GC(1323) Eden regions: 165->0(39)
[2023-04-18T07:35:10.921-0400][gc,heap     ] GC(1323) Survivor regions: 9->12(22)
[2023-04-18T07:35:10.921-0400][gc,heap     ] GC(1323) Old regions: 319->319
[2023-04-18T07:35:10.921-0400][gc,heap     ] GC(1323) Archive regions: 2->2
[2023-04-18T07:35:10.921-0400][gc,heap     ] GC(1323) Humongous regions: 129->129
[2023-04-18T07:35:10.921-0400][gc,metaspace] GC(1323) Metaspace: 44303K(44992K)->44303K(44992K) NonClass: 39208K(39552K)->39208K(39552K) Class: 5095K(5440K)->5095K(5440K)
[2023-04-18T07:35:10.921-0400][gc          ] GC(1323) Pause Young (Normal) (G1 Evacuation Pause) 621M->460M(1024M) 36.977ms
[2023-04-18T07:35:10.921-0400][gc,cpu      ] GC(1323) User=0.06s Sys=0.11s Real=0.04s
[2023-04-18T07:35:35.466-0400][gc,start    ] GC(1324) Pause Young (Normal) (G1 Evacuation Pause)
[2023-04-18T07:35:35.466-0400][gc,task     ] GC(1324) Using 8 workers of 8 for evacuation
[2023-04-18T07:35:35.534-0400][gc,mmu      ] GC(1324) MMU target violated: 21.0ms (20.0ms/21.0ms)
[2023-04-18T07:35:35.535-0400][gc,phases   ] GC(1324)   Pre Evacuate Collection Set: 0.4ms
[2023-04-18T07:35:35.535-0400][gc,phases   ] GC(1324)   Merge Heap Roots: 0.1ms
[2023-04-18T07:35:35.535-0400][gc,phases   ] GC(1324)   Evacuate Collection Set: 67.3ms
[2023-04-18T07:35:35.535-0400][gc,phases   ] GC(1324)   Post Evacuate Collection Set: 0.3ms
[2023-04-18T07:35:35.535-0400][gc,phases   ] GC(1324)   Other: 0.7ms
[2023-04-18T07:35:35.535-0400][gc,heap     ] GC(1324) Eden regions: 39->0(46)
[2023-04-18T07:35:35.535-0400][gc,heap     ] GC(1324) Survivor regions: 12->5(7)
[2023-04-18T07:35:35.535-0400][gc,heap     ] GC(1324) Old regions: 319->327
[2023-04-18T07:35:35.535-0400][gc,heap     ] GC(1324) Archive regions: 2->2
[2023-04-18T07:35:35.535-0400][gc,heap     ] GC(1324) Humongous regions: 129->129
[2023-04-18T07:35:35.535-0400][gc,metaspace] GC(1324) Metaspace: 44303K(44992K)->44303K(44992K) NonClass: 39208K(39552K)->39208K(39552K) Class: 5095K(5440K)->5095K(5440K)
[2023-04-18T07:35:35.535-0400][gc          ] GC(1324) Pause Young (Normal) (G1 Evacuation Pause) 499M->460M(1024M) 68.991ms
[2023-04-18T07:35:35.535-0400][gc,cpu      ] GC(1324) User=0.05s Sys=0.09s Real=0.07s
[2023-04-18T07:36:04.803-0400][gc,start    ] GC(1325) Pause Young (Normal) (G1 Evacuation Pause)
[2023-04-18T07:36:04.804-0400][gc,task     ] GC(1325) Using 8 workers of 8 for evacuation
[2023-04-18T07:36:04.825-0400][gc,mmu      ] GC(1325) MMU target violated: 20.4ms (20.0ms/21.0ms)
[2023-04-18T07:36:04.825-0400][gc,phases   ] GC(1325)   Pre Evacuate Collection Set: 1.3ms
[2023-04-18T07:36:04.825-0400][gc,phases   ] GC(1325)   Merge Heap Roots: 0.2ms
[2023-04-18T07:36:04.825-0400][gc,phases   ] GC(1325)   Evacuate Collection Set: 17.3ms
[2023-04-18T07:36:04.825-0400][gc,phases   ] GC(1325)   Post Evacuate Collection Set: 0.9ms
[2023-04-18T07:36:04.825-0400][gc,phases   ] GC(1325)   Other: 0.8ms
[2023-04-18T07:36:04.825-0400][gc,heap     ] GC(1325) Eden regions: 46->0(171)
[2023-04-18T07:36:04.825-0400][gc,heap     ] GC(1325) Survivor regions: 5->2(7)
[2023-04-18T07:36:04.825-0400][gc,heap     ] GC(1325) Old regions: 327->331
[2023-04-18T07:36:04.825-0400][gc,heap     ] GC(1325) Archive regions: 2->2
[2023-04-18T07:36:04.825-0400][gc,heap     ] GC(1325) Humongous regions: 129->129
[2023-04-18T07:36:04.825-0400][gc,metaspace] GC(1325) Metaspace: 44303K(44992K)->44303K(44992K) NonClass: 39208K(39552K)->39208K(39552K) Class: 5095K(5440K)->5095K(5440K)
[2023-04-18T07:36:04.825-0400][gc          ] GC(1325) Pause Young (Normal) (G1 Evacuation Pause) 506M->461M(1024M) 21.308ms
[2023-04-18T07:36:04.825-0400][gc,cpu      ] GC(1325) User=0.03s Sys=0.04s Real=0.02s
[2023-04-18T07:37:55.448-0400][gc,start    ] GC(1326) Pause Young (Normal) (G1 Evacuation Pause)
[2023-04-18T07:37:55.449-0400][gc,task     ] GC(1326) Using 8 workers of 8 for evacuation
[2023-04-18T07:37:55.456-0400][gc,phases   ] GC(1326)   Pre Evacuate Collection Set: 0.1ms
[2023-04-18T07:37:55.456-0400][gc,phases   ] GC(1326)   Merge Heap Roots: 0.1ms
[2023-04-18T07:37:55.456-0400][gc,phases   ] GC(1326)   Evacuate Collection Set: 5.9ms
[2023-04-18T07:37:55.456-0400][gc,phases   ] GC(1326)   Post Evacuate Collection Set: 0.3ms
[2023-04-18T07:37:55.456-0400][gc,phases   ] GC(1326)   Other: 0.6ms
[2023-04-18T07:37:55.456-0400][gc,heap     ] GC(1326) Eden regions: 171->0(78)
[2023-04-18T07:37:55.456-0400][gc,heap     ] GC(1326) Survivor regions: 2->5(22)
[2023-04-18T07:37:55.456-0400][gc,heap     ] GC(1326) Old regions: 331->331
[2023-04-18T07:37:55.456-0400][gc,heap     ] GC(1326) Archive regions: 2->2
[2023-04-18T07:37:55.456-0400][gc,heap     ] GC(1326) Humongous regions: 129->129
[2023-04-18T07:37:55.456-0400][gc,metaspace] GC(1326) Metaspace: 44303K(44992K)->44303K(44992K) NonClass: 39208K(39552K)->39208K(39552K) Class: 5095K(5440K)->5095K(5440K)
[2023-04-18T07:37:55.456-0400][gc          ] GC(1326) Pause Young (Normal) (G1 Evacuation Pause) 632M->464M(1024M) 7.804ms
[2023-04-18T07:37:55.456-0400][gc,cpu      ] GC(1326) User=0.02s Sys=0.00s Real=0.01s
[2023-04-18T07:38:45.977-0400][gc,start    ] GC(1327) Pause Young (Normal) (G1 Evacuation Pause)
[2023-04-18T07:38:45.978-0400][gc,task     ] GC(1327) Using 8 workers of 8 for evacuation
[2023-04-18T07:38:45.986-0400][gc,phases   ] GC(1327)   Pre Evacuate Collection Set: 0.3ms
[2023-04-18T07:38:45.986-0400][gc,phases   ] GC(1327)   Merge Heap Roots: 0.2ms
[2023-04-18T07:38:45.986-0400][gc,phases   ] GC(1327)   Evacuate Collection Set: 6.9ms
[2023-04-18T07:38:45.986-0400][gc,phases   ] GC(1327)   Post Evacuate Collection Set: 0.6ms
[2023-04-18T07:38:45.986-0400][gc,phases   ] GC(1327)   Other: 0.3ms
[2023-04-18T07:38:45.986-0400][gc,heap     ] GC(1327) Eden regions: 78->0(71)
[2023-04-18T07:38:45.986-0400][gc,heap     ] GC(1327) Survivor regions: 5->6(11)
[2023-04-18T07:38:45.986-0400][gc,heap     ] GC(1327) Old regions: 331->331
[2023-04-18T07:38:45.986-0400][gc,heap     ] GC(1327) Archive regions: 2->2
[2023-04-18T07:38:45.986-0400][gc,heap     ] GC(1327) Humongous regions: 129->129
[2023-04-18T07:38:45.986-0400][gc,metaspace] GC(1327) Metaspace: 44303K(44992K)->44303K(44992K) NonClass: 39208K(39552K)->39208K(39552K) Class: 5095K(5440K)->5095K(5440K)
[2023-04-18T07:38:45.986-0400][gc          ] GC(1327) Pause Young (Normal) (G1 Evacuation Pause) 542M->465M(1024M) 9.740ms
[2023-04-18T07:38:45.986-0400][gc,cpu      ] GC(1327) User=0.05s Sys=0.01s Real=0.01s
[2023-04-18T07:39:31.754-0400][gc,start    ] GC(1328) Pause Young (Normal) (G1 Evacuation Pause)
[2023-04-18T07:39:31.754-0400][gc,task     ] GC(1328) Using 8 workers of 8 for evacuation
[2023-04-18T07:39:31.764-0400][gc,phases   ] GC(1328)   Pre Evacuate Collection Set: 0.1ms
[2023-04-18T07:39:31.764-0400][gc,phases   ] GC(1328)   Merge Heap Roots: 0.1ms
[2023-04-18T07:39:31.764-0400][gc,phases   ] GC(1328)   Evacuate Collection Set: 7.1ms
[2023-04-18T07:39:31.764-0400][gc,phases   ] GC(1328)   Post Evacuate Collection Set: 0.4ms
[2023-04-18T07:39:31.764-0400][gc,phases   ] GC(1328)   Other: 1.9ms
[2023-04-18T07:39:31.764-0400][gc,heap     ] GC(1328) Eden regions: 71->0(69)
[2023-04-18T07:39:31.764-0400][gc,heap     ] GC(1328) Survivor regions: 6->7(10)
[2023-04-18T07:39:31.764-0400][gc,heap     ] GC(1328) Old regions: 331->331
[2023-04-18T07:39:31.764-0400][gc,heap     ] GC(1328) Archive regions: 2->2
[2023-04-18T07:39:31.764-0400][gc,heap     ] GC(1328) Humongous regions: 129->129
[2023-04-18T07:39:31.764-0400][gc,metaspace] GC(1328) Metaspace: 44303K(44992K)->44303K(44992K) NonClass: 39208K(39552K)->39208K(39552K) Class: 5095K(5440K)->5095K(5440K)
[2023-04-18T07:39:31.764-0400][gc          ] GC(1328) Pause Young (Normal) (G1 Evacuation Pause) 536M->466M(1024M) 10.507ms
[2023-04-18T07:39:31.764-0400][gc,cpu      ] GC(1328) User=0.03s Sys=0.00s Real=0.01s
[2023-04-18T07:40:16.409-0400][gc,start    ] GC(1329) Pause Young (Normal) (G1 Evacuation Pause)
[2023-04-18T07:40:16.410-0400][gc,task     ] GC(1329) Using 8 workers of 8 for evacuation
[2023-04-18T07:40:16.427-0400][gc,phases   ] GC(1329)   Pre Evacuate Collection Set: 0.1ms
[2023-04-18T07:40:16.427-0400][gc,phases   ] GC(1329)   Merge Heap Roots: 0.1ms
[2023-04-18T07:40:16.427-0400][gc,phases   ] GC(1329)   Evacuate Collection Set: 16.1ms
[2023-04-18T07:40:16.427-0400][gc,phases   ] GC(1329)   Post Evacuate Collection Set: 0.7ms
[2023-04-18T07:40:16.427-0400][gc,phases   ] GC(1329)   Other: 0.1ms
[2023-04-18T07:40:16.427-0400][gc,heap     ] GC(1329) Eden regions: 69->0(185)
[2023-04-18T07:40:16.427-0400][gc,heap     ] GC(1329) Survivor regions: 7->5(10)
[2023-04-18T07:40:16.427-0400][gc,heap     ] GC(1329) Old regions: 331->335
[2023-04-18T07:40:16.427-0400][gc,heap     ] GC(1329) Archive regions: 2->2
[2023-04-18T07:40:16.427-0400][gc,heap     ] GC(1329) Humongous regions: 129->129
[2023-04-18T07:40:16.427-0400][gc,metaspace] GC(1329) Metaspace: 44303K(44992K)->44303K(44992K) NonClass: 39208K(39552K)->39208K(39552K) Class: 5095K(5440K)->5095K(5440K)
[2023-04-18T07:40:16.427-0400][gc          ] GC(1329) Pause Young (Normal) (G1 Evacuation Pause) 535M->468M(1024M) 17.714ms
[2023-04-18T07:40:16.427-0400][gc,cpu      ] GC(1329) User=0.02s Sys=0.02s Real=0.02s
[2023-04-18T07:42:17.594-0400][gc,start    ] GC(1330) Pause Young (Normal) (G1 Evacuation Pause)
[2023-04-18T07:42:17.595-0400][gc,task     ] GC(1330) Using 8 workers of 8 for evacuation
[2023-04-18T07:42:17.615-0400][gc,mmu      ] GC(1330) MMU target violated: 20.5ms (20.0ms/21.0ms)
[2023-04-18T07:42:17.615-0400][gc,phases   ] GC(1330)   Pre Evacuate Collection Set: 1.0ms
[2023-04-18T07:42:17.615-0400][gc,phases   ] GC(1330)   Merge Heap Roots: 0.2ms
[2023-04-18T07:42:17.615-0400][gc,phases   ] GC(1330)   Evacuate Collection Set: 18.7ms
[2023-04-18T07:42:17.615-0400][gc,phases   ] GC(1330)   Post Evacuate Collection Set: 0.4ms
[2023-04-18T07:42:17.615-0400][gc,phases   ] GC(1330)   Other: 0.2ms
[2023-04-18T07:42:17.615-0400][gc,heap     ] GC(1330) Eden regions: 185->0(45)
[2023-04-18T07:42:17.615-0400][gc,heap     ] GC(1330) Survivor regions: 5->7(24)
[2023-04-18T07:42:17.615-0400][gc,heap     ] GC(1330) Old regions: 335->335
[2023-04-18T07:42:17.615-0400][gc,heap     ] GC(1330) Archive regions: 2->2
[2023-04-18T07:42:17.615-0400][gc,heap     ] GC(1330) Humongous regions: 129->129
[2023-04-18T07:42:17.615-0400][gc,metaspace] GC(1330) Metaspace: 44303K(44992K)->44303K(44992K) NonClass: 39208K(39552K)->39208K(39552K) Class: 5095K(5440K)->5095K(5440K)
[2023-04-18T07:42:17.616-0400][gc          ] GC(1330) Pause Young (Normal) (G1 Evacuation Pause) 653M->470M(1024M) 21.697ms
[2023-04-18T07:42:17.616-0400][gc,cpu      ] GC(1330) User=0.04s Sys=0.06s Real=0.02s
[2023-04-18T07:42:45.288-0400][gc,start    ] GC(1331) Pause Young (Normal) (G1 Evacuation Pause)
[2023-04-18T07:42:45.288-0400][gc,task     ] GC(1331) Using 8 workers of 8 for evacuation
[2023-04-18T07:42:45.311-0400][gc,mmu      ] GC(1331) MMU target violated: 21.0ms (20.0ms/21.0ms)
[2023-04-18T07:42:45.311-0400][gc,phases   ] GC(1331)   Pre Evacuate Collection Set: 0.2ms
[2023-04-18T07:42:45.311-0400][gc,phases   ] GC(1331)   Merge Heap Roots: 0.1ms
[2023-04-18T07:42:45.311-0400][gc,phases   ] GC(1331)   Evacuate Collection Set: 22.0ms
[2023-04-18T07:42:45.311-0400][gc,phases   ] GC(1331)   Post Evacuate Collection Set: 0.3ms
[2023-04-18T07:42:45.311-0400][gc,phases   ] GC(1331)   Other: 0.2ms
[2023-04-18T07:42:45.311-0400][gc,heap     ] GC(1331) Eden regions: 45->0(129)
[2023-04-18T07:42:45.311-0400][gc,heap     ] GC(1331) Survivor regions: 7->5(7)
[2023-04-18T07:42:45.311-0400][gc,heap     ] GC(1331) Old regions: 335->338
[2023-04-18T07:42:45.311-0400][gc,heap     ] GC(1331) Archive regions: 2->2
[2023-04-18T07:42:45.311-0400][gc,heap     ] GC(1331) Humongous regions: 129->129
[2023-04-18T07:42:45.311-0400][gc,metaspace] GC(1331) Metaspace: 44303K(44992K)->44303K(44992K) NonClass: 39208K(39552K)->39208K(39552K) Class: 5095K(5440K)->5095K(5440K)
[2023-04-18T07:42:45.311-0400][gc          ] GC(1331) Pause Young (Normal) (G1 Evacuation Pause) 515M->471M(1024M) 23.257ms
[2023-04-18T07:42:45.311-0400][gc,cpu      ] GC(1331) User=0.04s Sys=0.04s Real=0.03s
[2023-04-18T07:44:07.839-0400][gc,start    ] GC(1332) Pause Young (Normal) (G1 Evacuation Pause)
[2023-04-18T07:44:07.840-0400][gc,task     ] GC(1332) Using 8 workers of 8 for evacuation
[2023-04-18T07:44:07.847-0400][gc,phases   ] GC(1332)   Pre Evacuate Collection Set: 0.3ms
[2023-04-18T07:44:07.847-0400][gc,phases   ] GC(1332)   Merge Heap Roots: 0.1ms
[2023-04-18T07:44:07.847-0400][gc,phases   ] GC(1332)   Evacuate Collection Set: 6.4ms
[2023-04-18T07:44:07.847-0400][gc,phases   ] GC(1332)   Post Evacuate Collection Set: 0.5ms
[2023-04-18T07:44:07.847-0400][gc,phases   ] GC(1332)   Other: 0.2ms
[2023-04-18T07:44:07.847-0400][gc,heap     ] GC(1332) Eden regions: 129->0(87)
[2023-04-18T07:44:07.847-0400][gc,heap     ] GC(1332) Survivor regions: 5->7(17)
[2023-04-18T07:44:07.847-0400][gc,heap     ] GC(1332) Old regions: 338->338
[2023-04-18T07:44:07.847-0400][gc,heap     ] GC(1332) Archive regions: 2->2
[2023-04-18T07:44:07.847-0400][gc,heap     ] GC(1332) Humongous regions: 129->129
[2023-04-18T07:44:07.847-0400][gc,metaspace] GC(1332) Metaspace: 44303K(44992K)->44303K(44992K) NonClass: 39208K(39552K)->39208K(39552K) Class: 5095K(5440K)->5095K(5440K)
[2023-04-18T07:44:07.847-0400][gc          ] GC(1332) Pause Young (Normal) (G1 Evacuation Pause) 600M->473M(1024M) 8.120ms
[2023-04-18T07:44:07.847-0400][gc,cpu      ] GC(1332) User=0.05s Sys=0.01s Real=0.01s
[2023-04-18T07:45:02.360-0400][gc,start    ] GC(1333) Pause Young (Normal) (G1 Evacuation Pause)
[2023-04-18T07:45:02.363-0400][gc,task     ] GC(1333) Using 8 workers of 8 for evacuation
[2023-04-18T07:45:02.371-0400][gc,phases   ] GC(1333)   Pre Evacuate Collection Set: 0.1ms
[2023-04-18T07:45:02.371-0400][gc,phases   ] GC(1333)   Merge Heap Roots: 0.1ms
[2023-04-18T07:45:02.371-0400][gc,phases   ] GC(1333)   Evacuate Collection Set: 6.6ms
[2023-04-18T07:45:02.371-0400][gc,phases   ] GC(1333)   Post Evacuate Collection Set: 0.4ms
[2023-04-18T07:45:02.371-0400][gc,phases   ] GC(1333)   Other: 0.8ms
[2023-04-18T07:45:02.371-0400][gc,heap     ] GC(1333) Eden regions: 87->0(102)
[2023-04-18T07:45:02.371-0400][gc,heap     ] GC(1333) Survivor regions: 7->8(12)
[2023-04-18T07:45:02.371-0400][gc,heap     ] GC(1333) Old regions: 338->338
[2023-04-18T07:45:02.371-0400][gc,heap     ] GC(1333) Archive regions: 2->2
[2023-04-18T07:45:02.371-0400][gc,heap     ] GC(1333) Humongous regions: 129->129
[2023-04-18T07:45:02.371-0400][gc,metaspace] GC(1333) Metaspace: 44303K(44992K)->44303K(44992K) NonClass: 39208K(39552K)->39208K(39552K) Class: 5095K(5440K)->5095K(5440K)
[2023-04-18T07:45:02.371-0400][gc          ] GC(1333) Pause Young (Normal) (G1 Evacuation Pause) 560M->475M(1024M) 11.267ms
[2023-04-18T07:45:02.371-0400][gc,cpu      ] GC(1333) User=0.05s Sys=0.01s Real=0.01s
[2023-04-18T07:46:07.522-0400][gc,start    ] GC(1334) Pause Young (Normal) (G1 Evacuation Pause)
[2023-04-18T07:46:07.523-0400][gc,task     ] GC(1334) Using 8 workers of 8 for evacuation
[2023-04-18T07:46:07.552-0400][gc,mmu      ] GC(1334) MMU target violated: 21.0ms (20.0ms/21.0ms)
[2023-04-18T07:46:07.552-0400][gc,phases   ] GC(1334)   Pre Evacuate Collection Set: 0.3ms
[2023-04-18T07:46:07.552-0400][gc,phases   ] GC(1334)   Merge Heap Roots: 0.2ms
[2023-04-18T07:46:07.552-0400][gc,phases   ] GC(1334)   Evacuate Collection Set: 27.9ms
[2023-04-18T07:46:07.552-0400][gc,phases   ] GC(1334)   Post Evacuate Collection Set: 0.3ms
[2023-04-18T07:46:07.552-0400][gc,phases   ] GC(1334)   Other: 0.3ms
[2023-04-18T07:46:07.552-0400][gc,heap     ] GC(1334) Eden regions: 102->0(75)
[2023-04-18T07:46:07.552-0400][gc,heap     ] GC(1334) Survivor regions: 8->7(14)
[2023-04-18T07:46:07.552-0400][gc,heap     ] GC(1334) Old regions: 338->341
[2023-04-18T07:46:07.552-0400][gc,heap     ] GC(1334) Archive regions: 2->2
[2023-04-18T07:46:07.552-0400][gc,heap     ] GC(1334) Humongous regions: 129->129
[2023-04-18T07:46:07.552-0400][gc,metaspace] GC(1334) Metaspace: 44303K(44992K)->44303K(44992K) NonClass: 39208K(39552K)->39208K(39552K) Class: 5095K(5440K)->5095K(5440K)
[2023-04-18T07:46:07.552-0400][gc          ] GC(1334) Pause Young (Normal) (G1 Evacuation Pause) 577M->476M(1024M) 29.863ms
[2023-04-18T07:46:07.552-0400][gc,cpu      ] GC(1334) User=0.06s Sys=0.04s Real=0.03s
[2023-04-18T07:46:54.827-0400][gc,start    ] GC(1335) Pause Young (Normal) (G1 Evacuation Pause)
[2023-04-18T07:46:54.828-0400][gc,task     ] GC(1335) Using 8 workers of 8 for evacuation
[2023-04-18T07:46:54.844-0400][gc,phases   ] GC(1335)   Pre Evacuate Collection Set: 1.0ms
[2023-04-18T07:46:54.844-0400][gc,phases   ] GC(1335)   Merge Heap Roots: 0.3ms
[2023-04-18T07:46:54.844-0400][gc,phases   ] GC(1335)   Evacuate Collection Set: 12.7ms
[2023-04-18T07:46:54.844-0400][gc,phases   ] GC(1335)   Post Evacuate Collection Set: 0.4ms
[2023-04-18T07:46:54.844-0400][gc,phases   ] GC(1335)   Other: 1.9ms
[2023-04-18T07:46:54.844-0400][gc,heap     ] GC(1335) Eden regions: 75->0(89)
[2023-04-18T07:46:54.844-0400][gc,heap     ] GC(1335) Survivor regions: 7->7(11)
[2023-04-18T07:46:54.844-0400][gc,heap     ] GC(1335) Old regions: 341->342
[2023-04-18T07:46:54.844-0400][gc,heap     ] GC(1335) Archive regions: 2->2
[2023-04-18T07:46:54.844-0400][gc,heap     ] GC(1335) Humongous regions: 129->129
[2023-04-18T07:46:54.844-0400][gc,metaspace] GC(1335) Metaspace: 44303K(44992K)->44303K(44992K) NonClass: 39208K(39552K)->39208K(39552K) Class: 5095K(5440K)->5095K(5440K)
[2023-04-18T07:46:54.844-0400][gc          ] GC(1335) Pause Young (Normal) (G1 Evacuation Pause) 551M->478M(1024M) 17.664ms
[2023-04-18T07:46:54.844-0400][gc,cpu      ] GC(1335) User=0.04s Sys=0.02s Real=0.02s
[2023-04-18T07:47:50.664-0400][gc,start    ] GC(1336) Pause Young (Normal) (G1 Evacuation Pause)
[2023-04-18T07:47:50.664-0400][gc,task     ] GC(1336) Using 8 workers of 8 for evacuation
[2023-04-18T07:47:50.675-0400][gc,phases   ] GC(1336)   Pre Evacuate Collection Set: 0.1ms
[2023-04-18T07:47:50.675-0400][gc,phases   ] GC(1336)   Merge Heap Roots: 0.1ms
[2023-04-18T07:47:50.675-0400][gc,phases   ] GC(1336)   Evacuate Collection Set: 10.1ms
[2023-04-18T07:47:50.675-0400][gc,phases   ] GC(1336)   Post Evacuate Collection Set: 0.3ms
[2023-04-18T07:47:50.675-0400][gc,phases   ] GC(1336)   Other: 0.1ms
[2023-04-18T07:47:50.675-0400][gc,heap     ] GC(1336) Eden regions: 88->0(163)
[2023-04-18T07:47:50.675-0400][gc,heap     ] GC(1336) Survivor regions: 7->7(12)
[2023-04-18T07:47:50.675-0400][gc,heap     ] GC(1336) Old regions: 342->344
[2023-04-18T07:47:50.675-0400][gc,heap     ] GC(1336) Archive regions: 2->2
[2023-04-18T07:47:50.675-0400][gc,heap     ] GC(1336) Humongous regions: 129->129
[2023-04-18T07:47:50.675-0400][gc,metaspace] GC(1336) Metaspace: 44303K(44992K)->44303K(44992K) NonClass: 39208K(39552K)->39208K(39552K) Class: 5095K(5440K)->5095K(5440K)
[2023-04-18T07:47:50.675-0400][gc          ] GC(1336) Pause Young (Normal) (G1 Evacuation Pause) 566M->479M(1024M) 11.404ms
[2023-04-18T07:47:50.675-0400][gc,cpu      ] GC(1336) User=0.03s Sys=0.01s Real=0.01s
[2023-04-18T07:49:34.752-0400][gc,start    ] GC(1337) Pause Young (Normal) (G1 Evacuation Pause)
[2023-04-18T07:49:34.752-0400][gc,task     ] GC(1337) Using 8 workers of 8 for evacuation
[2023-04-18T07:49:34.761-0400][gc,phases   ] GC(1337)   Pre Evacuate Collection Set: 0.2ms
[2023-04-18T07:49:34.761-0400][gc,phases   ] GC(1337)   Merge Heap Roots: 0.1ms
[2023-04-18T07:49:34.761-0400][gc,phases   ] GC(1337)   Evacuate Collection Set: 7.9ms
[2023-04-18T07:49:34.761-0400][gc,phases   ] GC(1337)   Post Evacuate Collection Set: 0.4ms
[2023-04-18T07:49:34.761-0400][gc,phases   ] GC(1337)   Other: 0.1ms
[2023-04-18T07:49:34.761-0400][gc,heap     ] GC(1337) Eden regions: 163->0(132)
[2023-04-18T07:49:34.761-0400][gc,heap     ] GC(1337) Survivor regions: 7->9(22)
[2023-04-18T07:49:34.761-0400][gc,heap     ] GC(1337) Old regions: 344->344
[2023-04-18T07:49:34.761-0400][gc,heap     ] GC(1337) Archive regions: 2->2
[2023-04-18T07:49:34.761-0400][gc,heap     ] GC(1337) Humongous regions: 129->129
[2023-04-18T07:49:34.761-0400][gc,metaspace] GC(1337) Metaspace: 44303K(44992K)->44303K(44992K) NonClass: 39208K(39552K)->39208K(39552K) Class: 5095K(5440K)->5095K(5440K)
[2023-04-18T07:49:34.761-0400][gc          ] GC(1337) Pause Young (Normal) (G1 Evacuation Pause) 642M->482M(1024M) 9.324ms
[2023-04-18T07:49:34.761-0400][gc,cpu      ] GC(1337) User=0.04s Sys=0.00s Real=0.01s
[2023-04-18T07:50:58.634-0400][gc,start    ] GC(1338) Pause Young (Normal) (G1 Evacuation Pause)
[2023-04-18T07:50:58.634-0400][gc,task     ] GC(1338) Using 8 workers of 8 for evacuation
[2023-04-18T07:50:58.641-0400][gc,phases   ] GC(1338)   Pre Evacuate Collection Set: 0.1ms
[2023-04-18T07:50:58.641-0400][gc,phases   ] GC(1338)   Merge Heap Roots: 0.1ms
[2023-04-18T07:50:58.641-0400][gc,phases   ] GC(1338)   Evacuate Collection Set: 6.1ms
[2023-04-18T07:50:58.641-0400][gc,phases   ] GC(1338)   Post Evacuate Collection Set: 0.3ms
[2023-04-18T07:50:58.641-0400][gc,phases   ] GC(1338)   Other: 0.1ms
[2023-04-18T07:50:58.641-0400][gc,heap     ] GC(1338) Eden regions: 132->0(144)
[2023-04-18T07:50:58.641-0400][gc,heap     ] GC(1338) Survivor regions: 9->11(18)
[2023-04-18T07:50:58.641-0400][gc,heap     ] GC(1338) Old regions: 344->344
[2023-04-18T07:50:58.641-0400][gc,heap     ] GC(1338) Archive regions: 2->2
[2023-04-18T07:50:58.641-0400][gc,heap     ] GC(1338) Humongous regions: 129->129
[2023-04-18T07:50:58.641-0400][gc,metaspace] GC(1338) Metaspace: 44303K(44992K)->44303K(44992K) NonClass: 39208K(39552K)->39208K(39552K) Class: 5095K(5440K)->5095K(5440K)
[2023-04-18T07:50:58.641-0400][gc          ] GC(1338) Pause Young (Normal) (G1 Evacuation Pause) 614M->484M(1024M) 7.332ms
[2023-04-18T07:50:58.641-0400][gc,cpu      ] GC(1338) User=0.04s Sys=0.01s Real=0.01s
[2023-04-18T07:52:29.718-0400][gc,start    ] GC(1339) Pause Young (Normal) (G1 Evacuation Pause)
[2023-04-18T07:52:29.719-0400][gc,task     ] GC(1339) Using 8 workers of 8 for evacuation
[2023-04-18T07:52:29.727-0400][gc,phases   ] GC(1339)   Pre Evacuate Collection Set: 0.2ms
[2023-04-18T07:52:29.727-0400][gc,phases   ] GC(1339)   Merge Heap Roots: 0.1ms
[2023-04-18T07:52:29.727-0400][gc,phases   ] GC(1339)   Evacuate Collection Set: 8.3ms
[2023-04-18T07:52:29.728-0400][gc,phases   ] GC(1339)   Post Evacuate Collection Set: 0.3ms
[2023-04-18T07:52:29.728-0400][gc,phases   ] GC(1339)   Other: 0.1ms
[2023-04-18T07:52:29.728-0400][gc,heap     ] GC(1339) Eden regions: 144->0(149)
[2023-04-18T07:52:29.728-0400][gc,heap     ] GC(1339) Survivor regions: 11->13(20)
[2023-04-18T07:52:29.728-0400][gc,heap     ] GC(1339) Old regions: 344->344
[2023-04-18T07:52:29.728-0400][gc,heap     ] GC(1339) Archive regions: 2->2
[2023-04-18T07:52:29.728-0400][gc,heap     ] GC(1339) Humongous regions: 129->129
[2023-04-18T07:52:29.728-0400][gc,metaspace] GC(1339) Metaspace: 44303K(44992K)->44303K(44992K) NonClass: 39208K(39552K)->39208K(39552K) Class: 5095K(5440K)->5095K(5440K)
[2023-04-18T07:52:29.728-0400][gc          ] GC(1339) Pause Young (Normal) (G1 Evacuation Pause) 628M->486M(1024M) 9.437ms
[2023-04-18T07:52:29.728-0400][gc,cpu      ] GC(1339) User=0.04s Sys=0.00s Real=0.01s
[2023-04-18T07:54:06.128-0400][gc,start    ] GC(1340) Pause Young (Normal) (G1 Evacuation Pause)
[2023-04-18T07:54:06.129-0400][gc,task     ] GC(1340) Using 8 workers of 8 for evacuation
[2023-04-18T07:54:06.170-0400][gc,mmu      ] GC(1340) MMU target violated: 21.0ms (20.0ms/21.0ms)
[2023-04-18T07:54:06.171-0400][gc,phases   ] GC(1340)   Pre Evacuate Collection Set: 0.5ms
[2023-04-18T07:54:06.171-0400][gc,phases   ] GC(1340)   Merge Heap Roots: 0.3ms
[2023-04-18T07:54:06.171-0400][gc,phases   ] GC(1340)   Evacuate Collection Set: 40.0ms
[2023-04-18T07:54:06.171-0400][gc,phases   ] GC(1340)   Post Evacuate Collection Set: 0.3ms
[2023-04-18T07:54:06.171-0400][gc,phases   ] GC(1340)   Other: 0.7ms
[2023-04-18T07:54:06.171-0400][gc,heap     ] GC(1340) Eden regions: 149->0(38)
[2023-04-18T07:54:06.171-0400][gc,heap     ] GC(1340) Survivor regions: 13->13(21)
[2023-04-18T07:54:06.171-0400][gc,heap     ] GC(1340) Old regions: 344->347
[2023-04-18T07:54:06.171-0400][gc,heap     ] GC(1340) Archive regions: 2->2
[2023-04-18T07:54:06.171-0400][gc,heap     ] GC(1340) Humongous regions: 129->129
[2023-04-18T07:54:06.171-0400][gc,metaspace] GC(1340) Metaspace: 44303K(44992K)->44303K(44992K) NonClass: 39208K(39552K)->39208K(39552K) Class: 5095K(5440K)->5095K(5440K)
[2023-04-18T07:54:06.171-0400][gc          ] GC(1340) Pause Young (Normal) (G1 Evacuation Pause) 635M->488M(1024M) 42.649ms
[2023-04-18T07:54:06.171-0400][gc,cpu      ] GC(1340) User=0.07s Sys=0.04s Real=0.05s
[2023-04-18T07:54:31.161-0400][gc,start    ] GC(1341) Pause Young (Normal) (G1 Evacuation Pause)
[2023-04-18T07:54:31.161-0400][gc,task     ] GC(1341) Using 8 workers of 8 for evacuation
[2023-04-18T07:54:31.216-0400][gc,mmu      ] GC(1341) MMU target violated: 21.0ms (20.0ms/21.0ms)
[2023-04-18T07:54:31.217-0400][gc,phases   ] GC(1341)   Pre Evacuate Collection Set: 0.1ms
[2023-04-18T07:54:31.217-0400][gc,phases   ] GC(1341)   Merge Heap Roots: 0.1ms
[2023-04-18T07:54:31.217-0400][gc,phases   ] GC(1341)   Evacuate Collection Set: 54.7ms
[2023-04-18T07:54:31.217-0400][gc,phases   ] GC(1341)   Post Evacuate Collection Set: 0.3ms
[2023-04-18T07:54:31.217-0400][gc,phases   ] GC(1341)   Other: 0.2ms
[2023-04-18T07:54:31.217-0400][gc,heap     ] GC(1341) Eden regions: 38->0(157)
[2023-04-18T07:54:31.217-0400][gc,heap     ] GC(1341) Survivor regions: 13->4(7)
[2023-04-18T07:54:31.217-0400][gc,heap     ] GC(1341) Old regions: 347->356
[2023-04-18T07:54:31.217-0400][gc,heap     ] GC(1341) Archive regions: 2->2
[2023-04-18T07:54:31.217-0400][gc,heap     ] GC(1341) Humongous regions: 129->129
[2023-04-18T07:54:31.217-0400][gc,metaspace] GC(1341) Metaspace: 44305K(44992K)->44305K(44992K) NonClass: 39210K(39552K)->39210K(39552K) Class: 5095K(5440K)->5095K(5440K)
[2023-04-18T07:54:31.217-0400][gc          ] GC(1341) Pause Young (Normal) (G1 Evacuation Pause) 526M->489M(1024M) 55.930ms
[2023-04-18T07:54:31.217-0400][gc,cpu      ] GC(1341) User=0.05s Sys=0.08s Real=0.05s
[2023-04-18T07:56:15.062-0400][gc,start    ] GC(1342) Pause Young (Normal) (G1 Evacuation Pause)
[2023-04-18T07:56:15.063-0400][gc,task     ] GC(1342) Using 8 workers of 8 for evacuation
[2023-04-18T07:56:15.098-0400][gc,mmu      ] GC(1342) MMU target violated: 21.0ms (20.0ms/21.0ms)
[2023-04-18T07:56:15.098-0400][gc,phases   ] GC(1342)   Pre Evacuate Collection Set: 2.2ms
[2023-04-18T07:56:15.098-0400][gc,phases   ] GC(1342)   Merge Heap Roots: 1.1ms
[2023-04-18T07:56:15.098-0400][gc,phases   ] GC(1342)   Evacuate Collection Set: 26.3ms
[2023-04-18T07:56:15.098-0400][gc,phases   ] GC(1342)   Post Evacuate Collection Set: 2.5ms
[2023-04-18T07:56:15.098-0400][gc,phases   ] GC(1342)   Other: 3.0ms
[2023-04-18T07:56:15.098-0400][gc,heap     ] GC(1342) Eden regions: 157->0(44)
[2023-04-18T07:56:15.098-0400][gc,heap     ] GC(1342) Survivor regions: 4->7(21)
[2023-04-18T07:56:15.098-0400][gc,heap     ] GC(1342) Old regions: 356->356
[2023-04-18T07:56:15.098-0400][gc,heap     ] GC(1342) Archive regions: 2->2
[2023-04-18T07:56:15.098-0400][gc,heap     ] GC(1342) Humongous regions: 129->129
[2023-04-18T07:56:15.098-0400][gc,metaspace] GC(1342) Metaspace: 44305K(44992K)->44305K(44992K) NonClass: 39210K(39552K)->39210K(39552K) Class: 5095K(5440K)->5095K(5440K)
[2023-04-18T07:56:15.098-0400][gc          ] GC(1342) Pause Young (Normal) (G1 Evacuation Pause) 646M->491M(1024M) 35.948ms
[2023-04-18T07:56:15.098-0400][gc,cpu      ] GC(1342) User=0.03s Sys=0.10s Real=0.03s
[2023-04-18T07:56:43.420-0400][gc,start    ] GC(1343) Pause Young (Concurrent Start) (G1 Evacuation Pause)
[2023-04-18T07:56:43.420-0400][gc,task     ] GC(1343) Using 8 workers of 8 for evacuation
[2023-04-18T07:56:43.465-0400][gc,mmu      ] GC(1343) MMU target violated: 21.0ms (20.0ms/21.0ms)
[2023-04-18T07:56:43.465-0400][gc,phases   ] GC(1343)   Pre Evacuate Collection Set: 1.1ms
[2023-04-18T07:56:43.465-0400][gc,phases   ] GC(1343)   Merge Heap Roots: 0.1ms
[2023-04-18T07:56:43.465-0400][gc,phases   ] GC(1343)   Evacuate Collection Set: 42.8ms
[2023-04-18T07:56:43.465-0400][gc,phases   ] GC(1343)   Post Evacuate Collection Set: 0.3ms
[2023-04-18T07:56:43.465-0400][gc,phases   ] GC(1343)   Other: 0.7ms
[2023-04-18T07:56:43.465-0400][gc,heap     ] GC(1343) Eden regions: 44->0(46)
[2023-04-18T07:56:43.465-0400][gc,heap     ] GC(1343) Survivor regions: 7->5(7)
[2023-04-18T07:56:43.465-0400][gc,heap     ] GC(1343) Old regions: 356->358
[2023-04-18T07:56:43.465-0400][gc,heap     ] GC(1343) Archive regions: 2->2
[2023-04-18T07:56:43.465-0400][gc,heap     ] GC(1343) Humongous regions: 129->129
[2023-04-18T07:56:43.465-0400][gc,metaspace] GC(1343) Metaspace: 44305K(44992K)->44305K(44992K) NonClass: 39210K(39552K)->39210K(39552K) Class: 5095K(5440K)->5095K(5440K)
[2023-04-18T07:56:43.465-0400][gc          ] GC(1343) Pause Young (Concurrent Start) (G1 Evacuation Pause) 535M->492M(1024M) 45.167ms
[2023-04-18T07:56:43.465-0400][gc,cpu      ] GC(1343) User=0.05s Sys=0.05s Real=0.04s
[2023-04-18T07:56:43.465-0400][gc          ] GC(1344) Concurrent Mark Cycle
[2023-04-18T07:56:43.465-0400][gc,marking  ] GC(1344) Concurrent Clear Claimed Marks
[2023-04-18T07:56:43.466-0400][gc,marking  ] GC(1344) Concurrent Clear Claimed Marks 0.037ms
[2023-04-18T07:56:43.466-0400][gc,marking  ] GC(1344) Concurrent Scan Root Regions
[2023-04-18T07:56:43.515-0400][gc,marking  ] GC(1344) Concurrent Scan Root Regions 49.517ms
[2023-04-18T07:56:43.515-0400][gc,marking  ] GC(1344) Concurrent Mark
[2023-04-18T07:56:43.515-0400][gc,marking  ] GC(1344) Concurrent Mark From Roots
[2023-04-18T07:56:43.515-0400][gc,task     ] GC(1344) Using 2 workers of 2 for marking
[2023-04-18T07:56:43.654-0400][gc,marking  ] GC(1344) Concurrent Mark From Roots 139.101ms
[2023-04-18T07:56:43.654-0400][gc,marking  ] GC(1344) Concurrent Preclean
[2023-04-18T07:56:43.654-0400][gc,marking  ] GC(1344) Concurrent Preclean 0.092ms
[2023-04-18T07:56:43.654-0400][gc,start    ] GC(1344) Pause Remark
[2023-04-18T07:56:43.787-0400][gc,mmu      ] GC(1344) MMU target violated: 21.0ms (20.0ms/21.0ms)
[2023-04-18T07:56:43.787-0400][gc          ] GC(1344) Pause Remark 493M->285M(1024M) 132.720ms
[2023-04-18T07:56:43.787-0400][gc,cpu      ] GC(1344) User=0.03s Sys=0.20s Real=0.13s
[2023-04-18T07:56:43.787-0400][gc,marking  ] GC(1344) Concurrent Mark 272.171ms
[2023-04-18T07:56:43.787-0400][gc,marking  ] GC(1344) Concurrent Rebuild Remembered Sets
[2023-04-18T07:56:43.811-0400][gc,marking  ] GC(1344) Concurrent Rebuild Remembered Sets 23.446ms
[2023-04-18T07:56:43.811-0400][gc,start    ] GC(1344) Pause Cleanup
[2023-04-18T07:56:43.811-0400][gc          ] GC(1344) Pause Cleanup 285M->285M(1024M) 0.260ms
[2023-04-18T07:56:43.811-0400][gc,cpu      ] GC(1344) User=0.00s Sys=0.00s Real=0.00s
[2023-04-18T07:56:43.811-0400][gc,marking  ] GC(1344) Concurrent Cleanup for Next Mark
[2023-04-18T07:56:43.825-0400][gc,marking  ] GC(1344) Concurrent Cleanup for Next Mark 13.379ms
[2023-04-18T07:56:43.825-0400][gc          ] GC(1344) Concurrent Mark Cycle 359.231ms
[2023-04-18T07:57:19.875-0400][gc,start    ] GC(1345) Pause Young (Prepare Mixed) (G1 Evacuation Pause)
[2023-04-18T07:57:19.875-0400][gc,task     ] GC(1345) Using 8 workers of 8 for evacuation
[2023-04-18T07:57:19.886-0400][gc,phases   ] GC(1345)   Pre Evacuate Collection Set: 0.1ms
[2023-04-18T07:57:19.886-0400][gc,phases   ] GC(1345)   Merge Heap Roots: 0.1ms
[2023-04-18T07:57:19.886-0400][gc,phases   ] GC(1345)   Evacuate Collection Set: 10.7ms
[2023-04-18T07:57:19.886-0400][gc,phases   ] GC(1345)   Post Evacuate Collection Set: 0.3ms
[2023-04-18T07:57:19.886-0400][gc,phases   ] GC(1345)   Other: 0.1ms
[2023-04-18T07:57:19.886-0400][gc,heap     ] GC(1345) Eden regions: 56->0(46)
[2023-04-18T07:57:19.886-0400][gc,heap     ] GC(1345) Survivor regions: 5->5(8)
[2023-04-18T07:57:19.886-0400][gc,heap     ] GC(1345) Old regions: 150->151
[2023-04-18T07:57:19.886-0400][gc,heap     ] GC(1345) Archive regions: 2->2
[2023-04-18T07:57:19.886-0400][gc,heap     ] GC(1345) Humongous regions: 129->129
[2023-04-18T07:57:19.886-0400][gc,metaspace] GC(1345) Metaspace: 44305K(44992K)->44305K(44992K) NonClass: 39210K(39552K)->39210K(39552K) Class: 5095K(5440K)->5095K(5440K)
[2023-04-18T07:57:19.886-0400][gc          ] GC(1345) Pause Young (Prepare Mixed) (G1 Evacuation Pause) 340M->285M(1024M) 11.529ms
[2023-04-18T07:57:19.886-0400][gc,cpu      ] GC(1345) User=0.03s Sys=0.02s Real=0.01s
[2023-04-18T07:57:49.383-0400][gc,start    ] GC(1346) Pause Young (Mixed) (G1 Evacuation Pause)
[2023-04-18T07:57:49.383-0400][gc,task     ] GC(1346) Using 8 workers of 8 for evacuation
[2023-04-18T07:57:49.399-0400][gc,phases   ] GC(1346)   Pre Evacuate Collection Set: 0.4ms
[2023-04-18T07:57:49.399-0400][gc,phases   ] GC(1346)   Merge Heap Roots: 0.5ms
[2023-04-18T07:57:49.399-0400][gc,phases   ] GC(1346)   Evacuate Collection Set: 14.8ms
[2023-04-18T07:57:49.400-0400][gc,phases   ] GC(1346)   Post Evacuate Collection Set: 0.5ms
[2023-04-18T07:57:49.400-0400][gc,phases   ] GC(1346)   Other: 0.2ms
[2023-04-18T07:57:49.400-0400][gc,heap     ] GC(1346) Eden regions: 46->0(201)
[2023-04-18T07:57:49.400-0400][gc,heap     ] GC(1346) Survivor regions: 5->3(7)
[2023-04-18T07:57:49.400-0400][gc,heap     ] GC(1346) Old regions: 151->75
[2023-04-18T07:57:49.400-0400][gc,heap     ] GC(1346) Archive regions: 2->2
[2023-04-18T07:57:49.400-0400][gc,heap     ] GC(1346) Humongous regions: 129->129
[2023-04-18T07:57:49.400-0400][gc,metaspace] GC(1346) Metaspace: 44305K(44992K)->44305K(44992K) NonClass: 39210K(39552K)->39210K(39552K) Class: 5095K(5440K)->5095K(5440K)
[2023-04-18T07:57:49.400-0400][gc          ] GC(1346) Pause Young (Mixed) (G1 Evacuation Pause) 331M->207M(1024M) 16.791ms
[2023-04-18T07:57:49.400-0400][gc,cpu      ] GC(1346) User=0.04s Sys=0.03s Real=0.02s
[2023-04-18T07:59:58.920-0400][gc,start    ] GC(1347) Pause Young (Normal) (G1 Evacuation Pause)
[2023-04-18T07:59:58.920-0400][gc,task     ] GC(1347) Using 8 workers of 8 for evacuation
[2023-04-18T07:59:58.940-0400][gc,phases   ] GC(1347)   Pre Evacuate Collection Set: 1.5ms
[2023-04-18T07:59:58.940-0400][gc,phases   ] GC(1347)   Merge Heap Roots: 0.1ms
[2023-04-18T07:59:58.940-0400][gc,phases   ] GC(1347)   Evacuate Collection Set: 17.5ms
[2023-04-18T07:59:58.940-0400][gc,phases   ] GC(1347)   Post Evacuate Collection Set: 0.4ms
[2023-04-18T07:59:58.940-0400][gc,phases   ] GC(1347)   Other: 0.1ms
[2023-04-18T07:59:58.940-0400][gc,heap     ] GC(1347) Eden regions: 201->0(45)
[2023-04-18T07:59:58.940-0400][gc,heap     ] GC(1347) Survivor regions: 3->6(26)
[2023-04-18T07:59:58.940-0400][gc,heap     ] GC(1347) Old regions: 75->75
[2023-04-18T07:59:58.940-0400][gc,heap     ] GC(1347) Archive regions: 2->2
[2023-04-18T07:59:58.940-0400][gc,heap     ] GC(1347) Humongous regions: 129->129
[2023-04-18T07:59:58.940-0400][gc,metaspace] GC(1347) Metaspace: 44305K(44992K)->44305K(44992K) NonClass: 39210K(39552K)->39210K(39552K) Class: 5095K(5440K)->5095K(5440K)
[2023-04-18T07:59:58.940-0400][gc          ] GC(1347) Pause Young (Normal) (G1 Evacuation Pause) 408M->210M(1024M) 20.575ms
[2023-04-18T07:59:58.940-0400][gc,cpu      ] GC(1347) User=0.03s Sys=0.03s Real=0.02s
[2023-04-18T08:00:27.573-0400][gc,start    ] GC(1348) Pause Young (Normal) (G1 Evacuation Pause)
[2023-04-18T08:00:27.573-0400][gc,task     ] GC(1348) Using 8 workers of 8 for evacuation
[2023-04-18T08:00:27.592-0400][gc,phases   ] GC(1348)   Pre Evacuate Collection Set: 0.6ms
[2023-04-18T08:00:27.592-0400][gc,phases   ] GC(1348)   Merge Heap Roots: 0.1ms
[2023-04-18T08:00:27.592-0400][gc,phases   ] GC(1348)   Evacuate Collection Set: 18.3ms
[2023-04-18T08:00:27.592-0400][gc,phases   ] GC(1348)   Post Evacuate Collection Set: 0.3ms
[2023-04-18T08:00:27.592-0400][gc,phases   ] GC(1348)   Other: 0.1ms
[2023-04-18T08:00:27.592-0400][gc,heap     ] GC(1348) Eden regions: 45->0(94)
[2023-04-18T08:00:27.592-0400][gc,heap     ] GC(1348) Survivor regions: 6->5(7)
[2023-04-18T08:00:27.592-0400][gc,heap     ] GC(1348) Old regions: 75->77
[2023-04-18T08:00:27.592-0400][gc,heap     ] GC(1348) Archive regions: 2->2
[2023-04-18T08:00:27.592-0400][gc,heap     ] GC(1348) Humongous regions: 129->129
[2023-04-18T08:00:27.592-0400][gc,metaspace] GC(1348) Metaspace: 44305K(44992K)->44305K(44992K) NonClass: 39210K(39552K)->39210K(39552K) Class: 5095K(5440K)->5095K(5440K)
[2023-04-18T08:00:27.592-0400][gc          ] GC(1348) Pause Young (Normal) (G1 Evacuation Pause) 255M->211M(1024M) 19.744ms
[2023-04-18T08:00:27.592-0400][gc,cpu      ] GC(1348) User=0.03s Sys=0.02s Real=0.02s
[2023-04-18T08:01:28.560-0400][gc,start    ] GC(1349) Pause Young (Normal) (G1 Evacuation Pause)
[2023-04-18T08:01:28.560-0400][gc,task     ] GC(1349) Using 8 workers of 8 for evacuation
[2023-04-18T08:01:28.568-0400][gc,phases   ] GC(1349)   Pre Evacuate Collection Set: 0.2ms
[2023-04-18T08:01:28.568-0400][gc,phases   ] GC(1349)   Merge Heap Roots: 0.2ms
[2023-04-18T08:01:28.568-0400][gc,phases   ] GC(1349)   Evacuate Collection Set: 5.6ms
[2023-04-18T08:01:28.568-0400][gc,phases   ] GC(1349)   Post Evacuate Collection Set: 0.3ms
[2023-04-18T08:01:28.568-0400][gc,phases   ] GC(1349)   Other: 1.6ms
[2023-04-18T08:01:28.568-0400][gc,heap     ] GC(1349) Eden regions: 94->0(84)
[2023-04-18T08:01:28.568-0400][gc,heap     ] GC(1349) Survivor regions: 5->6(13)
[2023-04-18T08:01:28.568-0400][gc,heap     ] GC(1349) Old regions: 77->77
[2023-04-18T08:01:28.568-0400][gc,heap     ] GC(1349) Archive regions: 2->2
[2023-04-18T08:01:28.568-0400][gc,heap     ] GC(1349) Humongous regions: 129->129
[2023-04-18T08:01:28.568-0400][gc,metaspace] GC(1349) Metaspace: 44305K(44992K)->44305K(44992K) NonClass: 39210K(39552K)->39210K(39552K) Class: 5095K(5440K)->5095K(5440K)
[2023-04-18T08:01:28.568-0400][gc          ] GC(1349) Pause Young (Normal) (G1 Evacuation Pause) 305M->212M(1024M) 8.588ms
[2023-04-18T08:01:28.568-0400][gc,cpu      ] GC(1349) User=0.03s Sys=0.01s Real=0.00s
[2023-04-18T08:02:22.047-0400][gc,start    ] GC(1350) Pause Young (Normal) (G1 Evacuation Pause)
[2023-04-18T08:02:22.048-0400][gc,task     ] GC(1350) Using 8 workers of 8 for evacuation
[2023-04-18T08:02:22.053-0400][gc,phases   ] GC(1350)   Pre Evacuate Collection Set: 0.1ms
[2023-04-18T08:02:22.053-0400][gc,phases   ] GC(1350)   Merge Heap Roots: 0.1ms
[2023-04-18T08:02:22.053-0400][gc,phases   ] GC(1350)   Evacuate Collection Set: 4.5ms
[2023-04-18T08:02:22.053-0400][gc,phases   ] GC(1350)   Post Evacuate Collection Set: 0.3ms
[2023-04-18T08:02:22.053-0400][gc,phases   ] GC(1350)   Other: 0.1ms
[2023-04-18T08:02:22.053-0400][gc,heap     ] GC(1350) Eden regions: 84->0(70)
[2023-04-18T08:02:22.053-0400][gc,heap     ] GC(1350) Survivor regions: 6->8(12)
[2023-04-18T08:02:22.053-0400][gc,heap     ] GC(1350) Old regions: 77->77
[2023-04-18T08:02:22.053-0400][gc,heap     ] GC(1350) Archive regions: 2->2
[2023-04-18T08:02:22.053-0400][gc,heap     ] GC(1350) Humongous regions: 129->129
[2023-04-18T08:02:22.053-0400][gc,metaspace] GC(1350) Metaspace: 44305K(44992K)->44305K(44992K) NonClass: 39210K(39552K)->39210K(39552K) Class: 5095K(5440K)->5095K(5440K)
[2023-04-18T08:02:22.053-0400][gc          ] GC(1350) Pause Young (Normal) (G1 Evacuation Pause) 296M->214M(1024M) 5.779ms
[2023-04-18T08:02:22.053-0400][gc,cpu      ] GC(1350) User=0.03s Sys=0.00s Real=0.01s
[2023-04-18T08:03:06.797-0400][gc,start    ] GC(1351) Pause Young (Normal) (G1 Evacuation Pause)
[2023-04-18T08:03:06.797-0400][gc,task     ] GC(1351) Using 8 workers of 8 for evacuation
[2023-04-18T08:03:06.825-0400][gc,mmu      ] GC(1351) MMU target violated: 21.0ms (20.0ms/21.0ms)
[2023-04-18T08:03:06.825-0400][gc,phases   ] GC(1351)   Pre Evacuate Collection Set: 0.2ms
[2023-04-18T08:03:06.825-0400][gc,phases   ] GC(1351)   Merge Heap Roots: 0.1ms
[2023-04-18T08:03:06.825-0400][gc,phases   ] GC(1351)   Evacuate Collection Set: 26.6ms
[2023-04-18T08:03:06.825-0400][gc,phases   ] GC(1351)   Post Evacuate Collection Set: 0.3ms
[2023-04-18T08:03:06.825-0400][gc,phases   ] GC(1351)   Other: 0.2ms
[2023-04-18T08:03:06.825-0400][gc,heap     ] GC(1351) Eden regions: 70->0(95)
[2023-04-18T08:03:06.825-0400][gc,heap     ] GC(1351) Survivor regions: 8->6(10)
[2023-04-18T08:03:06.825-0400][gc,heap     ] GC(1351) Old regions: 77->81
[2023-04-18T08:03:06.825-0400][gc,heap     ] GC(1351) Archive regions: 2->2
[2023-04-18T08:03:06.825-0400][gc,heap     ] GC(1351) Humongous regions: 129->129
[2023-04-18T08:03:06.825-0400][gc,metaspace] GC(1351) Metaspace: 44305K(44992K)->44305K(44992K) NonClass: 39210K(39552K)->39210K(39552K) Class: 5095K(5440K)->5095K(5440K)
[2023-04-18T08:03:06.825-0400][gc          ] GC(1351) Pause Young (Normal) (G1 Evacuation Pause) 284M->215M(1024M) 28.169ms
[2023-04-18T08:03:06.825-0400][gc,cpu      ] GC(1351) User=0.05s Sys=0.03s Real=0.03s
[2023-04-18T08:04:08.103-0400][gc,start    ] GC(1352) Pause Young (Normal) (G1 Evacuation Pause)
[2023-04-18T08:04:08.103-0400][gc,task     ] GC(1352) Using 8 workers of 8 for evacuation
[2023-04-18T08:04:08.109-0400][gc,phases   ] GC(1352)   Pre Evacuate Collection Set: 0.1ms
[2023-04-18T08:04:08.109-0400][gc,phases   ] GC(1352)   Merge Heap Roots: 0.1ms
[2023-04-18T08:04:08.109-0400][gc,phases   ] GC(1352)   Evacuate Collection Set: 4.8ms
[2023-04-18T08:04:08.109-0400][gc,phases   ] GC(1352)   Post Evacuate Collection Set: 1.0ms
[2023-04-18T08:04:08.109-0400][gc,phases   ] GC(1352)   Other: 0.1ms
[2023-04-18T08:04:08.109-0400][gc,heap     ] GC(1352) Eden regions: 95->0(118)
[2023-04-18T08:04:08.109-0400][gc,heap     ] GC(1352) Survivor regions: 6->7(13)
[2023-04-18T08:04:08.109-0400][gc,heap     ] GC(1352) Old regions: 81->81
[2023-04-18T08:04:08.109-0400][gc,heap     ] GC(1352) Archive regions: 2->2
[2023-04-18T08:04:08.109-0400][gc,heap     ] GC(1352) Humongous regions: 129->129
[2023-04-18T08:04:08.109-0400][gc,metaspace] GC(1352) Metaspace: 44305K(44992K)->44305K(44992K) NonClass: 39210K(39552K)->39210K(39552K) Class: 5095K(5440K)->5095K(5440K)
[2023-04-18T08:04:08.110-0400][gc          ] GC(1352) Pause Young (Normal) (G1 Evacuation Pause) 310M->217M(1024M) 6.653ms
[2023-04-18T08:04:08.110-0400][gc,cpu      ] GC(1352) User=0.04s Sys=0.01s Real=0.01s
[2023-04-18T08:05:21.359-0400][gc,start    ] GC(1353) Pause Young (Normal) (G1 Evacuation Pause)
[2023-04-18T08:05:21.359-0400][gc,task     ] GC(1353) Using 8 workers of 8 for evacuation
[2023-04-18T08:05:21.365-0400][gc,phases   ] GC(1353)   Pre Evacuate Collection Set: 0.1ms
[2023-04-18T08:05:21.365-0400][gc,phases   ] GC(1353)   Merge Heap Roots: 0.1ms
[2023-04-18T08:05:21.365-0400][gc,phases   ] GC(1353)   Evacuate Collection Set: 4.6ms
[2023-04-18T08:05:21.365-0400][gc,phases   ] GC(1353)   Post Evacuate Collection Set: 0.4ms
[2023-04-18T08:05:21.365-0400][gc,phases   ] GC(1353)   Other: 0.1ms
[2023-04-18T08:05:21.365-0400][gc,heap     ] GC(1353) Eden regions: 118->0(110)
[2023-04-18T08:05:21.365-0400][gc,heap     ] GC(1353) Survivor regions: 7->9(16)
[2023-04-18T08:05:21.365-0400][gc,heap     ] GC(1353) Old regions: 81->81
[2023-04-18T08:05:21.365-0400][gc,heap     ] GC(1353) Archive regions: 2->2
[2023-04-18T08:05:21.365-0400][gc,heap     ] GC(1353) Humongous regions: 129->129
[2023-04-18T08:05:21.365-0400][gc,metaspace] GC(1353) Metaspace: 44305K(44992K)->44305K(44992K) NonClass: 39210K(39552K)->39210K(39552K) Class: 5095K(5440K)->5095K(5440K)
[2023-04-18T08:05:21.365-0400][gc          ] GC(1353) Pause Young (Normal) (G1 Evacuation Pause) 335M->219M(1024M) 5.485ms
[2023-04-18T08:05:21.365-0400][gc,cpu      ] GC(1353) User=0.04s Sys=0.00s Real=0.01s
[2023-04-18T08:06:33.615-0400][gc,start    ] GC(1354) Pause Young (Normal) (G1 Evacuation Pause)
[2023-04-18T08:06:33.616-0400][gc,task     ] GC(1354) Using 8 workers of 8 for evacuation
[2023-04-18T08:06:33.639-0400][gc,mmu      ] GC(1354) MMU target violated: 21.0ms (20.0ms/21.0ms)
[2023-04-18T08:06:33.639-0400][gc,phases   ] GC(1354)   Pre Evacuate Collection Set: 0.1ms
[2023-04-18T08:06:33.639-0400][gc,phases   ] GC(1354)   Merge Heap Roots: 0.1ms
[2023-04-18T08:06:33.639-0400][gc,phases   ] GC(1354)   Evacuate Collection Set: 22.2ms
[2023-04-18T08:06:33.639-0400][gc,phases   ] GC(1354)   Post Evacuate Collection Set: 0.4ms
[2023-04-18T08:06:33.639-0400][gc,phases   ] GC(1354)   Other: 0.8ms
[2023-04-18T08:06:33.639-0400][gc,heap     ] GC(1354) Eden regions: 110->0(102)
[2023-04-18T08:06:33.639-0400][gc,heap     ] GC(1354) Survivor regions: 9->8(15)
[2023-04-18T08:06:33.639-0400][gc,heap     ] GC(1354) Old regions: 81->83
[2023-04-18T08:06:33.639-0400][gc,heap     ] GC(1354) Archive regions: 2->2
[2023-04-18T08:06:33.639-0400][gc,heap     ] GC(1354) Humongous regions: 129->129
[2023-04-18T08:06:33.639-0400][gc,metaspace] GC(1354) Metaspace: 44305K(44992K)->44305K(44992K) NonClass: 39210K(39552K)->39210K(39552K) Class: 5095K(5440K)->5095K(5440K)
[2023-04-18T08:06:33.639-0400][gc          ] GC(1354) Pause Young (Normal) (G1 Evacuation Pause) 329M->220M(1024M) 24.210ms
[2023-04-18T08:06:33.639-0400][gc,cpu      ] GC(1354) User=0.04s Sys=0.03s Real=0.02s
[2023-04-18T08:07:41.254-0400][gc,start    ] GC(1355) Pause Young (Normal) (G1 Evacuation Pause)
[2023-04-18T08:07:41.257-0400][gc,task     ] GC(1355) Using 8 workers of 8 for evacuation
[2023-04-18T08:07:41.271-0400][gc,phases   ] GC(1355)   Pre Evacuate Collection Set: 0.2ms
[2023-04-18T08:07:41.271-0400][gc,phases   ] GC(1355)   Merge Heap Roots: 0.2ms
[2023-04-18T08:07:41.271-0400][gc,phases   ] GC(1355)   Evacuate Collection Set: 13.2ms
[2023-04-18T08:07:41.271-0400][gc,phases   ] GC(1355)   Post Evacuate Collection Set: 0.4ms
[2023-04-18T08:07:41.271-0400][gc,phases   ] GC(1355)   Other: 0.2ms
[2023-04-18T08:07:41.271-0400][gc,heap     ] GC(1355) Eden regions: 102->0(102)
[2023-04-18T08:07:41.271-0400][gc,heap     ] GC(1355) Survivor regions: 8->9(14)
[2023-04-18T08:07:41.271-0400][gc,heap     ] GC(1355) Old regions: 83->84
[2023-04-18T08:07:41.271-0400][gc,heap     ] GC(1355) Archive regions: 2->2
[2023-04-18T08:07:41.271-0400][gc,heap     ] GC(1355) Humongous regions: 129->129
[2023-04-18T08:07:41.271-0400][gc,metaspace] GC(1355) Metaspace: 44305K(44992K)->44305K(44992K) NonClass: 39210K(39552K)->39210K(39552K) Class: 5095K(5440K)->5095K(5440K)
[2023-04-18T08:07:41.271-0400][gc          ] GC(1355) Pause Young (Normal) (G1 Evacuation Pause) 322M->221M(1024M) 17.543ms
[2023-04-18T08:07:41.271-0400][gc,cpu      ] GC(1355) User=0.05s Sys=0.01s Real=0.02s
[2023-04-18T08:08:47.392-0400][gc,start    ] GC(1356) Pause Young (Normal) (G1 Evacuation Pause)
[2023-04-18T08:08:47.392-0400][gc,task     ] GC(1356) Using 8 workers of 8 for evacuation
[2023-04-18T08:08:47.404-0400][gc,phases   ] GC(1356)   Pre Evacuate Collection Set: 0.1ms
[2023-04-18T08:08:47.404-0400][gc,phases   ] GC(1356)   Merge Heap Roots: 0.1ms
[2023-04-18T08:08:47.404-0400][gc,phases   ] GC(1356)   Evacuate Collection Set: 10.9ms
[2023-04-18T08:08:47.404-0400][gc,phases   ] GC(1356)   Post Evacuate Collection Set: 0.4ms
[2023-04-18T08:08:47.404-0400][gc,phases   ] GC(1356)   Other: 0.2ms
[2023-04-18T08:08:47.404-0400][gc,heap     ] GC(1356) Eden regions: 102->0(156)
[2023-04-18T08:08:47.404-0400][gc,heap     ] GC(1356) Survivor regions: 9->9(14)
[2023-04-18T08:08:47.404-0400][gc,heap     ] GC(1356) Old regions: 84->85
[2023-04-18T08:08:47.404-0400][gc,heap     ] GC(1356) Archive regions: 2->2
[2023-04-18T08:08:47.404-0400][gc,heap     ] GC(1356) Humongous regions: 129->129
[2023-04-18T08:08:47.404-0400][gc,metaspace] GC(1356) Metaspace: 44305K(44992K)->44305K(44992K) NonClass: 39210K(39552K)->39210K(39552K) Class: 5095K(5440K)->5095K(5440K)
[2023-04-18T08:08:47.404-0400][gc          ] GC(1356) Pause Young (Normal) (G1 Evacuation Pause) 323M->223M(1024M) 12.797ms
[2023-04-18T08:08:47.404-0400][gc,cpu      ] GC(1356) User=0.05s Sys=0.01s Real=0.01s
[2023-04-18T08:10:30.126-0400][gc,start    ] GC(1357) Pause Young (Normal) (G1 Evacuation Pause)
[2023-04-18T08:10:30.127-0400][gc,task     ] GC(1357) Using 8 workers of 8 for evacuation
[2023-04-18T08:10:30.161-0400][gc,mmu      ] GC(1357) MMU target violated: 21.0ms (20.0ms/21.0ms)
[2023-04-18T08:10:30.161-0400][gc,phases   ] GC(1357)   Pre Evacuate Collection Set: 0.4ms
[2023-04-18T08:10:30.161-0400][gc,phases   ] GC(1357)   Merge Heap Roots: 0.3ms
[2023-04-18T08:10:30.161-0400][gc,phases   ] GC(1357)   Evacuate Collection Set: 32.9ms
[2023-04-18T08:10:30.161-0400][gc,phases   ] GC(1357)   Post Evacuate Collection Set: 0.4ms
[2023-04-18T08:10:30.161-0400][gc,phases   ] GC(1357)   Other: 0.3ms
[2023-04-18T08:10:30.161-0400][gc,heap     ] GC(1357) Eden regions: 156->0(39)
[2023-04-18T08:10:30.161-0400][gc,heap     ] GC(1357) Survivor regions: 9->12(21)
[2023-04-18T08:10:30.161-0400][gc,heap     ] GC(1357) Old regions: 85->85
[2023-04-18T08:10:30.161-0400][gc,heap     ] GC(1357) Archive regions: 2->2
[2023-04-18T08:10:30.161-0400][gc,heap     ] GC(1357) Humongous regions: 129->129
[2023-04-18T08:10:30.161-0400][gc,metaspace] GC(1357) Metaspace: 44305K(44992K)->44305K(44992K) NonClass: 39210K(39552K)->39210K(39552K) Class: 5095K(5440K)->5095K(5440K)
[2023-04-18T08:10:30.161-0400][gc          ] GC(1357) Pause Young (Normal) (G1 Evacuation Pause) 379M->226M(1024M) 35.089ms
[2023-04-18T08:10:30.162-0400][gc,cpu      ] GC(1357) User=0.06s Sys=0.10s Real=0.04s
[2023-04-18T08:10:54.891-0400][gc,start    ] GC(1358) Pause Young (Normal) (G1 Evacuation Pause)
[2023-04-18T08:10:54.891-0400][gc,task     ] GC(1358) Using 8 workers of 8 for evacuation
[2023-04-18T08:10:54.936-0400][gc,mmu      ] GC(1358) MMU target violated: 21.0ms (20.0ms/21.0ms)
[2023-04-18T08:10:54.936-0400][gc,phases   ] GC(1358)   Pre Evacuate Collection Set: 0.2ms
[2023-04-18T08:10:54.936-0400][gc,phases   ] GC(1358)   Merge Heap Roots: 0.1ms
[2023-04-18T08:10:54.936-0400][gc,phases   ] GC(1358)   Evacuate Collection Set: 43.5ms
[2023-04-18T08:10:54.936-0400][gc,phases   ] GC(1358)   Post Evacuate Collection Set: 0.4ms
[2023-04-18T08:10:54.936-0400][gc,phases   ] GC(1358)   Other: 0.2ms
[2023-04-18T08:10:54.936-0400][gc,heap     ] GC(1358) Eden regions: 39->0(135)
[2023-04-18T08:10:54.936-0400][gc,heap     ] GC(1358) Survivor regions: 12->5(7)
[2023-04-18T08:10:54.936-0400][gc,heap     ] GC(1358) Old regions: 85->94
[2023-04-18T08:10:54.936-0400][gc,heap     ] GC(1358) Archive regions: 2->2
[2023-04-18T08:10:54.936-0400][gc,heap     ] GC(1358) Humongous regions: 129->129
[2023-04-18T08:10:54.936-0400][gc,metaspace] GC(1358) Metaspace: 44305K(44992K)->44305K(44992K) NonClass: 39210K(39552K)->39210K(39552K) Class: 5095K(5440K)->5095K(5440K)
[2023-04-18T08:10:54.936-0400][gc          ] GC(1358) Pause Young (Normal) (G1 Evacuation Pause) 265M->227M(1024M) 44.986ms
[2023-04-18T08:10:54.936-0400][gc,cpu      ] GC(1358) User=0.05s Sys=0.07s Real=0.04s
[2023-04-18T08:12:23.158-0400][gc,start    ] GC(1359) Pause Young (Normal) (G1 Evacuation Pause)
[2023-04-18T08:12:23.159-0400][gc,task     ] GC(1359) Using 8 workers of 8 for evacuation
[2023-04-18T08:12:23.166-0400][gc,phases   ] GC(1359)   Pre Evacuate Collection Set: 0.2ms
[2023-04-18T08:12:23.166-0400][gc,phases   ] GC(1359)   Merge Heap Roots: 0.2ms
[2023-04-18T08:12:23.166-0400][gc,phases   ] GC(1359)   Evacuate Collection Set: 6.4ms
[2023-04-18T08:12:23.166-0400][gc,phases   ] GC(1359)   Post Evacuate Collection Set: 0.5ms
[2023-04-18T08:12:23.167-0400][gc,phases   ] GC(1359)   Other: 0.2ms
[2023-04-18T08:12:23.167-0400][gc,heap     ] GC(1359) Eden regions: 135->0(144)
[2023-04-18T08:12:23.167-0400][gc,heap     ] GC(1359) Survivor regions: 5->6(18)
[2023-04-18T08:12:23.167-0400][gc,heap     ] GC(1359) Old regions: 94->94
[2023-04-18T08:12:23.167-0400][gc,heap     ] GC(1359) Archive regions: 2->2
[2023-04-18T08:12:23.167-0400][gc,heap     ] GC(1359) Humongous regions: 129->129
[2023-04-18T08:12:23.167-0400][gc,metaspace] GC(1359) Metaspace: 44305K(44992K)->44305K(44992K) NonClass: 39210K(39552K)->39210K(39552K) Class: 5095K(5440K)->5095K(5440K)
[2023-04-18T08:12:23.167-0400][gc          ] GC(1359) Pause Young (Normal) (G1 Evacuation Pause) 362M->228M(1024M) 9.047ms
[2023-04-18T08:12:23.167-0400][gc,cpu      ] GC(1359) User=0.05s Sys=0.00s Real=0.01s
[2023-04-18T08:13:56.724-0400][gc,start    ] GC(1360) Pause Young (Normal) (G1 Evacuation Pause)
[2023-04-18T08:13:56.725-0400][gc,task     ] GC(1360) Using 8 workers of 8 for evacuation
[2023-04-18T08:13:56.732-0400][gc,phases   ] GC(1360)   Pre Evacuate Collection Set: 0.1ms
[2023-04-18T08:13:56.732-0400][gc,phases   ] GC(1360)   Merge Heap Roots: 0.1ms
[2023-04-18T08:13:56.732-0400][gc,phases   ] GC(1360)   Evacuate Collection Set: 6.6ms
[2023-04-18T08:13:56.732-0400][gc,phases   ] GC(1360)   Post Evacuate Collection Set: 0.4ms
[2023-04-18T08:13:56.732-0400][gc,phases   ] GC(1360)   Other: 0.1ms
[2023-04-18T08:13:56.732-0400][gc,heap     ] GC(1360) Eden regions: 144->0(53)
[2023-04-18T08:13:56.732-0400][gc,heap     ] GC(1360) Survivor regions: 6->9(19)
[2023-04-18T08:13:56.732-0400][gc,heap     ] GC(1360) Old regions: 94->94
[2023-04-18T08:13:56.732-0400][gc,heap     ] GC(1360) Archive regions: 2->2
[2023-04-18T08:13:56.732-0400][gc,heap     ] GC(1360) Humongous regions: 129->129
[2023-04-18T08:13:56.732-0400][gc,metaspace] GC(1360) Metaspace: 44305K(44992K)->44305K(44992K) NonClass: 39210K(39552K)->39210K(39552K) Class: 5095K(5440K)->5095K(5440K)
[2023-04-18T08:13:56.732-0400][gc          ] GC(1360) Pause Young (Normal) (G1 Evacuation Pause) 372M->231M(1024M) 8.011ms
[2023-04-18T08:13:56.732-0400][gc,cpu      ] GC(1360) User=0.04s Sys=0.00s Real=0.01s
[2023-04-18T08:14:29.500-0400][gc,start    ] GC(1361) Pause Young (Normal) (G1 Evacuation Pause)
[2023-04-18T08:14:29.501-0400][gc,task     ] GC(1361) Using 8 workers of 8 for evacuation
[2023-04-18T08:14:29.529-0400][gc,mmu      ] GC(1361) MMU target violated: 21.0ms (20.0ms/21.0ms)
[2023-04-18T08:14:29.540-0400][gc,phases   ] GC(1361)   Pre Evacuate Collection Set: 0.1ms
[2023-04-18T08:14:29.540-0400][gc,phases   ] GC(1361)   Merge Heap Roots: 0.1ms
[2023-04-18T08:14:29.541-0400][gc,phases   ] GC(1361)   Evacuate Collection Set: 27.4ms
[2023-04-18T08:14:29.541-0400][gc,phases   ] GC(1361)   Post Evacuate Collection Set: 0.3ms
[2023-04-18T08:14:29.541-0400][gc,phases   ] GC(1361)   Other: 11.4ms
[2023-04-18T08:14:29.541-0400][gc,heap     ] GC(1361) Eden regions: 53->0(204)
[2023-04-18T08:14:29.541-0400][gc,heap     ] GC(1361) Survivor regions: 9->4(8)
[2023-04-18T08:14:29.541-0400][gc,heap     ] GC(1361) Old regions: 94->99
[2023-04-18T08:14:29.541-0400][gc,heap     ] GC(1361) Archive regions: 2->2
[2023-04-18T08:14:29.541-0400][gc,heap     ] GC(1361) Humongous regions: 129->129
[2023-04-18T08:14:29.541-0400][gc,metaspace] GC(1361) Metaspace: 44305K(44992K)->44305K(44992K) NonClass: 39210K(39552K)->39210K(39552K) Class: 5095K(5440K)->5095K(5440K)
[2023-04-18T08:14:29.541-0400][gc          ] GC(1361) Pause Young (Normal) (G1 Evacuation Pause) 284M->232M(1024M) 40.944ms
[2023-04-18T08:14:29.541-0400][gc,cpu      ] GC(1361) User=0.04s Sys=0.04s Real=0.04s
[2023-04-18T08:16:42.079-0400][gc,start    ] GC(1362) Pause Young (Normal) (G1 Evacuation Pause)
[2023-04-18T08:16:42.080-0400][gc,task     ] GC(1362) Using 8 workers of 8 for evacuation
[2023-04-18T08:16:42.123-0400][gc,mmu      ] GC(1362) MMU target violated: 21.0ms (20.0ms/21.0ms)
[2023-04-18T08:16:42.123-0400][gc,phases   ] GC(1362)   Pre Evacuate Collection Set: 1.7ms
[2023-04-18T08:16:42.123-0400][gc,phases   ] GC(1362)   Merge Heap Roots: 0.7ms
[2023-04-18T08:16:42.123-0400][gc,phases   ] GC(1362)   Evacuate Collection Set: 38.4ms
[2023-04-18T08:16:42.124-0400][gc,phases   ] GC(1362)   Post Evacuate Collection Set: 2.2ms
[2023-04-18T08:16:42.124-0400][gc,phases   ] GC(1362)   Other: 0.9ms
[2023-04-18T08:16:42.124-0400][gc,heap     ] GC(1362) Eden regions: 204->0(42)
[2023-04-18T08:16:42.124-0400][gc,heap     ] GC(1362) Survivor regions: 4->9(26)
[2023-04-18T08:16:42.124-0400][gc,heap     ] GC(1362) Old regions: 99->99
[2023-04-18T08:16:42.124-0400][gc,heap     ] GC(1362) Archive regions: 2->2
[2023-04-18T08:16:42.124-0400][gc,heap     ] GC(1362) Humongous regions: 129->129
[2023-04-18T08:16:42.124-0400][gc,metaspace] GC(1362) Metaspace: 44307K(44992K)->44307K(44992K) NonClass: 39212K(39552K)->39212K(39552K) Class: 5095K(5440K)->5095K(5440K)
[2023-04-18T08:16:42.124-0400][gc          ] GC(1362) Pause Young (Normal) (G1 Evacuation Pause) 436M->237M(1024M) 44.484ms
[2023-04-18T08:16:42.124-0400][gc,cpu      ] GC(1362) User=0.05s Sys=0.10s Real=0.05s
[2023-04-18T08:17:08.861-0400][gc,start    ] GC(1363) Pause Young (Normal) (G1 Evacuation Pause)
[2023-04-18T08:17:08.862-0400][gc,task     ] GC(1363) Using 8 workers of 8 for evacuation
[2023-04-18T08:17:08.901-0400][gc,mmu      ] GC(1363) MMU target violated: 21.0ms (20.0ms/21.0ms)
[2023-04-18T08:17:08.901-0400][gc,phases   ] GC(1363)   Pre Evacuate Collection Set: 1.2ms
[2023-04-18T08:17:08.902-0400][gc,phases   ] GC(1363)   Merge Heap Roots: 0.3ms
[2023-04-18T08:17:08.902-0400][gc,phases   ] GC(1363)   Evacuate Collection Set: 37.4ms
[2023-04-18T08:17:08.902-0400][gc,phases   ] GC(1363)   Post Evacuate Collection Set: 0.7ms
[2023-04-18T08:17:08.902-0400][gc,phases   ] GC(1363)   Other: 0.3ms
[2023-04-18T08:17:08.902-0400][gc,heap     ] GC(1363) Eden regions: 42->0(131)
[2023-04-18T08:17:08.902-0400][gc,heap     ] GC(1363) Survivor regions: 9->2(7)
[2023-04-18T08:17:08.902-0400][gc,heap     ] GC(1363) Old regions: 99->107
[2023-04-18T08:17:08.902-0400][gc,heap     ] GC(1363) Archive regions: 2->2
[2023-04-18T08:17:08.902-0400][gc,heap     ] GC(1363) Humongous regions: 129->129
[2023-04-18T08:17:08.902-0400][gc,metaspace] GC(1363) Metaspace: 44307K(44992K)->44307K(44992K) NonClass: 39212K(39552K)->39212K(39552K) Class: 5095K(5440K)->5095K(5440K)
[2023-04-18T08:17:08.902-0400][gc          ] GC(1363) Pause Young (Normal) (G1 Evacuation Pause) 279M->238M(1024M) 40.468ms
[2023-04-18T08:17:08.902-0400][gc,cpu      ] GC(1363) User=0.04s Sys=0.07s Real=0.04s
[2023-04-18T08:18:33.188-0400][gc,start    ] GC(1364) Pause Young (Normal) (G1 Evacuation Pause)
[2023-04-18T08:18:33.189-0400][gc,task     ] GC(1364) Using 8 workers of 8 for evacuation
[2023-04-18T08:18:33.197-0400][gc,phases   ] GC(1364)   Pre Evacuate Collection Set: 0.3ms
[2023-04-18T08:18:33.197-0400][gc,phases   ] GC(1364)   Merge Heap Roots: 0.2ms
[2023-04-18T08:18:33.197-0400][gc,phases   ] GC(1364)   Evacuate Collection Set: 6.4ms
[2023-04-18T08:18:33.197-0400][gc,phases   ] GC(1364)   Post Evacuate Collection Set: 0.5ms
[2023-04-18T08:18:33.197-0400][gc,phases   ] GC(1364)   Other: 0.3ms
[2023-04-18T08:18:33.197-0400][gc,heap     ] GC(1364) Eden regions: 131->0(112)
[2023-04-18T08:18:33.197-0400][gc,heap     ] GC(1364) Survivor regions: 2->4(17)
[2023-04-18T08:18:33.197-0400][gc,heap     ] GC(1364) Old regions: 107->107
[2023-04-18T08:18:33.197-0400][gc,heap     ] GC(1364) Archive regions: 2->2
[2023-04-18T08:18:33.197-0400][gc,heap     ] GC(1364) Humongous regions: 129->129
[2023-04-18T08:18:33.197-0400][gc,metaspace] GC(1364) Metaspace: 44307K(44992K)->44307K(44992K) NonClass: 39212K(39552K)->39212K(39552K) Class: 5095K(5440K)->5095K(5440K)
[2023-04-18T08:18:33.197-0400][gc          ] GC(1364) Pause Young (Normal) (G1 Evacuation Pause) 369M->239M(1024M) 9.139ms
[2023-04-18T08:18:33.197-0400][gc,cpu      ] GC(1364) User=0.04s Sys=0.01s Real=0.01s
[2023-04-18T08:19:46.089-0400][gc,start    ] GC(1365) Pause Young (Normal) (G1 Evacuation Pause)
[2023-04-18T08:19:46.089-0400][gc,task     ] GC(1365) Using 8 workers of 8 for evacuation
[2023-04-18T08:19:46.097-0400][gc,phases   ] GC(1365)   Pre Evacuate Collection Set: 0.3ms
[2023-04-18T08:19:46.097-0400][gc,phases   ] GC(1365)   Merge Heap Roots: 0.2ms
[2023-04-18T08:19:46.097-0400][gc,phases   ] GC(1365)   Evacuate Collection Set: 6.2ms
[2023-04-18T08:19:46.097-0400][gc,phases   ] GC(1365)   Post Evacuate Collection Set: 0.5ms
[2023-04-18T08:19:46.097-0400][gc,phases   ] GC(1365)   Other: 0.3ms
[2023-04-18T08:19:46.097-0400][gc,heap     ] GC(1365) Eden regions: 112->0(109)
[2023-04-18T08:19:46.097-0400][gc,heap     ] GC(1365) Survivor regions: 4->5(15)
[2023-04-18T08:19:46.097-0400][gc,heap     ] GC(1365) Old regions: 107->107
[2023-04-18T08:19:46.097-0400][gc,heap     ] GC(1365) Archive regions: 2->2
[2023-04-18T08:19:46.097-0400][gc,heap     ] GC(1365) Humongous regions: 129->129
[2023-04-18T08:19:46.097-0400][gc,metaspace] GC(1365) Metaspace: 44307K(44992K)->44307K(44992K) NonClass: 39212K(39552K)->39212K(39552K) Class: 5095K(5440K)->5095K(5440K)
[2023-04-18T08:19:46.097-0400][gc          ] GC(1365) Pause Young (Normal) (G1 Evacuation Pause) 351M->241M(1024M) 8.459ms
[2023-04-18T08:19:46.097-0400][gc,cpu      ] GC(1365) User=0.04s Sys=0.01s Real=0.01s
[2023-04-18T08:20:56.126-0400][gc,start    ] GC(1366) Pause Young (Normal) (G1 Evacuation Pause)
[2023-04-18T08:20:56.126-0400][gc,task     ] GC(1366) Using 8 workers of 8 for evacuation
[2023-04-18T08:20:56.136-0400][gc,phases   ] GC(1366)   Pre Evacuate Collection Set: 0.2ms
[2023-04-18T08:20:56.136-0400][gc,phases   ] GC(1366)   Merge Heap Roots: 0.1ms
[2023-04-18T08:20:56.136-0400][gc,phases   ] GC(1366)   Evacuate Collection Set: 8.1ms
[2023-04-18T08:20:56.136-0400][gc,phases   ] GC(1366)   Post Evacuate Collection Set: 0.7ms
[2023-04-18T08:20:56.136-0400][gc,phases   ] GC(1366)   Other: 0.2ms
[2023-04-18T08:20:56.136-0400][gc,heap     ] GC(1366) Eden regions: 109->0(63)
[2023-04-18T08:20:56.136-0400][gc,heap     ] GC(1366) Survivor regions: 5->7(15)
[2023-04-18T08:20:56.136-0400][gc,heap     ] GC(1366) Old regions: 107->107
[2023-04-18T08:20:56.136-0400][gc,heap     ] GC(1366) Archive regions: 2->2
[2023-04-18T08:20:56.136-0400][gc,heap     ] GC(1366) Humongous regions: 129->129
[2023-04-18T08:20:56.136-0400][gc,metaspace] GC(1366) Metaspace: 44307K(44992K)->44307K(44992K) NonClass: 39212K(39552K)->39212K(39552K) Class: 5095K(5440K)->5095K(5440K)
[2023-04-18T08:20:56.136-0400][gc          ] GC(1366) Pause Young (Normal) (G1 Evacuation Pause) 350M->243M(1024M) 10.240ms
[2023-04-18T08:20:56.136-0400][gc,cpu      ] GC(1366) User=0.04s Sys=0.01s Real=0.01s
[2023-04-18T08:21:35.460-0400][gc,start    ] GC(1367) Pause Young (Normal) (G1 Evacuation Pause)
[2023-04-18T08:21:35.460-0400][gc,task     ] GC(1367) Using 8 workers of 8 for evacuation
[2023-04-18T08:21:35.479-0400][gc,phases   ] GC(1367)   Pre Evacuate Collection Set: 0.1ms
[2023-04-18T08:21:35.479-0400][gc,phases   ] GC(1367)   Merge Heap Roots: 0.0ms
[2023-04-18T08:21:35.479-0400][gc,phases   ] GC(1367)   Evacuate Collection Set: 18.1ms
[2023-04-18T08:21:35.479-0400][gc,phases   ] GC(1367)   Post Evacuate Collection Set: 0.2ms
[2023-04-18T08:21:35.479-0400][gc,phases   ] GC(1367)   Other: 0.1ms
[2023-04-18T08:21:35.479-0400][gc,heap     ] GC(1367) Eden regions: 63->0(115)
[2023-04-18T08:21:35.479-0400][gc,heap     ] GC(1367) Survivor regions: 7->6(9)
[2023-04-18T08:21:35.479-0400][gc,heap     ] GC(1367) Old regions: 107->110
[2023-04-18T08:21:35.479-0400][gc,heap     ] GC(1367) Archive regions: 2->2
[2023-04-18T08:21:35.479-0400][gc,heap     ] GC(1367) Humongous regions: 129->129
[2023-04-18T08:21:35.479-0400][gc,metaspace] GC(1367) Metaspace: 44307K(44992K)->44307K(44992K) NonClass: 39212K(39552K)->39212K(39552K) Class: 5095K(5440K)->5095K(5440K)
[2023-04-18T08:21:35.479-0400][gc          ] GC(1367) Pause Young (Normal) (G1 Evacuation Pause) 306M->244M(1024M) 18.763ms
[2023-04-18T08:21:35.479-0400][gc,cpu      ] GC(1367) User=0.02s Sys=0.03s Real=0.01s
[2023-04-18T08:22:49.308-0400][gc,start    ] GC(1368) Pause Young (Normal) (G1 Evacuation Pause)
[2023-04-18T08:22:49.309-0400][gc,task     ] GC(1368) Using 8 workers of 8 for evacuation
[2023-04-18T08:22:49.314-0400][gc,phases   ] GC(1368)   Pre Evacuate Collection Set: 0.2ms
[2023-04-18T08:22:49.314-0400][gc,phases   ] GC(1368)   Merge Heap Roots: 0.2ms
[2023-04-18T08:22:49.314-0400][gc,phases   ] GC(1368)   Evacuate Collection Set: 4.9ms
[2023-04-18T08:22:49.314-0400][gc,phases   ] GC(1368)   Post Evacuate Collection Set: 0.4ms
[2023-04-18T08:22:49.314-0400][gc,phases   ] GC(1368)   Other: 0.1ms
[2023-04-18T08:22:49.314-0400][gc,heap     ] GC(1368) Eden regions: 115->0(104)
[2023-04-18T08:22:49.314-0400][gc,heap     ] GC(1368) Survivor regions: 6->8(16)
[2023-04-18T08:22:49.314-0400][gc,heap     ] GC(1368) Old regions: 110->110
[2023-04-18T08:22:49.314-0400][gc,heap     ] GC(1368) Archive regions: 2->2
[2023-04-18T08:22:49.314-0400][gc,heap     ] GC(1368) Humongous regions: 129->129
[2023-04-18T08:22:49.314-0400][gc,metaspace] GC(1368) Metaspace: 44307K(44992K)->44307K(44992K) NonClass: 39212K(39552K)->39212K(39552K) Class: 5095K(5440K)->5095K(5440K)
[2023-04-18T08:22:49.315-0400][gc          ] GC(1368) Pause Young (Normal) (G1 Evacuation Pause) 359M->246M(1024M) 6.419ms
[2023-04-18T08:22:49.315-0400][gc,cpu      ] GC(1368) User=0.03s Sys=0.00s Real=0.01s
[2023-04-18T08:23:54.040-0400][gc,start    ] GC(1369) Pause Young (Normal) (G1 Evacuation Pause)
[2023-04-18T08:23:54.040-0400][gc,task     ] GC(1369) Using 8 workers of 8 for evacuation
[2023-04-18T08:23:54.050-0400][gc,phases   ] GC(1369)   Pre Evacuate Collection Set: 0.3ms
[2023-04-18T08:23:54.050-0400][gc,phases   ] GC(1369)   Merge Heap Roots: 0.2ms
[2023-04-18T08:23:54.050-0400][gc,phases   ] GC(1369)   Evacuate Collection Set: 8.7ms
[2023-04-18T08:23:54.050-0400][gc,phases   ] GC(1369)   Post Evacuate Collection Set: 0.5ms
[2023-04-18T08:23:54.050-0400][gc,phases   ] GC(1369)   Other: 0.2ms
[2023-04-18T08:23:54.050-0400][gc,heap     ] GC(1369) Eden regions: 104->0(116)
[2023-04-18T08:23:54.050-0400][gc,heap     ] GC(1369) Survivor regions: 8->9(14)
[2023-04-18T08:23:54.050-0400][gc,heap     ] GC(1369) Old regions: 110->110
[2023-04-18T08:23:54.050-0400][gc,heap     ] GC(1369) Archive regions: 2->2
[2023-04-18T08:23:54.050-0400][gc,heap     ] GC(1369) Humongous regions: 129->129
[2023-04-18T08:23:54.050-0400][gc,metaspace] GC(1369) Metaspace: 44307K(44992K)->44307K(44992K) NonClass: 39212K(39552K)->39212K(39552K) Class: 5095K(5440K)->5095K(5440K)
[2023-04-18T08:23:54.050-0400][gc          ] GC(1369) Pause Young (Normal) (G1 Evacuation Pause) 350M->247M(1024M) 10.776ms
[2023-04-18T08:23:54.050-0400][gc,cpu      ] GC(1369) User=0.06s Sys=0.00s Real=0.01s
[2023-04-18T08:25:08.998-0400][gc,start    ] GC(1370) Pause Young (Normal) (G1 Evacuation Pause)
[2023-04-18T08:25:08.998-0400][gc,task     ] GC(1370) Using 8 workers of 8 for evacuation
[2023-04-18T08:25:09.005-0400][gc,phases   ] GC(1370)   Pre Evacuate Collection Set: 0.1ms
[2023-04-18T08:25:09.005-0400][gc,phases   ] GC(1370)   Merge Heap Roots: 0.1ms
[2023-04-18T08:25:09.005-0400][gc,phases   ] GC(1370)   Evacuate Collection Set: 6.2ms
[2023-04-18T08:25:09.005-0400][gc,phases   ] GC(1370)   Post Evacuate Collection Set: 0.4ms
[2023-04-18T08:25:09.005-0400][gc,phases   ] GC(1370)   Other: 0.1ms
[2023-04-18T08:25:09.005-0400][gc,heap     ] GC(1370) Eden regions: 116->0(175)
[2023-04-18T08:25:09.005-0400][gc,heap     ] GC(1370) Survivor regions: 9->10(16)
[2023-04-18T08:25:09.005-0400][gc,heap     ] GC(1370) Old regions: 110->110
[2023-04-18T08:25:09.005-0400][gc,heap     ] GC(1370) Archive regions: 2->2
[2023-04-18T08:25:09.005-0400][gc,heap     ] GC(1370) Humongous regions: 129->129
[2023-04-18T08:25:09.005-0400][gc,metaspace] GC(1370) Metaspace: 44307K(44992K)->44307K(44992K) NonClass: 39212K(39552K)->39212K(39552K) Class: 5095K(5440K)->5095K(5440K)
[2023-04-18T08:25:09.005-0400][gc          ] GC(1370) Pause Young (Normal) (G1 Evacuation Pause) 363M->249M(1024M) 7.371ms
[2023-04-18T08:25:09.006-0400][gc,cpu      ] GC(1370) User=0.03s Sys=0.01s Real=0.01s
[2023-04-18T08:27:00.572-0400][gc,start    ] GC(1371) Pause Young (Normal) (G1 Evacuation Pause)
[2023-04-18T08:27:00.573-0400][gc,task     ] GC(1371) Using 8 workers of 8 for evacuation
[2023-04-18T08:27:00.583-0400][gc,phases   ] GC(1371)   Pre Evacuate Collection Set: 0.2ms
[2023-04-18T08:27:00.583-0400][gc,phases   ] GC(1371)   Merge Heap Roots: 0.1ms
[2023-04-18T08:27:00.583-0400][gc,phases   ] GC(1371)   Evacuate Collection Set: 8.9ms
[2023-04-18T08:27:00.583-0400][gc,phases   ] GC(1371)   Post Evacuate Collection Set: 0.5ms
[2023-04-18T08:27:00.583-0400][gc,phases   ] GC(1371)   Other: 0.2ms
[2023-04-18T08:27:00.583-0400][gc,heap     ] GC(1371) Eden regions: 175->0(186)
[2023-04-18T08:27:00.583-0400][gc,heap     ] GC(1371) Survivor regions: 10->12(24)
[2023-04-18T08:27:00.583-0400][gc,heap     ] GC(1371) Old regions: 110->110
[2023-04-18T08:27:00.583-0400][gc,heap     ] GC(1371) Archive regions: 2->2
[2023-04-18T08:27:00.583-0400][gc,heap     ] GC(1371) Humongous regions: 129->129
[2023-04-18T08:27:00.583-0400][gc,metaspace] GC(1371) Metaspace: 44307K(44992K)->44307K(44992K) NonClass: 39212K(39552K)->39212K(39552K) Class: 5095K(5440K)->5095K(5440K)
[2023-04-18T08:27:00.583-0400][gc          ] GC(1371) Pause Young (Normal) (G1 Evacuation Pause) 424M->250M(1024M) 10.893ms
[2023-04-18T08:27:00.583-0400][gc,cpu      ] GC(1371) User=0.06s Sys=0.00s Real=0.01s
[2023-04-18T08:28:58.252-0400][gc,start    ] GC(1372) Pause Young (Normal) (G1 Evacuation Pause)
[2023-04-18T08:28:58.253-0400][gc,task     ] GC(1372) Using 8 workers of 8 for evacuation
[2023-04-18T08:28:58.277-0400][gc,mmu      ] GC(1372) MMU target violated: 21.0ms (20.0ms/21.0ms)
[2023-04-18T08:28:58.277-0400][gc,phases   ] GC(1372)   Pre Evacuate Collection Set: 0.1ms
[2023-04-18T08:28:58.277-0400][gc,phases   ] GC(1372)   Merge Heap Roots: 0.1ms
[2023-04-18T08:28:58.277-0400][gc,phases   ] GC(1372)   Evacuate Collection Set: 23.5ms
[2023-04-18T08:28:58.277-0400][gc,phases   ] GC(1372)   Post Evacuate Collection Set: 0.3ms
[2023-04-18T08:28:58.277-0400][gc,phases   ] GC(1372)   Other: 0.1ms
[2023-04-18T08:28:58.277-0400][gc,heap     ] GC(1372) Eden regions: 186->0(37)
[2023-04-18T08:28:58.277-0400][gc,heap     ] GC(1372) Survivor regions: 12->14(25)
[2023-04-18T08:28:58.277-0400][gc,heap     ] GC(1372) Old regions: 110->110
[2023-04-18T08:28:58.277-0400][gc,heap     ] GC(1372) Archive regions: 2->2
[2023-04-18T08:28:58.277-0400][gc,heap     ] GC(1372) Humongous regions: 129->129
[2023-04-18T08:28:58.277-0400][gc,metaspace] GC(1372) Metaspace: 44307K(44992K)->44307K(44992K) NonClass: 39212K(39552K)->39212K(39552K) Class: 5095K(5440K)->5095K(5440K)
[2023-04-18T08:28:58.277-0400][gc          ] GC(1372) Pause Young (Normal) (G1 Evacuation Pause) 436M->253M(1024M) 24.605ms
[2023-04-18T08:28:58.277-0400][gc,cpu      ] GC(1372) User=0.04s Sys=0.09s Real=0.02s
[2023-04-18T08:29:19.358-0400][gc,start    ] GC(1373) Pause Young (Normal) (G1 Evacuation Pause)
[2023-04-18T08:29:19.358-0400][gc,task     ] GC(1373) Using 8 workers of 8 for evacuation
[2023-04-18T08:29:19.432-0400][gc,mmu      ] GC(1373) MMU target violated: 21.0ms (20.0ms/21.0ms)
[2023-04-18T08:29:19.432-0400][gc,phases   ] GC(1373)   Pre Evacuate Collection Set: 0.2ms
[2023-04-18T08:29:19.432-0400][gc,phases   ] GC(1373)   Merge Heap Roots: 0.1ms
[2023-04-18T08:29:19.432-0400][gc,phases   ] GC(1373)   Evacuate Collection Set: 72.2ms
[2023-04-18T08:29:19.432-0400][gc,phases   ] GC(1373)   Post Evacuate Collection Set: 0.6ms
[2023-04-18T08:29:19.432-0400][gc,phases   ] GC(1373)   Other: 0.2ms
[2023-04-18T08:29:19.432-0400][gc,heap     ] GC(1373) Eden regions: 37->0(128)
[2023-04-18T08:29:19.432-0400][gc,heap     ] GC(1373) Survivor regions: 14->4(7)
[2023-04-18T08:29:19.432-0400][gc,heap     ] GC(1373) Old regions: 110->121
[2023-04-18T08:29:19.432-0400][gc,heap     ] GC(1373) Archive regions: 2->2
[2023-04-18T08:29:19.432-0400][gc,heap     ] GC(1373) Humongous regions: 129->129
[2023-04-18T08:29:19.432-0400][gc,metaspace] GC(1373) Metaspace: 44307K(44992K)->44307K(44992K) NonClass: 39212K(39552K)->39212K(39552K) Class: 5095K(5440K)->5095K(5440K)
[2023-04-18T08:29:19.432-0400][gc          ] GC(1373) Pause Young (Normal) (G1 Evacuation Pause) 290M->253M(1024M) 73.635ms
[2023-04-18T08:29:19.432-0400][gc,cpu      ] GC(1373) User=0.05s Sys=0.09s Real=0.08s
[2023-04-18T08:30:34.839-0400][gc,start    ] GC(1374) Pause Young (Normal) (G1 Evacuation Pause)
[2023-04-18T08:30:34.839-0400][gc,task     ] GC(1374) Using 8 workers of 8 for evacuation
[2023-04-18T08:30:34.843-0400][gc,phases   ] GC(1374)   Pre Evacuate Collection Set: 0.1ms
[2023-04-18T08:30:34.843-0400][gc,phases   ] GC(1374)   Merge Heap Roots: 0.0ms
[2023-04-18T08:30:34.843-0400][gc,phases   ] GC(1374)   Evacuate Collection Set: 3.2ms
[2023-04-18T08:30:34.843-0400][gc,phases   ] GC(1374)   Post Evacuate Collection Set: 0.3ms
[2023-04-18T08:30:34.843-0400][gc,phases   ] GC(1374)   Other: 0.1ms
[2023-04-18T08:30:34.843-0400][gc,heap     ] GC(1374) Eden regions: 128->0(149)
[2023-04-18T08:30:34.843-0400][gc,heap     ] GC(1374) Survivor regions: 4->5(17)
[2023-04-18T08:30:34.843-0400][gc,heap     ] GC(1374) Old regions: 121->121
[2023-04-18T08:30:34.843-0400][gc,heap     ] GC(1374) Archive regions: 2->2
[2023-04-18T08:30:34.843-0400][gc,heap     ] GC(1374) Humongous regions: 129->129
[2023-04-18T08:30:34.843-0400][gc,metaspace] GC(1374) Metaspace: 44307K(44992K)->44307K(44992K) NonClass: 39212K(39552K)->39212K(39552K) Class: 5095K(5440K)->5095K(5440K)
[2023-04-18T08:30:34.843-0400][gc          ] GC(1374) Pause Young (Normal) (G1 Evacuation Pause) 381M->254M(1024M) 4.102ms
[2023-04-18T08:30:34.843-0400][gc,cpu      ] GC(1374) User=0.02s Sys=0.01s Real=0.01s
