[2023-04-19T02:27:36.489-0400][gc,init] CardTable entry size: 512
[2023-04-19T02:27:36.489-0400][gc     ] Using G1
[2023-04-19T02:27:36.495-0400][gc,init] Version: 19.0.2+7-44 (release)
[2023-04-19T02:27:36.495-0400][gc,init] CPUs: 8 total, 8 available
[2023-04-19T02:27:36.495-0400][gc,init] Memory: 16384M
[2023-04-19T02:27:36.495-0400][gc,init] Large Page Support: Disabled
[2023-04-19T02:27:36.495-0400][gc,init] NUMA Support: Disabled
[2023-04-19T02:27:36.495-0400][gc,init] Compressed Oops: Enabled (Zero based)
[2023-04-19T02:27:36.495-0400][gc,init] Heap Region Size: 1M
[2023-04-19T02:27:36.495-0400][gc,init] Heap Min Capacity: 1G
[2023-04-19T02:27:36.495-0400][gc,init] Heap Initial Capacity: 1G
[2023-04-19T02:27:36.495-0400][gc,init] Heap Max Capacity: 1G
[2023-04-19T02:27:36.495-0400][gc,init] Pre-touch: Disabled
[2023-04-19T02:27:36.495-0400][gc,init] Parallel Workers: 8
[2023-04-19T02:27:36.495-0400][gc,init] Concurrent Workers: 2
[2023-04-19T02:27:36.495-0400][gc,init] Concurrent Refinement Workers: 8
[2023-04-19T02:27:36.495-0400][gc,init] Periodic GC: Disabled
[2023-04-19T02:27:36.495-0400][gc,metaspace] CDS archive(s) mapped at: [0x0000000800000000-0x0000000800c44000-0x0000000800c44000), size 12861440, SharedBaseAddress: 0x0000000800000000, ArchiveRelocationMode: 0.
[2023-04-19T02:27:36.495-0400][gc,metaspace] Compressed class space mapped at: 0x0000000801000000-0x0000000841000000, reserved size: 1073741824
[2023-04-19T02:27:36.495-0400][gc,metaspace] Narrow klass base: 0x0000000800000000, Narrow klass shift: 0, Narrow klass range: 0x100000000
[2023-04-19T02:27:37.909-0400][gc,start    ] GC(0) Pause Young (Normal) (G1 Evacuation Pause)
[2023-04-19T02:27:37.909-0400][gc,task     ] GC(0) Using 8 workers of 8 for evacuation
[2023-04-19T02:27:37.913-0400][gc,phases   ] GC(0)   Pre Evacuate Collection Set: 0.1ms
[2023-04-19T02:27:37.913-0400][gc,phases   ] GC(0)   Merge Heap Roots: 0.1ms
[2023-04-19T02:27:37.913-0400][gc,phases   ] GC(0)   Evacuate Collection Set: 3.5ms
[2023-04-19T02:27:37.913-0400][gc,phases   ] GC(0)   Post Evacuate Collection Set: 0.6ms
[2023-04-19T02:27:37.913-0400][gc,phases   ] GC(0)   Other: 0.4ms
[2023-04-19T02:27:37.914-0400][gc,heap     ] GC(0) Eden regions: 51->0(44)
[2023-04-19T02:27:37.914-0400][gc,heap     ] GC(0) Survivor regions: 0->7(7)
[2023-04-19T02:27:37.914-0400][gc,heap     ] GC(0) Old regions: 0->1
[2023-04-19T02:27:37.914-0400][gc,heap     ] GC(0) Archive regions: 2->2
[2023-04-19T02:27:37.914-0400][gc,heap     ] GC(0) Humongous regions: 0->0
[2023-04-19T02:27:37.914-0400][gc,metaspace] GC(0) Metaspace: 18654K(18880K)->18654K(18880K) NonClass: 16539K(16640K)->16539K(16640K) Class: 2114K(2240K)->2114K(2240K)
[2023-04-19T02:27:37.914-0400][gc          ] GC(0) Pause Young (Normal) (G1 Evacuation Pause) 51M->8M(1024M) 4.918ms
[2023-04-19T02:27:37.914-0400][gc,cpu      ] GC(0) User=0.02s Sys=0.01s Real=0.01s
[2023-04-19T02:27:38.327-0400][gc,start    ] GC(1) Pause Young (Concurrent Start) (Metadata GC Threshold)
[2023-04-19T02:27:38.327-0400][gc,task     ] GC(1) Using 8 workers of 8 for evacuation
[2023-04-19T02:27:38.334-0400][gc,phases   ] GC(1)   Pre Evacuate Collection Set: 0.1ms
[2023-04-19T02:27:38.334-0400][gc,phases   ] GC(1)   Merge Heap Roots: 0.0ms
[2023-04-19T02:27:38.334-0400][gc,phases   ] GC(1)   Evacuate Collection Set: 6.8ms
[2023-04-19T02:27:38.334-0400][gc,phases   ] GC(1)   Post Evacuate Collection Set: 0.4ms
[2023-04-19T02:27:38.334-0400][gc,phases   ] GC(1)   Other: 0.1ms
[2023-04-19T02:27:38.334-0400][gc,heap     ] GC(1) Eden regions: 12->0(49)
[2023-04-19T02:27:38.334-0400][gc,heap     ] GC(1) Survivor regions: 7->2(7)
[2023-04-19T02:27:38.334-0400][gc,heap     ] GC(1) Old regions: 1->7
[2023-04-19T02:27:38.334-0400][gc,heap     ] GC(1) Archive regions: 2->2
[2023-04-19T02:27:38.334-0400][gc,heap     ] GC(1) Humongous regions: 129->129
[2023-04-19T02:27:38.334-0400][gc,metaspace] GC(1) Metaspace: 21302K(21504K)->21302K(21504K) NonClass: 18860K(18944K)->18860K(18944K) Class: 2442K(2560K)->2442K(2560K)
[2023-04-19T02:27:38.334-0400][gc          ] GC(1) Pause Young (Concurrent Start) (Metadata GC Threshold) 148M->138M(1024M) 7.641ms
[2023-04-19T02:27:38.335-0400][gc,cpu      ] GC(1) User=0.02s Sys=0.00s Real=0.01s
[2023-04-19T02:27:38.335-0400][gc          ] GC(2) Concurrent Mark Cycle
[2023-04-19T02:27:38.335-0400][gc,marking  ] GC(2) Concurrent Clear Claimed Marks
[2023-04-19T02:27:38.335-0400][gc,marking  ] GC(2) Concurrent Clear Claimed Marks 0.014ms
[2023-04-19T02:27:38.335-0400][gc,marking  ] GC(2) Concurrent Scan Root Regions
[2023-04-19T02:27:38.337-0400][gc,marking  ] GC(2) Concurrent Scan Root Regions 2.742ms
[2023-04-19T02:27:38.337-0400][gc,marking  ] GC(2) Concurrent Mark
[2023-04-19T02:27:38.337-0400][gc,marking  ] GC(2) Concurrent Mark From Roots
[2023-04-19T02:27:38.337-0400][gc,task     ] GC(2) Using 2 workers of 2 for marking
[2023-04-19T02:27:38.338-0400][gc,marking  ] GC(2) Concurrent Mark From Roots 0.944ms
[2023-04-19T02:27:38.338-0400][gc,marking  ] GC(2) Concurrent Preclean
[2023-04-19T02:27:38.338-0400][gc,marking  ] GC(2) Concurrent Preclean 0.026ms
[2023-04-19T02:27:38.339-0400][gc,start    ] GC(2) Pause Remark
[2023-04-19T02:27:38.340-0400][gc          ] GC(2) Pause Remark 139M->139M(1024M) 1.490ms
[2023-04-19T02:27:38.340-0400][gc,cpu      ] GC(2) User=0.00s Sys=0.00s Real=0.01s
[2023-04-19T02:27:38.341-0400][gc,marking  ] GC(2) Concurrent Mark 3.073ms
[2023-04-19T02:27:38.341-0400][gc,marking  ] GC(2) Concurrent Rebuild Remembered Sets
[2023-04-19T02:27:38.341-0400][gc,marking  ] GC(2) Concurrent Rebuild Remembered Sets 0.013ms
[2023-04-19T02:27:38.341-0400][gc,start    ] GC(2) Pause Cleanup
[2023-04-19T02:27:38.341-0400][gc          ] GC(2) Pause Cleanup 139M->139M(1024M) 0.022ms
[2023-04-19T02:27:38.341-0400][gc,cpu      ] GC(2) User=0.00s Sys=0.00s Real=0.00s
[2023-04-19T02:27:38.341-0400][gc,marking  ] GC(2) Concurrent Cleanup for Next Mark
[2023-04-19T02:27:38.357-0400][gc,marking  ] GC(2) Concurrent Cleanup for Next Mark 16.525ms
[2023-04-19T02:27:38.357-0400][gc          ] GC(2) Concurrent Mark Cycle 22.714ms
[2023-04-19T02:27:38.963-0400][gc,start    ] GC(3) Pause Young (Normal) (G1 Evacuation Pause)
[2023-04-19T02:27:38.963-0400][gc,task     ] GC(3) Using 8 workers of 8 for evacuation
[2023-04-19T02:27:38.968-0400][gc,phases   ] GC(3)   Pre Evacuate Collection Set: 0.1ms
[2023-04-19T02:27:38.968-0400][gc,phases   ] GC(3)   Merge Heap Roots: 0.1ms
[2023-04-19T02:27:38.968-0400][gc,phases   ] GC(3)   Evacuate Collection Set: 3.7ms
[2023-04-19T02:27:38.968-0400][gc,phases   ] GC(3)   Post Evacuate Collection Set: 0.4ms
[2023-04-19T02:27:38.968-0400][gc,phases   ] GC(3)   Other: 0.1ms
[2023-04-19T02:27:38.968-0400][gc,heap     ] GC(3) Eden regions: 49->0(45)
[2023-04-19T02:27:38.968-0400][gc,heap     ] GC(3) Survivor regions: 2->6(7)
[2023-04-19T02:27:38.968-0400][gc,heap     ] GC(3) Old regions: 7->7
[2023-04-19T02:27:38.968-0400][gc,heap     ] GC(3) Archive regions: 2->2
[2023-04-19T02:27:38.968-0400][gc,heap     ] GC(3) Humongous regions: 129->129
[2023-04-19T02:27:38.968-0400][gc,metaspace] GC(3) Metaspace: 33115K(33472K)->33115K(33472K) NonClass: 29566K(29760K)->29566K(29760K) Class: 3548K(3712K)->3548K(3712K)
[2023-04-19T02:27:38.968-0400][gc          ] GC(3) Pause Young (Normal) (G1 Evacuation Pause) 187M->142M(1024M) 4.562ms
[2023-04-19T02:27:38.968-0400][gc,cpu      ] GC(3) User=0.02s Sys=0.00s Real=0.00s
[2023-04-19T02:27:55.512-0400][gc,start    ] GC(4) Pause Young (Concurrent Start) (Metadata GC Threshold)
[2023-04-19T02:27:55.513-0400][gc,task     ] GC(4) Using 8 workers of 8 for evacuation
[2023-04-19T02:27:55.517-0400][gc,phases   ] GC(4)   Pre Evacuate Collection Set: 0.1ms
[2023-04-19T02:27:55.517-0400][gc,phases   ] GC(4)   Merge Heap Roots: 0.0ms
[2023-04-19T02:27:55.517-0400][gc,phases   ] GC(4)   Evacuate Collection Set: 3.3ms
[2023-04-19T02:27:55.517-0400][gc,phases   ] GC(4)   Post Evacuate Collection Set: 0.3ms
[2023-04-19T02:27:55.517-0400][gc,phases   ] GC(4)   Other: 0.1ms
[2023-04-19T02:27:55.517-0400][gc,heap     ] GC(4) Eden regions: 15->0(49)
[2023-04-19T02:27:55.517-0400][gc,heap     ] GC(4) Survivor regions: 6->2(7)
[2023-04-19T02:27:55.517-0400][gc,heap     ] GC(4) Old regions: 7->13
[2023-04-19T02:27:55.517-0400][gc,heap     ] GC(4) Archive regions: 2->2
[2023-04-19T02:27:55.517-0400][gc,heap     ] GC(4) Humongous regions: 129->129
[2023-04-19T02:27:55.517-0400][gc,metaspace] GC(4) Metaspace: 35721K(36096K)->35721K(36096K) NonClass: 31708K(31936K)->31708K(31936K) Class: 4012K(4160K)->4012K(4160K)
[2023-04-19T02:27:55.517-0400][gc          ] GC(4) Pause Young (Concurrent Start) (Metadata GC Threshold) 156M->143M(1024M) 4.361ms
[2023-04-19T02:27:55.517-0400][gc,cpu      ] GC(4) User=0.02s Sys=0.01s Real=0.00s
[2023-04-19T02:27:55.517-0400][gc          ] GC(5) Concurrent Mark Cycle
[2023-04-19T02:27:55.517-0400][gc,marking  ] GC(5) Concurrent Clear Claimed Marks
[2023-04-19T02:27:55.517-0400][gc,marking  ] GC(5) Concurrent Clear Claimed Marks 0.019ms
[2023-04-19T02:27:55.517-0400][gc,marking  ] GC(5) Concurrent Scan Root Regions
[2023-04-19T02:27:55.519-0400][gc,marking  ] GC(5) Concurrent Scan Root Regions 2.251ms
[2023-04-19T02:27:55.519-0400][gc,marking  ] GC(5) Concurrent Mark
[2023-04-19T02:27:55.519-0400][gc,marking  ] GC(5) Concurrent Mark From Roots
[2023-04-19T02:27:55.519-0400][gc,task     ] GC(5) Using 2 workers of 2 for marking
[2023-04-19T02:27:55.523-0400][gc,marking  ] GC(5) Concurrent Mark From Roots 4.012ms
[2023-04-19T02:27:55.523-0400][gc,marking  ] GC(5) Concurrent Preclean
[2023-04-19T02:27:55.523-0400][gc,marking  ] GC(5) Concurrent Preclean 0.038ms
[2023-04-19T02:27:55.526-0400][gc,start    ] GC(5) Pause Remark
[2023-04-19T02:27:55.527-0400][gc          ] GC(5) Pause Remark 144M->144M(1024M) 1.241ms
[2023-04-19T02:27:55.527-0400][gc,cpu      ] GC(5) User=0.00s Sys=0.00s Real=0.00s
[2023-04-19T02:27:55.527-0400][gc,marking  ] GC(5) Concurrent Mark 7.840ms
[2023-04-19T02:27:55.527-0400][gc,marking  ] GC(5) Concurrent Rebuild Remembered Sets
[2023-04-19T02:27:55.531-0400][gc,marking  ] GC(5) Concurrent Rebuild Remembered Sets 4.379ms
[2023-04-19T02:27:55.532-0400][gc,start    ] GC(5) Pause Cleanup
[2023-04-19T02:27:55.532-0400][gc          ] GC(5) Pause Cleanup 145M->145M(1024M) 0.083ms
[2023-04-19T02:27:55.532-0400][gc,cpu      ] GC(5) User=0.00s Sys=0.00s Real=0.00s
[2023-04-19T02:27:55.532-0400][gc,marking  ] GC(5) Concurrent Cleanup for Next Mark
[2023-04-19T02:27:55.552-0400][gc,marking  ] GC(5) Concurrent Cleanup for Next Mark 19.810ms
[2023-04-19T02:27:55.552-0400][gc          ] GC(5) Concurrent Mark Cycle 34.795ms
[2023-04-19T02:30:53.617-0400][gc,start    ] GC(6) Pause Young (Normal) (G1 Evacuation Pause)
[2023-04-19T02:30:53.617-0400][gc,task     ] GC(6) Using 8 workers of 8 for evacuation
[2023-04-19T02:30:53.621-0400][gc,phases   ] GC(6)   Pre Evacuate Collection Set: 0.1ms
[2023-04-19T02:30:53.621-0400][gc,phases   ] GC(6)   Merge Heap Roots: 0.1ms
[2023-04-19T02:30:53.621-0400][gc,phases   ] GC(6)   Evacuate Collection Set: 3.4ms
[2023-04-19T02:30:53.621-0400][gc,phases   ] GC(6)   Post Evacuate Collection Set: 0.6ms
[2023-04-19T02:30:53.622-0400][gc,phases   ] GC(6)   Other: 0.1ms
[2023-04-19T02:30:53.622-0400][gc,heap     ] GC(6) Eden regions: 49->0(47)
[2023-04-19T02:30:53.622-0400][gc,heap     ] GC(6) Survivor regions: 2->4(7)
[2023-04-19T02:30:53.622-0400][gc,heap     ] GC(6) Old regions: 13->13
[2023-04-19T02:30:53.622-0400][gc,heap     ] GC(6) Archive regions: 2->2
[2023-04-19T02:30:53.622-0400][gc,heap     ] GC(6) Humongous regions: 129->129
[2023-04-19T02:30:53.622-0400][gc,metaspace] GC(6) Metaspace: 41862K(42432K)->41862K(42432K) NonClass: 36972K(37312K)->36972K(37312K) Class: 4890K(5120K)->4890K(5120K)
[2023-04-19T02:30:53.622-0400][gc          ] GC(6) Pause Young (Normal) (G1 Evacuation Pause) 192M->146M(1024M) 4.898ms
[2023-04-19T02:30:53.622-0400][gc,cpu      ] GC(6) User=0.03s Sys=0.00s Real=0.01s
[2023-04-19T02:36:18.060-0400][gc,start    ] GC(7) Pause Young (Normal) (G1 Evacuation Pause)
[2023-04-19T02:36:18.061-0400][gc,task     ] GC(7) Using 8 workers of 8 for evacuation
[2023-04-19T02:36:18.082-0400][gc,mmu      ] GC(7) MMU target violated: 21.0ms (20.0ms/21.0ms)
[2023-04-19T02:36:18.082-0400][gc,phases   ] GC(7)   Pre Evacuate Collection Set: 0.3ms
[2023-04-19T02:36:18.082-0400][gc,phases   ] GC(7)   Merge Heap Roots: 0.2ms
[2023-04-19T02:36:18.082-0400][gc,phases   ] GC(7)   Evacuate Collection Set: 19.8ms
[2023-04-19T02:36:18.082-0400][gc,phases   ] GC(7)   Post Evacuate Collection Set: 0.8ms
[2023-04-19T02:36:18.082-0400][gc,phases   ] GC(7)   Other: 0.2ms
[2023-04-19T02:36:18.082-0400][gc,heap     ] GC(7) Eden regions: 47->0(45)
[2023-04-19T02:36:18.082-0400][gc,heap     ] GC(7) Survivor regions: 4->6(7)
[2023-04-19T02:36:18.082-0400][gc,heap     ] GC(7) Old regions: 13->13
[2023-04-19T02:36:18.082-0400][gc,heap     ] GC(7) Archive regions: 2->2
[2023-04-19T02:36:18.082-0400][gc,heap     ] GC(7) Humongous regions: 129->129
[2023-04-19T02:36:18.082-0400][gc,metaspace] GC(7) Metaspace: 42862K(43520K)->42862K(43520K) NonClass: 37859K(38208K)->37859K(38208K) Class: 5002K(5312K)->5002K(5312K)
[2023-04-19T02:36:18.082-0400][gc          ] GC(7) Pause Young (Normal) (G1 Evacuation Pause) 193M->148M(1024M) 22.469ms
[2023-04-19T02:36:18.082-0400][gc,cpu      ] GC(7) User=0.04s Sys=0.05s Real=0.02s
[2023-04-19T02:37:56.194-0400][gc,heap,exit] Heap
[2023-04-19T02:37:56.195-0400][gc,heap,exit]  garbage-first heap   total 1048576K, used 168078K [0x00000007c0000000, 0x0000000800000000)
[2023-04-19T02:37:56.195-0400][gc,heap,exit]   region size 1024K, 22 young (22528K), 6 survivors (6144K)
[2023-04-19T02:37:56.195-0400][gc,heap,exit]  Metaspace       used 43583K, committed 44224K, reserved 1114112K
[2023-04-19T02:37:56.195-0400][gc,heap,exit]   class space    used 5169K, committed 5504K, reserved 1048576K
