[2023-04-19T02:37:59.346-0400][gc,init] CardTable entry size: 512
[2023-04-19T02:37:59.346-0400][gc     ] Using G1
[2023-04-19T02:37:59.352-0400][gc,init] Version: 19.0.2+7-44 (release)
[2023-04-19T02:37:59.352-0400][gc,init] CPUs: 8 total, 8 available
[2023-04-19T02:37:59.352-0400][gc,init] Memory: 16384M
[2023-04-19T02:37:59.352-0400][gc,init] Large Page Support: Disabled
[2023-04-19T02:37:59.352-0400][gc,init] NUMA Support: Disabled
[2023-04-19T02:37:59.352-0400][gc,init] Compressed Oops: Enabled (Zero based)
[2023-04-19T02:37:59.352-0400][gc,init] Heap Region Size: 1M
[2023-04-19T02:37:59.352-0400][gc,init] Heap Min Capacity: 1G
[2023-04-19T02:37:59.352-0400][gc,init] Heap Initial Capacity: 1G
[2023-04-19T02:37:59.352-0400][gc,init] Heap Max Capacity: 1G
[2023-04-19T02:37:59.352-0400][gc,init] Pre-touch: Disabled
[2023-04-19T02:37:59.352-0400][gc,init] Parallel Workers: 8
[2023-04-19T02:37:59.353-0400][gc,init] Concurrent Workers: 2
[2023-04-19T02:37:59.353-0400][gc,init] Concurrent Refinement Workers: 8
[2023-04-19T02:37:59.353-0400][gc,init] Periodic GC: Disabled
[2023-04-19T02:37:59.353-0400][gc,metaspace] CDS archive(s) mapped at: [0x0000000800000000-0x0000000800c44000-0x0000000800c44000), size 12861440, SharedBaseAddress: 0x0000000800000000, ArchiveRelocationMode: 0.
[2023-04-19T02:37:59.353-0400][gc,metaspace] Compressed class space mapped at: 0x0000000801000000-0x0000000841000000, reserved size: 1073741824
[2023-04-19T02:37:59.353-0400][gc,metaspace] Narrow klass base: 0x0000000800000000, Narrow klass shift: 0, Narrow klass range: 0x100000000
[2023-04-19T02:38:00.658-0400][gc,start    ] GC(0) Pause Young (Normal) (G1 Evacuation Pause)
[2023-04-19T02:38:00.659-0400][gc,task     ] GC(0) Using 8 workers of 8 for evacuation
[2023-04-19T02:38:00.663-0400][gc,phases   ] GC(0)   Pre Evacuate Collection Set: 0.1ms
[2023-04-19T02:38:00.663-0400][gc,phases   ] GC(0)   Merge Heap Roots: 0.1ms
[2023-04-19T02:38:00.663-0400][gc,phases   ] GC(0)   Evacuate Collection Set: 3.3ms
[2023-04-19T02:38:00.663-0400][gc,phases   ] GC(0)   Post Evacuate Collection Set: 0.5ms
[2023-04-19T02:38:00.663-0400][gc,phases   ] GC(0)   Other: 0.4ms
[2023-04-19T02:38:00.663-0400][gc,heap     ] GC(0) Eden regions: 51->0(44)
[2023-04-19T02:38:00.663-0400][gc,heap     ] GC(0) Survivor regions: 0->7(7)
[2023-04-19T02:38:00.663-0400][gc,heap     ] GC(0) Old regions: 0->1
[2023-04-19T02:38:00.663-0400][gc,heap     ] GC(0) Archive regions: 2->2
[2023-04-19T02:38:00.663-0400][gc,heap     ] GC(0) Humongous regions: 0->0
[2023-04-19T02:38:00.663-0400][gc,metaspace] GC(0) Metaspace: 18511K(18752K)->18511K(18752K) NonClass: 16418K(16512K)->16418K(16512K) Class: 2093K(2240K)->2093K(2240K)
[2023-04-19T02:38:00.663-0400][gc          ] GC(0) Pause Young (Normal) (G1 Evacuation Pause) 51M->8M(1024M) 4.707ms
[2023-04-19T02:38:00.663-0400][gc,cpu      ] GC(0) User=0.02s Sys=0.00s Real=0.01s
[2023-04-19T02:38:00.831-0400][gc,start    ] GC(1) Pause Young (Concurrent Start) (Metadata GC Threshold)
[2023-04-19T02:38:00.831-0400][gc,task     ] GC(1) Using 8 workers of 8 for evacuation
[2023-04-19T02:38:00.836-0400][gc,phases   ] GC(1)   Pre Evacuate Collection Set: 0.2ms
[2023-04-19T02:38:00.836-0400][gc,phases   ] GC(1)   Merge Heap Roots: 0.0ms
[2023-04-19T02:38:00.836-0400][gc,phases   ] GC(1)   Evacuate Collection Set: 4.3ms
[2023-04-19T02:38:00.836-0400][gc,phases   ] GC(1)   Post Evacuate Collection Set: 0.4ms
[2023-04-19T02:38:00.836-0400][gc,phases   ] GC(1)   Other: 0.1ms
[2023-04-19T02:38:00.836-0400][gc,heap     ] GC(1) Eden regions: 11->0(49)
[2023-04-19T02:38:00.836-0400][gc,heap     ] GC(1) Survivor regions: 7->2(7)
[2023-04-19T02:38:00.836-0400][gc,heap     ] GC(1) Old regions: 1->8
[2023-04-19T02:38:00.836-0400][gc,heap     ] GC(1) Archive regions: 2->2
[2023-04-19T02:38:00.836-0400][gc,heap     ] GC(1) Humongous regions: 0->0
[2023-04-19T02:38:00.836-0400][gc,metaspace] GC(1) Metaspace: 21272K(21504K)->21272K(21504K) NonClass: 18838K(18944K)->18838K(18944K) Class: 2433K(2560K)->2433K(2560K)
[2023-04-19T02:38:00.836-0400][gc          ] GC(1) Pause Young (Concurrent Start) (Metadata GC Threshold) 18M->9M(1024M) 5.275ms
[2023-04-19T02:38:00.837-0400][gc,cpu      ] GC(1) User=0.02s Sys=0.01s Real=0.00s
[2023-04-19T02:38:00.837-0400][gc          ] GC(2) Concurrent Mark Cycle
[2023-04-19T02:38:00.837-0400][gc,marking  ] GC(2) Concurrent Clear Claimed Marks
[2023-04-19T02:38:00.837-0400][gc,marking  ] GC(2) Concurrent Clear Claimed Marks 0.026ms
[2023-04-19T02:38:00.837-0400][gc,marking  ] GC(2) Concurrent Scan Root Regions
[2023-04-19T02:38:00.839-0400][gc,marking  ] GC(2) Concurrent Scan Root Regions 1.987ms
[2023-04-19T02:38:00.839-0400][gc,marking  ] GC(2) Concurrent Mark
[2023-04-19T02:38:00.839-0400][gc,marking  ] GC(2) Concurrent Mark From Roots
[2023-04-19T02:38:00.839-0400][gc,task     ] GC(2) Using 2 workers of 2 for marking
[2023-04-19T02:38:00.839-0400][gc,marking  ] GC(2) Concurrent Mark From Roots 0.570ms
[2023-04-19T02:38:00.839-0400][gc,marking  ] GC(2) Concurrent Preclean
[2023-04-19T02:38:00.839-0400][gc,marking  ] GC(2) Concurrent Preclean 0.014ms
[2023-04-19T02:38:00.839-0400][gc,start    ] GC(2) Pause Remark
[2023-04-19T02:38:00.840-0400][gc          ] GC(2) Pause Remark 10M->10M(1024M) 1.000ms
[2023-04-19T02:38:00.840-0400][gc,cpu      ] GC(2) User=0.00s Sys=0.00s Real=0.01s
[2023-04-19T02:38:00.840-0400][gc,marking  ] GC(2) Concurrent Mark 1.827ms
[2023-04-19T02:38:00.841-0400][gc,marking  ] GC(2) Concurrent Rebuild Remembered Sets
[2023-04-19T02:38:00.843-0400][gc,marking  ] GC(2) Concurrent Rebuild Remembered Sets 2.032ms
[2023-04-19T02:38:00.843-0400][gc,start    ] GC(2) Pause Cleanup
[2023-04-19T02:38:00.843-0400][gc          ] GC(2) Pause Cleanup 10M->10M(1024M) 0.093ms
[2023-04-19T02:38:00.843-0400][gc,cpu      ] GC(2) User=0.00s Sys=0.00s Real=0.00s
[2023-04-19T02:38:00.843-0400][gc,marking  ] GC(2) Concurrent Cleanup for Next Mark
[2023-04-19T02:38:00.848-0400][gc,marking  ] GC(2) Concurrent Cleanup for Next Mark 5.634ms
[2023-04-19T02:38:00.849-0400][gc          ] GC(2) Concurrent Mark Cycle 11.986ms
[2023-04-19T02:38:02.659-0400][gc,start    ] GC(3) Pause Young (Normal) (G1 Evacuation Pause)
[2023-04-19T02:38:02.659-0400][gc,task     ] GC(3) Using 8 workers of 8 for evacuation
[2023-04-19T02:38:02.663-0400][gc,phases   ] GC(3)   Pre Evacuate Collection Set: 0.0ms
[2023-04-19T02:38:02.663-0400][gc,phases   ] GC(3)   Merge Heap Roots: 0.0ms
[2023-04-19T02:38:02.663-0400][gc,phases   ] GC(3)   Evacuate Collection Set: 2.6ms
[2023-04-19T02:38:02.663-0400][gc,phases   ] GC(3)   Post Evacuate Collection Set: 0.4ms
[2023-04-19T02:38:02.663-0400][gc,phases   ] GC(3)   Other: 0.1ms
[2023-04-19T02:38:02.663-0400][gc,heap     ] GC(3) Eden regions: 49->0(45)
[2023-04-19T02:38:02.663-0400][gc,heap     ] GC(3) Survivor regions: 2->6(7)
[2023-04-19T02:38:02.663-0400][gc,heap     ] GC(3) Old regions: 8->8
[2023-04-19T02:38:02.663-0400][gc,heap     ] GC(3) Archive regions: 2->2
[2023-04-19T02:38:02.663-0400][gc,heap     ] GC(3) Humongous regions: 129->129
[2023-04-19T02:38:02.663-0400][gc,metaspace] GC(3) Metaspace: 31328K(31680K)->31328K(31680K) NonClass: 27904K(28096K)->27904K(28096K) Class: 3423K(3584K)->3423K(3584K)
[2023-04-19T02:38:02.663-0400][gc          ] GC(3) Pause Young (Normal) (G1 Evacuation Pause) 187M->142M(1024M) 3.204ms
[2023-04-19T02:38:02.663-0400][gc,cpu      ] GC(3) User=0.02s Sys=0.00s Real=0.01s
[2023-04-19T02:38:02.823-0400][gc,start    ] GC(4) Pause Young (Concurrent Start) (Metadata GC Threshold)
[2023-04-19T02:38:02.823-0400][gc,task     ] GC(4) Using 8 workers of 8 for evacuation
[2023-04-19T02:38:02.827-0400][gc,phases   ] GC(4)   Pre Evacuate Collection Set: 0.1ms
[2023-04-19T02:38:02.827-0400][gc,phases   ] GC(4)   Merge Heap Roots: 0.0ms
[2023-04-19T02:38:02.827-0400][gc,phases   ] GC(4)   Evacuate Collection Set: 3.7ms
[2023-04-19T02:38:02.827-0400][gc,phases   ] GC(4)   Post Evacuate Collection Set: 0.3ms
[2023-04-19T02:38:02.827-0400][gc,phases   ] GC(4)   Other: 0.1ms
[2023-04-19T02:38:02.827-0400][gc,heap     ] GC(4) Eden regions: 18->0(49)
[2023-04-19T02:38:02.827-0400][gc,heap     ] GC(4) Survivor regions: 6->2(7)
[2023-04-19T02:38:02.827-0400][gc,heap     ] GC(4) Old regions: 8->13
[2023-04-19T02:38:02.827-0400][gc,heap     ] GC(4) Archive regions: 2->2
[2023-04-19T02:38:02.827-0400][gc,heap     ] GC(4) Humongous regions: 129->129
[2023-04-19T02:38:02.827-0400][gc,metaspace] GC(4) Metaspace: 35637K(35968K)->35637K(35968K) NonClass: 31799K(31936K)->31799K(31936K) Class: 3837K(4032K)->3837K(4032K)
[2023-04-19T02:38:02.827-0400][gc          ] GC(4) Pause Young (Concurrent Start) (Metadata GC Threshold) 159M->143M(1024M) 4.623ms
[2023-04-19T02:38:02.827-0400][gc,cpu      ] GC(4) User=0.02s Sys=0.00s Real=0.00s
[2023-04-19T02:38:02.827-0400][gc          ] GC(5) Concurrent Mark Cycle
[2023-04-19T02:38:02.828-0400][gc,marking  ] GC(5) Concurrent Clear Claimed Marks
[2023-04-19T02:38:02.828-0400][gc,marking  ] GC(5) Concurrent Clear Claimed Marks 0.022ms
[2023-04-19T02:38:02.828-0400][gc,marking  ] GC(5) Concurrent Scan Root Regions
[2023-04-19T02:38:02.831-0400][gc,marking  ] GC(5) Concurrent Scan Root Regions 3.686ms
[2023-04-19T02:38:02.831-0400][gc,marking  ] GC(5) Concurrent Mark
[2023-04-19T02:38:02.831-0400][gc,marking  ] GC(5) Concurrent Mark From Roots
[2023-04-19T02:38:02.831-0400][gc,task     ] GC(5) Using 2 workers of 2 for marking
[2023-04-19T02:38:02.838-0400][gc,marking  ] GC(5) Concurrent Mark From Roots 6.858ms
[2023-04-19T02:38:02.838-0400][gc,marking  ] GC(5) Concurrent Preclean
[2023-04-19T02:38:02.838-0400][gc,marking  ] GC(5) Concurrent Preclean 0.065ms
[2023-04-19T02:38:02.839-0400][gc,start    ] GC(5) Pause Remark
[2023-04-19T02:38:02.840-0400][gc          ] GC(5) Pause Remark 145M->145M(1024M) 1.325ms
[2023-04-19T02:38:02.840-0400][gc,cpu      ] GC(5) User=0.00s Sys=0.00s Real=0.01s
[2023-04-19T02:38:02.840-0400][gc,marking  ] GC(5) Concurrent Mark 9.048ms
[2023-04-19T02:38:02.840-0400][gc,marking  ] GC(5) Concurrent Rebuild Remembered Sets
[2023-04-19T02:38:02.846-0400][gc,marking  ] GC(5) Concurrent Rebuild Remembered Sets 5.452ms
[2023-04-19T02:38:02.846-0400][gc,start    ] GC(5) Pause Cleanup
[2023-04-19T02:38:02.846-0400][gc          ] GC(5) Pause Cleanup 146M->146M(1024M) 0.109ms
[2023-04-19T02:38:02.846-0400][gc,cpu      ] GC(5) User=0.00s Sys=0.00s Real=0.00s
[2023-04-19T02:38:02.846-0400][gc,marking  ] GC(5) Concurrent Cleanup for Next Mark
[2023-04-19T02:38:02.853-0400][gc,marking  ] GC(5) Concurrent Cleanup for Next Mark 6.883ms
[2023-04-19T02:38:02.853-0400][gc          ] GC(5) Concurrent Mark Cycle 25.713ms
[2023-04-19T02:38:50.236-0400][gc,start    ] GC(6) Pause Young (Normal) (G1 Evacuation Pause)
[2023-04-19T02:38:50.236-0400][gc,task     ] GC(6) Using 8 workers of 8 for evacuation
[2023-04-19T02:38:50.244-0400][gc,phases   ] GC(6)   Pre Evacuate Collection Set: 0.4ms
[2023-04-19T02:38:50.244-0400][gc,phases   ] GC(6)   Merge Heap Roots: 0.1ms
[2023-04-19T02:38:50.244-0400][gc,phases   ] GC(6)   Evacuate Collection Set: 6.9ms
[2023-04-19T02:38:50.244-0400][gc,phases   ] GC(6)   Post Evacuate Collection Set: 0.6ms
[2023-04-19T02:38:50.244-0400][gc,phases   ] GC(6)   Other: 0.1ms
[2023-04-19T02:38:50.244-0400][gc,heap     ] GC(6) Eden regions: 49->0(46)
[2023-04-19T02:38:50.244-0400][gc,heap     ] GC(6) Survivor regions: 2->5(7)
[2023-04-19T02:38:50.244-0400][gc,heap     ] GC(6) Old regions: 13->13
[2023-04-19T02:38:50.244-0400][gc,heap     ] GC(6) Archive regions: 2->2
[2023-04-19T02:38:50.244-0400][gc,heap     ] GC(6) Humongous regions: 141->129
[2023-04-19T02:38:50.244-0400][gc,metaspace] GC(6) Metaspace: 42218K(42880K)->42218K(42880K) NonClass: 37252K(37632K)->37252K(37632K) Class: 4966K(5248K)->4966K(5248K)
[2023-04-19T02:38:50.244-0400][gc          ] GC(6) Pause Young (Normal) (G1 Evacuation Pause) 204M->146M(1024M) 8.548ms
[2023-04-19T02:38:50.245-0400][gc,cpu      ] GC(6) User=0.02s Sys=0.03s Real=0.01s
[2023-04-19T02:39:17.519-0400][gc,start    ] GC(7) Pause Young (Normal) (G1 Evacuation Pause)
[2023-04-19T02:39:17.520-0400][gc,task     ] GC(7) Using 8 workers of 8 for evacuation
[2023-04-19T02:39:17.524-0400][gc,phases   ] GC(7)   Pre Evacuate Collection Set: 0.1ms
[2023-04-19T02:39:17.524-0400][gc,phases   ] GC(7)   Merge Heap Roots: 0.1ms
[2023-04-19T02:39:17.524-0400][gc,phases   ] GC(7)   Evacuate Collection Set: 3.9ms
[2023-04-19T02:39:17.524-0400][gc,phases   ] GC(7)   Post Evacuate Collection Set: 0.5ms
[2023-04-19T02:39:17.524-0400][gc,phases   ] GC(7)   Other: 0.1ms
[2023-04-19T02:39:17.524-0400][gc,heap     ] GC(7) Eden regions: 46->0(47)
[2023-04-19T02:39:17.524-0400][gc,heap     ] GC(7) Survivor regions: 5->4(7)
[2023-04-19T02:39:17.524-0400][gc,heap     ] GC(7) Old regions: 13->14
[2023-04-19T02:39:17.524-0400][gc,heap     ] GC(7) Archive regions: 2->2
[2023-04-19T02:39:17.524-0400][gc,heap     ] GC(7) Humongous regions: 129->129
[2023-04-19T02:39:17.524-0400][gc,metaspace] GC(7) Metaspace: 42453K(43072K)->42453K(43072K) NonClass: 37451K(37824K)->37451K(37824K) Class: 5001K(5248K)->5001K(5248K)
[2023-04-19T02:39:17.525-0400][gc          ] GC(7) Pause Young (Normal) (G1 Evacuation Pause) 192M->147M(1024M) 5.176ms
[2023-04-19T02:39:17.525-0400][gc,cpu      ] GC(7) User=0.03s Sys=0.00s Real=0.01s
[2023-04-19T02:39:48.017-0400][gc,start    ] GC(8) Pause Young (Normal) (G1 Evacuation Pause)
[2023-04-19T02:39:48.017-0400][gc,task     ] GC(8) Using 8 workers of 8 for evacuation
[2023-04-19T02:39:48.022-0400][gc,phases   ] GC(8)   Pre Evacuate Collection Set: 0.2ms
[2023-04-19T02:39:48.022-0400][gc,phases   ] GC(8)   Merge Heap Roots: 0.1ms
[2023-04-19T02:39:48.022-0400][gc,phases   ] GC(8)   Evacuate Collection Set: 3.8ms
[2023-04-19T02:39:48.022-0400][gc,phases   ] GC(8)   Post Evacuate Collection Set: 0.6ms
[2023-04-19T02:39:48.022-0400][gc,phases   ] GC(8)   Other: 0.1ms
[2023-04-19T02:39:48.022-0400][gc,heap     ] GC(8) Eden regions: 47->0(47)
[2023-04-19T02:39:48.022-0400][gc,heap     ] GC(8) Survivor regions: 4->4(7)
[2023-04-19T02:39:48.022-0400][gc,heap     ] GC(8) Old regions: 14->14
[2023-04-19T02:39:48.022-0400][gc,heap     ] GC(8) Archive regions: 2->2
[2023-04-19T02:39:48.022-0400][gc,heap     ] GC(8) Humongous regions: 129->129
[2023-04-19T02:39:48.022-0400][gc,metaspace] GC(8) Metaspace: 42669K(43392K)->42669K(43392K) NonClass: 37639K(38016K)->37639K(38016K) Class: 5029K(5376K)->5029K(5376K)
[2023-04-19T02:39:48.022-0400][gc          ] GC(8) Pause Young (Normal) (G1 Evacuation Pause) 194M->147M(1024M) 5.592ms
[2023-04-19T02:39:48.022-0400][gc,cpu      ] GC(8) User=0.03s Sys=0.00s Real=0.01s
[2023-04-19T02:40:19.492-0400][gc,start    ] GC(9) Pause Young (Normal) (G1 Evacuation Pause)
[2023-04-19T02:40:19.492-0400][gc,task     ] GC(9) Using 8 workers of 8 for evacuation
[2023-04-19T02:40:19.497-0400][gc,phases   ] GC(9)   Pre Evacuate Collection Set: 0.1ms
[2023-04-19T02:40:19.497-0400][gc,phases   ] GC(9)   Merge Heap Roots: 0.1ms
[2023-04-19T02:40:19.497-0400][gc,phases   ] GC(9)   Evacuate Collection Set: 3.9ms
[2023-04-19T02:40:19.497-0400][gc,phases   ] GC(9)   Post Evacuate Collection Set: 0.4ms
[2023-04-19T02:40:19.497-0400][gc,phases   ] GC(9)   Other: 0.1ms
[2023-04-19T02:40:19.497-0400][gc,heap     ] GC(9) Eden regions: 47->0(82)
[2023-04-19T02:40:19.497-0400][gc,heap     ] GC(9) Survivor regions: 4->2(7)
[2023-04-19T02:40:19.497-0400][gc,heap     ] GC(9) Old regions: 14->16
[2023-04-19T02:40:19.497-0400][gc,heap     ] GC(9) Archive regions: 2->2
[2023-04-19T02:40:19.497-0400][gc,heap     ] GC(9) Humongous regions: 129->129
[2023-04-19T02:40:19.497-0400][gc,metaspace] GC(9) Metaspace: 42731K(43456K)->42731K(43456K) NonClass: 37701K(38080K)->37701K(38080K) Class: 5029K(5376K)->5029K(5376K)
[2023-04-19T02:40:19.497-0400][gc          ] GC(9) Pause Young (Normal) (G1 Evacuation Pause) 194M->147M(1024M) 5.148ms
[2023-04-19T02:40:19.497-0400][gc,cpu      ] GC(9) User=0.03s Sys=0.00s Real=0.00s
[2023-04-19T02:41:12.846-0400][gc,start    ] GC(10) Pause Young (Normal) (G1 Evacuation Pause)
[2023-04-19T02:41:12.846-0400][gc,task     ] GC(10) Using 8 workers of 8 for evacuation
[2023-04-19T02:41:12.849-0400][gc,phases   ] GC(10)   Pre Evacuate Collection Set: 0.2ms
[2023-04-19T02:41:12.849-0400][gc,phases   ] GC(10)   Merge Heap Roots: 0.0ms
[2023-04-19T02:41:12.849-0400][gc,phases   ] GC(10)   Evacuate Collection Set: 2.4ms
[2023-04-19T02:41:12.849-0400][gc,phases   ] GC(10)   Post Evacuate Collection Set: 0.2ms
[2023-04-19T02:41:12.849-0400][gc,phases   ] GC(10)   Other: 0.1ms
[2023-04-19T02:41:12.849-0400][gc,heap     ] GC(10) Eden regions: 82->0(154)
[2023-04-19T02:41:12.849-0400][gc,heap     ] GC(10) Survivor regions: 2->4(11)
[2023-04-19T02:41:12.849-0400][gc,heap     ] GC(10) Old regions: 16->16
[2023-04-19T02:41:12.849-0400][gc,heap     ] GC(10) Archive regions: 2->2
[2023-04-19T02:41:12.849-0400][gc,heap     ] GC(10) Humongous regions: 129->129
[2023-04-19T02:41:12.849-0400][gc,metaspace] GC(10) Metaspace: 42887K(43584K)->42887K(43584K) NonClass: 37857K(38208K)->37857K(38208K) Class: 5029K(5376K)->5029K(5376K)
[2023-04-19T02:41:12.849-0400][gc          ] GC(10) Pause Young (Normal) (G1 Evacuation Pause) 229M->148M(1024M) 3.445ms
[2023-04-19T02:41:12.849-0400][gc,cpu      ] GC(10) User=0.02s Sys=0.00s Real=0.00s
[2023-04-19T02:42:54.656-0400][gc,start    ] GC(11) Pause Young (Normal) (G1 Evacuation Pause)
[2023-04-19T02:42:54.656-0400][gc,task     ] GC(11) Using 8 workers of 8 for evacuation
[2023-04-19T02:42:54.662-0400][gc,phases   ] GC(11)   Pre Evacuate Collection Set: 0.3ms
[2023-04-19T02:42:54.662-0400][gc,phases   ] GC(11)   Merge Heap Roots: 0.1ms
[2023-04-19T02:42:54.662-0400][gc,phases   ] GC(11)   Evacuate Collection Set: 4.8ms
[2023-04-19T02:42:54.662-0400][gc,phases   ] GC(11)   Post Evacuate Collection Set: 0.3ms
[2023-04-19T02:42:54.662-0400][gc,phases   ] GC(11)   Other: 0.1ms
[2023-04-19T02:42:54.662-0400][gc,heap     ] GC(11) Eden regions: 154->0(120)
[2023-04-19T02:42:54.662-0400][gc,heap     ] GC(11) Survivor regions: 4->6(20)
[2023-04-19T02:42:54.662-0400][gc,heap     ] GC(11) Old regions: 16->16
[2023-04-19T02:42:54.662-0400][gc,heap     ] GC(11) Archive regions: 2->2
[2023-04-19T02:42:54.662-0400][gc,heap     ] GC(11) Humongous regions: 129->129
[2023-04-19T02:42:54.662-0400][gc,metaspace] GC(11) Metaspace: 42973K(43648K)->42973K(43648K) NonClass: 37943K(38272K)->37943K(38272K) Class: 5029K(5376K)->5029K(5376K)
[2023-04-19T02:42:54.662-0400][gc          ] GC(11) Pause Young (Normal) (G1 Evacuation Pause) 302M->151M(1024M) 6.016ms
[2023-04-19T02:42:54.662-0400][gc,cpu      ] GC(11) User=0.03s Sys=0.01s Real=0.01s
[2023-04-19T02:44:12.187-0400][gc,start    ] GC(12) Pause Young (Normal) (G1 Evacuation Pause)
[2023-04-19T02:44:12.199-0400][gc,task     ] GC(12) Using 8 workers of 8 for evacuation
[2023-04-19T02:44:12.204-0400][gc,phases   ] GC(12)   Pre Evacuate Collection Set: 0.1ms
[2023-04-19T02:44:12.204-0400][gc,phases   ] GC(12)   Merge Heap Roots: 0.1ms
[2023-04-19T02:44:12.204-0400][gc,phases   ] GC(12)   Evacuate Collection Set: 4.1ms
[2023-04-19T02:44:12.204-0400][gc,phases   ] GC(12)   Post Evacuate Collection Set: 0.3ms
[2023-04-19T02:44:12.204-0400][gc,phases   ] GC(12)   Other: 0.2ms
[2023-04-19T02:44:12.204-0400][gc,heap     ] GC(12) Eden regions: 120->0(165)
[2023-04-19T02:44:12.204-0400][gc,heap     ] GC(12) Survivor regions: 6->8(16)
[2023-04-19T02:44:12.204-0400][gc,heap     ] GC(12) Old regions: 16->16
[2023-04-19T02:44:12.204-0400][gc,heap     ] GC(12) Archive regions: 2->2
[2023-04-19T02:44:12.204-0400][gc,heap     ] GC(12) Humongous regions: 129->129
[2023-04-19T02:44:12.204-0400][gc,metaspace] GC(12) Metaspace: 43006K(43712K)->43006K(43712K) NonClass: 37976K(38336K)->37976K(38336K) Class: 5029K(5376K)->5029K(5376K)
[2023-04-19T02:44:12.204-0400][gc          ] GC(12) Pause Young (Normal) (G1 Evacuation Pause) 271M->153M(1024M) 17.274ms
[2023-04-19T02:44:12.204-0400][gc,cpu      ] GC(12) User=0.03s Sys=0.00s Real=0.02s
[2023-04-19T02:46:00.294-0400][gc,start    ] GC(13) Pause Young (Normal) (G1 Evacuation Pause)
[2023-04-19T02:46:00.294-0400][gc,task     ] GC(13) Using 8 workers of 8 for evacuation
[2023-04-19T02:46:00.329-0400][gc,mmu      ] GC(13) MMU target violated: 21.0ms (20.0ms/21.0ms)
[2023-04-19T02:46:00.329-0400][gc,phases   ] GC(13)   Pre Evacuate Collection Set: 0.3ms
[2023-04-19T02:46:00.329-0400][gc,phases   ] GC(13)   Merge Heap Roots: 0.1ms
[2023-04-19T02:46:00.329-0400][gc,phases   ] GC(13)   Evacuate Collection Set: 32.9ms
[2023-04-19T02:46:00.329-0400][gc,phases   ] GC(13)   Post Evacuate Collection Set: 1.3ms
[2023-04-19T02:46:00.329-0400][gc,phases   ] GC(13)   Other: 0.3ms
[2023-04-19T02:46:00.329-0400][gc,heap     ] GC(13) Eden regions: 165->0(40)
[2023-04-19T02:46:00.329-0400][gc,heap     ] GC(13) Survivor regions: 8->11(22)
[2023-04-19T02:46:00.329-0400][gc,heap     ] GC(13) Old regions: 16->16
[2023-04-19T02:46:00.329-0400][gc,heap     ] GC(13) Archive regions: 2->2
[2023-04-19T02:46:00.329-0400][gc,heap     ] GC(13) Humongous regions: 129->129
[2023-04-19T02:46:00.329-0400][gc,metaspace] GC(13) Metaspace: 43018K(43776K)->43018K(43776K) NonClass: 37988K(38400K)->37988K(38400K) Class: 5029K(5376K)->5029K(5376K)
[2023-04-19T02:46:00.329-0400][gc          ] GC(13) Pause Young (Normal) (G1 Evacuation Pause) 318M->156M(1024M) 35.511ms
[2023-04-19T02:46:00.329-0400][gc,cpu      ] GC(13) User=0.05s Sys=0.09s Real=0.03s
[2023-04-19T02:46:25.732-0400][gc,start    ] GC(14) Pause Young (Normal) (G1 Evacuation Pause)
[2023-04-19T02:46:25.733-0400][gc,task     ] GC(14) Using 8 workers of 8 for evacuation
[2023-04-19T02:46:25.741-0400][gc,phases   ] GC(14)   Pre Evacuate Collection Set: 0.1ms
[2023-04-19T02:46:25.742-0400][gc,phases   ] GC(14)   Merge Heap Roots: 0.0ms
[2023-04-19T02:46:25.742-0400][gc,phases   ] GC(14)   Evacuate Collection Set: 8.3ms
[2023-04-19T02:46:25.742-0400][gc,phases   ] GC(14)   Post Evacuate Collection Set: 0.3ms
[2023-04-19T02:46:25.742-0400][gc,phases   ] GC(14)   Other: 0.1ms
[2023-04-19T02:46:25.742-0400][gc,heap     ] GC(14) Eden regions: 40->0(211)
[2023-04-19T02:46:25.742-0400][gc,heap     ] GC(14) Survivor regions: 11->4(7)
[2023-04-19T02:46:25.742-0400][gc,heap     ] GC(14) Old regions: 16->24
[2023-04-19T02:46:25.742-0400][gc,heap     ] GC(14) Archive regions: 2->2
[2023-04-19T02:46:25.742-0400][gc,heap     ] GC(14) Humongous regions: 129->129
[2023-04-19T02:46:25.742-0400][gc,metaspace] GC(14) Metaspace: 43020K(43776K)->43020K(43776K) NonClass: 37990K(38400K)->37990K(38400K) Class: 5029K(5376K)->5029K(5376K)
[2023-04-19T02:46:25.742-0400][gc          ] GC(14) Pause Young (Normal) (G1 Evacuation Pause) 196M->157M(1024M) 9.285ms
[2023-04-19T02:46:25.742-0400][gc,cpu      ] GC(14) User=0.04s Sys=0.01s Real=0.01s
[2023-04-19T02:48:45.353-0400][gc,start    ] GC(15) Pause Young (Normal) (G1 Evacuation Pause)
[2023-04-19T02:48:45.354-0400][gc,task     ] GC(15) Using 8 workers of 8 for evacuation
[2023-04-19T02:48:45.364-0400][gc,phases   ] GC(15)   Pre Evacuate Collection Set: 0.7ms
[2023-04-19T02:48:45.364-0400][gc,phases   ] GC(15)   Merge Heap Roots: 0.1ms
[2023-04-19T02:48:45.364-0400][gc,phases   ] GC(15)   Evacuate Collection Set: 8.4ms
[2023-04-19T02:48:45.364-0400][gc,phases   ] GC(15)   Post Evacuate Collection Set: 0.5ms
[2023-04-19T02:48:45.364-0400][gc,phases   ] GC(15)   Other: 0.1ms
[2023-04-19T02:48:45.364-0400][gc,heap     ] GC(15) Eden regions: 211->0(169)
[2023-04-19T02:48:45.364-0400][gc,heap     ] GC(15) Survivor regions: 4->7(27)
[2023-04-19T02:48:45.364-0400][gc,heap     ] GC(15) Old regions: 24->24
[2023-04-19T02:48:45.364-0400][gc,heap     ] GC(15) Archive regions: 2->2
[2023-04-19T02:48:45.364-0400][gc,heap     ] GC(15) Humongous regions: 129->129
[2023-04-19T02:48:45.364-0400][gc,metaspace] GC(15) Metaspace: 43098K(43776K)->43098K(43776K) NonClass: 38057K(38400K)->38057K(38400K) Class: 5040K(5376K)->5040K(5376K)
[2023-04-19T02:48:45.364-0400][gc          ] GC(15) Pause Young (Normal) (G1 Evacuation Pause) 368M->160M(1024M) 10.321ms
[2023-04-19T02:48:45.364-0400][gc,cpu      ] GC(15) User=0.05s Sys=0.02s Real=0.01s
[2023-04-19T02:50:38.139-0400][gc,start    ] GC(16) Pause Young (Normal) (G1 Evacuation Pause)
[2023-04-19T02:50:38.139-0400][gc,task     ] GC(16) Using 8 workers of 8 for evacuation
[2023-04-19T02:50:38.170-0400][gc,mmu      ] GC(16) MMU target violated: 21.0ms (20.0ms/21.0ms)
[2023-04-19T02:50:38.170-0400][gc,phases   ] GC(16)   Pre Evacuate Collection Set: 0.2ms
[2023-04-19T02:50:38.170-0400][gc,phases   ] GC(16)   Merge Heap Roots: 0.1ms
[2023-04-19T02:50:38.170-0400][gc,phases   ] GC(16)   Evacuate Collection Set: 29.3ms
[2023-04-19T02:50:38.170-0400][gc,phases   ] GC(16)   Post Evacuate Collection Set: 0.3ms
[2023-04-19T02:50:38.170-0400][gc,phases   ] GC(16)   Other: 0.3ms
[2023-04-19T02:50:38.170-0400][gc,heap     ] GC(16) Eden regions: 169->0(41)
[2023-04-19T02:50:38.170-0400][gc,heap     ] GC(16) Survivor regions: 7->10(22)
[2023-04-19T02:50:38.170-0400][gc,heap     ] GC(16) Old regions: 24->24
[2023-04-19T02:50:38.170-0400][gc,heap     ] GC(16) Archive regions: 2->2
[2023-04-19T02:50:38.170-0400][gc,heap     ] GC(16) Humongous regions: 129->129
[2023-04-19T02:50:38.170-0400][gc,metaspace] GC(16) Metaspace: 43119K(43776K)->43119K(43776K) NonClass: 38079K(38400K)->38079K(38400K) Class: 5040K(5376K)->5040K(5376K)
[2023-04-19T02:50:38.170-0400][gc          ] GC(16) Pause Young (Normal) (G1 Evacuation Pause) 329M->163M(1024M) 30.840ms
[2023-04-19T02:50:38.170-0400][gc,cpu      ] GC(16) User=0.04s Sys=0.04s Real=0.04s
[2023-04-19T02:51:05.008-0400][gc,start    ] GC(17) Pause Young (Normal) (G1 Evacuation Pause)
[2023-04-19T02:51:05.008-0400][gc,task     ] GC(17) Using 8 workers of 8 for evacuation
[2023-04-19T02:51:05.017-0400][gc,phases   ] GC(17)   Pre Evacuate Collection Set: 0.1ms
[2023-04-19T02:51:05.017-0400][gc,phases   ] GC(17)   Merge Heap Roots: 0.1ms
[2023-04-19T02:51:05.017-0400][gc,phases   ] GC(17)   Evacuate Collection Set: 7.9ms
[2023-04-19T02:51:05.017-0400][gc,phases   ] GC(17)   Post Evacuate Collection Set: 0.3ms
[2023-04-19T02:51:05.017-0400][gc,phases   ] GC(17)   Other: 0.1ms
[2023-04-19T02:51:05.017-0400][gc,heap     ] GC(17) Eden regions: 41->0(224)
[2023-04-19T02:51:05.017-0400][gc,heap     ] GC(17) Survivor regions: 10->5(7)
[2023-04-19T02:51:05.017-0400][gc,heap     ] GC(17) Old regions: 24->30
[2023-04-19T02:51:05.017-0400][gc,heap     ] GC(17) Archive regions: 2->2
[2023-04-19T02:51:05.017-0400][gc,heap     ] GC(17) Humongous regions: 129->129
[2023-04-19T02:51:05.017-0400][gc,metaspace] GC(17) Metaspace: 43132K(43840K)->43132K(43840K) NonClass: 38091K(38464K)->38091K(38464K) Class: 5040K(5376K)->5040K(5376K)
[2023-04-19T02:51:05.017-0400][gc          ] GC(17) Pause Young (Normal) (G1 Evacuation Pause) 204M->164M(1024M) 9.088ms
[2023-04-19T02:51:05.017-0400][gc,cpu      ] GC(17) User=0.05s Sys=0.01s Real=0.01s
[2023-04-19T02:53:34.254-0400][gc,start    ] GC(18) Pause Young (Normal) (G1 Evacuation Pause)
[2023-04-19T02:53:34.255-0400][gc,task     ] GC(18) Using 8 workers of 8 for evacuation
[2023-04-19T02:53:34.262-0400][gc,phases   ] GC(18)   Pre Evacuate Collection Set: 0.1ms
[2023-04-19T02:53:34.262-0400][gc,phases   ] GC(18)   Merge Heap Roots: 0.1ms
[2023-04-19T02:53:34.262-0400][gc,phases   ] GC(18)   Evacuate Collection Set: 6.7ms
[2023-04-19T02:53:34.262-0400][gc,phases   ] GC(18)   Post Evacuate Collection Set: 0.4ms
[2023-04-19T02:53:34.262-0400][gc,phases   ] GC(18)   Other: 0.1ms
[2023-04-19T02:53:34.262-0400][gc,heap     ] GC(18) Eden regions: 224->0(163)
[2023-04-19T02:53:34.262-0400][gc,heap     ] GC(18) Survivor regions: 5->8(29)
[2023-04-19T02:53:34.262-0400][gc,heap     ] GC(18) Old regions: 30->30
[2023-04-19T02:53:34.262-0400][gc,heap     ] GC(18) Archive regions: 2->2
[2023-04-19T02:53:34.262-0400][gc,heap     ] GC(18) Humongous regions: 129->129
[2023-04-19T02:53:34.262-0400][gc,metaspace] GC(18) Metaspace: 43148K(43840K)->43148K(43840K) NonClass: 38108K(38464K)->38108K(38464K) Class: 5040K(5376K)->5040K(5376K)
[2023-04-19T02:53:34.262-0400][gc          ] GC(18) Pause Young (Normal) (G1 Evacuation Pause) 388M->167M(1024M) 8.159ms
[2023-04-19T02:53:34.262-0400][gc,cpu      ] GC(18) User=0.05s Sys=0.01s Real=0.01s
[2023-04-19T02:55:20.787-0400][gc,start    ] GC(19) Pause Young (Normal) (G1 Evacuation Pause)
[2023-04-19T02:55:20.788-0400][gc,task     ] GC(19) Using 8 workers of 8 for evacuation
[2023-04-19T02:55:20.795-0400][gc,phases   ] GC(19)   Pre Evacuate Collection Set: 0.2ms
[2023-04-19T02:55:20.795-0400][gc,phases   ] GC(19)   Merge Heap Roots: 0.1ms
[2023-04-19T02:55:20.795-0400][gc,phases   ] GC(19)   Evacuate Collection Set: 7.1ms
[2023-04-19T02:55:20.796-0400][gc,phases   ] GC(19)   Post Evacuate Collection Set: 0.4ms
[2023-04-19T02:55:20.796-0400][gc,phases   ] GC(19)   Other: 0.1ms
[2023-04-19T02:55:20.796-0400][gc,heap     ] GC(19) Eden regions: 163->0(167)
[2023-04-19T02:55:20.796-0400][gc,heap     ] GC(19) Survivor regions: 8->10(22)
[2023-04-19T02:55:20.796-0400][gc,heap     ] GC(19) Old regions: 30->30
[2023-04-19T02:55:20.796-0400][gc,heap     ] GC(19) Archive regions: 2->2
[2023-04-19T02:55:20.796-0400][gc,heap     ] GC(19) Humongous regions: 129->129
[2023-04-19T02:55:20.796-0400][gc,metaspace] GC(19) Metaspace: 43153K(43840K)->43153K(43840K) NonClass: 38113K(38464K)->38113K(38464K) Class: 5040K(5376K)->5040K(5376K)
[2023-04-19T02:55:20.796-0400][gc          ] GC(19) Pause Young (Normal) (G1 Evacuation Pause) 330M->169M(1024M) 8.457ms
[2023-04-19T02:55:20.796-0400][gc,cpu      ] GC(19) User=0.06s Sys=0.00s Real=0.01s
[2023-04-19T02:57:10.784-0400][gc,start    ] GC(20) Pause Young (Normal) (G1 Evacuation Pause)
[2023-04-19T02:57:10.784-0400][gc,task     ] GC(20) Using 8 workers of 8 for evacuation
[2023-04-19T02:57:10.792-0400][gc,phases   ] GC(20)   Pre Evacuate Collection Set: 0.1ms
[2023-04-19T02:57:10.792-0400][gc,phases   ] GC(20)   Merge Heap Roots: 0.1ms
[2023-04-19T02:57:10.792-0400][gc,phases   ] GC(20)   Evacuate Collection Set: 7.2ms
[2023-04-19T02:57:10.792-0400][gc,phases   ] GC(20)   Post Evacuate Collection Set: 0.3ms
[2023-04-19T02:57:10.792-0400][gc,phases   ] GC(20)   Other: 0.1ms
[2023-04-19T02:57:10.792-0400][gc,heap     ] GC(20) Eden regions: 167->0(224)
[2023-04-19T02:57:10.792-0400][gc,heap     ] GC(20) Survivor regions: 10->13(23)
[2023-04-19T02:57:10.792-0400][gc,heap     ] GC(20) Old regions: 30->30
[2023-04-19T02:57:10.792-0400][gc,heap     ] GC(20) Archive regions: 2->2
[2023-04-19T02:57:10.792-0400][gc,heap     ] GC(20) Humongous regions: 129->129
[2023-04-19T02:57:10.792-0400][gc,metaspace] GC(20) Metaspace: 43161K(43840K)->43161K(43840K) NonClass: 38120K(38464K)->38120K(38464K) Class: 5040K(5376K)->5040K(5376K)
[2023-04-19T02:57:10.792-0400][gc          ] GC(20) Pause Young (Normal) (G1 Evacuation Pause) 336M->172M(1024M) 8.482ms
[2023-04-19T02:57:10.792-0400][gc,cpu      ] GC(20) User=0.06s Sys=0.01s Real=0.01s
[2023-04-19T03:27:56.027-0400][gc,start    ] GC(21) Pause Young (Normal) (G1 Evacuation Pause)
[2023-04-19T03:27:56.028-0400][gc,task     ] GC(21) Using 8 workers of 8 for evacuation
[2023-04-19T03:27:56.064-0400][gc,mmu      ] GC(21) MMU target violated: 21.0ms (20.0ms/21.0ms)
[2023-04-19T03:27:56.064-0400][gc,phases   ] GC(21)   Pre Evacuate Collection Set: 0.2ms
[2023-04-19T03:27:56.064-0400][gc,phases   ] GC(21)   Merge Heap Roots: 0.1ms
[2023-04-19T03:27:56.064-0400][gc,phases   ] GC(21)   Evacuate Collection Set: 35.1ms
[2023-04-19T03:27:56.064-0400][gc,phases   ] GC(21)   Post Evacuate Collection Set: 0.5ms
[2023-04-19T03:27:56.064-0400][gc,phases   ] GC(21)   Other: 0.2ms
[2023-04-19T03:27:56.064-0400][gc,heap     ] GC(21) Eden regions: 224->0(58)
[2023-04-19T03:27:56.064-0400][gc,heap     ] GC(21) Survivor regions: 13->26(30)
[2023-04-19T03:27:56.064-0400][gc,heap     ] GC(21) Old regions: 30->30
[2023-04-19T03:27:56.064-0400][gc,heap     ] GC(21) Archive regions: 2->2
[2023-04-19T03:27:56.064-0400][gc,heap     ] GC(21) Humongous regions: 129->129
[2023-04-19T03:27:56.064-0400][gc,metaspace] GC(21) Metaspace: 43207K(43904K)->43207K(43904K) NonClass: 38166K(38528K)->38166K(38528K) Class: 5040K(5376K)->5040K(5376K)
[2023-04-19T03:27:56.064-0400][gc          ] GC(21) Pause Young (Normal) (G1 Evacuation Pause) 396M->185M(1024M) 36.845ms
[2023-04-19T03:27:56.064-0400][gc,cpu      ] GC(21) User=0.14s Sys=0.04s Real=0.04s
[2023-04-19T03:28:36.066-0400][gc,start    ] GC(22) Pause Young (Normal) (G1 Evacuation Pause)
[2023-04-19T03:28:36.067-0400][gc,task     ] GC(22) Using 8 workers of 8 for evacuation
[2023-04-19T03:28:36.091-0400][gc,mmu      ] GC(22) MMU target violated: 21.0ms (20.0ms/21.0ms)
[2023-04-19T03:28:36.091-0400][gc,phases   ] GC(22)   Pre Evacuate Collection Set: 0.2ms
[2023-04-19T03:28:36.091-0400][gc,phases   ] GC(22)   Merge Heap Roots: 0.1ms
[2023-04-19T03:28:36.091-0400][gc,phases   ] GC(22)   Evacuate Collection Set: 23.3ms
[2023-04-19T03:28:36.091-0400][gc,phases   ] GC(22)   Post Evacuate Collection Set: 0.3ms
[2023-04-19T03:28:36.091-0400][gc,phases   ] GC(22)   Other: 0.2ms
[2023-04-19T03:28:36.091-0400][gc,heap     ] GC(22) Eden regions: 58->0(385)
[2023-04-19T03:28:36.091-0400][gc,heap     ] GC(22) Survivor regions: 26->4(11)
[2023-04-19T03:28:36.091-0400][gc,heap     ] GC(22) Old regions: 30->55
[2023-04-19T03:28:36.091-0400][gc,heap     ] GC(22) Archive regions: 2->2
[2023-04-19T03:28:36.091-0400][gc,heap     ] GC(22) Humongous regions: 129->129
[2023-04-19T03:28:36.091-0400][gc,metaspace] GC(22) Metaspace: 43209K(43904K)->43209K(43904K) NonClass: 38168K(38528K)->38168K(38528K) Class: 5040K(5376K)->5040K(5376K)
[2023-04-19T03:28:36.091-0400][gc          ] GC(22) Pause Young (Normal) (G1 Evacuation Pause) 243M->188M(1024M) 24.523ms
[2023-04-19T03:28:36.091-0400][gc,cpu      ] GC(22) User=0.11s Sys=0.03s Real=0.03s
[2023-04-19T08:12:25.815-0400][gc,start    ] GC(23) Pause Young (Normal) (G1 Evacuation Pause)
[2023-04-19T08:12:25.838-0400][gc,task     ] GC(23) Using 8 workers of 8 for evacuation
[2023-04-19T08:12:26.076-0400][gc,mmu      ] GC(23) MMU target violated: 21.0ms (20.0ms/21.0ms)
[2023-04-19T08:12:26.077-0400][gc,phases   ] GC(23)   Pre Evacuate Collection Set: 6.6ms
[2023-04-19T08:12:26.077-0400][gc,phases   ] GC(23)   Merge Heap Roots: 2.1ms
[2023-04-19T08:12:26.077-0400][gc,phases   ] GC(23)   Evacuate Collection Set: 224.2ms
[2023-04-19T08:12:26.077-0400][gc,phases   ] GC(23)   Post Evacuate Collection Set: 3.4ms
[2023-04-19T08:12:26.077-0400][gc,phases   ] GC(23)   Other: 2.3ms
[2023-04-19T08:12:26.077-0400][gc,heap     ] GC(23) Eden regions: 385->0(35)
[2023-04-19T08:12:26.077-0400][gc,heap     ] GC(23) Survivor regions: 4->16(49)
[2023-04-19T08:12:26.077-0400][gc,heap     ] GC(23) Old regions: 55->55
[2023-04-19T08:12:26.077-0400][gc,heap     ] GC(23) Archive regions: 2->2
[2023-04-19T08:12:26.077-0400][gc,heap     ] GC(23) Humongous regions: 129->129
[2023-04-19T08:12:26.077-0400][gc,metaspace] GC(23) Metaspace: 43295K(44032K)->43295K(44032K) NonClass: 38247K(38656K)->38247K(38656K) Class: 5047K(5376K)->5047K(5376K)
[2023-04-19T08:12:26.077-0400][gc          ] GC(23) Pause Young (Normal) (G1 Evacuation Pause) 573M->199M(1024M) 262.208ms
[2023-04-19T08:12:26.077-0400][gc,cpu      ] GC(23) User=0.14s Sys=0.66s Real=0.26s
[2023-04-19T08:12:47.158-0400][gc,start    ] GC(24) Pause Young (Normal) (G1 Evacuation Pause)
[2023-04-19T08:12:47.158-0400][gc,task     ] GC(24) Using 8 workers of 8 for evacuation
[2023-04-19T08:12:47.169-0400][gc,phases   ] GC(24)   Pre Evacuate Collection Set: 0.1ms
[2023-04-19T08:12:47.169-0400][gc,phases   ] GC(24)   Merge Heap Roots: 0.1ms
[2023-04-19T08:12:47.169-0400][gc,phases   ] GC(24)   Evacuate Collection Set: 10.2ms
[2023-04-19T08:12:47.169-0400][gc,phases   ] GC(24)   Post Evacuate Collection Set: 0.3ms
[2023-04-19T08:12:47.169-0400][gc,phases   ] GC(24)   Other: 0.1ms
[2023-04-19T08:12:47.169-0400][gc,heap     ] GC(24) Eden regions: 35->0(47)
[2023-04-19T08:12:47.169-0400][gc,heap     ] GC(24) Survivor regions: 16->4(7)
[2023-04-19T08:12:47.169-0400][gc,heap     ] GC(24) Old regions: 55->70
[2023-04-19T08:12:47.169-0400][gc,heap     ] GC(24) Archive regions: 2->2
[2023-04-19T08:12:47.169-0400][gc,heap     ] GC(24) Humongous regions: 129->129
[2023-04-19T08:12:47.169-0400][gc,metaspace] GC(24) Metaspace: 43295K(44032K)->43295K(44032K) NonClass: 38247K(38656K)->38247K(38656K) Class: 5047K(5376K)->5047K(5376K)
[2023-04-19T08:12:47.169-0400][gc          ] GC(24) Pause Young (Normal) (G1 Evacuation Pause) 234M->202M(1024M) 10.943ms
[2023-04-19T08:12:47.169-0400][gc,cpu      ] GC(24) User=0.06s Sys=0.02s Real=0.01s
[2023-04-19T08:41:42.783-0400][gc,start    ] GC(25) Pause Young (Normal) (G1 Evacuation Pause)
[2023-04-19T08:41:42.783-0400][gc,task     ] GC(25) Using 8 workers of 8 for evacuation
[2023-04-19T08:41:42.790-0400][gc,phases   ] GC(25)   Pre Evacuate Collection Set: 0.1ms
[2023-04-19T08:41:42.790-0400][gc,phases   ] GC(25)   Merge Heap Roots: 0.0ms
[2023-04-19T08:41:42.790-0400][gc,phases   ] GC(25)   Evacuate Collection Set: 6.4ms
[2023-04-19T08:41:42.790-0400][gc,phases   ] GC(25)   Post Evacuate Collection Set: 0.3ms
[2023-04-19T08:41:42.790-0400][gc,phases   ] GC(25)   Other: 0.1ms
[2023-04-19T08:41:42.790-0400][gc,heap     ] GC(25) Eden regions: 47->0(45)
[2023-04-19T08:41:42.790-0400][gc,heap     ] GC(25) Survivor regions: 4->6(7)
[2023-04-19T08:41:42.790-0400][gc,heap     ] GC(25) Old regions: 70->70
[2023-04-19T08:41:42.790-0400][gc,heap     ] GC(25) Archive regions: 2->2
[2023-04-19T08:41:42.790-0400][gc,heap     ] GC(25) Humongous regions: 129->129
[2023-04-19T08:41:42.790-0400][gc,metaspace] GC(25) Metaspace: 43295K(44032K)->43295K(44032K) NonClass: 38247K(38656K)->38247K(38656K) Class: 5047K(5376K)->5047K(5376K)
[2023-04-19T08:41:42.790-0400][gc          ] GC(25) Pause Young (Normal) (G1 Evacuation Pause) 249M->205M(1024M) 7.156ms
[2023-04-19T08:41:42.790-0400][gc,cpu      ] GC(25) User=0.03s Sys=0.01s Real=0.01s
[2023-04-19T08:42:11.470-0400][gc,start    ] GC(26) Pause Young (Normal) (G1 Evacuation Pause)
[2023-04-19T08:42:11.470-0400][gc,task     ] GC(26) Using 8 workers of 8 for evacuation
[2023-04-19T08:42:11.476-0400][gc,phases   ] GC(26)   Pre Evacuate Collection Set: 0.1ms
[2023-04-19T08:42:11.476-0400][gc,phases   ] GC(26)   Merge Heap Roots: 0.1ms
[2023-04-19T08:42:11.476-0400][gc,phases   ] GC(26)   Evacuate Collection Set: 5.3ms
[2023-04-19T08:42:11.476-0400][gc,phases   ] GC(26)   Post Evacuate Collection Set: 0.3ms
[2023-04-19T08:42:11.476-0400][gc,phases   ] GC(26)   Other: 0.1ms
[2023-04-19T08:42:11.476-0400][gc,heap     ] GC(26) Eden regions: 45->0(45)
[2023-04-19T08:42:11.476-0400][gc,heap     ] GC(26) Survivor regions: 6->6(7)
[2023-04-19T08:42:11.476-0400][gc,heap     ] GC(26) Old regions: 70->72
[2023-04-19T08:42:11.476-0400][gc,heap     ] GC(26) Archive regions: 2->2
[2023-04-19T08:42:11.476-0400][gc,heap     ] GC(26) Humongous regions: 129->129
[2023-04-19T08:42:11.476-0400][gc,metaspace] GC(26) Metaspace: 43295K(44032K)->43295K(44032K) NonClass: 38247K(38656K)->38247K(38656K) Class: 5047K(5376K)->5047K(5376K)
[2023-04-19T08:42:11.476-0400][gc          ] GC(26) Pause Young (Normal) (G1 Evacuation Pause) 250M->207M(1024M) 6.136ms
[2023-04-19T08:42:11.476-0400][gc,cpu      ] GC(26) User=0.04s Sys=0.01s Real=0.00s
[2023-04-19T08:42:40.795-0400][gc,start    ] GC(27) Pause Young (Normal) (G1 Evacuation Pause)
[2023-04-19T08:42:40.795-0400][gc,task     ] GC(27) Using 8 workers of 8 for evacuation
[2023-04-19T08:42:40.799-0400][gc,phases   ] GC(27)   Pre Evacuate Collection Set: 0.1ms
[2023-04-19T08:42:40.799-0400][gc,phases   ] GC(27)   Merge Heap Roots: 0.1ms
[2023-04-19T08:42:40.799-0400][gc,phases   ] GC(27)   Evacuate Collection Set: 4.1ms
[2023-04-19T08:42:40.799-0400][gc,phases   ] GC(27)   Post Evacuate Collection Set: 0.2ms
[2023-04-19T08:42:40.799-0400][gc,phases   ] GC(27)   Other: 0.1ms
[2023-04-19T08:42:40.799-0400][gc,heap     ] GC(27) Eden regions: 45->0(49)
[2023-04-19T08:42:40.799-0400][gc,heap     ] GC(27) Survivor regions: 6->3(7)
[2023-04-19T08:42:40.799-0400][gc,heap     ] GC(27) Old regions: 72->76
[2023-04-19T08:42:40.799-0400][gc,heap     ] GC(27) Archive regions: 2->2
[2023-04-19T08:42:40.799-0400][gc,heap     ] GC(27) Humongous regions: 129->129
[2023-04-19T08:42:40.799-0400][gc,metaspace] GC(27) Metaspace: 43296K(44032K)->43296K(44032K) NonClass: 38248K(38656K)->38248K(38656K) Class: 5047K(5376K)->5047K(5376K)
[2023-04-19T08:42:40.799-0400][gc          ] GC(27) Pause Young (Normal) (G1 Evacuation Pause) 252M->208M(1024M) 4.724ms
[2023-04-19T08:42:40.800-0400][gc,cpu      ] GC(27) User=0.02s Sys=0.00s Real=0.01s
[2023-04-19T08:43:12.496-0400][gc,start    ] GC(28) Pause Young (Normal) (G1 Evacuation Pause)
[2023-04-19T08:43:12.497-0400][gc,task     ] GC(28) Using 8 workers of 8 for evacuation
[2023-04-19T08:43:12.514-0400][gc,phases   ] GC(28)   Pre Evacuate Collection Set: 0.2ms
[2023-04-19T08:43:12.514-0400][gc,phases   ] GC(28)   Merge Heap Roots: 1.1ms
[2023-04-19T08:43:12.514-0400][gc,phases   ] GC(28)   Evacuate Collection Set: 14.9ms
[2023-04-19T08:43:12.514-0400][gc,phases   ] GC(28)   Post Evacuate Collection Set: 0.8ms
[2023-04-19T08:43:12.514-0400][gc,phases   ] GC(28)   Other: 0.1ms
[2023-04-19T08:43:12.514-0400][gc,heap     ] GC(28) Eden regions: 49->0(47)
[2023-04-19T08:43:12.514-0400][gc,heap     ] GC(28) Survivor regions: 3->4(7)
[2023-04-19T08:43:12.514-0400][gc,heap     ] GC(28) Old regions: 76->76
[2023-04-19T08:43:12.514-0400][gc,heap     ] GC(28) Archive regions: 2->2
[2023-04-19T08:43:12.514-0400][gc,heap     ] GC(28) Humongous regions: 129->129
[2023-04-19T08:43:12.514-0400][gc,metaspace] GC(28) Metaspace: 43296K(44032K)->43296K(44032K) NonClass: 38248K(38656K)->38248K(38656K) Class: 5047K(5376K)->5047K(5376K)
[2023-04-19T08:43:12.514-0400][gc          ] GC(28) Pause Young (Normal) (G1 Evacuation Pause) 257M->209M(1024M) 18.221ms
[2023-04-19T08:43:12.514-0400][gc,cpu      ] GC(28) User=0.02s Sys=0.01s Real=0.02s
[2023-04-19T08:56:36.009-0400][gc,start    ] GC(29) Pause Young (Normal) (G1 Evacuation Pause)
[2023-04-19T08:56:36.009-0400][gc,task     ] GC(29) Using 8 workers of 8 for evacuation
[2023-04-19T08:56:36.024-0400][gc,phases   ] GC(29)   Pre Evacuate Collection Set: 0.4ms
[2023-04-19T08:56:36.024-0400][gc,phases   ] GC(29)   Merge Heap Roots: 0.1ms
[2023-04-19T08:56:36.024-0400][gc,phases   ] GC(29)   Evacuate Collection Set: 13.4ms
[2023-04-19T08:56:36.024-0400][gc,phases   ] GC(29)   Post Evacuate Collection Set: 0.4ms
[2023-04-19T08:56:36.024-0400][gc,phases   ] GC(29)   Other: 0.1ms
[2023-04-19T08:56:36.024-0400][gc,heap     ] GC(29) Eden regions: 47->0(46)
[2023-04-19T08:56:36.024-0400][gc,heap     ] GC(29) Survivor regions: 4->5(7)
[2023-04-19T08:56:36.024-0400][gc,heap     ] GC(29) Old regions: 76->77
[2023-04-19T08:56:36.024-0400][gc,heap     ] GC(29) Archive regions: 2->2
[2023-04-19T08:56:36.024-0400][gc,heap     ] GC(29) Humongous regions: 129->129
[2023-04-19T08:56:36.024-0400][gc,metaspace] GC(29) Metaspace: 43367K(44096K)->43367K(44096K) NonClass: 38319K(38720K)->38319K(38720K) Class: 5047K(5376K)->5047K(5376K)
[2023-04-19T08:56:36.024-0400][gc          ] GC(29) Pause Young (Normal) (G1 Evacuation Pause) 256M->211M(1024M) 14.783ms
[2023-04-19T08:56:36.024-0400][gc,cpu      ] GC(29) User=0.04s Sys=0.04s Real=0.02s
[2023-04-19T09:12:46.201-0400][gc,start    ] GC(30) Pause Young (Normal) (G1 Evacuation Pause)
[2023-04-19T09:12:46.201-0400][gc,task     ] GC(30) Using 8 workers of 8 for evacuation
[2023-04-19T09:12:46.227-0400][gc,mmu      ] GC(30) MMU target violated: 21.0ms (20.0ms/21.0ms)
[2023-04-19T09:12:46.227-0400][gc,phases   ] GC(30)   Pre Evacuate Collection Set: 0.8ms
[2023-04-19T09:12:46.227-0400][gc,phases   ] GC(30)   Merge Heap Roots: 0.3ms
[2023-04-19T09:12:46.227-0400][gc,phases   ] GC(30)   Evacuate Collection Set: 24.1ms
[2023-04-19T09:12:46.227-0400][gc,phases   ] GC(30)   Post Evacuate Collection Set: 0.4ms
[2023-04-19T09:12:46.227-0400][gc,phases   ] GC(30)   Other: 0.3ms
[2023-04-19T09:12:46.227-0400][gc,heap     ] GC(30) Eden regions: 46->0(44)
[2023-04-19T09:12:46.227-0400][gc,heap     ] GC(30) Survivor regions: 5->7(7)
[2023-04-19T09:12:46.227-0400][gc,heap     ] GC(30) Old regions: 77->80
[2023-04-19T09:12:46.227-0400][gc,heap     ] GC(30) Archive regions: 2->2
[2023-04-19T09:12:46.227-0400][gc,heap     ] GC(30) Humongous regions: 129->129
[2023-04-19T09:12:46.227-0400][gc,metaspace] GC(30) Metaspace: 43388K(44096K)->43388K(44096K) NonClass: 38341K(38720K)->38341K(38720K) Class: 5047K(5376K)->5047K(5376K)
[2023-04-19T09:12:46.227-0400][gc          ] GC(30) Pause Young (Normal) (G1 Evacuation Pause) 257M->216M(1024M) 26.503ms
[2023-04-19T09:12:46.228-0400][gc,cpu      ] GC(30) User=0.06s Sys=0.08s Real=0.02s
[2023-04-19T09:27:09.060-0400][gc,start    ] GC(31) Pause Young (Normal) (G1 Evacuation Pause)
[2023-04-19T09:27:09.061-0400][gc,task     ] GC(31) Using 8 workers of 8 for evacuation
[2023-04-19T09:27:09.080-0400][gc,phases   ] GC(31)   Pre Evacuate Collection Set: 0.3ms
[2023-04-19T09:27:09.080-0400][gc,phases   ] GC(31)   Merge Heap Roots: 0.3ms
[2023-04-19T09:27:09.080-0400][gc,phases   ] GC(31)   Evacuate Collection Set: 18.1ms
[2023-04-19T09:27:09.080-0400][gc,phases   ] GC(31)   Post Evacuate Collection Set: 0.5ms
[2023-04-19T09:27:09.080-0400][gc,phases   ] GC(31)   Other: 0.2ms
[2023-04-19T09:27:09.080-0400][gc,heap     ] GC(31) Eden regions: 44->0(46)
[2023-04-19T09:27:09.080-0400][gc,heap     ] GC(31) Survivor regions: 7->5(7)
[2023-04-19T09:27:09.080-0400][gc,heap     ] GC(31) Old regions: 80->85
[2023-04-19T09:27:09.080-0400][gc,heap     ] GC(31) Archive regions: 2->2
[2023-04-19T09:27:09.080-0400][gc,heap     ] GC(31) Humongous regions: 129->129
[2023-04-19T09:27:09.080-0400][gc,metaspace] GC(31) Metaspace: 43461K(44160K)->43461K(44160K) NonClass: 38409K(38784K)->38409K(38784K) Class: 5052K(5376K)->5052K(5376K)
[2023-04-19T09:27:09.080-0400][gc          ] GC(31) Pause Young (Normal) (G1 Evacuation Pause) 260M->219M(1024M) 19.846ms
[2023-04-19T09:27:09.080-0400][gc,cpu      ] GC(31) User=0.04s Sys=0.06s Real=0.02s
[2023-04-19T09:43:40.213-0400][gc,start    ] GC(32) Pause Young (Normal) (G1 Evacuation Pause)
[2023-04-19T09:43:40.214-0400][gc,task     ] GC(32) Using 8 workers of 8 for evacuation
[2023-04-19T09:43:40.230-0400][gc,phases   ] GC(32)   Pre Evacuate Collection Set: 1.3ms
[2023-04-19T09:43:40.230-0400][gc,phases   ] GC(32)   Merge Heap Roots: 0.4ms
[2023-04-19T09:43:40.230-0400][gc,phases   ] GC(32)   Evacuate Collection Set: 12.7ms
[2023-04-19T09:43:40.230-0400][gc,phases   ] GC(32)   Post Evacuate Collection Set: 0.9ms
[2023-04-19T09:43:40.230-0400][gc,phases   ] GC(32)   Other: 0.4ms
[2023-04-19T09:43:40.230-0400][gc,heap     ] GC(32) Eden regions: 46->0(53)
[2023-04-19T09:43:40.230-0400][gc,heap     ] GC(32) Survivor regions: 5->3(7)
[2023-04-19T09:43:40.230-0400][gc,heap     ] GC(32) Old regions: 85->87
[2023-04-19T09:43:40.230-0400][gc,heap     ] GC(32) Archive regions: 2->2
[2023-04-19T09:43:40.230-0400][gc,heap     ] GC(32) Humongous regions: 129->129
[2023-04-19T09:43:40.230-0400][gc,metaspace] GC(32) Metaspace: 43462K(44160K)->43462K(44160K) NonClass: 38410K(38784K)->38410K(38784K) Class: 5052K(5376K)->5052K(5376K)
[2023-04-19T09:43:40.230-0400][gc          ] GC(32) Pause Young (Normal) (G1 Evacuation Pause) 265M->219M(1024M) 16.679ms
[2023-04-19T09:43:40.230-0400][gc,cpu      ] GC(32) User=0.03s Sys=0.05s Real=0.02s
[2023-04-19T10:02:42.836-0400][gc,start    ] GC(33) Pause Young (Normal) (G1 Evacuation Pause)
[2023-04-19T10:02:42.838-0400][gc,task     ] GC(33) Using 8 workers of 8 for evacuation
[2023-04-19T10:02:42.860-0400][gc,mmu      ] GC(33) MMU target violated: 21.0ms (20.0ms/21.0ms)
[2023-04-19T10:02:42.860-0400][gc,phases   ] GC(33)   Pre Evacuate Collection Set: 1.2ms
[2023-04-19T10:02:42.860-0400][gc,phases   ] GC(33)   Merge Heap Roots: 0.1ms
[2023-04-19T10:02:42.860-0400][gc,phases   ] GC(33)   Evacuate Collection Set: 20.8ms
[2023-04-19T10:02:42.860-0400][gc,phases   ] GC(33)   Post Evacuate Collection Set: 0.3ms
[2023-04-19T10:02:42.860-0400][gc,phases   ] GC(33)   Other: 0.3ms
[2023-04-19T10:02:42.860-0400][gc,heap     ] GC(33) Eden regions: 53->0(47)
[2023-04-19T10:02:42.860-0400][gc,heap     ] GC(33) Survivor regions: 3->4(7)
[2023-04-19T10:02:42.860-0400][gc,heap     ] GC(33) Old regions: 87->87
[2023-04-19T10:02:42.860-0400][gc,heap     ] GC(33) Archive regions: 2->2
[2023-04-19T10:02:42.860-0400][gc,heap     ] GC(33) Humongous regions: 129->129
[2023-04-19T10:02:42.860-0400][gc,metaspace] GC(33) Metaspace: 43485K(44160K)->43485K(44160K) NonClass: 38432K(38784K)->38432K(38784K) Class: 5052K(5376K)->5052K(5376K)
[2023-04-19T10:02:42.860-0400][gc          ] GC(33) Pause Young (Normal) (G1 Evacuation Pause) 272M->220M(1024M) 24.643ms
[2023-04-19T10:02:42.860-0400][gc,cpu      ] GC(33) User=0.03s Sys=0.04s Real=0.03s
[2023-04-19T10:18:19.841-0400][gc,start    ] GC(34) Pause Young (Normal) (G1 Evacuation Pause)
[2023-04-19T10:18:19.855-0400][gc,task     ] GC(34) Using 8 workers of 8 for evacuation
[2023-04-19T10:18:19.874-0400][gc,phases   ] GC(34)   Pre Evacuate Collection Set: 0.8ms
[2023-04-19T10:18:19.874-0400][gc,phases   ] GC(34)   Merge Heap Roots: 0.1ms
[2023-04-19T10:18:19.874-0400][gc,phases   ] GC(34)   Evacuate Collection Set: 17.2ms
[2023-04-19T10:18:19.874-0400][gc,phases   ] GC(34)   Post Evacuate Collection Set: 0.9ms
[2023-04-19T10:18:19.874-0400][gc,phases   ] GC(34)   Other: 0.3ms
[2023-04-19T10:18:19.874-0400][gc,heap     ] GC(34) Eden regions: 47->0(46)
[2023-04-19T10:18:19.874-0400][gc,heap     ] GC(34) Survivor regions: 4->5(7)
[2023-04-19T10:18:19.874-0400][gc,heap     ] GC(34) Old regions: 87->87
[2023-04-19T10:18:19.874-0400][gc,heap     ] GC(34) Archive regions: 2->2
[2023-04-19T10:18:19.874-0400][gc,heap     ] GC(34) Humongous regions: 129->129
[2023-04-19T10:18:19.874-0400][gc,metaspace] GC(34) Metaspace: 43493K(44160K)->43493K(44160K) NonClass: 38441K(38784K)->38441K(38784K) Class: 5052K(5376K)->5052K(5376K)
[2023-04-19T10:18:19.874-0400][gc          ] GC(34) Pause Young (Normal) (G1 Evacuation Pause) 267M->221M(1024M) 32.829ms
[2023-04-19T10:18:19.874-0400][gc,cpu      ] GC(34) User=0.03s Sys=0.05s Real=0.03s
[2023-04-19T10:34:51.202-0400][gc,start    ] GC(35) Pause Young (Normal) (G1 Evacuation Pause)
[2023-04-19T10:34:51.202-0400][gc,task     ] GC(35) Using 8 workers of 8 for evacuation
[2023-04-19T10:34:51.211-0400][gc,phases   ] GC(35)   Pre Evacuate Collection Set: 0.4ms
[2023-04-19T10:34:51.211-0400][gc,phases   ] GC(35)   Merge Heap Roots: 0.2ms
[2023-04-19T10:34:51.211-0400][gc,phases   ] GC(35)   Evacuate Collection Set: 7.4ms
[2023-04-19T10:34:51.211-0400][gc,phases   ] GC(35)   Post Evacuate Collection Set: 0.5ms
[2023-04-19T10:34:51.211-0400][gc,phases   ] GC(35)   Other: 0.2ms
[2023-04-19T10:34:51.211-0400][gc,heap     ] GC(35) Eden regions: 46->0(52)
[2023-04-19T10:34:51.211-0400][gc,heap     ] GC(35) Survivor regions: 5->3(7)
[2023-04-19T10:34:51.211-0400][gc,heap     ] GC(35) Old regions: 87->90
[2023-04-19T10:34:51.211-0400][gc,heap     ] GC(35) Archive regions: 2->2
[2023-04-19T10:34:51.211-0400][gc,heap     ] GC(35) Humongous regions: 129->129
[2023-04-19T10:34:51.211-0400][gc,metaspace] GC(35) Metaspace: 43509K(44160K)->43509K(44160K) NonClass: 38457K(38784K)->38457K(38784K) Class: 5052K(5376K)->5052K(5376K)
[2023-04-19T10:34:51.211-0400][gc          ] GC(35) Pause Young (Normal) (G1 Evacuation Pause) 267M->221M(1024M) 9.712ms
[2023-04-19T10:34:51.211-0400][gc,cpu      ] GC(35) User=0.03s Sys=0.02s Real=0.01s
[2023-04-19T10:53:32.289-0400][gc,start    ] GC(36) Pause Young (Normal) (G1 Evacuation Pause)
[2023-04-19T10:53:32.290-0400][gc,task     ] GC(36) Using 8 workers of 8 for evacuation
[2023-04-19T10:53:32.299-0400][gc,phases   ] GC(36)   Pre Evacuate Collection Set: 0.2ms
[2023-04-19T10:53:32.299-0400][gc,phases   ] GC(36)   Merge Heap Roots: 0.1ms
[2023-04-19T10:53:32.299-0400][gc,phases   ] GC(36)   Evacuate Collection Set: 7.1ms
[2023-04-19T10:53:32.299-0400][gc,phases   ] GC(36)   Post Evacuate Collection Set: 0.4ms
[2023-04-19T10:53:32.299-0400][gc,phases   ] GC(36)   Other: 1.1ms
[2023-04-19T10:53:32.299-0400][gc,heap     ] GC(36) Eden regions: 52->0(68)
[2023-04-19T10:53:32.299-0400][gc,heap     ] GC(36) Survivor regions: 3->3(7)
[2023-04-19T10:53:32.299-0400][gc,heap     ] GC(36) Old regions: 90->90
[2023-04-19T10:53:32.299-0400][gc,heap     ] GC(36) Archive regions: 2->2
[2023-04-19T10:53:32.299-0400][gc,heap     ] GC(36) Humongous regions: 129->129
[2023-04-19T10:53:32.299-0400][gc,metaspace] GC(36) Metaspace: 43510K(44160K)->43510K(44160K) NonClass: 38458K(38784K)->38458K(38784K) Class: 5052K(5376K)->5052K(5376K)
[2023-04-19T10:53:32.299-0400][gc          ] GC(36) Pause Young (Normal) (G1 Evacuation Pause) 273M->221M(1024M) 10.086ms
[2023-04-19T10:53:32.299-0400][gc,cpu      ] GC(36) User=0.01s Sys=0.03s Real=0.01s
[2023-04-19T11:16:52.660-0400][gc,start    ] GC(37) Pause Young (Normal) (G1 Evacuation Pause)
[2023-04-19T11:16:52.661-0400][gc,task     ] GC(37) Using 8 workers of 8 for evacuation
[2023-04-19T11:16:52.683-0400][gc,mmu      ] GC(37) MMU target violated: 21.0ms (20.0ms/21.0ms)
[2023-04-19T11:16:52.683-0400][gc,phases   ] GC(37)   Pre Evacuate Collection Set: 1.5ms
[2023-04-19T11:16:52.683-0400][gc,phases   ] GC(37)   Merge Heap Roots: 0.3ms
[2023-04-19T11:16:52.683-0400][gc,phases   ] GC(37)   Evacuate Collection Set: 17.7ms
[2023-04-19T11:16:52.683-0400][gc,phases   ] GC(37)   Post Evacuate Collection Set: 1.9ms
[2023-04-19T11:16:52.683-0400][gc,phases   ] GC(37)   Other: 0.4ms
[2023-04-19T11:16:52.683-0400][gc,heap     ] GC(37) Eden regions: 68->0(45)
[2023-04-19T11:16:52.683-0400][gc,heap     ] GC(37) Survivor regions: 3->6(9)
[2023-04-19T11:16:52.683-0400][gc,heap     ] GC(37) Old regions: 90->90
[2023-04-19T11:16:52.683-0400][gc,heap     ] GC(37) Archive regions: 2->2
[2023-04-19T11:16:52.683-0400][gc,heap     ] GC(37) Humongous regions: 129->129
[2023-04-19T11:16:52.683-0400][gc,metaspace] GC(37) Metaspace: 43513K(44160K)->43513K(44160K) NonClass: 38461K(38784K)->38461K(38784K) Class: 5052K(5376K)->5052K(5376K)
[2023-04-19T11:16:52.683-0400][gc          ] GC(37) Pause Young (Normal) (G1 Evacuation Pause) 289M->224M(1024M) 22.812ms
[2023-04-19T11:16:52.683-0400][gc,cpu      ] GC(37) User=0.02s Sys=0.06s Real=0.02s
[2023-04-19T11:33:02.914-0400][gc,start    ] GC(38) Pause Young (Normal) (G1 Evacuation Pause)
[2023-04-19T11:33:02.915-0400][gc,task     ] GC(38) Using 8 workers of 8 for evacuation
[2023-04-19T11:33:02.925-0400][gc,phases   ] GC(38)   Pre Evacuate Collection Set: 1.2ms
[2023-04-19T11:33:02.925-0400][gc,phases   ] GC(38)   Merge Heap Roots: 0.2ms
[2023-04-19T11:33:02.926-0400][gc,phases   ] GC(38)   Evacuate Collection Set: 7.0ms
[2023-04-19T11:33:02.926-0400][gc,phases   ] GC(38)   Post Evacuate Collection Set: 0.5ms
[2023-04-19T11:33:02.926-0400][gc,phases   ] GC(38)   Other: 1.1ms
[2023-04-19T11:33:02.926-0400][gc,heap     ] GC(38) Eden regions: 45->0(82)
[2023-04-19T11:33:02.926-0400][gc,heap     ] GC(38) Survivor regions: 6->3(7)
[2023-04-19T11:33:02.926-0400][gc,heap     ] GC(38) Old regions: 90->92
[2023-04-19T11:33:02.926-0400][gc,heap     ] GC(38) Archive regions: 2->2
[2023-04-19T11:33:02.926-0400][gc,heap     ] GC(38) Humongous regions: 129->129
[2023-04-19T11:33:02.926-0400][gc,metaspace] GC(38) Metaspace: 43513K(44160K)->43513K(44160K) NonClass: 38461K(38784K)->38461K(38784K) Class: 5052K(5376K)->5052K(5376K)
[2023-04-19T11:33:02.926-0400][gc          ] GC(38) Pause Young (Normal) (G1 Evacuation Pause) 269M->224M(1024M) 11.305ms
[2023-04-19T11:33:02.926-0400][gc,cpu      ] GC(38) User=0.04s Sys=0.01s Real=0.01s
[2023-04-19T12:02:36.229-0400][gc,start    ] GC(39) Pause Young (Normal) (G1 Evacuation Pause)
[2023-04-19T12:02:36.230-0400][gc,task     ] GC(39) Using 8 workers of 8 for evacuation
[2023-04-19T12:02:36.246-0400][gc,phases   ] GC(39)   Pre Evacuate Collection Set: 1.2ms
[2023-04-19T12:02:36.246-0400][gc,phases   ] GC(39)   Merge Heap Roots: 0.2ms
[2023-04-19T12:02:36.246-0400][gc,phases   ] GC(39)   Evacuate Collection Set: 13.6ms
[2023-04-19T12:02:36.246-0400][gc,phases   ] GC(39)   Post Evacuate Collection Set: 1.4ms
[2023-04-19T12:02:36.246-0400][gc,phases   ] GC(39)   Other: 0.2ms
[2023-04-19T12:02:36.246-0400][gc,heap     ] GC(39) Eden regions: 82->0(50)
[2023-04-19T12:02:36.246-0400][gc,heap     ] GC(39) Survivor regions: 3->3(11)
[2023-04-19T12:02:36.246-0400][gc,heap     ] GC(39) Old regions: 92->92
[2023-04-19T12:02:36.246-0400][gc,heap     ] GC(39) Archive regions: 2->2
[2023-04-19T12:02:36.246-0400][gc,heap     ] GC(39) Humongous regions: 129->129
[2023-04-19T12:02:36.246-0400][gc,metaspace] GC(39) Metaspace: 43514K(44160K)->43514K(44160K) NonClass: 38462K(38784K)->38462K(38784K) Class: 5052K(5376K)->5052K(5376K)
[2023-04-19T12:02:36.246-0400][gc          ] GC(39) Pause Young (Normal) (G1 Evacuation Pause) 306M->224M(1024M) 17.704ms
[2023-04-19T12:02:36.246-0400][gc,cpu      ] GC(39) User=0.01s Sys=0.03s Real=0.02s
[2023-04-19T12:16:01.771-0400][gc,start    ] GC(40) Pause Young (Normal) (G1 Evacuation Pause)
[2023-04-19T12:16:01.772-0400][gc,task     ] GC(40) Using 8 workers of 8 for evacuation
[2023-04-19T12:16:01.792-0400][gc,mmu      ] GC(40) MMU target violated: 20.5ms (20.0ms/21.0ms)
[2023-04-19T12:16:01.792-0400][gc,phases   ] GC(40)   Pre Evacuate Collection Set: 3.0ms
[2023-04-19T12:16:01.792-0400][gc,phases   ] GC(40)   Merge Heap Roots: 0.4ms
[2023-04-19T12:16:01.792-0400][gc,phases   ] GC(40)   Evacuate Collection Set: 16.2ms
[2023-04-19T12:16:01.792-0400][gc,phases   ] GC(40)   Post Evacuate Collection Set: 0.8ms
[2023-04-19T12:16:01.792-0400][gc,phases   ] GC(40)   Other: 0.4ms
[2023-04-19T12:16:01.792-0400][gc,heap     ] GC(40) Eden regions: 50->0(46)
[2023-04-19T12:16:01.792-0400][gc,heap     ] GC(40) Survivor regions: 3->5(7)
[2023-04-19T12:16:01.793-0400][gc,heap     ] GC(40) Old regions: 92->92
[2023-04-19T12:16:01.793-0400][gc,heap     ] GC(40) Archive regions: 2->2
[2023-04-19T12:16:01.793-0400][gc,heap     ] GC(40) Humongous regions: 129->129
[2023-04-19T12:16:01.793-0400][gc,metaspace] GC(40) Metaspace: 43519K(44224K)->43519K(44224K) NonClass: 38467K(38848K)->38467K(38848K) Class: 5052K(5376K)->5052K(5376K)
[2023-04-19T12:16:01.793-0400][gc          ] GC(40) Pause Young (Normal) (G1 Evacuation Pause) 274M->226M(1024M) 21.809ms
[2023-04-19T12:16:01.793-0400][gc,cpu      ] GC(40) User=0.03s Sys=0.05s Real=0.02s
[2023-04-19T12:16:30.741-0400][gc,start    ] GC(41) Pause Young (Normal) (G1 Evacuation Pause)
[2023-04-19T12:16:30.741-0400][gc,task     ] GC(41) Using 8 workers of 8 for evacuation
[2023-04-19T12:16:30.752-0400][gc,phases   ] GC(41)   Pre Evacuate Collection Set: 0.3ms
[2023-04-19T12:16:30.752-0400][gc,phases   ] GC(41)   Merge Heap Roots: 0.1ms
[2023-04-19T12:16:30.752-0400][gc,phases   ] GC(41)   Evacuate Collection Set: 9.1ms
[2023-04-19T12:16:30.752-0400][gc,phases   ] GC(41)   Post Evacuate Collection Set: 1.1ms
[2023-04-19T12:16:30.752-0400][gc,phases   ] GC(41)   Other: 0.1ms
[2023-04-19T12:16:30.752-0400][gc,heap     ] GC(41) Eden regions: 46->0(48)
[2023-04-19T12:16:30.752-0400][gc,heap     ] GC(41) Survivor regions: 5->3(7)
[2023-04-19T12:16:30.752-0400][gc,heap     ] GC(41) Old regions: 92->96
[2023-04-19T12:16:30.752-0400][gc,heap     ] GC(41) Archive regions: 2->2
[2023-04-19T12:16:30.752-0400][gc,heap     ] GC(41) Humongous regions: 129->129
[2023-04-19T12:16:30.752-0400][gc,metaspace] GC(41) Metaspace: 43519K(44224K)->43519K(44224K) NonClass: 38467K(38848K)->38467K(38848K) Class: 5052K(5376K)->5052K(5376K)
[2023-04-19T12:16:30.752-0400][gc          ] GC(41) Pause Young (Normal) (G1 Evacuation Pause) 272M->228M(1024M) 11.369ms
[2023-04-19T12:16:30.752-0400][gc,cpu      ] GC(41) User=0.05s Sys=0.01s Real=0.01s
[2023-04-19T12:17:02.801-0400][gc,start    ] GC(42) Pause Young (Normal) (G1 Evacuation Pause)
[2023-04-19T12:17:02.805-0400][gc,task     ] GC(42) Using 8 workers of 8 for evacuation
[2023-04-19T12:17:02.809-0400][gc,phases   ] GC(42)   Pre Evacuate Collection Set: 0.3ms
[2023-04-19T12:17:02.809-0400][gc,phases   ] GC(42)   Merge Heap Roots: 0.2ms
[2023-04-19T12:17:02.810-0400][gc,phases   ] GC(42)   Evacuate Collection Set: 3.7ms
[2023-04-19T12:17:02.810-0400][gc,phases   ] GC(42)   Post Evacuate Collection Set: 0.4ms
[2023-04-19T12:17:02.810-0400][gc,phases   ] GC(42)   Other: 0.2ms
[2023-04-19T12:17:02.810-0400][gc,heap     ] GC(42) Eden regions: 48->0(63)
[2023-04-19T12:17:02.810-0400][gc,heap     ] GC(42) Survivor regions: 3->4(7)
[2023-04-19T12:17:02.810-0400][gc,heap     ] GC(42) Old regions: 96->96
[2023-04-19T12:17:02.810-0400][gc,heap     ] GC(42) Archive regions: 2->2
[2023-04-19T12:17:02.810-0400][gc,heap     ] GC(42) Humongous regions: 129->129
[2023-04-19T12:17:02.810-0400][gc,metaspace] GC(42) Metaspace: 43519K(44224K)->43519K(44224K) NonClass: 38467K(38848K)->38467K(38848K) Class: 5052K(5376K)->5052K(5376K)
[2023-04-19T12:17:02.810-0400][gc          ] GC(42) Pause Young (Normal) (G1 Evacuation Pause) 276M->229M(1024M) 8.979ms
[2023-04-19T12:17:02.810-0400][gc,cpu      ] GC(42) User=0.02s Sys=0.00s Real=0.01s
[2023-04-19T12:17:45.195-0400][gc,start    ] GC(43) Pause Young (Normal) (G1 Evacuation Pause)
[2023-04-19T12:17:45.196-0400][gc,task     ] GC(43) Using 8 workers of 8 for evacuation
[2023-04-19T12:17:45.204-0400][gc,phases   ] GC(43)   Pre Evacuate Collection Set: 0.1ms
[2023-04-19T12:17:45.204-0400][gc,phases   ] GC(43)   Merge Heap Roots: 0.1ms
[2023-04-19T12:17:45.204-0400][gc,phases   ] GC(43)   Evacuate Collection Set: 8.0ms
[2023-04-19T12:17:45.204-0400][gc,phases   ] GC(43)   Post Evacuate Collection Set: 0.2ms
[2023-04-19T12:17:45.204-0400][gc,phases   ] GC(43)   Other: 0.1ms
[2023-04-19T12:17:45.204-0400][gc,heap     ] GC(43) Eden regions: 63->0(70)
[2023-04-19T12:17:45.204-0400][gc,heap     ] GC(43) Survivor regions: 4->5(9)
[2023-04-19T12:17:45.204-0400][gc,heap     ] GC(43) Old regions: 96->96
[2023-04-19T12:17:45.204-0400][gc,heap     ] GC(43) Archive regions: 2->2
[2023-04-19T12:17:45.204-0400][gc,heap     ] GC(43) Humongous regions: 129->129
[2023-04-19T12:17:45.204-0400][gc,metaspace] GC(43) Metaspace: 43519K(44224K)->43519K(44224K) NonClass: 38467K(38848K)->38467K(38848K) Class: 5052K(5376K)->5052K(5376K)
[2023-04-19T12:17:45.204-0400][gc          ] GC(43) Pause Young (Normal) (G1 Evacuation Pause) 292M->230M(1024M) 9.432ms
[2023-04-19T12:17:45.204-0400][gc,cpu      ] GC(43) User=0.02s Sys=0.03s Real=0.01s
[2023-04-19T12:18:32.167-0400][gc,start    ] GC(44) Pause Young (Normal) (G1 Evacuation Pause)
[2023-04-19T12:18:32.168-0400][gc,task     ] GC(44) Using 8 workers of 8 for evacuation
[2023-04-19T12:18:32.184-0400][gc,phases   ] GC(44)   Pre Evacuate Collection Set: 0.2ms
[2023-04-19T12:18:32.184-0400][gc,phases   ] GC(44)   Merge Heap Roots: 0.2ms
[2023-04-19T12:18:32.184-0400][gc,phases   ] GC(44)   Evacuate Collection Set: 15.1ms
[2023-04-19T12:18:32.184-0400][gc,phases   ] GC(44)   Post Evacuate Collection Set: 0.4ms
[2023-04-19T12:18:32.184-0400][gc,phases   ] GC(44)   Other: 0.1ms
[2023-04-19T12:18:32.184-0400][gc,heap     ] GC(44) Eden regions: 70->0(45)
[2023-04-19T12:18:32.184-0400][gc,heap     ] GC(44) Survivor regions: 5->6(10)
[2023-04-19T12:18:32.184-0400][gc,heap     ] GC(44) Old regions: 96->96
[2023-04-19T12:18:32.184-0400][gc,heap     ] GC(44) Archive regions: 2->2
[2023-04-19T12:18:32.184-0400][gc,heap     ] GC(44) Humongous regions: 129->129
[2023-04-19T12:18:32.184-0400][gc,metaspace] GC(44) Metaspace: 43519K(44224K)->43519K(44224K) NonClass: 38467K(38848K)->38467K(38848K) Class: 5052K(5376K)->5052K(5376K)
[2023-04-19T12:18:32.184-0400][gc          ] GC(44) Pause Young (Normal) (G1 Evacuation Pause) 300M->230M(1024M) 17.025ms
[2023-04-19T12:18:32.184-0400][gc,cpu      ] GC(44) User=0.03s Sys=0.04s Real=0.02s
[2023-04-19T12:19:01.873-0400][gc,start    ] GC(45) Pause Young (Normal) (G1 Evacuation Pause)
[2023-04-19T12:19:01.873-0400][gc,task     ] GC(45) Using 8 workers of 8 for evacuation
[2023-04-19T12:19:01.880-0400][gc,phases   ] GC(45)   Pre Evacuate Collection Set: 0.3ms
[2023-04-19T12:19:01.880-0400][gc,phases   ] GC(45)   Merge Heap Roots: 0.1ms
[2023-04-19T12:19:01.880-0400][gc,phases   ] GC(45)   Evacuate Collection Set: 5.6ms
[2023-04-19T12:19:01.880-0400][gc,phases   ] GC(45)   Post Evacuate Collection Set: 0.4ms
[2023-04-19T12:19:01.880-0400][gc,phases   ] GC(45)   Other: 1.4ms
[2023-04-19T12:19:01.881-0400][gc,heap     ] GC(45) Eden regions: 45->0(139)
[2023-04-19T12:19:01.881-0400][gc,heap     ] GC(45) Survivor regions: 6->4(7)
[2023-04-19T12:19:01.881-0400][gc,heap     ] GC(45) Old regions: 96->98
[2023-04-19T12:19:01.881-0400][gc,heap     ] GC(45) Archive regions: 2->2
[2023-04-19T12:19:01.881-0400][gc,heap     ] GC(45) Humongous regions: 129->129
[2023-04-19T12:19:01.881-0400][gc,metaspace] GC(45) Metaspace: 43535K(44224K)->43535K(44224K) NonClass: 38483K(38848K)->38483K(38848K) Class: 5052K(5376K)->5052K(5376K)
[2023-04-19T12:19:01.881-0400][gc          ] GC(45) Pause Young (Normal) (G1 Evacuation Pause) 275M->231M(1024M) 8.069ms
[2023-04-19T12:19:01.881-0400][gc,cpu      ] GC(45) User=0.04s Sys=0.01s Real=0.01s
[2023-04-19T12:20:36.408-0400][gc,start    ] GC(46) Pause Young (Normal) (G1 Evacuation Pause)
[2023-04-19T12:20:36.409-0400][gc,task     ] GC(46) Using 8 workers of 8 for evacuation
[2023-04-19T12:20:36.435-0400][gc,mmu      ] GC(46) MMU target violated: 21.0ms (20.0ms/21.0ms)
[2023-04-19T12:20:36.435-0400][gc,phases   ] GC(46)   Pre Evacuate Collection Set: 1.1ms
[2023-04-19T12:20:36.435-0400][gc,phases   ] GC(46)   Merge Heap Roots: 0.1ms
[2023-04-19T12:20:36.435-0400][gc,phases   ] GC(46)   Evacuate Collection Set: 23.9ms
[2023-04-19T12:20:36.435-0400][gc,phases   ] GC(46)   Post Evacuate Collection Set: 0.9ms
[2023-04-19T12:20:36.435-0400][gc,phases   ] GC(46)   Other: 0.2ms
[2023-04-19T12:20:36.435-0400][gc,heap     ] GC(46) Eden regions: 138->0(44)
[2023-04-19T12:20:36.435-0400][gc,heap     ] GC(46) Survivor regions: 4->7(18)
[2023-04-19T12:20:36.435-0400][gc,heap     ] GC(46) Old regions: 98->98
[2023-04-19T12:20:36.435-0400][gc,heap     ] GC(46) Archive regions: 2->2
[2023-04-19T12:20:36.435-0400][gc,heap     ] GC(46) Humongous regions: 129->129
[2023-04-19T12:20:36.435-0400][gc,metaspace] GC(46) Metaspace: 43535K(44224K)->43535K(44224K) NonClass: 38483K(38848K)->38483K(38848K) Class: 5052K(5376K)->5052K(5376K)
[2023-04-19T12:20:36.435-0400][gc          ] GC(46) Pause Young (Normal) (G1 Evacuation Pause) 369M->233M(1024M) 26.824ms
[2023-04-19T12:20:36.435-0400][gc,cpu      ] GC(46) User=0.03s Sys=0.06s Real=0.03s
[2023-04-19T12:21:05.516-0400][gc,start    ] GC(47) Pause Young (Normal) (G1 Evacuation Pause)
[2023-04-19T12:21:05.516-0400][gc,task     ] GC(47) Using 8 workers of 8 for evacuation
[2023-04-19T12:21:05.524-0400][gc,phases   ] GC(47)   Pre Evacuate Collection Set: 0.2ms
[2023-04-19T12:21:05.524-0400][gc,phases   ] GC(47)   Merge Heap Roots: 0.1ms
[2023-04-19T12:21:05.524-0400][gc,phases   ] GC(47)   Evacuate Collection Set: 6.9ms
[2023-04-19T12:21:05.524-0400][gc,phases   ] GC(47)   Post Evacuate Collection Set: 0.5ms
[2023-04-19T12:21:05.524-0400][gc,phases   ] GC(47)   Other: 0.2ms
[2023-04-19T12:21:05.524-0400][gc,heap     ] GC(47) Eden regions: 44->0(99)
[2023-04-19T12:21:05.524-0400][gc,heap     ] GC(47) Survivor regions: 7->5(7)
[2023-04-19T12:21:05.524-0400][gc,heap     ] GC(47) Old regions: 98->101
[2023-04-19T12:21:05.524-0400][gc,heap     ] GC(47) Archive regions: 2->2
[2023-04-19T12:21:05.524-0400][gc,heap     ] GC(47) Humongous regions: 129->129
[2023-04-19T12:21:05.524-0400][gc,metaspace] GC(47) Metaspace: 43535K(44224K)->43535K(44224K) NonClass: 38483K(38848K)->38483K(38848K) Class: 5052K(5376K)->5052K(5376K)
[2023-04-19T12:21:05.525-0400][gc          ] GC(47) Pause Young (Normal) (G1 Evacuation Pause) 277M->234M(1024M) 8.637ms
[2023-04-19T12:21:05.525-0400][gc,cpu      ] GC(47) User=0.05s Sys=0.00s Real=0.01s
[2023-04-19T12:22:11.562-0400][gc,start    ] GC(48) Pause Young (Normal) (G1 Evacuation Pause)
[2023-04-19T12:22:11.581-0400][gc,task     ] GC(48) Using 8 workers of 8 for evacuation
[2023-04-19T12:22:11.588-0400][gc,phases   ] GC(48)   Pre Evacuate Collection Set: 0.2ms
[2023-04-19T12:22:11.588-0400][gc,phases   ] GC(48)   Merge Heap Roots: 0.1ms
[2023-04-19T12:22:11.588-0400][gc,phases   ] GC(48)   Evacuate Collection Set: 5.7ms
[2023-04-19T12:22:11.588-0400][gc,phases   ] GC(48)   Post Evacuate Collection Set: 0.5ms
[2023-04-19T12:22:11.588-0400][gc,phases   ] GC(48)   Other: 0.7ms
[2023-04-19T12:22:11.588-0400][gc,heap     ] GC(48) Eden regions: 99->0(115)
[2023-04-19T12:22:11.588-0400][gc,heap     ] GC(48) Survivor regions: 5->6(13)
[2023-04-19T12:22:11.588-0400][gc,heap     ] GC(48) Old regions: 101->101
[2023-04-19T12:22:11.588-0400][gc,heap     ] GC(48) Archive regions: 2->2
[2023-04-19T12:22:11.588-0400][gc,heap     ] GC(48) Humongous regions: 129->129
[2023-04-19T12:22:11.588-0400][gc,metaspace] GC(48) Metaspace: 43535K(44224K)->43535K(44224K) NonClass: 38483K(38848K)->38483K(38848K) Class: 5052K(5376K)->5052K(5376K)
[2023-04-19T12:22:11.588-0400][gc          ] GC(48) Pause Young (Normal) (G1 Evacuation Pause) 333M->236M(1024M) 26.798ms
[2023-04-19T12:22:11.589-0400][gc,cpu      ] GC(48) User=0.04s Sys=0.00s Real=0.02s
[2023-04-19T12:23:28.156-0400][gc,start    ] GC(49) Pause Young (Normal) (G1 Evacuation Pause)
[2023-04-19T12:23:28.157-0400][gc,task     ] GC(49) Using 8 workers of 8 for evacuation
[2023-04-19T12:23:28.166-0400][gc,phases   ] GC(49)   Pre Evacuate Collection Set: 0.2ms
[2023-04-19T12:23:28.166-0400][gc,phases   ] GC(49)   Merge Heap Roots: 0.1ms
[2023-04-19T12:23:28.166-0400][gc,phases   ] GC(49)   Evacuate Collection Set: 7.0ms
[2023-04-19T12:23:28.166-0400][gc,phases   ] GC(49)   Post Evacuate Collection Set: 0.4ms
[2023-04-19T12:23:28.166-0400][gc,phases   ] GC(49)   Other: 0.4ms
[2023-04-19T12:23:28.166-0400][gc,heap     ] GC(49) Eden regions: 115->0(61)
[2023-04-19T12:23:28.166-0400][gc,heap     ] GC(49) Survivor regions: 6->9(16)
[2023-04-19T12:23:28.166-0400][gc,heap     ] GC(49) Old regions: 101->101
[2023-04-19T12:23:28.166-0400][gc,heap     ] GC(49) Archive regions: 2->2
[2023-04-19T12:23:28.166-0400][gc,heap     ] GC(49) Humongous regions: 129->129
[2023-04-19T12:23:28.166-0400][gc,metaspace] GC(49) Metaspace: 43537K(44224K)->43537K(44224K) NonClass: 38485K(38848K)->38485K(38848K) Class: 5052K(5376K)->5052K(5376K)
[2023-04-19T12:23:28.166-0400][gc          ] GC(49) Pause Young (Normal) (G1 Evacuation Pause) 351M->238M(1024M) 9.364ms
[2023-04-19T12:23:28.166-0400][gc,cpu      ] GC(49) User=0.05s Sys=0.00s Real=0.01s
[2023-04-19T12:24:08.337-0400][gc,start    ] GC(50) Pause Young (Normal) (G1 Evacuation Pause)
[2023-04-19T12:24:08.337-0400][gc,task     ] GC(50) Using 8 workers of 8 for evacuation
[2023-04-19T12:24:08.344-0400][gc,phases   ] GC(50)   Pre Evacuate Collection Set: 0.1ms
[2023-04-19T12:24:08.344-0400][gc,phases   ] GC(50)   Merge Heap Roots: 0.1ms
[2023-04-19T12:24:08.344-0400][gc,phases   ] GC(50)   Evacuate Collection Set: 6.3ms
[2023-04-19T12:24:08.344-0400][gc,phases   ] GC(50)   Post Evacuate Collection Set: 0.3ms
[2023-04-19T12:24:08.344-0400][gc,phases   ] GC(50)   Other: 0.1ms
[2023-04-19T12:24:08.344-0400][gc,heap     ] GC(50) Eden regions: 61->0(227)
[2023-04-19T12:24:08.344-0400][gc,heap     ] GC(50) Survivor regions: 9->7(9)
[2023-04-19T12:24:08.344-0400][gc,heap     ] GC(50) Old regions: 101->104
[2023-04-19T12:24:08.344-0400][gc,heap     ] GC(50) Archive regions: 2->2
[2023-04-19T12:24:08.344-0400][gc,heap     ] GC(50) Humongous regions: 129->129
[2023-04-19T12:24:08.344-0400][gc,metaspace] GC(50) Metaspace: 43538K(44224K)->43538K(44224K) NonClass: 38486K(38848K)->38486K(38848K) Class: 5052K(5376K)->5052K(5376K)
[2023-04-19T12:24:08.344-0400][gc          ] GC(50) Pause Young (Normal) (G1 Evacuation Pause) 299M->239M(1024M) 7.448ms
[2023-04-19T12:24:08.344-0400][gc,cpu      ] GC(50) User=0.03s Sys=0.00s Real=0.01s
[2023-04-19T12:26:42.448-0400][gc,start    ] GC(51) Pause Young (Normal) (G1 Evacuation Pause)
[2023-04-19T12:26:42.449-0400][gc,task     ] GC(51) Using 8 workers of 8 for evacuation
[2023-04-19T12:26:42.502-0400][gc,mmu      ] GC(51) MMU target violated: 21.0ms (20.0ms/21.0ms)
[2023-04-19T12:26:42.502-0400][gc,phases   ] GC(51)   Pre Evacuate Collection Set: 2.5ms
[2023-04-19T12:26:42.502-0400][gc,phases   ] GC(51)   Merge Heap Roots: 0.2ms
[2023-04-19T12:26:42.502-0400][gc,phases   ] GC(51)   Evacuate Collection Set: 50.0ms
[2023-04-19T12:26:42.502-0400][gc,phases   ] GC(51)   Post Evacuate Collection Set: 0.8ms
[2023-04-19T12:26:42.502-0400][gc,phases   ] GC(51)   Other: 0.3ms
[2023-04-19T12:26:42.502-0400][gc,heap     ] GC(51) Eden regions: 226->0(41)
[2023-04-19T12:26:42.502-0400][gc,heap     ] GC(51) Survivor regions: 7->10(30)
[2023-04-19T12:26:42.502-0400][gc,heap     ] GC(51) Old regions: 104->104
[2023-04-19T12:26:42.502-0400][gc,heap     ] GC(51) Archive regions: 2->2
[2023-04-19T12:26:42.502-0400][gc,heap     ] GC(51) Humongous regions: 129->129
[2023-04-19T12:26:42.502-0400][gc,metaspace] GC(51) Metaspace: 43541K(44224K)->43541K(44224K) NonClass: 38489K(38848K)->38489K(38848K) Class: 5052K(5376K)->5052K(5376K)
[2023-04-19T12:26:42.502-0400][gc          ] GC(51) Pause Young (Normal) (G1 Evacuation Pause) 465M->242M(1024M) 54.315ms
[2023-04-19T12:26:42.502-0400][gc,cpu      ] GC(51) User=0.05s Sys=0.09s Real=0.06s
[2023-04-19T12:27:09.158-0400][gc,start    ] GC(52) Pause Young (Normal) (G1 Evacuation Pause)
[2023-04-19T12:27:09.159-0400][gc,task     ] GC(52) Using 8 workers of 8 for evacuation
[2023-04-19T12:27:09.172-0400][gc,phases   ] GC(52)   Pre Evacuate Collection Set: 1.7ms
[2023-04-19T12:27:09.172-0400][gc,phases   ] GC(52)   Merge Heap Roots: 0.1ms
[2023-04-19T12:27:09.172-0400][gc,phases   ] GC(52)   Evacuate Collection Set: 10.3ms
[2023-04-19T12:27:09.172-0400][gc,phases   ] GC(52)   Post Evacuate Collection Set: 0.5ms
[2023-04-19T12:27:09.172-0400][gc,phases   ] GC(52)   Other: 0.2ms
[2023-04-19T12:27:09.172-0400][gc,heap     ] GC(52) Eden regions: 41->0(213)
[2023-04-19T12:27:09.172-0400][gc,heap     ] GC(52) Survivor regions: 10->2(7)
[2023-04-19T12:27:09.172-0400][gc,heap     ] GC(52) Old regions: 104->113
[2023-04-19T12:27:09.172-0400][gc,heap     ] GC(52) Archive regions: 2->2
[2023-04-19T12:27:09.172-0400][gc,heap     ] GC(52) Humongous regions: 129->129
[2023-04-19T12:27:09.172-0400][gc,metaspace] GC(52) Metaspace: 43541K(44224K)->43541K(44224K) NonClass: 38489K(38848K)->38489K(38848K) Class: 5052K(5376K)->5052K(5376K)
[2023-04-19T12:27:09.172-0400][gc          ] GC(52) Pause Young (Normal) (G1 Evacuation Pause) 283M->243M(1024M) 14.152ms
[2023-04-19T12:27:09.172-0400][gc,cpu      ] GC(52) User=0.06s Sys=0.01s Real=0.02s
[2023-04-19T12:29:30.676-0400][gc,start    ] GC(53) Pause Young (Normal) (G1 Evacuation Pause)
[2023-04-19T12:29:30.677-0400][gc,task     ] GC(53) Using 8 workers of 8 for evacuation
[2023-04-19T12:29:30.685-0400][gc,phases   ] GC(53)   Pre Evacuate Collection Set: 0.3ms
[2023-04-19T12:29:30.685-0400][gc,phases   ] GC(53)   Merge Heap Roots: 0.1ms
[2023-04-19T12:29:30.685-0400][gc,phases   ] GC(53)   Evacuate Collection Set: 5.4ms
[2023-04-19T12:29:30.685-0400][gc,phases   ] GC(53)   Post Evacuate Collection Set: 2.0ms
[2023-04-19T12:29:30.685-0400][gc,phases   ] GC(53)   Other: 0.2ms
[2023-04-19T12:29:30.685-0400][gc,heap     ] GC(53) Eden regions: 213->0(146)
[2023-04-19T12:29:30.685-0400][gc,heap     ] GC(53) Survivor regions: 2->5(27)
[2023-04-19T12:29:30.685-0400][gc,heap     ] GC(53) Old regions: 113->113
[2023-04-19T12:29:30.685-0400][gc,heap     ] GC(53) Archive regions: 2->2
[2023-04-19T12:29:30.685-0400][gc,heap     ] GC(53) Humongous regions: 129->129
[2023-04-19T12:29:30.685-0400][gc,metaspace] GC(53) Metaspace: 43553K(44224K)->43553K(44224K) NonClass: 38501K(38848K)->38501K(38848K) Class: 5052K(5376K)->5052K(5376K)
[2023-04-19T12:29:30.685-0400][gc          ] GC(53) Pause Young (Normal) (G1 Evacuation Pause) 456M->246M(1024M) 9.228ms
[2023-04-19T12:29:30.685-0400][gc,cpu      ] GC(53) User=0.04s Sys=0.00s Real=0.01s
[2023-04-19T12:31:09.355-0400][gc,start    ] GC(54) Pause Young (Normal) (G1 Evacuation Pause)
[2023-04-19T12:31:09.356-0400][gc,task     ] GC(54) Using 8 workers of 8 for evacuation
[2023-04-19T12:31:09.363-0400][gc,phases   ] GC(54)   Pre Evacuate Collection Set: 0.2ms
[2023-04-19T12:31:09.363-0400][gc,phases   ] GC(54)   Merge Heap Roots: 0.1ms
[2023-04-19T12:31:09.363-0400][gc,phases   ] GC(54)   Evacuate Collection Set: 5.7ms
[2023-04-19T12:31:09.363-0400][gc,phases   ] GC(54)   Post Evacuate Collection Set: 0.8ms
[2023-04-19T12:31:09.363-0400][gc,phases   ] GC(54)   Other: 0.2ms
[2023-04-19T12:31:09.363-0400][gc,heap     ] GC(54) Eden regions: 146->0(72)
[2023-04-19T12:31:09.363-0400][gc,heap     ] GC(54) Survivor regions: 5->8(19)
[2023-04-19T12:31:09.363-0400][gc,heap     ] GC(54) Old regions: 113->113
[2023-04-19T12:31:09.363-0400][gc,heap     ] GC(54) Archive regions: 2->2
[2023-04-19T12:31:09.363-0400][gc,heap     ] GC(54) Humongous regions: 129->129
[2023-04-19T12:31:09.363-0400][gc,metaspace] GC(54) Metaspace: 43554K(44224K)->43554K(44224K) NonClass: 38501K(38848K)->38501K(38848K) Class: 5052K(5376K)->5052K(5376K)
[2023-04-19T12:31:09.363-0400][gc          ] GC(54) Pause Young (Normal) (G1 Evacuation Pause) 392M->249M(1024M) 8.384ms
[2023-04-19T12:31:09.363-0400][gc,cpu      ] GC(54) User=0.04s Sys=0.00s Real=0.01s
[2023-04-19T12:31:56.700-0400][gc,start    ] GC(55) Pause Young (Normal) (G1 Evacuation Pause)
[2023-04-19T12:31:56.700-0400][gc,task     ] GC(55) Using 8 workers of 8 for evacuation
[2023-04-19T12:31:56.708-0400][gc,phases   ] GC(55)   Pre Evacuate Collection Set: 0.1ms
[2023-04-19T12:31:56.708-0400][gc,phases   ] GC(55)   Merge Heap Roots: 0.1ms
[2023-04-19T12:31:56.709-0400][gc,phases   ] GC(55)   Evacuate Collection Set: 7.5ms
[2023-04-19T12:31:56.709-0400][gc,phases   ] GC(55)   Post Evacuate Collection Set: 0.4ms
[2023-04-19T12:31:56.709-0400][gc,phases   ] GC(55)   Other: 0.1ms
[2023-04-19T12:31:56.709-0400][gc,heap     ] GC(55) Eden regions: 72->0(269)
[2023-04-19T12:31:56.709-0400][gc,heap     ] GC(55) Survivor regions: 8->5(10)
[2023-04-19T12:31:56.709-0400][gc,heap     ] GC(55) Old regions: 113->117
[2023-04-19T12:31:56.709-0400][gc,heap     ] GC(55) Archive regions: 2->2
[2023-04-19T12:31:56.709-0400][gc,heap     ] GC(55) Humongous regions: 129->129
[2023-04-19T12:31:56.709-0400][gc,metaspace] GC(55) Metaspace: 43554K(44224K)->43554K(44224K) NonClass: 38501K(38848K)->38501K(38848K) Class: 5052K(5376K)->5052K(5376K)
[2023-04-19T12:31:56.709-0400][gc          ] GC(55) Pause Young (Normal) (G1 Evacuation Pause) 321M->251M(1024M) 9.111ms
[2023-04-19T12:31:56.709-0400][gc,cpu      ] GC(55) User=0.05s Sys=0.01s Real=0.00s
[2023-04-19T12:34:57.015-0400][gc,start    ] GC(56) Pause Young (Normal) (G1 Evacuation Pause)
[2023-04-19T12:34:57.016-0400][gc,task     ] GC(56) Using 8 workers of 8 for evacuation
[2023-04-19T12:34:57.045-0400][gc,mmu      ] GC(56) MMU target violated: 21.0ms (20.0ms/21.0ms)
[2023-04-19T12:34:57.045-0400][gc,phases   ] GC(56)   Pre Evacuate Collection Set: 1.5ms
[2023-04-19T12:34:57.045-0400][gc,phases   ] GC(56)   Merge Heap Roots: 0.1ms
[2023-04-19T12:34:57.045-0400][gc,phases   ] GC(56)   Evacuate Collection Set: 24.7ms
[2023-04-19T12:34:57.045-0400][gc,phases   ] GC(56)   Post Evacuate Collection Set: 0.8ms
[2023-04-19T12:34:57.045-0400][gc,phases   ] GC(56)   Other: 1.9ms
[2023-04-19T12:34:57.045-0400][gc,heap     ] GC(56) Eden regions: 269->0(42)
[2023-04-19T12:34:57.045-0400][gc,heap     ] GC(56) Survivor regions: 5->9(35)
[2023-04-19T12:34:57.045-0400][gc,heap     ] GC(56) Old regions: 117->117
[2023-04-19T12:34:57.045-0400][gc,heap     ] GC(56) Archive regions: 2->2
[2023-04-19T12:34:57.045-0400][gc,heap     ] GC(56) Humongous regions: 129->129
[2023-04-19T12:34:57.045-0400][gc,metaspace] GC(56) Metaspace: 43557K(44224K)->43557K(44224K) NonClass: 38505K(38848K)->38505K(38848K) Class: 5052K(5376K)->5052K(5376K)
[2023-04-19T12:34:57.045-0400][gc          ] GC(56) Pause Young (Normal) (G1 Evacuation Pause) 520M->254M(1024M) 29.509ms
[2023-04-19T12:34:57.045-0400][gc,cpu      ] GC(56) User=0.04s Sys=0.07s Real=0.03s
[2023-04-19T12:35:23.970-0400][gc,start    ] GC(57) Pause Young (Normal) (G1 Evacuation Pause)
[2023-04-19T12:35:23.970-0400][gc,task     ] GC(57) Using 8 workers of 8 for evacuation
[2023-04-19T12:35:23.987-0400][gc,phases   ] GC(57)   Pre Evacuate Collection Set: 1.2ms
[2023-04-19T12:35:23.988-0400][gc,phases   ] GC(57)   Merge Heap Roots: 0.1ms
[2023-04-19T12:35:23.988-0400][gc,phases   ] GC(57)   Evacuate Collection Set: 13.6ms
[2023-04-19T12:35:23.988-0400][gc,phases   ] GC(57)   Post Evacuate Collection Set: 1.9ms
[2023-04-19T12:35:23.988-0400][gc,phases   ] GC(57)   Other: 0.2ms
[2023-04-19T12:35:23.988-0400][gc,heap     ] GC(57) Eden regions: 42->0(323)
[2023-04-19T12:35:23.988-0400][gc,heap     ] GC(57) Survivor regions: 9->2(7)
[2023-04-19T12:35:23.988-0400][gc,heap     ] GC(57) Old regions: 117->125
[2023-04-19T12:35:23.988-0400][gc,heap     ] GC(57) Archive regions: 2->2
[2023-04-19T12:35:23.988-0400][gc,heap     ] GC(57) Humongous regions: 129->129
[2023-04-19T12:35:23.988-0400][gc,metaspace] GC(57) Metaspace: 43557K(44224K)->43557K(44224K) NonClass: 38505K(38848K)->38505K(38848K) Class: 5052K(5376K)->5052K(5376K)
[2023-04-19T12:35:23.988-0400][gc          ] GC(57) Pause Young (Normal) (G1 Evacuation Pause) 296M->255M(1024M) 17.666ms
[2023-04-19T12:35:23.988-0400][gc,cpu      ] GC(57) User=0.05s Sys=0.01s Real=0.01s
[2023-04-19T12:39:00.846-0400][gc,start    ] GC(58) Pause Young (Normal) (G1 Evacuation Pause)
[2023-04-19T12:39:00.847-0400][gc,task     ] GC(58) Using 8 workers of 8 for evacuation
[2023-04-19T12:39:00.870-0400][gc,mmu      ] GC(58) MMU target violated: 21.0ms (20.0ms/21.0ms)
[2023-04-19T12:39:00.870-0400][gc,phases   ] GC(58)   Pre Evacuate Collection Set: 0.3ms
[2023-04-19T12:39:00.870-0400][gc,phases   ] GC(58)   Merge Heap Roots: 0.2ms
[2023-04-19T12:39:00.870-0400][gc,phases   ] GC(58)   Evacuate Collection Set: 21.6ms
[2023-04-19T12:39:00.870-0400][gc,phases   ] GC(58)   Post Evacuate Collection Set: 0.5ms
[2023-04-19T12:39:00.870-0400][gc,phases   ] GC(58)   Other: 0.2ms
[2023-04-19T12:39:00.870-0400][gc,heap     ] GC(58) Eden regions: 323->0(50)
[2023-04-19T12:39:00.870-0400][gc,heap     ] GC(58) Survivor regions: 2->7(41)
[2023-04-19T12:39:00.870-0400][gc,heap     ] GC(58) Old regions: 125->125
[2023-04-19T12:39:00.870-0400][gc,heap     ] GC(58) Archive regions: 2->2
[2023-04-19T12:39:00.870-0400][gc,heap     ] GC(58) Humongous regions: 129->129
[2023-04-19T12:39:00.870-0400][gc,metaspace] GC(58) Metaspace: 43557K(44224K)->43557K(44224K) NonClass: 38505K(38848K)->38505K(38848K) Class: 5052K(5376K)->5052K(5376K)
[2023-04-19T12:39:00.870-0400][gc          ] GC(58) Pause Young (Normal) (G1 Evacuation Pause) 578M->261M(1024M) 23.692ms
[2023-04-19T12:39:00.870-0400][gc,cpu      ] GC(58) User=0.05s Sys=0.05s Real=0.03s
[2023-04-19T12:39:33.161-0400][gc,start    ] GC(59) Pause Young (Normal) (G1 Evacuation Pause)
[2023-04-19T12:39:33.161-0400][gc,task     ] GC(59) Using 8 workers of 8 for evacuation
[2023-04-19T12:39:33.168-0400][gc,phases   ] GC(59)   Pre Evacuate Collection Set: 0.1ms
[2023-04-19T12:39:33.168-0400][gc,phases   ] GC(59)   Merge Heap Roots: 0.1ms
[2023-04-19T12:39:33.168-0400][gc,phases   ] GC(59)   Evacuate Collection Set: 5.2ms
[2023-04-19T12:39:33.168-0400][gc,phases   ] GC(59)   Post Evacuate Collection Set: 1.5ms
[2023-04-19T12:39:33.168-0400][gc,phases   ] GC(59)   Other: 0.1ms
[2023-04-19T12:39:33.168-0400][gc,heap     ] GC(59) Eden regions: 50->0(333)
[2023-04-19T12:39:33.168-0400][gc,heap     ] GC(59) Survivor regions: 7->2(8)
[2023-04-19T12:39:33.168-0400][gc,heap     ] GC(59) Old regions: 125->131
[2023-04-19T12:39:33.168-0400][gc,heap     ] GC(59) Archive regions: 2->2
[2023-04-19T12:39:33.168-0400][gc,heap     ] GC(59) Humongous regions: 129->129
[2023-04-19T12:39:33.168-0400][gc,metaspace] GC(59) Metaspace: 43557K(44224K)->43557K(44224K) NonClass: 38505K(38848K)->38505K(38848K) Class: 5052K(5376K)->5052K(5376K)
[2023-04-19T12:39:33.168-0400][gc          ] GC(59) Pause Young (Normal) (G1 Evacuation Pause) 311M->262M(1024M) 7.236ms
[2023-04-19T12:39:33.168-0400][gc,cpu      ] GC(59) User=0.03s Sys=0.01s Real=0.00s
[2023-04-19T12:43:15.645-0400][gc,start    ] GC(60) Pause Young (Normal) (G1 Evacuation Pause)
[2023-04-19T12:43:15.646-0400][gc,task     ] GC(60) Using 8 workers of 8 for evacuation
[2023-04-19T12:43:15.672-0400][gc,mmu      ] GC(60) MMU target violated: 21.0ms (20.0ms/21.0ms)
[2023-04-19T12:43:15.673-0400][gc,phases   ] GC(60)   Pre Evacuate Collection Set: 0.3ms
[2023-04-19T12:43:15.673-0400][gc,phases   ] GC(60)   Merge Heap Roots: 0.2ms
[2023-04-19T12:43:15.673-0400][gc,phases   ] GC(60)   Evacuate Collection Set: 25.7ms
[2023-04-19T12:43:15.673-0400][gc,phases   ] GC(60)   Post Evacuate Collection Set: 0.4ms
[2023-04-19T12:43:15.673-0400][gc,phases   ] GC(60)   Other: 0.2ms
[2023-04-19T12:43:15.673-0400][gc,heap     ] GC(60) Eden regions: 333->0(44)
[2023-04-19T12:43:15.673-0400][gc,heap     ] GC(60) Survivor regions: 2->7(42)
[2023-04-19T12:43:15.673-0400][gc,heap     ] GC(60) Old regions: 131->131
[2023-04-19T12:43:15.673-0400][gc,heap     ] GC(60) Archive regions: 2->2
[2023-04-19T12:43:15.673-0400][gc,heap     ] GC(60) Humongous regions: 129->129
[2023-04-19T12:43:15.673-0400][gc,metaspace] GC(60) Metaspace: 43560K(44224K)->43560K(44224K) NonClass: 38508K(38848K)->38508K(38848K) Class: 5052K(5376K)->5052K(5376K)
[2023-04-19T12:43:15.673-0400][gc          ] GC(60) Pause Young (Normal) (G1 Evacuation Pause) 595M->267M(1024M) 27.264ms
[2023-04-19T12:43:15.673-0400][gc,cpu      ] GC(60) User=0.04s Sys=0.06s Real=0.03s
[2023-04-19T12:43:44.171-0400][gc,start    ] GC(61) Pause Young (Normal) (G1 Evacuation Pause)
[2023-04-19T12:43:44.172-0400][gc,task     ] GC(61) Using 8 workers of 8 for evacuation
[2023-04-19T12:43:44.182-0400][gc,phases   ] GC(61)   Pre Evacuate Collection Set: 0.8ms
[2023-04-19T12:43:44.182-0400][gc,phases   ] GC(61)   Merge Heap Roots: 0.1ms
[2023-04-19T12:43:44.182-0400][gc,phases   ] GC(61)   Evacuate Collection Set: 8.8ms
[2023-04-19T12:43:44.182-0400][gc,phases   ] GC(61)   Post Evacuate Collection Set: 0.4ms
[2023-04-19T12:43:44.182-0400][gc,phases   ] GC(61)   Other: 0.2ms
[2023-04-19T12:43:44.182-0400][gc,heap     ] GC(61) Eden regions: 44->0(290)
[2023-04-19T12:43:44.182-0400][gc,heap     ] GC(61) Survivor regions: 7->2(7)
[2023-04-19T12:43:44.182-0400][gc,heap     ] GC(61) Old regions: 131->138
[2023-04-19T12:43:44.182-0400][gc,heap     ] GC(61) Archive regions: 2->2
[2023-04-19T12:43:44.182-0400][gc,heap     ] GC(61) Humongous regions: 129->129
[2023-04-19T12:43:44.182-0400][gc,metaspace] GC(61) Metaspace: 43560K(44224K)->43560K(44224K) NonClass: 38508K(38848K)->38508K(38848K) Class: 5052K(5376K)->5052K(5376K)
[2023-04-19T12:43:44.182-0400][gc          ] GC(61) Pause Young (Normal) (G1 Evacuation Pause) 311M->268M(1024M) 11.585ms
[2023-04-19T12:43:44.183-0400][gc,cpu      ] GC(61) User=0.05s Sys=0.01s Real=0.01s
[2023-04-19T12:46:58.390-0400][gc,start    ] GC(62) Pause Young (Normal) (G1 Evacuation Pause)
[2023-04-19T12:46:58.391-0400][gc,task     ] GC(62) Using 8 workers of 8 for evacuation
[2023-04-19T12:46:58.397-0400][gc,phases   ] GC(62)   Pre Evacuate Collection Set: 0.2ms
[2023-04-19T12:46:58.397-0400][gc,phases   ] GC(62)   Merge Heap Roots: 0.1ms
[2023-04-19T12:46:58.397-0400][gc,phases   ] GC(62)   Evacuate Collection Set: 5.4ms
[2023-04-19T12:46:58.397-0400][gc,phases   ] GC(62)   Post Evacuate Collection Set: 0.4ms
[2023-04-19T12:46:58.397-0400][gc,phases   ] GC(62)   Other: 0.7ms
[2023-04-19T12:46:58.397-0400][gc,heap     ] GC(62) Eden regions: 290->0(181)
[2023-04-19T12:46:58.397-0400][gc,heap     ] GC(62) Survivor regions: 2->6(37)
[2023-04-19T12:46:58.397-0400][gc,heap     ] GC(62) Old regions: 138->138
[2023-04-19T12:46:58.397-0400][gc,heap     ] GC(62) Archive regions: 2->2
[2023-04-19T12:46:58.397-0400][gc,heap     ] GC(62) Humongous regions: 129->129
[2023-04-19T12:46:58.397-0400][gc,metaspace] GC(62) Metaspace: 43560K(44224K)->43560K(44224K) NonClass: 38508K(38848K)->38508K(38848K) Class: 5052K(5376K)->5052K(5376K)
[2023-04-19T12:46:58.398-0400][gc          ] GC(62) Pause Young (Normal) (G1 Evacuation Pause) 558M->272M(1024M) 7.321ms
[2023-04-19T12:46:58.398-0400][gc,cpu      ] GC(62) User=0.04s Sys=0.00s Real=0.00s
[2023-04-19T12:48:59.897-0400][gc,start    ] GC(63) Pause Young (Normal) (G1 Evacuation Pause)
[2023-04-19T12:48:59.897-0400][gc,task     ] GC(63) Using 8 workers of 8 for evacuation
[2023-04-19T12:48:59.904-0400][gc,phases   ] GC(63)   Pre Evacuate Collection Set: 0.1ms
[2023-04-19T12:48:59.904-0400][gc,phases   ] GC(63)   Merge Heap Roots: 0.1ms
[2023-04-19T12:48:59.904-0400][gc,phases   ] GC(63)   Evacuate Collection Set: 6.2ms
[2023-04-19T12:48:59.904-0400][gc,phases   ] GC(63)   Post Evacuate Collection Set: 0.4ms
[2023-04-19T12:48:59.904-0400][gc,phases   ] GC(63)   Other: 0.1ms
[2023-04-19T12:48:59.904-0400][gc,heap     ] GC(63) Eden regions: 181->0(60)
[2023-04-19T12:48:59.904-0400][gc,heap     ] GC(63) Survivor regions: 6->10(24)
[2023-04-19T12:48:59.904-0400][gc,heap     ] GC(63) Old regions: 138->138
[2023-04-19T12:48:59.904-0400][gc,heap     ] GC(63) Archive regions: 2->2
[2023-04-19T12:48:59.904-0400][gc,heap     ] GC(63) Humongous regions: 129->129
[2023-04-19T12:48:59.904-0400][gc,metaspace] GC(63) Metaspace: 43560K(44224K)->43560K(44224K) NonClass: 38508K(38848K)->38508K(38848K) Class: 5052K(5376K)->5052K(5376K)
[2023-04-19T12:48:59.904-0400][gc          ] GC(63) Pause Young (Normal) (G1 Evacuation Pause) 453M->276M(1024M) 7.427ms
[2023-04-19T12:48:59.905-0400][gc,cpu      ] GC(63) User=0.04s Sys=0.00s Real=0.01s
[2023-04-19T12:49:39.664-0400][gc,start    ] GC(64) Pause Young (Normal) (G1 Evacuation Pause)
[2023-04-19T12:49:39.665-0400][gc,task     ] GC(64) Using 8 workers of 8 for evacuation
[2023-04-19T12:49:39.675-0400][gc,phases   ] GC(64)   Pre Evacuate Collection Set: 0.2ms
[2023-04-19T12:49:39.675-0400][gc,phases   ] GC(64)   Merge Heap Roots: 0.1ms
[2023-04-19T12:49:39.675-0400][gc,phases   ] GC(64)   Evacuate Collection Set: 9.3ms
[2023-04-19T12:49:39.675-0400][gc,phases   ] GC(64)   Post Evacuate Collection Set: 0.4ms
[2023-04-19T12:49:39.675-0400][gc,phases   ] GC(64)   Other: 0.1ms
[2023-04-19T12:49:39.675-0400][gc,heap     ] GC(64) Eden regions: 60->0(351)
[2023-04-19T12:49:39.675-0400][gc,heap     ] GC(64) Survivor regions: 10->5(9)
[2023-04-19T12:49:39.675-0400][gc,heap     ] GC(64) Old regions: 138->143
[2023-04-19T12:49:39.675-0400][gc,heap     ] GC(64) Archive regions: 2->2
[2023-04-19T12:49:39.675-0400][gc,heap     ] GC(64) Humongous regions: 129->129
[2023-04-19T12:49:39.675-0400][gc,metaspace] GC(64) Metaspace: 43560K(44224K)->43560K(44224K) NonClass: 38508K(38848K)->38508K(38848K) Class: 5052K(5376K)->5052K(5376K)
[2023-04-19T12:49:39.675-0400][gc          ] GC(64) Pause Young (Normal) (G1 Evacuation Pause) 336M->277M(1024M) 11.151ms
[2023-04-19T12:49:39.675-0400][gc,cpu      ] GC(64) User=0.06s Sys=0.01s Real=0.01s
[2023-04-19T12:53:34.975-0400][gc,start    ] GC(65) Pause Young (Normal) (G1 Evacuation Pause)
[2023-04-19T12:53:34.975-0400][gc,task     ] GC(65) Using 8 workers of 8 for evacuation
[2023-04-19T12:53:35.053-0400][gc,mmu      ] GC(65) MMU target violated: 21.0ms (20.0ms/21.0ms)
[2023-04-19T12:53:35.053-0400][gc,phases   ] GC(65)   Pre Evacuate Collection Set: 1.1ms
[2023-04-19T12:53:35.053-0400][gc,phases   ] GC(65)   Merge Heap Roots: 0.2ms
[2023-04-19T12:53:35.053-0400][gc,phases   ] GC(65)   Evacuate Collection Set: 75.4ms
[2023-04-19T12:53:35.053-0400][gc,phases   ] GC(65)   Post Evacuate Collection Set: 0.4ms
[2023-04-19T12:53:35.053-0400][gc,phases   ] GC(65)   Other: 0.2ms
[2023-04-19T12:53:35.053-0400][gc,heap     ] GC(65) Eden regions: 351->0(40)
[2023-04-19T12:53:35.053-0400][gc,heap     ] GC(65) Survivor regions: 5->11(45)
[2023-04-19T12:53:35.053-0400][gc,heap     ] GC(65) Old regions: 143->143
[2023-04-19T12:53:35.053-0400][gc,heap     ] GC(65) Archive regions: 2->2
[2023-04-19T12:53:35.053-0400][gc,heap     ] GC(65) Humongous regions: 129->129
[2023-04-19T12:53:35.053-0400][gc,metaspace] GC(65) Metaspace: 43561K(44224K)->43561K(44224K) NonClass: 38508K(38848K)->38508K(38848K) Class: 5052K(5376K)->5052K(5376K)
[2023-04-19T12:53:35.053-0400][gc          ] GC(65) Pause Young (Normal) (G1 Evacuation Pause) 628M->283M(1024M) 78.231ms
[2023-04-19T12:53:35.053-0400][gc,cpu      ] GC(65) User=0.05s Sys=0.11s Real=0.08s
[2023-04-19T12:54:00.419-0400][gc,start    ] GC(66) Pause Young (Normal) (G1 Evacuation Pause)
[2023-04-19T12:54:00.420-0400][gc,task     ] GC(66) Using 8 workers of 8 for evacuation
[2023-04-19T12:54:00.433-0400][gc,phases   ] GC(66)   Pre Evacuate Collection Set: 0.9ms
[2023-04-19T12:54:00.433-0400][gc,phases   ] GC(66)   Merge Heap Roots: 0.1ms
[2023-04-19T12:54:00.433-0400][gc,phases   ] GC(66)   Evacuate Collection Set: 11.1ms
[2023-04-19T12:54:00.433-0400][gc,phases   ] GC(66)   Post Evacuate Collection Set: 0.9ms
[2023-04-19T12:54:00.433-0400][gc,phases   ] GC(66)   Other: 0.1ms
[2023-04-19T12:54:00.433-0400][gc,heap     ] GC(66) Eden regions: 40->0(168)
[2023-04-19T12:54:00.433-0400][gc,heap     ] GC(66) Survivor regions: 11->2(7)
[2023-04-19T12:54:00.433-0400][gc,heap     ] GC(66) Old regions: 143->153
[2023-04-19T12:54:00.433-0400][gc,heap     ] GC(66) Archive regions: 2->2
[2023-04-19T12:54:00.433-0400][gc,heap     ] GC(66) Humongous regions: 129->129
[2023-04-19T12:54:00.433-0400][gc,metaspace] GC(66) Metaspace: 43563K(44224K)->43563K(44224K) NonClass: 38510K(38848K)->38510K(38848K) Class: 5052K(5376K)->5052K(5376K)
[2023-04-19T12:54:00.433-0400][gc          ] GC(66) Pause Young (Normal) (G1 Evacuation Pause) 323M->284M(1024M) 14.138ms
[2023-04-19T12:54:00.435-0400][gc,cpu      ] GC(66) User=0.06s Sys=0.01s Real=0.02s
[2023-04-19T12:55:52.921-0400][gc,start    ] GC(67) Pause Young (Normal) (G1 Evacuation Pause)
[2023-04-19T12:55:52.922-0400][gc,task     ] GC(67) Using 8 workers of 8 for evacuation
[2023-04-19T12:55:52.928-0400][gc,phases   ] GC(67)   Pre Evacuate Collection Set: 0.2ms
[2023-04-19T12:55:52.928-0400][gc,phases   ] GC(67)   Merge Heap Roots: 0.1ms
[2023-04-19T12:55:52.928-0400][gc,phases   ] GC(67)   Evacuate Collection Set: 4.9ms
[2023-04-19T12:55:52.928-0400][gc,phases   ] GC(67)   Post Evacuate Collection Set: 0.5ms
[2023-04-19T12:55:52.928-0400][gc,phases   ] GC(67)   Other: 0.2ms
[2023-04-19T12:55:52.928-0400][gc,heap     ] GC(67) Eden regions: 168->0(138)
[2023-04-19T12:55:52.928-0400][gc,heap     ] GC(67) Survivor regions: 2->4(22)
[2023-04-19T12:55:52.928-0400][gc,heap     ] GC(67) Old regions: 153->153
[2023-04-19T12:55:52.928-0400][gc,heap     ] GC(67) Archive regions: 2->2
[2023-04-19T12:55:52.928-0400][gc,heap     ] GC(67) Humongous regions: 129->129
[2023-04-19T12:55:52.928-0400][gc,metaspace] GC(67) Metaspace: 43564K(44224K)->43564K(44224K) NonClass: 38512K(38848K)->38512K(38848K) Class: 5052K(5376K)->5052K(5376K)
[2023-04-19T12:55:52.928-0400][gc          ] GC(67) Pause Young (Normal) (G1 Evacuation Pause) 452M->286M(1024M) 6.974ms
[2023-04-19T12:55:52.928-0400][gc,cpu      ] GC(67) User=0.04s Sys=0.00s Real=0.00s
[2023-04-19T12:57:24.815-0400][gc,start    ] GC(68) Pause Young (Normal) (G1 Evacuation Pause)
[2023-04-19T12:57:24.816-0400][gc,task     ] GC(68) Using 8 workers of 8 for evacuation
[2023-04-19T12:57:24.823-0400][gc,phases   ] GC(68)   Pre Evacuate Collection Set: 0.2ms
[2023-04-19T12:57:24.823-0400][gc,phases   ] GC(68)   Merge Heap Roots: 0.1ms
[2023-04-19T12:57:24.823-0400][gc,phases   ] GC(68)   Evacuate Collection Set: 5.7ms
[2023-04-19T12:57:24.823-0400][gc,phases   ] GC(68)   Post Evacuate Collection Set: 0.4ms
[2023-04-19T12:57:24.823-0400][gc,phases   ] GC(68)   Other: 0.2ms
[2023-04-19T12:57:24.823-0400][gc,heap     ] GC(68) Eden regions: 138->0(57)
[2023-04-19T12:57:24.823-0400][gc,heap     ] GC(68) Survivor regions: 4->7(18)
[2023-04-19T12:57:24.823-0400][gc,heap     ] GC(68) Old regions: 153->153
[2023-04-19T12:57:24.823-0400][gc,heap     ] GC(68) Archive regions: 2->2
[2023-04-19T12:57:24.823-0400][gc,heap     ] GC(68) Humongous regions: 129->129
[2023-04-19T12:57:24.823-0400][gc,metaspace] GC(68) Metaspace: 43564K(44224K)->43564K(44224K) NonClass: 38512K(38848K)->38512K(38848K) Class: 5052K(5376K)->5052K(5376K)
[2023-04-19T12:57:24.823-0400][gc          ] GC(68) Pause Young (Normal) (G1 Evacuation Pause) 424M->288M(1024M) 7.800ms
[2023-04-19T12:57:24.823-0400][gc,cpu      ] GC(68) User=0.04s Sys=0.00s Real=0.01s
[2023-04-19T12:58:02.389-0400][gc,start    ] GC(69) Pause Young (Normal) (G1 Evacuation Pause)
[2023-04-19T12:58:02.389-0400][gc,task     ] GC(69) Using 8 workers of 8 for evacuation
[2023-04-19T12:58:02.397-0400][gc,phases   ] GC(69)   Pre Evacuate Collection Set: 0.2ms
[2023-04-19T12:58:02.397-0400][gc,phases   ] GC(69)   Merge Heap Roots: 0.1ms
[2023-04-19T12:58:02.397-0400][gc,phases   ] GC(69)   Evacuate Collection Set: 7.1ms
[2023-04-19T12:58:02.397-0400][gc,phases   ] GC(69)   Post Evacuate Collection Set: 0.4ms
[2023-04-19T12:58:02.397-0400][gc,phases   ] GC(69)   Other: 0.2ms
[2023-04-19T12:58:02.397-0400][gc,heap     ] GC(69) Eden regions: 57->0(229)
[2023-04-19T12:58:02.397-0400][gc,heap     ] GC(69) Survivor regions: 7->4(8)
[2023-04-19T12:58:02.397-0400][gc,heap     ] GC(69) Old regions: 153->157
[2023-04-19T12:58:02.397-0400][gc,heap     ] GC(69) Archive regions: 2->2
[2023-04-19T12:58:02.397-0400][gc,heap     ] GC(69) Humongous regions: 129->129
[2023-04-19T12:58:02.398-0400][gc,metaspace] GC(69) Metaspace: 43564K(44224K)->43564K(44224K) NonClass: 38512K(38848K)->38512K(38848K) Class: 5052K(5376K)->5052K(5376K)
[2023-04-19T12:58:02.398-0400][gc          ] GC(69) Pause Young (Normal) (G1 Evacuation Pause) 345M->290M(1024M) 8.340ms
[2023-04-19T12:58:02.398-0400][gc,cpu      ] GC(69) User=0.05s Sys=0.01s Real=0.01s
[2023-04-19T13:00:35.695-0400][gc,start    ] GC(70) Pause Young (Normal) (G1 Evacuation Pause)
[2023-04-19T13:00:35.696-0400][gc,task     ] GC(70) Using 8 workers of 8 for evacuation
[2023-04-19T13:00:35.704-0400][gc,phases   ] GC(70)   Pre Evacuate Collection Set: 0.2ms
[2023-04-19T13:00:35.704-0400][gc,phases   ] GC(70)   Merge Heap Roots: 0.2ms
[2023-04-19T13:00:35.704-0400][gc,phases   ] GC(70)   Evacuate Collection Set: 6.6ms
[2023-04-19T13:00:35.704-0400][gc,phases   ] GC(70)   Post Evacuate Collection Set: 0.5ms
[2023-04-19T13:00:35.704-0400][gc,phases   ] GC(70)   Other: 0.2ms
[2023-04-19T13:00:35.704-0400][gc,heap     ] GC(70) Eden regions: 229->0(126)
[2023-04-19T13:00:35.704-0400][gc,heap     ] GC(70) Survivor regions: 4->8(30)
[2023-04-19T13:00:35.704-0400][gc,heap     ] GC(70) Old regions: 157->157
[2023-04-19T13:00:35.704-0400][gc,heap     ] GC(70) Archive regions: 2->2
[2023-04-19T13:00:35.704-0400][gc,heap     ] GC(70) Humongous regions: 129->129
[2023-04-19T13:00:35.704-0400][gc,metaspace] GC(70) Metaspace: 43566K(44224K)->43566K(44224K) NonClass: 38514K(38848K)->38514K(38848K) Class: 5052K(5376K)->5052K(5376K)
[2023-04-19T13:00:35.704-0400][gc          ] GC(70) Pause Young (Normal) (G1 Evacuation Pause) 519M->293M(1024M) 8.909ms
[2023-04-19T13:00:35.704-0400][gc,cpu      ] GC(70) User=0.05s Sys=0.00s Real=0.01s
[2023-04-19T13:01:59.666-0400][gc,start    ] GC(71) Pause Young (Normal) (G1 Evacuation Pause)
[2023-04-19T13:01:59.666-0400][gc,task     ] GC(71) Using 8 workers of 8 for evacuation
[2023-04-19T13:01:59.671-0400][gc,phases   ] GC(71)   Pre Evacuate Collection Set: 0.1ms
[2023-04-19T13:01:59.671-0400][gc,phases   ] GC(71)   Merge Heap Roots: 0.1ms
[2023-04-19T13:01:59.671-0400][gc,phases   ] GC(71)   Evacuate Collection Set: 4.6ms
[2023-04-19T13:01:59.671-0400][gc,phases   ] GC(71)   Post Evacuate Collection Set: 0.4ms
[2023-04-19T13:01:59.671-0400][gc,phases   ] GC(71)   Other: 0.1ms
[2023-04-19T13:01:59.671-0400][gc,heap     ] GC(71) Eden regions: 126->0(126)
[2023-04-19T13:01:59.671-0400][gc,heap     ] GC(71) Survivor regions: 8->10(17)
[2023-04-19T13:01:59.671-0400][gc,heap     ] GC(71) Old regions: 157->157
[2023-04-19T13:01:59.671-0400][gc,heap     ] GC(71) Archive regions: 2->2
[2023-04-19T13:01:59.671-0400][gc,heap     ] GC(71) Humongous regions: 129->129
[2023-04-19T13:01:59.671-0400][gc,metaspace] GC(71) Metaspace: 43566K(44224K)->43566K(44224K) NonClass: 38514K(38848K)->38514K(38848K) Class: 5052K(5376K)->5052K(5376K)
[2023-04-19T13:01:59.671-0400][gc          ] GC(71) Pause Young (Normal) (G1 Evacuation Pause) 419M->295M(1024M) 5.668ms
[2023-04-19T13:01:59.671-0400][gc,cpu      ] GC(71) User=0.03s Sys=0.00s Real=0.01s
[2023-04-19T13:03:23.872-0400][gc,start    ] GC(72) Pause Young (Normal) (G1 Evacuation Pause)
[2023-04-19T13:03:23.873-0400][gc,task     ] GC(72) Using 8 workers of 8 for evacuation
[2023-04-19T13:03:23.884-0400][gc,phases   ] GC(72)   Pre Evacuate Collection Set: 0.3ms
[2023-04-19T13:03:23.884-0400][gc,phases   ] GC(72)   Merge Heap Roots: 0.1ms
[2023-04-19T13:03:23.884-0400][gc,phases   ] GC(72)   Evacuate Collection Set: 10.6ms
[2023-04-19T13:03:23.884-0400][gc,phases   ] GC(72)   Post Evacuate Collection Set: 0.3ms
[2023-04-19T13:03:23.884-0400][gc,phases   ] GC(72)   Other: 0.2ms
[2023-04-19T13:03:23.884-0400][gc,heap     ] GC(72) Eden regions: 126->0(196)
[2023-04-19T13:03:23.884-0400][gc,heap     ] GC(72) Survivor regions: 10->10(17)
[2023-04-19T13:03:23.884-0400][gc,heap     ] GC(72) Old regions: 157->159
[2023-04-19T13:03:23.884-0400][gc,heap     ] GC(72) Archive regions: 2->2
[2023-04-19T13:03:23.884-0400][gc,heap     ] GC(72) Humongous regions: 129->129
[2023-04-19T13:03:23.884-0400][gc,metaspace] GC(72) Metaspace: 43566K(44224K)->43566K(44224K) NonClass: 38514K(38848K)->38514K(38848K) Class: 5052K(5376K)->5052K(5376K)
[2023-04-19T13:03:23.884-0400][gc          ] GC(72) Pause Young (Normal) (G1 Evacuation Pause) 421M->298M(1024M) 12.653ms
[2023-04-19T13:03:23.884-0400][gc,cpu      ] GC(72) User=0.07s Sys=0.00s Real=0.01s
[2023-04-19T13:05:33.936-0400][gc,start    ] GC(73) Pause Young (Normal) (G1 Evacuation Pause)
[2023-04-19T13:05:33.937-0400][gc,task     ] GC(73) Using 8 workers of 8 for evacuation
[2023-04-19T13:05:33.948-0400][gc,phases   ] GC(73)   Pre Evacuate Collection Set: 0.3ms
[2023-04-19T13:05:33.949-0400][gc,phases   ] GC(73)   Merge Heap Roots: 0.1ms
[2023-04-19T13:05:33.949-0400][gc,phases   ] GC(73)   Evacuate Collection Set: 10.3ms
[2023-04-19T13:05:33.949-0400][gc,phases   ] GC(73)   Post Evacuate Collection Set: 0.6ms
[2023-04-19T13:05:33.949-0400][gc,phases   ] GC(73)   Other: 0.1ms
[2023-04-19T13:05:33.949-0400][gc,heap     ] GC(73) Eden regions: 195->0(121)
[2023-04-19T13:05:33.949-0400][gc,heap     ] GC(73) Survivor regions: 10->13(26)
[2023-04-19T13:05:33.949-0400][gc,heap     ] GC(73) Old regions: 159->159
[2023-04-19T13:05:33.949-0400][gc,heap     ] GC(73) Archive regions: 2->2
[2023-04-19T13:05:33.949-0400][gc,heap     ] GC(73) Humongous regions: 129->129
[2023-04-19T13:05:33.949-0400][gc,metaspace] GC(73) Metaspace: 43566K(44224K)->43566K(44224K) NonClass: 38514K(38848K)->38514K(38848K) Class: 5052K(5376K)->5052K(5376K)
[2023-04-19T13:05:33.949-0400][gc          ] GC(73) Pause Young (Normal) (G1 Evacuation Pause) 493M->301M(1024M) 12.439ms
[2023-04-19T13:05:33.949-0400][gc,cpu      ] GC(73) User=0.06s Sys=0.00s Real=0.01s
[2023-04-19T13:06:54.613-0400][gc,start    ] GC(74) Pause Young (Normal) (G1 Evacuation Pause)
[2023-04-19T13:06:54.614-0400][gc,task     ] GC(74) Using 8 workers of 8 for evacuation
[2023-04-19T13:06:54.627-0400][gc,phases   ] GC(74)   Pre Evacuate Collection Set: 0.2ms
[2023-04-19T13:06:54.627-0400][gc,phases   ] GC(74)   Merge Heap Roots: 0.2ms
[2023-04-19T13:06:54.627-0400][gc,phases   ] GC(74)   Evacuate Collection Set: 11.8ms
[2023-04-19T13:06:54.627-0400][gc,phases   ] GC(74)   Post Evacuate Collection Set: 0.4ms
[2023-04-19T13:06:54.627-0400][gc,phases   ] GC(74)   Other: 0.1ms
[2023-04-19T13:06:54.627-0400][gc,heap     ] GC(74) Eden regions: 121->0(271)
[2023-04-19T13:06:54.627-0400][gc,heap     ] GC(74) Survivor regions: 13->11(17)
[2023-04-19T13:06:54.627-0400][gc,heap     ] GC(74) Old regions: 159->163
[2023-04-19T13:06:54.627-0400][gc,heap     ] GC(74) Archive regions: 2->2
[2023-04-19T13:06:54.627-0400][gc,heap     ] GC(74) Humongous regions: 129->129
[2023-04-19T13:06:54.627-0400][gc,metaspace] GC(74) Metaspace: 43566K(44224K)->43566K(44224K) NonClass: 38514K(38848K)->38514K(38848K) Class: 5052K(5376K)->5052K(5376K)
[2023-04-19T13:06:54.627-0400][gc          ] GC(74) Pause Young (Normal) (G1 Evacuation Pause) 422M->303M(1024M) 13.696ms
[2023-04-19T13:06:54.627-0400][gc,cpu      ] GC(74) User=0.09s Sys=0.00s Real=0.01s
[2023-04-19T13:09:57.851-0400][gc,start    ] GC(75) Pause Young (Normal) (G1 Evacuation Pause)
[2023-04-19T13:09:57.851-0400][gc,task     ] GC(75) Using 8 workers of 8 for evacuation
[2023-04-19T13:09:57.878-0400][gc,mmu      ] GC(75) MMU target violated: 21.0ms (20.0ms/21.0ms)
[2023-04-19T13:09:57.878-0400][gc,phases   ] GC(75)   Pre Evacuate Collection Set: 0.2ms
[2023-04-19T13:09:57.878-0400][gc,phases   ] GC(75)   Merge Heap Roots: 0.1ms
[2023-04-19T13:09:57.878-0400][gc,phases   ] GC(75)   Evacuate Collection Set: 25.5ms
[2023-04-19T13:09:57.878-0400][gc,phases   ] GC(75)   Post Evacuate Collection Set: 0.4ms
[2023-04-19T13:09:57.878-0400][gc,phases   ] GC(75)   Other: 0.2ms
[2023-04-19T13:09:57.878-0400][gc,heap     ] GC(75) Eden regions: 271->0(36)
[2023-04-19T13:09:57.878-0400][gc,heap     ] GC(75) Survivor regions: 11->15(36)
[2023-04-19T13:09:57.878-0400][gc,heap     ] GC(75) Old regions: 163->163
[2023-04-19T13:09:57.878-0400][gc,heap     ] GC(75) Archive regions: 2->2
[2023-04-19T13:09:57.878-0400][gc,heap     ] GC(75) Humongous regions: 129->129
[2023-04-19T13:09:57.878-0400][gc,metaspace] GC(75) Metaspace: 43567K(44224K)->43567K(44224K) NonClass: 38514K(38848K)->38514K(38848K) Class: 5052K(5376K)->5052K(5376K)
[2023-04-19T13:09:57.878-0400][gc          ] GC(75) Pause Young (Normal) (G1 Evacuation Pause) 574M->307M(1024M) 26.979ms
[2023-04-19T13:09:57.878-0400][gc,cpu      ] GC(75) User=0.06s Sys=0.08s Real=0.02s
[2023-04-19T13:10:20.800-0400][gc,start    ] GC(76) Pause Young (Normal) (G1 Evacuation Pause)
[2023-04-19T13:10:20.800-0400][gc,task     ] GC(76) Using 8 workers of 8 for evacuation
[2023-04-19T13:10:20.814-0400][gc,phases   ] GC(76)   Pre Evacuate Collection Set: 0.2ms
[2023-04-19T13:10:20.814-0400][gc,phases   ] GC(76)   Merge Heap Roots: 0.1ms
[2023-04-19T13:10:20.815-0400][gc,phases   ] GC(76)   Evacuate Collection Set: 13.6ms
[2023-04-19T13:10:20.815-0400][gc,phases   ] GC(76)   Post Evacuate Collection Set: 0.4ms
[2023-04-19T13:10:20.815-0400][gc,phases   ] GC(76)   Other: 0.1ms
[2023-04-19T13:10:20.815-0400][gc,heap     ] GC(76) Eden regions: 36->0(584)
[2023-04-19T13:10:20.815-0400][gc,heap     ] GC(76) Survivor regions: 15->3(7)
[2023-04-19T13:10:20.815-0400][gc,heap     ] GC(76) Old regions: 163->177
[2023-04-19T13:10:20.815-0400][gc,heap     ] GC(76) Archive regions: 2->2
[2023-04-19T13:10:20.815-0400][gc,heap     ] GC(76) Humongous regions: 129->129
[2023-04-19T13:10:20.815-0400][gc,metaspace] GC(76) Metaspace: 43567K(44224K)->43567K(44224K) NonClass: 38514K(38848K)->38514K(38848K) Class: 5052K(5376K)->5052K(5376K)
[2023-04-19T13:10:20.815-0400][gc          ] GC(76) Pause Young (Normal) (G1 Evacuation Pause) 343M->308M(1024M) 14.730ms
[2023-04-19T13:10:20.815-0400][gc,cpu      ] GC(76) User=0.08s Sys=0.02s Real=0.01s
[2023-04-19T13:16:51.398-0400][gc,start    ] GC(77) Pause Young (Normal) (G1 Evacuation Pause)
[2023-04-19T13:16:51.399-0400][gc,task     ] GC(77) Using 8 workers of 8 for evacuation
[2023-04-19T13:16:51.426-0400][gc,mmu      ] GC(77) MMU target violated: 21.0ms (20.0ms/21.0ms)
[2023-04-19T13:16:51.426-0400][gc,phases   ] GC(77)   Pre Evacuate Collection Set: 5.2ms
[2023-04-19T13:16:51.426-0400][gc,phases   ] GC(77)   Merge Heap Roots: 0.3ms
[2023-04-19T13:16:51.426-0400][gc,phases   ] GC(77)   Evacuate Collection Set: 15.2ms
[2023-04-19T13:16:51.426-0400][gc,phases   ] GC(77)   Post Evacuate Collection Set: 1.2ms
[2023-04-19T13:16:51.426-0400][gc,phases   ] GC(77)   Other: 4.7ms
[2023-04-19T13:16:51.426-0400][gc,heap     ] GC(77) Eden regions: 584->0(39)
[2023-04-19T13:16:51.426-0400][gc,heap     ] GC(77) Survivor regions: 3->12(74)
[2023-04-19T13:16:51.426-0400][gc,heap     ] GC(77) Old regions: 177->177
[2023-04-19T13:16:51.426-0400][gc,heap     ] GC(77) Archive regions: 2->2
[2023-04-19T13:16:51.426-0400][gc,heap     ] GC(77) Humongous regions: 129->129
[2023-04-19T13:16:51.426-0400][gc,metaspace] GC(77) Metaspace: 43568K(44288K)->43568K(44288K) NonClass: 38516K(38912K)->38516K(38912K) Class: 5052K(5376K)->5052K(5376K)
[2023-04-19T13:16:51.426-0400][gc          ] GC(77) Pause Young (Normal) (G1 Evacuation Pause) 892M->318M(1024M) 27.554ms
[2023-04-19T13:16:51.426-0400][gc,cpu      ] GC(77) User=0.08s Sys=0.04s Real=0.03s
[2023-04-19T13:17:15.739-0400][gc,start    ] GC(78) Pause Young (Normal) (G1 Evacuation Pause)
[2023-04-19T13:17:15.739-0400][gc,task     ] GC(78) Using 8 workers of 8 for evacuation
[2023-04-19T13:17:15.754-0400][gc,phases   ] GC(78)   Pre Evacuate Collection Set: 0.9ms
[2023-04-19T13:17:15.754-0400][gc,phases   ] GC(78)   Merge Heap Roots: 0.1ms
[2023-04-19T13:17:15.754-0400][gc,phases   ] GC(78)   Evacuate Collection Set: 11.8ms
[2023-04-19T13:17:15.754-0400][gc,phases   ] GC(78)   Post Evacuate Collection Set: 1.1ms
[2023-04-19T13:17:15.754-0400][gc,phases   ] GC(78)   Other: 1.2ms
[2023-04-19T13:17:15.754-0400][gc,heap     ] GC(78) Eden regions: 39->0(390)
[2023-04-19T13:17:15.754-0400][gc,heap     ] GC(78) Survivor regions: 12->2(7)
[2023-04-19T13:17:15.754-0400][gc,heap     ] GC(78) Old regions: 177->188
[2023-04-19T13:17:15.754-0400][gc,heap     ] GC(78) Archive regions: 2->2
[2023-04-19T13:17:15.754-0400][gc,heap     ] GC(78) Humongous regions: 129->129
[2023-04-19T13:17:15.755-0400][gc,metaspace] GC(78) Metaspace: 43568K(44288K)->43568K(44288K) NonClass: 38516K(38912K)->38516K(38912K) Class: 5052K(5376K)->5052K(5376K)
[2023-04-19T13:17:15.755-0400][gc          ] GC(78) Pause Young (Normal) (G1 Evacuation Pause) 357M->319M(1024M) 15.754ms
[2023-04-19T13:17:15.755-0400][gc,cpu      ] GC(78) User=0.08s Sys=0.02s Real=0.02s
[2023-04-19T13:21:35.664-0400][gc,start    ] GC(79) Pause Young (Normal) (G1 Evacuation Pause)
[2023-04-19T13:21:35.665-0400][gc,task     ] GC(79) Using 8 workers of 8 for evacuation
[2023-04-19T13:21:35.673-0400][gc,phases   ] GC(79)   Pre Evacuate Collection Set: 0.3ms
[2023-04-19T13:21:35.673-0400][gc,phases   ] GC(79)   Merge Heap Roots: 0.2ms
[2023-04-19T13:21:35.673-0400][gc,phases   ] GC(79)   Evacuate Collection Set: 7.1ms
[2023-04-19T13:21:35.673-0400][gc,phases   ] GC(79)   Post Evacuate Collection Set: 0.6ms
[2023-04-19T13:21:35.673-0400][gc,phases   ] GC(79)   Other: 0.2ms
[2023-04-19T13:21:35.673-0400][gc,heap     ] GC(79) Eden regions: 390->0(289)
[2023-04-19T13:21:35.673-0400][gc,heap     ] GC(79) Survivor regions: 2->8(49)
[2023-04-19T13:21:35.673-0400][gc,heap     ] GC(79) Old regions: 188->188
[2023-04-19T13:21:35.673-0400][gc,heap     ] GC(79) Archive regions: 2->2
[2023-04-19T13:21:35.673-0400][gc,heap     ] GC(79) Humongous regions: 129->129
[2023-04-19T13:21:35.673-0400][gc,metaspace] GC(79) Metaspace: 43568K(44288K)->43568K(44288K) NonClass: 38516K(38912K)->38516K(38912K) Class: 5052K(5376K)->5052K(5376K)
[2023-04-19T13:21:35.674-0400][gc          ] GC(79) Pause Young (Normal) (G1 Evacuation Pause) 709M->325M(1024M) 9.717ms
[2023-04-19T13:21:35.674-0400][gc,cpu      ] GC(79) User=0.06s Sys=0.00s Real=0.01s
[2023-04-19T13:24:47.725-0400][gc,start    ] GC(80) Pause Young (Normal) (G1 Evacuation Pause)
[2023-04-19T13:24:47.726-0400][gc,task     ] GC(80) Using 8 workers of 8 for evacuation
[2023-04-19T13:24:47.737-0400][gc,phases   ] GC(80)   Pre Evacuate Collection Set: 0.3ms
[2023-04-19T13:24:47.737-0400][gc,phases   ] GC(80)   Merge Heap Roots: 0.2ms
[2023-04-19T13:24:47.737-0400][gc,phases   ] GC(80)   Evacuate Collection Set: 9.0ms
[2023-04-19T13:24:47.737-0400][gc,phases   ] GC(80)   Post Evacuate Collection Set: 0.5ms
[2023-04-19T13:24:47.737-0400][gc,phases   ] GC(80)   Other: 1.0ms
[2023-04-19T13:24:47.737-0400][gc,heap     ] GC(80) Eden regions: 289->0(206)
[2023-04-19T13:24:47.737-0400][gc,heap     ] GC(80) Survivor regions: 8->12(38)
[2023-04-19T13:24:47.737-0400][gc,heap     ] GC(80) Old regions: 188->188
[2023-04-19T13:24:47.737-0400][gc,heap     ] GC(80) Archive regions: 2->2
[2023-04-19T13:24:47.737-0400][gc,heap     ] GC(80) Humongous regions: 129->129
[2023-04-19T13:24:47.737-0400][gc,metaspace] GC(80) Metaspace: 43568K(44288K)->43568K(44288K) NonClass: 38516K(38912K)->38516K(38912K) Class: 5052K(5376K)->5052K(5376K)
[2023-04-19T13:24:47.737-0400][gc          ] GC(80) Pause Young (Normal) (G1 Evacuation Pause) 614M->329M(1024M) 11.901ms
[2023-04-19T13:24:47.737-0400][gc,cpu      ] GC(80) User=0.06s Sys=0.00s Real=0.01s
[2023-04-19T13:27:06.983-0400][gc,start    ] GC(81) Pause Young (Normal) (G1 Evacuation Pause)
[2023-04-19T13:27:06.984-0400][gc,task     ] GC(81) Using 8 workers of 8 for evacuation
[2023-04-19T13:27:06.992-0400][gc,phases   ] GC(81)   Pre Evacuate Collection Set: 0.1ms
[2023-04-19T13:27:06.993-0400][gc,phases   ] GC(81)   Merge Heap Roots: 0.1ms
[2023-04-19T13:27:06.993-0400][gc,phases   ] GC(81)   Evacuate Collection Set: 8.0ms
[2023-04-19T13:27:06.993-0400][gc,phases   ] GC(81)   Post Evacuate Collection Set: 0.4ms
[2023-04-19T13:27:06.993-0400][gc,phases   ] GC(81)   Other: 0.1ms
[2023-04-19T13:27:06.993-0400][gc,heap     ] GC(81) Eden regions: 206->0(139)
[2023-04-19T13:27:06.993-0400][gc,heap     ] GC(81) Survivor regions: 12->16(28)
[2023-04-19T13:27:06.993-0400][gc,heap     ] GC(81) Old regions: 188->188
[2023-04-19T13:27:06.993-0400][gc,heap     ] GC(81) Archive regions: 2->2
[2023-04-19T13:27:06.993-0400][gc,heap     ] GC(81) Humongous regions: 129->129
[2023-04-19T13:27:06.993-0400][gc,metaspace] GC(81) Metaspace: 43568K(44288K)->43568K(44288K) NonClass: 38516K(38912K)->38516K(38912K) Class: 5052K(5376K)->5052K(5376K)
[2023-04-19T13:27:06.993-0400][gc          ] GC(81) Pause Young (Normal) (G1 Evacuation Pause) 535M->333M(1024M) 9.621ms
[2023-04-19T13:27:06.993-0400][gc,cpu      ] GC(81) User=0.05s Sys=0.01s Real=0.01s
[2023-04-19T13:28:39.549-0400][gc,start    ] GC(82) Pause Young (Normal) (G1 Evacuation Pause)
[2023-04-19T13:28:39.550-0400][gc,task     ] GC(82) Using 8 workers of 8 for evacuation
[2023-04-19T13:28:39.562-0400][gc,phases   ] GC(82)   Pre Evacuate Collection Set: 0.1ms
[2023-04-19T13:28:39.562-0400][gc,phases   ] GC(82)   Merge Heap Roots: 0.1ms
[2023-04-19T13:28:39.562-0400][gc,phases   ] GC(82)   Evacuate Collection Set: 11.5ms
[2023-04-19T13:28:39.562-0400][gc,phases   ] GC(82)   Post Evacuate Collection Set: 0.4ms
[2023-04-19T13:28:39.562-0400][gc,phases   ] GC(82)   Other: 0.1ms
[2023-04-19T13:28:39.562-0400][gc,heap     ] GC(82) Eden regions: 139->0(385)
[2023-04-19T13:28:39.562-0400][gc,heap     ] GC(82) Survivor regions: 16->12(20)
[2023-04-19T13:28:39.562-0400][gc,heap     ] GC(82) Old regions: 188->195
[2023-04-19T13:28:39.562-0400][gc,heap     ] GC(82) Archive regions: 2->2
[2023-04-19T13:28:39.562-0400][gc,heap     ] GC(82) Humongous regions: 129->129
[2023-04-19T13:28:39.562-0400][gc,metaspace] GC(82) Metaspace: 43570K(44288K)->43570K(44288K) NonClass: 38518K(38912K)->38518K(38912K) Class: 5052K(5376K)->5052K(5376K)
[2023-04-19T13:28:39.562-0400][gc          ] GC(82) Pause Young (Normal) (G1 Evacuation Pause) 472M->335M(1024M) 12.933ms
[2023-04-19T13:28:39.562-0400][gc,cpu      ] GC(82) User=0.06s Sys=0.01s Real=0.02s
[2023-04-19T13:32:58.793-0400][gc,start    ] GC(83) Pause Young (Normal) (G1 Evacuation Pause)
[2023-04-19T13:32:58.793-0400][gc,task     ] GC(83) Using 8 workers of 8 for evacuation
[2023-04-19T13:32:58.852-0400][gc,mmu      ] GC(83) MMU target violated: 21.0ms (20.0ms/21.0ms)
[2023-04-19T13:32:58.853-0400][gc,phases   ] GC(83)   Pre Evacuate Collection Set: 0.5ms
[2023-04-19T13:32:58.853-0400][gc,phases   ] GC(83)   Merge Heap Roots: 0.1ms
[2023-04-19T13:32:58.853-0400][gc,phases   ] GC(83)   Evacuate Collection Set: 54.7ms
[2023-04-19T13:32:58.853-0400][gc,phases   ] GC(83)   Post Evacuate Collection Set: 3.5ms
[2023-04-19T13:32:58.853-0400][gc,phases   ] GC(83)   Other: 0.2ms
[2023-04-19T13:32:58.853-0400][gc,heap     ] GC(83) Eden regions: 385->0(34)
[2023-04-19T13:32:58.853-0400][gc,heap     ] GC(83) Survivor regions: 12->17(50)
[2023-04-19T13:32:58.853-0400][gc,heap     ] GC(83) Old regions: 195->195
[2023-04-19T13:32:58.853-0400][gc,heap     ] GC(83) Archive regions: 2->2
[2023-04-19T13:32:58.853-0400][gc,heap     ] GC(83) Humongous regions: 129->129
[2023-04-19T13:32:58.853-0400][gc,metaspace] GC(83) Metaspace: 43574K(44288K)->43574K(44288K) NonClass: 38522K(38912K)->38522K(38912K) Class: 5052K(5376K)->5052K(5376K)
[2023-04-19T13:32:58.853-0400][gc          ] GC(83) Pause Young (Normal) (G1 Evacuation Pause) 720M->340M(1024M) 59.725ms
[2023-04-19T13:32:58.853-0400][gc,cpu      ] GC(83) User=0.07s Sys=0.05s Real=0.06s
[2023-04-19T13:33:20.415-0400][gc,start    ] GC(84) Pause Young (Normal) (G1 Evacuation Pause)
[2023-04-19T13:33:20.415-0400][gc,task     ] GC(84) Using 8 workers of 8 for evacuation
[2023-04-19T13:33:20.429-0400][gc,phases   ] GC(84)   Pre Evacuate Collection Set: 1.2ms
[2023-04-19T13:33:20.429-0400][gc,phases   ] GC(84)   Merge Heap Roots: 0.1ms
[2023-04-19T13:33:20.429-0400][gc,phases   ] GC(84)   Evacuate Collection Set: 11.5ms
[2023-04-19T13:33:20.429-0400][gc,phases   ] GC(84)   Post Evacuate Collection Set: 0.4ms
[2023-04-19T13:33:20.429-0400][gc,phases   ] GC(84)   Other: 0.1ms
[2023-04-19T13:33:20.429-0400][gc,heap     ] GC(84) Eden regions: 34->0(364)
[2023-04-19T13:33:20.429-0400][gc,heap     ] GC(84) Survivor regions: 17->3(7)
[2023-04-19T13:33:20.429-0400][gc,heap     ] GC(84) Old regions: 195->211
[2023-04-19T13:33:20.429-0400][gc,heap     ] GC(84) Archive regions: 2->2
[2023-04-19T13:33:20.429-0400][gc,heap     ] GC(84) Humongous regions: 129->129
[2023-04-19T13:33:20.429-0400][gc,metaspace] GC(84) Metaspace: 43574K(44288K)->43574K(44288K) NonClass: 38522K(38912K)->38522K(38912K) Class: 5052K(5376K)->5052K(5376K)
[2023-04-19T13:33:20.429-0400][gc          ] GC(84) Pause Young (Normal) (G1 Evacuation Pause) 374M->342M(1024M) 13.580ms
[2023-04-19T13:33:20.429-0400][gc,cpu      ] GC(84) User=0.07s Sys=0.02s Real=0.01s
[2023-04-19T13:37:22.788-0400][gc,start    ] GC(85) Pause Young (Normal) (G1 Evacuation Pause)
[2023-04-19T13:37:22.789-0400][gc,task     ] GC(85) Using 8 workers of 8 for evacuation
[2023-04-19T13:37:22.796-0400][gc,phases   ] GC(85)   Pre Evacuate Collection Set: 0.1ms
[2023-04-19T13:37:22.796-0400][gc,phases   ] GC(85)   Merge Heap Roots: 0.1ms
[2023-04-19T13:37:22.796-0400][gc,phases   ] GC(85)   Evacuate Collection Set: 6.0ms
[2023-04-19T13:37:22.796-0400][gc,phases   ] GC(85)   Post Evacuate Collection Set: 1.1ms
[2023-04-19T13:37:22.796-0400][gc,phases   ] GC(85)   Other: 0.1ms
[2023-04-19T13:37:22.796-0400][gc,heap     ] GC(85) Eden regions: 364->0(269)
[2023-04-19T13:37:22.796-0400][gc,heap     ] GC(85) Survivor regions: 3->8(46)
[2023-04-19T13:37:22.796-0400][gc,heap     ] GC(85) Old regions: 211->211
[2023-04-19T13:37:22.796-0400][gc,heap     ] GC(85) Archive regions: 2->2
[2023-04-19T13:37:22.796-0400][gc,heap     ] GC(85) Humongous regions: 129->129
[2023-04-19T13:37:22.796-0400][gc,metaspace] GC(85) Metaspace: 43575K(44288K)->43575K(44288K) NonClass: 38522K(38912K)->38522K(38912K) Class: 5052K(5376K)->5052K(5376K)
[2023-04-19T13:37:22.796-0400][gc          ] GC(85) Pause Young (Normal) (G1 Evacuation Pause) 706M->347M(1024M) 8.005ms
[2023-04-19T13:37:22.796-0400][gc,cpu      ] GC(85) User=0.04s Sys=0.01s Real=0.01s
[2023-04-19T13:40:21.310-0400][gc,start    ] GC(86) Pause Young (Normal) (G1 Evacuation Pause)
[2023-04-19T13:40:21.320-0400][gc,task     ] GC(86) Using 8 workers of 8 for evacuation
[2023-04-19T13:40:21.332-0400][gc,phases   ] GC(86)   Pre Evacuate Collection Set: 0.2ms
[2023-04-19T13:40:21.332-0400][gc,phases   ] GC(86)   Merge Heap Roots: 0.2ms
[2023-04-19T13:40:21.332-0400][gc,phases   ] GC(86)   Evacuate Collection Set: 11.2ms
[2023-04-19T13:40:21.332-0400][gc,phases   ] GC(86)   Post Evacuate Collection Set: 0.5ms
[2023-04-19T13:40:21.332-0400][gc,phases   ] GC(86)   Other: 0.2ms
[2023-04-19T13:40:21.332-0400][gc,heap     ] GC(86) Eden regions: 269->0(123)
[2023-04-19T13:40:21.332-0400][gc,heap     ] GC(86) Survivor regions: 8->12(35)
[2023-04-19T13:40:21.332-0400][gc,heap     ] GC(86) Old regions: 211->211
[2023-04-19T13:40:21.332-0400][gc,heap     ] GC(86) Archive regions: 2->2
[2023-04-19T13:40:21.332-0400][gc,heap     ] GC(86) Humongous regions: 129->129
[2023-04-19T13:40:21.332-0400][gc,metaspace] GC(86) Metaspace: 43575K(44288K)->43575K(44288K) NonClass: 38522K(38912K)->38522K(38912K) Class: 5052K(5376K)->5052K(5376K)
[2023-04-19T13:40:21.332-0400][gc          ] GC(86) Pause Young (Normal) (G1 Evacuation Pause) 616M->352M(1024M) 22.215ms
[2023-04-19T13:40:21.332-0400][gc,cpu      ] GC(86) User=0.08s Sys=0.00s Real=0.02s
[2023-04-19T13:41:42.431-0400][gc,start    ] GC(87) Pause Young (Normal) (G1 Evacuation Pause)
[2023-04-19T13:41:42.431-0400][gc,task     ] GC(87) Using 8 workers of 8 for evacuation
[2023-04-19T13:41:42.439-0400][gc,phases   ] GC(87)   Pre Evacuate Collection Set: 0.1ms
[2023-04-19T13:41:42.439-0400][gc,phases   ] GC(87)   Merge Heap Roots: 0.1ms
[2023-04-19T13:41:42.439-0400][gc,phases   ] GC(87)   Evacuate Collection Set: 7.6ms
[2023-04-19T13:41:42.439-0400][gc,phases   ] GC(87)   Post Evacuate Collection Set: 0.3ms
[2023-04-19T13:41:42.439-0400][gc,phases   ] GC(87)   Other: 0.1ms
[2023-04-19T13:41:42.439-0400][gc,heap     ] GC(87) Eden regions: 123->0(406)
[2023-04-19T13:41:42.439-0400][gc,heap     ] GC(87) Survivor regions: 12->8(17)
[2023-04-19T13:41:42.439-0400][gc,heap     ] GC(87) Old regions: 211->217
[2023-04-19T13:41:42.439-0400][gc,heap     ] GC(87) Archive regions: 2->2
[2023-04-19T13:41:42.439-0400][gc,heap     ] GC(87) Humongous regions: 129->129
[2023-04-19T13:41:42.439-0400][gc,metaspace] GC(87) Metaspace: 43575K(44288K)->43575K(44288K) NonClass: 38522K(38912K)->38522K(38912K) Class: 5052K(5376K)->5052K(5376K)
[2023-04-19T13:41:42.439-0400][gc          ] GC(87) Pause Young (Normal) (G1 Evacuation Pause) 475M->353M(1024M) 8.473ms
[2023-04-19T13:41:42.439-0400][gc,cpu      ] GC(87) User=0.04s Sys=0.01s Real=0.00s
[2023-04-19T13:46:12.811-0400][gc,start    ] GC(88) Pause Young (Normal) (G1 Evacuation Pause)
[2023-04-19T13:46:12.812-0400][gc,task     ] GC(88) Using 8 workers of 8 for evacuation
[2023-04-19T13:46:12.840-0400][gc,mmu      ] GC(88) MMU target violated: 21.0ms (20.0ms/21.0ms)
[2023-04-19T13:46:12.840-0400][gc,phases   ] GC(88)   Pre Evacuate Collection Set: 0.5ms
[2023-04-19T13:46:12.840-0400][gc,phases   ] GC(88)   Merge Heap Roots: 0.1ms
[2023-04-19T13:46:12.840-0400][gc,phases   ] GC(88)   Evacuate Collection Set: 26.4ms
[2023-04-19T13:46:12.840-0400][gc,phases   ] GC(88)   Post Evacuate Collection Set: 0.6ms
[2023-04-19T13:46:12.840-0400][gc,phases   ] GC(88)   Other: 0.7ms
[2023-04-19T13:46:12.840-0400][gc,heap     ] GC(88) Eden regions: 406->0(37)
[2023-04-19T13:46:12.840-0400][gc,heap     ] GC(88) Survivor regions: 8->14(52)
[2023-04-19T13:46:12.840-0400][gc,heap     ] GC(88) Old regions: 217->217
[2023-04-19T13:46:12.840-0400][gc,heap     ] GC(88) Archive regions: 2->2
[2023-04-19T13:46:12.840-0400][gc,heap     ] GC(88) Humongous regions: 129->129
[2023-04-19T13:46:12.840-0400][gc,metaspace] GC(88) Metaspace: 43575K(44288K)->43575K(44288K) NonClass: 38522K(38912K)->38522K(38912K) Class: 5052K(5376K)->5052K(5376K)
[2023-04-19T13:46:12.840-0400][gc          ] GC(88) Pause Young (Normal) (G1 Evacuation Pause) 759M->359M(1024M) 28.746ms
[2023-04-19T13:46:12.840-0400][gc,cpu      ] GC(88) User=0.06s Sys=0.09s Real=0.03s
[2023-04-19T13:46:36.571-0400][gc,start    ] GC(89) Pause Young (Normal) (G1 Evacuation Pause)
[2023-04-19T13:46:36.572-0400][gc,task     ] GC(89) Using 8 workers of 8 for evacuation
[2023-04-19T13:46:36.584-0400][gc,phases   ] GC(89)   Pre Evacuate Collection Set: 0.2ms
[2023-04-19T13:46:36.584-0400][gc,phases   ] GC(89)   Merge Heap Roots: 0.1ms
[2023-04-19T13:46:36.584-0400][gc,phases   ] GC(89)   Evacuate Collection Set: 11.0ms
[2023-04-19T13:46:36.584-0400][gc,phases   ] GC(89)   Post Evacuate Collection Set: 0.4ms
[2023-04-19T13:46:36.584-0400][gc,phases   ] GC(89)   Other: 0.1ms
[2023-04-19T13:46:36.584-0400][gc,heap     ] GC(89) Eden regions: 37->0(532)
[2023-04-19T13:46:36.584-0400][gc,heap     ] GC(89) Survivor regions: 14->2(7)
[2023-04-19T13:46:36.584-0400][gc,heap     ] GC(89) Old regions: 217->230
[2023-04-19T13:46:36.584-0400][gc,heap     ] GC(89) Archive regions: 2->2
[2023-04-19T13:46:36.584-0400][gc,heap     ] GC(89) Humongous regions: 129->129
[2023-04-19T13:46:36.584-0400][gc,metaspace] GC(89) Metaspace: 43575K(44288K)->43575K(44288K) NonClass: 38522K(38912K)->38522K(38912K) Class: 5052K(5376K)->5052K(5376K)
[2023-04-19T13:46:36.584-0400][gc          ] GC(89) Pause Young (Normal) (G1 Evacuation Pause) 396M->361M(1024M) 12.767ms
[2023-04-19T13:46:36.584-0400][gc,cpu      ] GC(89) User=0.06s Sys=0.01s Real=0.01s
[2023-04-19T13:52:32.569-0400][gc,start    ] GC(90) Pause Young (Concurrent Start) (G1 Evacuation Pause)
[2023-04-19T13:52:32.585-0400][gc,task     ] GC(90) Using 8 workers of 8 for evacuation
[2023-04-19T13:52:32.664-0400][gc,mmu      ] GC(90) MMU target violated: 21.0ms (20.0ms/21.0ms)
[2023-04-19T13:52:32.664-0400][gc,phases   ] GC(90)   Pre Evacuate Collection Set: 0.8ms
[2023-04-19T13:52:32.664-0400][gc,phases   ] GC(90)   Merge Heap Roots: 0.1ms
[2023-04-19T13:52:32.664-0400][gc,phases   ] GC(90)   Evacuate Collection Set: 76.1ms
[2023-04-19T13:52:32.664-0400][gc,phases   ] GC(90)   Post Evacuate Collection Set: 1.6ms
[2023-04-19T13:52:32.664-0400][gc,phases   ] GC(90)   Other: 0.8ms
[2023-04-19T13:52:32.665-0400][gc,heap     ] GC(90) Eden regions: 532->0(41)
[2023-04-19T13:52:32.665-0400][gc,heap     ] GC(90) Survivor regions: 2->10(67)
[2023-04-19T13:52:32.665-0400][gc,heap     ] GC(90) Old regions: 230->230
[2023-04-19T13:52:32.665-0400][gc,heap     ] GC(90) Archive regions: 2->2
[2023-04-19T13:52:32.665-0400][gc,heap     ] GC(90) Humongous regions: 129->129
[2023-04-19T13:52:32.665-0400][gc,metaspace] GC(90) Metaspace: 43575K(44288K)->43575K(44288K) NonClass: 38522K(38912K)->38522K(38912K) Class: 5052K(5376K)->5052K(5376K)
[2023-04-19T13:52:32.665-0400][gc          ] GC(90) Pause Young (Concurrent Start) (G1 Evacuation Pause) 893M->369M(1024M) 95.628ms
[2023-04-19T13:52:32.665-0400][gc,cpu      ] GC(90) User=0.09s Sys=0.08s Real=0.10s
[2023-04-19T13:52:32.666-0400][gc          ] GC(91) Concurrent Mark Cycle
[2023-04-19T13:52:32.666-0400][gc,marking  ] GC(91) Concurrent Clear Claimed Marks
[2023-04-19T13:52:32.666-0400][gc,marking  ] GC(91) Concurrent Clear Claimed Marks 0.058ms
[2023-04-19T13:52:32.666-0400][gc,marking  ] GC(91) Concurrent Scan Root Regions
[2023-04-19T13:52:32.764-0400][gc,marking  ] GC(91) Concurrent Scan Root Regions 98.100ms
[2023-04-19T13:52:32.764-0400][gc,marking  ] GC(91) Concurrent Mark
[2023-04-19T13:52:32.764-0400][gc,marking  ] GC(91) Concurrent Mark From Roots
[2023-04-19T13:52:32.764-0400][gc,task     ] GC(91) Using 2 workers of 2 for marking
[2023-04-19T13:52:33.006-0400][gc,marking  ] GC(91) Concurrent Mark From Roots 242.042ms
[2023-04-19T13:52:33.006-0400][gc,marking  ] GC(91) Concurrent Preclean
[2023-04-19T13:52:33.006-0400][gc,marking  ] GC(91) Concurrent Preclean 0.437ms
[2023-04-19T13:52:33.007-0400][gc,start    ] GC(91) Pause Remark
[2023-04-19T13:52:33.247-0400][gc,mmu      ] GC(91) MMU target violated: 21.0ms (20.0ms/21.0ms)
[2023-04-19T13:52:33.247-0400][gc          ] GC(91) Pause Remark 373M->281M(1024M) 240.131ms
[2023-04-19T13:52:33.247-0400][gc,cpu      ] GC(91) User=0.04s Sys=0.36s Real=0.24s
[2023-04-19T13:52:33.247-0400][gc,marking  ] GC(91) Concurrent Mark 483.293ms
[2023-04-19T13:52:33.247-0400][gc,marking  ] GC(91) Concurrent Rebuild Remembered Sets
[2023-04-19T13:52:33.315-0400][gc,marking  ] GC(91) Concurrent Rebuild Remembered Sets 67.485ms
[2023-04-19T13:52:33.315-0400][gc,start    ] GC(91) Pause Cleanup
[2023-04-19T13:52:33.316-0400][gc          ] GC(91) Pause Cleanup 281M->281M(1024M) 0.681ms
[2023-04-19T13:52:33.316-0400][gc,cpu      ] GC(91) User=0.00s Sys=0.00s Real=0.00s
[2023-04-19T13:52:33.316-0400][gc,marking  ] GC(91) Concurrent Cleanup for Next Mark
[2023-04-19T13:52:33.336-0400][gc,marking  ] GC(91) Concurrent Cleanup for Next Mark 19.652ms
[2023-04-19T13:52:33.336-0400][gc          ] GC(91) Concurrent Mark Cycle 670.406ms
[2023-04-19T13:52:59.421-0400][gc,start    ] GC(92) Pause Young (Prepare Mixed) (G1 Evacuation Pause)
[2023-04-19T13:52:59.421-0400][gc,task     ] GC(92) Using 8 workers of 8 for evacuation
[2023-04-19T13:52:59.466-0400][gc,mmu      ] GC(92) MMU target violated: 21.0ms (20.0ms/21.0ms)
[2023-04-19T13:52:59.466-0400][gc,phases   ] GC(92)   Pre Evacuate Collection Set: 0.1ms
[2023-04-19T13:52:59.466-0400][gc,phases   ] GC(92)   Merge Heap Roots: 0.1ms
[2023-04-19T13:52:59.466-0400][gc,phases   ] GC(92)   Evacuate Collection Set: 44.2ms
[2023-04-19T13:52:59.466-0400][gc,phases   ] GC(92)   Post Evacuate Collection Set: 0.5ms
[2023-04-19T13:52:59.466-0400][gc,phases   ] GC(92)   Other: 0.2ms
[2023-04-19T13:52:59.466-0400][gc,heap     ] GC(92) Eden regions: 41->0(49)
[2023-04-19T13:52:59.467-0400][gc,heap     ] GC(92) Survivor regions: 10->2(7)
[2023-04-19T13:52:59.467-0400][gc,heap     ] GC(92) Old regions: 137->147
[2023-04-19T13:52:59.467-0400][gc,heap     ] GC(92) Archive regions: 2->2
[2023-04-19T13:52:59.467-0400][gc,heap     ] GC(92) Humongous regions: 129->129
[2023-04-19T13:52:59.467-0400][gc,metaspace] GC(92) Metaspace: 43495K(44288K)->43495K(44288K) NonClass: 38462K(38912K)->38462K(38912K) Class: 5032K(5376K)->5032K(5376K)
[2023-04-19T13:52:59.467-0400][gc          ] GC(92) Pause Young (Prepare Mixed) (G1 Evacuation Pause) 317M->278M(1024M) 46.041ms
[2023-04-19T13:52:59.467-0400][gc,cpu      ] GC(92) User=0.04s Sys=0.08s Real=0.04s
[2023-04-19T13:53:32.094-0400][gc,start    ] GC(93) Pause Young (Mixed) (G1 Evacuation Pause)
[2023-04-19T13:53:32.094-0400][gc,task     ] GC(93) Using 8 workers of 8 for evacuation
[2023-04-19T13:53:32.098-0400][gc,phases   ] GC(93)   Pre Evacuate Collection Set: 0.1ms
[2023-04-19T13:53:32.098-0400][gc,phases   ] GC(93)   Merge Heap Roots: 0.1ms
[2023-04-19T13:53:32.098-0400][gc,phases   ] GC(93)   Evacuate Collection Set: 2.0ms
[2023-04-19T13:53:32.098-0400][gc,phases   ] GC(93)   Merge Optional Heap Roots: 0.0ms
[2023-04-19T13:53:32.098-0400][gc,phases   ] GC(93)   Evacuate Optional Collection Set: 0.6ms
[2023-04-19T13:53:32.099-0400][gc,phases   ] GC(93)   Post Evacuate Collection Set: 1.1ms
[2023-04-19T13:53:32.099-0400][gc,phases   ] GC(93)   Other: 0.6ms
[2023-04-19T13:53:32.099-0400][gc,heap     ] GC(93) Eden regions: 49->0(49)
[2023-04-19T13:53:32.099-0400][gc,heap     ] GC(93) Survivor regions: 2->2(7)
[2023-04-19T13:53:32.099-0400][gc,heap     ] GC(93) Old regions: 147->125
[2023-04-19T13:53:32.099-0400][gc,heap     ] GC(93) Archive regions: 2->2
[2023-04-19T13:53:32.099-0400][gc,heap     ] GC(93) Humongous regions: 129->129
[2023-04-19T13:53:32.099-0400][gc,metaspace] GC(93) Metaspace: 43495K(44288K)->43495K(44288K) NonClass: 38462K(38912K)->38462K(38912K) Class: 5032K(5376K)->5032K(5376K)
[2023-04-19T13:53:32.099-0400][gc          ] GC(93) Pause Young (Mixed) (G1 Evacuation Pause) 327M->256M(1024M) 4.988ms
[2023-04-19T13:53:32.099-0400][gc,cpu      ] GC(93) User=0.02s Sys=0.00s Real=0.00s
[2023-04-19T13:54:04.473-0400][gc,start    ] GC(94) Pause Young (Mixed) (G1 Evacuation Pause)
[2023-04-19T13:54:04.473-0400][gc,task     ] GC(94) Using 8 workers of 8 for evacuation
[2023-04-19T13:54:04.478-0400][gc,phases   ] GC(94)   Pre Evacuate Collection Set: 0.1ms
[2023-04-19T13:54:04.478-0400][gc,phases   ] GC(94)   Merge Heap Roots: 0.1ms
[2023-04-19T13:54:04.478-0400][gc,phases   ] GC(94)   Evacuate Collection Set: 2.9ms
[2023-04-19T13:54:04.478-0400][gc,phases   ] GC(94)   Merge Optional Heap Roots: 0.0ms
[2023-04-19T13:54:04.478-0400][gc,phases   ] GC(94)   Evacuate Optional Collection Set: 0.2ms
[2023-04-19T13:54:04.478-0400][gc,phases   ] GC(94)   Post Evacuate Collection Set: 1.1ms
[2023-04-19T13:54:04.478-0400][gc,phases   ] GC(94)   Other: 0.6ms
[2023-04-19T13:54:04.478-0400][gc,heap     ] GC(94) Eden regions: 49->0(48)
[2023-04-19T13:54:04.478-0400][gc,heap     ] GC(94) Survivor regions: 2->3(7)
[2023-04-19T13:54:04.478-0400][gc,heap     ] GC(94) Old regions: 125->87
[2023-04-19T13:54:04.478-0400][gc,heap     ] GC(94) Archive regions: 2->2
[2023-04-19T13:54:04.478-0400][gc,heap     ] GC(94) Humongous regions: 129->129
[2023-04-19T13:54:04.478-0400][gc,metaspace] GC(94) Metaspace: 43495K(44288K)->43495K(44288K) NonClass: 38462K(38912K)->38462K(38912K) Class: 5032K(5376K)->5032K(5376K)
[2023-04-19T13:54:04.478-0400][gc          ] GC(94) Pause Young (Mixed) (G1 Evacuation Pause) 305M->218M(1024M) 5.187ms
[2023-04-19T13:54:04.478-0400][gc,cpu      ] GC(94) User=0.02s Sys=0.00s Real=0.00s
[2023-04-19T13:54:35.985-0400][gc,start    ] GC(95) Pause Young (Mixed) (G1 Evacuation Pause)
[2023-04-19T13:54:35.986-0400][gc,task     ] GC(95) Using 8 workers of 8 for evacuation
[2023-04-19T13:54:35.991-0400][gc,phases   ] GC(95)   Pre Evacuate Collection Set: 0.1ms
[2023-04-19T13:54:35.991-0400][gc,phases   ] GC(95)   Merge Heap Roots: 0.1ms
[2023-04-19T13:54:35.991-0400][gc,phases   ] GC(95)   Evacuate Collection Set: 3.7ms
[2023-04-19T13:54:35.991-0400][gc,phases   ] GC(95)   Post Evacuate Collection Set: 0.3ms
[2023-04-19T13:54:35.991-0400][gc,phases   ] GC(95)   Other: 0.7ms
[2023-04-19T13:54:35.991-0400][gc,heap     ] GC(95) Eden regions: 48->0(267)
[2023-04-19T13:54:35.991-0400][gc,heap     ] GC(95) Survivor regions: 3->4(7)
[2023-04-19T13:54:35.991-0400][gc,heap     ] GC(95) Old regions: 87->80
[2023-04-19T13:54:35.991-0400][gc,heap     ] GC(95) Archive regions: 2->2
[2023-04-19T13:54:35.991-0400][gc,heap     ] GC(95) Humongous regions: 129->129
[2023-04-19T13:54:35.991-0400][gc,metaspace] GC(95) Metaspace: 43495K(44288K)->43495K(44288K) NonClass: 38462K(38912K)->38462K(38912K) Class: 5032K(5376K)->5032K(5376K)
[2023-04-19T13:54:35.991-0400][gc          ] GC(95) Pause Young (Mixed) (G1 Evacuation Pause) 266M->212M(1024M) 5.696ms
[2023-04-19T13:54:35.991-0400][gc,cpu      ] GC(95) User=0.01s Sys=0.00s Real=0.01s
[2023-04-19T13:57:32.766-0400][gc,start    ] GC(96) Pause Young (Normal) (G1 Evacuation Pause)
[2023-04-19T13:57:32.767-0400][gc,task     ] GC(96) Using 8 workers of 8 for evacuation
[2023-04-19T13:57:32.772-0400][gc,phases   ] GC(96)   Pre Evacuate Collection Set: 0.1ms
[2023-04-19T13:57:32.772-0400][gc,phases   ] GC(96)   Merge Heap Roots: 0.1ms
[2023-04-19T13:57:32.772-0400][gc,phases   ] GC(96)   Evacuate Collection Set: 4.7ms
[2023-04-19T13:57:32.772-0400][gc,phases   ] GC(96)   Post Evacuate Collection Set: 0.4ms
[2023-04-19T13:57:32.772-0400][gc,phases   ] GC(96)   Other: 0.1ms
[2023-04-19T13:57:32.772-0400][gc,heap     ] GC(96) Eden regions: 267->0(162)
[2023-04-19T13:57:32.772-0400][gc,heap     ] GC(96) Survivor regions: 4->8(34)
[2023-04-19T13:57:32.772-0400][gc,heap     ] GC(96) Old regions: 80->80
[2023-04-19T13:57:32.772-0400][gc,heap     ] GC(96) Archive regions: 2->2
[2023-04-19T13:57:32.772-0400][gc,heap     ] GC(96) Humongous regions: 129->129
[2023-04-19T13:57:32.772-0400][gc,metaspace] GC(96) Metaspace: 43495K(44288K)->43495K(44288K) NonClass: 38462K(38912K)->38462K(38912K) Class: 5032K(5376K)->5032K(5376K)
[2023-04-19T13:57:32.773-0400][gc          ] GC(96) Pause Young (Normal) (G1 Evacuation Pause) 479M->217M(1024M) 6.284ms
[2023-04-19T13:57:32.773-0400][gc,cpu      ] GC(96) User=0.04s Sys=0.00s Real=0.01s
[2023-04-19T13:59:21.334-0400][gc,start    ] GC(97) Pause Young (Normal) (G1 Evacuation Pause)
[2023-04-19T13:59:21.335-0400][gc,task     ] GC(97) Using 8 workers of 8 for evacuation
[2023-04-19T13:59:21.343-0400][gc,phases   ] GC(97)   Pre Evacuate Collection Set: 0.1ms
[2023-04-19T13:59:21.343-0400][gc,phases   ] GC(97)   Merge Heap Roots: 0.1ms
[2023-04-19T13:59:21.343-0400][gc,phases   ] GC(97)   Evacuate Collection Set: 7.4ms
[2023-04-19T13:59:21.343-0400][gc,phases   ] GC(97)   Post Evacuate Collection Set: 0.4ms
[2023-04-19T13:59:21.343-0400][gc,phases   ] GC(97)   Other: 0.1ms
[2023-04-19T13:59:21.343-0400][gc,heap     ] GC(97) Eden regions: 162->0(111)
[2023-04-19T13:59:21.343-0400][gc,heap     ] GC(97) Survivor regions: 8->11(22)
[2023-04-19T13:59:21.343-0400][gc,heap     ] GC(97) Old regions: 80->80
[2023-04-19T13:59:21.343-0400][gc,heap     ] GC(97) Archive regions: 2->2
[2023-04-19T13:59:21.343-0400][gc,heap     ] GC(97) Humongous regions: 129->129
[2023-04-19T13:59:21.343-0400][gc,metaspace] GC(97) Metaspace: 43495K(44288K)->43495K(44288K) NonClass: 38463K(38912K)->38463K(38912K) Class: 5032K(5376K)->5032K(5376K)
[2023-04-19T13:59:21.343-0400][gc          ] GC(97) Pause Young (Normal) (G1 Evacuation Pause) 379M->219M(1024M) 9.101ms
[2023-04-19T13:59:21.343-0400][gc,cpu      ] GC(97) User=0.05s Sys=0.00s Real=0.01s
[2023-04-19T14:00:36.335-0400][gc,start    ] GC(98) Pause Young (Normal) (G1 Evacuation Pause)
[2023-04-19T14:00:36.336-0400][gc,task     ] GC(98) Using 8 workers of 8 for evacuation
[2023-04-19T14:00:36.361-0400][gc,mmu      ] GC(98) MMU target violated: 21.0ms (20.0ms/21.0ms)
[2023-04-19T14:00:36.361-0400][gc,phases   ] GC(98)   Pre Evacuate Collection Set: 0.1ms
[2023-04-19T14:00:36.361-0400][gc,phases   ] GC(98)   Merge Heap Roots: 0.1ms
[2023-04-19T14:00:36.361-0400][gc,phases   ] GC(98)   Evacuate Collection Set: 24.3ms
[2023-04-19T14:00:36.361-0400][gc,phases   ] GC(98)   Post Evacuate Collection Set: 0.3ms
[2023-04-19T14:00:36.361-0400][gc,phases   ] GC(98)   Other: 0.2ms
[2023-04-19T14:00:36.361-0400][gc,heap     ] GC(98) Eden regions: 111->0(40)
[2023-04-19T14:00:36.361-0400][gc,heap     ] GC(98) Survivor regions: 11->11(16)
[2023-04-19T14:00:36.361-0400][gc,heap     ] GC(98) Old regions: 80->82
[2023-04-19T14:00:36.361-0400][gc,heap     ] GC(98) Archive regions: 2->2
[2023-04-19T14:00:36.361-0400][gc,heap     ] GC(98) Humongous regions: 129->129
[2023-04-19T14:00:36.361-0400][gc,metaspace] GC(98) Metaspace: 43495K(44288K)->43495K(44288K) NonClass: 38463K(38912K)->38463K(38912K) Class: 5032K(5376K)->5032K(5376K)
[2023-04-19T14:00:36.361-0400][gc          ] GC(98) Pause Young (Normal) (G1 Evacuation Pause) 330M->221M(1024M) 25.811ms
[2023-04-19T14:00:36.361-0400][gc,cpu      ] GC(98) User=0.04s Sys=0.03s Real=0.03s
[2023-04-19T14:01:02.273-0400][gc,start    ] GC(99) Pause Young (Normal) (G1 Evacuation Pause)
[2023-04-19T14:01:02.274-0400][gc,task     ] GC(99) Using 8 workers of 8 for evacuation
[2023-04-19T14:01:02.319-0400][gc,mmu      ] GC(99) MMU target violated: 21.0ms (20.0ms/21.0ms)
[2023-04-19T14:01:02.319-0400][gc,phases   ] GC(99)   Pre Evacuate Collection Set: 0.1ms
[2023-04-19T14:01:02.319-0400][gc,phases   ] GC(99)   Merge Heap Roots: 0.1ms
[2023-04-19T14:01:02.319-0400][gc,phases   ] GC(99)   Evacuate Collection Set: 44.3ms
[2023-04-19T14:01:02.319-0400][gc,phases   ] GC(99)   Post Evacuate Collection Set: 0.3ms
[2023-04-19T14:01:02.319-0400][gc,phases   ] GC(99)   Other: 0.6ms
[2023-04-19T14:01:02.319-0400][gc,heap     ] GC(99) Eden regions: 40->0(158)
[2023-04-19T14:01:02.319-0400][gc,heap     ] GC(99) Survivor regions: 11->4(7)
[2023-04-19T14:01:02.319-0400][gc,heap     ] GC(99) Old regions: 82->90
[2023-04-19T14:01:02.319-0400][gc,heap     ] GC(99) Archive regions: 2->2
[2023-04-19T14:01:02.319-0400][gc,heap     ] GC(99) Humongous regions: 129->129
[2023-04-19T14:01:02.319-0400][gc,metaspace] GC(99) Metaspace: 43495K(44288K)->43495K(44288K) NonClass: 38463K(38912K)->38463K(38912K) Class: 5032K(5376K)->5032K(5376K)
[2023-04-19T14:01:02.319-0400][gc          ] GC(99) Pause Young (Normal) (G1 Evacuation Pause) 261M->222M(1024M) 46.051ms
[2023-04-19T14:01:02.319-0400][gc,cpu      ] GC(99) User=0.03s Sys=0.07s Real=0.04s
[2023-04-19T14:02:51.019-0400][gc,start    ] GC(100) Pause Young (Normal) (G1 Evacuation Pause)
[2023-04-19T14:02:51.020-0400][gc,task     ] GC(100) Using 8 workers of 8 for evacuation
[2023-04-19T14:02:51.025-0400][gc,phases   ] GC(100)   Pre Evacuate Collection Set: 0.1ms
[2023-04-19T14:02:51.025-0400][gc,phases   ] GC(100)   Merge Heap Roots: 0.1ms
[2023-04-19T14:02:51.025-0400][gc,phases   ] GC(100)   Evacuate Collection Set: 4.3ms
[2023-04-19T14:02:51.025-0400][gc,phases   ] GC(100)   Post Evacuate Collection Set: 0.7ms
[2023-04-19T14:02:51.025-0400][gc,phases   ] GC(100)   Other: 0.1ms
[2023-04-19T14:02:51.026-0400][gc,heap     ] GC(100) Eden regions: 158->0(142)
[2023-04-19T14:02:51.026-0400][gc,heap     ] GC(100) Survivor regions: 4->6(21)
[2023-04-19T14:02:51.026-0400][gc,heap     ] GC(100) Old regions: 90->90
[2023-04-19T14:02:51.026-0400][gc,heap     ] GC(100) Archive regions: 2->2
[2023-04-19T14:02:51.026-0400][gc,heap     ] GC(100) Humongous regions: 129->129
[2023-04-19T14:02:51.026-0400][gc,metaspace] GC(100) Metaspace: 43496K(44288K)->43496K(44288K) NonClass: 38463K(38912K)->38463K(38912K) Class: 5032K(5376K)->5032K(5376K)
[2023-04-19T14:02:51.026-0400][gc          ] GC(100) Pause Young (Normal) (G1 Evacuation Pause) 380M->224M(1024M) 6.206ms
[2023-04-19T14:02:51.026-0400][gc,cpu      ] GC(100) User=0.03s Sys=0.00s Real=0.01s
[2023-04-19T14:04:27.131-0400][gc,start    ] GC(101) Pause Young (Normal) (G1 Evacuation Pause)
[2023-04-19T14:04:27.132-0400][gc,task     ] GC(101) Using 8 workers of 8 for evacuation
[2023-04-19T14:04:27.138-0400][gc,phases   ] GC(101)   Pre Evacuate Collection Set: 0.1ms
[2023-04-19T14:04:27.138-0400][gc,phases   ] GC(101)   Merge Heap Roots: 0.1ms
[2023-04-19T14:04:27.138-0400][gc,phases   ] GC(101)   Evacuate Collection Set: 5.3ms
[2023-04-19T14:04:27.138-0400][gc,phases   ] GC(101)   Post Evacuate Collection Set: 0.4ms
[2023-04-19T14:04:27.138-0400][gc,phases   ] GC(101)   Other: 0.1ms
[2023-04-19T14:04:27.138-0400][gc,heap     ] GC(101) Eden regions: 142->0(108)
[2023-04-19T14:04:27.138-0400][gc,heap     ] GC(101) Survivor regions: 6->8(19)
[2023-04-19T14:04:27.138-0400][gc,heap     ] GC(101) Old regions: 90->90
[2023-04-19T14:04:27.138-0400][gc,heap     ] GC(101) Archive regions: 2->2
[2023-04-19T14:04:27.138-0400][gc,heap     ] GC(101) Humongous regions: 129->129
[2023-04-19T14:04:27.138-0400][gc,metaspace] GC(101) Metaspace: 43496K(44288K)->43496K(44288K) NonClass: 38463K(38912K)->38463K(38912K) Class: 5032K(5376K)->5032K(5376K)
[2023-04-19T14:04:27.138-0400][gc          ] GC(101) Pause Young (Normal) (G1 Evacuation Pause) 366M->227M(1024M) 7.041ms
[2023-04-19T14:04:27.138-0400][gc,cpu      ] GC(101) User=0.03s Sys=0.00s Real=0.00s
[2023-04-19T14:05:41.331-0400][gc,start    ] GC(102) Pause Young (Normal) (G1 Evacuation Pause)
[2023-04-19T14:05:41.332-0400][gc,task     ] GC(102) Using 8 workers of 8 for evacuation
[2023-04-19T14:05:41.352-0400][gc,phases   ] GC(102)   Pre Evacuate Collection Set: 0.1ms
[2023-04-19T14:05:41.352-0400][gc,phases   ] GC(102)   Merge Heap Roots: 0.1ms
[2023-04-19T14:05:41.352-0400][gc,phases   ] GC(102)   Evacuate Collection Set: 19.0ms
[2023-04-19T14:05:41.352-0400][gc,phases   ] GC(102)   Post Evacuate Collection Set: 0.4ms
[2023-04-19T14:05:41.352-0400][gc,phases   ] GC(102)   Other: 0.1ms
[2023-04-19T14:05:41.352-0400][gc,heap     ] GC(102) Eden regions: 108->0(92)
[2023-04-19T14:05:41.352-0400][gc,heap     ] GC(102) Survivor regions: 8->8(15)
[2023-04-19T14:05:41.352-0400][gc,heap     ] GC(102) Old regions: 90->91
[2023-04-19T14:05:41.352-0400][gc,heap     ] GC(102) Archive regions: 2->2
[2023-04-19T14:05:41.352-0400][gc,heap     ] GC(102) Humongous regions: 129->129
[2023-04-19T14:05:41.352-0400][gc,metaspace] GC(102) Metaspace: 43496K(44288K)->43496K(44288K) NonClass: 38464K(38912K)->38464K(38912K) Class: 5032K(5376K)->5032K(5376K)
[2023-04-19T14:05:41.352-0400][gc          ] GC(102) Pause Young (Normal) (G1 Evacuation Pause) 335M->228M(1024M) 20.714ms
[2023-04-19T14:05:41.352-0400][gc,cpu      ] GC(102) User=0.05s Sys=0.02s Real=0.02s
[2023-04-19T14:06:44.287-0400][gc,start    ] GC(103) Pause Young (Normal) (G1 Evacuation Pause)
[2023-04-19T14:06:44.287-0400][gc,task     ] GC(103) Using 8 workers of 8 for evacuation
[2023-04-19T14:06:44.298-0400][gc,phases   ] GC(103)   Pre Evacuate Collection Set: 1.0ms
[2023-04-19T14:06:44.298-0400][gc,phases   ] GC(103)   Merge Heap Roots: 0.1ms
[2023-04-19T14:06:44.298-0400][gc,phases   ] GC(103)   Evacuate Collection Set: 8.3ms
[2023-04-19T14:06:44.298-0400][gc,phases   ] GC(103)   Post Evacuate Collection Set: 0.5ms
[2023-04-19T14:06:44.298-0400][gc,phases   ] GC(103)   Other: 0.2ms
[2023-04-19T14:06:44.298-0400][gc,heap     ] GC(103) Eden regions: 92->0(96)
[2023-04-19T14:06:44.298-0400][gc,heap     ] GC(103) Survivor regions: 8->9(13)
[2023-04-19T14:06:44.298-0400][gc,heap     ] GC(103) Old regions: 91->92
[2023-04-19T14:06:44.298-0400][gc,heap     ] GC(103) Archive regions: 2->2
[2023-04-19T14:06:44.298-0400][gc,heap     ] GC(103) Humongous regions: 129->129
[2023-04-19T14:06:44.298-0400][gc,metaspace] GC(103) Metaspace: 43496K(44288K)->43496K(44288K) NonClass: 38464K(38912K)->38464K(38912K) Class: 5032K(5376K)->5032K(5376K)
[2023-04-19T14:06:44.298-0400][gc          ] GC(103) Pause Young (Normal) (G1 Evacuation Pause) 320M->230M(1024M) 10.990ms
[2023-04-19T14:06:44.298-0400][gc,cpu      ] GC(103) User=0.04s Sys=0.01s Real=0.01s
[2023-04-19T14:07:50.467-0400][gc,start    ] GC(104) Pause Young (Normal) (G1 Evacuation Pause)
[2023-04-19T14:07:50.467-0400][gc,task     ] GC(104) Using 8 workers of 8 for evacuation
[2023-04-19T14:07:50.480-0400][gc,phases   ] GC(104)   Pre Evacuate Collection Set: 0.1ms
[2023-04-19T14:07:50.480-0400][gc,phases   ] GC(104)   Merge Heap Roots: 0.1ms
[2023-04-19T14:07:50.480-0400][gc,phases   ] GC(104)   Evacuate Collection Set: 12.6ms
[2023-04-19T14:07:50.480-0400][gc,phases   ] GC(104)   Post Evacuate Collection Set: 0.3ms
[2023-04-19T14:07:50.480-0400][gc,phases   ] GC(104)   Other: 0.1ms
[2023-04-19T14:07:50.480-0400][gc,heap     ] GC(104) Eden regions: 96->0(184)
[2023-04-19T14:07:50.480-0400][gc,heap     ] GC(104) Survivor regions: 9->8(14)
[2023-04-19T14:07:50.480-0400][gc,heap     ] GC(104) Old regions: 92->95
[2023-04-19T14:07:50.480-0400][gc,heap     ] GC(104) Archive regions: 2->2
[2023-04-19T14:07:50.480-0400][gc,heap     ] GC(104) Humongous regions: 129->129
[2023-04-19T14:07:50.480-0400][gc,metaspace] GC(104) Metaspace: 43498K(44288K)->43498K(44288K) NonClass: 38465K(38912K)->38465K(38912K) Class: 5032K(5376K)->5032K(5376K)
[2023-04-19T14:07:50.480-0400][gc          ] GC(104) Pause Young (Normal) (G1 Evacuation Pause) 326M->232M(1024M) 13.884ms
[2023-04-19T14:07:50.481-0400][gc,cpu      ] GC(104) User=0.03s Sys=0.02s Real=0.02s
[2023-04-19T14:09:53.503-0400][gc,start    ] GC(105) Pause Young (Normal) (G1 Evacuation Pause)
[2023-04-19T14:09:53.504-0400][gc,task     ] GC(105) Using 8 workers of 8 for evacuation
[2023-04-19T14:09:53.526-0400][gc,mmu      ] GC(105) MMU target violated: 21.0ms (20.0ms/21.0ms)
[2023-04-19T14:09:53.526-0400][gc,phases   ] GC(105)   Pre Evacuate Collection Set: 0.1ms
[2023-04-19T14:09:53.526-0400][gc,phases   ] GC(105)   Merge Heap Roots: 0.1ms
[2023-04-19T14:09:53.526-0400][gc,phases   ] GC(105)   Evacuate Collection Set: 21.9ms
[2023-04-19T14:09:53.527-0400][gc,phases   ] GC(105)   Post Evacuate Collection Set: 0.3ms
[2023-04-19T14:09:53.527-0400][gc,phases   ] GC(105)   Other: 0.1ms
[2023-04-19T14:09:53.527-0400][gc,heap     ] GC(105) Eden regions: 184->0(40)
[2023-04-19T14:09:53.527-0400][gc,heap     ] GC(105) Survivor regions: 8->11(24)
[2023-04-19T14:09:53.527-0400][gc,heap     ] GC(105) Old regions: 95->95
[2023-04-19T14:09:53.527-0400][gc,heap     ] GC(105) Archive regions: 2->2
[2023-04-19T14:09:53.527-0400][gc,heap     ] GC(105) Humongous regions: 129->129
[2023-04-19T14:09:53.527-0400][gc,metaspace] GC(105) Metaspace: 43498K(44288K)->43498K(44288K) NonClass: 38466K(38912K)->38466K(38912K) Class: 5032K(5376K)->5032K(5376K)
[2023-04-19T14:09:53.527-0400][gc          ] GC(105) Pause Young (Normal) (G1 Evacuation Pause) 416M->235M(1024M) 23.382ms
[2023-04-19T14:09:53.527-0400][gc,cpu      ] GC(105) User=0.04s Sys=0.07s Real=0.02s
[2023-04-19T14:10:19.021-0400][gc,start    ] GC(106) Pause Young (Normal) (G1 Evacuation Pause)
[2023-04-19T14:10:19.022-0400][gc,task     ] GC(106) Using 8 workers of 8 for evacuation
[2023-04-19T14:10:19.053-0400][gc,mmu      ] GC(106) MMU target violated: 21.0ms (20.0ms/21.0ms)
[2023-04-19T14:10:19.053-0400][gc,phases   ] GC(106)   Pre Evacuate Collection Set: 0.2ms
[2023-04-19T14:10:19.053-0400][gc,phases   ] GC(106)   Merge Heap Roots: 0.7ms
[2023-04-19T14:10:19.053-0400][gc,phases   ] GC(106)   Evacuate Collection Set: 29.6ms
[2023-04-19T14:10:19.053-0400][gc,phases   ] GC(106)   Post Evacuate Collection Set: 0.2ms
[2023-04-19T14:10:19.053-0400][gc,phases   ] GC(106)   Other: 0.1ms
[2023-04-19T14:10:19.053-0400][gc,heap     ] GC(106) Eden regions: 40->0(206)
[2023-04-19T14:10:19.053-0400][gc,heap     ] GC(106) Survivor regions: 11->5(7)
[2023-04-19T14:10:19.053-0400][gc,heap     ] GC(106) Old regions: 95->102
[2023-04-19T14:10:19.053-0400][gc,heap     ] GC(106) Archive regions: 2->2
[2023-04-19T14:10:19.053-0400][gc,heap     ] GC(106) Humongous regions: 129->129
[2023-04-19T14:10:19.053-0400][gc,metaspace] GC(106) Metaspace: 43498K(44288K)->43498K(44288K) NonClass: 38466K(38912K)->38466K(38912K) Class: 5032K(5376K)->5032K(5376K)
[2023-04-19T14:10:19.053-0400][gc          ] GC(106) Pause Young (Normal) (G1 Evacuation Pause) 275M->236M(1024M) 31.735ms
[2023-04-19T14:10:19.053-0400][gc,cpu      ] GC(106) User=0.04s Sys=0.05s Real=0.03s
[2023-04-19T14:12:32.232-0400][gc,start    ] GC(107) Pause Young (Normal) (G1 Evacuation Pause)
[2023-04-19T14:12:32.232-0400][gc,task     ] GC(107) Using 8 workers of 8 for evacuation
[2023-04-19T14:12:32.249-0400][gc,phases   ] GC(107)   Pre Evacuate Collection Set: 0.1ms
[2023-04-19T14:12:32.249-0400][gc,phases   ] GC(107)   Merge Heap Roots: 0.1ms
[2023-04-19T14:12:32.249-0400][gc,phases   ] GC(107)   Evacuate Collection Set: 16.6ms
[2023-04-19T14:12:32.249-0400][gc,phases   ] GC(107)   Post Evacuate Collection Set: 0.5ms
[2023-04-19T14:12:32.249-0400][gc,phases   ] GC(107)   Other: 0.1ms
[2023-04-19T14:12:32.249-0400][gc,heap     ] GC(107) Eden regions: 206->0(55)
[2023-04-19T14:12:32.249-0400][gc,heap     ] GC(107) Survivor regions: 5->8(27)
[2023-04-19T14:12:32.250-0400][gc,heap     ] GC(107) Old regions: 102->102
[2023-04-19T14:12:32.250-0400][gc,heap     ] GC(107) Archive regions: 2->2
[2023-04-19T14:12:32.250-0400][gc,heap     ] GC(107) Humongous regions: 129->129
[2023-04-19T14:12:32.250-0400][gc,metaspace] GC(107) Metaspace: 43499K(44288K)->43499K(44288K) NonClass: 38466K(38912K)->38466K(38912K) Class: 5032K(5376K)->5032K(5376K)
[2023-04-19T14:12:32.250-0400][gc          ] GC(107) Pause Young (Normal) (G1 Evacuation Pause) 442M->239M(1024M) 17.918ms
[2023-04-19T14:12:32.250-0400][gc,cpu      ] GC(107) User=0.04s Sys=0.06s Real=0.02s
[2023-04-19T14:13:07.874-0400][gc,start    ] GC(108) Pause Young (Normal) (G1 Evacuation Pause)
[2023-04-19T14:13:07.893-0400][gc,task     ] GC(108) Using 8 workers of 8 for evacuation
[2023-04-19T14:13:07.905-0400][gc,phases   ] GC(108)   Pre Evacuate Collection Set: 0.3ms
[2023-04-19T14:13:07.905-0400][gc,phases   ] GC(108)   Merge Heap Roots: 0.1ms
[2023-04-19T14:13:07.905-0400][gc,phases   ] GC(108)   Evacuate Collection Set: 11.6ms
[2023-04-19T14:13:07.905-0400][gc,phases   ] GC(108)   Post Evacuate Collection Set: 0.4ms
[2023-04-19T14:13:07.906-0400][gc,phases   ] GC(108)   Other: 0.5ms
[2023-04-19T14:13:07.906-0400][gc,heap     ] GC(108) Eden regions: 55->0(234)
[2023-04-19T14:13:07.906-0400][gc,heap     ] GC(108) Survivor regions: 8->5(8)
[2023-04-19T14:13:07.906-0400][gc,heap     ] GC(108) Old regions: 102->106
[2023-04-19T14:13:07.906-0400][gc,heap     ] GC(108) Archive regions: 2->2
[2023-04-19T14:13:07.906-0400][gc,heap     ] GC(108) Humongous regions: 129->129
[2023-04-19T14:13:07.906-0400][gc,metaspace] GC(108) Metaspace: 43499K(44288K)->43499K(44288K) NonClass: 38466K(38912K)->38466K(38912K) Class: 5032K(5376K)->5032K(5376K)
[2023-04-19T14:13:07.906-0400][gc          ] GC(108) Pause Young (Normal) (G1 Evacuation Pause) 294M->240M(1024M) 31.968ms
[2023-04-19T14:13:07.906-0400][gc,cpu      ] GC(108) User=0.04s Sys=0.02s Real=0.03s
[2023-04-19T14:15:42.967-0400][gc,start    ] GC(109) Pause Young (Normal) (G1 Evacuation Pause)
[2023-04-19T14:15:42.968-0400][gc,task     ] GC(109) Using 8 workers of 8 for evacuation
[2023-04-19T14:15:42.995-0400][gc,mmu      ] GC(109) MMU target violated: 21.0ms (20.0ms/21.0ms)
[2023-04-19T14:15:42.995-0400][gc,phases   ] GC(109)   Pre Evacuate Collection Set: 0.2ms
[2023-04-19T14:15:42.995-0400][gc,phases   ] GC(109)   Merge Heap Roots: 0.1ms
[2023-04-19T14:15:42.995-0400][gc,phases   ] GC(109)   Evacuate Collection Set: 26.1ms
[2023-04-19T14:15:42.995-0400][gc,phases   ] GC(109)   Post Evacuate Collection Set: 0.5ms
[2023-04-19T14:15:42.995-0400][gc,phases   ] GC(109)   Other: 0.2ms
[2023-04-19T14:15:42.995-0400][gc,heap     ] GC(109) Eden regions: 234->0(41)
[2023-04-19T14:15:42.995-0400][gc,heap     ] GC(109) Survivor regions: 5->10(30)
[2023-04-19T14:15:42.995-0400][gc,heap     ] GC(109) Old regions: 106->106
[2023-04-19T14:15:42.995-0400][gc,heap     ] GC(109) Archive regions: 2->2
[2023-04-19T14:15:42.995-0400][gc,heap     ] GC(109) Humongous regions: 129->129
[2023-04-19T14:15:42.995-0400][gc,metaspace] GC(109) Metaspace: 43501K(44288K)->43501K(44288K) NonClass: 38468K(38912K)->38468K(38912K) Class: 5032K(5376K)->5032K(5376K)
[2023-04-19T14:15:42.995-0400][gc          ] GC(109) Pause Young (Normal) (G1 Evacuation Pause) 474M->245M(1024M) 27.987ms
[2023-04-19T14:15:42.995-0400][gc,cpu      ] GC(109) User=0.05s Sys=0.06s Real=0.03s
[2023-04-19T14:16:10.802-0400][gc,start    ] GC(110) Pause Young (Normal) (G1 Evacuation Pause)
[2023-04-19T14:16:10.803-0400][gc,task     ] GC(110) Using 8 workers of 8 for evacuation
[2023-04-19T14:16:10.941-0400][gc,mmu      ] GC(110) MMU target violated: 21.0ms (20.0ms/21.0ms)
[2023-04-19T14:16:10.941-0400][gc,phases   ] GC(110)   Pre Evacuate Collection Set: 0.1ms
[2023-04-19T14:16:10.941-0400][gc,phases   ] GC(110)   Merge Heap Roots: 0.1ms
[2023-04-19T14:16:10.941-0400][gc,phases   ] GC(110)   Evacuate Collection Set: 136.7ms
[2023-04-19T14:16:10.941-0400][gc,phases   ] GC(110)   Post Evacuate Collection Set: 0.9ms
[2023-04-19T14:16:10.941-0400][gc,phases   ] GC(110)   Other: 0.4ms
[2023-04-19T14:16:10.941-0400][gc,heap     ] GC(110) Eden regions: 41->0(49)
[2023-04-19T14:16:10.941-0400][gc,heap     ] GC(110) Survivor regions: 10->2(7)
[2023-04-19T14:16:10.941-0400][gc,heap     ] GC(110) Old regions: 106->115
[2023-04-19T14:16:10.941-0400][gc,heap     ] GC(110) Archive regions: 2->2
[2023-04-19T14:16:10.942-0400][gc,heap     ] GC(110) Humongous regions: 129->129
[2023-04-19T14:16:10.942-0400][gc,metaspace] GC(110) Metaspace: 43502K(44288K)->43502K(44288K) NonClass: 38469K(38912K)->38469K(38912K) Class: 5032K(5376K)->5032K(5376K)
[2023-04-19T14:16:10.942-0400][gc          ] GC(110) Pause Young (Normal) (G1 Evacuation Pause) 286M->246M(1024M) 139.140ms
[2023-04-19T14:16:10.942-0400][gc,cpu      ] GC(110) User=0.06s Sys=0.12s Real=0.14s
[2023-04-19T14:16:43.488-0400][gc,start    ] GC(111) Pause Young (Normal) (G1 Evacuation Pause)
[2023-04-19T14:16:43.489-0400][gc,task     ] GC(111) Using 8 workers of 8 for evacuation
[2023-04-19T14:16:43.492-0400][gc,phases   ] GC(111)   Pre Evacuate Collection Set: 0.1ms
[2023-04-19T14:16:43.492-0400][gc,phases   ] GC(111)   Merge Heap Roots: 0.1ms
[2023-04-19T14:16:43.492-0400][gc,phases   ] GC(111)   Evacuate Collection Set: 1.8ms
[2023-04-19T14:16:43.492-0400][gc,phases   ] GC(111)   Post Evacuate Collection Set: 0.2ms
[2023-04-19T14:16:43.492-0400][gc,phases   ] GC(111)   Other: 1.1ms
[2023-04-19T14:16:43.492-0400][gc,heap     ] GC(111) Eden regions: 49->0(48)
[2023-04-19T14:16:43.492-0400][gc,heap     ] GC(111) Survivor regions: 2->3(7)
[2023-04-19T14:16:43.492-0400][gc,heap     ] GC(111) Old regions: 115->115
[2023-04-19T14:16:43.492-0400][gc,heap     ] GC(111) Archive regions: 2->2
[2023-04-19T14:16:43.492-0400][gc,heap     ] GC(111) Humongous regions: 129->129
[2023-04-19T14:16:43.492-0400][gc,metaspace] GC(111) Metaspace: 43502K(44288K)->43502K(44288K) NonClass: 38469K(38912K)->38469K(38912K) Class: 5032K(5376K)->5032K(5376K)
[2023-04-19T14:16:43.492-0400][gc          ] GC(111) Pause Young (Normal) (G1 Evacuation Pause) 295M->247M(1024M) 4.280ms
[2023-04-19T14:16:43.492-0400][gc,cpu      ] GC(111) User=0.01s Sys=0.00s Real=0.01s
[2023-04-19T14:17:15.328-0400][gc,start    ] GC(112) Pause Young (Normal) (G1 Evacuation Pause)
[2023-04-19T14:17:15.329-0400][gc,task     ] GC(112) Using 8 workers of 8 for evacuation
[2023-04-19T14:17:15.332-0400][gc,phases   ] GC(112)   Pre Evacuate Collection Set: 0.1ms
[2023-04-19T14:17:15.332-0400][gc,phases   ] GC(112)   Merge Heap Roots: 0.1ms
[2023-04-19T14:17:15.332-0400][gc,phases   ] GC(112)   Evacuate Collection Set: 2.3ms
[2023-04-19T14:17:15.332-0400][gc,phases   ] GC(112)   Post Evacuate Collection Set: 0.4ms
[2023-04-19T14:17:15.332-0400][gc,phases   ] GC(112)   Other: 0.1ms
[2023-04-19T14:17:15.332-0400][gc,heap     ] GC(112) Eden regions: 48->0(85)
[2023-04-19T14:17:15.332-0400][gc,heap     ] GC(112) Survivor regions: 3->3(7)
[2023-04-19T14:17:15.332-0400][gc,heap     ] GC(112) Old regions: 115->115
[2023-04-19T14:17:15.332-0400][gc,heap     ] GC(112) Archive regions: 2->2
[2023-04-19T14:17:15.332-0400][gc,heap     ] GC(112) Humongous regions: 129->129
[2023-04-19T14:17:15.332-0400][gc,metaspace] GC(112) Metaspace: 43502K(44288K)->43502K(44288K) NonClass: 38469K(38912K)->38469K(38912K) Class: 5032K(5376K)->5032K(5376K)
[2023-04-19T14:17:15.332-0400][gc          ] GC(112) Pause Young (Normal) (G1 Evacuation Pause) 295M->247M(1024M) 3.864ms
[2023-04-19T14:17:15.332-0400][gc,cpu      ] GC(112) User=0.01s Sys=0.00s Real=0.01s
[2023-04-19T14:18:13.303-0400][gc,start    ] GC(113) Pause Young (Normal) (G1 Evacuation Pause)
[2023-04-19T14:18:13.304-0400][gc,task     ] GC(113) Using 8 workers of 8 for evacuation
[2023-04-19T14:18:13.311-0400][gc,phases   ] GC(113)   Pre Evacuate Collection Set: 0.2ms
[2023-04-19T14:18:13.311-0400][gc,phases   ] GC(113)   Merge Heap Roots: 0.1ms
[2023-04-19T14:18:13.311-0400][gc,phases   ] GC(113)   Evacuate Collection Set: 6.3ms
[2023-04-19T14:18:13.311-0400][gc,phases   ] GC(113)   Post Evacuate Collection Set: 0.3ms
[2023-04-19T14:18:13.311-0400][gc,phases   ] GC(113)   Other: 0.1ms
[2023-04-19T14:18:13.311-0400][gc,heap     ] GC(113) Eden regions: 85->0(116)
[2023-04-19T14:18:13.311-0400][gc,heap     ] GC(113) Survivor regions: 3->3(11)
[2023-04-19T14:18:13.311-0400][gc,heap     ] GC(113) Old regions: 115->115
[2023-04-19T14:18:13.311-0400][gc,heap     ] GC(113) Archive regions: 2->2
[2023-04-19T14:18:13.311-0400][gc,heap     ] GC(113) Humongous regions: 129->129
[2023-04-19T14:18:13.311-0400][gc,metaspace] GC(113) Metaspace: 43507K(44288K)->43507K(44288K) NonClass: 38474K(38912K)->38474K(38912K) Class: 5032K(5376K)->5032K(5376K)
[2023-04-19T14:18:13.311-0400][gc          ] GC(113) Pause Young (Normal) (G1 Evacuation Pause) 332M->247M(1024M) 8.061ms
[2023-04-19T14:18:13.311-0400][gc,cpu      ] GC(113) User=0.02s Sys=0.02s Real=0.01s
[2023-04-19T14:19:30.780-0400][gc,start    ] GC(114) Pause Young (Normal) (G1 Evacuation Pause)
[2023-04-19T14:19:30.781-0400][gc,task     ] GC(114) Using 8 workers of 8 for evacuation
[2023-04-19T14:19:30.785-0400][gc,phases   ] GC(114)   Pre Evacuate Collection Set: 0.6ms
[2023-04-19T14:19:30.785-0400][gc,phases   ] GC(114)   Merge Heap Roots: 0.1ms
[2023-04-19T14:19:30.785-0400][gc,phases   ] GC(114)   Evacuate Collection Set: 3.2ms
[2023-04-19T14:19:30.785-0400][gc,phases   ] GC(114)   Post Evacuate Collection Set: 0.2ms
[2023-04-19T14:19:30.785-0400][gc,phases   ] GC(114)   Other: 0.1ms
[2023-04-19T14:19:30.785-0400][gc,heap     ] GC(114) Eden regions: 116->0(139)
[2023-04-19T14:19:30.785-0400][gc,heap     ] GC(114) Survivor regions: 3->4(15)
[2023-04-19T14:19:30.785-0400][gc,heap     ] GC(114) Old regions: 115->115
[2023-04-19T14:19:30.785-0400][gc,heap     ] GC(114) Archive regions: 2->2
[2023-04-19T14:19:30.785-0400][gc,heap     ] GC(114) Humongous regions: 129->129
[2023-04-19T14:19:30.785-0400][gc,metaspace] GC(114) Metaspace: 43507K(44288K)->43507K(44288K) NonClass: 38474K(38912K)->38474K(38912K) Class: 5032K(5376K)->5032K(5376K)
[2023-04-19T14:19:30.785-0400][gc          ] GC(114) Pause Young (Normal) (G1 Evacuation Pause) 363M->247M(1024M) 5.113ms
[2023-04-19T14:19:30.785-0400][gc,cpu      ] GC(114) User=0.01s Sys=0.01s Real=0.00s
[2023-04-19T14:21:05.596-0400][gc,start    ] GC(115) Pause Young (Normal) (G1 Evacuation Pause)
[2023-04-19T14:21:05.597-0400][gc,task     ] GC(115) Using 8 workers of 8 for evacuation
[2023-04-19T14:21:05.600-0400][gc,phases   ] GC(115)   Pre Evacuate Collection Set: 0.1ms
[2023-04-19T14:21:05.600-0400][gc,phases   ] GC(115)   Merge Heap Roots: 0.1ms
[2023-04-19T14:21:05.600-0400][gc,phases   ] GC(115)   Evacuate Collection Set: 2.3ms
[2023-04-19T14:21:05.600-0400][gc,phases   ] GC(115)   Post Evacuate Collection Set: 0.3ms
[2023-04-19T14:21:05.600-0400][gc,phases   ] GC(115)   Other: 0.7ms
[2023-04-19T14:21:05.600-0400][gc,heap     ] GC(115) Eden regions: 139->0(224)
[2023-04-19T14:21:05.600-0400][gc,heap     ] GC(115) Survivor regions: 4->4(18)
[2023-04-19T14:21:05.600-0400][gc,heap     ] GC(115) Old regions: 115->115
[2023-04-19T14:21:05.600-0400][gc,heap     ] GC(115) Archive regions: 2->2
[2023-04-19T14:21:05.600-0400][gc,heap     ] GC(115) Humongous regions: 129->129
[2023-04-19T14:21:05.600-0400][gc,metaspace] GC(115) Metaspace: 43509K(44288K)->43509K(44288K) NonClass: 38476K(38912K)->38476K(38912K) Class: 5032K(5376K)->5032K(5376K)
[2023-04-19T14:21:05.600-0400][gc          ] GC(115) Pause Young (Normal) (G1 Evacuation Pause) 386M->247M(1024M) 4.397ms
[2023-04-19T14:21:05.600-0400][gc,cpu      ] GC(115) User=0.02s Sys=0.01s Real=0.01s
[2023-04-19T14:23:36.761-0400][gc,start    ] GC(116) Pause Young (Normal) (G1 Evacuation Pause)
[2023-04-19T14:23:36.762-0400][gc,task     ] GC(116) Using 8 workers of 8 for evacuation
[2023-04-19T14:23:36.766-0400][gc,phases   ] GC(116)   Pre Evacuate Collection Set: 0.3ms
[2023-04-19T14:23:36.766-0400][gc,phases   ] GC(116)   Merge Heap Roots: 0.1ms
[2023-04-19T14:23:36.766-0400][gc,phases   ] GC(116)   Evacuate Collection Set: 3.0ms
[2023-04-19T14:23:36.766-0400][gc,phases   ] GC(116)   Post Evacuate Collection Set: 0.3ms
[2023-04-19T14:23:36.766-0400][gc,phases   ] GC(116)   Other: 0.1ms
[2023-04-19T14:23:36.766-0400][gc,heap     ] GC(116) Eden regions: 224->0(350)
[2023-04-19T14:23:36.766-0400][gc,heap     ] GC(116) Survivor regions: 4->4(29)
[2023-04-19T14:23:36.766-0400][gc,heap     ] GC(116) Old regions: 115->115
[2023-04-19T14:23:36.766-0400][gc,heap     ] GC(116) Archive regions: 2->2
[2023-04-19T14:23:36.766-0400][gc,heap     ] GC(116) Humongous regions: 129->129
[2023-04-19T14:23:36.766-0400][gc,metaspace] GC(116) Metaspace: 43509K(44288K)->43509K(44288K) NonClass: 38476K(38912K)->38476K(38912K) Class: 5032K(5376K)->5032K(5376K)
[2023-04-19T14:23:36.766-0400][gc          ] GC(116) Pause Young (Normal) (G1 Evacuation Pause) 471M->248M(1024M) 4.678ms
[2023-04-19T14:23:36.766-0400][gc,cpu      ] GC(116) User=0.02s Sys=0.00s Real=0.00s
[2023-04-19T14:27:29.293-0400][gc,start    ] GC(117) Pause Young (Normal) (G1 Evacuation Pause)
[2023-04-19T14:27:29.294-0400][gc,task     ] GC(117) Using 8 workers of 8 for evacuation
[2023-04-19T14:27:29.305-0400][gc,phases   ] GC(117)   Pre Evacuate Collection Set: 1.8ms
[2023-04-19T14:27:29.306-0400][gc,phases   ] GC(117)   Merge Heap Roots: 0.1ms
[2023-04-19T14:27:29.306-0400][gc,phases   ] GC(117)   Evacuate Collection Set: 8.9ms
[2023-04-19T14:27:29.306-0400][gc,phases   ] GC(117)   Post Evacuate Collection Set: 0.9ms
[2023-04-19T14:27:29.306-0400][gc,phases   ] GC(117)   Other: 0.1ms
[2023-04-19T14:27:29.306-0400][gc,heap     ] GC(117) Eden regions: 350->0(253)
[2023-04-19T14:27:29.306-0400][gc,heap     ] GC(117) Survivor regions: 4->6(45)
[2023-04-19T14:27:29.306-0400][gc,heap     ] GC(117) Old regions: 115->115
[2023-04-19T14:27:29.306-0400][gc,heap     ] GC(117) Archive regions: 2->2
[2023-04-19T14:27:29.306-0400][gc,heap     ] GC(117) Humongous regions: 129->129
[2023-04-19T14:27:29.306-0400][gc,metaspace] GC(117) Metaspace: 43510K(44288K)->43510K(44288K) NonClass: 38477K(38912K)->38477K(38912K) Class: 5032K(5376K)->5032K(5376K)
[2023-04-19T14:27:29.306-0400][gc          ] GC(117) Pause Young (Normal) (G1 Evacuation Pause) 598M->249M(1024M) 12.662ms
[2023-04-19T14:27:29.306-0400][gc,cpu      ] GC(117) User=0.02s Sys=0.03s Real=0.01s
[2023-04-19T14:30:19.488-0400][gc,start    ] GC(118) Pause Young (Normal) (G1 Evacuation Pause)
[2023-04-19T14:30:19.489-0400][gc,task     ] GC(118) Using 8 workers of 8 for evacuation
[2023-04-19T14:30:19.496-0400][gc,phases   ] GC(118)   Pre Evacuate Collection Set: 0.7ms
[2023-04-19T14:30:19.496-0400][gc,phases   ] GC(118)   Merge Heap Roots: 0.1ms
[2023-04-19T14:30:19.496-0400][gc,phases   ] GC(118)   Evacuate Collection Set: 5.7ms
[2023-04-19T14:30:19.496-0400][gc,phases   ] GC(118)   Post Evacuate Collection Set: 0.4ms
[2023-04-19T14:30:19.496-0400][gc,phases   ] GC(118)   Other: 0.4ms
[2023-04-19T14:30:19.496-0400][gc,heap     ] GC(118) Eden regions: 253->0(332)
[2023-04-19T14:30:19.496-0400][gc,heap     ] GC(118) Survivor regions: 6->7(33)
[2023-04-19T14:30:19.496-0400][gc,heap     ] GC(118) Old regions: 115->115
[2023-04-19T14:30:19.496-0400][gc,heap     ] GC(118) Archive regions: 2->2
[2023-04-19T14:30:19.496-0400][gc,heap     ] GC(118) Humongous regions: 129->129
[2023-04-19T14:30:19.496-0400][gc,metaspace] GC(118) Metaspace: 43510K(44288K)->43510K(44288K) NonClass: 38477K(38912K)->38477K(38912K) Class: 5032K(5376K)->5032K(5376K)
[2023-04-19T14:30:19.496-0400][gc          ] GC(118) Pause Young (Normal) (G1 Evacuation Pause) 502M->250M(1024M) 7.884ms
[2023-04-19T14:30:19.496-0400][gc,cpu      ] GC(118) User=0.03s Sys=0.01s Real=0.01s
[2023-04-19T14:34:10.808-0400][gc,start    ] GC(119) Pause Young (Normal) (G1 Evacuation Pause)
[2023-04-19T14:34:10.809-0400][gc,task     ] GC(119) Using 8 workers of 8 for evacuation
[2023-04-19T14:34:10.814-0400][gc,phases   ] GC(119)   Pre Evacuate Collection Set: 0.1ms
[2023-04-19T14:34:10.814-0400][gc,phases   ] GC(119)   Merge Heap Roots: 0.1ms
[2023-04-19T14:34:10.814-0400][gc,phases   ] GC(119)   Evacuate Collection Set: 4.1ms
[2023-04-19T14:34:10.814-0400][gc,phases   ] GC(119)   Post Evacuate Collection Set: 0.4ms
[2023-04-19T14:34:10.814-0400][gc,phases   ] GC(119)   Other: 0.3ms
[2023-04-19T14:34:10.814-0400][gc,heap     ] GC(119) Eden regions: 332->0(583)
[2023-04-19T14:34:10.814-0400][gc,heap     ] GC(119) Survivor regions: 7->7(43)
[2023-04-19T14:34:10.814-0400][gc,heap     ] GC(119) Old regions: 115->115
[2023-04-19T14:34:10.814-0400][gc,heap     ] GC(119) Archive regions: 2->2
[2023-04-19T14:34:10.814-0400][gc,heap     ] GC(119) Humongous regions: 129->129
[2023-04-19T14:34:10.814-0400][gc,metaspace] GC(119) Metaspace: 43510K(44288K)->43510K(44288K) NonClass: 38477K(38912K)->38477K(38912K) Class: 5032K(5376K)->5032K(5376K)
[2023-04-19T14:34:10.814-0400][gc          ] GC(119) Pause Young (Normal) (G1 Evacuation Pause) 582M->251M(1024M) 5.855ms
[2023-04-19T14:34:10.814-0400][gc,cpu      ] GC(119) User=0.02s Sys=0.00s Real=0.01s
[2023-04-19T14:40:58.719-0400][gc,start    ] GC(120) Pause Young (Normal) (G1 Evacuation Pause)
[2023-04-19T14:40:58.720-0400][gc,task     ] GC(120) Using 8 workers of 8 for evacuation
[2023-04-19T14:40:58.740-0400][gc,mmu      ] GC(120) MMU target violated: 20.5ms (20.0ms/21.0ms)
[2023-04-19T14:40:58.740-0400][gc,phases   ] GC(120)   Pre Evacuate Collection Set: 3.0ms
[2023-04-19T14:40:58.740-0400][gc,phases   ] GC(120)   Merge Heap Roots: 0.3ms
[2023-04-19T14:40:58.740-0400][gc,phases   ] GC(120)   Evacuate Collection Set: 15.2ms
[2023-04-19T14:40:58.740-0400][gc,phases   ] GC(120)   Post Evacuate Collection Set: 1.8ms
[2023-04-19T14:40:58.740-0400][gc,phases   ] GC(120)   Other: 0.5ms
[2023-04-19T14:40:58.740-0400][gc,heap     ] GC(120) Eden regions: 583->0(338)
[2023-04-19T14:40:58.740-0400][gc,heap     ] GC(120) Survivor regions: 7->8(74)
[2023-04-19T14:40:58.740-0400][gc,heap     ] GC(120) Old regions: 115->115
[2023-04-19T14:40:58.740-0400][gc,heap     ] GC(120) Archive regions: 2->2
[2023-04-19T14:40:58.740-0400][gc,heap     ] GC(120) Humongous regions: 129->129
[2023-04-19T14:40:58.740-0400][gc,metaspace] GC(120) Metaspace: 43523K(44288K)->43523K(44288K) NonClass: 38490K(38912K)->38490K(38912K) Class: 5032K(5376K)->5032K(5376K)
[2023-04-19T14:40:58.740-0400][gc          ] GC(120) Pause Young (Normal) (G1 Evacuation Pause) 834M->252M(1024M) 21.429ms
[2023-04-19T14:40:58.740-0400][gc,cpu      ] GC(120) User=0.04s Sys=0.05s Real=0.03s
[2023-04-19T14:45:01.253-0400][gc,start    ] GC(121) Pause Young (Normal) (G1 Evacuation Pause)
[2023-04-19T14:45:01.260-0400][gc,task     ] GC(121) Using 8 workers of 8 for evacuation
[2023-04-19T14:45:01.341-0400][gc,mmu      ] GC(121) MMU target violated: 21.0ms (20.0ms/21.0ms)
[2023-04-19T14:45:01.341-0400][gc,phases   ] GC(121)   Pre Evacuate Collection Set: 9.9ms
[2023-04-19T14:45:01.341-0400][gc,phases   ] GC(121)   Merge Heap Roots: 1.8ms
[2023-04-19T14:45:01.341-0400][gc,phases   ] GC(121)   Evacuate Collection Set: 64.4ms
[2023-04-19T14:45:01.341-0400][gc,phases   ] GC(121)   Post Evacuate Collection Set: 2.6ms
[2023-04-19T14:45:01.341-0400][gc,phases   ] GC(121)   Other: 2.6ms
[2023-04-19T14:45:01.342-0400][gc,heap     ] GC(121) Eden regions: 338->0(42)
[2023-04-19T14:45:01.342-0400][gc,heap     ] GC(121) Survivor regions: 8->9(44)
[2023-04-19T14:45:01.342-0400][gc,heap     ] GC(121) Old regions: 115->115
[2023-04-19T14:45:01.342-0400][gc,heap     ] GC(121) Archive regions: 2->2
[2023-04-19T14:45:01.342-0400][gc,heap     ] GC(121) Humongous regions: 129->129
[2023-04-19T14:45:01.342-0400][gc,metaspace] GC(121) Metaspace: 43527K(44288K)->43527K(44288K) NonClass: 38495K(38912K)->38495K(38912K) Class: 5032K(5376K)->5032K(5376K)
[2023-04-19T14:45:01.342-0400][gc          ] GC(121) Pause Young (Normal) (G1 Evacuation Pause) 590M->252M(1024M) 88.650ms
[2023-04-19T14:45:01.342-0400][gc,cpu      ] GC(121) User=0.05s Sys=0.09s Real=0.10s
[2023-04-19T14:45:32.647-0400][gc,start    ] GC(122) Pause Young (Normal) (G1 Evacuation Pause)
[2023-04-19T14:45:33.289-0400][gc,task     ] GC(122) Using 8 workers of 8 for evacuation
[2023-04-19T14:45:33.428-0400][gc,mmu      ] GC(122) MMU target violated: 21.0ms (20.0ms/21.0ms)
[2023-04-19T14:45:33.428-0400][gc,phases   ] GC(122)   Pre Evacuate Collection Set: 11.4ms
[2023-04-19T14:45:33.429-0400][gc,phases   ] GC(122)   Merge Heap Roots: 16.4ms
[2023-04-19T14:45:33.429-0400][gc,phases   ] GC(122)   Evacuate Collection Set: 103.9ms
[2023-04-19T14:45:33.429-0400][gc,phases   ] GC(122)   Post Evacuate Collection Set: 1.6ms
[2023-04-19T14:45:33.429-0400][gc,phases   ] GC(122)   Other: 5.9ms
[2023-04-19T14:45:33.429-0400][gc,heap     ] GC(122) Eden regions: 42->0(46)
[2023-04-19T14:45:33.429-0400][gc,heap     ] GC(122) Survivor regions: 9->5(7)
[2023-04-19T14:45:33.429-0400][gc,heap     ] GC(122) Old regions: 115->119
[2023-04-19T14:45:33.429-0400][gc,heap     ] GC(122) Archive regions: 2->2
[2023-04-19T14:45:33.429-0400][gc,heap     ] GC(122) Humongous regions: 129->129
[2023-04-19T14:45:33.429-0400][gc,metaspace] GC(122) Metaspace: 43527K(44288K)->43527K(44288K) NonClass: 38495K(38912K)->38495K(38912K) Class: 5032K(5376K)->5032K(5376K)
[2023-04-19T14:45:33.429-0400][gc          ] GC(122) Pause Young (Normal) (G1 Evacuation Pause) 294M->253M(1024M) 781.862ms
[2023-04-19T14:45:33.429-0400][gc,cpu      ] GC(122) User=0.05s Sys=0.08s Real=0.78s
[2023-04-19T14:46:07.174-0400][gc,start    ] GC(123) Pause Young (Normal) (G1 Evacuation Pause)
[2023-04-19T14:46:07.175-0400][gc,task     ] GC(123) Using 8 workers of 8 for evacuation
[2023-04-19T14:46:07.187-0400][gc,phases   ] GC(123)   Pre Evacuate Collection Set: 0.2ms
[2023-04-19T14:46:07.187-0400][gc,phases   ] GC(123)   Merge Heap Roots: 0.1ms
[2023-04-19T14:46:07.187-0400][gc,phases   ] GC(123)   Evacuate Collection Set: 10.8ms
[2023-04-19T14:46:07.187-0400][gc,phases   ] GC(123)   Post Evacuate Collection Set: 0.3ms
[2023-04-19T14:46:07.187-0400][gc,phases   ] GC(123)   Other: 0.7ms
[2023-04-19T14:46:07.187-0400][gc,heap     ] GC(123) Eden regions: 46->0(48)
[2023-04-19T14:46:07.187-0400][gc,heap     ] GC(123) Survivor regions: 5->3(7)
[2023-04-19T14:46:07.187-0400][gc,heap     ] GC(123) Old regions: 119->121
[2023-04-19T14:46:07.187-0400][gc,heap     ] GC(123) Archive regions: 2->2
[2023-04-19T14:46:07.187-0400][gc,heap     ] GC(123) Humongous regions: 129->129
[2023-04-19T14:46:07.187-0400][gc,metaspace] GC(123) Metaspace: 43527K(44288K)->43527K(44288K) NonClass: 38495K(38912K)->38495K(38912K) Class: 5032K(5376K)->5032K(5376K)
[2023-04-19T14:46:07.187-0400][gc          ] GC(123) Pause Young (Normal) (G1 Evacuation Pause) 299M->253M(1024M) 13.296ms
[2023-04-19T14:46:07.187-0400][gc,cpu      ] GC(123) User=0.02s Sys=0.03s Real=0.01s
[2023-04-19T14:46:39.998-0400][gc,start    ] GC(124) Pause Young (Normal) (G1 Evacuation Pause)
[2023-04-19T14:46:39.998-0400][gc,task     ] GC(124) Using 8 workers of 8 for evacuation
[2023-04-19T14:46:40.000-0400][gc,phases   ] GC(124)   Pre Evacuate Collection Set: 0.1ms
[2023-04-19T14:46:40.000-0400][gc,phases   ] GC(124)   Merge Heap Roots: 0.1ms
[2023-04-19T14:46:40.000-0400][gc,phases   ] GC(124)   Evacuate Collection Set: 2.1ms
[2023-04-19T14:46:40.000-0400][gc,phases   ] GC(124)   Post Evacuate Collection Set: 0.2ms
[2023-04-19T14:46:40.000-0400][gc,phases   ] GC(124)   Other: 0.1ms
[2023-04-19T14:46:40.000-0400][gc,heap     ] GC(124) Eden regions: 48->0(47)
[2023-04-19T14:46:40.000-0400][gc,heap     ] GC(124) Survivor regions: 3->4(7)
[2023-04-19T14:46:40.000-0400][gc,heap     ] GC(124) Old regions: 121->121
[2023-04-19T14:46:40.000-0400][gc,heap     ] GC(124) Archive regions: 2->2
[2023-04-19T14:46:40.000-0400][gc,heap     ] GC(124) Humongous regions: 129->129
[2023-04-19T14:46:40.000-0400][gc,metaspace] GC(124) Metaspace: 43528K(44288K)->43528K(44288K) NonClass: 38495K(38912K)->38495K(38912K) Class: 5032K(5376K)->5032K(5376K)
[2023-04-19T14:46:40.000-0400][gc          ] GC(124) Pause Young (Normal) (G1 Evacuation Pause) 301M->253M(1024M) 2.827ms
[2023-04-19T14:46:40.000-0400][gc,cpu      ] GC(124) User=0.01s Sys=0.00s Real=0.01s
[2023-04-19T14:47:11.955-0400][gc,start    ] GC(125) Pause Young (Normal) (G1 Evacuation Pause)
[2023-04-19T14:47:11.955-0400][gc,task     ] GC(125) Using 8 workers of 8 for evacuation
[2023-04-19T14:47:11.960-0400][gc,phases   ] GC(125)   Pre Evacuate Collection Set: 0.1ms
[2023-04-19T14:47:11.960-0400][gc,phases   ] GC(125)   Merge Heap Roots: 0.1ms
[2023-04-19T14:47:11.960-0400][gc,phases   ] GC(125)   Evacuate Collection Set: 4.0ms
[2023-04-19T14:47:11.960-0400][gc,phases   ] GC(125)   Post Evacuate Collection Set: 0.3ms
[2023-04-19T14:47:11.960-0400][gc,phases   ] GC(125)   Other: 0.1ms
[2023-04-19T14:47:11.960-0400][gc,heap     ] GC(125) Eden regions: 47->0(46)
[2023-04-19T14:47:11.960-0400][gc,heap     ] GC(125) Survivor regions: 4->5(7)
[2023-04-19T14:47:11.960-0400][gc,heap     ] GC(125) Old regions: 121->121
[2023-04-19T14:47:11.960-0400][gc,heap     ] GC(125) Archive regions: 2->2
[2023-04-19T14:47:11.960-0400][gc,heap     ] GC(125) Humongous regions: 129->129
[2023-04-19T14:47:11.960-0400][gc,metaspace] GC(125) Metaspace: 43528K(44288K)->43528K(44288K) NonClass: 38495K(38912K)->38495K(38912K) Class: 5032K(5376K)->5032K(5376K)
[2023-04-19T14:47:11.960-0400][gc          ] GC(125) Pause Young (Normal) (G1 Evacuation Pause) 300M->254M(1024M) 5.221ms
[2023-04-19T14:47:11.960-0400][gc,cpu      ] GC(125) User=0.02s Sys=0.00s Real=0.01s
[2023-04-19T14:47:43.639-0400][gc,start    ] GC(126) Pause Young (Normal) (G1 Evacuation Pause)
[2023-04-19T14:47:43.639-0400][gc,task     ] GC(126) Using 8 workers of 8 for evacuation
[2023-04-19T14:47:43.649-0400][gc,phases   ] GC(126)   Pre Evacuate Collection Set: 0.1ms
[2023-04-19T14:47:43.649-0400][gc,phases   ] GC(126)   Merge Heap Roots: 0.1ms
[2023-04-19T14:47:43.649-0400][gc,phases   ] GC(126)   Evacuate Collection Set: 9.1ms
[2023-04-19T14:47:43.649-0400][gc,phases   ] GC(126)   Post Evacuate Collection Set: 0.3ms
[2023-04-19T14:47:43.649-0400][gc,phases   ] GC(126)   Other: 0.1ms
[2023-04-19T14:47:43.649-0400][gc,heap     ] GC(126) Eden regions: 46->0(47)
[2023-04-19T14:47:43.649-0400][gc,heap     ] GC(126) Survivor regions: 5->4(7)
[2023-04-19T14:47:43.649-0400][gc,heap     ] GC(126) Old regions: 121->123
[2023-04-19T14:47:43.649-0400][gc,heap     ] GC(126) Archive regions: 2->2
[2023-04-19T14:47:43.649-0400][gc,heap     ] GC(126) Humongous regions: 129->129
[2023-04-19T14:47:43.649-0400][gc,metaspace] GC(126) Metaspace: 43528K(44288K)->43528K(44288K) NonClass: 38495K(38912K)->38495K(38912K) Class: 5032K(5376K)->5032K(5376K)
[2023-04-19T14:47:43.649-0400][gc          ] GC(126) Pause Young (Normal) (G1 Evacuation Pause) 300M->255M(1024M) 9.930ms
[2023-04-19T14:47:43.649-0400][gc,cpu      ] GC(126) User=0.03s Sys=0.00s Real=0.01s
[2023-04-19T14:48:15.572-0400][gc,start    ] GC(127) Pause Young (Normal) (G1 Evacuation Pause)
[2023-04-19T14:48:15.572-0400][gc,task     ] GC(127) Using 8 workers of 8 for evacuation
[2023-04-19T14:48:15.575-0400][gc,phases   ] GC(127)   Pre Evacuate Collection Set: 0.1ms
[2023-04-19T14:48:15.575-0400][gc,phases   ] GC(127)   Merge Heap Roots: 0.0ms
[2023-04-19T14:48:15.575-0400][gc,phases   ] GC(127)   Evacuate Collection Set: 3.0ms
[2023-04-19T14:48:15.575-0400][gc,phases   ] GC(127)   Post Evacuate Collection Set: 0.2ms
[2023-04-19T14:48:15.575-0400][gc,phases   ] GC(127)   Other: 0.1ms
[2023-04-19T14:48:15.575-0400][gc,heap     ] GC(127) Eden regions: 47->0(72)
[2023-04-19T14:48:15.575-0400][gc,heap     ] GC(127) Survivor regions: 4->4(7)
[2023-04-19T14:48:15.575-0400][gc,heap     ] GC(127) Old regions: 123->123
[2023-04-19T14:48:15.575-0400][gc,heap     ] GC(127) Archive regions: 2->2
[2023-04-19T14:48:15.575-0400][gc,heap     ] GC(127) Humongous regions: 129->129
[2023-04-19T14:48:15.575-0400][gc,metaspace] GC(127) Metaspace: 43528K(44288K)->43528K(44288K) NonClass: 38495K(38912K)->38495K(38912K) Class: 5032K(5376K)->5032K(5376K)
[2023-04-19T14:48:15.575-0400][gc          ] GC(127) Pause Young (Normal) (G1 Evacuation Pause) 302M->255M(1024M) 3.655ms
[2023-04-19T14:48:15.575-0400][gc,cpu      ] GC(127) User=0.01s Sys=0.01s Real=0.00s
[2023-04-19T14:49:03.940-0400][gc,start    ] GC(128) Pause Young (Normal) (G1 Evacuation Pause)
[2023-04-19T14:49:03.940-0400][gc,task     ] GC(128) Using 8 workers of 8 for evacuation
[2023-04-19T14:49:03.952-0400][gc,phases   ] GC(128)   Pre Evacuate Collection Set: 0.1ms
[2023-04-19T14:49:03.952-0400][gc,phases   ] GC(128)   Merge Heap Roots: 0.1ms
[2023-04-19T14:49:03.952-0400][gc,phases   ] GC(128)   Evacuate Collection Set: 11.4ms
[2023-04-19T14:49:03.952-0400][gc,phases   ] GC(128)   Post Evacuate Collection Set: 0.7ms
[2023-04-19T14:49:03.952-0400][gc,phases   ] GC(128)   Other: 0.1ms
[2023-04-19T14:49:03.953-0400][gc,heap     ] GC(128) Eden regions: 72->0(45)
[2023-04-19T14:49:03.953-0400][gc,heap     ] GC(128) Survivor regions: 4->6(10)
[2023-04-19T14:49:03.953-0400][gc,heap     ] GC(128) Old regions: 123->123
[2023-04-19T14:49:03.953-0400][gc,heap     ] GC(128) Archive regions: 2->2
[2023-04-19T14:49:03.953-0400][gc,heap     ] GC(128) Humongous regions: 129->129
[2023-04-19T14:49:03.953-0400][gc,metaspace] GC(128) Metaspace: 43531K(44288K)->43531K(44288K) NonClass: 38498K(38912K)->38498K(38912K) Class: 5032K(5376K)->5032K(5376K)
[2023-04-19T14:49:03.953-0400][gc          ] GC(128) Pause Young (Normal) (G1 Evacuation Pause) 327M->257M(1024M) 12.771ms
[2023-04-19T14:49:03.953-0400][gc,cpu      ] GC(128) User=0.03s Sys=0.02s Real=0.01s
[2023-04-19T14:49:34.967-0400][gc,start    ] GC(129) Pause Young (Normal) (G1 Evacuation Pause)
[2023-04-19T14:49:34.967-0400][gc,task     ] GC(129) Using 8 workers of 8 for evacuation
[2023-04-19T14:49:34.983-0400][gc,phases   ] GC(129)   Pre Evacuate Collection Set: 0.1ms
[2023-04-19T14:49:34.983-0400][gc,phases   ] GC(129)   Merge Heap Roots: 0.1ms
[2023-04-19T14:49:34.983-0400][gc,phases   ] GC(129)   Evacuate Collection Set: 16.1ms
[2023-04-19T14:49:34.983-0400][gc,phases   ] GC(129)   Post Evacuate Collection Set: 0.3ms
[2023-04-19T14:49:34.983-0400][gc,phases   ] GC(129)   Other: 0.1ms
[2023-04-19T14:49:34.984-0400][gc,heap     ] GC(129) Eden regions: 45->0(98)
[2023-04-19T14:49:34.984-0400][gc,heap     ] GC(129) Survivor regions: 6->4(7)
[2023-04-19T14:49:34.984-0400][gc,heap     ] GC(129) Old regions: 123->125
[2023-04-19T14:49:34.984-0400][gc,heap     ] GC(129) Archive regions: 2->2
[2023-04-19T14:49:34.984-0400][gc,heap     ] GC(129) Humongous regions: 129->129
[2023-04-19T14:49:34.984-0400][gc,metaspace] GC(129) Metaspace: 43531K(44288K)->43531K(44288K) NonClass: 38498K(38912K)->38498K(38912K) Class: 5032K(5376K)->5032K(5376K)
[2023-04-19T14:49:34.984-0400][gc          ] GC(129) Pause Young (Normal) (G1 Evacuation Pause) 302M->258M(1024M) 16.940ms
[2023-04-19T14:49:34.984-0400][gc,cpu      ] GC(129) User=0.03s Sys=0.01s Real=0.02s
[2023-04-19T14:50:46.557-0400][gc,start    ] GC(130) Pause Young (Normal) (G1 Evacuation Pause)
[2023-04-19T14:50:46.558-0400][gc,task     ] GC(130) Using 8 workers of 8 for evacuation
[2023-04-19T14:50:46.573-0400][gc,phases   ] GC(130)   Pre Evacuate Collection Set: 0.1ms
[2023-04-19T14:50:46.573-0400][gc,phases   ] GC(130)   Merge Heap Roots: 0.1ms
[2023-04-19T14:50:46.573-0400][gc,phases   ] GC(130)   Evacuate Collection Set: 14.2ms
[2023-04-19T14:50:46.573-0400][gc,phases   ] GC(130)   Post Evacuate Collection Set: 0.3ms
[2023-04-19T14:50:46.573-0400][gc,phases   ] GC(130)   Other: 0.1ms
[2023-04-19T14:50:46.573-0400][gc,heap     ] GC(130) Eden regions: 98->0(45)
[2023-04-19T14:50:46.573-0400][gc,heap     ] GC(130) Survivor regions: 4->6(13)
[2023-04-19T14:50:46.573-0400][gc,heap     ] GC(130) Old regions: 125->125
[2023-04-19T14:50:46.573-0400][gc,heap     ] GC(130) Archive regions: 2->2
[2023-04-19T14:50:46.573-0400][gc,heap     ] GC(130) Humongous regions: 129->129
[2023-04-19T14:50:46.573-0400][gc,metaspace] GC(130) Metaspace: 43536K(44288K)->43536K(44288K) NonClass: 38504K(38912K)->38504K(38912K) Class: 5032K(5376K)->5032K(5376K)
[2023-04-19T14:50:46.573-0400][gc          ] GC(130) Pause Young (Normal) (G1 Evacuation Pause) 356M->259M(1024M) 15.872ms
[2023-04-19T14:50:46.573-0400][gc,cpu      ] GC(130) User=0.04s Sys=0.05s Real=0.02s
[2023-04-19T14:51:17.357-0400][gc,start    ] GC(131) Pause Young (Normal) (G1 Evacuation Pause)
[2023-04-19T14:51:17.357-0400][gc,task     ] GC(131) Using 8 workers of 8 for evacuation
[2023-04-19T14:51:17.371-0400][gc,phases   ] GC(131)   Pre Evacuate Collection Set: 0.2ms
[2023-04-19T14:51:17.371-0400][gc,phases   ] GC(131)   Merge Heap Roots: 0.1ms
[2023-04-19T14:51:17.371-0400][gc,phases   ] GC(131)   Evacuate Collection Set: 13.3ms
[2023-04-19T14:51:17.371-0400][gc,phases   ] GC(131)   Post Evacuate Collection Set: 0.3ms
[2023-04-19T14:51:17.371-0400][gc,phases   ] GC(131)   Other: 0.1ms
[2023-04-19T14:51:17.371-0400][gc,heap     ] GC(131) Eden regions: 45->0(137)
[2023-04-19T14:51:17.371-0400][gc,heap     ] GC(131) Survivor regions: 6->4(7)
[2023-04-19T14:51:17.371-0400][gc,heap     ] GC(131) Old regions: 125->127
[2023-04-19T14:51:17.371-0400][gc,heap     ] GC(131) Archive regions: 2->2
[2023-04-19T14:51:17.371-0400][gc,heap     ] GC(131) Humongous regions: 129->129
[2023-04-19T14:51:17.371-0400][gc,metaspace] GC(131) Metaspace: 43536K(44288K)->43536K(44288K) NonClass: 38504K(38912K)->38504K(38912K) Class: 5032K(5376K)->5032K(5376K)
[2023-04-19T14:51:17.371-0400][gc          ] GC(131) Pause Young (Normal) (G1 Evacuation Pause) 304M->260M(1024M) 14.907ms
[2023-04-19T14:51:17.371-0400][gc,cpu      ] GC(131) User=0.02s Sys=0.02s Real=0.02s
[2023-04-19T14:52:54.816-0400][gc,start    ] GC(132) Pause Young (Normal) (G1 Evacuation Pause)
[2023-04-19T14:52:54.817-0400][gc,task     ] GC(132) Using 8 workers of 8 for evacuation
[2023-04-19T14:52:54.829-0400][gc,phases   ] GC(132)   Pre Evacuate Collection Set: 0.1ms
[2023-04-19T14:52:54.829-0400][gc,phases   ] GC(132)   Merge Heap Roots: 0.1ms
[2023-04-19T14:52:54.829-0400][gc,phases   ] GC(132)   Evacuate Collection Set: 11.9ms
[2023-04-19T14:52:54.829-0400][gc,phases   ] GC(132)   Post Evacuate Collection Set: 0.4ms
[2023-04-19T14:52:54.829-0400][gc,phases   ] GC(132)   Other: 0.1ms
[2023-04-19T14:52:54.829-0400][gc,heap     ] GC(132) Eden regions: 137->0(61)
[2023-04-19T14:52:54.829-0400][gc,heap     ] GC(132) Survivor regions: 4->6(18)
[2023-04-19T14:52:54.829-0400][gc,heap     ] GC(132) Old regions: 127->127
[2023-04-19T14:52:54.830-0400][gc,heap     ] GC(132) Archive regions: 2->2
[2023-04-19T14:52:54.830-0400][gc,heap     ] GC(132) Humongous regions: 129->129
[2023-04-19T14:52:54.830-0400][gc,metaspace] GC(132) Metaspace: 43538K(44288K)->43538K(44288K) NonClass: 38506K(38912K)->38506K(38912K) Class: 5032K(5376K)->5032K(5376K)
[2023-04-19T14:52:54.830-0400][gc          ] GC(132) Pause Young (Normal) (G1 Evacuation Pause) 397M->262M(1024M) 13.481ms
[2023-04-19T14:52:54.830-0400][gc,cpu      ] GC(132) User=0.04s Sys=0.04s Real=0.02s
[2023-04-19T14:53:37.501-0400][gc,start    ] GC(133) Pause Young (Normal) (G1 Evacuation Pause)
[2023-04-19T14:53:37.502-0400][gc,task     ] GC(133) Using 8 workers of 8 for evacuation
[2023-04-19T14:53:37.518-0400][gc,phases   ] GC(133)   Pre Evacuate Collection Set: 0.1ms
[2023-04-19T14:53:37.518-0400][gc,phases   ] GC(133)   Merge Heap Roots: 0.1ms
[2023-04-19T14:53:37.518-0400][gc,phases   ] GC(133)   Evacuate Collection Set: 15.9ms
[2023-04-19T14:53:37.518-0400][gc,phases   ] GC(133)   Post Evacuate Collection Set: 0.3ms
[2023-04-19T14:53:37.518-0400][gc,phases   ] GC(133)   Other: 0.1ms
[2023-04-19T14:53:37.518-0400][gc,heap     ] GC(133) Eden regions: 61->0(117)
[2023-04-19T14:53:37.518-0400][gc,heap     ] GC(133) Survivor regions: 6->5(9)
[2023-04-19T14:53:37.518-0400][gc,heap     ] GC(133) Old regions: 127->130
[2023-04-19T14:53:37.518-0400][gc,heap     ] GC(133) Archive regions: 2->2
[2023-04-19T14:53:37.518-0400][gc,heap     ] GC(133) Humongous regions: 129->129
[2023-04-19T14:53:37.518-0400][gc,metaspace] GC(133) Metaspace: 43538K(44288K)->43538K(44288K) NonClass: 38506K(38912K)->38506K(38912K) Class: 5032K(5376K)->5032K(5376K)
[2023-04-19T14:53:37.518-0400][gc          ] GC(133) Pause Young (Normal) (G1 Evacuation Pause) 323M->263M(1024M) 17.513ms
[2023-04-19T14:53:37.518-0400][gc,cpu      ] GC(133) User=0.03s Sys=0.03s Real=0.01s
[2023-04-19T14:54:57.728-0400][gc,start    ] GC(134) Pause Young (Normal) (G1 Evacuation Pause)
[2023-04-19T14:54:57.728-0400][gc,task     ] GC(134) Using 8 workers of 8 for evacuation
[2023-04-19T14:54:57.735-0400][gc,phases   ] GC(134)   Pre Evacuate Collection Set: 0.1ms
[2023-04-19T14:54:57.735-0400][gc,phases   ] GC(134)   Merge Heap Roots: 0.1ms
[2023-04-19T14:54:57.735-0400][gc,phases   ] GC(134)   Evacuate Collection Set: 6.3ms
[2023-04-19T14:54:57.735-0400][gc,phases   ] GC(134)   Post Evacuate Collection Set: 0.5ms
[2023-04-19T14:54:57.735-0400][gc,phases   ] GC(134)   Other: 0.1ms
[2023-04-19T14:54:57.735-0400][gc,heap     ] GC(134) Eden regions: 117->0(84)
[2023-04-19T14:54:57.735-0400][gc,heap     ] GC(134) Survivor regions: 5->7(16)
[2023-04-19T14:54:57.735-0400][gc,heap     ] GC(134) Old regions: 130->130
[2023-04-19T14:54:57.735-0400][gc,heap     ] GC(134) Archive regions: 2->2
[2023-04-19T14:54:57.735-0400][gc,heap     ] GC(134) Humongous regions: 129->129
[2023-04-19T14:54:57.735-0400][gc,metaspace] GC(134) Metaspace: 43538K(44288K)->43538K(44288K) NonClass: 38506K(38912K)->38506K(38912K) Class: 5032K(5376K)->5032K(5376K)
[2023-04-19T14:54:57.735-0400][gc          ] GC(134) Pause Young (Normal) (G1 Evacuation Pause) 380M->265M(1024M) 7.454ms
[2023-04-19T14:54:57.735-0400][gc,cpu      ] GC(134) User=0.03s Sys=0.01s Real=0.01s
[2023-04-19T14:55:56.783-0400][gc,start    ] GC(135) Pause Young (Normal) (G1 Evacuation Pause)
[2023-04-19T14:55:56.784-0400][gc,task     ] GC(135) Using 8 workers of 8 for evacuation
[2023-04-19T14:55:56.795-0400][gc,phases   ] GC(135)   Pre Evacuate Collection Set: 0.2ms
[2023-04-19T14:55:56.795-0400][gc,phases   ] GC(135)   Merge Heap Roots: 0.1ms
[2023-04-19T14:55:56.795-0400][gc,phases   ] GC(135)   Evacuate Collection Set: 9.4ms
[2023-04-19T14:55:56.795-0400][gc,phases   ] GC(135)   Post Evacuate Collection Set: 0.5ms
[2023-04-19T14:55:56.795-0400][gc,phases   ] GC(135)   Other: 0.9ms
[2023-04-19T14:55:56.795-0400][gc,heap     ] GC(135) Eden regions: 84->0(85)
[2023-04-19T14:55:56.795-0400][gc,heap     ] GC(135) Survivor regions: 7->8(12)
[2023-04-19T14:55:56.795-0400][gc,heap     ] GC(135) Old regions: 130->130
[2023-04-19T14:55:56.795-0400][gc,heap     ] GC(135) Archive regions: 2->2
[2023-04-19T14:55:56.795-0400][gc,heap     ] GC(135) Humongous regions: 129->129
[2023-04-19T14:55:56.795-0400][gc,metaspace] GC(135) Metaspace: 43538K(44288K)->43538K(44288K) NonClass: 38506K(38912K)->38506K(38912K) Class: 5032K(5376K)->5032K(5376K)
[2023-04-19T14:55:56.795-0400][gc          ] GC(135) Pause Young (Normal) (G1 Evacuation Pause) 349M->267M(1024M) 11.979ms
[2023-04-19T14:55:56.796-0400][gc,cpu      ] GC(135) User=0.04s Sys=0.01s Real=0.01s
[2023-04-19T14:56:52.623-0400][gc,start    ] GC(136) Pause Young (Normal) (G1 Evacuation Pause)
[2023-04-19T14:56:52.624-0400][gc,task     ] GC(136) Using 8 workers of 8 for evacuation
[2023-04-19T14:56:52.634-0400][gc,phases   ] GC(136)   Pre Evacuate Collection Set: 0.1ms
[2023-04-19T14:56:52.634-0400][gc,phases   ] GC(136)   Merge Heap Roots: 0.1ms
[2023-04-19T14:56:52.634-0400][gc,phases   ] GC(136)   Evacuate Collection Set: 9.8ms
[2023-04-19T14:56:52.634-0400][gc,phases   ] GC(136)   Post Evacuate Collection Set: 0.3ms
[2023-04-19T14:56:52.634-0400][gc,phases   ] GC(136)   Other: 0.1ms
[2023-04-19T14:56:52.634-0400][gc,heap     ] GC(136) Eden regions: 84->0(187)
[2023-04-19T14:56:52.634-0400][gc,heap     ] GC(136) Survivor regions: 8->7(12)
[2023-04-19T14:56:52.634-0400][gc,heap     ] GC(136) Old regions: 130->133
[2023-04-19T14:56:52.634-0400][gc,heap     ] GC(136) Archive regions: 2->2
[2023-04-19T14:56:52.634-0400][gc,heap     ] GC(136) Humongous regions: 129->129
[2023-04-19T14:56:52.634-0400][gc,metaspace] GC(136) Metaspace: 43538K(44288K)->43538K(44288K) NonClass: 38506K(38912K)->38506K(38912K) Class: 5032K(5376K)->5032K(5376K)
[2023-04-19T14:56:52.634-0400][gc          ] GC(136) Pause Young (Normal) (G1 Evacuation Pause) 351M->268M(1024M) 11.396ms
[2023-04-19T14:56:52.634-0400][gc,cpu      ] GC(136) User=0.04s Sys=0.01s Real=0.01s
[2023-04-19T14:58:58.360-0400][gc,start    ] GC(137) Pause Young (Normal) (G1 Evacuation Pause)
[2023-04-19T14:58:58.361-0400][gc,task     ] GC(137) Using 8 workers of 8 for evacuation
[2023-04-19T14:58:58.402-0400][gc,mmu      ] GC(137) MMU target violated: 21.0ms (20.0ms/21.0ms)
[2023-04-19T14:58:58.402-0400][gc,phases   ] GC(137)   Pre Evacuate Collection Set: 0.2ms
[2023-04-19T14:58:58.402-0400][gc,phases   ] GC(137)   Merge Heap Roots: 0.1ms
[2023-04-19T14:58:58.402-0400][gc,phases   ] GC(137)   Evacuate Collection Set: 41.0ms
[2023-04-19T14:58:58.402-0400][gc,phases   ] GC(137)   Post Evacuate Collection Set: 0.3ms
[2023-04-19T14:58:58.403-0400][gc,phases   ] GC(137)   Other: 0.1ms
[2023-04-19T14:58:58.403-0400][gc,heap     ] GC(137) Eden regions: 187->0(41)
[2023-04-19T14:58:58.403-0400][gc,heap     ] GC(137) Survivor regions: 7->10(25)
[2023-04-19T14:58:58.403-0400][gc,heap     ] GC(137) Old regions: 133->133
[2023-04-19T14:58:58.403-0400][gc,heap     ] GC(137) Archive regions: 2->2
[2023-04-19T14:58:58.403-0400][gc,heap     ] GC(137) Humongous regions: 129->129
[2023-04-19T14:58:58.403-0400][gc,metaspace] GC(137) Metaspace: 43540K(44288K)->43540K(44288K) NonClass: 38507K(38912K)->38507K(38912K) Class: 5032K(5376K)->5032K(5376K)
[2023-04-19T14:58:58.403-0400][gc          ] GC(137) Pause Young (Normal) (G1 Evacuation Pause) 455M->271M(1024M) 42.842ms
[2023-04-19T14:58:58.403-0400][gc,cpu      ] GC(137) User=0.05s Sys=0.06s Real=0.04s
[2023-04-19T14:59:25.672-0400][gc,start    ] GC(138) Pause Young (Normal) (G1 Evacuation Pause)
[2023-04-19T14:59:25.672-0400][gc,task     ] GC(138) Using 8 workers of 8 for evacuation
[2023-04-19T14:59:25.705-0400][gc,mmu      ] GC(138) MMU target violated: 21.0ms (20.0ms/21.0ms)
[2023-04-19T14:59:25.705-0400][gc,phases   ] GC(138)   Pre Evacuate Collection Set: 0.1ms
[2023-04-19T14:59:25.705-0400][gc,phases   ] GC(138)   Merge Heap Roots: 0.1ms
[2023-04-19T14:59:25.705-0400][gc,phases   ] GC(138)   Evacuate Collection Set: 30.6ms
[2023-04-19T14:59:25.705-0400][gc,phases   ] GC(138)   Post Evacuate Collection Set: 2.1ms
[2023-04-19T14:59:25.705-0400][gc,phases   ] GC(138)   Other: 0.2ms
[2023-04-19T14:59:25.705-0400][gc,heap     ] GC(138) Eden regions: 41->0(83)
[2023-04-19T14:59:25.705-0400][gc,heap     ] GC(138) Survivor regions: 10->5(7)
[2023-04-19T14:59:25.705-0400][gc,heap     ] GC(138) Old regions: 133->138
[2023-04-19T14:59:25.705-0400][gc,heap     ] GC(138) Archive regions: 2->2
[2023-04-19T14:59:25.705-0400][gc,heap     ] GC(138) Humongous regions: 129->129
[2023-04-19T14:59:25.705-0400][gc,metaspace] GC(138) Metaspace: 43540K(44288K)->43540K(44288K) NonClass: 38507K(38912K)->38507K(38912K) Class: 5032K(5376K)->5032K(5376K)
[2023-04-19T14:59:25.705-0400][gc          ] GC(138) Pause Young (Normal) (G1 Evacuation Pause) 312M->272M(1024M) 33.852ms
[2023-04-19T14:59:25.705-0400][gc,cpu      ] GC(138) User=0.05s Sys=0.04s Real=0.03s
[2023-04-19T15:00:22.029-0400][gc,start    ] GC(139) Pause Young (Normal) (G1 Evacuation Pause)
[2023-04-19T15:00:22.030-0400][gc,task     ] GC(139) Using 8 workers of 8 for evacuation
[2023-04-19T15:00:22.034-0400][gc,phases   ] GC(139)   Pre Evacuate Collection Set: 0.1ms
[2023-04-19T15:00:22.034-0400][gc,phases   ] GC(139)   Merge Heap Roots: 0.1ms
[2023-04-19T15:00:22.034-0400][gc,phases   ] GC(139)   Evacuate Collection Set: 3.9ms
[2023-04-19T15:00:22.034-0400][gc,phases   ] GC(139)   Post Evacuate Collection Set: 0.3ms
[2023-04-19T15:00:22.034-0400][gc,phases   ] GC(139)   Other: 0.1ms
[2023-04-19T15:00:22.034-0400][gc,heap     ] GC(139) Eden regions: 83->0(96)
[2023-04-19T15:00:22.034-0400][gc,heap     ] GC(139) Survivor regions: 5->6(11)
[2023-04-19T15:00:22.034-0400][gc,heap     ] GC(139) Old regions: 138->138
[2023-04-19T15:00:22.034-0400][gc,heap     ] GC(139) Archive regions: 2->2
[2023-04-19T15:00:22.034-0400][gc,heap     ] GC(139) Humongous regions: 129->129
[2023-04-19T15:00:22.034-0400][gc,metaspace] GC(139) Metaspace: 43540K(44288K)->43540K(44288K) NonClass: 38507K(38912K)->38507K(38912K) Class: 5032K(5376K)->5032K(5376K)
[2023-04-19T15:00:22.034-0400][gc          ] GC(139) Pause Young (Normal) (G1 Evacuation Pause) 355M->273M(1024M) 5.606ms
[2023-04-19T15:00:22.034-0400][gc,cpu      ] GC(139) User=0.03s Sys=0.00s Real=0.01s
[2023-04-19T15:01:27.819-0400][gc,start    ] GC(140) Pause Young (Normal) (G1 Evacuation Pause)
[2023-04-19T15:01:27.820-0400][gc,task     ] GC(140) Using 8 workers of 8 for evacuation
[2023-04-19T15:01:27.827-0400][gc,phases   ] GC(140)   Pre Evacuate Collection Set: 0.2ms
[2023-04-19T15:01:27.827-0400][gc,phases   ] GC(140)   Merge Heap Roots: 0.1ms
[2023-04-19T15:01:27.827-0400][gc,phases   ] GC(140)   Evacuate Collection Set: 6.7ms
[2023-04-19T15:01:27.828-0400][gc,phases   ] GC(140)   Post Evacuate Collection Set: 0.4ms
[2023-04-19T15:01:27.828-0400][gc,phases   ] GC(140)   Other: 0.2ms
[2023-04-19T15:01:27.828-0400][gc,heap     ] GC(140) Eden regions: 96->0(63)
[2023-04-19T15:01:27.828-0400][gc,heap     ] GC(140) Survivor regions: 6->8(13)
[2023-04-19T15:01:27.828-0400][gc,heap     ] GC(140) Old regions: 138->138
[2023-04-19T15:01:27.828-0400][gc,heap     ] GC(140) Archive regions: 2->2
[2023-04-19T15:01:27.828-0400][gc,heap     ] GC(140) Humongous regions: 129->129
[2023-04-19T15:01:27.828-0400][gc,metaspace] GC(140) Metaspace: 43540K(44288K)->43540K(44288K) NonClass: 38507K(38912K)->38507K(38912K) Class: 5032K(5376K)->5032K(5376K)
[2023-04-19T15:01:27.828-0400][gc          ] GC(140) Pause Young (Normal) (G1 Evacuation Pause) 369M->275M(1024M) 8.706ms
[2023-04-19T15:01:27.828-0400][gc,cpu      ] GC(140) User=0.04s Sys=0.00s Real=0.01s
[2023-04-19T15:02:13.495-0400][gc,start    ] GC(141) Pause Young (Normal) (G1 Evacuation Pause)
[2023-04-19T15:02:13.496-0400][gc,task     ] GC(141) Using 8 workers of 8 for evacuation
[2023-04-19T15:02:13.514-0400][gc,phases   ] GC(141)   Pre Evacuate Collection Set: 0.1ms
[2023-04-19T15:02:13.514-0400][gc,phases   ] GC(141)   Merge Heap Roots: 0.1ms
[2023-04-19T15:02:13.514-0400][gc,phases   ] GC(141)   Evacuate Collection Set: 18.0ms
[2023-04-19T15:02:13.514-0400][gc,phases   ] GC(141)   Post Evacuate Collection Set: 0.3ms
[2023-04-19T15:02:13.514-0400][gc,phases   ] GC(141)   Other: 0.1ms
[2023-04-19T15:02:13.515-0400][gc,heap     ] GC(141) Eden regions: 63->0(161)
[2023-04-19T15:02:13.515-0400][gc,heap     ] GC(141) Survivor regions: 8->6(9)
[2023-04-19T15:02:13.515-0400][gc,heap     ] GC(141) Old regions: 138->141
[2023-04-19T15:02:13.515-0400][gc,heap     ] GC(141) Archive regions: 2->2
[2023-04-19T15:02:13.515-0400][gc,heap     ] GC(141) Humongous regions: 129->129
[2023-04-19T15:02:13.515-0400][gc,metaspace] GC(141) Metaspace: 43543K(44288K)->43543K(44288K) NonClass: 38510K(38912K)->38510K(38912K) Class: 5032K(5376K)->5032K(5376K)
[2023-04-19T15:02:13.515-0400][gc          ] GC(141) Pause Young (Normal) (G1 Evacuation Pause) 338M->276M(1024M) 19.234ms
[2023-04-19T15:02:13.515-0400][gc,cpu      ] GC(141) User=0.04s Sys=0.02s Real=0.02s
[2023-04-19T15:04:09.932-0400][gc,start    ] GC(142) Pause Young (Normal) (G1 Evacuation Pause)
[2023-04-19T15:04:09.933-0400][gc,task     ] GC(142) Using 8 workers of 8 for evacuation
[2023-04-19T15:04:09.943-0400][gc,phases   ] GC(142)   Pre Evacuate Collection Set: 0.2ms
[2023-04-19T15:04:09.943-0400][gc,phases   ] GC(142)   Merge Heap Roots: 0.1ms
[2023-04-19T15:04:09.943-0400][gc,phases   ] GC(142)   Evacuate Collection Set: 9.1ms
[2023-04-19T15:04:09.943-0400][gc,phases   ] GC(142)   Post Evacuate Collection Set: 0.5ms
[2023-04-19T15:04:09.943-0400][gc,phases   ] GC(142)   Other: 0.2ms
[2023-04-19T15:04:09.943-0400][gc,heap     ] GC(142) Eden regions: 161->0(115)
[2023-04-19T15:04:09.943-0400][gc,heap     ] GC(142) Survivor regions: 6->8(21)
[2023-04-19T15:04:09.943-0400][gc,heap     ] GC(142) Old regions: 141->141
[2023-04-19T15:04:09.943-0400][gc,heap     ] GC(142) Archive regions: 2->2
[2023-04-19T15:04:09.943-0400][gc,heap     ] GC(142) Humongous regions: 129->129
[2023-04-19T15:04:09.943-0400][gc,metaspace] GC(142) Metaspace: 43544K(44288K)->43544K(44288K) NonClass: 38511K(38912K)->38511K(38912K) Class: 5032K(5376K)->5032K(5376K)
[2023-04-19T15:04:09.943-0400][gc          ] GC(142) Pause Young (Normal) (G1 Evacuation Pause) 437M->278M(1024M) 11.220ms
[2023-04-19T15:04:09.943-0400][gc,cpu      ] GC(142) User=0.04s Sys=0.00s Real=0.01s
[2023-04-19T15:05:32.707-0400][gc,start    ] GC(143) Pause Young (Normal) (G1 Evacuation Pause)
[2023-04-19T15:05:32.708-0400][gc,task     ] GC(143) Using 8 workers of 8 for evacuation
[2023-04-19T15:05:32.718-0400][gc,phases   ] GC(143)   Pre Evacuate Collection Set: 0.1ms
[2023-04-19T15:05:32.718-0400][gc,phases   ] GC(143)   Merge Heap Roots: 0.1ms
[2023-04-19T15:05:32.718-0400][gc,phases   ] GC(143)   Evacuate Collection Set: 9.0ms
[2023-04-19T15:05:32.718-0400][gc,phases   ] GC(143)   Post Evacuate Collection Set: 0.6ms
[2023-04-19T15:05:32.718-0400][gc,phases   ] GC(143)   Other: 0.1ms
[2023-04-19T15:05:32.718-0400][gc,heap     ] GC(143) Eden regions: 115->0(94)
[2023-04-19T15:05:32.718-0400][gc,heap     ] GC(143) Survivor regions: 8->10(16)
[2023-04-19T15:05:32.718-0400][gc,heap     ] GC(143) Old regions: 141->141
[2023-04-19T15:05:32.718-0400][gc,heap     ] GC(143) Archive regions: 2->2
[2023-04-19T15:05:32.718-0400][gc,heap     ] GC(143) Humongous regions: 129->129
[2023-04-19T15:05:32.718-0400][gc,metaspace] GC(143) Metaspace: 43545K(44288K)->43545K(44288K) NonClass: 38512K(38912K)->38512K(38912K) Class: 5032K(5376K)->5032K(5376K)
[2023-04-19T15:05:32.718-0400][gc          ] GC(143) Pause Young (Normal) (G1 Evacuation Pause) 393M->280M(1024M) 10.739ms
[2023-04-19T15:05:32.718-0400][gc,cpu      ] GC(143) User=0.04s Sys=0.00s Real=0.01s
[2023-04-19T15:06:40.679-0400][gc,start    ] GC(144) Pause Young (Normal) (G1 Evacuation Pause)
[2023-04-19T15:06:40.679-0400][gc,task     ] GC(144) Using 8 workers of 8 for evacuation
[2023-04-19T15:06:40.709-0400][gc,mmu      ] GC(144) MMU target violated: 21.0ms (20.0ms/21.0ms)
[2023-04-19T15:06:40.710-0400][gc,phases   ] GC(144)   Pre Evacuate Collection Set: 0.1ms
[2023-04-19T15:06:40.710-0400][gc,phases   ] GC(144)   Merge Heap Roots: 0.1ms
[2023-04-19T15:06:40.710-0400][gc,phases   ] GC(144)   Evacuate Collection Set: 28.8ms
[2023-04-19T15:06:40.710-0400][gc,phases   ] GC(144)   Post Evacuate Collection Set: 0.5ms
[2023-04-19T15:06:40.710-0400][gc,phases   ] GC(144)   Other: 0.5ms
[2023-04-19T15:06:40.710-0400][gc,heap     ] GC(144) Eden regions: 94->0(81)
[2023-04-19T15:06:40.710-0400][gc,heap     ] GC(144) Survivor regions: 10->8(13)
[2023-04-19T15:06:40.710-0400][gc,heap     ] GC(144) Old regions: 141->145
[2023-04-19T15:06:40.710-0400][gc,heap     ] GC(144) Archive regions: 2->2
[2023-04-19T15:06:40.710-0400][gc,heap     ] GC(144) Humongous regions: 129->129
[2023-04-19T15:06:40.710-0400][gc,metaspace] GC(144) Metaspace: 43550K(44288K)->43550K(44288K) NonClass: 38517K(38912K)->38517K(38912K) Class: 5033K(5376K)->5033K(5376K)
[2023-04-19T15:06:40.710-0400][gc          ] GC(144) Pause Young (Normal) (G1 Evacuation Pause) 374M->282M(1024M) 30.931ms
[2023-04-19T15:06:40.710-0400][gc,cpu      ] GC(144) User=0.05s Sys=0.06s Real=0.04s
[2023-04-19T15:07:37.973-0400][gc,start    ] GC(145) Pause Young (Normal) (G1 Evacuation Pause)
[2023-04-19T15:07:37.973-0400][gc,task     ] GC(145) Using 8 workers of 8 for evacuation
[2023-04-19T15:07:37.988-0400][gc,phases   ] GC(145)   Pre Evacuate Collection Set: 0.2ms
[2023-04-19T15:07:37.988-0400][gc,phases   ] GC(145)   Merge Heap Roots: 0.1ms
[2023-04-19T15:07:37.988-0400][gc,phases   ] GC(145)   Evacuate Collection Set: 13.8ms
[2023-04-19T15:07:37.988-0400][gc,phases   ] GC(145)   Post Evacuate Collection Set: 0.5ms
[2023-04-19T15:07:37.988-0400][gc,phases   ] GC(145)   Other: 0.2ms
[2023-04-19T15:07:37.988-0400][gc,heap     ] GC(145) Eden regions: 81->0(199)
[2023-04-19T15:07:37.988-0400][gc,heap     ] GC(145) Survivor regions: 8->6(12)
[2023-04-19T15:07:37.988-0400][gc,heap     ] GC(145) Old regions: 145->149
[2023-04-19T15:07:37.988-0400][gc,heap     ] GC(145) Archive regions: 2->2
[2023-04-19T15:07:37.989-0400][gc,heap     ] GC(145) Humongous regions: 129->129
[2023-04-19T15:07:37.989-0400][gc,metaspace] GC(145) Metaspace: 43550K(44288K)->43550K(44288K) NonClass: 38517K(38912K)->38517K(38912K) Class: 5033K(5376K)->5033K(5376K)
[2023-04-19T15:07:37.989-0400][gc          ] GC(145) Pause Young (Normal) (G1 Evacuation Pause) 363M->284M(1024M) 15.776ms
[2023-04-19T15:07:37.989-0400][gc,cpu      ] GC(145) User=0.04s Sys=0.03s Real=0.01s
[2023-04-19T15:10:02.253-0400][gc,start    ] GC(146) Pause Young (Normal) (G1 Evacuation Pause)
[2023-04-19T15:10:02.254-0400][gc,task     ] GC(146) Using 8 workers of 8 for evacuation
[2023-04-19T15:10:02.276-0400][gc,mmu      ] GC(146) MMU target violated: 21.0ms (20.0ms/21.0ms)
[2023-04-19T15:10:02.277-0400][gc,phases   ] GC(146)   Pre Evacuate Collection Set: 0.1ms
[2023-04-19T15:10:02.277-0400][gc,phases   ] GC(146)   Merge Heap Roots: 0.1ms
[2023-04-19T15:10:02.277-0400][gc,phases   ] GC(146)   Evacuate Collection Set: 21.6ms
[2023-04-19T15:10:02.277-0400][gc,phases   ] GC(146)   Post Evacuate Collection Set: 0.4ms
[2023-04-19T15:10:02.277-0400][gc,phases   ] GC(146)   Other: 0.3ms
[2023-04-19T15:10:02.277-0400][gc,heap     ] GC(146) Eden regions: 199->0(41)
[2023-04-19T15:10:02.277-0400][gc,heap     ] GC(146) Survivor regions: 6->10(26)
[2023-04-19T15:10:02.277-0400][gc,heap     ] GC(146) Old regions: 149->149
[2023-04-19T15:10:02.277-0400][gc,heap     ] GC(146) Archive regions: 2->2
[2023-04-19T15:10:02.277-0400][gc,heap     ] GC(146) Humongous regions: 129->129
[2023-04-19T15:10:02.277-0400][gc,metaspace] GC(146) Metaspace: 43550K(44288K)->43550K(44288K) NonClass: 38517K(38912K)->38517K(38912K) Class: 5033K(5376K)->5033K(5376K)
[2023-04-19T15:10:02.277-0400][gc          ] GC(146) Pause Young (Normal) (G1 Evacuation Pause) 483M->287M(1024M) 23.354ms
[2023-04-19T15:10:02.277-0400][gc,cpu      ] GC(146) User=0.05s Sys=0.07s Real=0.02s
[2023-04-19T15:10:31.901-0400][gc,start    ] GC(147) Pause Young (Normal) (G1 Evacuation Pause)
[2023-04-19T15:10:31.901-0400][gc,task     ] GC(147) Using 8 workers of 8 for evacuation
[2023-04-19T15:10:31.958-0400][gc,mmu      ] GC(147) MMU target violated: 21.0ms (20.0ms/21.0ms)
[2023-04-19T15:10:31.958-0400][gc,phases   ] GC(147)   Pre Evacuate Collection Set: 0.2ms
[2023-04-19T15:10:31.958-0400][gc,phases   ] GC(147)   Merge Heap Roots: 0.8ms
[2023-04-19T15:10:31.958-0400][gc,phases   ] GC(147)   Evacuate Collection Set: 53.2ms
[2023-04-19T15:10:31.958-0400][gc,phases   ] GC(147)   Post Evacuate Collection Set: 0.6ms
[2023-04-19T15:10:31.958-0400][gc,phases   ] GC(147)   Other: 2.2ms
[2023-04-19T15:10:31.959-0400][gc,heap     ] GC(147) Eden regions: 41->0(165)
[2023-04-19T15:10:31.959-0400][gc,heap     ] GC(147) Survivor regions: 10->2(7)
[2023-04-19T15:10:31.959-0400][gc,heap     ] GC(147) Old regions: 149->158
[2023-04-19T15:10:31.959-0400][gc,heap     ] GC(147) Archive regions: 2->2
[2023-04-19T15:10:31.959-0400][gc,heap     ] GC(147) Humongous regions: 129->129
[2023-04-19T15:10:31.959-0400][gc,metaspace] GC(147) Metaspace: 43550K(44288K)->43550K(44288K) NonClass: 38517K(38912K)->38517K(38912K) Class: 5033K(5376K)->5033K(5376K)
[2023-04-19T15:10:31.959-0400][gc          ] GC(147) Pause Young (Normal) (G1 Evacuation Pause) 328M->288M(1024M) 57.873ms
[2023-04-19T15:10:31.959-0400][gc,cpu      ] GC(147) User=0.06s Sys=0.09s Real=0.05s
[2023-04-19T15:12:29.998-0400][gc,start    ] GC(148) Pause Young (Normal) (G1 Evacuation Pause)
[2023-04-19T15:12:29.998-0400][gc,task     ] GC(148) Using 8 workers of 8 for evacuation
[2023-04-19T15:12:30.005-0400][gc,phases   ] GC(148)   Pre Evacuate Collection Set: 0.1ms
[2023-04-19T15:12:30.005-0400][gc,phases   ] GC(148)   Merge Heap Roots: 0.1ms
[2023-04-19T15:12:30.005-0400][gc,phases   ] GC(148)   Evacuate Collection Set: 5.7ms
[2023-04-19T15:12:30.005-0400][gc,phases   ] GC(148)   Post Evacuate Collection Set: 0.6ms
[2023-04-19T15:12:30.005-0400][gc,phases   ] GC(148)   Other: 0.1ms
[2023-04-19T15:12:30.005-0400][gc,heap     ] GC(148) Eden regions: 165->0(124)
[2023-04-19T15:12:30.005-0400][gc,heap     ] GC(148) Survivor regions: 2->4(21)
[2023-04-19T15:12:30.005-0400][gc,heap     ] GC(148) Old regions: 158->158
[2023-04-19T15:12:30.005-0400][gc,heap     ] GC(148) Archive regions: 2->2
[2023-04-19T15:12:30.005-0400][gc,heap     ] GC(148) Humongous regions: 129->129
[2023-04-19T15:12:30.005-0400][gc,metaspace] GC(148) Metaspace: 43550K(44288K)->43550K(44288K) NonClass: 38517K(38912K)->38517K(38912K) Class: 5033K(5376K)->5033K(5376K)
[2023-04-19T15:12:30.005-0400][gc          ] GC(148) Pause Young (Normal) (G1 Evacuation Pause) 453M->291M(1024M) 7.381ms
[2023-04-19T15:12:30.005-0400][gc,cpu      ] GC(148) User=0.03s Sys=0.00s Real=0.01s
[2023-04-19T15:13:59.529-0400][gc,start    ] GC(149) Pause Young (Normal) (G1 Evacuation Pause)
[2023-04-19T15:13:59.530-0400][gc,task     ] GC(149) Using 8 workers of 8 for evacuation
[2023-04-19T15:13:59.537-0400][gc,phases   ] GC(149)   Pre Evacuate Collection Set: 0.1ms
[2023-04-19T15:13:59.537-0400][gc,phases   ] GC(149)   Merge Heap Roots: 0.1ms
[2023-04-19T15:13:59.537-0400][gc,phases   ] GC(149)   Evacuate Collection Set: 5.8ms
[2023-04-19T15:13:59.537-0400][gc,phases   ] GC(149)   Post Evacuate Collection Set: 0.4ms
[2023-04-19T15:13:59.537-0400][gc,phases   ] GC(149)   Other: 0.1ms
[2023-04-19T15:13:59.537-0400][gc,heap     ] GC(149) Eden regions: 124->0(43)
[2023-04-19T15:13:59.537-0400][gc,heap     ] GC(149) Survivor regions: 4->8(16)
[2023-04-19T15:13:59.537-0400][gc,heap     ] GC(149) Old regions: 158->158
[2023-04-19T15:13:59.537-0400][gc,heap     ] GC(149) Archive regions: 2->2
[2023-04-19T15:13:59.537-0400][gc,heap     ] GC(149) Humongous regions: 129->129
[2023-04-19T15:13:59.537-0400][gc,metaspace] GC(149) Metaspace: 43552K(44288K)->43552K(44288K) NonClass: 38518K(38912K)->38518K(38912K) Class: 5033K(5376K)->5033K(5376K)
[2023-04-19T15:13:59.537-0400][gc          ] GC(149) Pause Young (Normal) (G1 Evacuation Pause) 415M->295M(1024M) 7.799ms
[2023-04-19T15:13:59.537-0400][gc,cpu      ] GC(149) User=0.04s Sys=0.00s Real=0.01s
[2023-04-19T15:14:29.579-0400][gc,start    ] GC(150) Pause Young (Normal) (G1 Evacuation Pause)
[2023-04-19T15:14:29.580-0400][gc,task     ] GC(150) Using 8 workers of 8 for evacuation
[2023-04-19T15:14:29.612-0400][gc,mmu      ] GC(150) MMU target violated: 21.0ms (20.0ms/21.0ms)
[2023-04-19T15:14:29.612-0400][gc,phases   ] GC(150)   Pre Evacuate Collection Set: 0.8ms
[2023-04-19T15:14:29.612-0400][gc,phases   ] GC(150)   Merge Heap Roots: 0.1ms
[2023-04-19T15:14:29.612-0400][gc,phases   ] GC(150)   Evacuate Collection Set: 30.4ms
[2023-04-19T15:14:29.612-0400][gc,phases   ] GC(150)   Post Evacuate Collection Set: 0.4ms
[2023-04-19T15:14:29.612-0400][gc,phases   ] GC(150)   Other: 0.8ms
[2023-04-19T15:14:29.612-0400][gc,heap     ] GC(150) Eden regions: 43->0(186)
[2023-04-19T15:14:29.612-0400][gc,heap     ] GC(150) Survivor regions: 8->2(7)
[2023-04-19T15:14:29.612-0400][gc,heap     ] GC(150) Old regions: 158->165
[2023-04-19T15:14:29.612-0400][gc,heap     ] GC(150) Archive regions: 2->2
[2023-04-19T15:14:29.612-0400][gc,heap     ] GC(150) Humongous regions: 129->129
[2023-04-19T15:14:29.612-0400][gc,metaspace] GC(150) Metaspace: 43552K(44288K)->43552K(44288K) NonClass: 38518K(38912K)->38518K(38912K) Class: 5033K(5376K)->5033K(5376K)
[2023-04-19T15:14:29.612-0400][gc          ] GC(150) Pause Young (Normal) (G1 Evacuation Pause) 338M->296M(1024M) 33.586ms
[2023-04-19T15:14:29.612-0400][gc,cpu      ] GC(150) User=0.03s Sys=0.06s Real=0.04s
[2023-04-19T15:16:36.845-0400][gc,start    ] GC(151) Pause Young (Normal) (G1 Evacuation Pause)
[2023-04-19T15:16:36.846-0400][gc,task     ] GC(151) Using 8 workers of 8 for evacuation
[2023-04-19T15:16:36.851-0400][gc,phases   ] GC(151)   Pre Evacuate Collection Set: 0.1ms
[2023-04-19T15:16:36.851-0400][gc,phases   ] GC(151)   Merge Heap Roots: 0.1ms
[2023-04-19T15:16:36.851-0400][gc,phases   ] GC(151)   Evacuate Collection Set: 4.1ms
[2023-04-19T15:16:36.851-0400][gc,phases   ] GC(151)   Post Evacuate Collection Set: 0.4ms
[2023-04-19T15:16:36.851-0400][gc,phases   ] GC(151)   Other: 0.1ms
[2023-04-19T15:16:36.851-0400][gc,heap     ] GC(151) Eden regions: 186->0(68)
[2023-04-19T15:16:36.851-0400][gc,heap     ] GC(151) Survivor regions: 2->6(24)
[2023-04-19T15:16:36.851-0400][gc,heap     ] GC(151) Old regions: 165->165
[2023-04-19T15:16:36.851-0400][gc,heap     ] GC(151) Archive regions: 2->2
[2023-04-19T15:16:36.851-0400][gc,heap     ] GC(151) Humongous regions: 129->129
[2023-04-19T15:16:36.851-0400][gc,metaspace] GC(151) Metaspace: 43552K(44288K)->43552K(44288K) NonClass: 38518K(38912K)->38518K(38912K) Class: 5033K(5376K)->5033K(5376K)
[2023-04-19T15:16:36.851-0400][gc          ] GC(151) Pause Young (Normal) (G1 Evacuation Pause) 482M->299M(1024M) 5.613ms
[2023-04-19T15:16:36.851-0400][gc,cpu      ] GC(151) User=0.03s Sys=0.00s Real=0.01s
[2023-04-19T15:17:22.870-0400][gc,start    ] GC(152) Pause Young (Normal) (G1 Evacuation Pause)
[2023-04-19T15:17:22.871-0400][gc,task     ] GC(152) Using 8 workers of 8 for evacuation
[2023-04-19T15:17:22.876-0400][gc,phases   ] GC(152)   Pre Evacuate Collection Set: 0.1ms
[2023-04-19T15:17:22.876-0400][gc,phases   ] GC(152)   Merge Heap Roots: 0.1ms
[2023-04-19T15:17:22.876-0400][gc,phases   ] GC(152)   Evacuate Collection Set: 5.1ms
[2023-04-19T15:17:22.876-0400][gc,phases   ] GC(152)   Post Evacuate Collection Set: 0.4ms
[2023-04-19T15:17:22.877-0400][gc,phases   ] GC(152)   Other: 0.1ms
[2023-04-19T15:17:22.877-0400][gc,heap     ] GC(152) Eden regions: 68->0(162)
[2023-04-19T15:17:22.877-0400][gc,heap     ] GC(152) Survivor regions: 6->6(10)
[2023-04-19T15:17:22.877-0400][gc,heap     ] GC(152) Old regions: 165->165
[2023-04-19T15:17:22.877-0400][gc,heap     ] GC(152) Archive regions: 2->2
[2023-04-19T15:17:22.877-0400][gc,heap     ] GC(152) Humongous regions: 129->129
[2023-04-19T15:17:22.877-0400][gc,metaspace] GC(152) Metaspace: 43552K(44288K)->43552K(44288K) NonClass: 38518K(38912K)->38518K(38912K) Class: 5033K(5376K)->5033K(5376K)
[2023-04-19T15:17:22.877-0400][gc          ] GC(152) Pause Young (Normal) (G1 Evacuation Pause) 367M->300M(1024M) 6.331ms
[2023-04-19T15:17:22.877-0400][gc,cpu      ] GC(152) User=0.02s Sys=0.00s Real=0.00s
[2023-04-19T15:19:12.864-0400][gc,start    ] GC(153) Pause Young (Normal) (G1 Evacuation Pause)
[2023-04-19T15:19:12.865-0400][gc,task     ] GC(153) Using 8 workers of 8 for evacuation
[2023-04-19T15:19:12.881-0400][gc,phases   ] GC(153)   Pre Evacuate Collection Set: 0.7ms
[2023-04-19T15:19:12.881-0400][gc,phases   ] GC(153)   Merge Heap Roots: 0.3ms
[2023-04-19T15:19:12.881-0400][gc,phases   ] GC(153)   Evacuate Collection Set: 14.2ms
[2023-04-19T15:19:12.881-0400][gc,phases   ] GC(153)   Post Evacuate Collection Set: 0.4ms
[2023-04-19T15:19:12.881-0400][gc,phases   ] GC(153)   Other: 0.3ms
[2023-04-19T15:19:12.881-0400][gc,heap     ] GC(153) Eden regions: 162->0(125)
[2023-04-19T15:19:12.881-0400][gc,heap     ] GC(153) Survivor regions: 6->7(21)
[2023-04-19T15:19:12.881-0400][gc,heap     ] GC(153) Old regions: 165->165
[2023-04-19T15:19:12.881-0400][gc,heap     ] GC(153) Archive regions: 2->2
[2023-04-19T15:19:12.881-0400][gc,heap     ] GC(153) Humongous regions: 129->129
[2023-04-19T15:19:12.881-0400][gc,metaspace] GC(153) Metaspace: 43552K(44288K)->43552K(44288K) NonClass: 38518K(38912K)->38518K(38912K) Class: 5033K(5376K)->5033K(5376K)
[2023-04-19T15:19:12.881-0400][gc          ] GC(153) Pause Young (Normal) (G1 Evacuation Pause) 462M->301M(1024M) 16.827ms
[2023-04-19T15:19:12.881-0400][gc,cpu      ] GC(153) User=0.03s Sys=0.04s Real=0.02s
[2023-04-19T15:20:38.424-0400][gc,start    ] GC(154) Pause Young (Normal) (G1 Evacuation Pause)
[2023-04-19T15:20:38.424-0400][gc,task     ] GC(154) Using 8 workers of 8 for evacuation
[2023-04-19T15:20:38.428-0400][gc,phases   ] GC(154)   Pre Evacuate Collection Set: 0.1ms
[2023-04-19T15:20:38.428-0400][gc,phases   ] GC(154)   Merge Heap Roots: 0.1ms
[2023-04-19T15:20:38.428-0400][gc,phases   ] GC(154)   Evacuate Collection Set: 3.9ms
[2023-04-19T15:20:38.428-0400][gc,phases   ] GC(154)   Post Evacuate Collection Set: 0.4ms
[2023-04-19T15:20:38.428-0400][gc,phases   ] GC(154)   Other: 0.1ms
[2023-04-19T15:20:38.428-0400][gc,heap     ] GC(154) Eden regions: 125->0(266)
[2023-04-19T15:20:38.428-0400][gc,heap     ] GC(154) Survivor regions: 7->7(17)
[2023-04-19T15:20:38.428-0400][gc,heap     ] GC(154) Old regions: 165->165
[2023-04-19T15:20:38.428-0400][gc,heap     ] GC(154) Archive regions: 2->2
[2023-04-19T15:20:38.428-0400][gc,heap     ] GC(154) Humongous regions: 129->129
[2023-04-19T15:20:38.428-0400][gc,metaspace] GC(154) Metaspace: 43552K(44288K)->43552K(44288K) NonClass: 38518K(38912K)->38518K(38912K) Class: 5033K(5376K)->5033K(5376K)
[2023-04-19T15:20:38.428-0400][gc          ] GC(154) Pause Young (Normal) (G1 Evacuation Pause) 426M->301M(1024M) 4.921ms
[2023-04-19T15:20:38.428-0400][gc,cpu      ] GC(154) User=0.03s Sys=0.00s Real=0.00s
[2023-04-19T15:23:38.703-0400][gc,start    ] GC(155) Pause Young (Normal) (G1 Evacuation Pause)
[2023-04-19T15:23:38.703-0400][gc,task     ] GC(155) Using 8 workers of 8 for evacuation
[2023-04-19T15:23:38.727-0400][gc,mmu      ] GC(155) MMU target violated: 21.0ms (20.0ms/21.0ms)
[2023-04-19T15:23:38.727-0400][gc,phases   ] GC(155)   Pre Evacuate Collection Set: 0.4ms
[2023-04-19T15:23:38.727-0400][gc,phases   ] GC(155)   Merge Heap Roots: 0.1ms
[2023-04-19T15:23:38.727-0400][gc,phases   ] GC(155)   Evacuate Collection Set: 21.0ms
[2023-04-19T15:23:38.727-0400][gc,phases   ] GC(155)   Post Evacuate Collection Set: 2.2ms
[2023-04-19T15:23:38.727-0400][gc,phases   ] GC(155)   Other: 0.2ms
[2023-04-19T15:23:38.727-0400][gc,heap     ] GC(155) Eden regions: 266->0(119)
[2023-04-19T15:23:38.727-0400][gc,heap     ] GC(155) Survivor regions: 7->7(35)
[2023-04-19T15:23:38.727-0400][gc,heap     ] GC(155) Old regions: 165->165
[2023-04-19T15:23:38.727-0400][gc,heap     ] GC(155) Archive regions: 2->2
[2023-04-19T15:23:38.727-0400][gc,heap     ] GC(155) Humongous regions: 129->129
[2023-04-19T15:23:38.727-0400][gc,metaspace] GC(155) Metaspace: 43552K(44288K)->43552K(44288K) NonClass: 38518K(38912K)->38518K(38912K) Class: 5033K(5376K)->5033K(5376K)
[2023-04-19T15:23:38.727-0400][gc          ] GC(155) Pause Young (Normal) (G1 Evacuation Pause) 567M->301M(1024M) 24.815ms
[2023-04-19T15:23:38.727-0400][gc,cpu      ] GC(155) User=0.03s Sys=0.05s Real=0.02s
[2023-04-19T15:25:01.290-0400][gc,start    ] GC(156) Pause Young (Normal) (G1 Evacuation Pause)
[2023-04-19T15:25:01.291-0400][gc,task     ] GC(156) Using 8 workers of 8 for evacuation
[2023-04-19T15:25:01.307-0400][gc,phases   ] GC(156)   Pre Evacuate Collection Set: 1.3ms
[2023-04-19T15:25:01.307-0400][gc,phases   ] GC(156)   Merge Heap Roots: 0.2ms
[2023-04-19T15:25:01.307-0400][gc,phases   ] GC(156)   Evacuate Collection Set: 13.8ms
[2023-04-19T15:25:01.307-0400][gc,phases   ] GC(156)   Post Evacuate Collection Set: 0.4ms
[2023-04-19T15:25:01.307-0400][gc,phases   ] GC(156)   Other: 0.3ms
[2023-04-19T15:25:01.307-0400][gc,heap     ] GC(156) Eden regions: 119->0(139)
[2023-04-19T15:25:01.307-0400][gc,heap     ] GC(156) Survivor regions: 7->7(16)
[2023-04-19T15:25:01.307-0400][gc,heap     ] GC(156) Old regions: 165->165
[2023-04-19T15:25:01.307-0400][gc,heap     ] GC(156) Archive regions: 2->2
[2023-04-19T15:25:01.307-0400][gc,heap     ] GC(156) Humongous regions: 129->129
[2023-04-19T15:25:01.307-0400][gc,metaspace] GC(156) Metaspace: 43553K(44288K)->43553K(44288K) NonClass: 38520K(38912K)->38520K(38912K) Class: 5033K(5376K)->5033K(5376K)
[2023-04-19T15:25:01.307-0400][gc          ] GC(156) Pause Young (Normal) (G1 Evacuation Pause) 420M->301M(1024M) 17.117ms
[2023-04-19T15:25:01.307-0400][gc,cpu      ] GC(156) User=0.03s Sys=0.05s Real=0.01s
[2023-04-19T15:26:36.296-0400][gc,start    ] GC(157) Pause Young (Normal) (G1 Evacuation Pause)
[2023-04-19T15:26:36.297-0400][gc,task     ] GC(157) Using 8 workers of 8 for evacuation
[2023-04-19T15:26:36.313-0400][gc,phases   ] GC(157)   Pre Evacuate Collection Set: 0.2ms
[2023-04-19T15:26:36.313-0400][gc,phases   ] GC(157)   Merge Heap Roots: 0.1ms
[2023-04-19T15:26:36.313-0400][gc,phases   ] GC(157)   Evacuate Collection Set: 15.2ms
[2023-04-19T15:26:36.313-0400][gc,phases   ] GC(157)   Post Evacuate Collection Set: 0.6ms
[2023-04-19T15:26:36.313-0400][gc,phases   ] GC(157)   Other: 0.3ms
[2023-04-19T15:26:36.313-0400][gc,heap     ] GC(157) Eden regions: 139->0(90)
[2023-04-19T15:26:36.313-0400][gc,heap     ] GC(157) Survivor regions: 7->8(19)
[2023-04-19T15:26:36.313-0400][gc,heap     ] GC(157) Old regions: 165->165
[2023-04-19T15:26:36.313-0400][gc,heap     ] GC(157) Archive regions: 2->2
[2023-04-19T15:26:36.313-0400][gc,heap     ] GC(157) Humongous regions: 129->129
[2023-04-19T15:26:36.314-0400][gc,metaspace] GC(157) Metaspace: 43553K(44288K)->43553K(44288K) NonClass: 38520K(38912K)->38520K(38912K) Class: 5033K(5376K)->5033K(5376K)
[2023-04-19T15:26:36.314-0400][gc          ] GC(157) Pause Young (Normal) (G1 Evacuation Pause) 440M->302M(1024M) 17.255ms
[2023-04-19T15:26:36.314-0400][gc,cpu      ] GC(157) User=0.03s Sys=0.03s Real=0.02s
[2023-04-19T15:27:37.377-0400][gc,start    ] GC(158) Pause Young (Normal) (G1 Evacuation Pause)
[2023-04-19T15:27:37.378-0400][gc,task     ] GC(158) Using 8 workers of 8 for evacuation
[2023-04-19T15:27:37.384-0400][gc,phases   ] GC(158)   Pre Evacuate Collection Set: 0.1ms
[2023-04-19T15:27:37.384-0400][gc,phases   ] GC(158)   Merge Heap Roots: 0.1ms
[2023-04-19T15:27:37.384-0400][gc,phases   ] GC(158)   Evacuate Collection Set: 5.6ms
[2023-04-19T15:27:37.384-0400][gc,phases   ] GC(158)   Post Evacuate Collection Set: 0.3ms
[2023-04-19T15:27:37.384-0400][gc,phases   ] GC(158)   Other: 0.1ms
[2023-04-19T15:27:37.384-0400][gc,heap     ] GC(158) Eden regions: 90->0(216)
[2023-04-19T15:27:37.384-0400][gc,heap     ] GC(158) Survivor regions: 8->8(13)
[2023-04-19T15:27:37.384-0400][gc,heap     ] GC(158) Old regions: 165->166
[2023-04-19T15:27:37.384-0400][gc,heap     ] GC(158) Archive regions: 2->2
[2023-04-19T15:27:37.384-0400][gc,heap     ] GC(158) Humongous regions: 129->129
[2023-04-19T15:27:37.384-0400][gc,metaspace] GC(158) Metaspace: 43553K(44288K)->43553K(44288K) NonClass: 38520K(38912K)->38520K(38912K) Class: 5033K(5376K)->5033K(5376K)
[2023-04-19T15:27:37.384-0400][gc          ] GC(158) Pause Young (Normal) (G1 Evacuation Pause) 392M->302M(1024M) 7.078ms
[2023-04-19T15:27:37.384-0400][gc,cpu      ] GC(158) User=0.03s Sys=0.01s Real=0.01s
[2023-04-19T15:30:03.112-0400][gc,start    ] GC(159) Pause Young (Normal) (G1 Evacuation Pause)
[2023-04-19T15:30:03.112-0400][gc,task     ] GC(159) Using 8 workers of 8 for evacuation
[2023-04-19T15:30:03.127-0400][gc,phases   ] GC(159)   Pre Evacuate Collection Set: 0.2ms
[2023-04-19T15:30:03.144-0400][gc,phases   ] GC(159)   Merge Heap Roots: 0.1ms
[2023-04-19T15:30:03.145-0400][gc,phases   ] GC(159)   Evacuate Collection Set: 14.1ms
[2023-04-19T15:30:03.145-0400][gc,phases   ] GC(159)   Post Evacuate Collection Set: 0.3ms
[2023-04-19T15:30:03.145-0400][gc,phases   ] GC(159)   Other: 0.1ms
[2023-04-19T15:30:03.145-0400][gc,heap     ] GC(159) Eden regions: 215->0(236)
[2023-04-19T15:30:03.145-0400][gc,heap     ] GC(159) Survivor regions: 8->8(28)
[2023-04-19T15:30:03.145-0400][gc,heap     ] GC(159) Old regions: 166->166
[2023-04-19T15:30:03.145-0400][gc,heap     ] GC(159) Archive regions: 2->2
[2023-04-19T15:30:03.145-0400][gc,heap     ] GC(159) Humongous regions: 129->129
[2023-04-19T15:30:03.145-0400][gc,metaspace] GC(159) Metaspace: 43553K(44288K)->43553K(44288K) NonClass: 38520K(38912K)->38520K(38912K) Class: 5033K(5376K)->5033K(5376K)
[2023-04-19T15:30:03.145-0400][gc          ] GC(159) Pause Young (Normal) (G1 Evacuation Pause) 517M->302M(1024M) 33.398ms
[2023-04-19T15:30:03.145-0400][gc,cpu      ] GC(159) User=0.03s Sys=0.02s Real=0.03s
[2023-04-19T15:32:41.784-0400][gc,start    ] GC(160) Pause Young (Normal) (G1 Evacuation Pause)
[2023-04-19T15:32:41.785-0400][gc,task     ] GC(160) Using 8 workers of 8 for evacuation
[2023-04-19T15:32:41.807-0400][gc,mmu      ] GC(160) MMU target violated: 21.0ms (20.0ms/21.0ms)
[2023-04-19T15:32:41.807-0400][gc,phases   ] GC(160)   Pre Evacuate Collection Set: 0.2ms
[2023-04-19T15:32:41.807-0400][gc,phases   ] GC(160)   Merge Heap Roots: 0.1ms
[2023-04-19T15:32:41.807-0400][gc,phases   ] GC(160)   Evacuate Collection Set: 20.9ms
[2023-04-19T15:32:41.807-0400][gc,phases   ] GC(160)   Post Evacuate Collection Set: 0.4ms
[2023-04-19T15:32:41.807-0400][gc,phases   ] GC(160)   Other: 0.2ms
[2023-04-19T15:32:41.807-0400][gc,heap     ] GC(160) Eden regions: 236->0(138)
[2023-04-19T15:32:41.807-0400][gc,heap     ] GC(160) Survivor regions: 8->8(31)
[2023-04-19T15:32:41.807-0400][gc,heap     ] GC(160) Old regions: 166->166
[2023-04-19T15:32:41.807-0400][gc,heap     ] GC(160) Archive regions: 2->2
[2023-04-19T15:32:41.807-0400][gc,heap     ] GC(160) Humongous regions: 129->129
[2023-04-19T15:32:41.807-0400][gc,metaspace] GC(160) Metaspace: 43553K(44288K)->43553K(44288K) NonClass: 38520K(38912K)->38520K(38912K) Class: 5033K(5376K)->5033K(5376K)
[2023-04-19T15:32:41.807-0400][gc          ] GC(160) Pause Young (Normal) (G1 Evacuation Pause) 538M->303M(1024M) 22.787ms
[2023-04-19T15:32:41.807-0400][gc,cpu      ] GC(160) User=0.04s Sys=0.07s Real=0.02s
[2023-04-19T15:34:15.937-0400][gc,start    ] GC(161) Pause Young (Normal) (G1 Evacuation Pause)
[2023-04-19T15:34:15.938-0400][gc,task     ] GC(161) Using 8 workers of 8 for evacuation
[2023-04-19T15:34:15.944-0400][gc,phases   ] GC(161)   Pre Evacuate Collection Set: 0.1ms
[2023-04-19T15:34:15.944-0400][gc,phases   ] GC(161)   Merge Heap Roots: 0.1ms
[2023-04-19T15:34:15.944-0400][gc,phases   ] GC(161)   Evacuate Collection Set: 5.5ms
[2023-04-19T15:34:15.944-0400][gc,phases   ] GC(161)   Post Evacuate Collection Set: 0.3ms
[2023-04-19T15:34:15.944-0400][gc,phases   ] GC(161)   Other: 0.1ms
[2023-04-19T15:34:15.944-0400][gc,heap     ] GC(161) Eden regions: 138->0(190)
[2023-04-19T15:34:15.944-0400][gc,heap     ] GC(161) Survivor regions: 8->9(19)
[2023-04-19T15:34:15.944-0400][gc,heap     ] GC(161) Old regions: 166->166
[2023-04-19T15:34:15.944-0400][gc,heap     ] GC(161) Archive regions: 2->2
[2023-04-19T15:34:15.944-0400][gc,heap     ] GC(161) Humongous regions: 129->129
[2023-04-19T15:34:15.944-0400][gc,metaspace] GC(161) Metaspace: 43553K(44288K)->43553K(44288K) NonClass: 38520K(38912K)->38520K(38912K) Class: 5033K(5376K)->5033K(5376K)
[2023-04-19T15:34:15.944-0400][gc          ] GC(161) Pause Young (Normal) (G1 Evacuation Pause) 441M->304M(1024M) 6.482ms
[2023-04-19T15:34:15.944-0400][gc,cpu      ] GC(161) User=0.03s Sys=0.01s Real=0.01s
[2023-04-19T15:36:26.228-0400][gc,start    ] GC(162) Pause Young (Normal) (G1 Evacuation Pause)
[2023-04-19T15:36:26.229-0400][gc,task     ] GC(162) Using 8 workers of 8 for evacuation
[2023-04-19T15:36:26.234-0400][gc,phases   ] GC(162)   Pre Evacuate Collection Set: 0.1ms
[2023-04-19T15:36:26.234-0400][gc,phases   ] GC(162)   Merge Heap Roots: 0.1ms
[2023-04-19T15:36:26.235-0400][gc,phases   ] GC(162)   Evacuate Collection Set: 5.0ms
[2023-04-19T15:36:26.235-0400][gc,phases   ] GC(162)   Post Evacuate Collection Set: 0.4ms
[2023-04-19T15:36:26.235-0400][gc,phases   ] GC(162)   Other: 0.1ms
[2023-04-19T15:36:26.235-0400][gc,heap     ] GC(162) Eden regions: 190->0(322)
[2023-04-19T15:36:26.235-0400][gc,heap     ] GC(162) Survivor regions: 9->10(25)
[2023-04-19T15:36:26.235-0400][gc,heap     ] GC(162) Old regions: 166->166
[2023-04-19T15:36:26.235-0400][gc,heap     ] GC(162) Archive regions: 2->2
[2023-04-19T15:36:26.235-0400][gc,heap     ] GC(162) Humongous regions: 129->129
[2023-04-19T15:36:26.235-0400][gc,metaspace] GC(162) Metaspace: 43553K(44288K)->43553K(44288K) NonClass: 38520K(38912K)->38520K(38912K) Class: 5033K(5376K)->5033K(5376K)
[2023-04-19T15:36:26.235-0400][gc          ] GC(162) Pause Young (Normal) (G1 Evacuation Pause) 494M->304M(1024M) 6.723ms
[2023-04-19T15:36:26.235-0400][gc,cpu      ] GC(162) User=0.04s Sys=0.00s Real=0.01s
[2023-04-19T15:40:06.344-0400][gc,start    ] GC(163) Pause Young (Normal) (G1 Evacuation Pause)
[2023-04-19T15:40:06.344-0400][gc,task     ] GC(163) Using 8 workers of 8 for evacuation
[2023-04-19T15:40:06.369-0400][gc,mmu      ] GC(163) MMU target violated: 21.0ms (20.0ms/21.0ms)
[2023-04-19T15:40:06.370-0400][gc,phases   ] GC(163)   Pre Evacuate Collection Set: 0.9ms
[2023-04-19T15:40:06.370-0400][gc,phases   ] GC(163)   Merge Heap Roots: 0.1ms
[2023-04-19T15:40:06.370-0400][gc,phases   ] GC(163)   Evacuate Collection Set: 23.4ms
[2023-04-19T15:40:06.370-0400][gc,phases   ] GC(163)   Post Evacuate Collection Set: 0.5ms
[2023-04-19T15:40:06.370-0400][gc,phases   ] GC(163)   Other: 0.7ms
[2023-04-19T15:40:06.370-0400][gc,heap     ] GC(163) Eden regions: 322->0(41)
[2023-04-19T15:40:06.370-0400][gc,heap     ] GC(163) Survivor regions: 10->10(42)
[2023-04-19T15:40:06.370-0400][gc,heap     ] GC(163) Old regions: 166->166
[2023-04-19T15:40:06.370-0400][gc,heap     ] GC(163) Archive regions: 2->2
[2023-04-19T15:40:06.370-0400][gc,heap     ] GC(163) Humongous regions: 129->129
[2023-04-19T15:40:06.370-0400][gc,metaspace] GC(163) Metaspace: 43553K(44288K)->43553K(44288K) NonClass: 38520K(38912K)->38520K(38912K) Class: 5033K(5376K)->5033K(5376K)
[2023-04-19T15:40:06.370-0400][gc          ] GC(163) Pause Young (Normal) (G1 Evacuation Pause) 626M->305M(1024M) 26.137ms
[2023-04-19T15:40:06.370-0400][gc,cpu      ] GC(163) User=0.03s Sys=0.05s Real=0.03s
[2023-04-19T15:40:32.900-0400][gc,start    ] GC(164) Pause Young (Normal) (G1 Evacuation Pause)
[2023-04-19T15:40:32.901-0400][gc,task     ] GC(164) Using 8 workers of 8 for evacuation
[2023-04-19T15:40:32.947-0400][gc,mmu      ] GC(164) MMU target violated: 21.0ms (20.0ms/21.0ms)
[2023-04-19T15:40:32.947-0400][gc,phases   ] GC(164)   Pre Evacuate Collection Set: 1.1ms
[2023-04-19T15:40:32.947-0400][gc,phases   ] GC(164)   Merge Heap Roots: 0.1ms
[2023-04-19T15:40:32.947-0400][gc,phases   ] GC(164)   Evacuate Collection Set: 44.5ms
[2023-04-19T15:40:32.947-0400][gc,phases   ] GC(164)   Post Evacuate Collection Set: 0.3ms
[2023-04-19T15:40:32.947-0400][gc,phases   ] GC(164)   Other: 0.2ms
[2023-04-19T15:40:32.947-0400][gc,heap     ] GC(164) Eden regions: 41->0(140)
[2023-04-19T15:40:32.947-0400][gc,heap     ] GC(164) Survivor regions: 10->5(7)
[2023-04-19T15:40:32.947-0400][gc,heap     ] GC(164) Old regions: 166->171
[2023-04-19T15:40:32.947-0400][gc,heap     ] GC(164) Archive regions: 2->2
[2023-04-19T15:40:32.947-0400][gc,heap     ] GC(164) Humongous regions: 129->129
[2023-04-19T15:40:32.947-0400][gc,metaspace] GC(164) Metaspace: 43553K(44288K)->43553K(44288K) NonClass: 38520K(38912K)->38520K(38912K) Class: 5033K(5376K)->5033K(5376K)
[2023-04-19T15:40:32.947-0400][gc          ] GC(164) Pause Young (Normal) (G1 Evacuation Pause) 346M->305M(1024M) 47.248ms
[2023-04-19T15:40:32.947-0400][gc,cpu      ] GC(164) User=0.05s Sys=0.06s Real=0.04s
[2023-04-19T15:42:08.057-0400][gc,start    ] GC(165) Pause Young (Normal) (G1 Evacuation Pause)
[2023-04-19T15:42:08.058-0400][gc,task     ] GC(165) Using 8 workers of 8 for evacuation
[2023-04-19T15:42:08.063-0400][gc,phases   ] GC(165)   Pre Evacuate Collection Set: 0.1ms
[2023-04-19T15:42:08.063-0400][gc,phases   ] GC(165)   Merge Heap Roots: 0.1ms
[2023-04-19T15:42:08.063-0400][gc,phases   ] GC(165)   Evacuate Collection Set: 4.2ms
[2023-04-19T15:42:08.063-0400][gc,phases   ] GC(165)   Post Evacuate Collection Set: 0.5ms
[2023-04-19T15:42:08.063-0400][gc,phases   ] GC(165)   Other: 0.1ms
[2023-04-19T15:42:08.063-0400][gc,heap     ] GC(165) Eden regions: 140->0(264)
[2023-04-19T15:42:08.063-0400][gc,heap     ] GC(165) Survivor regions: 5->5(19)
[2023-04-19T15:42:08.063-0400][gc,heap     ] GC(165) Old regions: 171->171
[2023-04-19T15:42:08.063-0400][gc,heap     ] GC(165) Archive regions: 2->2
[2023-04-19T15:42:08.063-0400][gc,heap     ] GC(165) Humongous regions: 129->129
[2023-04-19T15:42:08.063-0400][gc,metaspace] GC(165) Metaspace: 43553K(44288K)->43553K(44288K) NonClass: 38520K(38912K)->38520K(38912K) Class: 5033K(5376K)->5033K(5376K)
[2023-04-19T15:42:08.063-0400][gc          ] GC(165) Pause Young (Normal) (G1 Evacuation Pause) 445M->305M(1024M) 5.718ms
[2023-04-19T15:42:08.063-0400][gc,cpu      ] GC(165) User=0.02s Sys=0.00s Real=0.01s
[2023-04-19T15:45:07.063-0400][gc,start    ] GC(166) Pause Young (Normal) (G1 Evacuation Pause)
[2023-04-19T15:45:07.064-0400][gc,task     ] GC(166) Using 8 workers of 8 for evacuation
[2023-04-19T15:45:07.070-0400][gc,phases   ] GC(166)   Pre Evacuate Collection Set: 0.2ms
[2023-04-19T15:45:07.070-0400][gc,phases   ] GC(166)   Merge Heap Roots: 0.3ms
[2023-04-19T15:45:07.070-0400][gc,phases   ] GC(166)   Evacuate Collection Set: 5.1ms
[2023-04-19T15:45:07.070-0400][gc,phases   ] GC(166)   Post Evacuate Collection Set: 0.3ms
[2023-04-19T15:45:07.070-0400][gc,phases   ] GC(166)   Other: 0.1ms
[2023-04-19T15:45:07.070-0400][gc,heap     ] GC(166) Eden regions: 264->0(330)
[2023-04-19T15:45:07.070-0400][gc,heap     ] GC(166) Survivor regions: 5->6(34)
[2023-04-19T15:45:07.070-0400][gc,heap     ] GC(166) Old regions: 171->171
[2023-04-19T15:45:07.070-0400][gc,heap     ] GC(166) Archive regions: 2->2
[2023-04-19T15:45:07.070-0400][gc,heap     ] GC(166) Humongous regions: 129->129
[2023-04-19T15:45:07.070-0400][gc,metaspace] GC(166) Metaspace: 43553K(44288K)->43553K(44288K) NonClass: 38520K(38912K)->38520K(38912K) Class: 5033K(5376K)->5033K(5376K)
[2023-04-19T15:45:07.070-0400][gc          ] GC(166) Pause Young (Normal) (G1 Evacuation Pause) 569M->306M(1024M) 6.652ms
[2023-04-19T15:45:07.070-0400][gc,cpu      ] GC(166) User=0.02s Sys=0.00s Real=0.01s
[2023-04-19T15:48:50.280-0400][gc,start    ] GC(167) Pause Young (Normal) (G1 Evacuation Pause)
[2023-04-19T15:48:50.280-0400][gc,task     ] GC(167) Using 8 workers of 8 for evacuation
[2023-04-19T15:48:50.290-0400][gc,phases   ] GC(167)   Pre Evacuate Collection Set: 0.2ms
[2023-04-19T15:48:50.290-0400][gc,phases   ] GC(167)   Merge Heap Roots: 0.1ms
[2023-04-19T15:48:50.290-0400][gc,phases   ] GC(167)   Evacuate Collection Set: 8.9ms
[2023-04-19T15:48:50.290-0400][gc,phases   ] GC(167)   Post Evacuate Collection Set: 0.5ms
[2023-04-19T15:48:50.290-0400][gc,phases   ] GC(167)   Other: 0.1ms
[2023-04-19T15:48:50.290-0400][gc,heap     ] GC(167) Eden regions: 330->0(416)
[2023-04-19T15:48:50.290-0400][gc,heap     ] GC(167) Survivor regions: 6->7(42)
[2023-04-19T15:48:50.290-0400][gc,heap     ] GC(167) Old regions: 171->171
[2023-04-19T15:48:50.290-0400][gc,heap     ] GC(167) Archive regions: 2->2
[2023-04-19T15:48:50.290-0400][gc,heap     ] GC(167) Humongous regions: 129->129
[2023-04-19T15:48:50.290-0400][gc,metaspace] GC(167) Metaspace: 43553K(44288K)->43553K(44288K) NonClass: 38520K(38912K)->38520K(38912K) Class: 5033K(5376K)->5033K(5376K)
[2023-04-19T15:48:50.290-0400][gc          ] GC(167) Pause Young (Normal) (G1 Evacuation Pause) 636M->307M(1024M) 10.751ms
[2023-04-19T15:48:50.290-0400][gc,cpu      ] GC(167) User=0.02s Sys=0.01s Real=0.01s
[2023-04-19T15:53:36.226-0400][gc,start    ] GC(168) Pause Young (Normal) (G1 Evacuation Pause)
[2023-04-19T15:53:36.227-0400][gc,task     ] GC(168) Using 8 workers of 8 for evacuation
[2023-04-19T15:53:36.252-0400][gc,mmu      ] GC(168) MMU target violated: 21.0ms (20.0ms/21.0ms)
[2023-04-19T15:53:36.252-0400][gc,phases   ] GC(168)   Pre Evacuate Collection Set: 1.7ms
[2023-04-19T15:53:36.252-0400][gc,phases   ] GC(168)   Merge Heap Roots: 0.1ms
[2023-04-19T15:53:36.252-0400][gc,phases   ] GC(168)   Evacuate Collection Set: 21.9ms
[2023-04-19T15:53:36.252-0400][gc,phases   ] GC(168)   Post Evacuate Collection Set: 1.8ms
[2023-04-19T15:53:36.252-0400][gc,phases   ] GC(168)   Other: 0.2ms
[2023-04-19T15:53:36.252-0400][gc,heap     ] GC(168) Eden regions: 416->0(90)
[2023-04-19T15:53:36.252-0400][gc,heap     ] GC(168) Survivor regions: 7->9(53)
[2023-04-19T15:53:36.252-0400][gc,heap     ] GC(168) Old regions: 171->171
[2023-04-19T15:53:36.252-0400][gc,heap     ] GC(168) Archive regions: 2->2
[2023-04-19T15:53:36.252-0400][gc,heap     ] GC(168) Humongous regions: 129->129
[2023-04-19T15:53:36.252-0400][gc,metaspace] GC(168) Metaspace: 43564K(44288K)->43564K(44288K) NonClass: 38531K(38912K)->38531K(38912K) Class: 5033K(5376K)->5033K(5376K)
[2023-04-19T15:53:36.252-0400][gc          ] GC(168) Pause Young (Normal) (G1 Evacuation Pause) 723M->309M(1024M) 26.610ms
[2023-04-19T15:53:36.253-0400][gc,cpu      ] GC(168) User=0.04s Sys=0.06s Real=0.03s
[2023-04-19T15:54:35.924-0400][gc,start    ] GC(169) Pause Young (Normal) (G1 Evacuation Pause)
[2023-04-19T15:54:35.924-0400][gc,task     ] GC(169) Using 8 workers of 8 for evacuation
[2023-04-19T15:54:35.945-0400][gc,mmu      ] GC(169) MMU target violated: 21.0ms (20.0ms/21.0ms)
[2023-04-19T15:54:35.945-0400][gc,phases   ] GC(169)   Pre Evacuate Collection Set: 0.3ms
[2023-04-19T15:54:35.945-0400][gc,phases   ] GC(169)   Merge Heap Roots: 0.1ms
[2023-04-19T15:54:35.945-0400][gc,phases   ] GC(169)   Evacuate Collection Set: 20.0ms
[2023-04-19T15:54:35.946-0400][gc,phases   ] GC(169)   Post Evacuate Collection Set: 0.4ms
[2023-04-19T15:54:35.946-0400][gc,phases   ] GC(169)   Other: 0.2ms
[2023-04-19T15:54:35.946-0400][gc,heap     ] GC(169) Eden regions: 90->0(108)
[2023-04-19T15:54:35.946-0400][gc,heap     ] GC(169) Survivor regions: 9->8(13)
[2023-04-19T15:54:35.946-0400][gc,heap     ] GC(169) Old regions: 171->173
[2023-04-19T15:54:35.946-0400][gc,heap     ] GC(169) Archive regions: 2->2
[2023-04-19T15:54:35.946-0400][gc,heap     ] GC(169) Humongous regions: 129->129
[2023-04-19T15:54:35.946-0400][gc,metaspace] GC(169) Metaspace: 43564K(44288K)->43564K(44288K) NonClass: 38531K(38912K)->38531K(38912K) Class: 5033K(5376K)->5033K(5376K)
[2023-04-19T15:54:35.946-0400][gc          ] GC(169) Pause Young (Normal) (G1 Evacuation Pause) 399M->310M(1024M) 21.816ms
[2023-04-19T15:54:35.946-0400][gc,cpu      ] GC(169) User=0.05s Sys=0.03s Real=0.02s
[2023-04-19T15:55:48.698-0400][gc,start    ] GC(170) Pause Young (Normal) (G1 Evacuation Pause)
[2023-04-19T15:55:48.699-0400][gc,task     ] GC(170) Using 8 workers of 8 for evacuation
[2023-04-19T15:55:48.708-0400][gc,phases   ] GC(170)   Pre Evacuate Collection Set: 0.1ms
[2023-04-19T15:55:48.708-0400][gc,phases   ] GC(170)   Merge Heap Roots: 0.1ms
[2023-04-19T15:55:48.708-0400][gc,phases   ] GC(170)   Evacuate Collection Set: 9.3ms
[2023-04-19T15:55:48.708-0400][gc,phases   ] GC(170)   Post Evacuate Collection Set: 0.3ms
[2023-04-19T15:55:48.708-0400][gc,phases   ] GC(170)   Other: 0.1ms
[2023-04-19T15:55:48.708-0400][gc,heap     ] GC(170) Eden regions: 108->0(217)
[2023-04-19T15:55:48.708-0400][gc,heap     ] GC(170) Survivor regions: 8->8(15)
[2023-04-19T15:55:48.709-0400][gc,heap     ] GC(170) Old regions: 173->173
[2023-04-19T15:55:48.709-0400][gc,heap     ] GC(170) Archive regions: 2->2
[2023-04-19T15:55:48.709-0400][gc,heap     ] GC(170) Humongous regions: 129->129
[2023-04-19T15:55:48.709-0400][gc,metaspace] GC(170) Metaspace: 43564K(44288K)->43564K(44288K) NonClass: 38531K(38912K)->38531K(38912K) Class: 5033K(5376K)->5033K(5376K)
[2023-04-19T15:55:48.709-0400][gc          ] GC(170) Pause Young (Normal) (G1 Evacuation Pause) 418M->310M(1024M) 10.652ms
[2023-04-19T15:55:48.709-0400][gc,cpu      ] GC(170) User=0.02s Sys=0.03s Real=0.01s
[2023-04-19T15:58:15.230-0400][gc,start    ] GC(171) Pause Young (Normal) (G1 Evacuation Pause)
[2023-04-19T15:58:15.230-0400][gc,task     ] GC(171) Using 8 workers of 8 for evacuation
[2023-04-19T15:58:15.236-0400][gc,phases   ] GC(171)   Pre Evacuate Collection Set: 0.1ms
[2023-04-19T15:58:15.236-0400][gc,phases   ] GC(171)   Merge Heap Roots: 0.5ms
[2023-04-19T15:58:15.236-0400][gc,phases   ] GC(171)   Evacuate Collection Set: 4.3ms
[2023-04-19T15:58:15.236-0400][gc,phases   ] GC(171)   Post Evacuate Collection Set: 0.3ms
[2023-04-19T15:58:15.236-0400][gc,phases   ] GC(171)   Other: 0.1ms
[2023-04-19T15:58:15.236-0400][gc,heap     ] GC(171) Eden regions: 217->0(311)
[2023-04-19T15:58:15.236-0400][gc,heap     ] GC(171) Survivor regions: 8->9(29)
[2023-04-19T15:58:15.236-0400][gc,heap     ] GC(171) Old regions: 173->173
[2023-04-19T15:58:15.236-0400][gc,heap     ] GC(171) Archive regions: 2->2
[2023-04-19T15:58:15.236-0400][gc,heap     ] GC(171) Humongous regions: 129->129
[2023-04-19T15:58:15.236-0400][gc,metaspace] GC(171) Metaspace: 43564K(44288K)->43564K(44288K) NonClass: 38531K(38912K)->38531K(38912K) Class: 5033K(5376K)->5033K(5376K)
[2023-04-19T15:58:15.236-0400][gc          ] GC(171) Pause Young (Normal) (G1 Evacuation Pause) 527M->311M(1024M) 6.208ms
[2023-04-19T15:58:15.236-0400][gc,cpu      ] GC(171) User=0.03s Sys=0.00s Real=0.00s
[2023-04-19T16:01:45.519-0400][gc,start    ] GC(172) Pause Young (Normal) (G1 Evacuation Pause)
[2023-04-19T16:01:45.520-0400][gc,task     ] GC(172) Using 8 workers of 8 for evacuation
[2023-04-19T16:01:45.548-0400][gc,mmu      ] GC(172) MMU target violated: 21.0ms (20.0ms/21.0ms)
[2023-04-19T16:01:45.548-0400][gc,phases   ] GC(172)   Pre Evacuate Collection Set: 0.1ms
[2023-04-19T16:01:45.549-0400][gc,phases   ] GC(172)   Merge Heap Roots: 0.1ms
[2023-04-19T16:01:45.549-0400][gc,phases   ] GC(172)   Evacuate Collection Set: 27.6ms
[2023-04-19T16:01:45.549-0400][gc,phases   ] GC(172)   Post Evacuate Collection Set: 0.8ms
[2023-04-19T16:01:45.549-0400][gc,phases   ] GC(172)   Other: 0.2ms
[2023-04-19T16:01:45.549-0400][gc,heap     ] GC(172) Eden regions: 311->0(39)
[2023-04-19T16:01:45.549-0400][gc,heap     ] GC(172) Survivor regions: 9->12(40)
[2023-04-19T16:01:45.549-0400][gc,heap     ] GC(172) Old regions: 173->173
[2023-04-19T16:01:45.549-0400][gc,heap     ] GC(172) Archive regions: 2->2
[2023-04-19T16:01:45.549-0400][gc,heap     ] GC(172) Humongous regions: 129->129
[2023-04-19T16:01:45.549-0400][gc,metaspace] GC(172) Metaspace: 43565K(44288K)->43565K(44288K) NonClass: 38532K(38912K)->38532K(38912K) Class: 5033K(5376K)->5033K(5376K)
[2023-04-19T16:01:45.549-0400][gc          ] GC(172) Pause Young (Normal) (G1 Evacuation Pause) 622M->314M(1024M) 29.823ms
[2023-04-19T16:01:45.549-0400][gc,cpu      ] GC(172) User=0.04s Sys=0.06s Real=0.03s
[2023-04-19T16:02:10.753-0400][gc,start    ] GC(173) Pause Young (Normal) (G1 Evacuation Pause)
[2023-04-19T16:02:10.753-0400][gc,task     ] GC(173) Using 8 workers of 8 for evacuation
[2023-04-19T16:02:10.791-0400][gc,mmu      ] GC(173) MMU target violated: 21.0ms (20.0ms/21.0ms)
[2023-04-19T16:02:10.791-0400][gc,phases   ] GC(173)   Pre Evacuate Collection Set: 0.1ms
[2023-04-19T16:02:10.791-0400][gc,phases   ] GC(173)   Merge Heap Roots: 0.1ms
[2023-04-19T16:02:10.791-0400][gc,phases   ] GC(173)   Evacuate Collection Set: 36.7ms
[2023-04-19T16:02:10.791-0400][gc,phases   ] GC(173)   Post Evacuate Collection Set: 0.3ms
[2023-04-19T16:02:10.791-0400][gc,phases   ] GC(173)   Other: 0.2ms
[2023-04-19T16:02:10.791-0400][gc,heap     ] GC(173) Eden regions: 39->0(350)
[2023-04-19T16:02:10.791-0400][gc,heap     ] GC(173) Survivor regions: 12->4(7)
[2023-04-19T16:02:10.791-0400][gc,heap     ] GC(173) Old regions: 173->181
[2023-04-19T16:02:10.791-0400][gc,heap     ] GC(173) Archive regions: 2->2
[2023-04-19T16:02:10.791-0400][gc,heap     ] GC(173) Humongous regions: 129->129
[2023-04-19T16:02:10.791-0400][gc,metaspace] GC(173) Metaspace: 43565K(44288K)->43565K(44288K) NonClass: 38532K(38912K)->38532K(38912K) Class: 5033K(5376K)->5033K(5376K)
[2023-04-19T16:02:10.791-0400][gc          ] GC(173) Pause Young (Normal) (G1 Evacuation Pause) 353M->314M(1024M) 37.765ms
[2023-04-19T16:02:10.791-0400][gc,cpu      ] GC(173) User=0.04s Sys=0.07s Real=0.04s
[2023-04-19T16:06:10.274-0400][gc,start    ] GC(174) Pause Young (Normal) (G1 Evacuation Pause)
[2023-04-19T16:06:10.275-0400][gc,task     ] GC(174) Using 8 workers of 8 for evacuation
[2023-04-19T16:06:10.294-0400][gc,phases   ] GC(174)   Pre Evacuate Collection Set: 0.5ms
[2023-04-19T16:06:10.294-0400][gc,phases   ] GC(174)   Merge Heap Roots: 0.1ms
[2023-04-19T16:06:10.294-0400][gc,phases   ] GC(174)   Evacuate Collection Set: 16.7ms
[2023-04-19T16:06:10.294-0400][gc,phases   ] GC(174)   Post Evacuate Collection Set: 1.3ms
[2023-04-19T16:06:10.294-0400][gc,phases   ] GC(174)   Other: 0.2ms
[2023-04-19T16:06:10.294-0400][gc,heap     ] GC(174) Eden regions: 350->0(42)
[2023-04-19T16:06:10.294-0400][gc,heap     ] GC(174) Survivor regions: 4->9(45)
[2023-04-19T16:06:10.294-0400][gc,heap     ] GC(174) Old regions: 181->181
[2023-04-19T16:06:10.294-0400][gc,heap     ] GC(174) Archive regions: 2->2
[2023-04-19T16:06:10.295-0400][gc,heap     ] GC(174) Humongous regions: 129->129
[2023-04-19T16:06:10.295-0400][gc,metaspace] GC(174) Metaspace: 43565K(44288K)->43565K(44288K) NonClass: 38532K(38912K)->38532K(38912K) Class: 5033K(5376K)->5033K(5376K)
[2023-04-19T16:06:10.295-0400][gc          ] GC(174) Pause Young (Normal) (G1 Evacuation Pause) 664M->319M(1024M) 20.106ms
[2023-04-19T16:06:10.295-0400][gc,cpu      ] GC(174) User=0.04s Sys=0.05s Real=0.02s
[2023-04-19T16:06:37.220-0400][gc,start    ] GC(175) Pause Young (Normal) (G1 Evacuation Pause)
[2023-04-19T16:06:37.221-0400][gc,task     ] GC(175) Using 8 workers of 8 for evacuation
[2023-04-19T16:06:37.244-0400][gc,mmu      ] GC(175) MMU target violated: 21.0ms (20.0ms/21.0ms)
[2023-04-19T16:06:37.244-0400][gc,phases   ] GC(175)   Pre Evacuate Collection Set: 0.1ms
[2023-04-19T16:06:37.244-0400][gc,phases   ] GC(175)   Merge Heap Roots: 0.1ms
[2023-04-19T16:06:37.244-0400][gc,phases   ] GC(175)   Evacuate Collection Set: 22.4ms
[2023-04-19T16:06:37.244-0400][gc,phases   ] GC(175)   Post Evacuate Collection Set: 0.4ms
[2023-04-19T16:06:37.244-0400][gc,phases   ] GC(175)   Other: 0.2ms
[2023-04-19T16:06:37.244-0400][gc,heap     ] GC(175) Eden regions: 42->0(356)
[2023-04-19T16:06:37.244-0400][gc,heap     ] GC(175) Survivor regions: 9->2(7)
[2023-04-19T16:06:37.244-0400][gc,heap     ] GC(175) Old regions: 181->189
[2023-04-19T16:06:37.244-0400][gc,heap     ] GC(175) Archive regions: 2->2
[2023-04-19T16:06:37.244-0400][gc,heap     ] GC(175) Humongous regions: 129->129
[2023-04-19T16:06:37.244-0400][gc,metaspace] GC(175) Metaspace: 43565K(44288K)->43565K(44288K) NonClass: 38532K(38912K)->38532K(38912K) Class: 5033K(5376K)->5033K(5376K)
[2023-04-19T16:06:37.244-0400][gc          ] GC(175) Pause Young (Normal) (G1 Evacuation Pause) 361M->320M(1024M) 23.955ms
[2023-04-19T16:06:37.244-0400][gc,cpu      ] GC(175) User=0.03s Sys=0.05s Real=0.02s
[2023-04-19T16:10:28.814-0400][gc,start    ] GC(176) Pause Young (Normal) (G1 Evacuation Pause)
[2023-04-19T16:10:28.815-0400][gc,task     ] GC(176) Using 8 workers of 8 for evacuation
[2023-04-19T16:10:28.822-0400][gc,phases   ] GC(176)   Pre Evacuate Collection Set: 0.1ms
[2023-04-19T16:10:28.822-0400][gc,phases   ] GC(176)   Merge Heap Roots: 0.1ms
[2023-04-19T16:10:28.822-0400][gc,phases   ] GC(176)   Evacuate Collection Set: 6.8ms
[2023-04-19T16:10:28.822-0400][gc,phases   ] GC(176)   Post Evacuate Collection Set: 0.4ms
[2023-04-19T16:10:28.822-0400][gc,phases   ] GC(176)   Other: 0.1ms
[2023-04-19T16:10:28.822-0400][gc,heap     ] GC(176) Eden regions: 356->0(161)
[2023-04-19T16:10:28.822-0400][gc,heap     ] GC(176) Survivor regions: 2->7(45)
[2023-04-19T16:10:28.822-0400][gc,heap     ] GC(176) Old regions: 189->189
[2023-04-19T16:10:28.822-0400][gc,heap     ] GC(176) Archive regions: 2->2
[2023-04-19T16:10:28.822-0400][gc,heap     ] GC(176) Humongous regions: 129->129
[2023-04-19T16:10:28.822-0400][gc,metaspace] GC(176) Metaspace: 43565K(44288K)->43565K(44288K) NonClass: 38532K(38912K)->38532K(38912K) Class: 5033K(5376K)->5033K(5376K)
[2023-04-19T16:10:28.822-0400][gc          ] GC(176) Pause Young (Normal) (G1 Evacuation Pause) 676M->325M(1024M) 7.912ms
[2023-04-19T16:10:28.822-0400][gc,cpu      ] GC(176) User=0.03s Sys=0.02s Real=0.01s
[2023-04-19T16:12:14.503-0400][gc,start    ] GC(177) Pause Young (Normal) (G1 Evacuation Pause)
[2023-04-19T16:12:14.503-0400][gc,task     ] GC(177) Using 8 workers of 8 for evacuation
[2023-04-19T16:12:14.531-0400][gc,mmu      ] GC(177) MMU target violated: 21.0ms (20.0ms/21.0ms)
[2023-04-19T16:12:14.531-0400][gc,phases   ] GC(177)   Pre Evacuate Collection Set: 0.3ms
[2023-04-19T16:12:14.531-0400][gc,phases   ] GC(177)   Merge Heap Roots: 0.2ms
[2023-04-19T16:12:14.531-0400][gc,phases   ] GC(177)   Evacuate Collection Set: 23.7ms
[2023-04-19T16:12:14.531-0400][gc,phases   ] GC(177)   Post Evacuate Collection Set: 3.0ms
[2023-04-19T16:12:14.531-0400][gc,phases   ] GC(177)   Other: 0.3ms
[2023-04-19T16:12:14.531-0400][gc,heap     ] GC(177) Eden regions: 161->0(74)
[2023-04-19T16:12:14.531-0400][gc,heap     ] GC(177) Survivor regions: 7->9(21)
[2023-04-19T16:12:14.531-0400][gc,heap     ] GC(177) Old regions: 189->189
[2023-04-19T16:12:14.531-0400][gc,heap     ] GC(177) Archive regions: 2->2
[2023-04-19T16:12:14.531-0400][gc,heap     ] GC(177) Humongous regions: 129->129
[2023-04-19T16:12:14.531-0400][gc,metaspace] GC(177) Metaspace: 43565K(44288K)->43565K(44288K) NonClass: 38532K(38912K)->38532K(38912K) Class: 5033K(5376K)->5033K(5376K)
[2023-04-19T16:12:14.531-0400][gc          ] GC(177) Pause Young (Normal) (G1 Evacuation Pause) 486M->327M(1024M) 28.342ms
[2023-04-19T16:12:14.531-0400][gc,cpu      ] GC(177) User=0.04s Sys=0.00s Real=0.03s
[2023-04-19T16:13:05.246-0400][gc,start    ] GC(178) Pause Young (Normal) (G1 Evacuation Pause)
[2023-04-19T16:13:05.246-0400][gc,task     ] GC(178) Using 8 workers of 8 for evacuation
[2023-04-19T16:13:05.270-0400][gc,mmu      ] GC(178) MMU target violated: 21.0ms (20.0ms/21.0ms)
[2023-04-19T16:13:05.270-0400][gc,phases   ] GC(178)   Pre Evacuate Collection Set: 0.1ms
[2023-04-19T16:13:05.270-0400][gc,phases   ] GC(178)   Merge Heap Roots: 0.1ms
[2023-04-19T16:13:05.270-0400][gc,phases   ] GC(178)   Evacuate Collection Set: 23.0ms
[2023-04-19T16:13:05.270-0400][gc,phases   ] GC(178)   Post Evacuate Collection Set: 0.4ms
[2023-04-19T16:13:05.270-0400][gc,phases   ] GC(178)   Other: 0.2ms
[2023-04-19T16:13:05.270-0400][gc,heap     ] GC(178) Eden regions: 74->0(235)
[2023-04-19T16:13:05.270-0400][gc,heap     ] GC(178) Survivor regions: 9->5(11)
[2023-04-19T16:13:05.270-0400][gc,heap     ] GC(178) Old regions: 189->195
[2023-04-19T16:13:05.270-0400][gc,heap     ] GC(178) Archive regions: 2->2
[2023-04-19T16:13:05.270-0400][gc,heap     ] GC(178) Humongous regions: 129->129
[2023-04-19T16:13:05.270-0400][gc,metaspace] GC(178) Metaspace: 43565K(44288K)->43565K(44288K) NonClass: 38532K(38912K)->38532K(38912K) Class: 5033K(5376K)->5033K(5376K)
[2023-04-19T16:13:05.270-0400][gc          ] GC(178) Pause Young (Normal) (G1 Evacuation Pause) 401M->329M(1024M) 24.782ms
[2023-04-19T16:13:05.271-0400][gc,cpu      ] GC(178) User=0.03s Sys=0.03s Real=0.03s
[2023-04-19T16:15:45.756-0400][gc,start    ] GC(179) Pause Young (Normal) (G1 Evacuation Pause)
[2023-04-19T16:15:45.757-0400][gc,task     ] GC(179) Using 8 workers of 8 for evacuation
[2023-04-19T16:15:45.783-0400][gc,mmu      ] GC(179) MMU target violated: 21.0ms (20.0ms/21.0ms)
[2023-04-19T16:15:45.783-0400][gc,phases   ] GC(179)   Pre Evacuate Collection Set: 1.3ms
[2023-04-19T16:15:45.783-0400][gc,phases   ] GC(179)   Merge Heap Roots: 0.2ms
[2023-04-19T16:15:45.783-0400][gc,phases   ] GC(179)   Evacuate Collection Set: 24.1ms
[2023-04-19T16:15:45.783-0400][gc,phases   ] GC(179)   Post Evacuate Collection Set: 0.5ms
[2023-04-19T16:15:45.783-0400][gc,phases   ] GC(179)   Other: 0.4ms
[2023-04-19T16:15:45.783-0400][gc,heap     ] GC(179) Eden regions: 235->0(41)
[2023-04-19T16:15:45.783-0400][gc,heap     ] GC(179) Survivor regions: 5->10(30)
[2023-04-19T16:15:45.783-0400][gc,heap     ] GC(179) Old regions: 195->195
[2023-04-19T16:15:45.783-0400][gc,heap     ] GC(179) Archive regions: 2->2
[2023-04-19T16:15:45.783-0400][gc,heap     ] GC(179) Humongous regions: 129->129
[2023-04-19T16:15:45.783-0400][gc,metaspace] GC(179) Metaspace: 43566K(44288K)->43566K(44288K) NonClass: 38533K(38912K)->38533K(38912K) Class: 5033K(5376K)->5033K(5376K)
[2023-04-19T16:15:45.783-0400][gc          ] GC(179) Pause Young (Normal) (G1 Evacuation Pause) 564M->334M(1024M) 27.096ms
[2023-04-19T16:15:45.783-0400][gc,cpu      ] GC(179) User=0.05s Sys=0.09s Real=0.03s
[2023-04-19T16:16:12.443-0400][gc,start    ] GC(180) Pause Young (Normal) (G1 Evacuation Pause)
[2023-04-19T16:16:12.444-0400][gc,task     ] GC(180) Using 8 workers of 8 for evacuation
[2023-04-19T16:16:12.499-0400][gc,mmu      ] GC(180) MMU target violated: 21.0ms (20.0ms/21.0ms)
[2023-04-19T16:16:12.499-0400][gc,phases   ] GC(180)   Pre Evacuate Collection Set: 0.8ms
[2023-04-19T16:16:12.499-0400][gc,phases   ] GC(180)   Merge Heap Roots: 0.1ms
[2023-04-19T16:16:12.499-0400][gc,phases   ] GC(180)   Evacuate Collection Set: 53.1ms
[2023-04-19T16:16:12.499-0400][gc,phases   ] GC(180)   Post Evacuate Collection Set: 0.4ms
[2023-04-19T16:16:12.499-0400][gc,phases   ] GC(180)   Other: 0.2ms
[2023-04-19T16:16:12.499-0400][gc,heap     ] GC(180) Eden regions: 41->0(174)
[2023-04-19T16:16:12.499-0400][gc,heap     ] GC(180) Survivor regions: 10->2(7)
[2023-04-19T16:16:12.499-0400][gc,heap     ] GC(180) Old regions: 195->205
[2023-04-19T16:16:12.499-0400][gc,heap     ] GC(180) Archive regions: 2->2
[2023-04-19T16:16:12.499-0400][gc,heap     ] GC(180) Humongous regions: 129->129
[2023-04-19T16:16:12.499-0400][gc,metaspace] GC(180) Metaspace: 43566K(44288K)->43566K(44288K) NonClass: 38533K(38912K)->38533K(38912K) Class: 5033K(5376K)->5033K(5376K)
[2023-04-19T16:16:12.499-0400][gc          ] GC(180) Pause Young (Normal) (G1 Evacuation Pause) 375M->336M(1024M) 55.527ms
[2023-04-19T16:16:12.499-0400][gc,cpu      ] GC(180) User=0.04s Sys=0.03s Real=0.05s
[2023-04-19T16:18:09.642-0400][gc,start    ] GC(181) Pause Young (Normal) (G1 Evacuation Pause)
[2023-04-19T16:18:09.643-0400][gc,task     ] GC(181) Using 8 workers of 8 for evacuation
[2023-04-19T16:18:09.645-0400][gc,phases   ] GC(181)   Pre Evacuate Collection Set: 0.1ms
[2023-04-19T16:18:09.645-0400][gc,phases   ] GC(181)   Merge Heap Roots: 0.1ms
[2023-04-19T16:18:09.645-0400][gc,phases   ] GC(181)   Evacuate Collection Set: 1.8ms
[2023-04-19T16:18:09.645-0400][gc,phases   ] GC(181)   Post Evacuate Collection Set: 0.3ms
[2023-04-19T16:18:09.645-0400][gc,phases   ] GC(181)   Other: 0.1ms
[2023-04-19T16:18:09.645-0400][gc,heap     ] GC(181) Eden regions: 174->0(185)
[2023-04-19T16:18:09.645-0400][gc,heap     ] GC(181) Survivor regions: 2->3(22)
[2023-04-19T16:18:09.645-0400][gc,heap     ] GC(181) Old regions: 205->205
[2023-04-19T16:18:09.645-0400][gc,heap     ] GC(181) Archive regions: 2->2
[2023-04-19T16:18:09.645-0400][gc,heap     ] GC(181) Humongous regions: 129->129
[2023-04-19T16:18:09.645-0400][gc,metaspace] GC(181) Metaspace: 43566K(44288K)->43566K(44288K) NonClass: 38533K(38912K)->38533K(38912K) Class: 5033K(5376K)->5033K(5376K)
[2023-04-19T16:18:09.645-0400][gc          ] GC(181) Pause Young (Normal) (G1 Evacuation Pause) 510M->337M(1024M) 3.039ms
[2023-04-19T16:18:09.646-0400][gc,cpu      ] GC(181) User=0.01s Sys=0.00s Real=0.00s
[2023-04-19T16:20:15.388-0400][gc,start    ] GC(182) Pause Young (Normal) (G1 Evacuation Pause)
[2023-04-19T16:20:15.389-0400][gc,task     ] GC(182) Using 8 workers of 8 for evacuation
[2023-04-19T16:20:15.392-0400][gc,phases   ] GC(182)   Pre Evacuate Collection Set: 0.1ms
[2023-04-19T16:20:15.392-0400][gc,phases   ] GC(182)   Merge Heap Roots: 0.1ms
[2023-04-19T16:20:15.392-0400][gc,phases   ] GC(182)   Evacuate Collection Set: 2.4ms
[2023-04-19T16:20:15.392-0400][gc,phases   ] GC(182)   Post Evacuate Collection Set: 0.3ms
[2023-04-19T16:20:15.392-0400][gc,phases   ] GC(182)   Other: 0.1ms
[2023-04-19T16:20:15.392-0400][gc,heap     ] GC(182) Eden regions: 185->0(313)
[2023-04-19T16:20:15.392-0400][gc,heap     ] GC(182) Survivor regions: 3->3(24)
[2023-04-19T16:20:15.392-0400][gc,heap     ] GC(182) Old regions: 205->205
[2023-04-19T16:20:15.392-0400][gc,heap     ] GC(182) Archive regions: 2->2
[2023-04-19T16:20:15.392-0400][gc,heap     ] GC(182) Humongous regions: 129->129
[2023-04-19T16:20:15.392-0400][gc,metaspace] GC(182) Metaspace: 43566K(44288K)->43566K(44288K) NonClass: 38533K(38912K)->38533K(38912K) Class: 5033K(5376K)->5033K(5376K)
[2023-04-19T16:20:15.392-0400][gc          ] GC(182) Pause Young (Normal) (G1 Evacuation Pause) 522M->337M(1024M) 3.921ms
[2023-04-19T16:20:15.392-0400][gc,cpu      ] GC(182) User=0.02s Sys=0.00s Real=0.01s
[2023-04-19T16:23:48.243-0400][gc,start    ] GC(183) Pause Young (Normal) (G1 Evacuation Pause)
[2023-04-19T16:23:48.243-0400][gc,task     ] GC(183) Using 8 workers of 8 for evacuation
[2023-04-19T16:23:48.252-0400][gc,phases   ] GC(183)   Pre Evacuate Collection Set: 0.2ms
[2023-04-19T16:23:48.252-0400][gc,phases   ] GC(183)   Merge Heap Roots: 0.1ms
[2023-04-19T16:23:48.252-0400][gc,phases   ] GC(183)   Evacuate Collection Set: 8.0ms
[2023-04-19T16:23:48.252-0400][gc,phases   ] GC(183)   Post Evacuate Collection Set: 0.6ms
[2023-04-19T16:23:48.253-0400][gc,phases   ] GC(183)   Other: 0.1ms
[2023-04-19T16:23:48.253-0400][gc,heap     ] GC(183) Eden regions: 313->0(282)
[2023-04-19T16:23:48.253-0400][gc,heap     ] GC(183) Survivor regions: 3->5(40)
[2023-04-19T16:23:48.253-0400][gc,heap     ] GC(183) Old regions: 205->205
[2023-04-19T16:23:48.253-0400][gc,heap     ] GC(183) Archive regions: 2->2
[2023-04-19T16:23:48.253-0400][gc,heap     ] GC(183) Humongous regions: 129->129
[2023-04-19T16:23:48.253-0400][gc,metaspace] GC(183) Metaspace: 43567K(44288K)->43567K(44288K) NonClass: 38533K(38912K)->38533K(38912K) Class: 5033K(5376K)->5033K(5376K)
[2023-04-19T16:23:48.253-0400][gc          ] GC(183) Pause Young (Normal) (G1 Evacuation Pause) 650M->338M(1024M) 9.855ms
[2023-04-19T16:23:48.253-0400][gc,cpu      ] GC(183) User=0.03s Sys=0.02s Real=0.01s
[2023-04-19T16:26:59.398-0400][gc,start    ] GC(184) Pause Young (Normal) (G1 Evacuation Pause)
[2023-04-19T16:26:59.399-0400][gc,task     ] GC(184) Using 8 workers of 8 for evacuation
[2023-04-19T16:26:59.403-0400][gc,phases   ] GC(184)   Pre Evacuate Collection Set: 0.1ms
[2023-04-19T16:26:59.403-0400][gc,phases   ] GC(184)   Merge Heap Roots: 0.1ms
[2023-04-19T16:26:59.403-0400][gc,phases   ] GC(184)   Evacuate Collection Set: 4.0ms
[2023-04-19T16:26:59.404-0400][gc,phases   ] GC(184)   Post Evacuate Collection Set: 0.4ms
[2023-04-19T16:26:59.404-0400][gc,phases   ] GC(184)   Other: 0.1ms
[2023-04-19T16:26:59.404-0400][gc,heap     ] GC(184) Eden regions: 282->0(386)
[2023-04-19T16:26:59.404-0400][gc,heap     ] GC(184) Survivor regions: 5->6(36)
[2023-04-19T16:26:59.404-0400][gc,heap     ] GC(184) Old regions: 205->205
[2023-04-19T16:26:59.404-0400][gc,heap     ] GC(184) Archive regions: 2->2
[2023-04-19T16:26:59.404-0400][gc,heap     ] GC(184) Humongous regions: 129->129
[2023-04-19T16:26:59.404-0400][gc,metaspace] GC(184) Metaspace: 43567K(44288K)->43567K(44288K) NonClass: 38533K(38912K)->38533K(38912K) Class: 5033K(5376K)->5033K(5376K)
[2023-04-19T16:26:59.404-0400][gc          ] GC(184) Pause Young (Normal) (G1 Evacuation Pause) 620M->339M(1024M) 5.662ms
[2023-04-19T16:26:59.404-0400][gc,cpu      ] GC(184) User=0.02s Sys=0.00s Real=0.01s
[2023-04-19T16:31:22.873-0400][gc,start    ] GC(185) Pause Young (Normal) (G1 Evacuation Pause)
[2023-04-19T16:31:22.874-0400][gc,task     ] GC(185) Using 8 workers of 8 for evacuation
[2023-04-19T16:31:22.889-0400][gc,phases   ] GC(185)   Pre Evacuate Collection Set: 0.4ms
[2023-04-19T16:31:22.889-0400][gc,phases   ] GC(185)   Merge Heap Roots: 0.1ms
[2023-04-19T16:31:22.889-0400][gc,phases   ] GC(185)   Evacuate Collection Set: 13.3ms
[2023-04-19T16:31:22.889-0400][gc,phases   ] GC(185)   Post Evacuate Collection Set: 0.5ms
[2023-04-19T16:31:22.889-0400][gc,phases   ] GC(185)   Other: 0.1ms
[2023-04-19T16:31:22.889-0400][gc,heap     ] GC(185) Eden regions: 386->0(359)
[2023-04-19T16:31:22.889-0400][gc,heap     ] GC(185) Survivor regions: 6->6(49)
[2023-04-19T16:31:22.889-0400][gc,heap     ] GC(185) Old regions: 205->205
[2023-04-19T16:31:22.889-0400][gc,heap     ] GC(185) Archive regions: 2->2
[2023-04-19T16:31:22.889-0400][gc,heap     ] GC(185) Humongous regions: 129->129
[2023-04-19T16:31:22.889-0400][gc,metaspace] GC(185) Metaspace: 43572K(44288K)->43572K(44288K) NonClass: 38539K(38912K)->38539K(38912K) Class: 5033K(5376K)->5033K(5376K)
[2023-04-19T16:31:22.889-0400][gc          ] GC(185) Pause Young (Normal) (G1 Evacuation Pause) 725M->339M(1024M) 15.488ms
[2023-04-19T16:31:22.889-0400][gc,cpu      ] GC(185) User=0.03s Sys=0.05s Real=0.01s
[2023-04-19T16:35:27.187-0400][gc,start    ] GC(186) Pause Young (Normal) (G1 Evacuation Pause)
[2023-04-19T16:35:27.187-0400][gc,task     ] GC(186) Using 8 workers of 8 for evacuation
[2023-04-19T16:35:27.197-0400][gc,phases   ] GC(186)   Pre Evacuate Collection Set: 0.7ms
[2023-04-19T16:35:27.198-0400][gc,phases   ] GC(186)   Merge Heap Roots: 0.2ms
[2023-04-19T16:35:27.198-0400][gc,phases   ] GC(186)   Evacuate Collection Set: 8.6ms
[2023-04-19T16:35:27.198-0400][gc,phases   ] GC(186)   Post Evacuate Collection Set: 0.6ms
[2023-04-19T16:35:27.198-0400][gc,phases   ] GC(186)   Other: 0.3ms
[2023-04-19T16:35:27.198-0400][gc,heap     ] GC(186) Eden regions: 359->0(447)
[2023-04-19T16:35:27.198-0400][gc,heap     ] GC(186) Survivor regions: 6->7(46)
[2023-04-19T16:35:27.198-0400][gc,heap     ] GC(186) Old regions: 205->205
[2023-04-19T16:35:27.198-0400][gc,heap     ] GC(186) Archive regions: 2->2
[2023-04-19T16:35:27.198-0400][gc,heap     ] GC(186) Humongous regions: 129->129
[2023-04-19T16:35:27.198-0400][gc,metaspace] GC(186) Metaspace: 43572K(44288K)->43572K(44288K) NonClass: 38539K(38912K)->38539K(38912K) Class: 5033K(5376K)->5033K(5376K)
[2023-04-19T16:35:27.198-0400][gc          ] GC(186) Pause Young (Normal) (G1 Evacuation Pause) 698M->341M(1024M) 11.154ms
[2023-04-19T16:35:27.198-0400][gc,cpu      ] GC(186) User=0.03s Sys=0.02s Real=0.01s
[2023-04-19T16:40:34.692-0400][gc,start    ] GC(187) Pause Young (Normal) (G1 Evacuation Pause)
[2023-04-19T16:40:34.693-0400][gc,task     ] GC(187) Using 8 workers of 8 for evacuation
[2023-04-19T16:40:34.727-0400][gc,mmu      ] GC(187) MMU target violated: 21.0ms (20.0ms/21.0ms)
[2023-04-19T16:40:34.727-0400][gc,phases   ] GC(187)   Pre Evacuate Collection Set: 0.8ms
[2023-04-19T16:40:34.727-0400][gc,phases   ] GC(187)   Merge Heap Roots: 0.1ms
[2023-04-19T16:40:34.727-0400][gc,phases   ] GC(187)   Evacuate Collection Set: 33.2ms
[2023-04-19T16:40:34.727-0400][gc,phases   ] GC(187)   Post Evacuate Collection Set: 0.5ms
[2023-04-19T16:40:34.728-0400][gc,phases   ] GC(187)   Other: 0.2ms
[2023-04-19T16:40:34.728-0400][gc,heap     ] GC(187) Eden regions: 447->0(43)
[2023-04-19T16:40:34.728-0400][gc,heap     ] GC(187) Survivor regions: 7->8(57)
[2023-04-19T16:40:34.728-0400][gc,heap     ] GC(187) Old regions: 205->205
[2023-04-19T16:40:34.728-0400][gc,heap     ] GC(187) Archive regions: 2->2
[2023-04-19T16:40:34.728-0400][gc,heap     ] GC(187) Humongous regions: 129->129
[2023-04-19T16:40:34.728-0400][gc,metaspace] GC(187) Metaspace: 43577K(44288K)->43577K(44288K) NonClass: 38544K(38912K)->38544K(38912K) Class: 5033K(5376K)->5033K(5376K)
[2023-04-19T16:40:34.728-0400][gc          ] GC(187) Pause Young (Normal) (G1 Evacuation Pause) 788M->341M(1024M) 35.291ms
[2023-04-19T16:40:34.728-0400][gc,cpu      ] GC(187) User=0.03s Sys=0.07s Real=0.03s
[2023-04-19T16:41:03.281-0400][gc,start    ] GC(188) Pause Young (Normal) (G1 Evacuation Pause)
[2023-04-19T16:41:03.282-0400][gc,task     ] GC(188) Using 8 workers of 8 for evacuation
[2023-04-19T16:41:03.299-0400][gc,phases   ] GC(188)   Pre Evacuate Collection Set: 0.6ms
[2023-04-19T16:41:03.299-0400][gc,phases   ] GC(188)   Merge Heap Roots: 0.1ms
[2023-04-19T16:41:03.299-0400][gc,phases   ] GC(188)   Evacuate Collection Set: 15.1ms
[2023-04-19T16:41:03.299-0400][gc,phases   ] GC(188)   Post Evacuate Collection Set: 0.4ms
[2023-04-19T16:41:03.299-0400][gc,phases   ] GC(188)   Other: 1.1ms
[2023-04-19T16:41:03.299-0400][gc,heap     ] GC(188) Eden regions: 43->0(224)
[2023-04-19T16:41:03.299-0400][gc,heap     ] GC(188) Survivor regions: 8->5(7)
[2023-04-19T16:41:03.299-0400][gc,heap     ] GC(188) Old regions: 205->208
[2023-04-19T16:41:03.299-0400][gc,heap     ] GC(188) Archive regions: 2->2
[2023-04-19T16:41:03.299-0400][gc,heap     ] GC(188) Humongous regions: 129->129
[2023-04-19T16:41:03.299-0400][gc,metaspace] GC(188) Metaspace: 43577K(44288K)->43577K(44288K) NonClass: 38544K(38912K)->38544K(38912K) Class: 5033K(5376K)->5033K(5376K)
[2023-04-19T16:41:03.299-0400][gc          ] GC(188) Pause Young (Normal) (G1 Evacuation Pause) 384M->342M(1024M) 18.161ms
[2023-04-19T16:41:03.299-0400][gc,cpu      ] GC(188) User=0.02s Sys=0.02s Real=0.01s
[2023-04-19T16:43:34.647-0400][gc,start    ] GC(189) Pause Young (Normal) (G1 Evacuation Pause)
[2023-04-19T16:43:34.647-0400][gc,task     ] GC(189) Using 8 workers of 8 for evacuation
[2023-04-19T16:43:34.651-0400][gc,phases   ] GC(189)   Pre Evacuate Collection Set: 0.1ms
[2023-04-19T16:43:34.651-0400][gc,phases   ] GC(189)   Merge Heap Roots: 0.1ms
[2023-04-19T16:43:34.651-0400][gc,phases   ] GC(189)   Evacuate Collection Set: 3.2ms
[2023-04-19T16:43:34.651-0400][gc,phases   ] GC(189)   Post Evacuate Collection Set: 0.3ms
[2023-04-19T16:43:34.651-0400][gc,phases   ] GC(189)   Other: 0.1ms
[2023-04-19T16:43:34.651-0400][gc,heap     ] GC(189) Eden regions: 224->0(317)
[2023-04-19T16:43:34.651-0400][gc,heap     ] GC(189) Survivor regions: 5->6(29)
[2023-04-19T16:43:34.651-0400][gc,heap     ] GC(189) Old regions: 208->208
[2023-04-19T16:43:34.651-0400][gc,heap     ] GC(189) Archive regions: 2->2
[2023-04-19T16:43:34.651-0400][gc,heap     ] GC(189) Humongous regions: 129->129
[2023-04-19T16:43:34.651-0400][gc,metaspace] GC(189) Metaspace: 43577K(44288K)->43577K(44288K) NonClass: 38544K(38912K)->38544K(38912K) Class: 5033K(5376K)->5033K(5376K)
[2023-04-19T16:43:34.651-0400][gc          ] GC(189) Pause Young (Normal) (G1 Evacuation Pause) 566M->343M(1024M) 4.208ms
[2023-04-19T16:43:34.651-0400][gc,cpu      ] GC(189) User=0.03s Sys=0.01s Real=0.01s
[2023-04-19T16:47:11.478-0400][gc,start    ] GC(190) Pause Young (Normal) (G1 Evacuation Pause)
[2023-04-19T16:47:11.478-0400][gc,task     ] GC(190) Using 8 workers of 8 for evacuation
[2023-04-19T16:47:11.483-0400][gc,phases   ] GC(190)   Pre Evacuate Collection Set: 0.2ms
[2023-04-19T16:47:11.483-0400][gc,phases   ] GC(190)   Merge Heap Roots: 0.1ms
[2023-04-19T16:47:11.483-0400][gc,phases   ] GC(190)   Evacuate Collection Set: 3.6ms
[2023-04-19T16:47:11.483-0400][gc,phases   ] GC(190)   Post Evacuate Collection Set: 0.4ms
[2023-04-19T16:47:11.483-0400][gc,phases   ] GC(190)   Other: 0.1ms
[2023-04-19T16:47:11.483-0400][gc,heap     ] GC(190) Eden regions: 317->0(551)
[2023-04-19T16:47:11.483-0400][gc,heap     ] GC(190) Survivor regions: 6->6(41)
[2023-04-19T16:47:11.483-0400][gc,heap     ] GC(190) Old regions: 208->208
[2023-04-19T16:47:11.483-0400][gc,heap     ] GC(190) Archive regions: 2->2
[2023-04-19T16:47:11.483-0400][gc,heap     ] GC(190) Humongous regions: 129->129
[2023-04-19T16:47:11.483-0400][gc,metaspace] GC(190) Metaspace: 43580K(44288K)->43580K(44288K) NonClass: 38547K(38912K)->38547K(38912K) Class: 5033K(5376K)->5033K(5376K)
[2023-04-19T16:47:11.483-0400][gc          ] GC(190) Pause Young (Normal) (G1 Evacuation Pause) 660M->343M(1024M) 5.394ms
[2023-04-19T16:47:11.483-0400][gc,cpu      ] GC(190) User=0.03s Sys=0.01s Real=0.01s
[2023-04-19T16:53:45.807-0400][gc,start    ] GC(191) Pause Young (Normal) (G1 Evacuation Pause)
[2023-04-19T16:53:45.808-0400][gc,task     ] GC(191) Using 8 workers of 8 for evacuation
[2023-04-19T16:53:45.832-0400][gc,mmu      ] GC(191) MMU target violated: 21.0ms (20.0ms/21.0ms)
[2023-04-19T16:53:45.832-0400][gc,phases   ] GC(191)   Pre Evacuate Collection Set: 1.5ms
[2023-04-19T16:53:45.832-0400][gc,phases   ] GC(191)   Merge Heap Roots: 0.1ms
[2023-04-19T16:53:45.832-0400][gc,phases   ] GC(191)   Evacuate Collection Set: 21.6ms
[2023-04-19T16:53:45.832-0400][gc,phases   ] GC(191)   Post Evacuate Collection Set: 0.9ms
[2023-04-19T16:53:45.832-0400][gc,phases   ] GC(191)   Other: 0.2ms
[2023-04-19T16:53:45.832-0400][gc,heap     ] GC(191) Eden regions: 551->0(128)
[2023-04-19T16:53:45.832-0400][gc,heap     ] GC(191) Survivor regions: 6->9(70)
[2023-04-19T16:53:45.832-0400][gc,heap     ] GC(191) Old regions: 208->208
[2023-04-19T16:53:45.832-0400][gc,heap     ] GC(191) Archive regions: 2->2
[2023-04-19T16:53:45.832-0400][gc,heap     ] GC(191) Humongous regions: 129->129
[2023-04-19T16:53:45.832-0400][gc,metaspace] GC(191) Metaspace: 43582K(44288K)->43582K(44288K) NonClass: 38549K(38912K)->38549K(38912K) Class: 5033K(5376K)->5033K(5376K)
[2023-04-19T16:53:45.832-0400][gc          ] GC(191) Pause Young (Normal) (G1 Evacuation Pause) 894M->346M(1024M) 25.061ms
[2023-04-19T16:53:45.832-0400][gc,cpu      ] GC(191) User=0.03s Sys=0.05s Real=0.03s
[2023-04-19T16:55:11.991-0400][gc,start    ] GC(192) Pause Young (Normal) (G1 Evacuation Pause)
[2023-04-19T16:55:11.991-0400][gc,task     ] GC(192) Using 8 workers of 8 for evacuation
[2023-04-19T16:55:12.002-0400][gc,phases   ] GC(192)   Pre Evacuate Collection Set: 0.7ms
[2023-04-19T16:55:12.002-0400][gc,phases   ] GC(192)   Merge Heap Roots: 0.2ms
[2023-04-19T16:55:12.002-0400][gc,phases   ] GC(192)   Evacuate Collection Set: 8.4ms
[2023-04-19T16:55:12.002-0400][gc,phases   ] GC(192)   Post Evacuate Collection Set: 1.1ms
[2023-04-19T16:55:12.002-0400][gc,phases   ] GC(192)   Other: 0.1ms
[2023-04-19T16:55:12.002-0400][gc,heap     ] GC(192) Eden regions: 128->0(123)
[2023-04-19T16:55:12.002-0400][gc,heap     ] GC(192) Survivor regions: 9->10(18)
[2023-04-19T16:55:12.002-0400][gc,heap     ] GC(192) Old regions: 208->208
[2023-04-19T16:55:12.002-0400][gc,heap     ] GC(192) Archive regions: 2->2
[2023-04-19T16:55:12.002-0400][gc,heap     ] GC(192) Humongous regions: 129->129
[2023-04-19T16:55:12.002-0400][gc,metaspace] GC(192) Metaspace: 43582K(44288K)->43582K(44288K) NonClass: 38549K(38912K)->38549K(38912K) Class: 5033K(5376K)->5033K(5376K)
[2023-04-19T16:55:12.002-0400][gc          ] GC(192) Pause Young (Normal) (G1 Evacuation Pause) 474M->347M(1024M) 11.094ms
[2023-04-19T16:55:12.002-0400][gc,cpu      ] GC(192) User=0.05s Sys=0.01s Real=0.01s
[2023-04-19T16:56:35.343-0400][gc,start    ] GC(193) Pause Young (Normal) (G1 Evacuation Pause)
[2023-04-19T16:56:35.343-0400][gc,task     ] GC(193) Using 8 workers of 8 for evacuation
[2023-04-19T16:56:35.353-0400][gc,phases   ] GC(193)   Pre Evacuate Collection Set: 0.1ms
[2023-04-19T16:56:35.353-0400][gc,phases   ] GC(193)   Merge Heap Roots: 0.1ms
[2023-04-19T16:56:35.353-0400][gc,phases   ] GC(193)   Evacuate Collection Set: 9.7ms
[2023-04-19T16:56:35.353-0400][gc,phases   ] GC(193)   Post Evacuate Collection Set: 0.3ms
[2023-04-19T16:56:35.353-0400][gc,phases   ] GC(193)   Other: 0.1ms
[2023-04-19T16:56:35.353-0400][gc,heap     ] GC(193) Eden regions: 123->0(242)
[2023-04-19T16:56:35.353-0400][gc,heap     ] GC(193) Survivor regions: 10->10(17)
[2023-04-19T16:56:35.353-0400][gc,heap     ] GC(193) Old regions: 208->209
[2023-04-19T16:56:35.353-0400][gc,heap     ] GC(193) Archive regions: 2->2
[2023-04-19T16:56:35.353-0400][gc,heap     ] GC(193) Humongous regions: 129->129
[2023-04-19T16:56:35.353-0400][gc,metaspace] GC(193) Metaspace: 43582K(44288K)->43582K(44288K) NonClass: 38549K(38912K)->38549K(38912K) Class: 5033K(5376K)->5033K(5376K)
[2023-04-19T16:56:35.353-0400][gc          ] GC(193) Pause Young (Normal) (G1 Evacuation Pause) 470M->348M(1024M) 10.428ms
[2023-04-19T16:56:35.353-0400][gc,cpu      ] GC(193) User=0.04s Sys=0.01s Real=0.01s
[2023-04-19T16:59:20.050-0400][gc,start    ] GC(194) Pause Young (Normal) (G1 Evacuation Pause)
[2023-04-19T16:59:20.050-0400][gc,task     ] GC(194) Using 8 workers of 8 for evacuation
[2023-04-19T16:59:20.057-0400][gc,phases   ] GC(194)   Pre Evacuate Collection Set: 0.1ms
[2023-04-19T16:59:20.057-0400][gc,phases   ] GC(194)   Merge Heap Roots: 0.1ms
[2023-04-19T16:59:20.057-0400][gc,phases   ] GC(194)   Evacuate Collection Set: 6.7ms
[2023-04-19T16:59:20.057-0400][gc,phases   ] GC(194)   Post Evacuate Collection Set: 0.3ms
[2023-04-19T16:59:20.057-0400][gc,phases   ] GC(194)   Other: 0.1ms
[2023-04-19T16:59:20.057-0400][gc,heap     ] GC(194) Eden regions: 242->0(310)
[2023-04-19T16:59:20.057-0400][gc,heap     ] GC(194) Survivor regions: 10->12(32)
[2023-04-19T16:59:20.057-0400][gc,heap     ] GC(194) Old regions: 209->209
[2023-04-19T16:59:20.057-0400][gc,heap     ] GC(194) Archive regions: 2->2
[2023-04-19T16:59:20.057-0400][gc,heap     ] GC(194) Humongous regions: 129->129
[2023-04-19T16:59:20.057-0400][gc,metaspace] GC(194) Metaspace: 43582K(44288K)->43582K(44288K) NonClass: 38549K(38912K)->38549K(38912K) Class: 5033K(5376K)->5033K(5376K)
[2023-04-19T16:59:20.057-0400][gc          ] GC(194) Pause Young (Normal) (G1 Evacuation Pause) 590M->350M(1024M) 7.960ms
[2023-04-19T16:59:20.058-0400][gc,cpu      ] GC(194) User=0.05s Sys=0.00s Real=0.00s
[2023-04-19T17:03:06.911-0400][gc,start    ] GC(195) Pause Young (Normal) (G1 Evacuation Pause)
[2023-04-19T17:03:06.911-0400][gc,task     ] GC(195) Using 8 workers of 8 for evacuation
[2023-04-19T17:03:06.920-0400][gc,phases   ] GC(195)   Pre Evacuate Collection Set: 0.1ms
[2023-04-19T17:03:06.920-0400][gc,phases   ] GC(195)   Merge Heap Roots: 0.1ms
[2023-04-19T17:03:06.920-0400][gc,phases   ] GC(195)   Evacuate Collection Set: 7.7ms
[2023-04-19T17:03:06.920-0400][gc,phases   ] GC(195)   Post Evacuate Collection Set: 0.4ms
[2023-04-19T17:03:06.920-0400][gc,phases   ] GC(195)   Other: 0.1ms
[2023-04-19T17:03:06.920-0400][gc,heap     ] GC(195) Eden regions: 310->0(484)
[2023-04-19T17:03:06.920-0400][gc,heap     ] GC(195) Survivor regions: 12->13(41)
[2023-04-19T17:03:06.920-0400][gc,heap     ] GC(195) Old regions: 209->209
[2023-04-19T17:03:06.920-0400][gc,heap     ] GC(195) Archive regions: 2->2
[2023-04-19T17:03:06.920-0400][gc,heap     ] GC(195) Humongous regions: 129->129
[2023-04-19T17:03:06.920-0400][gc,metaspace] GC(195) Metaspace: 43582K(44288K)->43582K(44288K) NonClass: 38549K(38912K)->38549K(38912K) Class: 5033K(5376K)->5033K(5376K)
[2023-04-19T17:03:06.920-0400][gc          ] GC(195) Pause Young (Normal) (G1 Evacuation Pause) 660M->351M(1024M) 8.787ms
[2023-04-19T17:03:06.920-0400][gc,cpu      ] GC(195) User=0.05s Sys=0.00s Real=0.01s
[2023-04-19T17:08:53.453-0400][gc,start    ] GC(196) Pause Young (Normal) (G1 Evacuation Pause)
[2023-04-19T17:08:53.453-0400][gc,task     ] GC(196) Using 8 workers of 8 for evacuation
[2023-04-19T17:08:53.513-0400][gc,mmu      ] GC(196) MMU target violated: 21.0ms (20.0ms/21.0ms)
[2023-04-19T17:08:53.513-0400][gc,phases   ] GC(196)   Pre Evacuate Collection Set: 0.1ms
[2023-04-19T17:08:53.513-0400][gc,phases   ] GC(196)   Merge Heap Roots: 0.6ms
[2023-04-19T17:08:53.513-0400][gc,phases   ] GC(196)   Evacuate Collection Set: 55.0ms
[2023-04-19T17:08:53.514-0400][gc,phases   ] GC(196)   Post Evacuate Collection Set: 4.5ms
[2023-04-19T17:08:53.514-0400][gc,phases   ] GC(196)   Other: 0.2ms
[2023-04-19T17:08:53.514-0400][gc,heap     ] GC(196) Eden regions: 484->0(33)
[2023-04-19T17:08:53.514-0400][gc,heap     ] GC(196) Survivor regions: 13->18(63)
[2023-04-19T17:08:53.514-0400][gc,heap     ] GC(196) Old regions: 209->209
[2023-04-19T17:08:53.514-0400][gc,heap     ] GC(196) Archive regions: 2->2
[2023-04-19T17:08:53.514-0400][gc,heap     ] GC(196) Humongous regions: 129->129
[2023-04-19T17:08:53.514-0400][gc,metaspace] GC(196) Metaspace: 43929K(44544K)->43929K(44544K) NonClass: 38798K(39104K)->38798K(39104K) Class: 5131K(5440K)->5131K(5440K)
[2023-04-19T17:08:53.514-0400][gc          ] GC(196) Pause Young (Normal) (G1 Evacuation Pause) 835M->355M(1024M) 61.196ms
[2023-04-19T17:08:53.514-0400][gc,cpu      ] GC(196) User=0.07s Sys=0.06s Real=0.06s
[2023-04-19T17:08:57.290-0400][gc,heap,exit] Heap
[2023-04-19T17:08:57.290-0400][gc,heap,exit]  garbage-first heap   total 1048576K, used 370186K [0x00000007c0000000, 0x0000000800000000)
[2023-04-19T17:08:57.290-0400][gc,heap,exit]   region size 1024K, 24 young (24576K), 18 survivors (18432K)
[2023-04-19T17:08:57.290-0400][gc,heap,exit]  Metaspace       used 44170K, committed 44864K, reserved 1114112K
[2023-04-19T17:08:57.290-0400][gc,heap,exit]   class space    used 5187K, committed 5504K, reserved 1048576K
