[2023-04-14T22:20:28.643-0400][gc,init] CardTable entry size: 512
[2023-04-14T22:20:28.643-0400][gc     ] Using G1
[2023-04-14T22:20:28.648-0400][gc,init] Version: 19.0.2+7-44 (release)
[2023-04-14T22:20:28.648-0400][gc,init] CPUs: 8 total, 8 available
[2023-04-14T22:20:28.648-0400][gc,init] Memory: 16384M
[2023-04-14T22:20:28.648-0400][gc,init] Large Page Support: Disabled
[2023-04-14T22:20:28.648-0400][gc,init] NUMA Support: Disabled
[2023-04-14T22:20:28.648-0400][gc,init] Compressed Oops: Enabled (Zero based)
[2023-04-14T22:20:28.648-0400][gc,init] Heap Region Size: 1M
[2023-04-14T22:20:28.648-0400][gc,init] Heap Min Capacity: 1G
[2023-04-14T22:20:28.648-0400][gc,init] Heap Initial Capacity: 1G
[2023-04-14T22:20:28.648-0400][gc,init] Heap Max Capacity: 1G
[2023-04-14T22:20:28.648-0400][gc,init] Pre-touch: Disabled
[2023-04-14T22:20:28.648-0400][gc,init] Parallel Workers: 8
[2023-04-14T22:20:28.648-0400][gc,init] Concurrent Workers: 2
[2023-04-14T22:20:28.649-0400][gc,init] Concurrent Refinement Workers: 8
[2023-04-14T22:20:28.649-0400][gc,init] Periodic GC: Disabled
[2023-04-14T22:20:28.649-0400][gc,metaspace] CDS archive(s) mapped at: [0x0000000800000000-0x0000000800c44000-0x0000000800c44000), size 12861440, SharedBaseAddress: 0x0000000800000000, ArchiveRelocationMode: 0.
[2023-04-14T22:20:28.649-0400][gc,metaspace] Compressed class space mapped at: 0x0000000801000000-0x0000000841000000, reserved size: 1073741824
[2023-04-14T22:20:28.649-0400][gc,metaspace] Narrow klass base: 0x0000000800000000, Narrow klass shift: 0, Narrow klass range: 0x100000000
[2023-04-14T22:20:29.735-0400][gc,start    ] GC(0) Pause Young (Normal) (G1 Evacuation Pause)
[2023-04-14T22:20:29.735-0400][gc,task     ] GC(0) Using 8 workers of 8 for evacuation
[2023-04-14T22:20:29.739-0400][gc,phases   ] GC(0)   Pre Evacuate Collection Set: 0.1ms
[2023-04-14T22:20:29.739-0400][gc,phases   ] GC(0)   Merge Heap Roots: 0.1ms
[2023-04-14T22:20:29.739-0400][gc,phases   ] GC(0)   Evacuate Collection Set: 3.4ms
[2023-04-14T22:20:29.739-0400][gc,phases   ] GC(0)   Post Evacuate Collection Set: 0.4ms
[2023-04-14T22:20:29.739-0400][gc,phases   ] GC(0)   Other: 0.5ms
[2023-04-14T22:20:29.739-0400][gc,heap     ] GC(0) Eden regions: 51->0(44)
[2023-04-14T22:20:29.739-0400][gc,heap     ] GC(0) Survivor regions: 0->7(7)
[2023-04-14T22:20:29.739-0400][gc,heap     ] GC(0) Old regions: 0->1
[2023-04-14T22:20:29.739-0400][gc,heap     ] GC(0) Archive regions: 2->2
[2023-04-14T22:20:29.739-0400][gc,heap     ] GC(0) Humongous regions: 0->0
[2023-04-14T22:20:29.739-0400][gc,metaspace] GC(0) Metaspace: 18527K(18816K)->18527K(18816K) NonClass: 16436K(16576K)->16436K(16576K) Class: 2091K(2240K)->2091K(2240K)
[2023-04-14T22:20:29.740-0400][gc          ] GC(0) Pause Young (Normal) (G1 Evacuation Pause) 51M->7M(1024M) 4.627ms
[2023-04-14T22:20:29.740-0400][gc,cpu      ] GC(0) User=0.02s Sys=0.01s Real=0.01s
[2023-04-14T22:20:29.868-0400][gc,start    ] GC(1) Pause Young (Concurrent Start) (Metadata GC Threshold)
[2023-04-14T22:20:29.868-0400][gc,task     ] GC(1) Using 8 workers of 8 for evacuation
[2023-04-14T22:20:29.873-0400][gc,phases   ] GC(1)   Pre Evacuate Collection Set: 0.1ms
[2023-04-14T22:20:29.873-0400][gc,phases   ] GC(1)   Merge Heap Roots: 0.0ms
[2023-04-14T22:20:29.873-0400][gc,phases   ] GC(1)   Evacuate Collection Set: 4.2ms
[2023-04-14T22:20:29.873-0400][gc,phases   ] GC(1)   Post Evacuate Collection Set: 0.3ms
[2023-04-14T22:20:29.873-0400][gc,phases   ] GC(1)   Other: 0.1ms
[2023-04-14T22:20:29.873-0400][gc,heap     ] GC(1) Eden regions: 11->0(49)
[2023-04-14T22:20:29.873-0400][gc,heap     ] GC(1) Survivor regions: 7->2(7)
[2023-04-14T22:20:29.873-0400][gc,heap     ] GC(1) Old regions: 1->8
[2023-04-14T22:20:29.873-0400][gc,heap     ] GC(1) Archive regions: 2->2
[2023-04-14T22:20:29.873-0400][gc,heap     ] GC(1) Humongous regions: 0->0
[2023-04-14T22:20:29.873-0400][gc,metaspace] GC(1) Metaspace: 21283K(21504K)->21283K(21504K) NonClass: 18850K(18944K)->18850K(18944K) Class: 2433K(2560K)->2433K(2560K)
[2023-04-14T22:20:29.873-0400][gc          ] GC(1) Pause Young (Concurrent Start) (Metadata GC Threshold) 18M->9M(1024M) 4.883ms
[2023-04-14T22:20:29.873-0400][gc          ] GC(2) Concurrent Mark Cycle
[2023-04-14T22:20:29.873-0400][gc,cpu      ] GC(1) User=0.02s Sys=0.01s Real=0.01s
[2023-04-14T22:20:29.873-0400][gc,marking  ] GC(2) Concurrent Clear Claimed Marks
[2023-04-14T22:20:29.873-0400][gc,marking  ] GC(2) Concurrent Clear Claimed Marks 0.026ms
[2023-04-14T22:20:29.873-0400][gc,marking  ] GC(2) Concurrent Scan Root Regions
[2023-04-14T22:20:29.875-0400][gc,marking  ] GC(2) Concurrent Scan Root Regions 1.714ms
[2023-04-14T22:20:29.875-0400][gc,marking  ] GC(2) Concurrent Mark
[2023-04-14T22:20:29.875-0400][gc,marking  ] GC(2) Concurrent Mark From Roots
[2023-04-14T22:20:29.875-0400][gc,task     ] GC(2) Using 2 workers of 2 for marking
[2023-04-14T22:20:29.876-0400][gc,marking  ] GC(2) Concurrent Mark From Roots 0.570ms
[2023-04-14T22:20:29.876-0400][gc,marking  ] GC(2) Concurrent Preclean
[2023-04-14T22:20:29.876-0400][gc,marking  ] GC(2) Concurrent Preclean 0.013ms
[2023-04-14T22:20:29.876-0400][gc,start    ] GC(2) Pause Remark
[2023-04-14T22:20:29.877-0400][gc          ] GC(2) Pause Remark 9M->9M(1024M) 0.947ms
[2023-04-14T22:20:29.877-0400][gc,cpu      ] GC(2) User=0.00s Sys=0.00s Real=0.00s
[2023-04-14T22:20:29.877-0400][gc,marking  ] GC(2) Concurrent Mark 1.796ms
[2023-04-14T22:20:29.877-0400][gc,marking  ] GC(2) Concurrent Rebuild Remembered Sets
[2023-04-14T22:20:29.879-0400][gc,marking  ] GC(2) Concurrent Rebuild Remembered Sets 1.722ms
[2023-04-14T22:20:29.879-0400][gc,start    ] GC(2) Pause Cleanup
[2023-04-14T22:20:29.879-0400][gc          ] GC(2) Pause Cleanup 10M->10M(1024M) 0.063ms
[2023-04-14T22:20:29.879-0400][gc,cpu      ] GC(2) User=0.00s Sys=0.00s Real=0.00s
[2023-04-14T22:20:29.879-0400][gc,marking  ] GC(2) Concurrent Cleanup for Next Mark
[2023-04-14T22:20:29.886-0400][gc,marking  ] GC(2) Concurrent Cleanup for Next Mark 7.558ms
[2023-04-14T22:20:29.886-0400][gc          ] GC(2) Concurrent Mark Cycle 13.124ms
[2023-04-14T22:20:31.627-0400][gc,start    ] GC(3) Pause Young (Normal) (G1 Evacuation Pause)
[2023-04-14T22:20:31.627-0400][gc,task     ] GC(3) Using 8 workers of 8 for evacuation
[2023-04-14T22:20:31.629-0400][gc,phases   ] GC(3)   Pre Evacuate Collection Set: 0.1ms
[2023-04-14T22:20:31.629-0400][gc,phases   ] GC(3)   Merge Heap Roots: 0.0ms
[2023-04-14T22:20:31.629-0400][gc,phases   ] GC(3)   Evacuate Collection Set: 2.1ms
[2023-04-14T22:20:31.629-0400][gc,phases   ] GC(3)   Post Evacuate Collection Set: 0.3ms
[2023-04-14T22:20:31.629-0400][gc,phases   ] GC(3)   Other: 0.1ms
[2023-04-14T22:20:31.629-0400][gc,heap     ] GC(3) Eden regions: 49->0(45)
[2023-04-14T22:20:31.629-0400][gc,heap     ] GC(3) Survivor regions: 2->6(7)
[2023-04-14T22:20:31.629-0400][gc,heap     ] GC(3) Old regions: 8->8
[2023-04-14T22:20:31.629-0400][gc,heap     ] GC(3) Archive regions: 2->2
[2023-04-14T22:20:31.629-0400][gc,heap     ] GC(3) Humongous regions: 129->129
[2023-04-14T22:20:31.629-0400][gc,metaspace] GC(3) Metaspace: 31385K(31744K)->31385K(31744K) NonClass: 27956K(28160K)->27956K(28160K) Class: 3429K(3584K)->3429K(3584K)
[2023-04-14T22:20:31.629-0400][gc          ] GC(3) Pause Young (Normal) (G1 Evacuation Pause) 187M->142M(1024M) 2.770ms
[2023-04-14T22:20:31.629-0400][gc,cpu      ] GC(3) User=0.02s Sys=0.00s Real=0.00s
[2023-04-14T22:20:31.838-0400][gc,start    ] GC(4) Pause Young (Concurrent Start) (Metadata GC Threshold)
[2023-04-14T22:20:31.838-0400][gc,task     ] GC(4) Using 8 workers of 8 for evacuation
[2023-04-14T22:20:31.844-0400][gc,phases   ] GC(4)   Pre Evacuate Collection Set: 0.2ms
[2023-04-14T22:20:31.844-0400][gc,phases   ] GC(4)   Merge Heap Roots: 0.0ms
[2023-04-14T22:20:31.844-0400][gc,phases   ] GC(4)   Evacuate Collection Set: 5.8ms
[2023-04-14T22:20:31.844-0400][gc,phases   ] GC(4)   Post Evacuate Collection Set: 0.4ms
[2023-04-14T22:20:31.844-0400][gc,phases   ] GC(4)   Other: 0.1ms
[2023-04-14T22:20:31.844-0400][gc,heap     ] GC(4) Eden regions: 18->0(49)
[2023-04-14T22:20:31.844-0400][gc,heap     ] GC(4) Survivor regions: 6->2(7)
[2023-04-14T22:20:31.844-0400][gc,heap     ] GC(4) Old regions: 8->13
[2023-04-14T22:20:31.844-0400][gc,heap     ] GC(4) Archive regions: 2->2
[2023-04-14T22:20:31.844-0400][gc,heap     ] GC(4) Humongous regions: 129->129
[2023-04-14T22:20:31.844-0400][gc,metaspace] GC(4) Metaspace: 35683K(35968K)->35683K(35968K) NonClass: 31852K(32000K)->31852K(32000K) Class: 3830K(3968K)->3830K(3968K)
[2023-04-14T22:20:31.844-0400][gc          ] GC(4) Pause Young (Concurrent Start) (Metadata GC Threshold) 159M->143M(1024M) 6.667ms
[2023-04-14T22:20:31.844-0400][gc          ] GC(5) Concurrent Mark Cycle
[2023-04-14T22:20:31.844-0400][gc,cpu      ] GC(4) User=0.02s Sys=0.01s Real=0.01s
[2023-04-14T22:20:31.844-0400][gc,marking  ] GC(5) Concurrent Clear Claimed Marks
[2023-04-14T22:20:31.845-0400][gc,marking  ] GC(5) Concurrent Clear Claimed Marks 0.107ms
[2023-04-14T22:20:31.845-0400][gc,marking  ] GC(5) Concurrent Scan Root Regions
[2023-04-14T22:20:31.848-0400][gc,marking  ] GC(5) Concurrent Scan Root Regions 3.388ms
[2023-04-14T22:20:31.848-0400][gc,marking  ] GC(5) Concurrent Mark
[2023-04-14T22:20:31.848-0400][gc,marking  ] GC(5) Concurrent Mark From Roots
[2023-04-14T22:20:31.848-0400][gc,task     ] GC(5) Using 2 workers of 2 for marking
[2023-04-14T22:20:31.854-0400][gc,marking  ] GC(5) Concurrent Mark From Roots 6.139ms
[2023-04-14T22:20:31.854-0400][gc,marking  ] GC(5) Concurrent Preclean
[2023-04-14T22:20:31.855-0400][gc,marking  ] GC(5) Concurrent Preclean 0.080ms
[2023-04-14T22:20:31.855-0400][gc,start    ] GC(5) Pause Remark
[2023-04-14T22:20:31.856-0400][gc          ] GC(5) Pause Remark 145M->145M(1024M) 1.316ms
[2023-04-14T22:20:31.856-0400][gc,cpu      ] GC(5) User=0.01s Sys=0.00s Real=0.00s
[2023-04-14T22:20:31.856-0400][gc,marking  ] GC(5) Concurrent Mark 8.066ms
[2023-04-14T22:20:31.856-0400][gc,marking  ] GC(5) Concurrent Rebuild Remembered Sets
[2023-04-14T22:20:31.862-0400][gc,marking  ] GC(5) Concurrent Rebuild Remembered Sets 5.884ms
[2023-04-14T22:20:31.862-0400][gc,start    ] GC(5) Pause Cleanup
[2023-04-14T22:20:31.862-0400][gc          ] GC(5) Pause Cleanup 146M->146M(1024M) 0.128ms
[2023-04-14T22:20:31.863-0400][gc,cpu      ] GC(5) User=0.00s Sys=0.00s Real=0.00s
[2023-04-14T22:20:31.863-0400][gc,marking  ] GC(5) Concurrent Cleanup for Next Mark
[2023-04-14T22:20:31.873-0400][gc,marking  ] GC(5) Concurrent Cleanup for Next Mark 10.749ms
[2023-04-14T22:20:31.874-0400][gc          ] GC(5) Concurrent Mark Cycle 29.103ms
[2023-04-14T22:26:17.825-0400][gc,start    ] GC(6) Pause Young (Prepare Mixed) (G1 Evacuation Pause)
[2023-04-14T22:26:17.825-0400][gc,task     ] GC(6) Using 8 workers of 8 for evacuation
[2023-04-14T22:26:17.833-0400][gc,phases   ] GC(6)   Pre Evacuate Collection Set: 0.2ms
[2023-04-14T22:26:17.833-0400][gc,phases   ] GC(6)   Merge Heap Roots: 0.2ms
[2023-04-14T22:26:17.833-0400][gc,phases   ] GC(6)   Evacuate Collection Set: 5.9ms
[2023-04-14T22:26:17.833-0400][gc,phases   ] GC(6)   Post Evacuate Collection Set: 1.3ms
[2023-04-14T22:26:17.833-0400][gc,phases   ] GC(6)   Other: 0.2ms
[2023-04-14T22:26:17.833-0400][gc,heap     ] GC(6) Eden regions: 49->0(46)
[2023-04-14T22:26:17.833-0400][gc,heap     ] GC(6) Survivor regions: 2->5(7)
[2023-04-14T22:26:17.833-0400][gc,heap     ] GC(6) Old regions: 13->13
[2023-04-14T22:26:17.833-0400][gc,heap     ] GC(6) Archive regions: 2->2
[2023-04-14T22:26:17.834-0400][gc,heap     ] GC(6) Humongous regions: 177->129
[2023-04-14T22:26:17.834-0400][gc,metaspace] GC(6) Metaspace: 41778K(42368K)->41778K(42368K) NonClass: 37028K(37376K)->37028K(37376K) Class: 4749K(4992K)->4749K(4992K)
[2023-04-14T22:26:17.834-0400][gc          ] GC(6) Pause Young (Prepare Mixed) (G1 Evacuation Pause) 240M->147M(1024M) 8.639ms
[2023-04-14T22:26:17.834-0400][gc,cpu      ] GC(6) User=0.05s Sys=0.00s Real=0.01s
[2023-04-14T22:39:58.281-0400][gc,start    ] GC(7) Pause Young (Mixed) (G1 Evacuation Pause)
[2023-04-14T22:39:58.282-0400][gc,task     ] GC(7) Using 8 workers of 8 for evacuation
[2023-04-14T22:39:58.296-0400][gc,phases   ] GC(7)   Pre Evacuate Collection Set: 0.2ms
[2023-04-14T22:39:58.296-0400][gc,phases   ] GC(7)   Merge Heap Roots: 0.3ms
[2023-04-14T22:39:58.296-0400][gc,phases   ] GC(7)   Evacuate Collection Set: 12.6ms
[2023-04-14T22:39:58.296-0400][gc,phases   ] GC(7)   Post Evacuate Collection Set: 0.6ms
[2023-04-14T22:39:58.296-0400][gc,phases   ] GC(7)   Other: 0.2ms
[2023-04-14T22:39:58.296-0400][gc,heap     ] GC(7) Eden regions: 46->0(48)
[2023-04-14T22:39:58.296-0400][gc,heap     ] GC(7) Survivor regions: 5->3(7)
[2023-04-14T22:39:58.296-0400][gc,heap     ] GC(7) Old regions: 13->16
[2023-04-14T22:39:58.296-0400][gc,heap     ] GC(7) Archive regions: 2->2
[2023-04-14T22:39:58.296-0400][gc,heap     ] GC(7) Humongous regions: 129->129
[2023-04-14T22:39:58.296-0400][gc,metaspace] GC(7) Metaspace: 42009K(42688K)->42009K(42688K) NonClass: 37235K(37632K)->37235K(37632K) Class: 4774K(5056K)->4774K(5056K)
[2023-04-14T22:39:58.296-0400][gc          ] GC(7) Pause Young (Mixed) (G1 Evacuation Pause) 193M->147M(1024M) 15.201ms
[2023-04-14T22:39:58.296-0400][gc,cpu      ] GC(7) User=0.06s Sys=0.01s Real=0.01s
[2023-04-14T22:45:25.880-0400][gc,heap,exit] Heap
[2023-04-14T22:45:25.880-0400][gc,heap,exit]  garbage-first heap   total 1048576K, used 178050K [0x00000007c0000000, 0x0000000800000000)
[2023-04-14T22:45:25.880-0400][gc,heap,exit]   region size 1024K, 30 young (30720K), 3 survivors (3072K)
[2023-04-14T22:45:25.881-0400][gc,heap,exit]  Metaspace       used 42758K, committed 43456K, reserved 1114112K
[2023-04-14T22:45:25.881-0400][gc,heap,exit]   class space    used 4938K, committed 5248K, reserved 1048576K
