[2023-04-14T11:44:35.789-0400][gc,init] CardTable entry size: 512
[2023-04-14T11:44:35.789-0400][gc     ] Using G1
[2023-04-14T11:44:35.795-0400][gc,init] Version: 19.0.2+7-44 (release)
[2023-04-14T11:44:35.795-0400][gc,init] CPUs: 8 total, 8 available
[2023-04-14T11:44:35.795-0400][gc,init] Memory: 16384M
[2023-04-14T11:44:35.795-0400][gc,init] Large Page Support: Disabled
[2023-04-14T11:44:35.795-0400][gc,init] NUMA Support: Disabled
[2023-04-14T11:44:35.795-0400][gc,init] Compressed Oops: Enabled (Zero based)
[2023-04-14T11:44:35.795-0400][gc,init] Heap Region Size: 1M
[2023-04-14T11:44:35.795-0400][gc,init] Heap Min Capacity: 1G
[2023-04-14T11:44:35.795-0400][gc,init] Heap Initial Capacity: 1G
[2023-04-14T11:44:35.795-0400][gc,init] Heap Max Capacity: 1G
[2023-04-14T11:44:35.795-0400][gc,init] Pre-touch: Disabled
[2023-04-14T11:44:35.795-0400][gc,init] Parallel Workers: 8
[2023-04-14T11:44:35.795-0400][gc,init] Concurrent Workers: 2
[2023-04-14T11:44:35.795-0400][gc,init] Concurrent Refinement Workers: 8
[2023-04-14T11:44:35.795-0400][gc,init] Periodic GC: Disabled
[2023-04-14T11:44:35.795-0400][gc,metaspace] CDS archive(s) mapped at: [0x0000000800000000-0x0000000800c44000-0x0000000800c44000), size 12861440, SharedBaseAddress: 0x0000000800000000, ArchiveRelocationMode: 0.
[2023-04-14T11:44:35.795-0400][gc,metaspace] Compressed class space mapped at: 0x0000000801000000-0x0000000841000000, reserved size: 1073741824
[2023-04-14T11:44:35.795-0400][gc,metaspace] Narrow klass base: 0x0000000800000000, Narrow klass shift: 0, Narrow klass range: 0x100000000
[2023-04-14T11:44:36.951-0400][gc,start    ] GC(0) Pause Young (Normal) (G1 Evacuation Pause)
[2023-04-14T11:44:36.952-0400][gc,task     ] GC(0) Using 8 workers of 8 for evacuation
[2023-04-14T11:44:36.956-0400][gc,phases   ] GC(0)   Pre Evacuate Collection Set: 0.1ms
[2023-04-14T11:44:36.956-0400][gc,phases   ] GC(0)   Merge Heap Roots: 0.1ms
[2023-04-14T11:44:36.956-0400][gc,phases   ] GC(0)   Evacuate Collection Set: 3.2ms
[2023-04-14T11:44:36.956-0400][gc,phases   ] GC(0)   Post Evacuate Collection Set: 0.6ms
[2023-04-14T11:44:36.956-0400][gc,phases   ] GC(0)   Other: 0.4ms
[2023-04-14T11:44:36.956-0400][gc,heap     ] GC(0) Eden regions: 51->0(44)
[2023-04-14T11:44:36.956-0400][gc,heap     ] GC(0) Survivor regions: 0->7(7)
[2023-04-14T11:44:36.956-0400][gc,heap     ] GC(0) Old regions: 0->1
[2023-04-14T11:44:36.956-0400][gc,heap     ] GC(0) Archive regions: 2->2
[2023-04-14T11:44:36.956-0400][gc,heap     ] GC(0) Humongous regions: 0->0
[2023-04-14T11:44:36.956-0400][gc,metaspace] GC(0) Metaspace: 18653K(18880K)->18653K(18880K) NonClass: 16542K(16640K)->16542K(16640K) Class: 2111K(2240K)->2111K(2240K)
[2023-04-14T11:44:36.956-0400][gc          ] GC(0) Pause Young (Normal) (G1 Evacuation Pause) 51M->7M(1024M) 4.630ms
[2023-04-14T11:44:36.956-0400][gc,cpu      ] GC(0) User=0.02s Sys=0.01s Real=0.00s
[2023-04-14T11:44:37.079-0400][gc,start    ] GC(1) Pause Young (Concurrent Start) (Metadata GC Threshold)
[2023-04-14T11:44:37.080-0400][gc,task     ] GC(1) Using 8 workers of 8 for evacuation
[2023-04-14T11:44:37.085-0400][gc,phases   ] GC(1)   Pre Evacuate Collection Set: 0.1ms
[2023-04-14T11:44:37.085-0400][gc,phases   ] GC(1)   Merge Heap Roots: 0.1ms
[2023-04-14T11:44:37.085-0400][gc,phases   ] GC(1)   Evacuate Collection Set: 4.5ms
[2023-04-14T11:44:37.085-0400][gc,phases   ] GC(1)   Post Evacuate Collection Set: 0.3ms
[2023-04-14T11:44:37.085-0400][gc,phases   ] GC(1)   Other: 0.1ms
[2023-04-14T11:44:37.085-0400][gc,heap     ] GC(1) Eden regions: 11->0(49)
[2023-04-14T11:44:37.085-0400][gc,heap     ] GC(1) Survivor regions: 7->2(7)
[2023-04-14T11:44:37.085-0400][gc,heap     ] GC(1) Old regions: 1->8
[2023-04-14T11:44:37.085-0400][gc,heap     ] GC(1) Archive regions: 2->2
[2023-04-14T11:44:37.085-0400][gc,heap     ] GC(1) Humongous regions: 0->0
[2023-04-14T11:44:37.085-0400][gc,metaspace] GC(1) Metaspace: 21276K(21504K)->21276K(21504K) NonClass: 18844K(18944K)->18844K(18944K) Class: 2432K(2560K)->2432K(2560K)
[2023-04-14T11:44:37.085-0400][gc          ] GC(1) Pause Young (Concurrent Start) (Metadata GC Threshold) 18M->9M(1024M) 5.218ms
[2023-04-14T11:44:37.085-0400][gc,cpu      ] GC(1) User=0.02s Sys=0.01s Real=0.01s
[2023-04-14T11:44:37.085-0400][gc          ] GC(2) Concurrent Mark Cycle
[2023-04-14T11:44:37.085-0400][gc,marking  ] GC(2) Concurrent Clear Claimed Marks
[2023-04-14T11:44:37.085-0400][gc,marking  ] GC(2) Concurrent Clear Claimed Marks 0.013ms
[2023-04-14T11:44:37.085-0400][gc,marking  ] GC(2) Concurrent Scan Root Regions
[2023-04-14T11:44:37.087-0400][gc,marking  ] GC(2) Concurrent Scan Root Regions 1.742ms
[2023-04-14T11:44:37.087-0400][gc,marking  ] GC(2) Concurrent Mark
[2023-04-14T11:44:37.087-0400][gc,marking  ] GC(2) Concurrent Mark From Roots
[2023-04-14T11:44:37.087-0400][gc,task     ] GC(2) Using 2 workers of 2 for marking
[2023-04-14T11:44:37.087-0400][gc,marking  ] GC(2) Concurrent Mark From Roots 0.570ms
[2023-04-14T11:44:37.087-0400][gc,marking  ] GC(2) Concurrent Preclean
[2023-04-14T11:44:37.087-0400][gc,marking  ] GC(2) Concurrent Preclean 0.012ms
[2023-04-14T11:44:37.087-0400][gc,start    ] GC(2) Pause Remark
[2023-04-14T11:44:37.088-0400][gc          ] GC(2) Pause Remark 10M->10M(1024M) 1.066ms
[2023-04-14T11:44:37.088-0400][gc,cpu      ] GC(2) User=0.01s Sys=0.00s Real=0.00s
[2023-04-14T11:44:37.088-0400][gc,marking  ] GC(2) Concurrent Mark 1.836ms
[2023-04-14T11:44:37.088-0400][gc,marking  ] GC(2) Concurrent Rebuild Remembered Sets
[2023-04-14T11:44:37.090-0400][gc,marking  ] GC(2) Concurrent Rebuild Remembered Sets 1.833ms
[2023-04-14T11:44:37.090-0400][gc,start    ] GC(2) Pause Cleanup
[2023-04-14T11:44:37.091-0400][gc          ] GC(2) Pause Cleanup 10M->10M(1024M) 0.094ms
[2023-04-14T11:44:37.091-0400][gc,cpu      ] GC(2) User=0.00s Sys=0.00s Real=0.00s
[2023-04-14T11:44:37.091-0400][gc,marking  ] GC(2) Concurrent Cleanup for Next Mark
[2023-04-14T11:44:37.096-0400][gc,marking  ] GC(2) Concurrent Cleanup for Next Mark 5.062ms
[2023-04-14T11:44:37.096-0400][gc          ] GC(2) Concurrent Mark Cycle 10.921ms
[2023-04-14T11:44:39.134-0400][gc,start    ] GC(3) Pause Young (Normal) (G1 Evacuation Pause)
[2023-04-14T11:44:39.134-0400][gc,task     ] GC(3) Using 8 workers of 8 for evacuation
[2023-04-14T11:44:39.137-0400][gc,phases   ] GC(3)   Pre Evacuate Collection Set: 0.1ms
[2023-04-14T11:44:39.137-0400][gc,phases   ] GC(3)   Merge Heap Roots: 0.1ms
[2023-04-14T11:44:39.137-0400][gc,phases   ] GC(3)   Evacuate Collection Set: 2.3ms
[2023-04-14T11:44:39.137-0400][gc,phases   ] GC(3)   Post Evacuate Collection Set: 0.4ms
[2023-04-14T11:44:39.137-0400][gc,phases   ] GC(3)   Other: 0.1ms
[2023-04-14T11:44:39.137-0400][gc,heap     ] GC(3) Eden regions: 49->0(45)
[2023-04-14T11:44:39.137-0400][gc,heap     ] GC(3) Survivor regions: 2->6(7)
[2023-04-14T11:44:39.137-0400][gc,heap     ] GC(3) Old regions: 8->8
[2023-04-14T11:44:39.137-0400][gc,heap     ] GC(3) Archive regions: 2->2
[2023-04-14T11:44:39.137-0400][gc,heap     ] GC(3) Humongous regions: 129->129
[2023-04-14T11:44:39.137-0400][gc,metaspace] GC(3) Metaspace: 31074K(31488K)->31074K(31488K) NonClass: 27676K(27904K)->27676K(27904K) Class: 3397K(3584K)->3397K(3584K)
[2023-04-14T11:44:39.137-0400][gc          ] GC(3) Pause Young (Normal) (G1 Evacuation Pause) 187M->142M(1024M) 3.007ms
[2023-04-14T11:44:39.137-0400][gc,cpu      ] GC(3) User=0.02s Sys=0.00s Real=0.00s
[2023-04-14T11:44:40.866-0400][gc,heap,exit] Heap
[2023-04-14T11:44:40.866-0400][gc,heap,exit]  garbage-first heap   total 1048576K, used 154804K [0x00000007c0000000, 0x0000000800000000)
[2023-04-14T11:44:40.866-0400][gc,heap,exit]   region size 1024K, 15 young (15360K), 6 survivors (6144K)
[2023-04-14T11:44:40.866-0400][gc,heap,exit]  Metaspace       used 32191K, committed 32512K, reserved 1114112K
[2023-04-14T11:44:40.866-0400][gc,heap,exit]   class space    used 3589K, committed 3712K, reserved 1048576K
