[2023-04-14T11:57:28.112-0400][gc,init] CardTable entry size: 512
[2023-04-14T11:57:28.112-0400][gc     ] Using G1
[2023-04-14T11:57:28.118-0400][gc,init] Version: 19.0.2+7-44 (release)
[2023-04-14T11:57:28.118-0400][gc,init] CPUs: 8 total, 8 available
[2023-04-14T11:57:28.118-0400][gc,init] Memory: 16384M
[2023-04-14T11:57:28.118-0400][gc,init] Large Page Support: Disabled
[2023-04-14T11:57:28.118-0400][gc,init] NUMA Support: Disabled
[2023-04-14T11:57:28.118-0400][gc,init] Compressed Oops: Enabled (Zero based)
[2023-04-14T11:57:28.118-0400][gc,init] Heap Region Size: 1M
[2023-04-14T11:57:28.118-0400][gc,init] Heap Min Capacity: 1G
[2023-04-14T11:57:28.118-0400][gc,init] Heap Initial Capacity: 1G
[2023-04-14T11:57:28.118-0400][gc,init] Heap Max Capacity: 1G
[2023-04-14T11:57:28.118-0400][gc,init] Pre-touch: Disabled
[2023-04-14T11:57:28.118-0400][gc,init] Parallel Workers: 8
[2023-04-14T11:57:28.118-0400][gc,init] Concurrent Workers: 2
[2023-04-14T11:57:28.118-0400][gc,init] Concurrent Refinement Workers: 8
[2023-04-14T11:57:28.118-0400][gc,init] Periodic GC: Disabled
[2023-04-14T11:57:28.118-0400][gc,metaspace] CDS archive(s) mapped at: [0x0000000800000000-0x0000000800c44000-0x0000000800c44000), size 12861440, SharedBaseAddress: 0x0000000800000000, ArchiveRelocationMode: 0.
[2023-04-14T11:57:28.118-0400][gc,metaspace] Compressed class space mapped at: 0x0000000801000000-0x0000000841000000, reserved size: 1073741824
[2023-04-14T11:57:28.118-0400][gc,metaspace] Narrow klass base: 0x0000000800000000, Narrow klass shift: 0, Narrow klass range: 0x100000000
[2023-04-14T11:57:29.453-0400][gc,start    ] GC(0) Pause Young (Normal) (G1 Evacuation Pause)
[2023-04-14T11:57:29.454-0400][gc,task     ] GC(0) Using 8 workers of 8 for evacuation
[2023-04-14T11:57:29.460-0400][gc,phases   ] GC(0)   Pre Evacuate Collection Set: 0.1ms
[2023-04-14T11:57:29.460-0400][gc,phases   ] GC(0)   Merge Heap Roots: 0.1ms
[2023-04-14T11:57:29.460-0400][gc,phases   ] GC(0)   Evacuate Collection Set: 5.6ms
[2023-04-14T11:57:29.460-0400][gc,phases   ] GC(0)   Post Evacuate Collection Set: 0.5ms
[2023-04-14T11:57:29.460-0400][gc,phases   ] GC(0)   Other: 0.5ms
[2023-04-14T11:57:29.460-0400][gc,heap     ] GC(0) Eden regions: 51->0(44)
[2023-04-14T11:57:29.460-0400][gc,heap     ] GC(0) Survivor regions: 0->7(7)
[2023-04-14T11:57:29.460-0400][gc,heap     ] GC(0) Old regions: 0->1
[2023-04-14T11:57:29.460-0400][gc,heap     ] GC(0) Archive regions: 2->2
[2023-04-14T11:57:29.460-0400][gc,heap     ] GC(0) Humongous regions: 0->0
[2023-04-14T11:57:29.460-0400][gc,metaspace] GC(0) Metaspace: 18668K(18880K)->18668K(18880K) NonClass: 16556K(16640K)->16556K(16640K) Class: 2112K(2240K)->2112K(2240K)
[2023-04-14T11:57:29.461-0400][gc          ] GC(0) Pause Young (Normal) (G1 Evacuation Pause) 51M->7M(1024M) 7.115ms
[2023-04-14T11:57:29.461-0400][gc,cpu      ] GC(0) User=0.01s Sys=0.01s Real=0.01s
[2023-04-14T11:57:29.605-0400][gc,start    ] GC(1) Pause Young (Concurrent Start) (Metadata GC Threshold)
[2023-04-14T11:57:29.605-0400][gc,task     ] GC(1) Using 8 workers of 8 for evacuation
[2023-04-14T11:57:29.610-0400][gc,phases   ] GC(1)   Pre Evacuate Collection Set: 0.1ms
[2023-04-14T11:57:29.610-0400][gc,phases   ] GC(1)   Merge Heap Roots: 0.0ms
[2023-04-14T11:57:29.610-0400][gc,phases   ] GC(1)   Evacuate Collection Set: 4.3ms
[2023-04-14T11:57:29.610-0400][gc,phases   ] GC(1)   Post Evacuate Collection Set: 0.3ms
[2023-04-14T11:57:29.610-0400][gc,phases   ] GC(1)   Other: 0.1ms
[2023-04-14T11:57:29.610-0400][gc,heap     ] GC(1) Eden regions: 11->0(49)
[2023-04-14T11:57:29.610-0400][gc,heap     ] GC(1) Survivor regions: 7->2(7)
[2023-04-14T11:57:29.610-0400][gc,heap     ] GC(1) Old regions: 1->7
[2023-04-14T11:57:29.610-0400][gc,heap     ] GC(1) Archive regions: 2->2
[2023-04-14T11:57:29.610-0400][gc,heap     ] GC(1) Humongous regions: 0->0
[2023-04-14T11:57:29.610-0400][gc,metaspace] GC(1) Metaspace: 21308K(21504K)->21308K(21504K) NonClass: 18873K(18944K)->18873K(18944K) Class: 2435K(2560K)->2435K(2560K)
[2023-04-14T11:57:29.610-0400][gc          ] GC(1) Pause Young (Concurrent Start) (Metadata GC Threshold) 18M->9M(1024M) 5.078ms
[2023-04-14T11:57:29.610-0400][gc,cpu      ] GC(1) User=0.02s Sys=0.01s Real=0.01s
[2023-04-14T11:57:29.610-0400][gc          ] GC(2) Concurrent Mark Cycle
[2023-04-14T11:57:29.610-0400][gc,marking  ] GC(2) Concurrent Clear Claimed Marks
[2023-04-14T11:57:29.610-0400][gc,marking  ] GC(2) Concurrent Clear Claimed Marks 0.013ms
[2023-04-14T11:57:29.610-0400][gc,marking  ] GC(2) Concurrent Scan Root Regions
[2023-04-14T11:57:29.612-0400][gc,marking  ] GC(2) Concurrent Scan Root Regions 1.749ms
[2023-04-14T11:57:29.612-0400][gc,marking  ] GC(2) Concurrent Mark
[2023-04-14T11:57:29.612-0400][gc,marking  ] GC(2) Concurrent Mark From Roots
[2023-04-14T11:57:29.612-0400][gc,task     ] GC(2) Using 2 workers of 2 for marking
[2023-04-14T11:57:29.612-0400][gc,marking  ] GC(2) Concurrent Mark From Roots 0.585ms
[2023-04-14T11:57:29.612-0400][gc,marking  ] GC(2) Concurrent Preclean
[2023-04-14T11:57:29.612-0400][gc,marking  ] GC(2) Concurrent Preclean 0.011ms
[2023-04-14T11:57:29.612-0400][gc,start    ] GC(2) Pause Remark
[2023-04-14T11:57:29.613-0400][gc          ] GC(2) Pause Remark 9M->9M(1024M) 1.030ms
[2023-04-14T11:57:29.614-0400][gc,cpu      ] GC(2) User=0.00s Sys=0.00s Real=0.00s
[2023-04-14T11:57:29.614-0400][gc,marking  ] GC(2) Concurrent Mark 1.867ms
[2023-04-14T11:57:29.614-0400][gc,marking  ] GC(2) Concurrent Rebuild Remembered Sets
[2023-04-14T11:57:29.614-0400][gc,marking  ] GC(2) Concurrent Rebuild Remembered Sets 0.007ms
[2023-04-14T11:57:29.614-0400][gc,start    ] GC(2) Pause Cleanup
[2023-04-14T11:57:29.614-0400][gc          ] GC(2) Pause Cleanup 9M->9M(1024M) 0.023ms
[2023-04-14T11:57:29.614-0400][gc,cpu      ] GC(2) User=0.00s Sys=0.00s Real=0.00s
[2023-04-14T11:57:29.614-0400][gc,marking  ] GC(2) Concurrent Cleanup for Next Mark
[2023-04-14T11:57:29.619-0400][gc,marking  ] GC(2) Concurrent Cleanup for Next Mark 4.994ms
[2023-04-14T11:57:29.619-0400][gc          ] GC(2) Concurrent Mark Cycle 8.892ms
[2023-04-14T11:57:30.469-0400][gc,start    ] GC(3) Pause Young (Normal) (G1 Evacuation Pause)
[2023-04-14T11:57:30.469-0400][gc,task     ] GC(3) Using 8 workers of 8 for evacuation
[2023-04-14T11:57:30.472-0400][gc,phases   ] GC(3)   Pre Evacuate Collection Set: 0.1ms
[2023-04-14T11:57:30.472-0400][gc,phases   ] GC(3)   Merge Heap Roots: 0.1ms
[2023-04-14T11:57:30.472-0400][gc,phases   ] GC(3)   Evacuate Collection Set: 2.6ms
[2023-04-14T11:57:30.472-0400][gc,phases   ] GC(3)   Post Evacuate Collection Set: 0.4ms
[2023-04-14T11:57:30.472-0400][gc,phases   ] GC(3)   Other: 0.1ms
[2023-04-14T11:57:30.472-0400][gc,heap     ] GC(3) Eden regions: 49->0(45)
[2023-04-14T11:57:30.472-0400][gc,heap     ] GC(3) Survivor regions: 2->6(7)
[2023-04-14T11:57:30.472-0400][gc,heap     ] GC(3) Old regions: 7->7
[2023-04-14T11:57:30.472-0400][gc,heap     ] GC(3) Archive regions: 2->2
[2023-04-14T11:57:30.472-0400][gc,heap     ] GC(3) Humongous regions: 129->129
[2023-04-14T11:57:30.472-0400][gc,metaspace] GC(3) Metaspace: 31912K(32256K)->31912K(32256K) NonClass: 28462K(28672K)->28462K(28672K) Class: 3449K(3584K)->3449K(3584K)
[2023-04-14T11:57:30.472-0400][gc          ] GC(3) Pause Young (Normal) (G1 Evacuation Pause) 187M->142M(1024M) 3.406ms
[2023-04-14T11:57:30.472-0400][gc,cpu      ] GC(3) User=0.02s Sys=0.00s Real=0.01s
[2023-04-14T11:57:30.602-0400][gc,start    ] GC(4) Pause Young (Concurrent Start) (Metadata GC Threshold)
[2023-04-14T11:57:30.602-0400][gc,task     ] GC(4) Using 8 workers of 8 for evacuation
[2023-04-14T11:57:30.607-0400][gc,phases   ] GC(4)   Pre Evacuate Collection Set: 0.2ms
[2023-04-14T11:57:30.607-0400][gc,phases   ] GC(4)   Merge Heap Roots: 0.1ms
[2023-04-14T11:57:30.607-0400][gc,phases   ] GC(4)   Evacuate Collection Set: 4.1ms
[2023-04-14T11:57:30.607-0400][gc,phases   ] GC(4)   Post Evacuate Collection Set: 0.4ms
[2023-04-14T11:57:30.607-0400][gc,phases   ] GC(4)   Other: 0.1ms
[2023-04-14T11:57:30.607-0400][gc,heap     ] GC(4) Eden regions: 17->0(49)
[2023-04-14T11:57:30.607-0400][gc,heap     ] GC(4) Survivor regions: 6->2(7)
[2023-04-14T11:57:30.607-0400][gc,heap     ] GC(4) Old regions: 7->13
[2023-04-14T11:57:30.607-0400][gc,heap     ] GC(4) Archive regions: 2->2
[2023-04-14T11:57:30.607-0400][gc,heap     ] GC(4) Humongous regions: 129->129
[2023-04-14T11:57:30.607-0400][gc,metaspace] GC(4) Metaspace: 35676K(35968K)->35676K(35968K) NonClass: 31837K(32000K)->31837K(32000K) Class: 3839K(3968K)->3839K(3968K)
[2023-04-14T11:57:30.607-0400][gc          ] GC(4) Pause Young (Concurrent Start) (Metadata GC Threshold) 158M->143M(1024M) 5.042ms
[2023-04-14T11:57:30.607-0400][gc,cpu      ] GC(4) User=0.02s Sys=0.00s Real=0.00s
[2023-04-14T11:57:30.607-0400][gc          ] GC(5) Concurrent Mark Cycle
[2023-04-14T11:57:30.607-0400][gc,marking  ] GC(5) Concurrent Clear Claimed Marks
[2023-04-14T11:57:30.607-0400][gc,marking  ] GC(5) Concurrent Clear Claimed Marks 0.020ms
[2023-04-14T11:57:30.607-0400][gc,marking  ] GC(5) Concurrent Scan Root Regions
[2023-04-14T11:57:30.610-0400][gc,marking  ] GC(5) Concurrent Scan Root Regions 2.679ms
[2023-04-14T11:57:30.610-0400][gc,marking  ] GC(5) Concurrent Mark
[2023-04-14T11:57:30.610-0400][gc,marking  ] GC(5) Concurrent Mark From Roots
[2023-04-14T11:57:30.610-0400][gc,task     ] GC(5) Using 2 workers of 2 for marking
[2023-04-14T11:57:30.615-0400][gc,marking  ] GC(5) Concurrent Mark From Roots 5.278ms
[2023-04-14T11:57:30.615-0400][gc,marking  ] GC(5) Concurrent Preclean
[2023-04-14T11:57:30.615-0400][gc,marking  ] GC(5) Concurrent Preclean 0.057ms
[2023-04-14T11:57:30.615-0400][gc,start    ] GC(5) Pause Remark
[2023-04-14T11:57:30.616-0400][gc          ] GC(5) Pause Remark 145M->145M(1024M) 1.094ms
[2023-04-14T11:57:30.616-0400][gc,cpu      ] GC(5) User=0.01s Sys=0.00s Real=0.00s
[2023-04-14T11:57:30.617-0400][gc,marking  ] GC(5) Concurrent Mark 7.236ms
[2023-04-14T11:57:30.617-0400][gc,marking  ] GC(5) Concurrent Rebuild Remembered Sets
[2023-04-14T11:57:30.622-0400][gc,marking  ] GC(5) Concurrent Rebuild Remembered Sets 4.544ms
[2023-04-14T11:57:30.623-0400][gc,start    ] GC(5) Pause Cleanup
[2023-04-14T11:57:30.623-0400][gc          ] GC(5) Pause Cleanup 146M->146M(1024M) 0.149ms
[2023-04-14T11:57:30.623-0400][gc,cpu      ] GC(5) User=0.00s Sys=0.00s Real=0.00s
[2023-04-14T11:57:30.623-0400][gc,marking  ] GC(5) Concurrent Cleanup for Next Mark
[2023-04-14T11:57:30.629-0400][gc,marking  ] GC(5) Concurrent Cleanup for Next Mark 6.120ms
[2023-04-14T11:57:30.629-0400][gc          ] GC(5) Concurrent Mark Cycle 22.425ms
[2023-04-14T12:04:43.095-0400][gc,start    ] GC(6) Pause Young (Normal) (G1 Evacuation Pause)
[2023-04-14T12:04:43.096-0400][gc,task     ] GC(6) Using 8 workers of 8 for evacuation
[2023-04-14T12:04:43.103-0400][gc,phases   ] GC(6)   Pre Evacuate Collection Set: 0.3ms
[2023-04-14T12:04:43.103-0400][gc,phases   ] GC(6)   Merge Heap Roots: 0.2ms
[2023-04-14T12:04:43.103-0400][gc,phases   ] GC(6)   Evacuate Collection Set: 5.2ms
[2023-04-14T12:04:43.103-0400][gc,phases   ] GC(6)   Post Evacuate Collection Set: 0.8ms
[2023-04-14T12:04:43.103-0400][gc,phases   ] GC(6)   Other: 0.2ms
[2023-04-14T12:04:43.103-0400][gc,heap     ] GC(6) Eden regions: 49->0(46)
[2023-04-14T12:04:43.103-0400][gc,heap     ] GC(6) Survivor regions: 2->5(7)
[2023-04-14T12:04:43.103-0400][gc,heap     ] GC(6) Old regions: 13->13
[2023-04-14T12:04:43.103-0400][gc,heap     ] GC(6) Archive regions: 2->2
[2023-04-14T12:04:43.103-0400][gc,heap     ] GC(6) Humongous regions: 147->129
[2023-04-14T12:04:43.103-0400][gc,metaspace] GC(6) Metaspace: 41230K(41856K)->41230K(41856K) NonClass: 36586K(36928K)->36586K(36928K) Class: 4644K(4928K)->4644K(4928K)
[2023-04-14T12:04:43.103-0400][gc          ] GC(6) Pause Young (Normal) (G1 Evacuation Pause) 210M->146M(1024M) 7.969ms
[2023-04-14T12:04:43.103-0400][gc,cpu      ] GC(6) User=0.04s Sys=0.01s Real=0.01s
[2023-04-14T12:06:54.792-0400][gc,heap,exit] Heap
[2023-04-14T12:06:54.793-0400][gc,heap,exit]  garbage-first heap   total 1048576K, used 169697K [0x00000007c0000000, 0x0000000800000000)
[2023-04-14T12:06:54.793-0400][gc,heap,exit]   region size 1024K, 24 young (24576K), 5 survivors (5120K)
[2023-04-14T12:06:54.793-0400][gc,heap,exit]  Metaspace       used 42091K, committed 42816K, reserved 1114112K
[2023-04-14T12:06:54.793-0400][gc,heap,exit]   class space    used 4838K, committed 5184K, reserved 1048576K
