[2023-04-14T12:09:03.181-0400][gc,init] CardTable entry size: 512
[2023-04-14T12:09:03.181-0400][gc     ] Using G1
[2023-04-14T12:09:03.186-0400][gc,init] Version: 19.0.2+7-44 (release)
[2023-04-14T12:09:03.186-0400][gc,init] CPUs: 8 total, 8 available
[2023-04-14T12:09:03.186-0400][gc,init] Memory: 16384M
[2023-04-14T12:09:03.186-0400][gc,init] Large Page Support: Disabled
[2023-04-14T12:09:03.186-0400][gc,init] NUMA Support: Disabled
[2023-04-14T12:09:03.186-0400][gc,init] Compressed Oops: Enabled (Zero based)
[2023-04-14T12:09:03.186-0400][gc,init] Heap Region Size: 1M
[2023-04-14T12:09:03.186-0400][gc,init] Heap Min Capacity: 1G
[2023-04-14T12:09:03.186-0400][gc,init] Heap Initial Capacity: 1G
[2023-04-14T12:09:03.186-0400][gc,init] Heap Max Capacity: 1G
[2023-04-14T12:09:03.187-0400][gc,init] Pre-touch: Disabled
[2023-04-14T12:09:03.187-0400][gc,init] Parallel Workers: 8
[2023-04-14T12:09:03.187-0400][gc,init] Concurrent Workers: 2
[2023-04-14T12:09:03.187-0400][gc,init] Concurrent Refinement Workers: 8
[2023-04-14T12:09:03.187-0400][gc,init] Periodic GC: Disabled
[2023-04-14T12:09:03.187-0400][gc,metaspace] CDS archive(s) mapped at: [0x0000000800000000-0x0000000800c44000-0x0000000800c44000), size 12861440, SharedBaseAddress: 0x0000000800000000, ArchiveRelocationMode: 0.
[2023-04-14T12:09:03.187-0400][gc,metaspace] Compressed class space mapped at: 0x0000000801000000-0x0000000841000000, reserved size: 1073741824
[2023-04-14T12:09:03.187-0400][gc,metaspace] Narrow klass base: 0x0000000800000000, Narrow klass shift: 0, Narrow klass range: 0x100000000
[2023-04-14T12:09:04.618-0400][gc,start    ] GC(0) Pause Young (Normal) (G1 Evacuation Pause)
[2023-04-14T12:09:04.619-0400][gc,task     ] GC(0) Using 8 workers of 8 for evacuation
[2023-04-14T12:09:04.624-0400][gc,phases   ] GC(0)   Pre Evacuate Collection Set: 0.2ms
[2023-04-14T12:09:04.624-0400][gc,phases   ] GC(0)   Merge Heap Roots: 0.1ms
[2023-04-14T12:09:04.624-0400][gc,phases   ] GC(0)   Evacuate Collection Set: 3.7ms
[2023-04-14T12:09:04.624-0400][gc,phases   ] GC(0)   Post Evacuate Collection Set: 0.5ms
[2023-04-14T12:09:04.624-0400][gc,phases   ] GC(0)   Other: 0.7ms
[2023-04-14T12:09:04.624-0400][gc,heap     ] GC(0) Eden regions: 51->0(44)
[2023-04-14T12:09:04.624-0400][gc,heap     ] GC(0) Survivor regions: 0->7(7)
[2023-04-14T12:09:04.624-0400][gc,heap     ] GC(0) Old regions: 0->1
[2023-04-14T12:09:04.624-0400][gc,heap     ] GC(0) Archive regions: 2->2
[2023-04-14T12:09:04.624-0400][gc,heap     ] GC(0) Humongous regions: 0->0
[2023-04-14T12:09:04.624-0400][gc,metaspace] GC(0) Metaspace: 18568K(18880K)->18568K(18880K) NonClass: 16470K(16640K)->16470K(16640K) Class: 2097K(2240K)->2097K(2240K)
[2023-04-14T12:09:04.624-0400][gc          ] GC(0) Pause Young (Normal) (G1 Evacuation Pause) 51M->8M(1024M) 5.487ms
[2023-04-14T12:09:04.624-0400][gc,cpu      ] GC(0) User=0.02s Sys=0.01s Real=0.01s
[2023-04-14T12:09:04.755-0400][gc,start    ] GC(1) Pause Young (Concurrent Start) (Metadata GC Threshold)
[2023-04-14T12:09:04.755-0400][gc,task     ] GC(1) Using 8 workers of 8 for evacuation
[2023-04-14T12:09:04.760-0400][gc,phases   ] GC(1)   Pre Evacuate Collection Set: 0.1ms
[2023-04-14T12:09:04.760-0400][gc,phases   ] GC(1)   Merge Heap Roots: 0.1ms
[2023-04-14T12:09:04.760-0400][gc,phases   ] GC(1)   Evacuate Collection Set: 4.3ms
[2023-04-14T12:09:04.760-0400][gc,phases   ] GC(1)   Post Evacuate Collection Set: 0.3ms
[2023-04-14T12:09:04.760-0400][gc,phases   ] GC(1)   Other: 0.1ms
[2023-04-14T12:09:04.760-0400][gc,heap     ] GC(1) Eden regions: 11->0(49)
[2023-04-14T12:09:04.760-0400][gc,heap     ] GC(1) Survivor regions: 7->2(7)
[2023-04-14T12:09:04.760-0400][gc,heap     ] GC(1) Old regions: 1->8
[2023-04-14T12:09:04.760-0400][gc,heap     ] GC(1) Archive regions: 2->2
[2023-04-14T12:09:04.760-0400][gc,heap     ] GC(1) Humongous regions: 0->0
[2023-04-14T12:09:04.760-0400][gc,metaspace] GC(1) Metaspace: 21276K(21504K)->21276K(21504K) NonClass: 18842K(18944K)->18842K(18944K) Class: 2433K(2560K)->2433K(2560K)
[2023-04-14T12:09:04.760-0400][gc          ] GC(1) Pause Young (Concurrent Start) (Metadata GC Threshold) 18M->9M(1024M) 5.080ms
[2023-04-14T12:09:04.760-0400][gc          ] GC(2) Concurrent Mark Cycle
[2023-04-14T12:09:04.760-0400][gc,cpu      ] GC(1) User=0.02s Sys=0.01s Real=0.01s
[2023-04-14T12:09:04.760-0400][gc,marking  ] GC(2) Concurrent Clear Claimed Marks
[2023-04-14T12:09:04.760-0400][gc,marking  ] GC(2) Concurrent Clear Claimed Marks 0.061ms
[2023-04-14T12:09:04.760-0400][gc,marking  ] GC(2) Concurrent Scan Root Regions
[2023-04-14T12:09:04.762-0400][gc,marking  ] GC(2) Concurrent Scan Root Regions 1.671ms
[2023-04-14T12:09:04.762-0400][gc,marking  ] GC(2) Concurrent Mark
[2023-04-14T12:09:04.762-0400][gc,marking  ] GC(2) Concurrent Mark From Roots
[2023-04-14T12:09:04.762-0400][gc,task     ] GC(2) Using 2 workers of 2 for marking
[2023-04-14T12:09:04.762-0400][gc,marking  ] GC(2) Concurrent Mark From Roots 0.574ms
[2023-04-14T12:09:04.762-0400][gc,marking  ] GC(2) Concurrent Preclean
[2023-04-14T12:09:04.762-0400][gc,marking  ] GC(2) Concurrent Preclean 0.011ms
[2023-04-14T12:09:04.762-0400][gc,start    ] GC(2) Pause Remark
[2023-04-14T12:09:04.763-0400][gc          ] GC(2) Pause Remark 9M->9M(1024M) 1.076ms
[2023-04-14T12:09:04.764-0400][gc,cpu      ] GC(2) User=0.00s Sys=0.00s Real=0.00s
[2023-04-14T12:09:04.764-0400][gc,marking  ] GC(2) Concurrent Mark 1.935ms
[2023-04-14T12:09:04.764-0400][gc,marking  ] GC(2) Concurrent Rebuild Remembered Sets
[2023-04-14T12:09:04.765-0400][gc,marking  ] GC(2) Concurrent Rebuild Remembered Sets 1.667ms
[2023-04-14T12:09:04.765-0400][gc,start    ] GC(2) Pause Cleanup
[2023-04-14T12:09:04.765-0400][gc          ] GC(2) Pause Cleanup 10M->10M(1024M) 0.086ms
[2023-04-14T12:09:04.765-0400][gc,cpu      ] GC(2) User=0.00s Sys=0.00s Real=0.00s
[2023-04-14T12:09:04.766-0400][gc,marking  ] GC(2) Concurrent Cleanup for Next Mark
[2023-04-14T12:09:04.771-0400][gc,marking  ] GC(2) Concurrent Cleanup for Next Mark 5.399ms
[2023-04-14T12:09:04.771-0400][gc          ] GC(2) Concurrent Mark Cycle 11.141ms
[2023-04-14T12:09:06.721-0400][gc,start    ] GC(3) Pause Young (Normal) (G1 Evacuation Pause)
[2023-04-14T12:09:06.721-0400][gc,task     ] GC(3) Using 8 workers of 8 for evacuation
[2023-04-14T12:09:06.725-0400][gc,phases   ] GC(3)   Pre Evacuate Collection Set: 0.1ms
[2023-04-14T12:09:06.725-0400][gc,phases   ] GC(3)   Merge Heap Roots: 0.1ms
[2023-04-14T12:09:06.725-0400][gc,phases   ] GC(3)   Evacuate Collection Set: 3.5ms
[2023-04-14T12:09:06.725-0400][gc,phases   ] GC(3)   Post Evacuate Collection Set: 0.5ms
[2023-04-14T12:09:06.725-0400][gc,phases   ] GC(3)   Other: 0.1ms
[2023-04-14T12:09:06.725-0400][gc,heap     ] GC(3) Eden regions: 49->0(45)
[2023-04-14T12:09:06.725-0400][gc,heap     ] GC(3) Survivor regions: 2->6(7)
[2023-04-14T12:09:06.725-0400][gc,heap     ] GC(3) Old regions: 8->8
[2023-04-14T12:09:06.725-0400][gc,heap     ] GC(3) Archive regions: 2->2
[2023-04-14T12:09:06.725-0400][gc,heap     ] GC(3) Humongous regions: 129->129
[2023-04-14T12:09:06.725-0400][gc,metaspace] GC(3) Metaspace: 31372K(31744K)->31372K(31744K) NonClass: 27944K(28160K)->27944K(28160K) Class: 3428K(3584K)->3428K(3584K)
[2023-04-14T12:09:06.725-0400][gc          ] GC(3) Pause Young (Normal) (G1 Evacuation Pause) 187M->142M(1024M) 4.453ms
[2023-04-14T12:09:06.725-0400][gc,cpu      ] GC(3) User=0.03s Sys=0.01s Real=0.00s
[2023-04-14T12:09:06.889-0400][gc,start    ] GC(4) Pause Young (Concurrent Start) (Metadata GC Threshold)
[2023-04-14T12:09:06.889-0400][gc,task     ] GC(4) Using 8 workers of 8 for evacuation
[2023-04-14T12:09:06.894-0400][gc,phases   ] GC(4)   Pre Evacuate Collection Set: 0.1ms
[2023-04-14T12:09:06.894-0400][gc,phases   ] GC(4)   Merge Heap Roots: 0.0ms
[2023-04-14T12:09:06.894-0400][gc,phases   ] GC(4)   Evacuate Collection Set: 4.9ms
[2023-04-14T12:09:06.894-0400][gc,phases   ] GC(4)   Post Evacuate Collection Set: 0.5ms
[2023-04-14T12:09:06.894-0400][gc,phases   ] GC(4)   Other: 0.1ms
[2023-04-14T12:09:06.894-0400][gc,heap     ] GC(4) Eden regions: 19->0(49)
[2023-04-14T12:09:06.894-0400][gc,heap     ] GC(4) Survivor regions: 6->2(7)
[2023-04-14T12:09:06.894-0400][gc,heap     ] GC(4) Old regions: 8->13
[2023-04-14T12:09:06.894-0400][gc,heap     ] GC(4) Archive regions: 2->2
[2023-04-14T12:09:06.894-0400][gc,heap     ] GC(4) Humongous regions: 129->129
[2023-04-14T12:09:06.894-0400][gc,metaspace] GC(4) Metaspace: 35789K(36096K)->35789K(36096K) NonClass: 31934K(32064K)->31934K(32064K) Class: 3855K(4032K)->3855K(4032K)
[2023-04-14T12:09:06.894-0400][gc          ] GC(4) Pause Young (Concurrent Start) (Metadata GC Threshold) 160M->143M(1024M) 5.834ms
[2023-04-14T12:09:06.895-0400][gc,cpu      ] GC(4) User=0.02s Sys=0.00s Real=0.01s
[2023-04-14T12:09:06.895-0400][gc          ] GC(5) Concurrent Mark Cycle
[2023-04-14T12:09:06.895-0400][gc,marking  ] GC(5) Concurrent Clear Claimed Marks
[2023-04-14T12:09:06.895-0400][gc,marking  ] GC(5) Concurrent Clear Claimed Marks 0.020ms
[2023-04-14T12:09:06.895-0400][gc,marking  ] GC(5) Concurrent Scan Root Regions
[2023-04-14T12:09:06.898-0400][gc,marking  ] GC(5) Concurrent Scan Root Regions 3.238ms
[2023-04-14T12:09:06.898-0400][gc,marking  ] GC(5) Concurrent Mark
[2023-04-14T12:09:06.898-0400][gc,marking  ] GC(5) Concurrent Mark From Roots
[2023-04-14T12:09:06.898-0400][gc,task     ] GC(5) Using 2 workers of 2 for marking
[2023-04-14T12:09:06.904-0400][gc,marking  ] GC(5) Concurrent Mark From Roots 6.379ms
[2023-04-14T12:09:06.904-0400][gc,marking  ] GC(5) Concurrent Preclean
[2023-04-14T12:09:06.904-0400][gc,marking  ] GC(5) Concurrent Preclean 0.064ms
[2023-04-14T12:09:06.905-0400][gc,start    ] GC(5) Pause Remark
[2023-04-14T12:09:06.906-0400][gc          ] GC(5) Pause Remark 146M->146M(1024M) 1.299ms
[2023-04-14T12:09:06.906-0400][gc,cpu      ] GC(5) User=0.01s Sys=0.00s Real=0.00s
[2023-04-14T12:09:06.906-0400][gc,marking  ] GC(5) Concurrent Mark 8.074ms
[2023-04-14T12:09:06.906-0400][gc,marking  ] GC(5) Concurrent Rebuild Remembered Sets
[2023-04-14T12:09:06.911-0400][gc,marking  ] GC(5) Concurrent Rebuild Remembered Sets 5.039ms
[2023-04-14T12:09:06.911-0400][gc,start    ] GC(5) Pause Cleanup
[2023-04-14T12:09:06.911-0400][gc          ] GC(5) Pause Cleanup 146M->146M(1024M) 0.102ms
[2023-04-14T12:09:06.911-0400][gc,cpu      ] GC(5) User=0.00s Sys=0.00s Real=0.00s
[2023-04-14T12:09:06.911-0400][gc,marking  ] GC(5) Concurrent Cleanup for Next Mark
[2023-04-14T12:09:06.920-0400][gc,marking  ] GC(5) Concurrent Cleanup for Next Mark 8.369ms
[2023-04-14T12:09:06.920-0400][gc          ] GC(5) Concurrent Mark Cycle 25.175ms
[2023-04-14T12:15:52.256-0400][gc,start    ] GC(6) Pause Young (Prepare Mixed) (G1 Evacuation Pause)
[2023-04-14T12:15:52.257-0400][gc,task     ] GC(6) Using 8 workers of 8 for evacuation
[2023-04-14T12:15:52.266-0400][gc,phases   ] GC(6)   Pre Evacuate Collection Set: 0.2ms
[2023-04-14T12:15:52.266-0400][gc,phases   ] GC(6)   Merge Heap Roots: 0.2ms
[2023-04-14T12:15:52.266-0400][gc,phases   ] GC(6)   Evacuate Collection Set: 6.9ms
[2023-04-14T12:15:52.266-0400][gc,phases   ] GC(6)   Post Evacuate Collection Set: 1.0ms
[2023-04-14T12:15:52.266-0400][gc,phases   ] GC(6)   Other: 0.2ms
[2023-04-14T12:15:52.266-0400][gc,heap     ] GC(6) Eden regions: 49->0(45)
[2023-04-14T12:15:52.266-0400][gc,heap     ] GC(6) Survivor regions: 2->6(7)
[2023-04-14T12:15:52.266-0400][gc,heap     ] GC(6) Old regions: 13->13
[2023-04-14T12:15:52.266-0400][gc,heap     ] GC(6) Archive regions: 2->2
[2023-04-14T12:15:52.266-0400][gc,heap     ] GC(6) Humongous regions: 159->129
[2023-04-14T12:15:52.266-0400][gc,metaspace] GC(6) Metaspace: 41332K(41920K)->41332K(41920K) NonClass: 36668K(36992K)->36668K(36992K) Class: 4664K(4928K)->4664K(4928K)
[2023-04-14T12:15:52.266-0400][gc          ] GC(6) Pause Young (Prepare Mixed) (G1 Evacuation Pause) 222M->147M(1024M) 9.727ms
[2023-04-14T12:15:52.266-0400][gc,cpu      ] GC(6) User=0.04s Sys=0.01s Real=0.01s
[2023-04-14T12:29:52.979-0400][gc,start    ] GC(7) Pause Young (Mixed) (G1 Evacuation Pause)
[2023-04-14T12:29:52.981-0400][gc,task     ] GC(7) Using 8 workers of 8 for evacuation
[2023-04-14T12:29:52.999-0400][gc,phases   ] GC(7)   Pre Evacuate Collection Set: 2.0ms
[2023-04-14T12:29:52.999-0400][gc,phases   ] GC(7)   Merge Heap Roots: 0.6ms
[2023-04-14T12:29:52.999-0400][gc,phases   ] GC(7)   Evacuate Collection Set: 15.2ms
[2023-04-14T12:29:52.999-0400][gc,phases   ] GC(7)   Post Evacuate Collection Set: 0.5ms
[2023-04-14T12:29:53.000-0400][gc,phases   ] GC(7)   Other: 0.5ms
[2023-04-14T12:29:53.000-0400][gc,heap     ] GC(7) Eden regions: 45->0(48)
[2023-04-14T12:29:53.000-0400][gc,heap     ] GC(7) Survivor regions: 6->3(7)
[2023-04-14T12:29:53.000-0400][gc,heap     ] GC(7) Old regions: 13->16
[2023-04-14T12:29:53.000-0400][gc,heap     ] GC(7) Archive regions: 2->2
[2023-04-14T12:29:53.000-0400][gc,heap     ] GC(7) Humongous regions: 129->129
[2023-04-14T12:29:53.000-0400][gc,metaspace] GC(7) Metaspace: 41635K(42240K)->41635K(42240K) NonClass: 36939K(37312K)->36939K(37312K) Class: 4696K(4928K)->4696K(4928K)
[2023-04-14T12:29:53.000-0400][gc          ] GC(7) Pause Young (Mixed) (G1 Evacuation Pause) 192M->147M(1024M) 20.190ms
[2023-04-14T12:29:53.000-0400][gc,cpu      ] GC(7) User=0.04s Sys=0.06s Real=0.03s
[2023-04-14T12:48:08.021-0400][gc,start    ] GC(8) Pause Young (Normal) (G1 Evacuation Pause)
[2023-04-14T12:48:08.022-0400][gc,task     ] GC(8) Using 8 workers of 8 for evacuation
[2023-04-14T12:48:08.028-0400][gc,phases   ] GC(8)   Pre Evacuate Collection Set: 0.3ms
[2023-04-14T12:48:08.028-0400][gc,phases   ] GC(8)   Merge Heap Roots: 0.2ms
[2023-04-14T12:48:08.028-0400][gc,phases   ] GC(8)   Evacuate Collection Set: 4.8ms
[2023-04-14T12:48:08.028-0400][gc,phases   ] GC(8)   Post Evacuate Collection Set: 0.5ms
[2023-04-14T12:48:08.028-0400][gc,phases   ] GC(8)   Other: 0.2ms
[2023-04-14T12:48:08.028-0400][gc,heap     ] GC(8) Eden regions: 48->0(47)
[2023-04-14T12:48:08.028-0400][gc,heap     ] GC(8) Survivor regions: 3->4(7)
[2023-04-14T12:48:08.028-0400][gc,heap     ] GC(8) Old regions: 16->16
[2023-04-14T12:48:08.028-0400][gc,heap     ] GC(8) Archive regions: 2->2
[2023-04-14T12:48:08.028-0400][gc,heap     ] GC(8) Humongous regions: 129->129
[2023-04-14T12:48:08.028-0400][gc,metaspace] GC(8) Metaspace: 42200K(42880K)->42200K(42880K) NonClass: 37420K(37824K)->37420K(37824K) Class: 4779K(5056K)->4779K(5056K)
[2023-04-14T12:48:08.028-0400][gc          ] GC(8) Pause Young (Normal) (G1 Evacuation Pause) 195M->149M(1024M) 7.685ms
[2023-04-14T12:48:08.028-0400][gc,cpu      ] GC(8) User=0.04s Sys=0.01s Real=0.00s
[2023-04-14T13:04:12.057-0400][gc,start    ] GC(9) Pause Young (Normal) (G1 Evacuation Pause)
[2023-04-14T13:04:12.057-0400][gc,task     ] GC(9) Using 8 workers of 8 for evacuation
[2023-04-14T13:04:12.071-0400][gc,phases   ] GC(9)   Pre Evacuate Collection Set: 0.1ms
[2023-04-14T13:04:12.094-0400][gc,phases   ] GC(9)   Merge Heap Roots: 0.1ms
[2023-04-14T13:04:12.094-0400][gc,phases   ] GC(9)   Evacuate Collection Set: 12.8ms
[2023-04-14T13:04:12.094-0400][gc,phases   ] GC(9)   Post Evacuate Collection Set: 0.4ms
[2023-04-14T13:04:12.094-0400][gc,phases   ] GC(9)   Other: 0.2ms
[2023-04-14T13:04:12.095-0400][gc,heap     ] GC(9) Eden regions: 47->0(45)
[2023-04-14T13:04:12.095-0400][gc,heap     ] GC(9) Survivor regions: 4->6(7)
[2023-04-14T13:04:12.095-0400][gc,heap     ] GC(9) Old regions: 16->17
[2023-04-14T13:04:12.095-0400][gc,heap     ] GC(9) Archive regions: 2->2
[2023-04-14T13:04:12.095-0400][gc,heap     ] GC(9) Humongous regions: 129->129
[2023-04-14T13:04:12.095-0400][gc,metaspace] GC(9) Metaspace: 42283K(42944K)->42283K(42944K) NonClass: 37501K(37888K)->37501K(37888K) Class: 4782K(5056K)->4782K(5056K)
[2023-04-14T13:04:12.095-0400][gc          ] GC(9) Pause Young (Normal) (G1 Evacuation Pause) 196M->151M(1024M) 37.697ms
[2023-04-14T13:04:12.095-0400][gc,cpu      ] GC(9) User=0.03s Sys=0.02s Real=0.04s
[2023-04-14T13:19:31.960-0400][gc,start    ] GC(10) Pause Young (Normal) (G1 Evacuation Pause)
[2023-04-14T13:19:31.961-0400][gc,task     ] GC(10) Using 8 workers of 8 for evacuation
[2023-04-14T13:19:31.991-0400][gc,mmu      ] GC(10) MMU target violated: 21.0ms (20.0ms/21.0ms)
[2023-04-14T13:19:31.991-0400][gc,phases   ] GC(10)   Pre Evacuate Collection Set: 1.5ms
[2023-04-14T13:19:31.991-0400][gc,phases   ] GC(10)   Merge Heap Roots: 0.3ms
[2023-04-14T13:19:31.991-0400][gc,phases   ] GC(10)   Evacuate Collection Set: 28.1ms
[2023-04-14T13:19:31.991-0400][gc,phases   ] GC(10)   Post Evacuate Collection Set: 0.3ms
[2023-04-14T13:19:31.991-0400][gc,phases   ] GC(10)   Other: 0.4ms
[2023-04-14T13:19:31.991-0400][gc,heap     ] GC(10) Eden regions: 45->0(46)
[2023-04-14T13:19:31.991-0400][gc,heap     ] GC(10) Survivor regions: 6->5(7)
[2023-04-14T13:19:31.991-0400][gc,heap     ] GC(10) Old regions: 17->21
[2023-04-14T13:19:31.992-0400][gc,heap     ] GC(10) Archive regions: 2->2
[2023-04-14T13:19:31.992-0400][gc,heap     ] GC(10) Humongous regions: 129->129
[2023-04-14T13:19:31.992-0400][gc,metaspace] GC(10) Metaspace: 42355K(43008K)->42355K(43008K) NonClass: 37570K(37952K)->37570K(37952K) Class: 4785K(5056K)->4785K(5056K)
[2023-04-14T13:19:31.992-0400][gc          ] GC(10) Pause Young (Normal) (G1 Evacuation Pause) 196M->154M(1024M) 31.425ms
[2023-04-14T13:19:31.992-0400][gc,cpu      ] GC(10) User=0.05s Sys=0.10s Real=0.03s
[2023-04-14T13:36:22.861-0400][gc,start    ] GC(11) Pause Young (Normal) (G1 Evacuation Pause)
[2023-04-14T13:36:22.862-0400][gc,task     ] GC(11) Using 8 workers of 8 for evacuation
[2023-04-14T13:36:22.873-0400][gc,phases   ] GC(11)   Pre Evacuate Collection Set: 0.2ms
[2023-04-14T13:36:22.873-0400][gc,phases   ] GC(11)   Merge Heap Roots: 0.1ms
[2023-04-14T13:36:22.873-0400][gc,phases   ] GC(11)   Evacuate Collection Set: 10.1ms
[2023-04-14T13:36:22.873-0400][gc,phases   ] GC(11)   Post Evacuate Collection Set: 0.3ms
[2023-04-14T13:36:22.873-0400][gc,phases   ] GC(11)   Other: 0.2ms
[2023-04-14T13:36:22.873-0400][gc,heap     ] GC(11) Eden regions: 46->0(48)
[2023-04-14T13:36:22.873-0400][gc,heap     ] GC(11) Survivor regions: 5->3(7)
[2023-04-14T13:36:22.873-0400][gc,heap     ] GC(11) Old regions: 21->22
[2023-04-14T13:36:22.873-0400][gc,heap     ] GC(11) Archive regions: 2->2
[2023-04-14T13:36:22.873-0400][gc,heap     ] GC(11) Humongous regions: 129->129
[2023-04-14T13:36:22.873-0400][gc,metaspace] GC(11) Metaspace: 42363K(43008K)->42363K(43008K) NonClass: 37577K(37952K)->37577K(37952K) Class: 4785K(5056K)->4785K(5056K)
[2023-04-14T13:36:22.873-0400][gc          ] GC(11) Pause Young (Normal) (G1 Evacuation Pause) 200M->154M(1024M) 11.814ms
[2023-04-14T13:36:22.873-0400][gc,cpu      ] GC(11) User=0.02s Sys=0.03s Real=0.01s
[2023-04-14T13:53:55.059-0400][gc,start    ] GC(12) Pause Young (Normal) (G1 Evacuation Pause)
[2023-04-14T13:53:55.060-0400][gc,task     ] GC(12) Using 8 workers of 8 for evacuation
[2023-04-14T13:53:55.068-0400][gc,phases   ] GC(12)   Pre Evacuate Collection Set: 0.3ms
[2023-04-14T13:53:55.068-0400][gc,phases   ] GC(12)   Merge Heap Roots: 0.1ms
[2023-04-14T13:53:55.068-0400][gc,phases   ] GC(12)   Evacuate Collection Set: 6.4ms
[2023-04-14T13:53:55.068-0400][gc,phases   ] GC(12)   Post Evacuate Collection Set: 0.3ms
[2023-04-14T13:53:55.068-0400][gc,phases   ] GC(12)   Other: 0.2ms
[2023-04-14T13:53:55.068-0400][gc,heap     ] GC(12) Eden regions: 48->0(66)
[2023-04-14T13:53:55.068-0400][gc,heap     ] GC(12) Survivor regions: 3->3(7)
[2023-04-14T13:53:55.068-0400][gc,heap     ] GC(12) Old regions: 22->22
[2023-04-14T13:53:55.068-0400][gc,heap     ] GC(12) Archive regions: 2->2
[2023-04-14T13:53:55.068-0400][gc,heap     ] GC(12) Humongous regions: 129->129
[2023-04-14T13:53:55.068-0400][gc,metaspace] GC(12) Metaspace: 42380K(43008K)->42380K(43008K) NonClass: 37595K(37952K)->37595K(37952K) Class: 4785K(5056K)->4785K(5056K)
[2023-04-14T13:53:55.068-0400][gc          ] GC(12) Pause Young (Normal) (G1 Evacuation Pause) 202M->154M(1024M) 9.194ms
[2023-04-14T13:53:55.068-0400][gc,cpu      ] GC(12) User=0.02s Sys=0.02s Real=0.01s
[2023-04-14T14:17:14.854-0400][gc,start    ] GC(13) Pause Young (Normal) (G1 Evacuation Pause)
[2023-04-14T14:17:14.856-0400][gc,task     ] GC(13) Using 8 workers of 8 for evacuation
[2023-04-14T14:17:14.947-0400][gc,mmu      ] GC(13) MMU target violated: 21.0ms (20.0ms/21.0ms)
[2023-04-14T14:17:14.949-0400][gc,phases   ] GC(13)   Pre Evacuate Collection Set: 9.3ms
[2023-04-14T14:17:14.949-0400][gc,phases   ] GC(13)   Merge Heap Roots: 1.5ms
[2023-04-14T14:17:14.949-0400][gc,phases   ] GC(13)   Evacuate Collection Set: 73.3ms
[2023-04-14T14:17:14.949-0400][gc,phases   ] GC(13)   Post Evacuate Collection Set: 3.3ms
[2023-04-14T14:17:14.949-0400][gc,phases   ] GC(13)   Other: 5.6ms
[2023-04-14T14:17:14.949-0400][gc,heap     ] GC(13) Eden regions: 66->0(47)
[2023-04-14T14:17:14.949-0400][gc,heap     ] GC(13) Survivor regions: 3->4(9)
[2023-04-14T14:17:14.949-0400][gc,heap     ] GC(13) Old regions: 22->22
[2023-04-14T14:17:14.949-0400][gc,heap     ] GC(13) Archive regions: 2->2
[2023-04-14T14:17:14.949-0400][gc,heap     ] GC(13) Humongous regions: 129->129
[2023-04-14T14:17:14.949-0400][gc,metaspace] GC(13) Metaspace: 42401K(43008K)->42401K(43008K) NonClass: 37615K(37952K)->37615K(37952K) Class: 4785K(5056K)->4785K(5056K)
[2023-04-14T14:17:14.953-0400][gc          ] GC(13) Pause Young (Normal) (G1 Evacuation Pause) 220M->155M(1024M) 99.193ms
[2023-04-14T14:17:14.953-0400][gc,cpu      ] GC(13) User=0.05s Sys=0.08s Real=0.10s
[2023-04-14T14:34:37.150-0400][gc,start    ] GC(14) Pause Young (Normal) (G1 Evacuation Pause)
[2023-04-14T14:34:37.151-0400][gc,task     ] GC(14) Using 8 workers of 8 for evacuation
[2023-04-14T14:34:37.177-0400][gc,mmu      ] GC(14) MMU target violated: 21.0ms (20.0ms/21.0ms)
[2023-04-14T14:34:37.177-0400][gc,phases   ] GC(14)   Pre Evacuate Collection Set: 2.3ms
[2023-04-14T14:34:37.177-0400][gc,phases   ] GC(14)   Merge Heap Roots: 1.7ms
[2023-04-14T14:34:37.177-0400][gc,phases   ] GC(14)   Evacuate Collection Set: 20.9ms
[2023-04-14T14:34:37.177-0400][gc,phases   ] GC(14)   Post Evacuate Collection Set: 0.6ms
[2023-04-14T14:34:37.177-0400][gc,phases   ] GC(14)   Other: 1.2ms
[2023-04-14T14:34:37.177-0400][gc,heap     ] GC(14) Eden regions: 47->0(47)
[2023-04-14T14:34:37.177-0400][gc,heap     ] GC(14) Survivor regions: 4->4(7)
[2023-04-14T14:34:37.177-0400][gc,heap     ] GC(14) Old regions: 22->22
[2023-04-14T14:34:37.177-0400][gc,heap     ] GC(14) Archive regions: 2->2
[2023-04-14T14:34:37.177-0400][gc,heap     ] GC(14) Humongous regions: 129->129
[2023-04-14T14:34:37.177-0400][gc,metaspace] GC(14) Metaspace: 42405K(43008K)->42405K(43008K) NonClass: 37619K(37952K)->37619K(37952K) Class: 4785K(5056K)->4785K(5056K)
[2023-04-14T14:34:37.177-0400][gc          ] GC(14) Pause Young (Normal) (G1 Evacuation Pause) 202M->155M(1024M) 27.623ms
[2023-04-14T14:34:37.177-0400][gc,cpu      ] GC(14) User=0.03s Sys=0.05s Real=0.02s
[2023-04-14T14:52:00.372-0400][gc,start    ] GC(15) Pause Young (Normal) (G1 Evacuation Pause)
[2023-04-14T14:52:00.373-0400][gc,task     ] GC(15) Using 8 workers of 8 for evacuation
[2023-04-14T14:52:00.404-0400][gc,mmu      ] GC(15) MMU target violated: 21.0ms (20.0ms/21.0ms)
[2023-04-14T14:52:00.404-0400][gc,phases   ] GC(15)   Pre Evacuate Collection Set: 1.1ms
[2023-04-14T14:52:00.404-0400][gc,phases   ] GC(15)   Merge Heap Roots: 0.1ms
[2023-04-14T14:52:00.404-0400][gc,phases   ] GC(15)   Evacuate Collection Set: 27.7ms
[2023-04-14T14:52:00.404-0400][gc,phases   ] GC(15)   Post Evacuate Collection Set: 1.1ms
[2023-04-14T14:52:00.404-0400][gc,phases   ] GC(15)   Other: 0.2ms
[2023-04-14T14:52:00.404-0400][gc,heap     ] GC(15) Eden regions: 47->0(47)
[2023-04-14T14:52:00.404-0400][gc,heap     ] GC(15) Survivor regions: 4->4(7)
[2023-04-14T14:52:00.404-0400][gc,heap     ] GC(15) Old regions: 22->22
[2023-04-14T14:52:00.404-0400][gc,heap     ] GC(15) Archive regions: 2->2
[2023-04-14T14:52:00.404-0400][gc,heap     ] GC(15) Humongous regions: 129->129
[2023-04-14T14:52:00.404-0400][gc,metaspace] GC(15) Metaspace: 42407K(43008K)->42407K(43008K) NonClass: 37621K(37952K)->37621K(37952K) Class: 4785K(5056K)->4785K(5056K)
[2023-04-14T14:52:00.405-0400][gc          ] GC(15) Pause Young (Normal) (G1 Evacuation Pause) 202M->155M(1024M) 32.245ms
[2023-04-14T14:52:00.405-0400][gc,cpu      ] GC(15) User=0.03s Sys=0.06s Real=0.03s
[2023-04-14T15:09:07.857-0400][gc,start    ] GC(16) Pause Young (Normal) (G1 Evacuation Pause)
[2023-04-14T15:09:07.858-0400][gc,task     ] GC(16) Using 8 workers of 8 for evacuation
[2023-04-14T15:09:07.884-0400][gc,mmu      ] GC(16) MMU target violated: 21.0ms (20.0ms/21.0ms)
[2023-04-14T15:09:07.884-0400][gc,phases   ] GC(16)   Pre Evacuate Collection Set: 1.8ms
[2023-04-14T15:09:07.884-0400][gc,phases   ] GC(16)   Merge Heap Roots: 0.4ms
[2023-04-14T15:09:07.884-0400][gc,phases   ] GC(16)   Evacuate Collection Set: 22.2ms
[2023-04-14T15:09:07.884-0400][gc,phases   ] GC(16)   Post Evacuate Collection Set: 1.5ms
[2023-04-14T15:09:07.884-0400][gc,phases   ] GC(16)   Other: 0.7ms
[2023-04-14T15:09:07.884-0400][gc,heap     ] GC(16) Eden regions: 47->0(47)
[2023-04-14T15:09:07.884-0400][gc,heap     ] GC(16) Survivor regions: 4->4(7)
[2023-04-14T15:09:07.884-0400][gc,heap     ] GC(16) Old regions: 22->22
[2023-04-14T15:09:07.884-0400][gc,heap     ] GC(16) Archive regions: 2->2
[2023-04-14T15:09:07.884-0400][gc,heap     ] GC(16) Humongous regions: 129->129
[2023-04-14T15:09:07.884-0400][gc,metaspace] GC(16) Metaspace: 42415K(43008K)->42415K(43008K) NonClass: 37629K(37952K)->37629K(37952K) Class: 4785K(5056K)->4785K(5056K)
[2023-04-14T15:09:07.884-0400][gc          ] GC(16) Pause Young (Normal) (G1 Evacuation Pause) 202M->155M(1024M) 27.712ms
[2023-04-14T15:09:07.885-0400][gc,cpu      ] GC(16) User=0.03s Sys=0.06s Real=0.03s
[2023-04-14T15:25:46.039-0400][gc,start    ] GC(17) Pause Young (Normal) (G1 Evacuation Pause)
[2023-04-14T15:25:46.041-0400][gc,task     ] GC(17) Using 8 workers of 8 for evacuation
[2023-04-14T15:25:46.185-0400][gc,mmu      ] GC(17) MMU target violated: 21.0ms (20.0ms/21.0ms)
[2023-04-14T15:25:46.185-0400][gc,phases   ] GC(17)   Pre Evacuate Collection Set: 3.5ms
[2023-04-14T15:25:46.186-0400][gc,phases   ] GC(17)   Merge Heap Roots: 1.4ms
[2023-04-14T15:25:46.186-0400][gc,phases   ] GC(17)   Evacuate Collection Set: 131.3ms
[2023-04-14T15:25:46.186-0400][gc,phases   ] GC(17)   Post Evacuate Collection Set: 2.3ms
[2023-04-14T15:25:46.186-0400][gc,phases   ] GC(17)   Other: 5.8ms
[2023-04-14T15:25:46.186-0400][gc,heap     ] GC(17) Eden regions: 47->0(47)
[2023-04-14T15:25:46.186-0400][gc,heap     ] GC(17) Survivor regions: 4->4(7)
[2023-04-14T15:25:46.186-0400][gc,heap     ] GC(17) Old regions: 22->22
[2023-04-14T15:25:46.186-0400][gc,heap     ] GC(17) Archive regions: 2->2
[2023-04-14T15:25:46.186-0400][gc,heap     ] GC(17) Humongous regions: 129->129
[2023-04-14T15:25:46.186-0400][gc,metaspace] GC(17) Metaspace: 42417K(43008K)->42417K(43008K) NonClass: 37631K(37952K)->37631K(37952K) Class: 4785K(5056K)->4785K(5056K)
[2023-04-14T15:25:46.187-0400][gc          ] GC(17) Pause Young (Normal) (G1 Evacuation Pause) 202M->155M(1024M) 147.733ms
[2023-04-14T15:25:46.187-0400][gc,cpu      ] GC(17) User=0.06s Sys=0.19s Real=0.15s
[2023-04-14T15:43:08.597-0400][gc,start    ] GC(18) Pause Young (Normal) (G1 Evacuation Pause)
[2023-04-14T15:43:08.598-0400][gc,task     ] GC(18) Using 8 workers of 8 for evacuation
[2023-04-14T15:43:08.622-0400][gc,mmu      ] GC(18) MMU target violated: 21.0ms (20.0ms/21.0ms)
[2023-04-14T15:43:08.622-0400][gc,phases   ] GC(18)   Pre Evacuate Collection Set: 1.2ms
[2023-04-14T15:43:08.622-0400][gc,phases   ] GC(18)   Merge Heap Roots: 0.2ms
[2023-04-14T15:43:08.622-0400][gc,phases   ] GC(18)   Evacuate Collection Set: 21.0ms
[2023-04-14T15:43:08.622-0400][gc,phases   ] GC(18)   Post Evacuate Collection Set: 0.6ms
[2023-04-14T15:43:08.622-0400][gc,phases   ] GC(18)   Other: 0.5ms
[2023-04-14T15:43:08.622-0400][gc,heap     ] GC(18) Eden regions: 47->0(47)
[2023-04-14T15:43:08.622-0400][gc,heap     ] GC(18) Survivor regions: 4->4(7)
[2023-04-14T15:43:08.622-0400][gc,heap     ] GC(18) Old regions: 22->22
[2023-04-14T15:43:08.622-0400][gc,heap     ] GC(18) Archive regions: 2->2
[2023-04-14T15:43:08.622-0400][gc,heap     ] GC(18) Humongous regions: 129->129
[2023-04-14T15:43:08.622-0400][gc,metaspace] GC(18) Metaspace: 42418K(43008K)->42418K(43008K) NonClass: 37632K(37952K)->37632K(37952K) Class: 4785K(5056K)->4785K(5056K)
[2023-04-14T15:43:08.622-0400][gc          ] GC(18) Pause Young (Normal) (G1 Evacuation Pause) 202M->155M(1024M) 24.214ms
[2023-04-14T15:43:08.622-0400][gc,cpu      ] GC(18) User=0.02s Sys=0.08s Real=0.03s
[2023-04-14T16:00:32.109-0400][gc,start    ] GC(19) Pause Young (Normal) (G1 Evacuation Pause)
[2023-04-14T16:00:32.109-0400][gc,task     ] GC(19) Using 8 workers of 8 for evacuation
[2023-04-14T16:00:32.127-0400][gc,phases   ] GC(19)   Pre Evacuate Collection Set: 1.0ms
[2023-04-14T16:00:32.127-0400][gc,phases   ] GC(19)   Merge Heap Roots: 0.1ms
[2023-04-14T16:00:32.127-0400][gc,phases   ] GC(19)   Evacuate Collection Set: 16.5ms
[2023-04-14T16:00:32.127-0400][gc,phases   ] GC(19)   Post Evacuate Collection Set: 0.4ms
[2023-04-14T16:00:32.127-0400][gc,phases   ] GC(19)   Other: 0.4ms
[2023-04-14T16:00:32.127-0400][gc,heap     ] GC(19) Eden regions: 47->0(47)
[2023-04-14T16:00:32.127-0400][gc,heap     ] GC(19) Survivor regions: 4->4(7)
[2023-04-14T16:00:32.127-0400][gc,heap     ] GC(19) Old regions: 22->23
[2023-04-14T16:00:32.128-0400][gc,heap     ] GC(19) Archive regions: 2->2
[2023-04-14T16:00:32.128-0400][gc,heap     ] GC(19) Humongous regions: 129->129
[2023-04-14T16:00:32.128-0400][gc,metaspace] GC(19) Metaspace: 42419K(43008K)->42419K(43008K) NonClass: 37633K(37952K)->37633K(37952K) Class: 4785K(5056K)->4785K(5056K)
[2023-04-14T16:00:32.128-0400][gc          ] GC(19) Pause Young (Normal) (G1 Evacuation Pause) 202M->155M(1024M) 19.447ms
[2023-04-14T16:00:32.128-0400][gc,cpu      ] GC(19) User=0.03s Sys=0.05s Real=0.02s
[2023-04-14T16:16:44.906-0400][gc,start    ] GC(20) Pause Young (Normal) (G1 Evacuation Pause)
[2023-04-14T16:16:44.907-0400][gc,task     ] GC(20) Using 8 workers of 8 for evacuation
[2023-04-14T16:16:44.922-0400][gc,phases   ] GC(20)   Pre Evacuate Collection Set: 1.5ms
[2023-04-14T16:16:44.922-0400][gc,phases   ] GC(20)   Merge Heap Roots: 0.3ms
[2023-04-14T16:16:44.922-0400][gc,phases   ] GC(20)   Evacuate Collection Set: 11.9ms
[2023-04-14T16:16:44.922-0400][gc,phases   ] GC(20)   Post Evacuate Collection Set: 0.8ms
[2023-04-14T16:16:44.922-0400][gc,phases   ] GC(20)   Other: 0.5ms
[2023-04-14T16:16:44.922-0400][gc,heap     ] GC(20) Eden regions: 47->0(47)
[2023-04-14T16:16:44.922-0400][gc,heap     ] GC(20) Survivor regions: 4->4(7)
[2023-04-14T16:16:44.922-0400][gc,heap     ] GC(20) Old regions: 23->23
[2023-04-14T16:16:44.922-0400][gc,heap     ] GC(20) Archive regions: 2->2
[2023-04-14T16:16:44.922-0400][gc,heap     ] GC(20) Humongous regions: 129->129
[2023-04-14T16:16:44.922-0400][gc,metaspace] GC(20) Metaspace: 42424K(43008K)->42424K(43008K) NonClass: 37638K(37952K)->37638K(37952K) Class: 4785K(5056K)->4785K(5056K)
[2023-04-14T16:16:44.922-0400][gc          ] GC(20) Pause Young (Normal) (G1 Evacuation Pause) 202M->155M(1024M) 15.660ms
[2023-04-14T16:16:44.922-0400][gc,cpu      ] GC(20) User=0.02s Sys=0.05s Real=0.02s
[2023-04-14T16:34:03.191-0400][gc,start    ] GC(21) Pause Young (Normal) (G1 Evacuation Pause)
[2023-04-14T16:34:03.192-0400][gc,task     ] GC(21) Using 8 workers of 8 for evacuation
[2023-04-14T16:34:03.209-0400][gc,phases   ] GC(21)   Pre Evacuate Collection Set: 0.6ms
[2023-04-14T16:34:03.209-0400][gc,phases   ] GC(21)   Merge Heap Roots: 0.2ms
[2023-04-14T16:34:03.209-0400][gc,phases   ] GC(21)   Evacuate Collection Set: 15.0ms
[2023-04-14T16:34:03.209-0400][gc,phases   ] GC(21)   Post Evacuate Collection Set: 1.1ms
[2023-04-14T16:34:03.209-0400][gc,phases   ] GC(21)   Other: 0.2ms
[2023-04-14T16:34:03.209-0400][gc,heap     ] GC(21) Eden regions: 47->0(47)
[2023-04-14T16:34:03.209-0400][gc,heap     ] GC(21) Survivor regions: 4->4(7)
[2023-04-14T16:34:03.209-0400][gc,heap     ] GC(21) Old regions: 23->23
[2023-04-14T16:34:03.209-0400][gc,heap     ] GC(21) Archive regions: 2->2
[2023-04-14T16:34:03.209-0400][gc,heap     ] GC(21) Humongous regions: 129->129
[2023-04-14T16:34:03.209-0400][gc,metaspace] GC(21) Metaspace: 42446K(43072K)->42446K(43072K) NonClass: 37661K(38016K)->37661K(38016K) Class: 4785K(5056K)->4785K(5056K)
[2023-04-14T16:34:03.209-0400][gc          ] GC(21) Pause Young (Normal) (G1 Evacuation Pause) 202M->156M(1024M) 18.510ms
[2023-04-14T16:34:03.209-0400][gc,cpu      ] GC(21) User=0.03s Sys=0.04s Real=0.01s
[2023-04-14T16:51:22.362-0400][gc,start    ] GC(22) Pause Young (Normal) (G1 Evacuation Pause)
[2023-04-14T16:51:22.364-0400][gc,task     ] GC(22) Using 8 workers of 8 for evacuation
[2023-04-14T16:51:22.384-0400][gc,mmu      ] GC(22) MMU target violated: 20.6ms (20.0ms/21.0ms)
[2023-04-14T16:51:22.384-0400][gc,phases   ] GC(22)   Pre Evacuate Collection Set: 3.5ms
[2023-04-14T16:51:22.384-0400][gc,phases   ] GC(22)   Merge Heap Roots: 0.5ms
[2023-04-14T16:51:22.384-0400][gc,phases   ] GC(22)   Evacuate Collection Set: 15.8ms
[2023-04-14T16:51:22.384-0400][gc,phases   ] GC(22)   Post Evacuate Collection Set: 0.7ms
[2023-04-14T16:51:22.384-0400][gc,phases   ] GC(22)   Other: 0.7ms
[2023-04-14T16:51:22.384-0400][gc,heap     ] GC(22) Eden regions: 47->0(47)
[2023-04-14T16:51:22.384-0400][gc,heap     ] GC(22) Survivor regions: 4->4(7)
[2023-04-14T16:51:22.384-0400][gc,heap     ] GC(22) Old regions: 23->23
[2023-04-14T16:51:22.385-0400][gc,heap     ] GC(22) Archive regions: 2->2
[2023-04-14T16:51:22.385-0400][gc,heap     ] GC(22) Humongous regions: 129->129
[2023-04-14T16:51:22.385-0400][gc,metaspace] GC(22) Metaspace: 42450K(43072K)->42450K(43072K) NonClass: 37664K(38016K)->37664K(38016K) Class: 4785K(5056K)->4785K(5056K)
[2023-04-14T16:51:22.385-0400][gc          ] GC(22) Pause Young (Normal) (G1 Evacuation Pause) 203M->156M(1024M) 22.599ms
[2023-04-14T16:51:22.385-0400][gc,cpu      ] GC(22) User=0.03s Sys=0.06s Real=0.02s
[2023-04-14T17:08:38.290-0400][gc,start    ] GC(23) Pause Young (Normal) (G1 Evacuation Pause)
[2023-04-14T17:08:38.291-0400][gc,task     ] GC(23) Using 8 workers of 8 for evacuation
[2023-04-14T17:08:38.308-0400][gc,phases   ] GC(23)   Pre Evacuate Collection Set: 2.2ms
[2023-04-14T17:08:38.308-0400][gc,phases   ] GC(23)   Merge Heap Roots: 0.2ms
[2023-04-14T17:08:38.308-0400][gc,phases   ] GC(23)   Evacuate Collection Set: 14.5ms
[2023-04-14T17:08:38.308-0400][gc,phases   ] GC(23)   Post Evacuate Collection Set: 0.5ms
[2023-04-14T17:08:38.308-0400][gc,phases   ] GC(23)   Other: 0.3ms
[2023-04-14T17:08:38.308-0400][gc,heap     ] GC(23) Eden regions: 47->0(46)
[2023-04-14T17:08:38.308-0400][gc,heap     ] GC(23) Survivor regions: 4->5(7)
[2023-04-14T17:08:38.308-0400][gc,heap     ] GC(23) Old regions: 23->23
[2023-04-14T17:08:38.308-0400][gc,heap     ] GC(23) Archive regions: 2->2
[2023-04-14T17:08:38.308-0400][gc,heap     ] GC(23) Humongous regions: 129->129
[2023-04-14T17:08:38.308-0400][gc,metaspace] GC(23) Metaspace: 42485K(43136K)->42485K(43136K) NonClass: 37699K(38080K)->37699K(38080K) Class: 4785K(5056K)->4785K(5056K)
[2023-04-14T17:08:38.309-0400][gc          ] GC(23) Pause Young (Normal) (G1 Evacuation Pause) 203M->156M(1024M) 19.300ms
[2023-04-14T17:08:38.309-0400][gc,cpu      ] GC(23) User=0.03s Sys=0.04s Real=0.01s
[2023-04-14T17:24:27.207-0400][gc,start    ] GC(24) Pause Young (Normal) (G1 Evacuation Pause)
[2023-04-14T17:24:27.208-0400][gc,task     ] GC(24) Using 8 workers of 8 for evacuation
[2023-04-14T17:24:27.216-0400][gc,phases   ] GC(24)   Pre Evacuate Collection Set: 1.4ms
[2023-04-14T17:24:27.216-0400][gc,phases   ] GC(24)   Merge Heap Roots: 0.1ms
[2023-04-14T17:24:27.216-0400][gc,phases   ] GC(24)   Evacuate Collection Set: 5.4ms
[2023-04-14T17:24:27.216-0400][gc,phases   ] GC(24)   Post Evacuate Collection Set: 0.9ms
[2023-04-14T17:24:27.217-0400][gc,phases   ] GC(24)   Other: 0.8ms
[2023-04-14T17:24:27.217-0400][gc,heap     ] GC(24) Eden regions: 46->0(47)
[2023-04-14T17:24:27.217-0400][gc,heap     ] GC(24) Survivor regions: 5->4(7)
[2023-04-14T17:24:27.217-0400][gc,heap     ] GC(24) Old regions: 23->23
[2023-04-14T17:24:27.217-0400][gc,heap     ] GC(24) Archive regions: 2->2
[2023-04-14T17:24:27.217-0400][gc,heap     ] GC(24) Humongous regions: 129->129
[2023-04-14T17:24:27.217-0400][gc,metaspace] GC(24) Metaspace: 42493K(43136K)->42493K(43136K) NonClass: 37707K(38080K)->37707K(38080K) Class: 4785K(5056K)->4785K(5056K)
[2023-04-14T17:24:27.217-0400][gc          ] GC(24) Pause Young (Normal) (G1 Evacuation Pause) 202M->156M(1024M) 9.678ms
[2023-04-14T17:24:27.217-0400][gc,cpu      ] GC(24) User=0.02s Sys=0.01s Real=0.01s
[2023-04-14T17:41:53.352-0400][gc,start    ] GC(25) Pause Young (Normal) (G1 Evacuation Pause)
[2023-04-14T17:41:53.353-0400][gc,task     ] GC(25) Using 8 workers of 8 for evacuation
[2023-04-14T17:41:53.361-0400][gc,phases   ] GC(25)   Pre Evacuate Collection Set: 0.4ms
[2023-04-14T17:41:53.361-0400][gc,phases   ] GC(25)   Merge Heap Roots: 0.3ms
[2023-04-14T17:41:53.361-0400][gc,phases   ] GC(25)   Evacuate Collection Set: 5.9ms
[2023-04-14T17:41:53.361-0400][gc,phases   ] GC(25)   Post Evacuate Collection Set: 1.5ms
[2023-04-14T17:41:53.362-0400][gc,phases   ] GC(25)   Other: 0.3ms
[2023-04-14T17:41:53.362-0400][gc,heap     ] GC(25) Eden regions: 47->0(158)
[2023-04-14T17:41:53.362-0400][gc,heap     ] GC(25) Survivor regions: 4->4(7)
[2023-04-14T17:41:53.362-0400][gc,heap     ] GC(25) Old regions: 23->23
[2023-04-14T17:41:53.362-0400][gc,heap     ] GC(25) Archive regions: 2->2
[2023-04-14T17:41:53.362-0400][gc,heap     ] GC(25) Humongous regions: 129->129
[2023-04-14T17:41:53.362-0400][gc,metaspace] GC(25) Metaspace: 42495K(43136K)->42495K(43136K) NonClass: 37710K(38080K)->37710K(38080K) Class: 4785K(5056K)->4785K(5056K)
[2023-04-14T17:41:53.362-0400][gc          ] GC(25) Pause Young (Normal) (G1 Evacuation Pause) 203M->156M(1024M) 10.057ms
[2023-04-14T17:41:53.362-0400][gc,cpu      ] GC(25) User=0.03s Sys=0.01s Real=0.01s
[2023-04-14T20:46:38.980-0400][gc,start    ] GC(26) Pause Young (Normal) (G1 Evacuation Pause)
[2023-04-14T20:46:38.982-0400][gc,task     ] GC(26) Using 8 workers of 8 for evacuation
[2023-04-14T20:46:39.138-0400][gc,mmu      ] GC(26) MMU target violated: 21.0ms (20.0ms/21.0ms)
[2023-04-14T20:46:39.138-0400][gc,phases   ] GC(26)   Pre Evacuate Collection Set: 8.5ms
[2023-04-14T20:46:39.138-0400][gc,phases   ] GC(26)   Merge Heap Roots: 1.7ms
[2023-04-14T20:46:39.138-0400][gc,phases   ] GC(26)   Evacuate Collection Set: 136.7ms
[2023-04-14T20:46:39.138-0400][gc,phases   ] GC(26)   Post Evacuate Collection Set: 5.1ms
[2023-04-14T20:46:39.138-0400][gc,phases   ] GC(26)   Other: 5.0ms
[2023-04-14T20:46:39.138-0400][gc,heap     ] GC(26) Eden regions: 158->0(47)
[2023-04-14T20:46:39.138-0400][gc,heap     ] GC(26) Survivor regions: 4->4(21)
[2023-04-14T20:46:39.138-0400][gc,heap     ] GC(26) Old regions: 23->23
[2023-04-14T20:46:39.138-0400][gc,heap     ] GC(26) Archive regions: 2->2
[2023-04-14T20:46:39.138-0400][gc,heap     ] GC(26) Humongous regions: 129->129
[2023-04-14T20:46:39.138-0400][gc,metaspace] GC(26) Metaspace: 42505K(43136K)->42505K(43136K) NonClass: 37720K(38080K)->37720K(38080K) Class: 4785K(5056K)->4785K(5056K)
[2023-04-14T20:46:39.138-0400][gc          ] GC(26) Pause Young (Normal) (G1 Evacuation Pause) 314M->156M(1024M) 158.086ms
[2023-04-14T20:46:39.138-0400][gc,cpu      ] GC(26) User=0.12s Sys=0.13s Real=0.15s
[2023-04-14T21:03:57.344-0400][gc,start    ] GC(27) Pause Young (Normal) (G1 Evacuation Pause)
[2023-04-14T21:03:57.347-0400][gc,task     ] GC(27) Using 8 workers of 8 for evacuation
[2023-04-14T21:03:57.369-0400][gc,mmu      ] GC(27) MMU target violated: 21.0ms (20.0ms/21.0ms)
[2023-04-14T21:03:57.370-0400][gc,phases   ] GC(27)   Pre Evacuate Collection Set: 1.7ms
[2023-04-14T21:03:57.370-0400][gc,phases   ] GC(27)   Merge Heap Roots: 0.4ms
[2023-04-14T21:03:57.370-0400][gc,phases   ] GC(27)   Evacuate Collection Set: 18.8ms
[2023-04-14T21:03:57.370-0400][gc,phases   ] GC(27)   Post Evacuate Collection Set: 1.3ms
[2023-04-14T21:03:57.370-0400][gc,phases   ] GC(27)   Other: 0.6ms
[2023-04-14T21:03:57.370-0400][gc,heap     ] GC(27) Eden regions: 47->0(47)
[2023-04-14T21:03:57.370-0400][gc,heap     ] GC(27) Survivor regions: 4->4(7)
[2023-04-14T21:03:57.370-0400][gc,heap     ] GC(27) Old regions: 23->23
[2023-04-14T21:03:57.370-0400][gc,heap     ] GC(27) Archive regions: 2->2
[2023-04-14T21:03:57.370-0400][gc,heap     ] GC(27) Humongous regions: 129->129
[2023-04-14T21:03:57.370-0400][gc,metaspace] GC(27) Metaspace: 42507K(43136K)->42507K(43136K) NonClass: 37721K(38080K)->37721K(38080K) Class: 4785K(5056K)->4785K(5056K)
[2023-04-14T21:03:57.370-0400][gc          ] GC(27) Pause Young (Normal) (G1 Evacuation Pause) 203M->156M(1024M) 26.041ms
[2023-04-14T21:03:57.370-0400][gc,cpu      ] GC(27) User=0.03s Sys=0.06s Real=0.03s
[2023-04-14T21:20:18.156-0400][gc,start    ] GC(28) Pause Young (Normal) (G1 Evacuation Pause)
[2023-04-14T21:20:18.158-0400][gc,task     ] GC(28) Using 8 workers of 8 for evacuation
[2023-04-14T21:20:18.174-0400][gc,phases   ] GC(28)   Pre Evacuate Collection Set: 1.1ms
[2023-04-14T21:20:18.174-0400][gc,phases   ] GC(28)   Merge Heap Roots: 0.1ms
[2023-04-14T21:20:18.174-0400][gc,phases   ] GC(28)   Evacuate Collection Set: 13.5ms
[2023-04-14T21:20:18.174-0400][gc,phases   ] GC(28)   Post Evacuate Collection Set: 0.5ms
[2023-04-14T21:20:18.174-0400][gc,phases   ] GC(28)   Other: 1.5ms
[2023-04-14T21:20:18.174-0400][gc,heap     ] GC(28) Eden regions: 47->0(47)
[2023-04-14T21:20:18.174-0400][gc,heap     ] GC(28) Survivor regions: 4->4(7)
[2023-04-14T21:20:18.174-0400][gc,heap     ] GC(28) Old regions: 23->23
[2023-04-14T21:20:18.174-0400][gc,heap     ] GC(28) Archive regions: 2->2
[2023-04-14T21:20:18.174-0400][gc,heap     ] GC(28) Humongous regions: 129->129
[2023-04-14T21:20:18.174-0400][gc,metaspace] GC(28) Metaspace: 42507K(43136K)->42507K(43136K) NonClass: 37722K(38080K)->37722K(38080K) Class: 4785K(5056K)->4785K(5056K)
[2023-04-14T21:20:18.175-0400][gc          ] GC(28) Pause Young (Normal) (G1 Evacuation Pause) 203M->156M(1024M) 18.097ms
[2023-04-14T21:20:18.175-0400][gc,cpu      ] GC(28) User=0.02s Sys=0.03s Real=0.02s
[2023-04-14T21:37:36.625-0400][gc,start    ] GC(29) Pause Young (Normal) (G1 Evacuation Pause)
[2023-04-14T21:37:36.627-0400][gc,task     ] GC(29) Using 8 workers of 8 for evacuation
[2023-04-14T21:37:36.650-0400][gc,mmu      ] GC(29) MMU target violated: 21.0ms (20.0ms/21.0ms)
[2023-04-14T21:37:36.650-0400][gc,phases   ] GC(29)   Pre Evacuate Collection Set: 1.8ms
[2023-04-14T21:37:36.650-0400][gc,phases   ] GC(29)   Merge Heap Roots: 0.6ms
[2023-04-14T21:37:36.650-0400][gc,phases   ] GC(29)   Evacuate Collection Set: 18.4ms
[2023-04-14T21:37:36.650-0400][gc,phases   ] GC(29)   Post Evacuate Collection Set: 2.0ms
[2023-04-14T21:37:36.650-0400][gc,phases   ] GC(29)   Other: 0.7ms
[2023-04-14T21:37:36.650-0400][gc,heap     ] GC(29) Eden regions: 47->0(47)
[2023-04-14T21:37:36.650-0400][gc,heap     ] GC(29) Survivor regions: 4->4(7)
[2023-04-14T21:37:36.650-0400][gc,heap     ] GC(29) Old regions: 23->23
[2023-04-14T21:37:36.650-0400][gc,heap     ] GC(29) Archive regions: 2->2
[2023-04-14T21:37:36.650-0400][gc,heap     ] GC(29) Humongous regions: 129->129
[2023-04-14T21:37:36.651-0400][gc,metaspace] GC(29) Metaspace: 42507K(43136K)->42507K(43136K) NonClass: 37722K(38080K)->37722K(38080K) Class: 4785K(5056K)->4785K(5056K)
[2023-04-14T21:37:36.651-0400][gc          ] GC(29) Pause Young (Normal) (G1 Evacuation Pause) 203M->156M(1024M) 26.194ms
[2023-04-14T21:37:36.651-0400][gc,cpu      ] GC(29) User=0.02s Sys=0.05s Real=0.03s
[2023-04-14T21:54:59.864-0400][gc,start    ] GC(30) Pause Young (Normal) (G1 Evacuation Pause)
[2023-04-14T21:54:59.864-0400][gc,task     ] GC(30) Using 8 workers of 8 for evacuation
[2023-04-14T21:54:59.866-0400][gc,phases   ] GC(30)   Pre Evacuate Collection Set: 0.1ms
[2023-04-14T21:54:59.866-0400][gc,phases   ] GC(30)   Merge Heap Roots: 0.0ms
[2023-04-14T21:54:59.866-0400][gc,phases   ] GC(30)   Evacuate Collection Set: 2.1ms
[2023-04-14T21:54:59.866-0400][gc,phases   ] GC(30)   Post Evacuate Collection Set: 0.2ms
[2023-04-14T21:54:59.867-0400][gc,phases   ] GC(30)   Other: 0.1ms
[2023-04-14T21:54:59.867-0400][gc,heap     ] GC(30) Eden regions: 47->0(47)
[2023-04-14T21:54:59.867-0400][gc,heap     ] GC(30) Survivor regions: 4->4(7)
[2023-04-14T21:54:59.867-0400][gc,heap     ] GC(30) Old regions: 23->23
[2023-04-14T21:54:59.867-0400][gc,heap     ] GC(30) Archive regions: 2->2
[2023-04-14T21:54:59.867-0400][gc,heap     ] GC(30) Humongous regions: 129->129
[2023-04-14T21:54:59.867-0400][gc,metaspace] GC(30) Metaspace: 42509K(43136K)->42509K(43136K) NonClass: 37723K(38080K)->37723K(38080K) Class: 4785K(5056K)->4785K(5056K)
[2023-04-14T21:54:59.867-0400][gc          ] GC(30) Pause Young (Normal) (G1 Evacuation Pause) 203M->156M(1024M) 2.867ms
[2023-04-14T21:54:59.867-0400][gc,cpu      ] GC(30) User=0.02s Sys=0.00s Real=0.00s
[2023-04-14T22:12:23.298-0400][gc,start    ] GC(31) Pause Young (Normal) (G1 Evacuation Pause)
[2023-04-14T22:12:23.298-0400][gc,task     ] GC(31) Using 8 workers of 8 for evacuation
[2023-04-14T22:12:23.308-0400][gc,phases   ] GC(31)   Pre Evacuate Collection Set: 0.7ms
[2023-04-14T22:12:23.308-0400][gc,phases   ] GC(31)   Merge Heap Roots: 0.2ms
[2023-04-14T22:12:23.308-0400][gc,phases   ] GC(31)   Evacuate Collection Set: 7.8ms
[2023-04-14T22:12:23.308-0400][gc,phases   ] GC(31)   Post Evacuate Collection Set: 0.7ms
[2023-04-14T22:12:23.308-0400][gc,phases   ] GC(31)   Other: 0.3ms
[2023-04-14T22:12:23.308-0400][gc,heap     ] GC(31) Eden regions: 47->0(81)
[2023-04-14T22:12:23.308-0400][gc,heap     ] GC(31) Survivor regions: 4->3(7)
[2023-04-14T22:12:23.308-0400][gc,heap     ] GC(31) Old regions: 23->23
[2023-04-14T22:12:23.308-0400][gc,heap     ] GC(31) Archive regions: 2->2
[2023-04-14T22:12:23.308-0400][gc,heap     ] GC(31) Humongous regions: 129->129
[2023-04-14T22:12:23.308-0400][gc,metaspace] GC(31) Metaspace: 42509K(43136K)->42509K(43136K) NonClass: 37724K(38080K)->37724K(38080K) Class: 4785K(5056K)->4785K(5056K)
[2023-04-14T22:12:23.308-0400][gc          ] GC(31) Pause Young (Normal) (G1 Evacuation Pause) 203M->155M(1024M) 10.230ms
[2023-04-14T22:12:23.308-0400][gc,cpu      ] GC(31) User=0.01s Sys=0.03s Real=0.01s
[2023-04-14T22:19:05.403-0400][gc,heap,exit] Heap
[2023-04-14T22:19:05.403-0400][gc,heap,exit]  garbage-first heap   total 1048576K, used 189674K [0x00000007c0000000, 0x0000000800000000)
[2023-04-14T22:19:05.403-0400][gc,heap,exit]   region size 1024K, 33 young (33792K), 3 survivors (3072K)
[2023-04-14T22:19:05.403-0400][gc,heap,exit]  Metaspace       used 43198K, committed 43840K, reserved 1114112K
[2023-04-14T22:19:05.403-0400][gc,heap,exit]   class space    used 4946K, committed 5248K, reserved 1048576K
