[2023-04-18T09:22:01.421-0400][gc,init] CardTable entry size: 512
[2023-04-18T09:22:01.422-0400][gc     ] Using G1
[2023-04-18T09:22:01.427-0400][gc,init] Version: 19.0.2+7-44 (release)
[2023-04-18T09:22:01.427-0400][gc,init] CPUs: 8 total, 8 available
[2023-04-18T09:22:01.427-0400][gc,init] Memory: 16384M
[2023-04-18T09:22:01.427-0400][gc,init] Large Page Support: Disabled
[2023-04-18T09:22:01.427-0400][gc,init] NUMA Support: Disabled
[2023-04-18T09:22:01.427-0400][gc,init] Compressed Oops: Enabled (Zero based)
[2023-04-18T09:22:01.427-0400][gc,init] Heap Region Size: 1M
[2023-04-18T09:22:01.427-0400][gc,init] Heap Min Capacity: 1G
[2023-04-18T09:22:01.427-0400][gc,init] Heap Initial Capacity: 1G
[2023-04-18T09:22:01.427-0400][gc,init] Heap Max Capacity: 1G
[2023-04-18T09:22:01.427-0400][gc,init] Pre-touch: Disabled
[2023-04-18T09:22:01.427-0400][gc,init] Parallel Workers: 8
[2023-04-18T09:22:01.427-0400][gc,init] Concurrent Workers: 2
[2023-04-18T09:22:01.427-0400][gc,init] Concurrent Refinement Workers: 8
[2023-04-18T09:22:01.427-0400][gc,init] Periodic GC: Disabled
[2023-04-18T09:22:01.427-0400][gc,metaspace] CDS archive(s) mapped at: [0x0000000800000000-0x0000000800c44000-0x0000000800c44000), size 12861440, SharedBaseAddress: 0x0000000800000000, ArchiveRelocationMode: 0.
[2023-04-18T09:22:01.427-0400][gc,metaspace] Compressed class space mapped at: 0x0000000801000000-0x0000000841000000, reserved size: 1073741824
[2023-04-18T09:22:01.427-0400][gc,metaspace] Narrow klass base: 0x0000000800000000, Narrow klass shift: 0, Narrow klass range: 0x100000000
[2023-04-18T09:22:02.995-0400][gc,start    ] GC(0) Pause Young (Normal) (G1 Evacuation Pause)
[2023-04-18T09:22:02.996-0400][gc,task     ] GC(0) Using 8 workers of 8 for evacuation
[2023-04-18T09:22:03.000-0400][gc,phases   ] GC(0)   Pre Evacuate Collection Set: 0.1ms
[2023-04-18T09:22:03.000-0400][gc,phases   ] GC(0)   Merge Heap Roots: 0.1ms
[2023-04-18T09:22:03.000-0400][gc,phases   ] GC(0)   Evacuate Collection Set: 3.4ms
[2023-04-18T09:22:03.000-0400][gc,phases   ] GC(0)   Post Evacuate Collection Set: 0.5ms
[2023-04-18T09:22:03.000-0400][gc,phases   ] GC(0)   Other: 0.4ms
[2023-04-18T09:22:03.000-0400][gc,heap     ] GC(0) Eden regions: 51->0(44)
[2023-04-18T09:22:03.000-0400][gc,heap     ] GC(0) Survivor regions: 0->7(7)
[2023-04-18T09:22:03.000-0400][gc,heap     ] GC(0) Old regions: 0->0
[2023-04-18T09:22:03.000-0400][gc,heap     ] GC(0) Archive regions: 2->2
[2023-04-18T09:22:03.000-0400][gc,heap     ] GC(0) Humongous regions: 0->0
[2023-04-18T09:22:03.000-0400][gc,metaspace] GC(0) Metaspace: 18578K(18816K)->18578K(18816K) NonClass: 16481K(16576K)->16481K(16576K) Class: 2096K(2240K)->2096K(2240K)
[2023-04-18T09:22:03.000-0400][gc          ] GC(0) Pause Young (Normal) (G1 Evacuation Pause) 51M->7M(1024M) 4.789ms
[2023-04-18T09:22:03.000-0400][gc,cpu      ] GC(0) User=0.02s Sys=0.01s Real=0.01s
[2023-04-18T09:22:03.358-0400][gc,start    ] GC(1) Pause Young (Concurrent Start) (Metadata GC Threshold)
[2023-04-18T09:22:03.364-0400][gc,task     ] GC(1) Using 8 workers of 8 for evacuation
[2023-04-18T09:22:03.372-0400][gc,phases   ] GC(1)   Pre Evacuate Collection Set: 0.2ms
[2023-04-18T09:22:03.372-0400][gc,phases   ] GC(1)   Merge Heap Roots: 0.1ms
[2023-04-18T09:22:03.372-0400][gc,phases   ] GC(1)   Evacuate Collection Set: 6.6ms
[2023-04-18T09:22:03.372-0400][gc,phases   ] GC(1)   Post Evacuate Collection Set: 0.5ms
[2023-04-18T09:22:03.372-0400][gc,phases   ] GC(1)   Other: 0.1ms
[2023-04-18T09:22:03.372-0400][gc,heap     ] GC(1) Eden regions: 12->0(49)
[2023-04-18T09:22:03.372-0400][gc,heap     ] GC(1) Survivor regions: 7->2(7)
[2023-04-18T09:22:03.372-0400][gc,heap     ] GC(1) Old regions: 0->7
[2023-04-18T09:22:03.372-0400][gc,heap     ] GC(1) Archive regions: 2->2
[2023-04-18T09:22:03.372-0400][gc,heap     ] GC(1) Humongous regions: 129->129
[2023-04-18T09:22:03.372-0400][gc,metaspace] GC(1) Metaspace: 21307K(21504K)->21307K(21504K) NonClass: 18865K(18944K)->18865K(18944K) Class: 2442K(2560K)->2442K(2560K)
[2023-04-18T09:22:03.372-0400][gc          ] GC(1) Pause Young (Concurrent Start) (Metadata GC Threshold) 148M->138M(1024M) 13.884ms
[2023-04-18T09:22:03.372-0400][gc          ] GC(2) Concurrent Mark Cycle
[2023-04-18T09:22:03.372-0400][gc,cpu      ] GC(1) User=0.03s Sys=0.01s Real=0.02s
[2023-04-18T09:22:03.372-0400][gc,marking  ] GC(2) Concurrent Clear Claimed Marks
[2023-04-18T09:22:03.372-0400][gc,marking  ] GC(2) Concurrent Clear Claimed Marks 0.043ms
[2023-04-18T09:22:03.372-0400][gc,marking  ] GC(2) Concurrent Scan Root Regions
[2023-04-18T09:22:03.375-0400][gc,marking  ] GC(2) Concurrent Scan Root Regions 2.777ms
[2023-04-18T09:22:03.375-0400][gc,marking  ] GC(2) Concurrent Mark
[2023-04-18T09:22:03.375-0400][gc,marking  ] GC(2) Concurrent Mark From Roots
[2023-04-18T09:22:03.375-0400][gc,task     ] GC(2) Using 2 workers of 2 for marking
[2023-04-18T09:22:03.376-0400][gc,marking  ] GC(2) Concurrent Mark From Roots 1.174ms
[2023-04-18T09:22:03.376-0400][gc,marking  ] GC(2) Concurrent Preclean
[2023-04-18T09:22:03.376-0400][gc,marking  ] GC(2) Concurrent Preclean 0.025ms
[2023-04-18T09:22:03.376-0400][gc,start    ] GC(2) Pause Remark
[2023-04-18T09:22:03.378-0400][gc          ] GC(2) Pause Remark 139M->139M(1024M) 1.323ms
[2023-04-18T09:22:03.378-0400][gc,cpu      ] GC(2) User=0.00s Sys=0.00s Real=0.00s
[2023-04-18T09:22:03.378-0400][gc,marking  ] GC(2) Concurrent Mark 2.805ms
[2023-04-18T09:22:03.378-0400][gc,marking  ] GC(2) Concurrent Rebuild Remembered Sets
[2023-04-18T09:22:03.378-0400][gc,marking  ] GC(2) Concurrent Rebuild Remembered Sets 0.008ms
[2023-04-18T09:22:03.378-0400][gc,start    ] GC(2) Pause Cleanup
[2023-04-18T09:22:03.378-0400][gc          ] GC(2) Pause Cleanup 139M->139M(1024M) 0.017ms
[2023-04-18T09:22:03.378-0400][gc,cpu      ] GC(2) User=0.00s Sys=0.00s Real=0.00s
[2023-04-18T09:22:03.378-0400][gc,marking  ] GC(2) Concurrent Cleanup for Next Mark
[2023-04-18T09:22:03.391-0400][gc,marking  ] GC(2) Concurrent Cleanup for Next Mark 12.743ms
[2023-04-18T09:22:03.391-0400][gc          ] GC(2) Concurrent Mark Cycle 18.698ms
[2023-04-18T09:22:04.042-0400][gc,start    ] GC(3) Pause Young (Normal) (G1 Evacuation Pause)
[2023-04-18T09:22:04.042-0400][gc,task     ] GC(3) Using 8 workers of 8 for evacuation
[2023-04-18T09:22:04.046-0400][gc,phases   ] GC(3)   Pre Evacuate Collection Set: 0.1ms
[2023-04-18T09:22:04.046-0400][gc,phases   ] GC(3)   Merge Heap Roots: 0.1ms
[2023-04-18T09:22:04.046-0400][gc,phases   ] GC(3)   Evacuate Collection Set: 2.6ms
[2023-04-18T09:22:04.046-0400][gc,phases   ] GC(3)   Post Evacuate Collection Set: 0.4ms
[2023-04-18T09:22:04.046-0400][gc,phases   ] GC(3)   Other: 0.1ms
[2023-04-18T09:22:04.046-0400][gc,heap     ] GC(3) Eden regions: 49->0(45)
[2023-04-18T09:22:04.046-0400][gc,heap     ] GC(3) Survivor regions: 2->6(7)
[2023-04-18T09:22:04.046-0400][gc,heap     ] GC(3) Old regions: 7->7
[2023-04-18T09:22:04.046-0400][gc,heap     ] GC(3) Archive regions: 2->2
[2023-04-18T09:22:04.046-0400][gc,heap     ] GC(3) Humongous regions: 129->129
[2023-04-18T09:22:04.046-0400][gc,metaspace] GC(3) Metaspace: 33087K(33408K)->33087K(33408K) NonClass: 29555K(29696K)->29555K(29696K) Class: 3531K(3712K)->3531K(3712K)
[2023-04-18T09:22:04.046-0400][gc          ] GC(3) Pause Young (Normal) (G1 Evacuation Pause) 187M->142M(1024M) 3.509ms
[2023-04-18T09:22:04.046-0400][gc,cpu      ] GC(3) User=0.02s Sys=0.01s Real=0.00s
[2023-04-18T09:23:23.888-0400][gc,start    ] GC(4) Pause Young (Concurrent Start) (Metadata GC Threshold)
[2023-04-18T09:23:23.888-0400][gc,task     ] GC(4) Using 8 workers of 8 for evacuation
[2023-04-18T09:23:23.893-0400][gc,phases   ] GC(4)   Pre Evacuate Collection Set: 0.2ms
[2023-04-18T09:23:23.893-0400][gc,phases   ] GC(4)   Merge Heap Roots: 0.1ms
[2023-04-18T09:23:23.894-0400][gc,phases   ] GC(4)   Evacuate Collection Set: 4.1ms
[2023-04-18T09:23:23.894-0400][gc,phases   ] GC(4)   Post Evacuate Collection Set: 0.6ms
[2023-04-18T09:23:23.894-0400][gc,phases   ] GC(4)   Other: 0.1ms
[2023-04-18T09:23:23.894-0400][gc,heap     ] GC(4) Eden regions: 14->0(49)
[2023-04-18T09:23:23.894-0400][gc,heap     ] GC(4) Survivor regions: 6->2(7)
[2023-04-18T09:23:23.894-0400][gc,heap     ] GC(4) Old regions: 7->13
[2023-04-18T09:23:23.894-0400][gc,heap     ] GC(4) Archive regions: 2->2
[2023-04-18T09:23:23.894-0400][gc,heap     ] GC(4) Humongous regions: 129->129
[2023-04-18T09:23:23.894-0400][gc,metaspace] GC(4) Metaspace: 35759K(36096K)->35759K(36096K) NonClass: 31786K(31936K)->31786K(31936K) Class: 3972K(4160K)->3972K(4160K)
[2023-04-18T09:23:23.894-0400][gc          ] GC(4) Pause Young (Concurrent Start) (Metadata GC Threshold) 156M->143M(1024M) 5.701ms
[2023-04-18T09:23:23.894-0400][gc          ] GC(5) Concurrent Mark Cycle
[2023-04-18T09:23:23.894-0400][gc,cpu      ] GC(4) User=0.02s Sys=0.01s Real=0.01s
[2023-04-18T09:23:23.894-0400][gc,marking  ] GC(5) Concurrent Clear Claimed Marks
[2023-04-18T09:23:23.894-0400][gc,marking  ] GC(5) Concurrent Clear Claimed Marks 0.065ms
[2023-04-18T09:23:23.894-0400][gc,marking  ] GC(5) Concurrent Scan Root Regions
[2023-04-18T09:23:23.898-0400][gc,marking  ] GC(5) Concurrent Scan Root Regions 3.655ms
[2023-04-18T09:23:23.898-0400][gc,marking  ] GC(5) Concurrent Mark
[2023-04-18T09:23:23.898-0400][gc,marking  ] GC(5) Concurrent Mark From Roots
[2023-04-18T09:23:23.898-0400][gc,task     ] GC(5) Using 2 workers of 2 for marking
[2023-04-18T09:23:23.903-0400][gc,marking  ] GC(5) Concurrent Mark From Roots 5.615ms
[2023-04-18T09:23:23.903-0400][gc,marking  ] GC(5) Concurrent Preclean
[2023-04-18T09:23:23.903-0400][gc,marking  ] GC(5) Concurrent Preclean 0.053ms
[2023-04-18T09:23:23.903-0400][gc,start    ] GC(5) Pause Remark
[2023-04-18T09:23:23.905-0400][gc          ] GC(5) Pause Remark 144M->144M(1024M) 1.305ms
[2023-04-18T09:23:23.905-0400][gc,cpu      ] GC(5) User=0.00s Sys=0.00s Real=0.00s
[2023-04-18T09:23:23.905-0400][gc,marking  ] GC(5) Concurrent Mark 7.484ms
[2023-04-18T09:23:23.905-0400][gc,marking  ] GC(5) Concurrent Rebuild Remembered Sets
[2023-04-18T09:23:23.910-0400][gc,marking  ] GC(5) Concurrent Rebuild Remembered Sets 4.394ms
[2023-04-18T09:23:23.929-0400][gc,start    ] GC(5) Pause Cleanup
[2023-04-18T09:23:23.929-0400][gc          ] GC(5) Pause Cleanup 144M->144M(1024M) 0.190ms
[2023-04-18T09:23:23.929-0400][gc,cpu      ] GC(5) User=0.00s Sys=0.00s Real=0.00s
[2023-04-18T09:23:23.929-0400][gc,marking  ] GC(5) Concurrent Cleanup for Next Mark
[2023-04-18T09:23:23.936-0400][gc,marking  ] GC(5) Concurrent Cleanup for Next Mark 6.742ms
[2023-04-18T09:23:23.952-0400][gc          ] GC(5) Concurrent Mark Cycle 58.287ms
[2023-04-18T09:27:06.500-0400][gc,start    ] GC(6) Pause Young (Normal) (G1 Evacuation Pause)
[2023-04-18T09:27:06.501-0400][gc,task     ] GC(6) Using 8 workers of 8 for evacuation
[2023-04-18T09:27:06.506-0400][gc,phases   ] GC(6)   Pre Evacuate Collection Set: 0.2ms
[2023-04-18T09:27:06.506-0400][gc,phases   ] GC(6)   Merge Heap Roots: 0.1ms
[2023-04-18T09:27:06.506-0400][gc,phases   ] GC(6)   Evacuate Collection Set: 4.0ms
[2023-04-18T09:27:06.506-0400][gc,phases   ] GC(6)   Post Evacuate Collection Set: 0.7ms
[2023-04-18T09:27:06.506-0400][gc,phases   ] GC(6)   Other: 0.2ms
[2023-04-18T09:27:06.506-0400][gc,heap     ] GC(6) Eden regions: 49->0(47)
[2023-04-18T09:27:06.506-0400][gc,heap     ] GC(6) Survivor regions: 2->4(7)
[2023-04-18T09:27:06.506-0400][gc,heap     ] GC(6) Old regions: 13->13
[2023-04-18T09:27:06.506-0400][gc,heap     ] GC(6) Archive regions: 2->2
[2023-04-18T09:27:06.506-0400][gc,heap     ] GC(6) Humongous regions: 129->129
[2023-04-18T09:27:06.506-0400][gc,metaspace] GC(6) Metaspace: 41986K(42624K)->41986K(42624K) NonClass: 37016K(37376K)->37016K(37376K) Class: 4969K(5248K)->4969K(5248K)
[2023-04-18T09:27:06.506-0400][gc          ] GC(6) Pause Young (Normal) (G1 Evacuation Pause) 192M->145M(1024M) 5.887ms
[2023-04-18T09:27:06.506-0400][gc,cpu      ] GC(6) User=0.03s Sys=0.00s Real=0.00s
[2023-04-18T09:34:14.624-0400][gc,start    ] GC(7) Pause Young (Normal) (G1 Evacuation Pause)
[2023-04-18T09:34:14.624-0400][gc,task     ] GC(7) Using 8 workers of 8 for evacuation
[2023-04-18T09:34:14.629-0400][gc,phases   ] GC(7)   Pre Evacuate Collection Set: 0.1ms
[2023-04-18T09:34:14.629-0400][gc,phases   ] GC(7)   Merge Heap Roots: 0.1ms
[2023-04-18T09:34:14.629-0400][gc,phases   ] GC(7)   Evacuate Collection Set: 3.7ms
[2023-04-18T09:34:14.629-0400][gc,phases   ] GC(7)   Post Evacuate Collection Set: 0.4ms
[2023-04-18T09:34:14.629-0400][gc,phases   ] GC(7)   Other: 0.1ms
[2023-04-18T09:34:14.629-0400][gc,heap     ] GC(7) Eden regions: 47->0(44)
[2023-04-18T09:34:14.629-0400][gc,heap     ] GC(7) Survivor regions: 4->7(7)
[2023-04-18T09:34:14.629-0400][gc,heap     ] GC(7) Old regions: 13->13
[2023-04-18T09:34:14.629-0400][gc,heap     ] GC(7) Archive regions: 2->2
[2023-04-18T09:34:14.629-0400][gc,heap     ] GC(7) Humongous regions: 129->129
[2023-04-18T09:34:14.629-0400][gc,metaspace] GC(7) Metaspace: 42971K(43712K)->42971K(43712K) NonClass: 37952K(38336K)->37952K(38336K) Class: 5019K(5376K)->5019K(5376K)
[2023-04-18T09:34:14.629-0400][gc          ] GC(7) Pause Young (Normal) (G1 Evacuation Pause) 192M->149M(1024M) 4.676ms
[2023-04-18T09:34:14.629-0400][gc,cpu      ] GC(7) User=0.02s Sys=0.00s Real=0.00s
[2023-04-18T09:34:41.276-0400][gc,start    ] GC(8) Pause Young (Normal) (G1 Evacuation Pause)
[2023-04-18T09:34:41.276-0400][gc,task     ] GC(8) Using 8 workers of 8 for evacuation
[2023-04-18T09:34:41.283-0400][gc,phases   ] GC(8)   Pre Evacuate Collection Set: 0.2ms
[2023-04-18T09:34:41.283-0400][gc,phases   ] GC(8)   Merge Heap Roots: 0.1ms
[2023-04-18T09:34:41.283-0400][gc,phases   ] GC(8)   Evacuate Collection Set: 5.9ms
[2023-04-18T09:34:41.283-0400][gc,phases   ] GC(8)   Post Evacuate Collection Set: 0.6ms
[2023-04-18T09:34:41.283-0400][gc,phases   ] GC(8)   Other: 0.1ms
[2023-04-18T09:34:41.283-0400][gc,heap     ] GC(8) Eden regions: 44->0(52)
[2023-04-18T09:34:41.283-0400][gc,heap     ] GC(8) Survivor regions: 7->3(7)
[2023-04-18T09:34:41.283-0400][gc,heap     ] GC(8) Old regions: 13->16
[2023-04-18T09:34:41.283-0400][gc,heap     ] GC(8) Archive regions: 2->2
[2023-04-18T09:34:41.283-0400][gc,heap     ] GC(8) Humongous regions: 129->129
[2023-04-18T09:34:41.283-0400][gc,metaspace] GC(8) Metaspace: 42983K(43712K)->42983K(43712K) NonClass: 37961K(38336K)->37961K(38336K) Class: 5022K(5376K)->5022K(5376K)
[2023-04-18T09:34:41.283-0400][gc          ] GC(8) Pause Young (Normal) (G1 Evacuation Pause) 193M->148M(1024M) 7.512ms
[2023-04-18T09:34:41.283-0400][gc,cpu      ] GC(8) User=0.04s Sys=0.01s Real=0.01s
[2023-04-18T09:35:16.353-0400][gc,start    ] GC(9) Pause Young (Normal) (G1 Evacuation Pause)
[2023-04-18T09:35:16.353-0400][gc,task     ] GC(9) Using 8 workers of 8 for evacuation
[2023-04-18T09:35:16.356-0400][gc,phases   ] GC(9)   Pre Evacuate Collection Set: 0.1ms
[2023-04-18T09:35:16.356-0400][gc,phases   ] GC(9)   Merge Heap Roots: 0.1ms
[2023-04-18T09:35:16.356-0400][gc,phases   ] GC(9)   Evacuate Collection Set: 2.4ms
[2023-04-18T09:35:16.356-0400][gc,phases   ] GC(9)   Post Evacuate Collection Set: 0.3ms
[2023-04-18T09:35:16.356-0400][gc,phases   ] GC(9)   Other: 0.1ms
[2023-04-18T09:35:16.356-0400][gc,heap     ] GC(9) Eden regions: 52->0(94)
[2023-04-18T09:35:16.356-0400][gc,heap     ] GC(9) Survivor regions: 3->3(7)
[2023-04-18T09:35:16.357-0400][gc,heap     ] GC(9) Old regions: 16->16
[2023-04-18T09:35:16.357-0400][gc,heap     ] GC(9) Archive regions: 2->2
[2023-04-18T09:35:16.357-0400][gc,heap     ] GC(9) Humongous regions: 129->129
[2023-04-18T09:35:16.357-0400][gc,metaspace] GC(9) Metaspace: 42985K(43712K)->42985K(43712K) NonClass: 37963K(38336K)->37963K(38336K) Class: 5022K(5376K)->5022K(5376K)
[2023-04-18T09:35:16.357-0400][gc          ] GC(9) Pause Young (Normal) (G1 Evacuation Pause) 200M->148M(1024M) 4.061ms
[2023-04-18T09:35:16.357-0400][gc,cpu      ] GC(9) User=0.01s Sys=0.00s Real=0.00s
[2023-04-18T09:36:20.386-0400][gc,start    ] GC(10) Pause Young (Normal) (G1 Evacuation Pause)
[2023-04-18T09:36:20.387-0400][gc,task     ] GC(10) Using 8 workers of 8 for evacuation
[2023-04-18T09:36:20.392-0400][gc,phases   ] GC(10)   Pre Evacuate Collection Set: 0.4ms
[2023-04-18T09:36:20.392-0400][gc,phases   ] GC(10)   Merge Heap Roots: 0.1ms
[2023-04-18T09:36:20.392-0400][gc,phases   ] GC(10)   Evacuate Collection Set: 3.6ms
[2023-04-18T09:36:20.392-0400][gc,phases   ] GC(10)   Post Evacuate Collection Set: 0.5ms
[2023-04-18T09:36:20.392-0400][gc,phases   ] GC(10)   Other: 0.2ms
[2023-04-18T09:36:20.392-0400][gc,heap     ] GC(10) Eden regions: 94->0(155)
[2023-04-18T09:36:20.392-0400][gc,heap     ] GC(10) Survivor regions: 3->3(13)
[2023-04-18T09:36:20.392-0400][gc,heap     ] GC(10) Old regions: 16->16
[2023-04-18T09:36:20.392-0400][gc,heap     ] GC(10) Archive regions: 2->2
[2023-04-18T09:36:20.392-0400][gc,heap     ] GC(10) Humongous regions: 129->129
[2023-04-18T09:36:20.392-0400][gc,metaspace] GC(10) Metaspace: 42996K(43712K)->42996K(43712K) NonClass: 37973K(38336K)->37973K(38336K) Class: 5022K(5376K)->5022K(5376K)
[2023-04-18T09:36:20.392-0400][gc          ] GC(10) Pause Young (Normal) (G1 Evacuation Pause) 242M->148M(1024M) 5.894ms
[2023-04-18T09:36:20.392-0400][gc,cpu      ] GC(10) User=0.03s Sys=0.00s Real=0.01s
[2023-04-18T09:38:07.129-0400][gc,start    ] GC(11) Pause Young (Normal) (G1 Evacuation Pause)
[2023-04-18T09:38:07.130-0400][gc,task     ] GC(11) Using 8 workers of 8 for evacuation
[2023-04-18T09:38:07.139-0400][gc,phases   ] GC(11)   Pre Evacuate Collection Set: 0.9ms
[2023-04-18T09:38:07.139-0400][gc,phases   ] GC(11)   Merge Heap Roots: 0.3ms
[2023-04-18T09:38:07.139-0400][gc,phases   ] GC(11)   Evacuate Collection Set: 6.5ms
[2023-04-18T09:38:07.139-0400][gc,phases   ] GC(11)   Post Evacuate Collection Set: 0.5ms
[2023-04-18T09:38:07.139-0400][gc,phases   ] GC(11)   Other: 0.4ms
[2023-04-18T09:38:07.139-0400][gc,heap     ] GC(11) Eden regions: 155->0(188)
[2023-04-18T09:38:07.139-0400][gc,heap     ] GC(11) Survivor regions: 3->4(20)
[2023-04-18T09:38:07.139-0400][gc,heap     ] GC(11) Old regions: 16->16
[2023-04-18T09:38:07.139-0400][gc,heap     ] GC(11) Archive regions: 2->2
[2023-04-18T09:38:07.139-0400][gc,heap     ] GC(11) Humongous regions: 129->129
[2023-04-18T09:38:07.139-0400][gc,metaspace] GC(11) Metaspace: 43016K(43776K)->43016K(43776K) NonClass: 37994K(38400K)->37994K(38400K) Class: 5022K(5376K)->5022K(5376K)
[2023-04-18T09:38:07.139-0400][gc          ] GC(11) Pause Young (Normal) (G1 Evacuation Pause) 303M->149M(1024M) 9.934ms
[2023-04-18T09:38:07.139-0400][gc,cpu      ] GC(11) User=0.04s Sys=0.01s Real=0.01s
[2023-04-18T09:40:17.568-0400][gc,start    ] GC(12) Pause Young (Normal) (G1 Evacuation Pause)
[2023-04-18T09:40:17.568-0400][gc,task     ] GC(12) Using 8 workers of 8 for evacuation
[2023-04-18T09:40:17.575-0400][gc,phases   ] GC(12)   Pre Evacuate Collection Set: 0.3ms
[2023-04-18T09:40:17.575-0400][gc,phases   ] GC(12)   Merge Heap Roots: 0.1ms
[2023-04-18T09:40:17.575-0400][gc,phases   ] GC(12)   Evacuate Collection Set: 5.4ms
[2023-04-18T09:40:17.575-0400][gc,phases   ] GC(12)   Post Evacuate Collection Set: 0.3ms
[2023-04-18T09:40:17.575-0400][gc,phases   ] GC(12)   Other: 0.1ms
[2023-04-18T09:40:17.575-0400][gc,heap     ] GC(12) Eden regions: 188->0(384)
[2023-04-18T09:40:17.575-0400][gc,heap     ] GC(12) Survivor regions: 4->5(24)
[2023-04-18T09:40:17.575-0400][gc,heap     ] GC(12) Old regions: 16->16
[2023-04-18T09:40:17.575-0400][gc,heap     ] GC(12) Archive regions: 2->2
[2023-04-18T09:40:17.575-0400][gc,heap     ] GC(12) Humongous regions: 129->129
[2023-04-18T09:40:17.575-0400][gc,metaspace] GC(12) Metaspace: 43045K(43776K)->43045K(43776K) NonClass: 38022K(38400K)->38022K(38400K) Class: 5022K(5376K)->5022K(5376K)
[2023-04-18T09:40:17.575-0400][gc          ] GC(12) Pause Young (Normal) (G1 Evacuation Pause) 337M->150M(1024M) 7.137ms
[2023-04-18T09:40:17.575-0400][gc,cpu      ] GC(12) User=0.02s Sys=0.01s Real=0.01s
[2023-04-18T09:44:45.314-0400][gc,start    ] GC(13) Pause Young (Normal) (G1 Evacuation Pause)
[2023-04-18T09:44:45.316-0400][gc,task     ] GC(13) Using 8 workers of 8 for evacuation
[2023-04-18T09:44:45.327-0400][gc,phases   ] GC(13)   Pre Evacuate Collection Set: 2.3ms
[2023-04-18T09:44:45.328-0400][gc,phases   ] GC(13)   Merge Heap Roots: 0.2ms
[2023-04-18T09:44:45.328-0400][gc,phases   ] GC(13)   Evacuate Collection Set: 8.3ms
[2023-04-18T09:44:45.328-0400][gc,phases   ] GC(13)   Post Evacuate Collection Set: 0.7ms
[2023-04-18T09:44:45.328-0400][gc,phases   ] GC(13)   Other: 0.4ms
[2023-04-18T09:44:45.328-0400][gc,heap     ] GC(13) Eden regions: 384->0(433)
[2023-04-18T09:44:45.328-0400][gc,heap     ] GC(13) Survivor regions: 5->5(49)
[2023-04-18T09:44:45.328-0400][gc,heap     ] GC(13) Old regions: 16->16
[2023-04-18T09:44:45.328-0400][gc,heap     ] GC(13) Archive regions: 2->2
[2023-04-18T09:44:45.328-0400][gc,heap     ] GC(13) Humongous regions: 129->129
[2023-04-18T09:44:45.328-0400][gc,metaspace] GC(13) Metaspace: 43086K(43776K)->43086K(43776K) NonClass: 38064K(38400K)->38064K(38400K) Class: 5022K(5376K)->5022K(5376K)
[2023-04-18T09:44:45.328-0400][gc          ] GC(13) Pause Young (Normal) (G1 Evacuation Pause) 534M->150M(1024M) 13.320ms
[2023-04-18T09:44:45.328-0400][gc,cpu      ] GC(13) User=0.04s Sys=0.02s Real=0.01s
[2023-04-18T09:56:08.324-0400][gc,start    ] GC(14) Pause Young (Normal) (G1 Evacuation Pause)
[2023-04-18T09:56:08.325-0400][gc,task     ] GC(14) Using 8 workers of 8 for evacuation
[2023-04-18T09:56:08.345-0400][gc,phases   ] GC(14)   Pre Evacuate Collection Set: 4.5ms
[2023-04-18T09:56:08.345-0400][gc,phases   ] GC(14)   Merge Heap Roots: 0.5ms
[2023-04-18T09:56:08.346-0400][gc,phases   ] GC(14)   Evacuate Collection Set: 13.8ms
[2023-04-18T09:56:08.346-0400][gc,phases   ] GC(14)   Post Evacuate Collection Set: 1.0ms
[2023-04-18T09:56:08.346-0400][gc,phases   ] GC(14)   Other: 0.4ms
[2023-04-18T09:56:08.346-0400][gc,heap     ] GC(14) Eden regions: 433->0(198)
[2023-04-18T09:56:08.346-0400][gc,heap     ] GC(14) Survivor regions: 5->6(55)
[2023-04-18T09:56:08.346-0400][gc,heap     ] GC(14) Old regions: 16->16
[2023-04-18T09:56:08.346-0400][gc,heap     ] GC(14) Archive regions: 2->2
[2023-04-18T09:56:08.346-0400][gc,heap     ] GC(14) Humongous regions: 129->129
[2023-04-18T09:56:08.346-0400][gc,metaspace] GC(14) Metaspace: 43272K(43968K)->43272K(43968K) NonClass: 38241K(38592K)->38241K(38592K) Class: 5031K(5376K)->5031K(5376K)
[2023-04-18T09:56:08.346-0400][gc          ] GC(14) Pause Young (Normal) (G1 Evacuation Pause) 583M->151M(1024M) 21.615ms
[2023-04-18T09:56:08.346-0400][gc,cpu      ] GC(14) User=0.05s Sys=0.06s Real=0.02s
[2023-04-18T09:58:27.773-0400][gc,start    ] GC(15) Pause Young (Normal) (G1 Evacuation Pause)
[2023-04-18T09:58:27.774-0400][gc,task     ] GC(15) Using 8 workers of 8 for evacuation
[2023-04-18T09:58:27.785-0400][gc,phases   ] GC(15)   Pre Evacuate Collection Set: 0.8ms
[2023-04-18T09:58:27.785-0400][gc,phases   ] GC(15)   Merge Heap Roots: 0.2ms
[2023-04-18T09:58:27.785-0400][gc,phases   ] GC(15)   Evacuate Collection Set: 9.7ms
[2023-04-18T09:58:27.785-0400][gc,phases   ] GC(15)   Post Evacuate Collection Set: 0.4ms
[2023-04-18T09:58:27.785-0400][gc,phases   ] GC(15)   Other: 0.2ms
[2023-04-18T09:58:27.785-0400][gc,heap     ] GC(15) Eden regions: 198->0(322)
[2023-04-18T09:58:27.785-0400][gc,heap     ] GC(15) Survivor regions: 6->6(26)
[2023-04-18T09:58:27.785-0400][gc,heap     ] GC(15) Old regions: 16->16
[2023-04-18T09:58:27.785-0400][gc,heap     ] GC(15) Archive regions: 2->2
[2023-04-18T09:58:27.785-0400][gc,heap     ] GC(15) Humongous regions: 129->129
[2023-04-18T09:58:27.785-0400][gc,metaspace] GC(15) Metaspace: 43288K(43968K)->43288K(43968K) NonClass: 38257K(38592K)->38257K(38592K) Class: 5031K(5376K)->5031K(5376K)
[2023-04-18T09:58:27.785-0400][gc          ] GC(15) Pause Young (Normal) (G1 Evacuation Pause) 349M->151M(1024M) 11.921ms
[2023-04-18T09:58:27.785-0400][gc,cpu      ] GC(15) User=0.03s Sys=0.03s Real=0.01s
[2023-04-18T10:02:23.991-0400][gc,start    ] GC(16) Pause Young (Normal) (G1 Evacuation Pause)
[2023-04-18T10:02:23.991-0400][gc,task     ] GC(16) Using 8 workers of 8 for evacuation
[2023-04-18T10:02:24.008-0400][gc,phases   ] GC(16)   Pre Evacuate Collection Set: 1.2ms
[2023-04-18T10:02:24.008-0400][gc,phases   ] GC(16)   Merge Heap Roots: 0.3ms
[2023-04-18T10:02:24.008-0400][gc,phases   ] GC(16)   Evacuate Collection Set: 13.9ms
[2023-04-18T10:02:24.008-0400][gc,phases   ] GC(16)   Post Evacuate Collection Set: 1.3ms
[2023-04-18T10:02:24.008-0400][gc,phases   ] GC(16)   Other: 0.3ms
[2023-04-18T10:02:24.008-0400][gc,heap     ] GC(16) Eden regions: 322->0(312)
[2023-04-18T10:02:24.009-0400][gc,heap     ] GC(16) Survivor regions: 6->6(41)
[2023-04-18T10:02:24.009-0400][gc,heap     ] GC(16) Old regions: 16->16
[2023-04-18T10:02:24.009-0400][gc,heap     ] GC(16) Archive regions: 2->2
[2023-04-18T10:02:24.009-0400][gc,heap     ] GC(16) Humongous regions: 129->129
[2023-04-18T10:02:24.009-0400][gc,metaspace] GC(16) Metaspace: 43303K(43968K)->43303K(43968K) NonClass: 38271K(38592K)->38271K(38592K) Class: 5031K(5376K)->5031K(5376K)
[2023-04-18T10:02:24.009-0400][gc          ] GC(16) Pause Young (Normal) (G1 Evacuation Pause) 473M->151M(1024M) 17.729ms
[2023-04-18T10:02:24.009-0400][gc,cpu      ] GC(16) User=0.03s Sys=0.03s Real=0.01s
[2023-04-18T10:06:04.891-0400][gc,start    ] GC(17) Pause Young (Normal) (G1 Evacuation Pause)
[2023-04-18T10:06:04.893-0400][gc,task     ] GC(17) Using 8 workers of 8 for evacuation
[2023-04-18T10:06:04.903-0400][gc,phases   ] GC(17)   Pre Evacuate Collection Set: 0.4ms
[2023-04-18T10:06:04.904-0400][gc,phases   ] GC(17)   Merge Heap Roots: 1.3ms
[2023-04-18T10:06:04.904-0400][gc,phases   ] GC(17)   Evacuate Collection Set: 7.9ms
[2023-04-18T10:06:04.904-0400][gc,phases   ] GC(17)   Post Evacuate Collection Set: 0.9ms
[2023-04-18T10:06:04.904-0400][gc,phases   ] GC(17)   Other: 0.3ms
[2023-04-18T10:06:04.904-0400][gc,heap     ] GC(17) Eden regions: 312->0(608)
[2023-04-18T10:06:04.904-0400][gc,heap     ] GC(17) Survivor regions: 6->6(40)
[2023-04-18T10:06:04.904-0400][gc,heap     ] GC(17) Old regions: 16->16
[2023-04-18T10:06:04.904-0400][gc,heap     ] GC(17) Archive regions: 2->2
[2023-04-18T10:06:04.904-0400][gc,heap     ] GC(17) Humongous regions: 129->129
[2023-04-18T10:06:04.904-0400][gc,metaspace] GC(17) Metaspace: 43322K(43968K)->43322K(43968K) NonClass: 38290K(38592K)->38290K(38592K) Class: 5031K(5376K)->5031K(5376K)
[2023-04-18T10:06:04.904-0400][gc          ] GC(17) Pause Young (Normal) (G1 Evacuation Pause) 463M->151M(1024M) 12.408ms
[2023-04-18T10:06:04.904-0400][gc,cpu      ] GC(17) User=0.05s Sys=0.01s Real=0.01s
[2023-04-18T10:13:00.235-0400][gc,start    ] GC(18) Pause Young (Normal) (G1 Evacuation Pause)
[2023-04-18T10:13:00.236-0400][gc,task     ] GC(18) Using 8 workers of 8 for evacuation
[2023-04-18T10:13:00.260-0400][gc,mmu      ] GC(18) MMU target violated: 20.8ms (20.0ms/21.0ms)
[2023-04-18T10:13:00.260-0400][gc,phases   ] GC(18)   Pre Evacuate Collection Set: 5.0ms
[2023-04-18T10:13:00.260-0400][gc,phases   ] GC(18)   Merge Heap Roots: 1.1ms
[2023-04-18T10:13:00.260-0400][gc,phases   ] GC(18)   Evacuate Collection Set: 12.9ms
[2023-04-18T10:13:00.260-0400][gc,phases   ] GC(18)   Post Evacuate Collection Set: 1.5ms
[2023-04-18T10:13:00.260-0400][gc,phases   ] GC(18)   Other: 3.6ms
[2023-04-18T10:13:00.260-0400][gc,heap     ] GC(18) Eden regions: 608->0(243)
[2023-04-18T10:13:00.260-0400][gc,heap     ] GC(18) Survivor regions: 6->8(77)
[2023-04-18T10:13:00.260-0400][gc,heap     ] GC(18) Old regions: 16->16
[2023-04-18T10:13:00.260-0400][gc,heap     ] GC(18) Archive regions: 2->2
[2023-04-18T10:13:00.260-0400][gc,heap     ] GC(18) Humongous regions: 129->129
[2023-04-18T10:13:00.260-0400][gc,metaspace] GC(18) Metaspace: 43351K(44096K)->43351K(44096K) NonClass: 38320K(38720K)->38320K(38720K) Class: 5031K(5376K)->5031K(5376K)
[2023-04-18T10:13:00.260-0400][gc          ] GC(18) Pause Young (Normal) (G1 Evacuation Pause) 759M->153M(1024M) 25.458ms
[2023-04-18T10:13:00.260-0400][gc,cpu      ] GC(18) User=0.06s Sys=0.06s Real=0.03s
[2023-04-18T10:15:45.642-0400][gc,start    ] GC(19) Pause Young (Normal) (G1 Evacuation Pause)
[2023-04-18T10:15:45.642-0400][gc,task     ] GC(19) Using 8 workers of 8 for evacuation
[2023-04-18T10:15:45.653-0400][gc,phases   ] GC(19)   Pre Evacuate Collection Set: 0.3ms
[2023-04-18T10:15:45.653-0400][gc,phases   ] GC(19)   Merge Heap Roots: 0.2ms
[2023-04-18T10:15:45.653-0400][gc,phases   ] GC(19)   Evacuate Collection Set: 9.2ms
[2023-04-18T10:15:45.653-0400][gc,phases   ] GC(19)   Post Evacuate Collection Set: 0.5ms
[2023-04-18T10:15:45.653-0400][gc,phases   ] GC(19)   Other: 0.2ms
[2023-04-18T10:15:45.653-0400][gc,heap     ] GC(19) Eden regions: 243->0(263)
[2023-04-18T10:15:45.653-0400][gc,heap     ] GC(19) Survivor regions: 8->9(32)
[2023-04-18T10:15:45.653-0400][gc,heap     ] GC(19) Old regions: 16->16
[2023-04-18T10:15:45.653-0400][gc,heap     ] GC(19) Archive regions: 2->2
[2023-04-18T10:15:45.653-0400][gc,heap     ] GC(19) Humongous regions: 129->129
[2023-04-18T10:15:45.653-0400][gc,metaspace] GC(19) Metaspace: 43374K(44096K)->43374K(44096K) NonClass: 38342K(38720K)->38342K(38720K) Class: 5031K(5376K)->5031K(5376K)
[2023-04-18T10:15:45.653-0400][gc          ] GC(19) Pause Young (Normal) (G1 Evacuation Pause) 396M->154M(1024M) 11.438ms
[2023-04-18T10:15:45.653-0400][gc,cpu      ] GC(19) User=0.07s Sys=0.00s Real=0.01s
[2023-04-18T10:18:42.650-0400][gc,start    ] GC(20) Pause Young (Normal) (G1 Evacuation Pause)
[2023-04-18T10:18:42.651-0400][gc,task     ] GC(20) Using 8 workers of 8 for evacuation
[2023-04-18T10:18:42.659-0400][gc,phases   ] GC(20)   Pre Evacuate Collection Set: 0.2ms
[2023-04-18T10:18:42.659-0400][gc,phases   ] GC(20)   Merge Heap Roots: 0.1ms
[2023-04-18T10:18:42.659-0400][gc,phases   ] GC(20)   Evacuate Collection Set: 7.3ms
[2023-04-18T10:18:42.659-0400][gc,phases   ] GC(20)   Post Evacuate Collection Set: 0.4ms
[2023-04-18T10:18:42.659-0400][gc,phases   ] GC(20)   Other: 0.2ms
[2023-04-18T10:18:42.659-0400][gc,heap     ] GC(20) Eden regions: 263->0(407)
[2023-04-18T10:18:42.659-0400][gc,heap     ] GC(20) Survivor regions: 9->9(34)
[2023-04-18T10:18:42.659-0400][gc,heap     ] GC(20) Old regions: 16->16
[2023-04-18T10:18:42.659-0400][gc,heap     ] GC(20) Archive regions: 2->2
[2023-04-18T10:18:42.659-0400][gc,heap     ] GC(20) Humongous regions: 129->129
[2023-04-18T10:18:42.659-0400][gc,metaspace] GC(20) Metaspace: 43374K(44096K)->43374K(44096K) NonClass: 38342K(38720K)->38342K(38720K) Class: 5031K(5376K)->5031K(5376K)
[2023-04-18T10:18:42.659-0400][gc          ] GC(20) Pause Young (Normal) (G1 Evacuation Pause) 417M->154M(1024M) 9.291ms
[2023-04-18T10:18:42.659-0400][gc,cpu      ] GC(20) User=0.04s Sys=0.01s Real=0.00s
[2023-04-18T10:23:15.881-0400][gc,start    ] GC(21) Pause Young (Normal) (G1 Evacuation Pause)
[2023-04-18T10:23:15.882-0400][gc,task     ] GC(21) Using 8 workers of 8 for evacuation
[2023-04-18T10:23:15.895-0400][gc,phases   ] GC(21)   Pre Evacuate Collection Set: 0.4ms
[2023-04-18T10:23:15.895-0400][gc,phases   ] GC(21)   Merge Heap Roots: 0.3ms
[2023-04-18T10:23:15.895-0400][gc,phases   ] GC(21)   Evacuate Collection Set: 11.0ms
[2023-04-18T10:23:15.895-0400][gc,phases   ] GC(21)   Post Evacuate Collection Set: 0.6ms
[2023-04-18T10:23:15.895-0400][gc,phases   ] GC(21)   Other: 0.3ms
[2023-04-18T10:23:15.895-0400][gc,heap     ] GC(21) Eden regions: 407->0(463)
[2023-04-18T10:23:15.895-0400][gc,heap     ] GC(21) Survivor regions: 9->12(52)
[2023-04-18T10:23:15.895-0400][gc,heap     ] GC(21) Old regions: 16->16
[2023-04-18T10:23:15.895-0400][gc,heap     ] GC(21) Archive regions: 2->2
[2023-04-18T10:23:15.895-0400][gc,heap     ] GC(21) Humongous regions: 129->129
[2023-04-18T10:23:15.895-0400][gc,metaspace] GC(21) Metaspace: 43398K(44096K)->43398K(44096K) NonClass: 38363K(38720K)->38363K(38720K) Class: 5034K(5376K)->5034K(5376K)
[2023-04-18T10:23:15.895-0400][gc          ] GC(21) Pause Young (Normal) (G1 Evacuation Pause) 561M->157M(1024M) 13.800ms
[2023-04-18T10:23:15.895-0400][gc,cpu      ] GC(21) User=0.09s Sys=0.01s Real=0.01s
[2023-04-18T10:28:31.838-0400][gc,start    ] GC(22) Pause Young (Normal) (G1 Evacuation Pause)
[2023-04-18T10:28:31.839-0400][gc,task     ] GC(22) Using 8 workers of 8 for evacuation
[2023-04-18T10:28:31.874-0400][gc,mmu      ] GC(22) MMU target violated: 21.0ms (20.0ms/21.0ms)
[2023-04-18T10:28:31.874-0400][gc,phases   ] GC(22)   Pre Evacuate Collection Set: 0.5ms
[2023-04-18T10:28:31.874-0400][gc,phases   ] GC(22)   Merge Heap Roots: 1.0ms
[2023-04-18T10:28:31.874-0400][gc,phases   ] GC(22)   Evacuate Collection Set: 32.6ms
[2023-04-18T10:28:31.874-0400][gc,phases   ] GC(22)   Post Evacuate Collection Set: 0.7ms
[2023-04-18T10:28:31.874-0400][gc,phases   ] GC(22)   Other: 0.3ms
[2023-04-18T10:28:31.874-0400][gc,heap     ] GC(22) Eden regions: 463->0(40)
[2023-04-18T10:28:31.874-0400][gc,heap     ] GC(22) Survivor regions: 12->11(60)
[2023-04-18T10:28:31.874-0400][gc,heap     ] GC(22) Old regions: 16->17
[2023-04-18T10:28:31.874-0400][gc,heap     ] GC(22) Archive regions: 2->2
[2023-04-18T10:28:31.874-0400][gc,heap     ] GC(22) Humongous regions: 129->129
[2023-04-18T10:28:31.874-0400][gc,metaspace] GC(22) Metaspace: 43424K(44160K)->43424K(44160K) NonClass: 38390K(38784K)->38390K(38784K) Class: 5034K(5376K)->5034K(5376K)
[2023-04-18T10:28:31.874-0400][gc          ] GC(22) Pause Young (Normal) (G1 Evacuation Pause) 620M->157M(1024M) 36.252ms
[2023-04-18T10:28:31.874-0400][gc,cpu      ] GC(22) User=0.05s Sys=0.10s Real=0.04s
[2023-04-18T10:28:57.133-0400][gc,start    ] GC(23) Pause Young (Normal) (G1 Evacuation Pause)
[2023-04-18T10:28:57.133-0400][gc,task     ] GC(23) Using 8 workers of 8 for evacuation
[2023-04-18T10:28:57.150-0400][gc,phases   ] GC(23)   Pre Evacuate Collection Set: 0.4ms
[2023-04-18T10:28:57.150-0400][gc,phases   ] GC(23)   Merge Heap Roots: 0.2ms
[2023-04-18T10:28:57.150-0400][gc,phases   ] GC(23)   Evacuate Collection Set: 14.7ms
[2023-04-18T10:28:57.150-0400][gc,phases   ] GC(23)   Post Evacuate Collection Set: 0.8ms
[2023-04-18T10:28:57.150-0400][gc,phases   ] GC(23)   Other: 0.3ms
[2023-04-18T10:28:57.150-0400][gc,heap     ] GC(23) Eden regions: 40->0(610)
[2023-04-18T10:28:57.150-0400][gc,heap     ] GC(23) Survivor regions: 11->4(7)
[2023-04-18T10:28:57.150-0400][gc,heap     ] GC(23) Old regions: 17->25
[2023-04-18T10:28:57.150-0400][gc,heap     ] GC(23) Archive regions: 2->2
[2023-04-18T10:28:57.150-0400][gc,heap     ] GC(23) Humongous regions: 129->129
[2023-04-18T10:28:57.150-0400][gc,metaspace] GC(23) Metaspace: 43425K(44160K)->43425K(44160K) NonClass: 38390K(38784K)->38390K(38784K) Class: 5034K(5376K)->5034K(5376K)
[2023-04-18T10:28:57.150-0400][gc          ] GC(23) Pause Young (Normal) (G1 Evacuation Pause) 197M->157M(1024M) 16.941ms
[2023-04-18T10:28:57.150-0400][gc,cpu      ] GC(23) User=0.06s Sys=0.02s Real=0.02s
[2023-04-18T10:35:55.063-0400][gc,start    ] GC(24) Pause Young (Normal) (G1 Evacuation Pause)
[2023-04-18T10:35:55.065-0400][gc,task     ] GC(24) Using 8 workers of 8 for evacuation
[2023-04-18T10:35:55.117-0400][gc,mmu      ] GC(24) MMU target violated: 21.0ms (20.0ms/21.0ms)
[2023-04-18T10:35:55.117-0400][gc,phases   ] GC(24)   Pre Evacuate Collection Set: 3.7ms
[2023-04-18T10:35:55.117-0400][gc,phases   ] GC(24)   Merge Heap Roots: 0.3ms
[2023-04-18T10:35:55.117-0400][gc,phases   ] GC(24)   Evacuate Collection Set: 47.3ms
[2023-04-18T10:35:55.117-0400][gc,phases   ] GC(24)   Post Evacuate Collection Set: 1.0ms
[2023-04-18T10:35:55.117-0400][gc,phases   ] GC(24)   Other: 0.4ms
[2023-04-18T10:35:55.117-0400][gc,heap     ] GC(24) Eden regions: 610->0(39)
[2023-04-18T10:35:55.117-0400][gc,heap     ] GC(24) Survivor regions: 4->12(77)
[2023-04-18T10:35:55.117-0400][gc,heap     ] GC(24) Old regions: 25->25
[2023-04-18T10:35:55.117-0400][gc,heap     ] GC(24) Archive regions: 2->2
[2023-04-18T10:35:55.117-0400][gc,heap     ] GC(24) Humongous regions: 129->129
[2023-04-18T10:35:55.117-0400][gc,metaspace] GC(24) Metaspace: 43439K(44160K)->43439K(44160K) NonClass: 38404K(38784K)->38404K(38784K) Class: 5034K(5376K)->5034K(5376K)
[2023-04-18T10:35:55.117-0400][gc          ] GC(24) Pause Young (Normal) (G1 Evacuation Pause) 767M->165M(1024M) 53.744ms
[2023-04-18T10:35:55.117-0400][gc,cpu      ] GC(24) User=0.08s Sys=0.19s Real=0.05s
[2023-04-18T10:36:19.595-0400][gc,start    ] GC(25) Pause Young (Normal) (G1 Evacuation Pause)
[2023-04-18T10:36:19.595-0400][gc,task     ] GC(25) Using 8 workers of 8 for evacuation
[2023-04-18T10:36:19.610-0400][gc,phases   ] GC(25)   Pre Evacuate Collection Set: 0.3ms
[2023-04-18T10:36:19.610-0400][gc,phases   ] GC(25)   Merge Heap Roots: 0.2ms
[2023-04-18T10:36:19.610-0400][gc,phases   ] GC(25)   Evacuate Collection Set: 13.8ms
[2023-04-18T10:36:19.610-0400][gc,phases   ] GC(25)   Post Evacuate Collection Set: 0.5ms
[2023-04-18T10:36:19.611-0400][gc,phases   ] GC(25)   Other: 0.2ms
[2023-04-18T10:36:19.611-0400][gc,heap     ] GC(25) Eden regions: 39->0(317)
[2023-04-18T10:36:19.611-0400][gc,heap     ] GC(25) Survivor regions: 12->2(7)
[2023-04-18T10:36:19.611-0400][gc,heap     ] GC(25) Old regions: 25->36
[2023-04-18T10:36:19.611-0400][gc,heap     ] GC(25) Archive regions: 2->2
[2023-04-18T10:36:19.611-0400][gc,heap     ] GC(25) Humongous regions: 129->129
[2023-04-18T10:36:19.611-0400][gc,metaspace] GC(25) Metaspace: 43439K(44160K)->43439K(44160K) NonClass: 38404K(38784K)->38404K(38784K) Class: 5034K(5376K)->5034K(5376K)
[2023-04-18T10:36:19.611-0400][gc          ] GC(25) Pause Young (Normal) (G1 Evacuation Pause) 204M->166M(1024M) 15.547ms
[2023-04-18T10:36:19.611-0400][gc,cpu      ] GC(25) User=0.07s Sys=0.02s Real=0.02s
[2023-04-18T10:39:58.466-0400][gc,start    ] GC(26) Pause Young (Normal) (G1 Evacuation Pause)
[2023-04-18T10:39:58.467-0400][gc,task     ] GC(26) Using 8 workers of 8 for evacuation
[2023-04-18T10:39:58.478-0400][gc,phases   ] GC(26)   Pre Evacuate Collection Set: 0.3ms
[2023-04-18T10:39:58.478-0400][gc,phases   ] GC(26)   Merge Heap Roots: 0.1ms
[2023-04-18T10:39:58.478-0400][gc,phases   ] GC(26)   Evacuate Collection Set: 9.9ms
[2023-04-18T10:39:58.478-0400][gc,phases   ] GC(26)   Post Evacuate Collection Set: 0.8ms
[2023-04-18T10:39:58.478-0400][gc,phases   ] GC(26)   Other: 0.3ms
[2023-04-18T10:39:58.478-0400][gc,heap     ] GC(26) Eden regions: 317->0(110)
[2023-04-18T10:39:58.478-0400][gc,heap     ] GC(26) Survivor regions: 2->7(40)
[2023-04-18T10:39:58.478-0400][gc,heap     ] GC(26) Old regions: 36->36
[2023-04-18T10:39:58.478-0400][gc,heap     ] GC(26) Archive regions: 2->2
[2023-04-18T10:39:58.478-0400][gc,heap     ] GC(26) Humongous regions: 129->129
[2023-04-18T10:39:58.478-0400][gc,metaspace] GC(26) Metaspace: 43439K(44160K)->43439K(44160K) NonClass: 38405K(38784K)->38405K(38784K) Class: 5034K(5376K)->5034K(5376K)
[2023-04-18T10:39:58.478-0400][gc          ] GC(26) Pause Young (Normal) (G1 Evacuation Pause) 483M->171M(1024M) 12.629ms
[2023-04-18T10:39:58.478-0400][gc,cpu      ] GC(26) User=0.05s Sys=0.03s Real=0.01s
[2023-04-18T10:41:13.714-0400][gc,start    ] GC(27) Pause Young (Normal) (G1 Evacuation Pause)
[2023-04-18T10:41:13.715-0400][gc,task     ] GC(27) Using 8 workers of 8 for evacuation
[2023-04-18T10:41:13.727-0400][gc,phases   ] GC(27)   Pre Evacuate Collection Set: 0.4ms
[2023-04-18T10:41:13.727-0400][gc,phases   ] GC(27)   Merge Heap Roots: 0.2ms
[2023-04-18T10:41:13.727-0400][gc,phases   ] GC(27)   Evacuate Collection Set: 10.0ms
[2023-04-18T10:41:13.727-0400][gc,phases   ] GC(27)   Post Evacuate Collection Set: 0.4ms
[2023-04-18T10:41:13.727-0400][gc,phases   ] GC(27)   Other: 0.3ms
[2023-04-18T10:41:13.727-0400][gc,heap     ] GC(27) Eden regions: 110->0(103)
[2023-04-18T10:41:13.727-0400][gc,heap     ] GC(27) Survivor regions: 7->8(15)
[2023-04-18T10:41:13.727-0400][gc,heap     ] GC(27) Old regions: 36->36
[2023-04-18T10:41:13.727-0400][gc,heap     ] GC(27) Archive regions: 2->2
[2023-04-18T10:41:13.727-0400][gc,heap     ] GC(27) Humongous regions: 129->129
[2023-04-18T10:41:13.727-0400][gc,metaspace] GC(27) Metaspace: 43440K(44160K)->43440K(44160K) NonClass: 38405K(38784K)->38405K(38784K) Class: 5034K(5376K)->5034K(5376K)
[2023-04-18T10:41:13.727-0400][gc          ] GC(27) Pause Young (Normal) (G1 Evacuation Pause) 281M->173M(1024M) 12.761ms
[2023-04-18T10:41:13.727-0400][gc,cpu      ] GC(27) User=0.06s Sys=0.00s Real=0.01s
[2023-04-18T10:42:23.548-0400][gc,start    ] GC(28) Pause Young (Normal) (G1 Evacuation Pause)
[2023-04-18T10:42:23.550-0400][gc,task     ] GC(28) Using 8 workers of 8 for evacuation
[2023-04-18T10:42:23.560-0400][gc,phases   ] GC(28)   Pre Evacuate Collection Set: 0.3ms
[2023-04-18T10:42:23.560-0400][gc,phases   ] GC(28)   Merge Heap Roots: 0.2ms
[2023-04-18T10:42:23.560-0400][gc,phases   ] GC(28)   Evacuate Collection Set: 9.6ms
[2023-04-18T10:42:23.560-0400][gc,phases   ] GC(28)   Post Evacuate Collection Set: 0.5ms
[2023-04-18T10:42:23.561-0400][gc,phases   ] GC(28)   Other: 0.2ms
[2023-04-18T10:42:23.561-0400][gc,heap     ] GC(28) Eden regions: 103->0(63)
[2023-04-18T10:42:23.561-0400][gc,heap     ] GC(28) Survivor regions: 8->10(14)
[2023-04-18T10:42:23.561-0400][gc,heap     ] GC(28) Old regions: 36->36
[2023-04-18T10:42:23.561-0400][gc,heap     ] GC(28) Archive regions: 2->2
[2023-04-18T10:42:23.561-0400][gc,heap     ] GC(28) Humongous regions: 129->129
[2023-04-18T10:42:23.561-0400][gc,metaspace] GC(28) Metaspace: 43444K(44160K)->43444K(44160K) NonClass: 38409K(38784K)->38409K(38784K) Class: 5034K(5376K)->5034K(5376K)
[2023-04-18T10:42:23.561-0400][gc          ] GC(28) Pause Young (Normal) (G1 Evacuation Pause) 276M->175M(1024M) 12.149ms
[2023-04-18T10:42:23.561-0400][gc,cpu      ] GC(28) User=0.07s Sys=0.01s Real=0.02s
[2023-04-18T10:42:53.088-0400][gc,start    ] GC(29) Pause Young (Normal) (G1 Evacuation Pause)
[2023-04-18T10:42:53.089-0400][gc,task     ] GC(29) Using 8 workers of 8 for evacuation
[2023-04-18T10:42:53.101-0400][gc,phases   ] GC(29)   Pre Evacuate Collection Set: 0.2ms
[2023-04-18T10:42:53.101-0400][gc,phases   ] GC(29)   Merge Heap Roots: 0.3ms
[2023-04-18T10:42:53.101-0400][gc,phases   ] GC(29)   Evacuate Collection Set: 10.9ms
[2023-04-18T10:42:53.101-0400][gc,phases   ] GC(29)   Post Evacuate Collection Set: 0.5ms
[2023-04-18T10:42:53.101-0400][gc,phases   ] GC(29)   Other: 0.2ms
[2023-04-18T10:42:53.101-0400][gc,heap     ] GC(29) Eden regions: 44->0(415)
[2023-04-18T10:42:53.101-0400][gc,heap     ] GC(29) Survivor regions: 10->4(7)
[2023-04-18T10:42:53.101-0400][gc,heap     ] GC(29) Old regions: 36->43
[2023-04-18T10:42:53.101-0400][gc,heap     ] GC(29) Archive regions: 2->2
[2023-04-18T10:42:53.102-0400][gc,heap     ] GC(29) Humongous regions: 129->129
[2023-04-18T10:42:53.102-0400][gc,metaspace] GC(29) Metaspace: 43444K(44160K)->43444K(44160K) NonClass: 38409K(38784K)->38409K(38784K) Class: 5034K(5376K)->5034K(5376K)
[2023-04-18T10:42:53.102-0400][gc          ] GC(29) Pause Young (Normal) (G1 Evacuation Pause) 219M->176M(1024M) 13.306ms
[2023-04-18T10:42:53.102-0400][gc,cpu      ] GC(29) User=0.07s Sys=0.01s Real=0.02s
[2023-04-18T10:47:25.683-0400][gc,start    ] GC(30) Pause Young (Normal) (G1 Evacuation Pause)
[2023-04-18T10:47:25.684-0400][gc,task     ] GC(30) Using 8 workers of 8 for evacuation
[2023-04-18T10:47:25.802-0400][gc,mmu      ] GC(30) MMU target violated: 21.0ms (20.0ms/21.0ms)
[2023-04-18T10:47:25.802-0400][gc,phases   ] GC(30)   Pre Evacuate Collection Set: 2.3ms
[2023-04-18T10:47:25.802-0400][gc,phases   ] GC(30)   Merge Heap Roots: 1.4ms
[2023-04-18T10:47:25.802-0400][gc,phases   ] GC(30)   Evacuate Collection Set: 93.0ms
[2023-04-18T10:47:25.802-0400][gc,phases   ] GC(30)   Post Evacuate Collection Set: 1.7ms
[2023-04-18T10:47:25.802-0400][gc,phases   ] GC(30)   Other: 19.7ms
[2023-04-18T10:47:25.802-0400][gc,heap     ] GC(30) Eden regions: 415->0(41)
[2023-04-18T10:47:25.802-0400][gc,heap     ] GC(30) Survivor regions: 4->10(53)
[2023-04-18T10:47:25.802-0400][gc,heap     ] GC(30) Old regions: 43->43
[2023-04-18T10:47:25.802-0400][gc,heap     ] GC(30) Archive regions: 2->2
[2023-04-18T10:47:25.802-0400][gc,heap     ] GC(30) Humongous regions: 129->129
[2023-04-18T10:47:25.802-0400][gc,metaspace] GC(30) Metaspace: 43446K(44160K)->43446K(44160K) NonClass: 38411K(38784K)->38411K(38784K) Class: 5034K(5376K)->5034K(5376K)
[2023-04-18T10:47:25.802-0400][gc          ] GC(30) Pause Young (Normal) (G1 Evacuation Pause) 591M->182M(1024M) 119.039ms
[2023-04-18T10:47:25.802-0400][gc,cpu      ] GC(30) User=0.08s Sys=0.24s Real=0.12s
[2023-04-18T10:47:51.394-0400][gc,start    ] GC(31) Pause Young (Normal) (G1 Evacuation Pause)
[2023-04-18T10:47:51.394-0400][gc,task     ] GC(31) Using 8 workers of 8 for evacuation
[2023-04-18T10:47:51.404-0400][gc,phases   ] GC(31)   Pre Evacuate Collection Set: 0.2ms
[2023-04-18T10:47:51.404-0400][gc,phases   ] GC(31)   Merge Heap Roots: 0.1ms
[2023-04-18T10:47:51.404-0400][gc,phases   ] GC(31)   Evacuate Collection Set: 9.4ms
[2023-04-18T10:47:51.404-0400][gc,phases   ] GC(31)   Post Evacuate Collection Set: 0.4ms
[2023-04-18T10:47:51.404-0400][gc,phases   ] GC(31)   Other: 0.1ms
[2023-04-18T10:47:51.404-0400][gc,heap     ] GC(31) Eden regions: 41->0(131)
[2023-04-18T10:47:51.404-0400][gc,heap     ] GC(31) Survivor regions: 10->2(7)
[2023-04-18T10:47:51.404-0400][gc,heap     ] GC(31) Old regions: 43->53
[2023-04-18T10:47:51.404-0400][gc,heap     ] GC(31) Archive regions: 2->2
[2023-04-18T10:47:51.404-0400][gc,heap     ] GC(31) Humongous regions: 129->129
[2023-04-18T10:47:51.404-0400][gc,metaspace] GC(31) Metaspace: 43449K(44160K)->43449K(44160K) NonClass: 38414K(38784K)->38414K(38784K) Class: 5034K(5376K)->5034K(5376K)
[2023-04-18T10:47:51.404-0400][gc          ] GC(31) Pause Young (Normal) (G1 Evacuation Pause) 223M->184M(1024M) 10.503ms
[2023-04-18T10:47:51.404-0400][gc,cpu      ] GC(31) User=0.05s Sys=0.01s Real=0.01s
[2023-04-18T10:49:15.708-0400][gc,start    ] GC(32) Pause Young (Normal) (G1 Evacuation Pause)
[2023-04-18T10:49:15.708-0400][gc,task     ] GC(32) Using 8 workers of 8 for evacuation
[2023-04-18T10:49:15.718-0400][gc,phases   ] GC(32)   Pre Evacuate Collection Set: 0.2ms
[2023-04-18T10:49:15.718-0400][gc,phases   ] GC(32)   Merge Heap Roots: 0.1ms
[2023-04-18T10:49:15.718-0400][gc,phases   ] GC(32)   Evacuate Collection Set: 7.5ms
[2023-04-18T10:49:15.718-0400][gc,phases   ] GC(32)   Post Evacuate Collection Set: 0.3ms
[2023-04-18T10:49:15.718-0400][gc,phases   ] GC(32)   Other: 1.4ms
[2023-04-18T10:49:15.718-0400][gc,heap     ] GC(32) Eden regions: 131->0(115)
[2023-04-18T10:49:15.718-0400][gc,heap     ] GC(32) Survivor regions: 2->3(17)
[2023-04-18T10:49:15.718-0400][gc,heap     ] GC(32) Old regions: 53->53
[2023-04-18T10:49:15.718-0400][gc,heap     ] GC(32) Archive regions: 2->2
[2023-04-18T10:49:15.718-0400][gc,heap     ] GC(32) Humongous regions: 129->129
[2023-04-18T10:49:15.718-0400][gc,metaspace] GC(32) Metaspace: 43449K(44160K)->43449K(44160K) NonClass: 38414K(38784K)->38414K(38784K) Class: 5034K(5376K)->5034K(5376K)
[2023-04-18T10:49:15.718-0400][gc          ] GC(32) Pause Young (Normal) (G1 Evacuation Pause) 315M->185M(1024M) 10.086ms
[2023-04-18T10:49:15.718-0400][gc,cpu      ] GC(32) User=0.02s Sys=0.02s Real=0.01s
[2023-04-18T10:50:29.488-0400][gc,start    ] GC(33) Pause Young (Normal) (G1 Evacuation Pause)
[2023-04-18T10:50:29.488-0400][gc,task     ] GC(33) Using 8 workers of 8 for evacuation
[2023-04-18T10:50:29.492-0400][gc,phases   ] GC(33)   Pre Evacuate Collection Set: 0.8ms
[2023-04-18T10:50:29.492-0400][gc,phases   ] GC(33)   Merge Heap Roots: 0.1ms
[2023-04-18T10:50:29.492-0400][gc,phases   ] GC(33)   Evacuate Collection Set: 2.8ms
[2023-04-18T10:50:29.492-0400][gc,phases   ] GC(33)   Post Evacuate Collection Set: 0.3ms
[2023-04-18T10:50:29.492-0400][gc,phases   ] GC(33)   Other: 0.2ms
[2023-04-18T10:50:29.492-0400][gc,heap     ] GC(33) Eden regions: 115->0(72)
[2023-04-18T10:50:29.492-0400][gc,heap     ] GC(33) Survivor regions: 3->5(15)
[2023-04-18T10:50:29.492-0400][gc,heap     ] GC(33) Old regions: 53->53
[2023-04-18T10:50:29.492-0400][gc,heap     ] GC(33) Archive regions: 2->2
[2023-04-18T10:50:29.492-0400][gc,heap     ] GC(33) Humongous regions: 129->129
[2023-04-18T10:50:29.492-0400][gc,metaspace] GC(33) Metaspace: 43449K(44160K)->43449K(44160K) NonClass: 38414K(38784K)->38414K(38784K) Class: 5034K(5376K)->5034K(5376K)
[2023-04-18T10:50:29.492-0400][gc          ] GC(33) Pause Young (Normal) (G1 Evacuation Pause) 300M->187M(1024M) 4.885ms
[2023-04-18T10:50:29.493-0400][gc,cpu      ] GC(33) User=0.02s Sys=0.00s Real=0.01s
[2023-04-18T10:51:14.906-0400][gc,start    ] GC(34) Pause Young (Normal) (G1 Evacuation Pause)
[2023-04-18T10:51:14.907-0400][gc,task     ] GC(34) Using 8 workers of 8 for evacuation
[2023-04-18T10:51:14.911-0400][gc,phases   ] GC(34)   Pre Evacuate Collection Set: 0.1ms
[2023-04-18T10:51:14.911-0400][gc,phases   ] GC(34)   Merge Heap Roots: 0.0ms
[2023-04-18T10:51:14.911-0400][gc,phases   ] GC(34)   Evacuate Collection Set: 3.2ms
[2023-04-18T10:51:14.912-0400][gc,phases   ] GC(34)   Post Evacuate Collection Set: 0.6ms
[2023-04-18T10:51:14.912-0400][gc,phases   ] GC(34)   Other: 0.1ms
[2023-04-18T10:51:14.912-0400][gc,heap     ] GC(34) Eden regions: 72->0(48)
[2023-04-18T10:51:14.912-0400][gc,heap     ] GC(34) Survivor regions: 5->7(10)
[2023-04-18T10:51:14.912-0400][gc,heap     ] GC(34) Old regions: 53->53
[2023-04-18T10:51:14.912-0400][gc,heap     ] GC(34) Archive regions: 2->2
[2023-04-18T10:51:14.912-0400][gc,heap     ] GC(34) Humongous regions: 129->129
[2023-04-18T10:51:14.912-0400][gc,metaspace] GC(34) Metaspace: 43449K(44160K)->43449K(44160K) NonClass: 38414K(38784K)->38414K(38784K) Class: 5034K(5376K)->5034K(5376K)
[2023-04-18T10:51:14.912-0400][gc          ] GC(34) Pause Young (Normal) (G1 Evacuation Pause) 259M->188M(1024M) 5.171ms
[2023-04-18T10:51:14.912-0400][gc,cpu      ] GC(34) User=0.02s Sys=0.00s Real=0.01s
[2023-04-18T10:51:45.640-0400][gc,start    ] GC(35) Pause Young (Normal) (G1 Evacuation Pause)
[2023-04-18T10:51:45.640-0400][gc,task     ] GC(35) Using 8 workers of 8 for evacuation
[2023-04-18T10:51:45.646-0400][gc,phases   ] GC(35)   Pre Evacuate Collection Set: 0.1ms
[2023-04-18T10:51:45.646-0400][gc,phases   ] GC(35)   Merge Heap Roots: 0.1ms
[2023-04-18T10:51:45.646-0400][gc,phases   ] GC(35)   Evacuate Collection Set: 5.0ms
[2023-04-18T10:51:45.646-0400][gc,phases   ] GC(35)   Post Evacuate Collection Set: 0.4ms
[2023-04-18T10:51:45.646-0400][gc,phases   ] GC(35)   Other: 0.1ms
[2023-04-18T10:51:45.646-0400][gc,heap     ] GC(35) Eden regions: 48->0(218)
[2023-04-18T10:51:45.646-0400][gc,heap     ] GC(35) Survivor regions: 7->5(7)
[2023-04-18T10:51:45.646-0400][gc,heap     ] GC(35) Old regions: 53->56
[2023-04-18T10:51:45.646-0400][gc,heap     ] GC(35) Archive regions: 2->2
[2023-04-18T10:51:45.646-0400][gc,heap     ] GC(35) Humongous regions: 129->129
[2023-04-18T10:51:45.646-0400][gc,metaspace] GC(35) Metaspace: 43449K(44160K)->43449K(44160K) NonClass: 38414K(38784K)->38414K(38784K) Class: 5034K(5376K)->5034K(5376K)
[2023-04-18T10:51:45.646-0400][gc          ] GC(35) Pause Young (Normal) (G1 Evacuation Pause) 236M->189M(1024M) 6.770ms
[2023-04-18T10:51:45.646-0400][gc,cpu      ] GC(35) User=0.04s Sys=0.01s Real=0.00s
[2023-04-18T10:54:04.817-0400][gc,start    ] GC(36) Pause Young (Normal) (G1 Evacuation Pause)
[2023-04-18T10:54:04.818-0400][gc,task     ] GC(36) Using 8 workers of 8 for evacuation
[2023-04-18T10:54:04.829-0400][gc,phases   ] GC(36)   Pre Evacuate Collection Set: 0.1ms
[2023-04-18T10:54:04.829-0400][gc,phases   ] GC(36)   Merge Heap Roots: 0.1ms
[2023-04-18T10:54:04.829-0400][gc,phases   ] GC(36)   Evacuate Collection Set: 11.1ms
[2023-04-18T10:54:04.829-0400][gc,phases   ] GC(36)   Post Evacuate Collection Set: 0.4ms
[2023-04-18T10:54:04.829-0400][gc,phases   ] GC(36)   Other: 0.1ms
[2023-04-18T10:54:04.829-0400][gc,heap     ] GC(36) Eden regions: 215->0(95)
[2023-04-18T10:54:04.829-0400][gc,heap     ] GC(36) Survivor regions: 5->8(28)
[2023-04-18T10:54:04.830-0400][gc,heap     ] GC(36) Old regions: 56->56
[2023-04-18T10:54:04.830-0400][gc,heap     ] GC(36) Archive regions: 2->2
[2023-04-18T10:54:04.830-0400][gc,heap     ] GC(36) Humongous regions: 129->129
[2023-04-18T10:54:04.830-0400][gc,metaspace] GC(36) Metaspace: 43449K(44160K)->43449K(44160K) NonClass: 38414K(38784K)->38414K(38784K) Class: 5034K(5376K)->5034K(5376K)
[2023-04-18T10:54:04.830-0400][gc          ] GC(36) Pause Young (Normal) (G1 Evacuation Pause) 404M->192M(1024M) 12.605ms
[2023-04-18T10:54:04.830-0400][gc,cpu      ] GC(36) User=0.03s Sys=0.03s Real=0.02s
[2023-04-18T10:55:06.408-0400][gc,start    ] GC(37) Pause Young (Normal) (G1 Evacuation Pause)
[2023-04-18T10:55:06.409-0400][gc,task     ] GC(37) Using 8 workers of 8 for evacuation
[2023-04-18T10:55:06.414-0400][gc,phases   ] GC(37)   Pre Evacuate Collection Set: 0.1ms
[2023-04-18T10:55:06.415-0400][gc,phases   ] GC(37)   Merge Heap Roots: 0.1ms
[2023-04-18T10:55:06.415-0400][gc,phases   ] GC(37)   Evacuate Collection Set: 5.1ms
[2023-04-18T10:55:06.415-0400][gc,phases   ] GC(37)   Post Evacuate Collection Set: 0.4ms
[2023-04-18T10:55:06.415-0400][gc,phases   ] GC(37)   Other: 0.1ms
[2023-04-18T10:55:06.415-0400][gc,heap     ] GC(37) Eden regions: 95->0(186)
[2023-04-18T10:55:06.415-0400][gc,heap     ] GC(37) Survivor regions: 8->8(13)
[2023-04-18T10:55:06.415-0400][gc,heap     ] GC(37) Old regions: 56->57
[2023-04-18T10:55:06.415-0400][gc,heap     ] GC(37) Archive regions: 2->2
[2023-04-18T10:55:06.415-0400][gc,heap     ] GC(37) Humongous regions: 129->129
[2023-04-18T10:55:06.415-0400][gc,metaspace] GC(37) Metaspace: 43449K(44160K)->43449K(44160K) NonClass: 38414K(38784K)->38414K(38784K) Class: 5034K(5376K)->5034K(5376K)
[2023-04-18T10:55:06.415-0400][gc          ] GC(37) Pause Young (Normal) (G1 Evacuation Pause) 287M->194M(1024M) 6.905ms
[2023-04-18T10:55:06.415-0400][gc,cpu      ] GC(37) User=0.03s Sys=0.01s Real=0.01s
[2023-04-18T10:57:05.601-0400][gc,start    ] GC(38) Pause Young (Normal) (G1 Evacuation Pause)
[2023-04-18T10:57:05.601-0400][gc,task     ] GC(38) Using 8 workers of 8 for evacuation
[2023-04-18T10:57:05.609-0400][gc,phases   ] GC(38)   Pre Evacuate Collection Set: 0.3ms
[2023-04-18T10:57:05.609-0400][gc,phases   ] GC(38)   Merge Heap Roots: 0.1ms
[2023-04-18T10:57:05.609-0400][gc,phases   ] GC(38)   Evacuate Collection Set: 6.1ms
[2023-04-18T10:57:05.609-0400][gc,phases   ] GC(38)   Post Evacuate Collection Set: 0.5ms
[2023-04-18T10:57:05.609-0400][gc,phases   ] GC(38)   Other: 0.8ms
[2023-04-18T10:57:05.609-0400][gc,heap     ] GC(38) Eden regions: 183->0(123)
[2023-04-18T10:57:05.609-0400][gc,heap     ] GC(38) Survivor regions: 8->11(24)
[2023-04-18T10:57:05.609-0400][gc,heap     ] GC(38) Old regions: 57->57
[2023-04-18T10:57:05.609-0400][gc,heap     ] GC(38) Archive regions: 2->2
[2023-04-18T10:57:05.609-0400][gc,heap     ] GC(38) Humongous regions: 129->129
[2023-04-18T10:57:05.609-0400][gc,metaspace] GC(38) Metaspace: 43450K(44160K)->43450K(44160K) NonClass: 38415K(38784K)->38415K(38784K) Class: 5034K(5376K)->5034K(5376K)
[2023-04-18T10:57:05.609-0400][gc          ] GC(38) Pause Young (Normal) (G1 Evacuation Pause) 377M->197M(1024M) 8.600ms
[2023-04-18T10:57:05.609-0400][gc,cpu      ] GC(38) User=0.05s Sys=0.00s Real=0.00s
[2023-04-18T10:58:24.257-0400][gc,start    ] GC(39) Pause Young (Normal) (G1 Evacuation Pause)
[2023-04-18T10:58:24.258-0400][gc,task     ] GC(39) Using 8 workers of 8 for evacuation
[2023-04-18T10:58:24.269-0400][gc,phases   ] GC(39)   Pre Evacuate Collection Set: 0.3ms
[2023-04-18T10:58:24.269-0400][gc,phases   ] GC(39)   Merge Heap Roots: 0.2ms
[2023-04-18T10:58:24.269-0400][gc,phases   ] GC(39)   Evacuate Collection Set: 10.2ms
[2023-04-18T10:58:24.269-0400][gc,phases   ] GC(39)   Post Evacuate Collection Set: 0.4ms
[2023-04-18T10:58:24.269-0400][gc,phases   ] GC(39)   Other: 0.2ms
[2023-04-18T10:58:24.269-0400][gc,heap     ] GC(39) Eden regions: 123->0(200)
[2023-04-18T10:58:24.269-0400][gc,heap     ] GC(39) Survivor regions: 11->11(17)
[2023-04-18T10:58:24.269-0400][gc,heap     ] GC(39) Old regions: 57->59
[2023-04-18T10:58:24.269-0400][gc,heap     ] GC(39) Archive regions: 2->2
[2023-04-18T10:58:24.269-0400][gc,heap     ] GC(39) Humongous regions: 129->129
[2023-04-18T10:58:24.269-0400][gc,metaspace] GC(39) Metaspace: 43459K(44160K)->43459K(44160K) NonClass: 38424K(38784K)->38424K(38784K) Class: 5034K(5376K)->5034K(5376K)
[2023-04-18T10:58:24.269-0400][gc          ] GC(39) Pause Young (Normal) (G1 Evacuation Pause) 320M->198M(1024M) 12.366ms
[2023-04-18T10:58:24.269-0400][gc,cpu      ] GC(39) User=0.06s Sys=0.00s Real=0.01s
[2023-04-18T11:00:30.010-0400][gc,start    ] GC(40) Pause Young (Normal) (G1 Evacuation Pause)
[2023-04-18T11:00:30.011-0400][gc,task     ] GC(40) Using 8 workers of 8 for evacuation
[2023-04-18T11:00:30.020-0400][gc,phases   ] GC(40)   Pre Evacuate Collection Set: 0.1ms
[2023-04-18T11:00:30.020-0400][gc,phases   ] GC(40)   Merge Heap Roots: 0.1ms
[2023-04-18T11:00:30.020-0400][gc,phases   ] GC(40)   Evacuate Collection Set: 8.4ms
[2023-04-18T11:00:30.020-0400][gc,phases   ] GC(40)   Post Evacuate Collection Set: 0.4ms
[2023-04-18T11:00:30.020-0400][gc,phases   ] GC(40)   Other: 0.1ms
[2023-04-18T11:00:30.020-0400][gc,heap     ] GC(40) Eden regions: 197->0(254)
[2023-04-18T11:00:30.020-0400][gc,heap     ] GC(40) Survivor regions: 11->14(26)
[2023-04-18T11:00:30.020-0400][gc,heap     ] GC(40) Old regions: 59->59
[2023-04-18T11:00:30.020-0400][gc,heap     ] GC(40) Archive regions: 2->2
[2023-04-18T11:00:30.020-0400][gc,heap     ] GC(40) Humongous regions: 129->129
[2023-04-18T11:00:30.020-0400][gc,metaspace] GC(40) Metaspace: 43460K(44160K)->43460K(44160K) NonClass: 38425K(38784K)->38425K(38784K) Class: 5034K(5376K)->5034K(5376K)
[2023-04-18T11:00:30.020-0400][gc          ] GC(40) Pause Young (Normal) (G1 Evacuation Pause) 395M->201M(1024M) 10.093ms
[2023-04-18T11:00:30.020-0400][gc,cpu      ] GC(40) User=0.05s Sys=0.00s Real=0.01s
[2023-04-18T11:03:13.090-0400][gc,start    ] GC(41) Pause Young (Normal) (G1 Evacuation Pause)
[2023-04-18T11:03:13.090-0400][gc,task     ] GC(41) Using 8 workers of 8 for evacuation
[2023-04-18T11:03:13.137-0400][gc,mmu      ] GC(41) MMU target violated: 21.0ms (20.0ms/21.0ms)
[2023-04-18T11:03:13.137-0400][gc,phases   ] GC(41)   Pre Evacuate Collection Set: 0.5ms
[2023-04-18T11:03:13.137-0400][gc,phases   ] GC(41)   Merge Heap Roots: 0.2ms
[2023-04-18T11:03:13.137-0400][gc,phases   ] GC(41)   Evacuate Collection Set: 45.8ms
[2023-04-18T11:03:13.137-0400][gc,phases   ] GC(41)   Post Evacuate Collection Set: 0.4ms
[2023-04-18T11:03:13.137-0400][gc,phases   ] GC(41)   Other: 0.2ms
[2023-04-18T11:03:13.137-0400][gc,heap     ] GC(41) Eden regions: 254->0(33)
[2023-04-18T11:03:13.138-0400][gc,heap     ] GC(41) Survivor regions: 14->18(34)
[2023-04-18T11:03:13.138-0400][gc,heap     ] GC(41) Old regions: 59->59
[2023-04-18T11:03:13.138-0400][gc,heap     ] GC(41) Archive regions: 2->2
[2023-04-18T11:03:13.138-0400][gc,heap     ] GC(41) Humongous regions: 129->129
[2023-04-18T11:03:13.138-0400][gc,metaspace] GC(41) Metaspace: 43464K(44160K)->43464K(44160K) NonClass: 38429K(38784K)->38429K(38784K) Class: 5034K(5376K)->5034K(5376K)
[2023-04-18T11:03:13.138-0400][gc          ] GC(41) Pause Young (Normal) (G1 Evacuation Pause) 455M->206M(1024M) 47.625ms
[2023-04-18T11:03:13.138-0400][gc,cpu      ] GC(41) User=0.08s Sys=0.17s Real=0.04s
[2023-04-18T11:03:34.174-0400][gc,start    ] GC(42) Pause Young (Normal) (G1 Evacuation Pause)
[2023-04-18T11:03:34.175-0400][gc,task     ] GC(42) Using 8 workers of 8 for evacuation
[2023-04-18T11:03:34.193-0400][gc,phases   ] GC(42)   Pre Evacuate Collection Set: 0.2ms
[2023-04-18T11:03:34.193-0400][gc,phases   ] GC(42)   Merge Heap Roots: 0.1ms
[2023-04-18T11:03:34.193-0400][gc,phases   ] GC(42)   Evacuate Collection Set: 17.3ms
[2023-04-18T11:03:34.193-0400][gc,phases   ] GC(42)   Post Evacuate Collection Set: 0.4ms
[2023-04-18T11:03:34.193-0400][gc,phases   ] GC(42)   Other: 0.1ms
[2023-04-18T11:03:34.193-0400][gc,heap     ] GC(42) Eden regions: 33->0(501)
[2023-04-18T11:03:34.193-0400][gc,heap     ] GC(42) Survivor regions: 18->3(7)
[2023-04-18T11:03:34.193-0400][gc,heap     ] GC(42) Old regions: 59->76
[2023-04-18T11:03:34.193-0400][gc,heap     ] GC(42) Archive regions: 2->2
[2023-04-18T11:03:34.193-0400][gc,heap     ] GC(42) Humongous regions: 129->129
[2023-04-18T11:03:34.193-0400][gc,metaspace] GC(42) Metaspace: 43464K(44160K)->43464K(44160K) NonClass: 38429K(38784K)->38429K(38784K) Class: 5034K(5376K)->5034K(5376K)
[2023-04-18T11:03:34.193-0400][gc          ] GC(42) Pause Young (Normal) (G1 Evacuation Pause) 239M->208M(1024M) 19.093ms
[2023-04-18T11:03:34.194-0400][gc,cpu      ] GC(42) User=0.09s Sys=0.03s Real=0.02s
[2023-04-18T11:08:57.314-0400][gc,start    ] GC(43) Pause Young (Normal) (G1 Evacuation Pause)
[2023-04-18T11:08:57.314-0400][gc,task     ] GC(43) Using 8 workers of 8 for evacuation
[2023-04-18T11:08:57.335-0400][gc,mmu      ] GC(43) MMU target violated: 20.7ms (20.0ms/21.0ms)
[2023-04-18T11:08:57.341-0400][gc,phases   ] GC(43)   Pre Evacuate Collection Set: 1.5ms
[2023-04-18T11:08:57.341-0400][gc,phases   ] GC(43)   Merge Heap Roots: 0.1ms
[2023-04-18T11:08:57.341-0400][gc,phases   ] GC(43)   Evacuate Collection Set: 18.3ms
[2023-04-18T11:08:57.341-0400][gc,phases   ] GC(43)   Post Evacuate Collection Set: 0.7ms
[2023-04-18T11:08:57.341-0400][gc,phases   ] GC(43)   Other: 5.8ms
[2023-04-18T11:08:57.341-0400][gc,heap     ] GC(43) Eden regions: 501->0(121)
[2023-04-18T11:08:57.341-0400][gc,heap     ] GC(43) Survivor regions: 3->9(63)
[2023-04-18T11:08:57.341-0400][gc,heap     ] GC(43) Old regions: 76->76
[2023-04-18T11:08:57.341-0400][gc,heap     ] GC(43) Archive regions: 2->2
[2023-04-18T11:08:57.341-0400][gc,heap     ] GC(43) Humongous regions: 129->129
[2023-04-18T11:08:57.341-0400][gc,metaspace] GC(43) Metaspace: 43464K(44160K)->43464K(44160K) NonClass: 38429K(38784K)->38429K(38784K) Class: 5034K(5376K)->5034K(5376K)
[2023-04-18T11:08:57.341-0400][gc          ] GC(43) Pause Young (Normal) (G1 Evacuation Pause) 709M->214M(1024M) 27.073ms
[2023-04-18T11:08:57.341-0400][gc,cpu      ] GC(43) User=0.05s Sys=0.06s Real=0.03s
[2023-04-18T11:10:19.659-0400][gc,start    ] GC(44) Pause Young (Normal) (G1 Evacuation Pause)
[2023-04-18T11:10:19.659-0400][gc,task     ] GC(44) Using 8 workers of 8 for evacuation
[2023-04-18T11:10:19.691-0400][gc,mmu      ] GC(44) MMU target violated: 21.0ms (20.0ms/21.0ms)
[2023-04-18T11:10:19.691-0400][gc,phases   ] GC(44)   Pre Evacuate Collection Set: 1.3ms
[2023-04-18T11:10:19.691-0400][gc,phases   ] GC(44)   Merge Heap Roots: 0.4ms
[2023-04-18T11:10:19.691-0400][gc,phases   ] GC(44)   Evacuate Collection Set: 28.7ms
[2023-04-18T11:10:19.691-0400][gc,phases   ] GC(44)   Post Evacuate Collection Set: 1.4ms
[2023-04-18T11:10:19.691-0400][gc,phases   ] GC(44)   Other: 0.5ms
[2023-04-18T11:10:19.691-0400][gc,heap     ] GC(44) Eden regions: 121->0(39)
[2023-04-18T11:10:19.691-0400][gc,heap     ] GC(44) Survivor regions: 9->12(17)
[2023-04-18T11:10:19.691-0400][gc,heap     ] GC(44) Old regions: 76->76
[2023-04-18T11:10:19.691-0400][gc,heap     ] GC(44) Archive regions: 2->2
[2023-04-18T11:10:19.691-0400][gc,heap     ] GC(44) Humongous regions: 129->129
[2023-04-18T11:10:19.691-0400][gc,metaspace] GC(44) Metaspace: 43465K(44160K)->43465K(44160K) NonClass: 38430K(38784K)->38430K(38784K) Class: 5034K(5376K)->5034K(5376K)
[2023-04-18T11:10:19.691-0400][gc          ] GC(44) Pause Young (Normal) (G1 Evacuation Pause) 335M->216M(1024M) 32.918ms
[2023-04-18T11:10:19.691-0400][gc,cpu      ] GC(44) User=0.06s Sys=0.13s Real=0.04s
[2023-04-18T11:10:44.658-0400][gc,start    ] GC(45) Pause Young (Normal) (G1 Evacuation Pause)
[2023-04-18T11:10:44.658-0400][gc,task     ] GC(45) Using 8 workers of 8 for evacuation
[2023-04-18T11:10:44.668-0400][gc,phases   ] GC(45)   Pre Evacuate Collection Set: 0.2ms
[2023-04-18T11:10:44.668-0400][gc,phases   ] GC(45)   Merge Heap Roots: 0.1ms
[2023-04-18T11:10:44.668-0400][gc,phases   ] GC(45)   Evacuate Collection Set: 9.2ms
[2023-04-18T11:10:44.668-0400][gc,phases   ] GC(45)   Post Evacuate Collection Set: 0.4ms
[2023-04-18T11:10:44.668-0400][gc,phases   ] GC(45)   Other: 0.2ms
[2023-04-18T11:10:44.668-0400][gc,heap     ] GC(45) Eden regions: 39->0(350)
[2023-04-18T11:10:44.668-0400][gc,heap     ] GC(45) Survivor regions: 12->4(7)
[2023-04-18T11:10:44.668-0400][gc,heap     ] GC(45) Old regions: 76->84
[2023-04-18T11:10:44.668-0400][gc,heap     ] GC(45) Archive regions: 2->2
[2023-04-18T11:10:44.668-0400][gc,heap     ] GC(45) Humongous regions: 129->129
[2023-04-18T11:10:44.668-0400][gc,metaspace] GC(45) Metaspace: 43465K(44160K)->43465K(44160K) NonClass: 38430K(38784K)->38430K(38784K) Class: 5034K(5376K)->5034K(5376K)
[2023-04-18T11:10:44.668-0400][gc          ] GC(45) Pause Young (Normal) (G1 Evacuation Pause) 255M->217M(1024M) 10.589ms
[2023-04-18T11:10:44.668-0400][gc,cpu      ] GC(45) User=0.06s Sys=0.01s Real=0.01s
[2023-04-18T11:14:30.286-0400][gc,start    ] GC(46) Pause Young (Normal) (G1 Evacuation Pause)
[2023-04-18T11:14:30.286-0400][gc,task     ] GC(46) Using 8 workers of 8 for evacuation
[2023-04-18T11:14:30.313-0400][gc,mmu      ] GC(46) MMU target violated: 21.0ms (20.0ms/21.0ms)
[2023-04-18T11:14:30.313-0400][gc,phases   ] GC(46)   Pre Evacuate Collection Set: 1.1ms
[2023-04-18T11:14:30.313-0400][gc,phases   ] GC(46)   Merge Heap Roots: 0.2ms
[2023-04-18T11:14:30.313-0400][gc,phases   ] GC(46)   Evacuate Collection Set: 25.5ms
[2023-04-18T11:14:30.313-0400][gc,phases   ] GC(46)   Post Evacuate Collection Set: 0.5ms
[2023-04-18T11:14:30.313-0400][gc,phases   ] GC(46)   Other: 0.2ms
[2023-04-18T11:14:30.313-0400][gc,heap     ] GC(46) Eden regions: 350->0(42)
[2023-04-18T11:14:30.313-0400][gc,heap     ] GC(46) Survivor regions: 4->9(45)
[2023-04-18T11:14:30.313-0400][gc,heap     ] GC(46) Old regions: 84->84
[2023-04-18T11:14:30.313-0400][gc,heap     ] GC(46) Archive regions: 2->2
[2023-04-18T11:14:30.313-0400][gc,heap     ] GC(46) Humongous regions: 129->129
[2023-04-18T11:14:30.314-0400][gc,metaspace] GC(46) Metaspace: 43469K(44160K)->43469K(44160K) NonClass: 38434K(38784K)->38434K(38784K) Class: 5034K(5376K)->5034K(5376K)
[2023-04-18T11:14:30.314-0400][gc          ] GC(46) Pause Young (Normal) (G1 Evacuation Pause) 567M->222M(1024M) 27.692ms
[2023-04-18T11:14:30.314-0400][gc,cpu      ] GC(46) User=0.06s Sys=0.08s Real=0.03s
[2023-04-18T11:14:56.647-0400][gc,start    ] GC(47) Pause Young (Normal) (G1 Evacuation Pause)
[2023-04-18T11:14:56.647-0400][gc,task     ] GC(47) Using 8 workers of 8 for evacuation
[2023-04-18T11:14:56.658-0400][gc,phases   ] GC(47)   Pre Evacuate Collection Set: 0.9ms
[2023-04-18T11:14:56.658-0400][gc,phases   ] GC(47)   Merge Heap Roots: 0.8ms
[2023-04-18T11:14:56.658-0400][gc,phases   ] GC(47)   Evacuate Collection Set: 8.2ms
[2023-04-18T11:14:56.658-0400][gc,phases   ] GC(47)   Post Evacuate Collection Set: 0.3ms
[2023-04-18T11:14:56.658-0400][gc,phases   ] GC(47)   Other: 0.2ms
[2023-04-18T11:14:56.658-0400][gc,heap     ] GC(47) Eden regions: 42->0(416)
[2023-04-18T11:14:56.658-0400][gc,heap     ] GC(47) Survivor regions: 9->2(7)
[2023-04-18T11:14:56.658-0400][gc,heap     ] GC(47) Old regions: 84->92
[2023-04-18T11:14:56.658-0400][gc,heap     ] GC(47) Archive regions: 2->2
[2023-04-18T11:14:56.658-0400][gc,heap     ] GC(47) Humongous regions: 129->129
[2023-04-18T11:14:56.658-0400][gc,metaspace] GC(47) Metaspace: 43469K(44160K)->43469K(44160K) NonClass: 38434K(38784K)->38434K(38784K) Class: 5034K(5376K)->5034K(5376K)
[2023-04-18T11:14:56.658-0400][gc          ] GC(47) Pause Young (Normal) (G1 Evacuation Pause) 264M->223M(1024M) 10.781ms
[2023-04-18T11:14:56.658-0400][gc,cpu      ] GC(47) User=0.05s Sys=0.01s Real=0.01s
[2023-04-18T11:19:24.946-0400][gc,start    ] GC(48) Pause Young (Normal) (G1 Evacuation Pause)
[2023-04-18T11:19:24.947-0400][gc,task     ] GC(48) Using 8 workers of 8 for evacuation
[2023-04-18T11:19:24.963-0400][gc,phases   ] GC(48)   Pre Evacuate Collection Set: 0.2ms
[2023-04-18T11:19:24.964-0400][gc,phases   ] GC(48)   Merge Heap Roots: 0.1ms
[2023-04-18T11:19:24.964-0400][gc,phases   ] GC(48)   Evacuate Collection Set: 15.3ms
[2023-04-18T11:19:24.964-0400][gc,phases   ] GC(48)   Post Evacuate Collection Set: 0.5ms
[2023-04-18T11:19:24.964-0400][gc,phases   ] GC(48)   Other: 0.1ms
[2023-04-18T11:19:24.964-0400][gc,heap     ] GC(48) Eden regions: 416->0(123)
[2023-04-18T11:19:24.964-0400][gc,heap     ] GC(48) Survivor regions: 2->8(53)
[2023-04-18T11:19:24.964-0400][gc,heap     ] GC(48) Old regions: 92->92
[2023-04-18T11:19:24.964-0400][gc,heap     ] GC(48) Archive regions: 2->2
[2023-04-18T11:19:24.964-0400][gc,heap     ] GC(48) Humongous regions: 129->129
[2023-04-18T11:19:24.964-0400][gc,metaspace] GC(48) Metaspace: 43469K(44160K)->43469K(44160K) NonClass: 38434K(38784K)->38434K(38784K) Class: 5034K(5376K)->5034K(5376K)
[2023-04-18T11:19:24.964-0400][gc          ] GC(48) Pause Young (Normal) (G1 Evacuation Pause) 639M->229M(1024M) 17.317ms
[2023-04-18T11:19:24.964-0400][gc,cpu      ] GC(48) User=0.04s Sys=0.05s Real=0.02s
[2023-04-18T11:20:42.583-0400][gc,start    ] GC(49) Pause Young (Normal) (G1 Evacuation Pause)
[2023-04-18T11:20:42.583-0400][gc,task     ] GC(49) Using 8 workers of 8 for evacuation
[2023-04-18T11:20:42.589-0400][gc,phases   ] GC(49)   Pre Evacuate Collection Set: 0.1ms
[2023-04-18T11:20:42.589-0400][gc,phases   ] GC(49)   Merge Heap Roots: 0.1ms
[2023-04-18T11:20:42.589-0400][gc,phases   ] GC(49)   Evacuate Collection Set: 4.9ms
[2023-04-18T11:20:42.589-0400][gc,phases   ] GC(49)   Post Evacuate Collection Set: 0.4ms
[2023-04-18T11:20:42.589-0400][gc,phases   ] GC(49)   Other: 0.1ms
[2023-04-18T11:20:42.589-0400][gc,heap     ] GC(49) Eden regions: 123->0(80)
[2023-04-18T11:20:42.589-0400][gc,heap     ] GC(49) Survivor regions: 8->10(17)
[2023-04-18T11:20:42.589-0400][gc,heap     ] GC(49) Old regions: 92->92
[2023-04-18T11:20:42.589-0400][gc,heap     ] GC(49) Archive regions: 2->2
[2023-04-18T11:20:42.589-0400][gc,heap     ] GC(49) Humongous regions: 129->129
[2023-04-18T11:20:42.589-0400][gc,metaspace] GC(49) Metaspace: 43469K(44160K)->43469K(44160K) NonClass: 38434K(38784K)->38434K(38784K) Class: 5034K(5376K)->5034K(5376K)
[2023-04-18T11:20:42.589-0400][gc          ] GC(49) Pause Young (Normal) (G1 Evacuation Pause) 352M->231M(1024M) 5.916ms
[2023-04-18T11:20:42.589-0400][gc,cpu      ] GC(49) User=0.04s Sys=0.00s Real=0.00s
[2023-04-18T11:21:34.240-0400][gc,start    ] GC(50) Pause Young (Normal) (G1 Evacuation Pause)
[2023-04-18T11:21:34.241-0400][gc,task     ] GC(50) Using 8 workers of 8 for evacuation
[2023-04-18T11:21:34.251-0400][gc,phases   ] GC(50)   Pre Evacuate Collection Set: 0.2ms
[2023-04-18T11:21:34.251-0400][gc,phases   ] GC(50)   Merge Heap Roots: 0.1ms
[2023-04-18T11:21:34.251-0400][gc,phases   ] GC(50)   Evacuate Collection Set: 9.0ms
[2023-04-18T11:21:34.251-0400][gc,phases   ] GC(50)   Post Evacuate Collection Set: 0.4ms
[2023-04-18T11:21:34.252-0400][gc,phases   ] GC(50)   Other: 0.8ms
[2023-04-18T11:21:34.252-0400][gc,heap     ] GC(50) Eden regions: 80->0(446)
[2023-04-18T11:21:34.252-0400][gc,heap     ] GC(50) Survivor regions: 10->4(12)
[2023-04-18T11:21:34.252-0400][gc,heap     ] GC(50) Old regions: 92->100
[2023-04-18T11:21:34.252-0400][gc,heap     ] GC(50) Archive regions: 2->2
[2023-04-18T11:21:34.252-0400][gc,heap     ] GC(50) Humongous regions: 129->129
[2023-04-18T11:21:34.252-0400][gc,metaspace] GC(50) Metaspace: 43469K(44160K)->43469K(44160K) NonClass: 38434K(38784K)->38434K(38784K) Class: 5034K(5376K)->5034K(5376K)
[2023-04-18T11:21:34.252-0400][gc          ] GC(50) Pause Young (Normal) (G1 Evacuation Pause) 311M->233M(1024M) 11.649ms
[2023-04-18T11:21:34.252-0400][gc,cpu      ] GC(50) User=0.06s Sys=0.00s Real=0.01s
[2023-04-18T11:26:19.212-0400][gc,start    ] GC(51) Pause Young (Normal) (G1 Evacuation Pause)
[2023-04-18T11:26:19.213-0400][gc,task     ] GC(51) Using 8 workers of 8 for evacuation
[2023-04-18T11:26:19.234-0400][gc,mmu      ] GC(51) MMU target violated: 21.0ms (20.0ms/21.0ms)
[2023-04-18T11:26:19.234-0400][gc,phases   ] GC(51)   Pre Evacuate Collection Set: 1.3ms
[2023-04-18T11:26:19.234-0400][gc,phases   ] GC(51)   Merge Heap Roots: 0.1ms
[2023-04-18T11:26:19.234-0400][gc,phases   ] GC(51)   Evacuate Collection Set: 19.6ms
[2023-04-18T11:26:19.234-0400][gc,phases   ] GC(51)   Post Evacuate Collection Set: 0.5ms
[2023-04-18T11:26:19.234-0400][gc,phases   ] GC(51)   Other: 0.2ms
[2023-04-18T11:26:19.234-0400][gc,heap     ] GC(51) Eden regions: 446->0(95)
[2023-04-18T11:26:19.234-0400][gc,heap     ] GC(51) Survivor regions: 4->9(57)
[2023-04-18T11:26:19.234-0400][gc,heap     ] GC(51) Old regions: 100->100
[2023-04-18T11:26:19.234-0400][gc,heap     ] GC(51) Archive regions: 2->2
[2023-04-18T11:26:19.234-0400][gc,heap     ] GC(51) Humongous regions: 129->129
[2023-04-18T11:26:19.234-0400][gc,metaspace] GC(51) Metaspace: 43470K(44160K)->43470K(44160K) NonClass: 38436K(38784K)->38436K(38784K) Class: 5034K(5376K)->5034K(5376K)
[2023-04-18T11:26:19.234-0400][gc          ] GC(51) Pause Young (Normal) (G1 Evacuation Pause) 679M->237M(1024M) 22.640ms
[2023-04-18T11:26:19.234-0400][gc,cpu      ] GC(51) User=0.05s Sys=0.07s Real=0.02s
[2023-04-18T11:27:19.110-0400][gc,start    ] GC(52) Pause Young (Normal) (G1 Evacuation Pause)
[2023-04-18T11:27:19.111-0400][gc,task     ] GC(52) Using 8 workers of 8 for evacuation
[2023-04-18T11:27:19.117-0400][gc,phases   ] GC(52)   Pre Evacuate Collection Set: 0.2ms
[2023-04-18T11:27:19.117-0400][gc,phases   ] GC(52)   Merge Heap Roots: 0.1ms
[2023-04-18T11:27:19.117-0400][gc,phases   ] GC(52)   Evacuate Collection Set: 5.5ms
[2023-04-18T11:27:19.117-0400][gc,phases   ] GC(52)   Post Evacuate Collection Set: 0.4ms
[2023-04-18T11:27:19.117-0400][gc,phases   ] GC(52)   Other: 0.2ms
[2023-04-18T11:27:19.117-0400][gc,heap     ] GC(52) Eden regions: 95->0(351)
[2023-04-18T11:27:19.117-0400][gc,heap     ] GC(52) Survivor regions: 9->7(13)
[2023-04-18T11:27:19.117-0400][gc,heap     ] GC(52) Old regions: 100->102
[2023-04-18T11:27:19.117-0400][gc,heap     ] GC(52) Archive regions: 2->2
[2023-04-18T11:27:19.117-0400][gc,heap     ] GC(52) Humongous regions: 129->129
[2023-04-18T11:27:19.117-0400][gc,metaspace] GC(52) Metaspace: 43470K(44160K)->43470K(44160K) NonClass: 38436K(38784K)->38436K(38784K) Class: 5034K(5376K)->5034K(5376K)
[2023-04-18T11:27:19.117-0400][gc          ] GC(52) Pause Young (Normal) (G1 Evacuation Pause) 332M->238M(1024M) 7.375ms
[2023-04-18T11:27:19.117-0400][gc,cpu      ] GC(52) User=0.04s Sys=0.01s Real=0.00s
[2023-04-18T11:31:09.366-0400][gc,start    ] GC(53) Pause Young (Normal) (G1 Evacuation Pause)
[2023-04-18T11:31:09.367-0400][gc,task     ] GC(53) Using 8 workers of 8 for evacuation
[2023-04-18T11:31:09.380-0400][gc,phases   ] GC(53)   Pre Evacuate Collection Set: 0.4ms
[2023-04-18T11:31:09.380-0400][gc,phases   ] GC(53)   Merge Heap Roots: 0.6ms
[2023-04-18T11:31:09.380-0400][gc,phases   ] GC(53)   Evacuate Collection Set: 10.7ms
[2023-04-18T11:31:09.380-0400][gc,phases   ] GC(53)   Post Evacuate Collection Set: 0.6ms
[2023-04-18T11:31:09.380-0400][gc,phases   ] GC(53)   Other: 0.3ms
[2023-04-18T11:31:09.380-0400][gc,heap     ] GC(53) Eden regions: 346->0(386)
[2023-04-18T11:31:09.380-0400][gc,heap     ] GC(53) Survivor regions: 7->8(45)
[2023-04-18T11:31:09.380-0400][gc,heap     ] GC(53) Old regions: 102->102
[2023-04-18T11:31:09.380-0400][gc,heap     ] GC(53) Archive regions: 2->2
[2023-04-18T11:31:09.380-0400][gc,heap     ] GC(53) Humongous regions: 129->129
[2023-04-18T11:31:09.380-0400][gc,metaspace] GC(53) Metaspace: 43482K(44160K)->43482K(44160K) NonClass: 38447K(38784K)->38447K(38784K) Class: 5034K(5376K)->5034K(5376K)
[2023-04-18T11:31:09.380-0400][gc          ] GC(53) Pause Young (Normal) (G1 Evacuation Pause) 584M->238M(1024M) 13.925ms
[2023-04-18T11:31:09.380-0400][gc,cpu      ] GC(53) User=0.06s Sys=0.02s Real=0.02s
[2023-04-18T11:35:38.271-0400][gc,start    ] GC(54) Pause Young (Normal) (G1 Evacuation Pause)
[2023-04-18T11:35:38.273-0400][gc,task     ] GC(54) Using 8 workers of 8 for evacuation
[2023-04-18T11:35:38.298-0400][gc,mmu      ] GC(54) MMU target violated: 21.0ms (20.0ms/21.0ms)
[2023-04-18T11:35:38.299-0400][gc,phases   ] GC(54)   Pre Evacuate Collection Set: 0.6ms
[2023-04-18T11:35:38.299-0400][gc,phases   ] GC(54)   Merge Heap Roots: 0.4ms
[2023-04-18T11:35:38.299-0400][gc,phases   ] GC(54)   Evacuate Collection Set: 24.2ms
[2023-04-18T11:35:38.299-0400][gc,phases   ] GC(54)   Post Evacuate Collection Set: 0.6ms
[2023-04-18T11:35:38.299-0400][gc,phases   ] GC(54)   Other: 0.3ms
[2023-04-18T11:35:38.299-0400][gc,heap     ] GC(54) Eden regions: 386->0(127)
[2023-04-18T11:35:38.299-0400][gc,heap     ] GC(54) Survivor regions: 8->7(50)
[2023-04-18T11:35:38.299-0400][gc,heap     ] GC(54) Old regions: 102->102
[2023-04-18T11:35:38.299-0400][gc,heap     ] GC(54) Archive regions: 2->2
[2023-04-18T11:35:38.299-0400][gc,heap     ] GC(54) Humongous regions: 129->129
[2023-04-18T11:35:38.299-0400][gc,metaspace] GC(54) Metaspace: 43484K(44160K)->43484K(44160K) NonClass: 38449K(38784K)->38449K(38784K) Class: 5034K(5376K)->5034K(5376K)
[2023-04-18T11:35:38.299-0400][gc          ] GC(54) Pause Young (Normal) (G1 Evacuation Pause) 624M->237M(1024M) 27.439ms
[2023-04-18T11:35:38.299-0400][gc,cpu      ] GC(54) User=0.05s Sys=0.08s Real=0.02s
[2023-04-18T11:37:12.240-0400][gc,start    ] GC(55) Pause Young (Normal) (G1 Evacuation Pause)
[2023-04-18T11:37:12.241-0400][gc,task     ] GC(55) Using 8 workers of 8 for evacuation
[2023-04-18T11:37:12.251-0400][gc,phases   ] GC(55)   Pre Evacuate Collection Set: 0.3ms
[2023-04-18T11:37:12.251-0400][gc,phases   ] GC(55)   Merge Heap Roots: 0.2ms
[2023-04-18T11:37:12.251-0400][gc,phases   ] GC(55)   Evacuate Collection Set: 8.0ms
[2023-04-18T11:37:12.251-0400][gc,phases   ] GC(55)   Post Evacuate Collection Set: 0.6ms
[2023-04-18T11:37:12.251-0400][gc,phases   ] GC(55)   Other: 0.3ms
[2023-04-18T11:37:12.251-0400][gc,heap     ] GC(55) Eden regions: 127->0(238)
[2023-04-18T11:37:12.251-0400][gc,heap     ] GC(55) Survivor regions: 7->7(17)
[2023-04-18T11:37:12.251-0400][gc,heap     ] GC(55) Old regions: 102->102
[2023-04-18T11:37:12.251-0400][gc,heap     ] GC(55) Archive regions: 2->2
[2023-04-18T11:37:12.251-0400][gc,heap     ] GC(55) Humongous regions: 129->129
[2023-04-18T11:37:12.251-0400][gc,metaspace] GC(55) Metaspace: 43484K(44160K)->43484K(44160K) NonClass: 38449K(38784K)->38449K(38784K) Class: 5034K(5376K)->5034K(5376K)
[2023-04-18T11:37:12.251-0400][gc          ] GC(55) Pause Young (Normal) (G1 Evacuation Pause) 364M->238M(1024M) 10.962ms
[2023-04-18T11:37:12.251-0400][gc,cpu      ] GC(55) User=0.07s Sys=0.00s Real=0.01s
[2023-04-18T11:39:57.858-0400][gc,start    ] GC(56) Pause Young (Normal) (G1 Evacuation Pause)
[2023-04-18T11:39:57.859-0400][gc,task     ] GC(56) Using 8 workers of 8 for evacuation
[2023-04-18T11:39:57.865-0400][gc,phases   ] GC(56)   Pre Evacuate Collection Set: 0.2ms
[2023-04-18T11:39:57.865-0400][gc,phases   ] GC(56)   Merge Heap Roots: 0.2ms
[2023-04-18T11:39:57.865-0400][gc,phases   ] GC(56)   Evacuate Collection Set: 5.0ms
[2023-04-18T11:39:57.865-0400][gc,phases   ] GC(56)   Post Evacuate Collection Set: 0.5ms
[2023-04-18T11:39:57.865-0400][gc,phases   ] GC(56)   Other: 0.2ms
[2023-04-18T11:39:57.865-0400][gc,heap     ] GC(56) Eden regions: 238->0(572)
[2023-04-18T11:39:57.865-0400][gc,heap     ] GC(56) Survivor regions: 7->6(31)
[2023-04-18T11:39:57.865-0400][gc,heap     ] GC(56) Old regions: 102->102
[2023-04-18T11:39:57.865-0400][gc,heap     ] GC(56) Archive regions: 2->2
[2023-04-18T11:39:57.865-0400][gc,heap     ] GC(56) Humongous regions: 129->129
[2023-04-18T11:39:57.865-0400][gc,metaspace] GC(56) Metaspace: 43485K(44160K)->43485K(44160K) NonClass: 38450K(38784K)->38450K(38784K) Class: 5034K(5376K)->5034K(5376K)
[2023-04-18T11:39:57.865-0400][gc          ] GC(56) Pause Young (Normal) (G1 Evacuation Pause) 476M->237M(1024M) 7.123ms
[2023-04-18T11:39:57.865-0400][gc,cpu      ] GC(56) User=0.03s Sys=0.00s Real=0.01s
[2023-04-18T11:46:29.897-0400][gc,start    ] GC(57) Pause Young (Normal) (G1 Evacuation Pause)
[2023-04-18T11:46:29.898-0400][gc,task     ] GC(57) Using 8 workers of 8 for evacuation
[2023-04-18T11:46:29.919-0400][gc,mmu      ] GC(57) MMU target violated: 21.0ms (20.0ms/21.0ms)
[2023-04-18T11:46:29.919-0400][gc,phases   ] GC(57)   Pre Evacuate Collection Set: 1.6ms
[2023-04-18T11:46:29.919-0400][gc,phases   ] GC(57)   Merge Heap Roots: 0.4ms
[2023-04-18T11:46:29.919-0400][gc,phases   ] GC(57)   Evacuate Collection Set: 17.1ms
[2023-04-18T11:46:29.919-0400][gc,phases   ] GC(57)   Post Evacuate Collection Set: 2.1ms
[2023-04-18T11:46:29.919-0400][gc,phases   ] GC(57)   Other: 0.4ms
[2023-04-18T11:46:29.919-0400][gc,heap     ] GC(57) Eden regions: 572->0(264)
[2023-04-18T11:46:29.919-0400][gc,heap     ] GC(57) Survivor regions: 6->8(73)
[2023-04-18T11:46:29.919-0400][gc,heap     ] GC(57) Old regions: 102->102
[2023-04-18T11:46:29.919-0400][gc,heap     ] GC(57) Archive regions: 2->2
[2023-04-18T11:46:29.919-0400][gc,heap     ] GC(57) Humongous regions: 129->129
[2023-04-18T11:46:29.919-0400][gc,metaspace] GC(57) Metaspace: 43485K(44160K)->43485K(44160K) NonClass: 38450K(38784K)->38450K(38784K) Class: 5034K(5376K)->5034K(5376K)
[2023-04-18T11:46:29.919-0400][gc          ] GC(57) Pause Young (Normal) (G1 Evacuation Pause) 809M->238M(1024M) 22.855ms
[2023-04-18T11:46:29.919-0400][gc,cpu      ] GC(57) User=0.03s Sys=0.08s Real=0.02s
[2023-04-18T11:49:20.014-0400][gc,start    ] GC(58) Pause Young (Normal) (G1 Evacuation Pause)
[2023-04-18T11:49:20.015-0400][gc,task     ] GC(58) Using 8 workers of 8 for evacuation
[2023-04-18T11:49:20.033-0400][gc,phases   ] GC(58)   Pre Evacuate Collection Set: 0.2ms
[2023-04-18T11:49:20.033-0400][gc,phases   ] GC(58)   Merge Heap Roots: 0.1ms
[2023-04-18T11:49:20.033-0400][gc,phases   ] GC(58)   Evacuate Collection Set: 16.6ms
[2023-04-18T11:49:20.033-0400][gc,phases   ] GC(58)   Post Evacuate Collection Set: 0.4ms
[2023-04-18T11:49:20.033-0400][gc,phases   ] GC(58)   Other: 0.1ms
[2023-04-18T11:49:20.033-0400][gc,heap     ] GC(58) Eden regions: 264->0(294)
[2023-04-18T11:49:20.033-0400][gc,heap     ] GC(58) Survivor regions: 8->7(34)
[2023-04-18T11:49:20.033-0400][gc,heap     ] GC(58) Old regions: 102->102
[2023-04-18T11:49:20.033-0400][gc,heap     ] GC(58) Archive regions: 2->2
[2023-04-18T11:49:20.033-0400][gc,heap     ] GC(58) Humongous regions: 129->129
[2023-04-18T11:49:20.033-0400][gc,metaspace] GC(58) Metaspace: 43485K(44160K)->43485K(44160K) NonClass: 38450K(38784K)->38450K(38784K) Class: 5034K(5376K)->5034K(5376K)
[2023-04-18T11:49:20.033-0400][gc          ] GC(58) Pause Young (Normal) (G1 Evacuation Pause) 502M->237M(1024M) 18.676ms
[2023-04-18T11:49:20.033-0400][gc,cpu      ] GC(58) User=0.04s Sys=0.06s Real=0.02s
[2023-04-18T11:52:30.997-0400][gc,start    ] GC(59) Pause Young (Normal) (G1 Evacuation Pause)
[2023-04-18T11:52:31.000-0400][gc,task     ] GC(59) Using 8 workers of 8 for evacuation
[2023-04-18T11:52:31.020-0400][gc,mmu      ] GC(59) MMU target violated: 20.2ms (20.0ms/21.0ms)
[2023-04-18T11:52:31.051-0400][gc,phases   ] GC(59)   Pre Evacuate Collection Set: 0.2ms
[2023-04-18T11:52:31.051-0400][gc,phases   ] GC(59)   Merge Heap Roots: 0.1ms
[2023-04-18T11:52:31.051-0400][gc,phases   ] GC(59)   Evacuate Collection Set: 19.3ms
[2023-04-18T11:52:31.051-0400][gc,phases   ] GC(59)   Post Evacuate Collection Set: 0.4ms
[2023-04-18T11:52:31.051-0400][gc,phases   ] GC(59)   Other: 31.0ms
[2023-04-18T11:52:31.051-0400][gc,heap     ] GC(59) Eden regions: 294->0(194)
[2023-04-18T11:52:31.051-0400][gc,heap     ] GC(59) Survivor regions: 7->7(38)
[2023-04-18T11:52:31.051-0400][gc,heap     ] GC(59) Old regions: 102->102
[2023-04-18T11:52:31.051-0400][gc,heap     ] GC(59) Archive regions: 2->2
[2023-04-18T11:52:31.051-0400][gc,heap     ] GC(59) Humongous regions: 129->129
[2023-04-18T11:52:31.051-0400][gc,metaspace] GC(59) Metaspace: 43485K(44160K)->43485K(44160K) NonClass: 38450K(38784K)->38450K(38784K) Class: 5034K(5376K)->5034K(5376K)
[2023-04-18T11:52:31.051-0400][gc          ] GC(59) Pause Young (Normal) (G1 Evacuation Pause) 531M->238M(1024M) 54.693ms
[2023-04-18T11:52:31.051-0400][gc,cpu      ] GC(59) User=0.04s Sys=0.06s Real=0.06s
[2023-04-18T11:54:33.671-0400][gc,start    ] GC(60) Pause Young (Normal) (G1 Evacuation Pause)
[2023-04-18T11:54:33.672-0400][gc,task     ] GC(60) Using 8 workers of 8 for evacuation
[2023-04-18T11:54:33.676-0400][gc,phases   ] GC(60)   Pre Evacuate Collection Set: 0.1ms
[2023-04-18T11:54:33.676-0400][gc,phases   ] GC(60)   Merge Heap Roots: 0.1ms
[2023-04-18T11:54:33.676-0400][gc,phases   ] GC(60)   Evacuate Collection Set: 3.6ms
[2023-04-18T11:54:33.676-0400][gc,phases   ] GC(60)   Post Evacuate Collection Set: 0.3ms
[2023-04-18T11:54:33.676-0400][gc,phases   ] GC(60)   Other: 0.1ms
[2023-04-18T11:54:33.676-0400][gc,heap     ] GC(60) Eden regions: 194->0(439)
[2023-04-18T11:54:33.676-0400][gc,heap     ] GC(60) Survivor regions: 7->7(26)
[2023-04-18T11:54:33.676-0400][gc,heap     ] GC(60) Old regions: 102->102
[2023-04-18T11:54:33.676-0400][gc,heap     ] GC(60) Archive regions: 2->2
[2023-04-18T11:54:33.676-0400][gc,heap     ] GC(60) Humongous regions: 129->129
[2023-04-18T11:54:33.676-0400][gc,metaspace] GC(60) Metaspace: 43486K(44160K)->43486K(44160K) NonClass: 38451K(38784K)->38451K(38784K) Class: 5034K(5376K)->5034K(5376K)
[2023-04-18T11:54:33.677-0400][gc          ] GC(60) Pause Young (Normal) (G1 Evacuation Pause) 432M->238M(1024M) 5.383ms
[2023-04-18T11:54:33.677-0400][gc,cpu      ] GC(60) User=0.02s Sys=0.00s Real=0.00s
[2023-04-18T11:59:10.899-0400][gc,start    ] GC(61) Pause Young (Normal) (G1 Evacuation Pause)
[2023-04-18T11:59:10.900-0400][gc,task     ] GC(61) Using 8 workers of 8 for evacuation
[2023-04-18T11:59:10.912-0400][gc,phases   ] GC(61)   Pre Evacuate Collection Set: 0.1ms
[2023-04-18T11:59:10.912-0400][gc,phases   ] GC(61)   Merge Heap Roots: 0.1ms
[2023-04-18T11:59:10.912-0400][gc,phases   ] GC(61)   Evacuate Collection Set: 10.8ms
[2023-04-18T11:59:10.912-0400][gc,phases   ] GC(61)   Post Evacuate Collection Set: 0.3ms
[2023-04-18T11:59:10.912-0400][gc,phases   ] GC(61)   Other: 0.1ms
[2023-04-18T11:59:10.912-0400][gc,heap     ] GC(61) Eden regions: 439->0(607)
[2023-04-18T11:59:10.912-0400][gc,heap     ] GC(61) Survivor regions: 7->7(56)
[2023-04-18T11:59:10.912-0400][gc,heap     ] GC(61) Old regions: 102->102
[2023-04-18T11:59:10.912-0400][gc,heap     ] GC(61) Archive regions: 2->2
[2023-04-18T11:59:10.912-0400][gc,heap     ] GC(61) Humongous regions: 129->129
[2023-04-18T11:59:10.912-0400][gc,metaspace] GC(61) Metaspace: 43489K(44160K)->43489K(44160K) NonClass: 38455K(38784K)->38455K(38784K) Class: 5034K(5376K)->5034K(5376K)
[2023-04-18T11:59:10.912-0400][gc          ] GC(61) Pause Young (Normal) (G1 Evacuation Pause) 677M->237M(1024M) 12.743ms
[2023-04-18T11:59:10.912-0400][gc,cpu      ] GC(61) User=0.03s Sys=0.04s Real=0.02s
[2023-04-18T12:05:33.100-0400][gc,start    ] GC(62) Pause Young (Normal) (G1 Evacuation Pause)
[2023-04-18T12:05:33.101-0400][gc,task     ] GC(62) Using 8 workers of 8 for evacuation
[2023-04-18T12:05:33.122-0400][gc,mmu      ] GC(62) MMU target violated: 20.3ms (20.0ms/21.0ms)
[2023-04-18T12:05:33.122-0400][gc,phases   ] GC(62)   Pre Evacuate Collection Set: 0.4ms
[2023-04-18T12:05:33.122-0400][gc,phases   ] GC(62)   Merge Heap Roots: 0.1ms
[2023-04-18T12:05:33.122-0400][gc,phases   ] GC(62)   Evacuate Collection Set: 19.0ms
[2023-04-18T12:05:33.122-0400][gc,phases   ] GC(62)   Post Evacuate Collection Set: 0.8ms
[2023-04-18T12:05:33.122-0400][gc,phases   ] GC(62)   Other: 0.2ms
[2023-04-18T12:05:33.122-0400][gc,heap     ] GC(62) Eden regions: 607->0(383)
[2023-04-18T12:05:33.122-0400][gc,heap     ] GC(62) Survivor regions: 7->7(77)
[2023-04-18T12:05:33.122-0400][gc,heap     ] GC(62) Old regions: 102->102
[2023-04-18T12:05:33.122-0400][gc,heap     ] GC(62) Archive regions: 2->2
[2023-04-18T12:05:33.122-0400][gc,heap     ] GC(62) Humongous regions: 129->129
[2023-04-18T12:05:33.122-0400][gc,metaspace] GC(62) Metaspace: 43489K(44160K)->43489K(44160K) NonClass: 38455K(38784K)->38455K(38784K) Class: 5034K(5376K)->5034K(5376K)
[2023-04-18T12:05:33.122-0400][gc          ] GC(62) Pause Young (Normal) (G1 Evacuation Pause) 844M->237M(1024M) 21.672ms
[2023-04-18T12:05:33.122-0400][gc,cpu      ] GC(62) User=0.04s Sys=0.03s Real=0.02s
[2023-04-18T12:09:33.327-0400][gc,start    ] GC(63) Pause Young (Normal) (G1 Evacuation Pause)
[2023-04-18T12:09:33.328-0400][gc,task     ] GC(63) Using 8 workers of 8 for evacuation
[2023-04-18T12:09:33.334-0400][gc,phases   ] GC(63)   Pre Evacuate Collection Set: 1.7ms
[2023-04-18T12:09:33.335-0400][gc,phases   ] GC(63)   Merge Heap Roots: 0.1ms
[2023-04-18T12:09:33.335-0400][gc,phases   ] GC(63)   Evacuate Collection Set: 4.1ms
[2023-04-18T12:09:33.335-0400][gc,phases   ] GC(63)   Post Evacuate Collection Set: 0.5ms
[2023-04-18T12:09:33.335-0400][gc,phases   ] GC(63)   Other: 0.2ms
[2023-04-18T12:09:33.335-0400][gc,heap     ] GC(63) Eden regions: 383->0(607)
[2023-04-18T12:09:33.335-0400][gc,heap     ] GC(63) Survivor regions: 7->7(49)
[2023-04-18T12:09:33.335-0400][gc,heap     ] GC(63) Old regions: 102->102
[2023-04-18T12:09:33.335-0400][gc,heap     ] GC(63) Archive regions: 2->2
[2023-04-18T12:09:33.335-0400][gc,heap     ] GC(63) Humongous regions: 129->129
[2023-04-18T12:09:33.335-0400][gc,metaspace] GC(63) Metaspace: 43489K(44160K)->43489K(44160K) NonClass: 38455K(38784K)->38455K(38784K) Class: 5034K(5376K)->5034K(5376K)
[2023-04-18T12:09:33.335-0400][gc          ] GC(63) Pause Young (Normal) (G1 Evacuation Pause) 620M->238M(1024M) 7.917ms
[2023-04-18T12:09:33.335-0400][gc,cpu      ] GC(63) User=0.03s Sys=0.01s Real=0.01s
[2023-04-18T12:15:55.614-0400][gc,start    ] GC(64) Pause Young (Normal) (G1 Evacuation Pause)
[2023-04-18T12:15:55.615-0400][gc,task     ] GC(64) Using 8 workers of 8 for evacuation
[2023-04-18T12:15:55.621-0400][gc,phases   ] GC(64)   Pre Evacuate Collection Set: 0.2ms
[2023-04-18T12:15:55.621-0400][gc,phases   ] GC(64)   Merge Heap Roots: 0.1ms
[2023-04-18T12:15:55.621-0400][gc,phases   ] GC(64)   Evacuate Collection Set: 4.7ms
[2023-04-18T12:15:55.621-0400][gc,phases   ] GC(64)   Post Evacuate Collection Set: 0.4ms
[2023-04-18T12:15:55.621-0400][gc,phases   ] GC(64)   Other: 0.1ms
[2023-04-18T12:15:55.621-0400][gc,heap     ] GC(64) Eden regions: 607->0(607)
[2023-04-18T12:15:55.621-0400][gc,heap     ] GC(64) Survivor regions: 7->7(77)
[2023-04-18T12:15:55.621-0400][gc,heap     ] GC(64) Old regions: 102->102
[2023-04-18T12:15:55.621-0400][gc,heap     ] GC(64) Archive regions: 2->2
[2023-04-18T12:15:55.621-0400][gc,heap     ] GC(64) Humongous regions: 129->129
[2023-04-18T12:15:55.621-0400][gc,metaspace] GC(64) Metaspace: 43490K(44160K)->43490K(44160K) NonClass: 38455K(38784K)->38455K(38784K) Class: 5034K(5376K)->5034K(5376K)
[2023-04-18T12:15:55.621-0400][gc          ] GC(64) Pause Young (Normal) (G1 Evacuation Pause) 845M->238M(1024M) 6.732ms
[2023-04-18T12:15:55.621-0400][gc,cpu      ] GC(64) User=0.03s Sys=0.00s Real=0.01s
[2023-04-18T12:22:15.916-0400][gc,start    ] GC(65) Pause Young (Normal) (G1 Evacuation Pause)
[2023-04-18T12:22:15.917-0400][gc,task     ] GC(65) Using 8 workers of 8 for evacuation
[2023-04-18T12:22:15.925-0400][gc,phases   ] GC(65)   Pre Evacuate Collection Set: 0.1ms
[2023-04-18T12:22:15.925-0400][gc,phases   ] GC(65)   Merge Heap Roots: 2.0ms
[2023-04-18T12:22:15.925-0400][gc,phases   ] GC(65)   Evacuate Collection Set: 4.9ms
[2023-04-18T12:22:15.925-0400][gc,phases   ] GC(65)   Post Evacuate Collection Set: 0.4ms
[2023-04-18T12:22:15.925-0400][gc,phases   ] GC(65)   Other: 0.7ms
[2023-04-18T12:22:15.925-0400][gc,heap     ] GC(65) Eden regions: 607->0(608)
[2023-04-18T12:22:15.925-0400][gc,heap     ] GC(65) Survivor regions: 7->6(77)
[2023-04-18T12:22:15.925-0400][gc,heap     ] GC(65) Old regions: 102->103
[2023-04-18T12:22:15.925-0400][gc,heap     ] GC(65) Archive regions: 2->2
[2023-04-18T12:22:15.925-0400][gc,heap     ] GC(65) Humongous regions: 129->129
[2023-04-18T12:22:15.925-0400][gc,metaspace] GC(65) Metaspace: 43490K(44160K)->43490K(44160K) NonClass: 38455K(38784K)->38455K(38784K) Class: 5034K(5376K)->5034K(5376K)
[2023-04-18T12:22:15.925-0400][gc          ] GC(65) Pause Young (Normal) (G1 Evacuation Pause) 845M->237M(1024M) 9.331ms
[2023-04-18T12:22:15.925-0400][gc,cpu      ] GC(65) User=0.03s Sys=0.00s Real=0.01s
[2023-04-18T12:28:38.848-0400][gc,start    ] GC(66) Pause Young (Normal) (G1 Evacuation Pause)
[2023-04-18T12:28:38.849-0400][gc,task     ] GC(66) Using 8 workers of 8 for evacuation
[2023-04-18T12:28:38.855-0400][gc,phases   ] GC(66)   Pre Evacuate Collection Set: 0.2ms
[2023-04-18T12:28:38.855-0400][gc,phases   ] GC(66)   Merge Heap Roots: 0.2ms
[2023-04-18T12:28:38.855-0400][gc,phases   ] GC(66)   Evacuate Collection Set: 4.9ms
[2023-04-18T12:28:38.855-0400][gc,phases   ] GC(66)   Post Evacuate Collection Set: 0.5ms
[2023-04-18T12:28:38.855-0400][gc,phases   ] GC(66)   Other: 0.1ms
[2023-04-18T12:28:38.855-0400][gc,heap     ] GC(66) Eden regions: 608->0(610)
[2023-04-18T12:28:38.855-0400][gc,heap     ] GC(66) Survivor regions: 6->4(77)
[2023-04-18T12:28:38.855-0400][gc,heap     ] GC(66) Old regions: 103->105
[2023-04-18T12:28:38.855-0400][gc,heap     ] GC(66) Archive regions: 2->2
[2023-04-18T12:28:38.855-0400][gc,heap     ] GC(66) Humongous regions: 129->129
[2023-04-18T12:28:38.855-0400][gc,metaspace] GC(66) Metaspace: 43493K(44224K)->43493K(44224K) NonClass: 38458K(38848K)->38458K(38848K) Class: 5034K(5376K)->5034K(5376K)
[2023-04-18T12:28:38.855-0400][gc          ] GC(66) Pause Young (Normal) (G1 Evacuation Pause) 845M->238M(1024M) 7.070ms
[2023-04-18T12:28:38.855-0400][gc,cpu      ] GC(66) User=0.03s Sys=0.01s Real=0.01s
[2023-04-18T12:35:38.812-0400][gc,start    ] GC(67) Pause Young (Normal) (G1 Evacuation Pause)
[2023-04-18T12:35:38.813-0400][gc,task     ] GC(67) Using 8 workers of 8 for evacuation
[2023-04-18T12:35:38.827-0400][gc,phases   ] GC(67)   Pre Evacuate Collection Set: 0.5ms
[2023-04-18T12:35:38.827-0400][gc,phases   ] GC(67)   Merge Heap Roots: 0.1ms
[2023-04-18T12:35:38.827-0400][gc,phases   ] GC(67)   Evacuate Collection Set: 12.8ms
[2023-04-18T12:35:38.827-0400][gc,phases   ] GC(67)   Post Evacuate Collection Set: 0.5ms
[2023-04-18T12:35:38.827-0400][gc,phases   ] GC(67)   Other: 0.1ms
[2023-04-18T12:35:38.827-0400][gc,heap     ] GC(67) Eden regions: 610->0(610)
[2023-04-18T12:35:38.827-0400][gc,heap     ] GC(67) Survivor regions: 4->4(77)
[2023-04-18T12:35:38.827-0400][gc,heap     ] GC(67) Old regions: 105->105
[2023-04-18T12:35:38.827-0400][gc,heap     ] GC(67) Archive regions: 2->2
[2023-04-18T12:35:38.827-0400][gc,heap     ] GC(67) Humongous regions: 129->129
[2023-04-18T12:35:38.827-0400][gc,metaspace] GC(67) Metaspace: 43494K(44224K)->43494K(44224K) NonClass: 38459K(38848K)->38459K(38848K) Class: 5034K(5376K)->5034K(5376K)
[2023-04-18T12:35:38.827-0400][gc          ] GC(67) Pause Young (Normal) (G1 Evacuation Pause) 848M->238M(1024M) 14.640ms
[2023-04-18T12:35:38.827-0400][gc,cpu      ] GC(67) User=0.02s Sys=0.03s Real=0.01s
[2023-04-18T12:42:41.262-0400][gc,start    ] GC(68) Pause Young (Normal) (G1 Evacuation Pause)
[2023-04-18T12:42:41.264-0400][gc,task     ] GC(68) Using 8 workers of 8 for evacuation
[2023-04-18T12:42:41.290-0400][gc,mmu      ] GC(68) MMU target violated: 21.0ms (20.0ms/21.0ms)
[2023-04-18T12:42:41.290-0400][gc,phases   ] GC(68)   Pre Evacuate Collection Set: 6.3ms
[2023-04-18T12:42:41.290-0400][gc,phases   ] GC(68)   Merge Heap Roots: 0.5ms
[2023-04-18T12:42:41.290-0400][gc,phases   ] GC(68)   Evacuate Collection Set: 14.9ms
[2023-04-18T12:42:41.290-0400][gc,phases   ] GC(68)   Post Evacuate Collection Set: 2.4ms
[2023-04-18T12:42:41.290-0400][gc,phases   ] GC(68)   Other: 1.9ms
[2023-04-18T12:42:41.290-0400][gc,heap     ] GC(68) Eden regions: 610->0(271)
[2023-04-18T12:42:41.290-0400][gc,heap     ] GC(68) Survivor regions: 4->4(77)
[2023-04-18T12:42:41.290-0400][gc,heap     ] GC(68) Old regions: 105->105
[2023-04-18T12:42:41.290-0400][gc,heap     ] GC(68) Archive regions: 2->2
[2023-04-18T12:42:41.290-0400][gc,heap     ] GC(68) Humongous regions: 129->129
[2023-04-18T12:42:41.290-0400][gc,metaspace] GC(68) Metaspace: 43496K(44224K)->43496K(44224K) NonClass: 38461K(38848K)->38461K(38848K) Class: 5034K(5376K)->5034K(5376K)
[2023-04-18T12:42:41.290-0400][gc          ] GC(68) Pause Young (Normal) (G1 Evacuation Pause) 848M->237M(1024M) 28.215ms
[2023-04-18T12:42:41.290-0400][gc,cpu      ] GC(68) User=0.03s Sys=0.07s Real=0.03s
[2023-04-18T12:45:50.014-0400][gc,start    ] GC(69) Pause Young (Normal) (G1 Evacuation Pause)
[2023-04-18T12:45:50.016-0400][gc,task     ] GC(69) Using 8 workers of 8 for evacuation
[2023-04-18T12:45:50.034-0400][gc,phases   ] GC(69)   Pre Evacuate Collection Set: 0.3ms
[2023-04-18T12:45:50.034-0400][gc,phases   ] GC(69)   Merge Heap Roots: 0.2ms
[2023-04-18T12:45:50.034-0400][gc,phases   ] GC(69)   Evacuate Collection Set: 17.6ms
[2023-04-18T12:45:50.034-0400][gc,phases   ] GC(69)   Post Evacuate Collection Set: 0.5ms
[2023-04-18T12:45:50.034-0400][gc,phases   ] GC(69)   Other: 0.3ms
[2023-04-18T12:45:50.035-0400][gc,heap     ] GC(69) Eden regions: 271->0(115)
[2023-04-18T12:45:50.035-0400][gc,heap     ] GC(69) Survivor regions: 4->5(35)
[2023-04-18T12:45:50.035-0400][gc,heap     ] GC(69) Old regions: 105->105
[2023-04-18T12:45:50.035-0400][gc,heap     ] GC(69) Archive regions: 2->2
[2023-04-18T12:45:50.035-0400][gc,heap     ] GC(69) Humongous regions: 129->129
[2023-04-18T12:45:50.035-0400][gc,metaspace] GC(69) Metaspace: 43496K(44224K)->43496K(44224K) NonClass: 38461K(38848K)->38461K(38848K) Class: 5034K(5376K)->5034K(5376K)
[2023-04-18T12:45:50.035-0400][gc          ] GC(69) Pause Young (Normal) (G1 Evacuation Pause) 508M->238M(1024M) 20.243ms
[2023-04-18T12:45:50.035-0400][gc,cpu      ] GC(69) User=0.03s Sys=0.06s Real=0.02s
[2023-04-18T12:47:09.476-0400][gc,start    ] GC(70) Pause Young (Normal) (G1 Evacuation Pause)
[2023-04-18T12:47:09.478-0400][gc,task     ] GC(70) Using 8 workers of 8 for evacuation
[2023-04-18T12:47:09.483-0400][gc,phases   ] GC(70)   Pre Evacuate Collection Set: 0.3ms
[2023-04-18T12:47:09.483-0400][gc,phases   ] GC(70)   Merge Heap Roots: 0.2ms
[2023-04-18T12:47:09.483-0400][gc,phases   ] GC(70)   Evacuate Collection Set: 4.2ms
[2023-04-18T12:47:09.483-0400][gc,phases   ] GC(70)   Post Evacuate Collection Set: 0.6ms
[2023-04-18T12:47:09.483-0400][gc,phases   ] GC(70)   Other: 0.2ms
[2023-04-18T12:47:09.483-0400][gc,heap     ] GC(70) Eden regions: 115->0(394)
[2023-04-18T12:47:09.483-0400][gc,heap     ] GC(70) Survivor regions: 5->4(15)
[2023-04-18T12:47:09.483-0400][gc,heap     ] GC(70) Old regions: 105->105
[2023-04-18T12:47:09.483-0400][gc,heap     ] GC(70) Archive regions: 2->2
[2023-04-18T12:47:09.483-0400][gc,heap     ] GC(70) Humongous regions: 129->129
[2023-04-18T12:47:09.483-0400][gc,metaspace] GC(70) Metaspace: 43496K(44224K)->43496K(44224K) NonClass: 38461K(38848K)->38461K(38848K) Class: 5034K(5376K)->5034K(5376K)
[2023-04-18T12:47:09.484-0400][gc          ] GC(70) Pause Young (Normal) (G1 Evacuation Pause) 353M->237M(1024M) 7.272ms
[2023-04-18T12:47:09.484-0400][gc,cpu      ] GC(70) User=0.03s Sys=0.00s Real=0.01s
[2023-04-18T12:51:49.480-0400][gc,start    ] GC(71) Pause Young (Normal) (G1 Evacuation Pause)
[2023-04-18T12:51:49.481-0400][gc,task     ] GC(71) Using 8 workers of 8 for evacuation
[2023-04-18T12:51:49.498-0400][gc,phases   ] GC(71)   Pre Evacuate Collection Set: 0.3ms
[2023-04-18T12:51:49.498-0400][gc,phases   ] GC(71)   Merge Heap Roots: 0.1ms
[2023-04-18T12:51:49.498-0400][gc,phases   ] GC(71)   Evacuate Collection Set: 15.2ms
[2023-04-18T12:51:49.498-0400][gc,phases   ] GC(71)   Post Evacuate Collection Set: 0.7ms
[2023-04-18T12:51:49.498-0400][gc,phases   ] GC(71)   Other: 0.2ms
[2023-04-18T12:51:49.498-0400][gc,heap     ] GC(71) Eden regions: 394->0(343)
[2023-04-18T12:51:49.498-0400][gc,heap     ] GC(71) Survivor regions: 4->4(50)
[2023-04-18T12:51:49.498-0400][gc,heap     ] GC(71) Old regions: 105->105
[2023-04-18T12:51:49.498-0400][gc,heap     ] GC(71) Archive regions: 2->2
[2023-04-18T12:51:49.498-0400][gc,heap     ] GC(71) Humongous regions: 129->129
[2023-04-18T12:51:49.498-0400][gc,metaspace] GC(71) Metaspace: 43496K(44224K)->43496K(44224K) NonClass: 38461K(38848K)->38461K(38848K) Class: 5034K(5376K)->5034K(5376K)
[2023-04-18T12:51:49.498-0400][gc          ] GC(71) Pause Young (Normal) (G1 Evacuation Pause) 631M->238M(1024M) 17.923ms
[2023-04-18T12:51:49.498-0400][gc,cpu      ] GC(71) User=0.03s Sys=0.04s Real=0.01s
[2023-04-18T13:16:13.088-0400][gc,start    ] GC(72) Pause Young (Normal) (G1 Evacuation Pause)
[2023-04-18T13:16:13.089-0400][gc,task     ] GC(72) Using 8 workers of 8 for evacuation
[2023-04-18T13:16:13.094-0400][gc,phases   ] GC(72)   Pre Evacuate Collection Set: 0.4ms
[2023-04-18T13:16:13.094-0400][gc,phases   ] GC(72)   Merge Heap Roots: 0.2ms
[2023-04-18T13:16:13.094-0400][gc,phases   ] GC(72)   Evacuate Collection Set: 4.5ms
[2023-04-18T13:16:13.095-0400][gc,phases   ] GC(72)   Post Evacuate Collection Set: 0.5ms
[2023-04-18T13:16:13.095-0400][gc,phases   ] GC(72)   Other: 0.2ms
[2023-04-18T13:16:13.095-0400][gc,heap     ] GC(72) Eden regions: 343->0(610)
[2023-04-18T13:16:13.095-0400][gc,heap     ] GC(72) Survivor regions: 4->4(44)
[2023-04-18T13:16:13.095-0400][gc,heap     ] GC(72) Old regions: 105->105
[2023-04-18T13:16:13.095-0400][gc,heap     ] GC(72) Archive regions: 2->2
[2023-04-18T13:16:13.095-0400][gc,heap     ] GC(72) Humongous regions: 129->129
[2023-04-18T13:16:13.095-0400][gc,metaspace] GC(72) Metaspace: 43504K(44224K)->43504K(44224K) NonClass: 38469K(38848K)->38469K(38848K) Class: 5034K(5376K)->5034K(5376K)
[2023-04-18T13:16:13.095-0400][gc          ] GC(72) Pause Young (Normal) (G1 Evacuation Pause) 581M->237M(1024M) 6.867ms
[2023-04-18T13:16:13.095-0400][gc,cpu      ] GC(72) User=0.02s Sys=0.01s Real=0.01s
[2023-04-18T13:27:11.277-0400][gc,start    ] GC(73) Pause Young (Normal) (G1 Evacuation Pause)
[2023-04-18T13:27:11.278-0400][gc,task     ] GC(73) Using 8 workers of 8 for evacuation
[2023-04-18T13:27:11.312-0400][gc,mmu      ] GC(73) MMU target violated: 21.0ms (20.0ms/21.0ms)
[2023-04-18T13:27:11.313-0400][gc,phases   ] GC(73)   Pre Evacuate Collection Set: 3.8ms
[2023-04-18T13:27:11.313-0400][gc,phases   ] GC(73)   Merge Heap Roots: 0.5ms
[2023-04-18T13:27:11.313-0400][gc,phases   ] GC(73)   Evacuate Collection Set: 27.5ms
[2023-04-18T13:27:11.313-0400][gc,phases   ] GC(73)   Post Evacuate Collection Set: 1.7ms
[2023-04-18T13:27:11.313-0400][gc,phases   ] GC(73)   Other: 1.0ms
[2023-04-18T13:27:11.313-0400][gc,heap     ] GC(73) Eden regions: 610->0(245)
[2023-04-18T13:27:11.313-0400][gc,heap     ] GC(73) Survivor regions: 4->5(77)
[2023-04-18T13:27:11.313-0400][gc,heap     ] GC(73) Old regions: 105->105
[2023-04-18T13:27:11.313-0400][gc,heap     ] GC(73) Archive regions: 2->2
[2023-04-18T13:27:11.313-0400][gc,heap     ] GC(73) Humongous regions: 129->129
[2023-04-18T13:27:11.313-0400][gc,metaspace] GC(73) Metaspace: 43506K(44224K)->43506K(44224K) NonClass: 38471K(38848K)->38471K(38848K) Class: 5034K(5376K)->5034K(5376K)
[2023-04-18T13:27:11.313-0400][gc          ] GC(73) Pause Young (Normal) (G1 Evacuation Pause) 847M->238M(1024M) 35.902ms
[2023-04-18T13:27:11.313-0400][gc,cpu      ] GC(73) User=0.04s Sys=0.11s Real=0.04s
[2023-04-18T13:30:03.070-0400][gc,start    ] GC(74) Pause Young (Normal) (G1 Evacuation Pause)
[2023-04-18T13:30:03.071-0400][gc,task     ] GC(74) Using 8 workers of 8 for evacuation
[2023-04-18T13:30:03.082-0400][gc,phases   ] GC(74)   Pre Evacuate Collection Set: 1.1ms
[2023-04-18T13:30:03.082-0400][gc,phases   ] GC(74)   Merge Heap Roots: 0.2ms
[2023-04-18T13:30:03.083-0400][gc,phases   ] GC(74)   Evacuate Collection Set: 8.9ms
[2023-04-18T13:30:03.083-0400][gc,phases   ] GC(74)   Post Evacuate Collection Set: 0.5ms
[2023-04-18T13:30:03.083-0400][gc,phases   ] GC(74)   Other: 0.2ms
[2023-04-18T13:30:03.083-0400][gc,heap     ] GC(74) Eden regions: 245->0(474)
[2023-04-18T13:30:03.083-0400][gc,heap     ] GC(74) Survivor regions: 5->4(32)
[2023-04-18T13:30:03.083-0400][gc,heap     ] GC(74) Old regions: 105->105
[2023-04-18T13:30:03.083-0400][gc,heap     ] GC(74) Archive regions: 2->2
[2023-04-18T13:30:03.083-0400][gc,heap     ] GC(74) Humongous regions: 129->129
[2023-04-18T13:30:03.083-0400][gc,metaspace] GC(74) Metaspace: 43506K(44224K)->43506K(44224K) NonClass: 38471K(38848K)->38471K(38848K) Class: 5034K(5376K)->5034K(5376K)
[2023-04-18T13:30:03.083-0400][gc          ] GC(74) Pause Young (Normal) (G1 Evacuation Pause) 483M->237M(1024M) 12.207ms
[2023-04-18T13:30:03.083-0400][gc,cpu      ] GC(74) User=0.03s Sys=0.03s Real=0.01s
[2023-04-18T15:29:41.371-0400][gc,heap,exit] Heap
[2023-04-18T15:29:41.372-0400][gc,heap,exit]  garbage-first heap   total 1048576K, used 719459K [0x00000007c0000000, 0x0000000800000000)
[2023-04-18T15:29:41.372-0400][gc,heap,exit]   region size 1024K, 469 young (480256K), 4 survivors (4096K)
[2023-04-18T15:29:41.372-0400][gc,heap,exit]  Metaspace       used 44185K, committed 44864K, reserved 1114112K
[2023-04-18T15:29:41.372-0400][gc,heap,exit]   class space    used 5194K, committed 5504K, reserved 1048576K
