[2023-04-14T11:44:32.993-0400][gc,init] CardTable entry size: 512
[2023-04-14T11:44:32.993-0400][gc     ] Using G1
[2023-04-14T11:44:32.996-0400][gc,init] Version: 19.0.2+7-44 (release)
[2023-04-14T11:44:32.996-0400][gc,init] CPUs: 8 total, 8 available
[2023-04-14T11:44:32.996-0400][gc,init] Memory: 16384M
[2023-04-14T11:44:32.996-0400][gc,init] Large Page Support: Disabled
[2023-04-14T11:44:32.996-0400][gc,init] NUMA Support: Disabled
[2023-04-14T11:44:32.996-0400][gc,init] Compressed Oops: Enabled (Zero based)
[2023-04-14T11:44:32.996-0400][gc,init] Heap Region Size: 1M
[2023-04-14T11:44:32.996-0400][gc,init] Heap Min Capacity: 512M
[2023-04-14T11:44:32.996-0400][gc,init] Heap Initial Capacity: 512M
[2023-04-14T11:44:32.996-0400][gc,init] Heap Max Capacity: 512M
[2023-04-14T11:44:32.996-0400][gc,init] Pre-touch: Disabled
[2023-04-14T11:44:32.996-0400][gc,init] Parallel Workers: 8
[2023-04-14T11:44:32.997-0400][gc,init] Concurrent Workers: 2
[2023-04-14T11:44:32.997-0400][gc,init] Concurrent Refinement Workers: 8
[2023-04-14T11:44:32.997-0400][gc,init] Periodic GC: Disabled
[2023-04-14T11:44:32.997-0400][gc,metaspace] CDS archive(s) mapped at: [0x0000000800000000-0x0000000800c44000-0x0000000800c44000), size 12861440, SharedBaseAddress: 0x0000000800000000, ArchiveRelocationMode: 0.
[2023-04-14T11:44:32.997-0400][gc,metaspace] Compressed class space mapped at: 0x0000000801000000-0x0000000841000000, reserved size: 1073741824
[2023-04-14T11:44:32.997-0400][gc,metaspace] Narrow klass base: 0x0000000800000000, Narrow klass shift: 0, Narrow klass range: 0x100000000
[2023-04-14T11:44:33.697-0400][gc,start    ] GC(0) Pause Young (Normal) (G1 Evacuation Pause)
[2023-04-14T11:44:33.697-0400][gc,task     ] GC(0) Using 8 workers of 8 for evacuation
[2023-04-14T11:44:33.701-0400][gc,phases   ] GC(0)   Pre Evacuate Collection Set: 0.1ms
[2023-04-14T11:44:33.701-0400][gc,phases   ] GC(0)   Merge Heap Roots: 0.1ms
[2023-04-14T11:44:33.701-0400][gc,phases   ] GC(0)   Evacuate Collection Set: 3.0ms
[2023-04-14T11:44:33.701-0400][gc,phases   ] GC(0)   Post Evacuate Collection Set: 0.4ms
[2023-04-14T11:44:33.701-0400][gc,phases   ] GC(0)   Other: 0.5ms
[2023-04-14T11:44:33.701-0400][gc,heap     ] GC(0) Eden regions: 25->0(21)
[2023-04-14T11:44:33.701-0400][gc,heap     ] GC(0) Survivor regions: 0->4(4)
[2023-04-14T11:44:33.701-0400][gc,heap     ] GC(0) Old regions: 0->4
[2023-04-14T11:44:33.701-0400][gc,heap     ] GC(0) Archive regions: 2->2
[2023-04-14T11:44:33.701-0400][gc,heap     ] GC(0) Humongous regions: 0->0
[2023-04-14T11:44:33.701-0400][gc,metaspace] GC(0) Metaspace: 8323K(8512K)->8323K(8512K) NonClass: 7446K(7552K)->7446K(7552K) Class: 876K(960K)->876K(960K)
[2023-04-14T11:44:33.701-0400][gc          ] GC(0) Pause Young (Normal) (G1 Evacuation Pause) 25M->8M(512M) 4.267ms
[2023-04-14T11:44:33.701-0400][gc,cpu      ] GC(0) User=0.01s Sys=0.01s Real=0.01s
[2023-04-14T12:06:48.923-0400][gc,heap,exit] Heap
[2023-04-14T12:06:48.924-0400][gc,heap,exit]  garbage-first heap   total 524288K, used 15095K [0x00000007e0000000, 0x0000000800000000)
[2023-04-14T12:06:48.924-0400][gc,heap,exit]   region size 1024K, 11 young (11264K), 4 survivors (4096K)
[2023-04-14T12:06:48.924-0400][gc,heap,exit]  Metaspace       used 9094K, committed 9344K, reserved 1114112K
[2023-04-14T12:06:48.925-0400][gc,heap,exit]   class space    used 942K, committed 1088K, reserved 1048576K
