[2023-04-14T11:40:18.981-0400][gc,init] CardTable entry size: 512
[2023-04-14T11:40:18.981-0400][gc     ] Using G1
[2023-04-14T11:40:18.984-0400][gc,init] Version: 19.0.2+7-44 (release)
[2023-04-14T11:40:18.984-0400][gc,init] CPUs: 8 total, 8 available
[2023-04-14T11:40:18.984-0400][gc,init] Memory: 16384M
[2023-04-14T11:40:18.984-0400][gc,init] Large Page Support: Disabled
[2023-04-14T11:40:18.984-0400][gc,init] NUMA Support: Disabled
[2023-04-14T11:40:18.984-0400][gc,init] Compressed Oops: Enabled (Zero based)
[2023-04-14T11:40:18.984-0400][gc,init] Heap Region Size: 1M
[2023-04-14T11:40:18.984-0400][gc,init] Heap Min Capacity: 512M
[2023-04-14T11:40:18.984-0400][gc,init] Heap Initial Capacity: 512M
[2023-04-14T11:40:18.984-0400][gc,init] Heap Max Capacity: 512M
[2023-04-14T11:40:18.984-0400][gc,init] Pre-touch: Disabled
[2023-04-14T11:40:18.984-0400][gc,init] Parallel Workers: 8
[2023-04-14T11:40:18.984-0400][gc,init] Concurrent Workers: 2
[2023-04-14T11:40:18.984-0400][gc,init] Concurrent Refinement Workers: 8
[2023-04-14T11:40:18.984-0400][gc,init] Periodic GC: Disabled
[2023-04-14T11:40:18.984-0400][gc,metaspace] CDS archive(s) mapped at: [0x0000000800000000-0x0000000800c44000-0x0000000800c44000), size 12861440, SharedBaseAddress: 0x0000000800000000, ArchiveRelocationMode: 0.
[2023-04-14T11:40:18.984-0400][gc,metaspace] Compressed class space mapped at: 0x0000000801000000-0x0000000841000000, reserved size: 1073741824
[2023-04-14T11:40:18.984-0400][gc,metaspace] Narrow klass base: 0x0000000800000000, Narrow klass shift: 0, Narrow klass range: 0x100000000
[2023-04-14T11:40:19.465-0400][gc,start    ] GC(0) Pause Young (Normal) (GCLocker Initiated GC)
[2023-04-14T11:40:19.466-0400][gc,task     ] GC(0) Using 8 workers of 8 for evacuation
[2023-04-14T11:40:19.469-0400][gc,phases   ] GC(0)   Pre Evacuate Collection Set: 0.1ms
[2023-04-14T11:40:19.469-0400][gc,phases   ] GC(0)   Merge Heap Roots: 0.1ms
[2023-04-14T11:40:19.469-0400][gc,phases   ] GC(0)   Evacuate Collection Set: 2.8ms
[2023-04-14T11:40:19.469-0400][gc,phases   ] GC(0)   Post Evacuate Collection Set: 0.3ms
[2023-04-14T11:40:19.469-0400][gc,phases   ] GC(0)   Other: 0.4ms
[2023-04-14T11:40:19.469-0400][gc,heap     ] GC(0) Eden regions: 25->0(21)
[2023-04-14T11:40:19.469-0400][gc,heap     ] GC(0) Survivor regions: 0->4(4)
[2023-04-14T11:40:19.469-0400][gc,heap     ] GC(0) Old regions: 0->4
[2023-04-14T11:40:19.469-0400][gc,heap     ] GC(0) Archive regions: 2->2
[2023-04-14T11:40:19.469-0400][gc,heap     ] GC(0) Humongous regions: 0->0
[2023-04-14T11:40:19.469-0400][gc,metaspace] GC(0) Metaspace: 8262K(8448K)->8262K(8448K) NonClass: 7399K(7488K)->7399K(7488K) Class: 863K(960K)->863K(960K)
[2023-04-14T11:40:19.469-0400][gc          ] GC(0) Pause Young (Normal) (GCLocker Initiated GC) 25M->8M(512M) 3.912ms
[2023-04-14T11:40:19.469-0400][gc,cpu      ] GC(0) User=0.02s Sys=0.00s Real=0.00s
[2023-04-14T11:44:23.074-0400][gc,heap,exit] Heap
[2023-04-14T11:44:23.075-0400][gc,heap,exit]  garbage-first heap   total 524288K, used 15138K [0x00000007e0000000, 0x0000000800000000)
[2023-04-14T11:44:23.075-0400][gc,heap,exit]   region size 1024K, 11 young (11264K), 4 survivors (4096K)
[2023-04-14T11:44:23.075-0400][gc,heap,exit]  Metaspace       used 9089K, committed 9344K, reserved 1114112K
[2023-04-14T11:44:23.075-0400][gc,heap,exit]   class space    used 942K, committed 1088K, reserved 1048576K
