[2023-04-14T10:53:08.995-0400][gc,init] CardTable entry size: 512
[2023-04-14T10:53:08.995-0400][gc     ] Using G1
[2023-04-14T10:53:08.998-0400][gc,init] Version: 19.0.2+7-44 (release)
[2023-04-14T10:53:08.998-0400][gc,init] CPUs: 8 total, 8 available
[2023-04-14T10:53:08.998-0400][gc,init] Memory: 16384M
[2023-04-14T10:53:08.998-0400][gc,init] Large Page Support: Disabled
[2023-04-14T10:53:08.998-0400][gc,init] NUMA Support: Disabled
[2023-04-14T10:53:08.998-0400][gc,init] Compressed Oops: Enabled (Zero based)
[2023-04-14T10:53:08.998-0400][gc,init] Heap Region Size: 1M
[2023-04-14T10:53:08.998-0400][gc,init] Heap Min Capacity: 512M
[2023-04-14T10:53:08.998-0400][gc,init] Heap Initial Capacity: 512M
[2023-04-14T10:53:08.998-0400][gc,init] Heap Max Capacity: 512M
[2023-04-14T10:53:08.998-0400][gc,init] Pre-touch: Disabled
[2023-04-14T10:53:08.998-0400][gc,init] Parallel Workers: 8
[2023-04-14T10:53:08.998-0400][gc,init] Concurrent Workers: 2
[2023-04-14T10:53:08.998-0400][gc,init] Concurrent Refinement Workers: 8
[2023-04-14T10:53:08.998-0400][gc,init] Periodic GC: Disabled
[2023-04-14T10:53:08.999-0400][gc,metaspace] CDS archive(s) mapped at: [0x0000000800000000-0x0000000800c44000-0x0000000800c44000), size 12861440, SharedBaseAddress: 0x0000000800000000, ArchiveRelocationMode: 0.
[2023-04-14T10:53:08.999-0400][gc,metaspace] Compressed class space mapped at: 0x0000000801000000-0x0000000841000000, reserved size: 1073741824
[2023-04-14T10:53:08.999-0400][gc,metaspace] Narrow klass base: 0x0000000800000000, Narrow klass shift: 0, Narrow klass range: 0x100000000
[2023-04-14T10:54:09.713-0400][gc,start    ] GC(0) Pause Young (Normal) (G1 Evacuation Pause)
[2023-04-14T10:54:09.715-0400][gc,task     ] GC(0) Using 8 workers of 8 for evacuation
[2023-04-14T10:54:09.724-0400][gc,phases   ] GC(0)   Pre Evacuate Collection Set: 0.1ms
[2023-04-14T10:54:09.724-0400][gc,phases   ] GC(0)   Merge Heap Roots: 0.1ms
[2023-04-14T10:54:09.724-0400][gc,phases   ] GC(0)   Evacuate Collection Set: 6.1ms
[2023-04-14T10:54:09.724-0400][gc,phases   ] GC(0)   Post Evacuate Collection Set: 1.2ms
[2023-04-14T10:54:09.724-0400][gc,phases   ] GC(0)   Other: 1.0ms
[2023-04-14T10:54:09.724-0400][gc,heap     ] GC(0) Eden regions: 25->0(21)
[2023-04-14T10:54:09.724-0400][gc,heap     ] GC(0) Survivor regions: 0->4(4)
[2023-04-14T10:54:09.724-0400][gc,heap     ] GC(0) Old regions: 0->3
[2023-04-14T10:54:09.724-0400][gc,heap     ] GC(0) Archive regions: 2->2
[2023-04-14T10:54:09.724-0400][gc,heap     ] GC(0) Humongous regions: 0->0
[2023-04-14T10:54:09.724-0400][gc,metaspace] GC(0) Metaspace: 8232K(8448K)->8232K(8448K) NonClass: 7356K(7488K)->7356K(7488K) Class: 876K(960K)->876K(960K)
[2023-04-14T10:54:09.724-0400][gc          ] GC(0) Pause Young (Normal) (G1 Evacuation Pause) 25M->7M(512M) 11.214ms
[2023-04-14T10:54:09.724-0400][gc,cpu      ] GC(0) User=0.03s Sys=0.01s Real=0.01s
[2023-04-14T11:17:37.147-0400][gc,heap,exit] Heap
[2023-04-14T11:17:37.148-0400][gc,heap,exit]  garbage-first heap   total 524288K, used 13297K [0x00000007e0000000, 0x0000000800000000)
[2023-04-14T11:17:37.148-0400][gc,heap,exit]   region size 1024K, 10 young (10240K), 4 survivors (4096K)
[2023-04-14T11:17:37.148-0400][gc,heap,exit]  Metaspace       used 8957K, committed 9216K, reserved 1114112K
[2023-04-14T11:17:37.148-0400][gc,heap,exit]   class space    used 941K, committed 1088K, reserved 1048576K
