[2023-04-14T22:48:15.530-0400][gc,init] CardTable entry size: 512
[2023-04-14T22:48:15.530-0400][gc     ] Using G1
[2023-04-14T22:48:15.533-0400][gc,init] Version: 19.0.2+7-44 (release)
[2023-04-14T22:48:15.533-0400][gc,init] CPUs: 8 total, 8 available
[2023-04-14T22:48:15.533-0400][gc,init] Memory: 16384M
[2023-04-14T22:48:15.533-0400][gc,init] Large Page Support: Disabled
[2023-04-14T22:48:15.533-0400][gc,init] NUMA Support: Disabled
[2023-04-14T22:48:15.533-0400][gc,init] Compressed Oops: Enabled (Zero based)
[2023-04-14T22:48:15.533-0400][gc,init] Heap Region Size: 1M
[2023-04-14T22:48:15.533-0400][gc,init] Heap Min Capacity: 512M
[2023-04-14T22:48:15.533-0400][gc,init] Heap Initial Capacity: 512M
[2023-04-14T22:48:15.533-0400][gc,init] Heap Max Capacity: 512M
[2023-04-14T22:48:15.533-0400][gc,init] Pre-touch: Disabled
[2023-04-14T22:48:15.533-0400][gc,init] Parallel Workers: 8
[2023-04-14T22:48:15.533-0400][gc,init] Concurrent Workers: 2
[2023-04-14T22:48:15.533-0400][gc,init] Concurrent Refinement Workers: 8
[2023-04-14T22:48:15.533-0400][gc,init] Periodic GC: Disabled
[2023-04-14T22:48:15.533-0400][gc,metaspace] CDS archive(s) mapped at: [0x0000000800000000-0x0000000800c44000-0x0000000800c44000), size 12861440, SharedBaseAddress: 0x0000000800000000, ArchiveRelocationMode: 0.
[2023-04-14T22:48:15.533-0400][gc,metaspace] Compressed class space mapped at: 0x0000000801000000-0x0000000841000000, reserved size: 1073741824
[2023-04-14T22:48:15.533-0400][gc,metaspace] Narrow klass base: 0x0000000800000000, Narrow klass shift: 0, Narrow klass range: 0x100000000
[2023-04-14T22:48:16.222-0400][gc,start    ] GC(0) Pause Young (Normal) (G1 Evacuation Pause)
[2023-04-14T22:48:16.223-0400][gc,task     ] GC(0) Using 8 workers of 8 for evacuation
[2023-04-14T22:48:16.227-0400][gc,phases   ] GC(0)   Pre Evacuate Collection Set: 0.1ms
[2023-04-14T22:48:16.227-0400][gc,phases   ] GC(0)   Merge Heap Roots: 0.1ms
[2023-04-14T22:48:16.227-0400][gc,phases   ] GC(0)   Evacuate Collection Set: 3.1ms
[2023-04-14T22:48:16.227-0400][gc,phases   ] GC(0)   Post Evacuate Collection Set: 0.7ms
[2023-04-14T22:48:16.227-0400][gc,phases   ] GC(0)   Other: 0.6ms
[2023-04-14T22:48:16.227-0400][gc,heap     ] GC(0) Eden regions: 25->0(21)
[2023-04-14T22:48:16.227-0400][gc,heap     ] GC(0) Survivor regions: 0->4(4)
[2023-04-14T22:48:16.227-0400][gc,heap     ] GC(0) Old regions: 0->4
[2023-04-14T22:48:16.227-0400][gc,heap     ] GC(0) Archive regions: 2->2
[2023-04-14T22:48:16.227-0400][gc,heap     ] GC(0) Humongous regions: 0->0
[2023-04-14T22:48:16.227-0400][gc,metaspace] GC(0) Metaspace: 8334K(8576K)->8334K(8576K) NonClass: 7452K(7616K)->7452K(7616K) Class: 882K(960K)->882K(960K)
[2023-04-14T22:48:16.227-0400][gc          ] GC(0) Pause Young (Normal) (G1 Evacuation Pause) 25M->8M(512M) 4.786ms
[2023-04-14T22:48:16.227-0400][gc,cpu      ] GC(0) User=0.01s Sys=0.01s Real=0.00s
[2023-04-15T10:47:27.915-0400][gc,start    ] GC(1) Pause Young (Normal) (G1 Evacuation Pause)
[2023-04-15T10:47:27.918-0400][gc,task     ] GC(1) Using 8 workers of 8 for evacuation
[2023-04-15T10:47:27.951-0400][gc,mmu      ] GC(1) MMU target violated: 21.0ms (20.0ms/21.0ms)
[2023-04-15T10:47:27.951-0400][gc,phases   ] GC(1)   Pre Evacuate Collection Set: 1.5ms
[2023-04-15T10:47:27.951-0400][gc,phases   ] GC(1)   Merge Heap Roots: 2.1ms
[2023-04-15T10:47:27.951-0400][gc,phases   ] GC(1)   Evacuate Collection Set: 28.3ms
[2023-04-15T10:47:27.951-0400][gc,phases   ] GC(1)   Post Evacuate Collection Set: 0.6ms
[2023-04-15T10:47:27.951-0400][gc,phases   ] GC(1)   Other: 1.5ms
[2023-04-15T10:47:27.951-0400][gc,heap     ] GC(1) Eden regions: 21->0(24)
[2023-04-15T10:47:27.951-0400][gc,heap     ] GC(1) Survivor regions: 4->1(4)
[2023-04-15T10:47:27.951-0400][gc,heap     ] GC(1) Old regions: 4->8
[2023-04-15T10:47:27.951-0400][gc,heap     ] GC(1) Archive regions: 2->2
[2023-04-15T10:47:27.951-0400][gc,heap     ] GC(1) Humongous regions: 0->0
[2023-04-15T10:47:27.952-0400][gc,metaspace] GC(1) Metaspace: 9383K(9600K)->9383K(9600K) NonClass: 8433K(8512K)->8433K(8512K) Class: 949K(1088K)->949K(1088K)
[2023-04-15T10:47:27.952-0400][gc          ] GC(1) Pause Young (Normal) (G1 Evacuation Pause) 29M->8M(512M) 36.430ms
[2023-04-15T10:47:27.952-0400][gc,cpu      ] GC(1) User=0.03s Sys=0.08s Real=0.04s
[2023-04-15T21:19:56.640-0400][gc,start    ] GC(2) Pause Young (Normal) (G1 Evacuation Pause)
[2023-04-15T21:19:56.642-0400][gc,task     ] GC(2) Using 8 workers of 8 for evacuation
[2023-04-15T21:19:56.651-0400][gc,phases   ] GC(2)   Pre Evacuate Collection Set: 1.2ms
[2023-04-15T21:19:56.651-0400][gc,phases   ] GC(2)   Merge Heap Roots: 0.2ms
[2023-04-15T21:19:56.651-0400][gc,phases   ] GC(2)   Evacuate Collection Set: 6.4ms
[2023-04-15T21:19:56.651-0400][gc,phases   ] GC(2)   Post Evacuate Collection Set: 0.6ms
[2023-04-15T21:19:56.651-0400][gc,phases   ] GC(2)   Other: 0.5ms
[2023-04-15T21:19:56.651-0400][gc,heap     ] GC(2) Eden regions: 24->0(24)
[2023-04-15T21:19:56.651-0400][gc,heap     ] GC(2) Survivor regions: 1->1(4)
[2023-04-15T21:19:56.651-0400][gc,heap     ] GC(2) Old regions: 8->8
[2023-04-15T21:19:56.651-0400][gc,heap     ] GC(2) Archive regions: 2->2
[2023-04-15T21:19:56.651-0400][gc,heap     ] GC(2) Humongous regions: 0->0
[2023-04-15T21:19:56.651-0400][gc,metaspace] GC(2) Metaspace: 9385K(9600K)->9385K(9600K) NonClass: 8435K(8512K)->8435K(8512K) Class: 949K(1088K)->949K(1088K)
[2023-04-15T21:19:56.651-0400][gc          ] GC(2) Pause Young (Normal) (G1 Evacuation Pause) 32M->8M(512M) 10.623ms
[2023-04-15T21:19:56.651-0400][gc,cpu      ] GC(2) User=0.01s Sys=0.03s Real=0.01s
[2023-04-16T12:42:25.118-0400][gc,start    ] GC(3) Pause Young (Normal) (G1 Evacuation Pause)
[2023-04-16T12:42:25.126-0400][gc,task     ] GC(3) Using 8 workers of 8 for evacuation
[2023-04-16T12:42:25.229-0400][gc,mmu      ] GC(3) MMU target violated: 21.0ms (20.0ms/21.0ms)
[2023-04-16T12:42:25.229-0400][gc,phases   ] GC(3)   Pre Evacuate Collection Set: 7.3ms
[2023-04-16T12:42:25.229-0400][gc,phases   ] GC(3)   Merge Heap Roots: 1.8ms
[2023-04-16T12:42:25.229-0400][gc,phases   ] GC(3)   Evacuate Collection Set: 88.8ms
[2023-04-16T12:42:25.229-0400][gc,phases   ] GC(3)   Post Evacuate Collection Set: 2.0ms
[2023-04-16T12:42:25.229-0400][gc,phases   ] GC(3)   Other: 5.4ms
[2023-04-16T12:42:25.229-0400][gc,heap     ] GC(3) Eden regions: 24->0(24)
[2023-04-16T12:42:25.229-0400][gc,heap     ] GC(3) Survivor regions: 1->1(4)
[2023-04-16T12:42:25.229-0400][gc,heap     ] GC(3) Old regions: 8->8
[2023-04-16T12:42:25.229-0400][gc,heap     ] GC(3) Archive regions: 2->2
[2023-04-16T12:42:25.229-0400][gc,heap     ] GC(3) Humongous regions: 0->0
[2023-04-16T12:42:25.229-0400][gc,metaspace] GC(3) Metaspace: 9431K(9664K)->9431K(9664K) NonClass: 8481K(8576K)->8481K(8576K) Class: 949K(1088K)->949K(1088K)
[2023-04-16T12:42:25.229-0400][gc          ] GC(3) Pause Young (Normal) (G1 Evacuation Pause) 32M->8M(512M) 111.510ms
[2023-04-16T12:42:25.229-0400][gc,cpu      ] GC(3) User=0.01s Sys=0.10s Real=0.11s
[2023-04-16T21:02:49.052-0400][gc,start    ] GC(4) Pause Young (Normal) (G1 Evacuation Pause)
[2023-04-16T21:02:49.064-0400][gc,task     ] GC(4) Using 8 workers of 8 for evacuation
[2023-04-16T21:02:49.122-0400][gc,mmu      ] GC(4) MMU target violated: 21.0ms (20.0ms/21.0ms)
[2023-04-16T21:02:49.122-0400][gc,phases   ] GC(4)   Pre Evacuate Collection Set: 5.1ms
[2023-04-16T21:02:49.122-0400][gc,phases   ] GC(4)   Merge Heap Roots: 2.1ms
[2023-04-16T21:02:49.122-0400][gc,phases   ] GC(4)   Evacuate Collection Set: 41.4ms
[2023-04-16T21:02:49.122-0400][gc,phases   ] GC(4)   Post Evacuate Collection Set: 4.5ms
[2023-04-16T21:02:49.122-0400][gc,phases   ] GC(4)   Other: 5.8ms
[2023-04-16T21:02:49.122-0400][gc,heap     ] GC(4) Eden regions: 24->0(24)
[2023-04-16T21:02:49.122-0400][gc,heap     ] GC(4) Survivor regions: 1->1(4)
[2023-04-16T21:02:49.122-0400][gc,heap     ] GC(4) Old regions: 8->8
[2023-04-16T21:02:49.122-0400][gc,heap     ] GC(4) Archive regions: 2->2
[2023-04-16T21:02:49.122-0400][gc,heap     ] GC(4) Humongous regions: 0->0
[2023-04-16T21:02:49.122-0400][gc,metaspace] GC(4) Metaspace: 9434K(9664K)->9434K(9664K) NonClass: 8484K(8576K)->8484K(8576K) Class: 949K(1088K)->949K(1088K)
[2023-04-16T21:02:49.122-0400][gc          ] GC(4) Pause Young (Normal) (G1 Evacuation Pause) 32M->8M(512M) 69.867ms
[2023-04-16T21:02:49.122-0400][gc,cpu      ] GC(4) User=0.01s Sys=0.08s Real=0.07s
[2023-04-17T08:12:08.556-0400][gc,start    ] GC(5) Pause Young (Normal) (G1 Evacuation Pause)
[2023-04-17T08:12:08.562-0400][gc,task     ] GC(5) Using 8 workers of 8 for evacuation
[2023-04-17T08:12:08.673-0400][gc,mmu      ] GC(5) MMU target violated: 21.0ms (20.0ms/21.0ms)
[2023-04-17T08:12:08.673-0400][gc,phases   ] GC(5)   Pre Evacuate Collection Set: 5.7ms
[2023-04-17T08:12:08.673-0400][gc,phases   ] GC(5)   Merge Heap Roots: 1.7ms
[2023-04-17T08:12:08.673-0400][gc,phases   ] GC(5)   Evacuate Collection Set: 89.8ms
[2023-04-17T08:12:08.673-0400][gc,phases   ] GC(5)   Post Evacuate Collection Set: 9.7ms
[2023-04-17T08:12:08.673-0400][gc,phases   ] GC(5)   Other: 5.7ms
[2023-04-17T08:12:08.673-0400][gc,heap     ] GC(5) Eden regions: 24->0(24)
[2023-04-17T08:12:08.673-0400][gc,heap     ] GC(5) Survivor regions: 1->1(4)
[2023-04-17T08:12:08.673-0400][gc,heap     ] GC(5) Old regions: 8->8
[2023-04-17T08:12:08.674-0400][gc,heap     ] GC(5) Archive regions: 2->2
[2023-04-17T08:12:08.674-0400][gc,heap     ] GC(5) Humongous regions: 0->0
[2023-04-17T08:12:08.674-0400][gc,metaspace] GC(5) Metaspace: 9434K(9664K)->9434K(9664K) NonClass: 8484K(8576K)->8484K(8576K) Class: 949K(1088K)->949K(1088K)
[2023-04-17T08:12:08.674-0400][gc          ] GC(5) Pause Young (Normal) (G1 Evacuation Pause) 32M->8M(512M) 118.008ms
[2023-04-17T08:12:08.674-0400][gc,cpu      ] GC(5) User=0.06s Sys=0.18s Real=0.12s
[2023-04-17T23:15:05.853-0400][gc,start    ] GC(6) Pause Young (Normal) (G1 Evacuation Pause)
[2023-04-17T23:15:05.860-0400][gc,task     ] GC(6) Using 8 workers of 8 for evacuation
[2023-04-17T23:15:05.976-0400][gc,mmu      ] GC(6) MMU target violated: 21.0ms (20.0ms/21.0ms)
[2023-04-17T23:15:05.976-0400][gc,phases   ] GC(6)   Pre Evacuate Collection Set: 8.7ms
[2023-04-17T23:15:05.976-0400][gc,phases   ] GC(6)   Merge Heap Roots: 3.4ms
[2023-04-17T23:15:05.976-0400][gc,phases   ] GC(6)   Evacuate Collection Set: 89.7ms
[2023-04-17T23:15:05.976-0400][gc,phases   ] GC(6)   Post Evacuate Collection Set: 3.8ms
[2023-04-17T23:15:05.976-0400][gc,phases   ] GC(6)   Other: 13.1ms
[2023-04-17T23:15:05.976-0400][gc,heap     ] GC(6) Eden regions: 24->0(24)
[2023-04-17T23:15:05.976-0400][gc,heap     ] GC(6) Survivor regions: 1->1(4)
[2023-04-17T23:15:05.976-0400][gc,heap     ] GC(6) Old regions: 8->8
[2023-04-17T23:15:05.976-0400][gc,heap     ] GC(6) Archive regions: 2->2
[2023-04-17T23:15:05.976-0400][gc,heap     ] GC(6) Humongous regions: 0->0
[2023-04-17T23:15:05.976-0400][gc,metaspace] GC(6) Metaspace: 9442K(9728K)->9442K(9728K) NonClass: 8492K(8640K)->8492K(8640K) Class: 949K(1088K)->949K(1088K)
[2023-04-17T23:15:05.976-0400][gc          ] GC(6) Pause Young (Normal) (G1 Evacuation Pause) 32M->8M(512M) 123.966ms
[2023-04-17T23:15:05.977-0400][gc,cpu      ] GC(6) User=0.05s Sys=0.09s Real=0.12s
